[2026-05-04T04:15:25.955+0000] {local_task_job_runner.py:120} INFO - ::group::Pre task execution logs
[2026-05-04T04:15:25.992+0000] {taskinstance.py:2076} INFO - Dependencies all met for dep_context=non-requeueable deps ti=<TaskInstance: moex_candles_loader.run_candles_loader manual__2026-05-04T04:15:20.924040+00:00 [queued]>
[2026-05-04T04:15:26.003+0000] {taskinstance.py:2076} INFO - Dependencies all met for dep_context=requeueable deps ti=<TaskInstance: moex_candles_loader.run_candles_loader manual__2026-05-04T04:15:20.924040+00:00 [queued]>
[2026-05-04T04:15:26.006+0000] {taskinstance.py:2306} INFO - Starting attempt 1 of 1
[2026-05-04T04:15:26.035+0000] {taskinstance.py:2330} INFO - Executing <Task(BashOperator): run_candles_loader> on 2026-05-04 04:15:20.924040+00:00
[2026-05-04T04:15:26.048+0000] {warnings.py:112} WARNING - /home/***/.local/lib/python3.12/site-packages/***/task/task_runner/standard_task_runner.py:62: DeprecationWarning: This process (pid=125) is multi-threaded, use of fork() may lead to deadlocks in the child.
  pid = os.fork()

[2026-05-04T04:15:26.052+0000] {standard_task_runner.py:64} INFO - Started process 127 to run task
[2026-05-04T04:15:26.053+0000] {standard_task_runner.py:90} INFO - Running: ['***', 'tasks', 'run', 'moex_candles_loader', 'run_candles_loader', 'manual__2026-05-04T04:15:20.924040+00:00', '--job-id', '11', '--raw', '--subdir', 'DAGS_FOLDER/moex_loader_dag.py', '--cfg-path', '/tmp/tmp_ed4_psh']
[2026-05-04T04:15:26.058+0000] {standard_task_runner.py:91} INFO - Job 11: Subtask run_candles_loader
[2026-05-04T04:15:26.185+0000] {task_command.py:426} INFO - Running <TaskInstance: moex_candles_loader.run_candles_loader manual__2026-05-04T04:15:20.924040+00:00 [running]> on host d079bbdf50af
[2026-05-04T04:15:26.323+0000] {taskinstance.py:2648} INFO - Exporting env vars: AIRFLOW_CTX_DAG_OWNER='***' AIRFLOW_CTX_DAG_ID='moex_candles_loader' AIRFLOW_CTX_TASK_ID='run_candles_loader' AIRFLOW_CTX_EXECUTION_DATE='2026-05-04T04:15:20.924040+00:00' AIRFLOW_CTX_TRY_NUMBER='1' AIRFLOW_CTX_DAG_RUN_ID='manual__2026-05-04T04:15:20.924040+00:00'
[2026-05-04T04:15:26.327+0000] {taskinstance.py:430} INFO - ::endgroup::
[2026-05-04T04:15:26.329+0000] {subprocess.py:63} INFO - Tmp dir root location: /tmp
[2026-05-04T04:15:26.331+0000] {subprocess.py:75} INFO - Running command: ['/usr/bin/bash', '-c', 'python /opt/***/dags/scripts/candles_loader.py']
[2026-05-04T04:15:26.351+0000] {subprocess.py:86} INFO - Output:
[2026-05-04T04:15:58.601+0000] {subprocess.py:93} INFO - 🚀 Старт загрузки свечей | 2026-05-04 04:15:29
[2026-05-04T04:15:58.603+0000] {subprocess.py:93} INFO - 📥 Загружаем GAZP
[2026-05-04T04:15:58.604+0000] {subprocess.py:93} INFO - Traceback (most recent call last):
[2026-05-04T04:15:58.605+0000] {subprocess.py:93} INFO -   File "/home/***/.local/lib/python3.12/site-packages/boto3/s3/transfer.py", line 372, in upload_file
[2026-05-04T04:15:58.606+0000] {subprocess.py:93} INFO -     future.result()
[2026-05-04T04:15:58.607+0000] {subprocess.py:93} INFO -   File "/home/***/.local/lib/python3.12/site-packages/s3transfer/futures.py", line 103, in result
[2026-05-04T04:15:58.608+0000] {subprocess.py:93} INFO -     return self._coordinator.result()
[2026-05-04T04:15:58.609+0000] {subprocess.py:93} INFO -            ^^^^^^^^^^^^^^^^^^^^^^^^^^
[2026-05-04T04:15:58.610+0000] {subprocess.py:93} INFO -   File "/home/***/.local/lib/python3.12/site-packages/s3transfer/futures.py", line 266, in result
[2026-05-04T04:15:58.611+0000] {subprocess.py:93} INFO -     raise self._exception
[2026-05-04T04:15:58.612+0000] {subprocess.py:93} INFO -   File "/home/***/.local/lib/python3.12/site-packages/s3transfer/tasks.py", line 139, in __call__
[2026-05-04T04:15:58.612+0000] {subprocess.py:93} INFO -     return self._execute_main(kwargs)
[2026-05-04T04:15:58.613+0000] {subprocess.py:93} INFO -            ^^^^^^^^^^^^^^^^^^^^^^^^^^
[2026-05-04T04:15:58.614+0000] {subprocess.py:93} INFO -   File "/home/***/.local/lib/python3.12/site-packages/s3transfer/tasks.py", line 162, in _execute_main
[2026-05-04T04:15:58.615+0000] {subprocess.py:93} INFO -     return_value = self._main(**kwargs)
[2026-05-04T04:15:58.616+0000] {subprocess.py:93} INFO -                    ^^^^^^^^^^^^^^^^^^^^
[2026-05-04T04:15:58.617+0000] {subprocess.py:93} INFO -   File "/home/***/.local/lib/python3.12/site-packages/s3transfer/upload.py", line 764, in _main
[2026-05-04T04:15:58.618+0000] {subprocess.py:93} INFO -     client.put_object(Bucket=bucket, Key=key, Body=body, **extra_args)
[2026-05-04T04:15:58.619+0000] {subprocess.py:93} INFO -   File "/home/***/.local/lib/python3.12/site-packages/botocore/client.py", line 565, in _api_call
[2026-05-04T04:15:58.620+0000] {subprocess.py:93} INFO -     return self._make_api_call(operation_name, kwargs)
[2026-05-04T04:15:58.621+0000] {subprocess.py:93} INFO -            ^^^^^^^^^^^^^^^^^^^^^^^^^^^^^^^^^^^^^^^^^^^
[2026-05-04T04:15:58.622+0000] {subprocess.py:93} INFO -   File "/home/***/.local/lib/python3.12/site-packages/botocore/client.py", line 1021, in _make_api_call
[2026-05-04T04:15:58.624+0000] {subprocess.py:93} INFO -     raise error_class(parsed_response, operation_name)
[2026-05-04T04:15:58.625+0000] {subprocess.py:93} INFO - botocore.errorfactory.NoSuchBucket: An error occurred (NoSuchBucket) when calling the PutObject operation: The specified bucket does not exist
[2026-05-04T04:15:58.626+0000] {subprocess.py:93} INFO - 
[2026-05-04T04:15:58.626+0000] {subprocess.py:93} INFO - During handling of the above exception, another exception occurred:
[2026-05-04T04:15:58.627+0000] {subprocess.py:93} INFO - 
[2026-05-04T04:15:58.628+0000] {subprocess.py:93} INFO - Traceback (most recent call last):
[2026-05-04T04:15:58.629+0000] {subprocess.py:93} INFO -   File "/opt/***/dags/scripts/candles_loader.py", line 167, in <module>
[2026-05-04T04:15:58.630+0000] {subprocess.py:93} INFO -     main()
[2026-05-04T04:15:58.631+0000] {subprocess.py:93} INFO -   File "/opt/***/dags/scripts/candles_loader.py", line 151, in main
[2026-05-04T04:15:58.632+0000] {subprocess.py:93} INFO -     save_dataset(
[2026-05-04T04:15:58.633+0000] {subprocess.py:93} INFO -   File "/opt/***/dags/scripts/candles_loader.py", line 133, in save_dataset
[2026-05-04T04:15:58.634+0000] {subprocess.py:93} INFO -     s3_client.upload_file(str(parquet_path), bucket, s3_key)
[2026-05-04T04:15:58.635+0000] {subprocess.py:93} INFO -   File "/home/***/.local/lib/python3.12/site-packages/boto3/s3/inject.py", line 145, in upload_file
[2026-05-04T04:15:58.636+0000] {subprocess.py:93} INFO -     return transfer.upload_file(
[2026-05-04T04:15:58.637+0000] {subprocess.py:93} INFO -            ^^^^^^^^^^^^^^^^^^^^^
[2026-05-04T04:15:58.638+0000] {subprocess.py:93} INFO -   File "/home/***/.local/lib/python3.12/site-packages/boto3/s3/transfer.py", line 378, in upload_file
[2026-05-04T04:15:58.639+0000] {subprocess.py:93} INFO -     raise S3UploadFailedError(
[2026-05-04T04:15:58.639+0000] {subprocess.py:93} INFO - boto3.exceptions.S3UploadFailedError: Failed to upload /opt/***/dags/scripts/data/moex-data/moex/candles/GAZP/GAZP_1h_20260504_041529.parquet to data/moex-data/moex/candles/GAZP/GAZP_1h_20260504_041529.parquet: An error occurred (NoSuchBucket) when calling the PutObject operation: The specified bucket does not exist
[2026-05-04T04:15:58.946+0000] {subprocess.py:97} INFO - Command exited with return code 1
[2026-05-04T04:15:58.948+0000] {taskinstance.py:441} INFO - ::group::Post task execution logs
[2026-05-04T04:15:58.966+0000] {taskinstance.py:2905} ERROR - Task failed with exception
Traceback (most recent call last):
  File "/home/airflow/.local/lib/python3.12/site-packages/airflow/models/taskinstance.py", line 465, in _execute_task
    result = _execute_callable(context=context, **execute_callable_kwargs)
             ^^^^^^^^^^^^^^^^^^^^^^^^^^^^^^^^^^^^^^^^^^^^^^^^^^^^^^^^^^^^^
  File "/home/airflow/.local/lib/python3.12/site-packages/airflow/models/taskinstance.py", line 432, in _execute_callable
    return execute_callable(context=context, **execute_callable_kwargs)
           ^^^^^^^^^^^^^^^^^^^^^^^^^^^^^^^^^^^^^^^^^^^^^^^^^^^^^^^^^^^^
  File "/home/airflow/.local/lib/python3.12/site-packages/airflow/models/baseoperator.py", line 401, in wrapper
    return func(self, *args, **kwargs)
           ^^^^^^^^^^^^^^^^^^^^^^^^^^^
  File "/home/airflow/.local/lib/python3.12/site-packages/airflow/operators/bash.py", line 243, in execute
    raise AirflowException(
airflow.exceptions.AirflowException: Bash command failed. The command returned a non-zero exit code 1.
[2026-05-04T04:15:58.977+0000] {taskinstance.py:1206} INFO - Marking task as FAILED. dag_id=moex_candles_loader, task_id=run_candles_loader, run_id=manual__2026-05-04T04:15:20.924040+00:00, execution_date=20260504T041520, start_date=20260504T041525, end_date=20260504T041558
[2026-05-04T04:15:59.001+0000] {standard_task_runner.py:110} ERROR - Failed to execute job 11 for task run_candles_loader (Bash command failed. The command returned a non-zero exit code 1.; 127)
[2026-05-04T04:15:59.030+0000] {local_task_job_runner.py:243} INFO - Task exited with return code 1
[2026-05-04T04:15:59.052+0000] {taskinstance.py:3503} INFO - 0 downstream tasks scheduled from follow-on schedule check
[2026-05-04T04:15:59.059+0000] {local_task_job_runner.py:222} INFO - ::endgroup::
