[2026-05-13T17:10:51.175+0000] {local_task_job_runner.py:120} INFO - ::group::Pre task execution logs
[2026-05-13T17:10:51.231+0000] {taskinstance.py:2076} INFO - Dependencies all met for dep_context=non-requeueable deps ti=<TaskInstance: moex_candles_loader.run_feature_engineering manual__2026-05-13T16:56:51.811103+00:00 [queued]>
[2026-05-13T17:10:51.246+0000] {taskinstance.py:2076} INFO - Dependencies all met for dep_context=requeueable deps ti=<TaskInstance: moex_candles_loader.run_feature_engineering manual__2026-05-13T16:56:51.811103+00:00 [queued]>
[2026-05-13T17:10:51.248+0000] {taskinstance.py:2306} INFO - Starting attempt 3 of 3
[2026-05-13T17:10:51.272+0000] {taskinstance.py:2330} INFO - Executing <Task(BashOperator): run_feature_engineering> on 2026-05-13 16:56:51.811103+00:00
[2026-05-13T17:10:51.286+0000] {warnings.py:112} WARNING - /home/***/.local/lib/python3.12/site-packages/***/task/task_runner/standard_task_runner.py:62: DeprecationWarning: This process (pid=12362) is multi-threaded, use of fork() may lead to deadlocks in the child.
  pid = os.fork()

[2026-05-13T17:10:51.291+0000] {standard_task_runner.py:64} INFO - Started process 12372 to run task
[2026-05-13T17:10:51.291+0000] {standard_task_runner.py:90} INFO - Running: ['***', 'tasks', 'run', 'moex_candles_loader', 'run_feature_engineering', 'manual__2026-05-13T16:56:51.811103+00:00', '--job-id', '64', '--raw', '--subdir', 'DAGS_FOLDER/moex_loader_dag.py', '--cfg-path', '/tmp/tmp8c1r2bmr']
[2026-05-13T17:10:51.297+0000] {standard_task_runner.py:91} INFO - Job 64: Subtask run_feature_engineering
[2026-05-13T17:10:51.411+0000] {task_command.py:426} INFO - Running <TaskInstance: moex_candles_loader.run_feature_engineering manual__2026-05-13T16:56:51.811103+00:00 [running]> on host ef4f4778eb40
[2026-05-13T17:10:51.564+0000] {taskinstance.py:2648} INFO - Exporting env vars: AIRFLOW_CTX_DAG_OWNER='***' AIRFLOW_CTX_DAG_ID='moex_candles_loader' AIRFLOW_CTX_TASK_ID='run_feature_engineering' AIRFLOW_CTX_EXECUTION_DATE='2026-05-13T16:56:51.811103+00:00' AIRFLOW_CTX_TRY_NUMBER='3' AIRFLOW_CTX_DAG_RUN_ID='manual__2026-05-13T16:56:51.811103+00:00'
[2026-05-13T17:10:51.569+0000] {taskinstance.py:430} INFO - ::endgroup::
[2026-05-13T17:10:51.571+0000] {subprocess.py:63} INFO - Tmp dir root location: /tmp
[2026-05-13T17:10:51.574+0000] {subprocess.py:75} INFO - Running command: ['/usr/bin/bash', '-c', 'python /opt/***/dags/scripts/feature_engineering_loader.py']
[2026-05-13T17:10:51.597+0000] {subprocess.py:86} INFO - Output:
[2026-05-13T17:10:55.991+0000] {subprocess.py:93} INFO - [1/7] Очистка старых объектов...
[2026-05-13T17:10:55.992+0000] {subprocess.py:93} INFO -     ✓ DROP VIEW minio.feature_data_gazp_agg.v_candle_features
[2026-05-13T17:10:55.993+0000] {subprocess.py:93} INFO -     ✓ DROP VIEW minio.feature_data_gazp_agg.v_rsi
[2026-05-13T17:10:55.994+0000] {subprocess.py:93} INFO -     ✓ DROP VIEW minio.feature_data_gazp_agg.v_macd
[2026-05-13T17:10:55.994+0000] {subprocess.py:93} INFO -     ✓ DROP VIEW minio.feature_data_gazp_agg.v_volume_bb_atr
[2026-05-13T17:10:55.995+0000] {subprocess.py:93} INFO -     ✓ DROP VIEW minio.feature_data_gazp_agg.v_superset_dashboard
[2026-05-13T17:10:55.995+0000] {subprocess.py:93} INFO -     ✓ DROP TABLE minio.feature_data_gazp_agg.features
[2026-05-13T17:10:55.996+0000] {subprocess.py:93} INFO -     ✓ DROP TABLE minio.feature_data_gazp_agg.predictions
[2026-05-13T17:10:55.996+0000] {subprocess.py:93} INFO -     ✓ DROP TABLE minio.feature_data_gazp_agg.feature_importance
[2026-05-13T17:10:55.997+0000] {subprocess.py:93} INFO -     ✓ DROP TABLE minio.feature_data_gazp_agg.model_metrics
[2026-05-13T17:10:55.998+0000] {subprocess.py:93} INFO -     ✓ Старые объекты удалены
[2026-05-13T17:10:55.999+0000] {subprocess.py:93} INFO - [2/7] Создание схемы...
[2026-05-13T17:10:55.999+0000] {subprocess.py:93} INFO -     ✓ OK
[2026-05-13T17:10:56.000+0000] {subprocess.py:93} INFO - [3/7] Создание v_candle_features...
[2026-05-13T17:10:56.000+0000] {subprocess.py:93} INFO -     ✓ OK
[2026-05-13T17:10:56.001+0000] {subprocess.py:93} INFO - [4/7] Создание v_rsi...
[2026-05-13T17:10:56.002+0000] {subprocess.py:93} INFO -     ✓ OK
[2026-05-13T17:10:56.002+0000] {subprocess.py:93} INFO - [5/7] Создание v_macd...
[2026-05-13T17:10:56.003+0000] {subprocess.py:93} INFO -     ✓ OK
[2026-05-13T17:10:56.003+0000] {subprocess.py:93} INFO - [6/7] Создание v_volume_bb_atr...
[2026-05-13T17:10:56.003+0000] {subprocess.py:93} INFO -     ✓ OK
[2026-05-13T17:10:56.004+0000] {subprocess.py:93} INFO - [7/7] Создание финальной features...
[2026-05-13T17:10:56.005+0000] {subprocess.py:93} INFO -     ✓ OK
[2026-05-13T17:10:56.006+0000] {subprocess.py:93} INFO - Создание predictions...
[2026-05-13T17:10:56.006+0000] {subprocess.py:93} INFO -     ✓ OK
[2026-05-13T17:10:56.007+0000] {subprocess.py:93} INFO - Создание feature_importance...
[2026-05-13T17:10:56.007+0000] {subprocess.py:93} INFO -     ✓ OK
[2026-05-13T17:10:56.008+0000] {subprocess.py:93} INFO - Создание model_metrics...
[2026-05-13T17:10:56.008+0000] {subprocess.py:93} INFO -     ✓ OK
[2026-05-13T17:10:56.009+0000] {subprocess.py:93} INFO - 
[2026-05-13T17:10:56.009+0000] {subprocess.py:93} INFO - ✓ Готово. Таблицы:
[2026-05-13T17:10:56.010+0000] {subprocess.py:93} INFO -   minio.feature_data_gazp_agg.features
[2026-05-13T17:10:56.010+0000] {subprocess.py:93} INFO -   minio.feature_data_gazp_agg.predictions
[2026-05-13T17:10:56.011+0000] {subprocess.py:93} INFO -   minio.feature_data_gazp_agg.feature_importance
[2026-05-13T17:10:56.011+0000] {subprocess.py:93} INFO -   minio.feature_data_gazp_agg.model_metrics
[2026-05-13T17:10:56.031+0000] {subprocess.py:97} INFO - Command exited with return code 0
[2026-05-13T17:10:56.034+0000] {taskinstance.py:441} INFO - ::group::Post task execution logs
[2026-05-13T17:10:56.086+0000] {taskinstance.py:1206} INFO - Marking task as SUCCESS. dag_id=moex_candles_loader, task_id=run_feature_engineering, run_id=manual__2026-05-13T16:56:51.811103+00:00, execution_date=20260513T165651, start_date=20260513T171051, end_date=20260513T171056
[2026-05-13T17:10:56.139+0000] {local_task_job_runner.py:243} INFO - Task exited with return code 0
[2026-05-13T17:10:56.176+0000] {taskinstance.py:3503} INFO - 1 downstream tasks scheduled from follow-on schedule check
[2026-05-13T17:10:56.182+0000] {local_task_job_runner.py:222} INFO - ::endgroup::
