[2026-05-11T19:42:17.142+0000] {local_task_job_runner.py:120} INFO - ::group::Pre task execution logs
[2026-05-11T19:42:17.194+0000] {taskinstance.py:2076} INFO - Dependencies all met for dep_context=non-requeueable deps ti=<TaskInstance: moex_candles_loader.run_candles_loader manual__2026-05-11T19:42:15.316703+00:00 [queued]>
[2026-05-11T19:42:17.210+0000] {taskinstance.py:2076} INFO - Dependencies all met for dep_context=requeueable deps ti=<TaskInstance: moex_candles_loader.run_candles_loader manual__2026-05-11T19:42:15.316703+00:00 [queued]>
[2026-05-11T19:42:17.212+0000] {taskinstance.py:2306} INFO - Starting attempt 1 of 1
[2026-05-11T19:42:17.243+0000] {taskinstance.py:2330} INFO - Executing <Task(BashOperator): run_candles_loader> on 2026-05-11 19:42:15.316703+00:00
[2026-05-11T19:42:17.259+0000] {warnings.py:112} WARNING - /home/***/.local/lib/python3.12/site-packages/***/task/task_runner/standard_task_runner.py:62: DeprecationWarning: This process (pid=3152) is multi-threaded, use of fork() may lead to deadlocks in the child.
  pid = os.fork()

[2026-05-11T19:42:17.263+0000] {standard_task_runner.py:64} INFO - Started process 3154 to run task
[2026-05-11T19:42:17.263+0000] {standard_task_runner.py:90} INFO - Running: ['***', 'tasks', 'run', 'moex_candles_loader', 'run_candles_loader', 'manual__2026-05-11T19:42:15.316703+00:00', '--job-id', '32', '--raw', '--subdir', 'DAGS_FOLDER/moex_loader_dag.py', '--cfg-path', '/tmp/tmplem7y7zd']
[2026-05-11T19:42:17.269+0000] {standard_task_runner.py:91} INFO - Job 32: Subtask run_candles_loader
[2026-05-11T19:42:17.408+0000] {task_command.py:426} INFO - Running <TaskInstance: moex_candles_loader.run_candles_loader manual__2026-05-11T19:42:15.316703+00:00 [running]> on host 08739fbbf4f1
[2026-05-11T19:42:17.609+0000] {taskinstance.py:2648} INFO - Exporting env vars: AIRFLOW_CTX_DAG_OWNER='***' AIRFLOW_CTX_DAG_ID='moex_candles_loader' AIRFLOW_CTX_TASK_ID='run_candles_loader' AIRFLOW_CTX_EXECUTION_DATE='2026-05-11T19:42:15.316703+00:00' AIRFLOW_CTX_TRY_NUMBER='1' AIRFLOW_CTX_DAG_RUN_ID='manual__2026-05-11T19:42:15.316703+00:00'
[2026-05-11T19:42:17.614+0000] {taskinstance.py:430} INFO - ::endgroup::
[2026-05-11T19:42:17.617+0000] {subprocess.py:63} INFO - Tmp dir root location: /tmp
[2026-05-11T19:42:17.619+0000] {subprocess.py:75} INFO - Running command: ['/usr/bin/bash', '-c', 'python /opt/***/dags/scripts/candles_loader.py']
[2026-05-11T19:42:17.637+0000] {subprocess.py:86} INFO - Output:
[2026-05-11T19:42:42.513+0000] {local_task_job_runner.py:313} WARNING - State of this instance has been externally set to restarting. Terminating instance.
[2026-05-11T19:42:42.515+0000] {local_task_job_runner.py:222} INFO - ::endgroup::
[2026-05-11T19:42:42.519+0000] {process_utils.py:132} INFO - Sending 15 to group 3154. PIDs of all processes in the group: [3155, 3154]
[2026-05-11T19:42:42.520+0000] {process_utils.py:87} INFO - Sending the signal 15 to group 3154
[2026-05-11T19:42:42.521+0000] {taskinstance.py:2611} ERROR - Received SIGTERM. Terminating subprocesses.
[2026-05-11T19:42:42.521+0000] {subprocess.py:104} INFO - Sending SIGTERM signal to process group
[2026-05-11T19:42:42.523+0000] {taskinstance.py:441} INFO - ::group::Post task execution logs
[2026-05-11T19:42:42.534+0000] {taskinstance.py:2905} ERROR - Task failed with exception
Traceback (most recent call last):
  File "/home/airflow/.local/lib/python3.12/site-packages/airflow/models/taskinstance.py", line 465, in _execute_task
    result = _execute_callable(context=context, **execute_callable_kwargs)
             ^^^^^^^^^^^^^^^^^^^^^^^^^^^^^^^^^^^^^^^^^^^^^^^^^^^^^^^^^^^^^
  File "/home/airflow/.local/lib/python3.12/site-packages/airflow/models/taskinstance.py", line 432, in _execute_callable
    return execute_callable(context=context, **execute_callable_kwargs)
           ^^^^^^^^^^^^^^^^^^^^^^^^^^^^^^^^^^^^^^^^^^^^^^^^^^^^^^^^^^^^
  File "/home/airflow/.local/lib/python3.12/site-packages/airflow/models/baseoperator.py", line 401, in wrapper
    return func(self, *args, **kwargs)
           ^^^^^^^^^^^^^^^^^^^^^^^^^^^
  File "/home/airflow/.local/lib/python3.12/site-packages/airflow/operators/bash.py", line 234, in execute
    result = self.subprocess_hook.run_command(
             ^^^^^^^^^^^^^^^^^^^^^^^^^^^^^^^^^
  File "/home/airflow/.local/lib/python3.12/site-packages/airflow/hooks/subprocess.py", line 91, in run_command
    for raw_line in iter(self.sub_process.stdout.readline, b""):
  File "/home/airflow/.local/lib/python3.12/site-packages/airflow/models/taskinstance.py", line 2613, in signal_handler
    raise AirflowTaskTerminated("Task received SIGTERM signal")
airflow.exceptions.AirflowTaskTerminated: Task received SIGTERM signal
[2026-05-11T19:42:42.540+0000] {taskinstance.py:1206} INFO - Marking task as UP_FOR_RETRY. dag_id=moex_candles_loader, task_id=run_candles_loader, run_id=manual__2026-05-11T19:42:15.316703+00:00, execution_date=20260511T194215, start_date=20260511T194217, end_date=20260511T194242
[2026-05-11T19:42:42.573+0000] {process_utils.py:80} INFO - Process psutil.Process(pid=3154, status='terminated', exitcode=2, started='19:42:16') (3154) terminated with exit code 2
[2026-05-11T19:42:42.575+0000] {process_utils.py:80} INFO - Process psutil.Process(pid=3155, status='terminated', started='19:42:16') (3155) terminated with exit code None
