[2026-05-13T16:56:56.149+0000] {local_task_job_runner.py:120} INFO - ::group::Pre task execution logs
[2026-05-13T16:56:56.200+0000] {taskinstance.py:2076} INFO - Dependencies all met for dep_context=non-requeueable deps ti=<TaskInstance: moex_candles_loader.run_candles_loader manual__2026-05-13T16:56:51.811103+00:00 [queued]>
[2026-05-13T16:56:56.219+0000] {taskinstance.py:2076} INFO - Dependencies all met for dep_context=requeueable deps ti=<TaskInstance: moex_candles_loader.run_candles_loader manual__2026-05-13T16:56:51.811103+00:00 [queued]>
[2026-05-13T16:56:56.220+0000] {taskinstance.py:2306} INFO - Starting attempt 1 of 1
[2026-05-13T16:56:56.255+0000] {taskinstance.py:2330} INFO - Executing <Task(BashOperator): run_candles_loader> on 2026-05-13 16:56:51.811103+00:00
[2026-05-13T16:56:56.270+0000] {warnings.py:112} WARNING - /home/***/.local/lib/python3.12/site-packages/***/task/task_runner/standard_task_runner.py:62: DeprecationWarning: This process (pid=11880) is multi-threaded, use of fork() may lead to deadlocks in the child.
  pid = os.fork()

[2026-05-13T16:56:56.274+0000] {standard_task_runner.py:64} INFO - Started process 11882 to run task
[2026-05-13T16:56:56.273+0000] {standard_task_runner.py:90} INFO - Running: ['***', 'tasks', 'run', 'moex_candles_loader', 'run_candles_loader', 'manual__2026-05-13T16:56:51.811103+00:00', '--job-id', '59', '--raw', '--subdir', 'DAGS_FOLDER/moex_loader_dag.py', '--cfg-path', '/tmp/tmps_jkjrqh']
[2026-05-13T16:56:56.277+0000] {standard_task_runner.py:91} INFO - Job 59: Subtask run_candles_loader
[2026-05-13T16:56:56.397+0000] {task_command.py:426} INFO - Running <TaskInstance: moex_candles_loader.run_candles_loader manual__2026-05-13T16:56:51.811103+00:00 [running]> on host ef4f4778eb40
[2026-05-13T16:56:56.574+0000] {taskinstance.py:2648} INFO - Exporting env vars: AIRFLOW_CTX_DAG_OWNER='***' AIRFLOW_CTX_DAG_ID='moex_candles_loader' AIRFLOW_CTX_TASK_ID='run_candles_loader' AIRFLOW_CTX_EXECUTION_DATE='2026-05-13T16:56:51.811103+00:00' AIRFLOW_CTX_TRY_NUMBER='1' AIRFLOW_CTX_DAG_RUN_ID='manual__2026-05-13T16:56:51.811103+00:00'
[2026-05-13T16:56:56.578+0000] {taskinstance.py:430} INFO - ::endgroup::
[2026-05-13T16:56:56.580+0000] {subprocess.py:63} INFO - Tmp dir root location: /tmp
[2026-05-13T16:56:56.582+0000] {subprocess.py:75} INFO - Running command: ['/usr/bin/bash', '-c', 'python /opt/***/dags/scripts/candles_loader.py']
[2026-05-13T16:56:56.610+0000] {subprocess.py:86} INFO - Output:
[2026-05-13T16:58:22.055+0000] {subprocess.py:93} INFO - 🚀 Старт загрузки свечей | 2026-05-13 16:56:59
[2026-05-13T16:58:22.058+0000] {subprocess.py:93} INFO - 📥 Загружаем GAZP
[2026-05-13T16:58:22.059+0000] {subprocess.py:93} INFO - ✅ [GAZP] сохранен
[2026-05-13T16:58:22.060+0000] {subprocess.py:93} INFO - ☁️ S3: s3://data/moex-data/moex/candles/GAZP/GAZP_1h_20260513_165659.parquet
[2026-05-13T16:58:22.061+0000] {subprocess.py:93} INFO - ------------------------------------------------------------
[2026-05-13T16:58:22.062+0000] {subprocess.py:93} INFO - 📥 Загружаем SBER
[2026-05-13T16:58:22.063+0000] {subprocess.py:93} INFO - ✅ [SBER] сохранен
[2026-05-13T16:58:22.064+0000] {subprocess.py:93} INFO - ☁️ S3: s3://data/moex-data/moex/candles/SBER/SBER_1h_20260513_165659.parquet
[2026-05-13T16:58:22.064+0000] {subprocess.py:93} INFO - ------------------------------------------------------------
[2026-05-13T16:58:22.066+0000] {subprocess.py:93} INFO - 📥 Загружаем LKOH
[2026-05-13T16:58:22.067+0000] {subprocess.py:93} INFO - ✅ [LKOH] сохранен
[2026-05-13T16:58:22.068+0000] {subprocess.py:93} INFO - ☁️ S3: s3://data/moex-data/moex/candles/LKOH/LKOH_1h_20260513_165659.parquet
[2026-05-13T16:58:22.068+0000] {subprocess.py:93} INFO - ------------------------------------------------------------
[2026-05-13T16:58:22.069+0000] {subprocess.py:93} INFO - 
[2026-05-13T16:58:22.070+0000] {subprocess.py:93} INFO - 🎯 Готово. Обработано инструментов: 3
[2026-05-13T16:58:22.514+0000] {subprocess.py:97} INFO - Command exited with return code 0
[2026-05-13T16:58:22.517+0000] {taskinstance.py:441} INFO - ::group::Post task execution logs
[2026-05-13T16:58:22.599+0000] {taskinstance.py:1206} INFO - Marking task as SUCCESS. dag_id=moex_candles_loader, task_id=run_candles_loader, run_id=manual__2026-05-13T16:56:51.811103+00:00, execution_date=20260513T165651, start_date=20260513T165656, end_date=20260513T165822
[2026-05-13T16:58:22.664+0000] {local_task_job_runner.py:243} INFO - Task exited with return code 0
[2026-05-13T16:58:22.706+0000] {taskinstance.py:3503} INFO - 1 downstream tasks scheduled from follow-on schedule check
[2026-05-13T16:58:22.713+0000] {local_task_job_runner.py:222} INFO - ::endgroup::
