[2026-05-13T23:43:18.146+0000] {local_task_job_runner.py:120} INFO - ::group::Pre task execution logs
[2026-05-13T23:43:18.185+0000] {taskinstance.py:2076} INFO - Dependencies all met for dep_context=non-requeueable deps ti=<TaskInstance: moex_candles_loader.run_dashboard_create manual__2026-05-13T23:35:43.498341+00:00 [queued]>
[2026-05-13T23:43:18.198+0000] {taskinstance.py:2076} INFO - Dependencies all met for dep_context=requeueable deps ti=<TaskInstance: moex_candles_loader.run_dashboard_create manual__2026-05-13T23:35:43.498341+00:00 [queued]>
[2026-05-13T23:43:18.199+0000] {taskinstance.py:2306} INFO - Starting attempt 1 of 1
[2026-05-13T23:43:18.222+0000] {taskinstance.py:2330} INFO - Executing <Task(BashOperator): run_dashboard_create> on 2026-05-13 23:35:43.498341+00:00
[2026-05-13T23:43:18.237+0000] {warnings.py:112} WARNING - /home/***/.local/lib/python3.12/site-packages/***/task/task_runner/standard_task_runner.py:62: DeprecationWarning: This process (pid=3415) is multi-threaded, use of fork() may lead to deadlocks in the child.
  pid = os.fork()

[2026-05-13T23:43:18.241+0000] {standard_task_runner.py:64} INFO - Started process 3417 to run task
[2026-05-13T23:43:18.240+0000] {standard_task_runner.py:90} INFO - Running: ['***', 'tasks', 'run', 'moex_candles_loader', 'run_dashboard_create', 'manual__2026-05-13T23:35:43.498341+00:00', '--job-id', '133', '--raw', '--subdir', 'DAGS_FOLDER/moex_loader_dag.py', '--cfg-path', '/tmp/tmp7r8i7w_f']
[2026-05-13T23:43:18.244+0000] {standard_task_runner.py:91} INFO - Job 133: Subtask run_dashboard_create
[2026-05-13T23:43:18.347+0000] {task_command.py:426} INFO - Running <TaskInstance: moex_candles_loader.run_dashboard_create manual__2026-05-13T23:35:43.498341+00:00 [running]> on host ef4f4778eb40
[2026-05-13T23:43:18.490+0000] {taskinstance.py:2648} INFO - Exporting env vars: AIRFLOW_CTX_DAG_OWNER='***' AIRFLOW_CTX_DAG_ID='moex_candles_loader' AIRFLOW_CTX_TASK_ID='run_dashboard_create' AIRFLOW_CTX_EXECUTION_DATE='2026-05-13T23:35:43.498341+00:00' AIRFLOW_CTX_TRY_NUMBER='1' AIRFLOW_CTX_DAG_RUN_ID='manual__2026-05-13T23:35:43.498341+00:00'
[2026-05-13T23:43:18.495+0000] {taskinstance.py:430} INFO - ::endgroup::
[2026-05-13T23:43:18.497+0000] {subprocess.py:63} INFO - Tmp dir root location: /tmp
[2026-05-13T23:43:18.499+0000] {subprocess.py:75} INFO - Running command: ['/usr/bin/bash', '-c', 'python /opt/***/dags/scripts/create_superset_view.py']
[2026-05-13T23:43:18.525+0000] {subprocess.py:86} INFO - Output:
[2026-05-13T23:43:24.620+0000] {subprocess.py:93} INFO - 
[2026-05-13T23:43:24.625+0000] {subprocess.py:93} INFO - =======================================================
[2026-05-13T23:43:24.626+0000] {subprocess.py:93} INFO -   Создание v_superset_dashboard
[2026-05-13T23:43:24.627+0000] {subprocess.py:93} INFO - =======================================================
[2026-05-13T23:43:24.628+0000] {subprocess.py:93} INFO - 
[2026-05-13T23:43:24.629+0000] {subprocess.py:93} INFO -     ✓ Старый VIEW удалён
[2026-05-13T23:43:24.630+0000] {subprocess.py:93} INFO - [1/2] Создание v_superset_dashboard...
[2026-05-13T23:43:24.632+0000] {subprocess.py:93} INFO -     ✓ OK
[2026-05-13T23:43:24.633+0000] {subprocess.py:93} INFO - [2/2] Проверка VIEW...
[2026-05-13T23:43:24.634+0000] {subprocess.py:93} INFO - 
[2026-05-13T23:43:24.635+0000] {subprocess.py:93} INFO -     Результат:
[2026-05-13T23:43:24.636+0000] {subprocess.py:93} INFO -       total_rows             24770
[2026-05-13T23:43:24.637+0000] {subprocess.py:93} INFO -       date_from              2020-01-03 09:00:00
[2026-05-13T23:43:24.638+0000] {subprocess.py:93} INFO -       date_to                2026-05-13 23:00:00
[2026-05-13T23:43:24.639+0000] {subprocess.py:93} INFO -       rsi_not_null           24769
[2026-05-13T23:43:24.639+0000] {subprocess.py:93} INFO -       macd_not_null          24770
[2026-05-13T23:43:24.640+0000] {subprocess.py:93} INFO -       bb_not_null            24769
[2026-05-13T23:43:24.640+0000] {subprocess.py:93} INFO -       signals_not_null       24770
[2026-05-13T23:43:24.641+0000] {subprocess.py:93} INFO - 
[2026-05-13T23:43:24.642+0000] {subprocess.py:93} INFO - ✓ VIEW готов: minio.feature_data_gazp_agg.v_superset_dashboard
[2026-05-13T23:43:24.643+0000] {subprocess.py:93} INFO - 
[2026-05-13T23:43:24.644+0000] {subprocess.py:93} INFO - Подключи в Superset:
[2026-05-13T23:43:24.645+0000] {subprocess.py:93} INFO -   Dataset → + Dataset → Database: Trino
[2026-05-13T23:43:24.645+0000] {subprocess.py:93} INFO -   Schema: feature_data_gazp_agg
[2026-05-13T23:43:24.646+0000] {subprocess.py:93} INFO -   Table:  v_superset_dashboard
[2026-05-13T23:43:24.663+0000] {subprocess.py:97} INFO - Command exited with return code 0
[2026-05-13T23:43:24.664+0000] {taskinstance.py:441} INFO - ::group::Post task execution logs
[2026-05-13T23:43:24.704+0000] {taskinstance.py:1206} INFO - Marking task as SUCCESS. dag_id=moex_candles_loader, task_id=run_dashboard_create, run_id=manual__2026-05-13T23:35:43.498341+00:00, execution_date=20260513T233543, start_date=20260513T234318, end_date=20260513T234324
[2026-05-13T23:43:24.770+0000] {local_task_job_runner.py:243} INFO - Task exited with return code 0
[2026-05-13T23:43:24.792+0000] {taskinstance.py:3503} INFO - 0 downstream tasks scheduled from follow-on schedule check
[2026-05-13T23:43:24.798+0000] {local_task_job_runner.py:222} INFO - ::endgroup::
