[2026-05-13T21:57:16.065+0000] {local_task_job_runner.py:120} INFO - ::group::Pre task execution logs
[2026-05-13T21:57:16.109+0000] {taskinstance.py:2076} INFO - Dependencies all met for dep_context=non-requeueable deps ti=<TaskInstance: moex_candles_loader.run_candles_loader manual__2026-05-13T21:57:12.805634+00:00 [queued]>
[2026-05-13T21:57:16.121+0000] {taskinstance.py:2076} INFO - Dependencies all met for dep_context=requeueable deps ti=<TaskInstance: moex_candles_loader.run_candles_loader manual__2026-05-13T21:57:12.805634+00:00 [queued]>
[2026-05-13T21:57:16.123+0000] {taskinstance.py:2306} INFO - Starting attempt 1 of 1
[2026-05-13T21:57:16.150+0000] {taskinstance.py:2330} INFO - Executing <Task(BashOperator): run_candles_loader> on 2026-05-13 21:57:12.805634+00:00
[2026-05-13T21:57:16.165+0000] {warnings.py:112} WARNING - /home/***/.local/lib/python3.12/site-packages/***/task/task_runner/standard_task_runner.py:62: DeprecationWarning: This process (pid=892) is multi-threaded, use of fork() may lead to deadlocks in the child.
  pid = os.fork()

[2026-05-13T21:57:16.169+0000] {standard_task_runner.py:64} INFO - Started process 903 to run task
[2026-05-13T21:57:16.167+0000] {standard_task_runner.py:90} INFO - Running: ['***', 'tasks', 'run', 'moex_candles_loader', 'run_candles_loader', 'manual__2026-05-13T21:57:12.805634+00:00', '--job-id', '103', '--raw', '--subdir', 'DAGS_FOLDER/moex_loader_dag.py', '--cfg-path', '/tmp/tmph7mzl0u9']
[2026-05-13T21:57:16.172+0000] {standard_task_runner.py:91} INFO - Job 103: Subtask run_candles_loader
[2026-05-13T21:57:16.318+0000] {task_command.py:426} INFO - Running <TaskInstance: moex_candles_loader.run_candles_loader manual__2026-05-13T21:57:12.805634+00:00 [running]> on host ef4f4778eb40
[2026-05-13T21:57:16.490+0000] {taskinstance.py:2648} INFO - Exporting env vars: AIRFLOW_CTX_DAG_OWNER='***' AIRFLOW_CTX_DAG_ID='moex_candles_loader' AIRFLOW_CTX_TASK_ID='run_candles_loader' AIRFLOW_CTX_EXECUTION_DATE='2026-05-13T21:57:12.805634+00:00' AIRFLOW_CTX_TRY_NUMBER='1' AIRFLOW_CTX_DAG_RUN_ID='manual__2026-05-13T21:57:12.805634+00:00'
[2026-05-13T21:57:16.495+0000] {taskinstance.py:430} INFO - ::endgroup::
[2026-05-13T21:57:16.497+0000] {subprocess.py:63} INFO - Tmp dir root location: /tmp
[2026-05-13T21:57:16.499+0000] {subprocess.py:75} INFO - Running command: ['/usr/bin/bash', '-c', 'python /opt/***/dags/scripts/candles_loader.py']
[2026-05-13T21:57:16.518+0000] {subprocess.py:86} INFO - Output:
[2026-05-13T21:58:21.832+0000] {local_task_job_runner.py:313} WARNING - State of this instance has been externally set to success. Terminating instance.
[2026-05-13T21:58:21.837+0000] {local_task_job_runner.py:222} INFO - ::endgroup::
[2026-05-13T21:58:21.841+0000] {process_utils.py:132} INFO - Sending 15 to group 903. PIDs of all processes in the group: [906, 903]
[2026-05-13T21:58:21.842+0000] {process_utils.py:87} INFO - Sending the signal 15 to group 903
[2026-05-13T21:58:21.845+0000] {taskinstance.py:2611} ERROR - Received SIGTERM. Terminating subprocesses.
[2026-05-13T21:58:21.848+0000] {subprocess.py:104} INFO - Sending SIGTERM signal to process group
[2026-05-13T21:58:21.851+0000] {taskinstance.py:441} INFO - ::group::Post task execution logs
[2026-05-13T21:58:21.981+0000] {process_utils.py:80} INFO - Process psutil.Process(pid=903, status='terminated', exitcode=0, started='21:57:15') (903) terminated with exit code 0
[2026-05-13T21:58:21.983+0000] {process_utils.py:80} INFO - Process psutil.Process(pid=906, status='terminated', started='21:57:15') (906) terminated with exit code None
