[2026-05-13T22:46:09.109+0000] {local_task_job_runner.py:120} INFO - ::group::Pre task execution logs
[2026-05-13T22:46:09.135+0000] {taskinstance.py:2076} INFO - Dependencies all met for dep_context=non-requeueable deps ti=<TaskInstance: moex_candles_loader.run_transfer manual__2026-05-13T22:44:54.633103+00:00 [queued]>
[2026-05-13T22:46:09.145+0000] {taskinstance.py:2076} INFO - Dependencies all met for dep_context=requeueable deps ti=<TaskInstance: moex_candles_loader.run_transfer manual__2026-05-13T22:44:54.633103+00:00 [queued]>
[2026-05-13T22:46:09.145+0000] {taskinstance.py:2306} INFO - Starting attempt 1 of 1
[2026-05-13T22:46:09.165+0000] {taskinstance.py:2330} INFO - Executing <Task(BashOperator): run_transfer> on 2026-05-13 22:44:54.633103+00:00
[2026-05-13T22:46:09.174+0000] {warnings.py:112} WARNING - /home/***/.local/lib/python3.12/site-packages/***/task/task_runner/standard_task_runner.py:62: DeprecationWarning: This process (pid=1343) is multi-threaded, use of fork() may lead to deadlocks in the child.
  pid = os.fork()

[2026-05-13T22:46:09.177+0000] {standard_task_runner.py:64} INFO - Started process 1345 to run task
[2026-05-13T22:46:09.178+0000] {standard_task_runner.py:90} INFO - Running: ['***', 'tasks', 'run', 'moex_candles_loader', 'run_transfer', 'manual__2026-05-13T22:44:54.633103+00:00', '--job-id', '122', '--raw', '--subdir', 'DAGS_FOLDER/moex_loader_dag.py', '--cfg-path', '/tmp/tmp5l4985ju']
[2026-05-13T22:46:09.182+0000] {standard_task_runner.py:91} INFO - Job 122: Subtask run_transfer
[2026-05-13T22:46:09.270+0000] {task_command.py:426} INFO - Running <TaskInstance: moex_candles_loader.run_transfer manual__2026-05-13T22:44:54.633103+00:00 [running]> on host ef4f4778eb40
[2026-05-13T22:46:09.366+0000] {taskinstance.py:2648} INFO - Exporting env vars: AIRFLOW_CTX_DAG_OWNER='***' AIRFLOW_CTX_DAG_ID='moex_candles_loader' AIRFLOW_CTX_TASK_ID='run_transfer' AIRFLOW_CTX_EXECUTION_DATE='2026-05-13T22:44:54.633103+00:00' AIRFLOW_CTX_TRY_NUMBER='1' AIRFLOW_CTX_DAG_RUN_ID='manual__2026-05-13T22:44:54.633103+00:00'
[2026-05-13T22:46:09.368+0000] {taskinstance.py:430} INFO - ::endgroup::
[2026-05-13T22:46:09.369+0000] {subprocess.py:63} INFO - Tmp dir root location: /tmp
[2026-05-13T22:46:09.370+0000] {subprocess.py:75} INFO - Running command: ['/usr/bin/bash', '-c', 'python /opt/***/dags/scripts/transfer.py']
[2026-05-13T22:46:09.384+0000] {subprocess.py:86} INFO - Output:
[2026-05-13T22:46:10.586+0000] {subprocess.py:93} INFO - [1/2] Пересоздаём внешнюю таблицу minio.moex_data.GAZP...
[2026-05-13T22:46:10.587+0000] {subprocess.py:93} INFO -     ✓ Таблица minio.moex_data.GAZP создана
[2026-05-13T22:46:10.587+0000] {subprocess.py:93} INFO - [2/2] Пересоздаём VIEW minio.moex_data.GAZP_view...
[2026-05-13T22:46:10.588+0000] {subprocess.py:93} INFO -     ✓ VIEW minio.moex_data.GAZP_view создана (8 колонок)
[2026-05-13T22:46:10.588+0000] {subprocess.py:93} INFO - 
[2026-05-13T22:46:10.588+0000] {subprocess.py:93} INFO - Готово! Используйте:
[2026-05-13T22:46:10.588+0000] {subprocess.py:93} INFO -   SELECT * FROM minio.moex_data.GAZP_view LIMIT 10
[2026-05-13T22:46:10.614+0000] {subprocess.py:97} INFO - Command exited with return code 0
[2026-05-13T22:46:10.616+0000] {taskinstance.py:441} INFO - ::group::Post task execution logs
[2026-05-13T22:46:10.652+0000] {taskinstance.py:1206} INFO - Marking task as SUCCESS. dag_id=moex_candles_loader, task_id=run_transfer, run_id=manual__2026-05-13T22:44:54.633103+00:00, execution_date=20260513T224454, start_date=20260513T224609, end_date=20260513T224610
[2026-05-13T22:46:10.717+0000] {local_task_job_runner.py:243} INFO - Task exited with return code 0
[2026-05-13T22:46:10.761+0000] {taskinstance.py:3503} INFO - 1 downstream tasks scheduled from follow-on schedule check
[2026-05-13T22:46:10.767+0000] {local_task_job_runner.py:222} INFO - ::endgroup::
