[2026-05-11T20:00:51.525+0000] {local_task_job_runner.py:120} INFO - ::group::Pre task execution logs
[2026-05-11T20:00:51.561+0000] {taskinstance.py:2076} INFO - Dependencies all met for dep_context=non-requeueable deps ti=<TaskInstance: moex_candles_loader.run_feature_engineering manual__2026-05-11T19:58:19.200171+00:00 [queued]>
[2026-05-11T20:00:51.574+0000] {taskinstance.py:2076} INFO - Dependencies all met for dep_context=requeueable deps ti=<TaskInstance: moex_candles_loader.run_feature_engineering manual__2026-05-11T19:58:19.200171+00:00 [queued]>
[2026-05-11T20:00:51.575+0000] {taskinstance.py:2306} INFO - Starting attempt 2 of 2
[2026-05-11T20:00:51.601+0000] {taskinstance.py:2330} INFO - Executing <Task(BashOperator): run_feature_engineering> on 2026-05-11 19:58:19.200171+00:00
[2026-05-11T20:00:51.615+0000] {warnings.py:112} WARNING - /home/***/.local/lib/python3.12/site-packages/***/task/task_runner/standard_task_runner.py:62: DeprecationWarning: This process (pid=199) is multi-threaded, use of fork() may lead to deadlocks in the child.
  pid = os.fork()

[2026-05-11T20:00:51.619+0000] {standard_task_runner.py:64} INFO - Started process 201 to run task
[2026-05-11T20:00:51.619+0000] {standard_task_runner.py:90} INFO - Running: ['***', 'tasks', 'run', 'moex_candles_loader', 'run_feature_engineering', 'manual__2026-05-11T19:58:19.200171+00:00', '--job-id', '51', '--raw', '--subdir', 'DAGS_FOLDER/moex_loader_dag.py', '--cfg-path', '/tmp/tmpw4_lw0_9']
[2026-05-11T20:00:51.626+0000] {standard_task_runner.py:91} INFO - Job 51: Subtask run_feature_engineering
[2026-05-11T20:00:51.782+0000] {task_command.py:426} INFO - Running <TaskInstance: moex_candles_loader.run_feature_engineering manual__2026-05-11T19:58:19.200171+00:00 [running]> on host ff96f345a9c6
[2026-05-11T20:00:51.927+0000] {taskinstance.py:2648} INFO - Exporting env vars: AIRFLOW_CTX_DAG_OWNER='***' AIRFLOW_CTX_DAG_ID='moex_candles_loader' AIRFLOW_CTX_TASK_ID='run_feature_engineering' AIRFLOW_CTX_EXECUTION_DATE='2026-05-11T19:58:19.200171+00:00' AIRFLOW_CTX_TRY_NUMBER='2' AIRFLOW_CTX_DAG_RUN_ID='manual__2026-05-11T19:58:19.200171+00:00'
[2026-05-11T20:00:51.933+0000] {taskinstance.py:430} INFO - ::endgroup::
[2026-05-11T20:00:51.935+0000] {subprocess.py:63} INFO - Tmp dir root location: /tmp
[2026-05-11T20:00:51.936+0000] {subprocess.py:75} INFO - Running command: ['/usr/bin/bash', '-c', 'python /opt/***/dags/scripts/feature_engineering_loader.py']
[2026-05-11T20:00:51.957+0000] {subprocess.py:86} INFO - Output:
[2026-05-11T20:00:57.426+0000] {subprocess.py:93} INFO - [1/7] Очистка старых объектов...
[2026-05-11T20:00:57.430+0000] {subprocess.py:93} INFO -     ✓ Старые объекты удалены
[2026-05-11T20:00:57.431+0000] {subprocess.py:93} INFO - [2/7] Создание схемы...
[2026-05-11T20:00:57.433+0000] {subprocess.py:93} INFO -     ✓ OK
[2026-05-11T20:00:57.434+0000] {subprocess.py:93} INFO - [3/7] Создание v_candle_features...
[2026-05-11T20:00:57.435+0000] {subprocess.py:93} INFO -     ✓ OK
[2026-05-11T20:00:57.436+0000] {subprocess.py:93} INFO - [4/7] Создание v_rsi...
[2026-05-11T20:00:57.437+0000] {subprocess.py:93} INFO -     ✓ OK
[2026-05-11T20:00:57.438+0000] {subprocess.py:93} INFO - [5/7] Создание v_macd...
[2026-05-11T20:00:57.440+0000] {subprocess.py:93} INFO -     ✓ OK
[2026-05-11T20:00:57.441+0000] {subprocess.py:93} INFO - [6/7] Создание v_volume_bb_atr...
[2026-05-11T20:00:57.442+0000] {subprocess.py:93} INFO -     ✓ OK
[2026-05-11T20:00:57.443+0000] {subprocess.py:93} INFO - [7/7] Создание финальной features...
[2026-05-11T20:00:57.444+0000] {subprocess.py:93} INFO -     ✓ OK
[2026-05-11T20:00:57.446+0000] {subprocess.py:93} INFO - Создание predictions...
[2026-05-11T20:00:57.449+0000] {subprocess.py:93} INFO -     ✓ OK
[2026-05-11T20:00:57.450+0000] {subprocess.py:93} INFO - 
[2026-05-11T20:00:57.450+0000] {subprocess.py:93} INFO - Готово.
[2026-05-11T20:00:57.451+0000] {subprocess.py:93} INFO - SELECT * FROM minio.feature_data_gazp_agg.features LIMIT 10
[2026-05-11T20:00:57.501+0000] {subprocess.py:97} INFO - Command exited with return code 0
[2026-05-11T20:00:57.504+0000] {taskinstance.py:441} INFO - ::group::Post task execution logs
[2026-05-11T20:00:57.562+0000] {taskinstance.py:1206} INFO - Marking task as SUCCESS. dag_id=moex_candles_loader, task_id=run_feature_engineering, run_id=manual__2026-05-11T19:58:19.200171+00:00, execution_date=20260511T195819, start_date=20260511T200051, end_date=20260511T200057
[2026-05-11T20:00:57.637+0000] {local_task_job_runner.py:243} INFO - Task exited with return code 0
[2026-05-11T20:00:57.663+0000] {taskinstance.py:3503} INFO - 0 downstream tasks scheduled from follow-on schedule check
[2026-05-11T20:00:57.670+0000] {local_task_job_runner.py:222} INFO - ::endgroup::
