[2026-05-13T20:06:16.300+0000] {local_task_job_runner.py:120} INFO - ::group::Pre task execution logs
[2026-05-13T20:06:16.337+0000] {taskinstance.py:2076} INFO - Dependencies all met for dep_context=non-requeueable deps ti=<TaskInstance: moex_candles_loader.run_feature_ML manual__2026-05-13T19:54:51.288880+00:00 [queued]>
[2026-05-13T20:06:16.355+0000] {taskinstance.py:2076} INFO - Dependencies all met for dep_context=requeueable deps ti=<TaskInstance: moex_candles_loader.run_feature_ML manual__2026-05-13T19:54:51.288880+00:00 [queued]>
[2026-05-13T20:06:16.357+0000] {taskinstance.py:2306} INFO - Starting attempt 2 of 2
[2026-05-13T20:06:16.386+0000] {taskinstance.py:2330} INFO - Executing <Task(BashOperator): run_feature_ML> on 2026-05-13 19:54:51.288880+00:00
[2026-05-13T20:06:16.401+0000] {warnings.py:112} WARNING - /home/***/.local/lib/python3.12/site-packages/***/task/task_runner/standard_task_runner.py:62: DeprecationWarning: This process (pid=17843) is multi-threaded, use of fork() may lead to deadlocks in the child.
  pid = os.fork()

[2026-05-13T20:06:16.406+0000] {standard_task_runner.py:64} INFO - Started process 17845 to run task
[2026-05-13T20:06:16.406+0000] {standard_task_runner.py:90} INFO - Running: ['***', 'tasks', 'run', 'moex_candles_loader', 'run_feature_ML', 'manual__2026-05-13T19:54:51.288880+00:00', '--job-id', '77', '--raw', '--subdir', 'DAGS_FOLDER/moex_loader_dag.py', '--cfg-path', '/tmp/tmpn_d8a950']
[2026-05-13T20:06:16.419+0000] {standard_task_runner.py:91} INFO - Job 77: Subtask run_feature_ML
[2026-05-13T20:06:16.522+0000] {task_command.py:426} INFO - Running <TaskInstance: moex_candles_loader.run_feature_ML manual__2026-05-13T19:54:51.288880+00:00 [running]> on host ef4f4778eb40
[2026-05-13T20:06:16.656+0000] {taskinstance.py:2648} INFO - Exporting env vars: AIRFLOW_CTX_DAG_OWNER='***' AIRFLOW_CTX_DAG_ID='moex_candles_loader' AIRFLOW_CTX_TASK_ID='run_feature_ML' AIRFLOW_CTX_EXECUTION_DATE='2026-05-13T19:54:51.288880+00:00' AIRFLOW_CTX_TRY_NUMBER='2' AIRFLOW_CTX_DAG_RUN_ID='manual__2026-05-13T19:54:51.288880+00:00'
[2026-05-13T20:06:16.660+0000] {taskinstance.py:430} INFO - ::endgroup::
[2026-05-13T20:06:16.662+0000] {subprocess.py:63} INFO - Tmp dir root location: /tmp
[2026-05-13T20:06:16.664+0000] {subprocess.py:75} INFO - Running command: ['/usr/bin/bash', '-c', 'python /opt/***/dags/scripts/gazp_ml_v2.py']
[2026-05-13T20:06:16.686+0000] {subprocess.py:86} INFO - Output:
[2026-05-13T20:06:20.091+0000] {subprocess.py:93} INFO - 
[2026-05-13T20:06:20.093+0000] {subprocess.py:93} INFO - ==================================================
[2026-05-13T20:06:20.097+0000] {subprocess.py:93} INFO -   РЕЖИМ: ОБУЧЕНИЕ
[2026-05-13T20:06:20.099+0000] {subprocess.py:93} INFO - ==================================================
[2026-05-13T20:06:20.101+0000] {subprocess.py:93} INFO - 
[2026-05-13T20:06:20.102+0000] {subprocess.py:93} INFO - [1] Загружаем из Trino: minio.feature_data_gazp_agg.features
[2026-05-13T20:06:20.102+0000] {subprocess.py:93} INFO -   Загружаем фичи из minio.feature_data_gazp_agg.features...
[2026-05-13T20:06:20.103+0000] {subprocess.py:93} INFO -   ⚠  Ошибка чтения minio.feature_data_gazp_agg.features: failed to execute: HTTPConnectionPool(host='localhost', port=8086): Max retries exceeded with url: /v1/statement (Caused by NewConnectionError('<urllib3.connection.HTTPConnection object at 0x7a7a7af67410>: Failed to establish a new connection: [Errno 111] Connection refused'))
[2026-05-13T20:06:20.103+0000] {subprocess.py:93} INFO -      Переключаемся на minio.moex_data.gazp_view + локальный расчёт фичей.
[2026-05-13T20:06:20.104+0000] {subprocess.py:93} INFO - 
[2026-05-13T20:06:20.105+0000] {subprocess.py:93} INFO -   Загружаем сырые данные из minio.moex_data.gazp_view...
[2026-05-13T20:06:20.105+0000] {subprocess.py:93} INFO - Traceback (most recent call last):
[2026-05-13T20:06:20.106+0000] {subprocess.py:93} INFO -   File "/home/***/.local/lib/python3.12/site-packages/urllib3/connection.py", line 203, in _new_conn
[2026-05-13T20:06:20.107+0000] {subprocess.py:93} INFO -     sock = connection.create_connection(
[2026-05-13T20:06:20.107+0000] {subprocess.py:93} INFO -            ^^^^^^^^^^^^^^^^^^^^^^^^^^^^^
[2026-05-13T20:06:20.108+0000] {subprocess.py:93} INFO -   File "/home/***/.local/lib/python3.12/site-packages/urllib3/util/connection.py", line 85, in create_connection
[2026-05-13T20:06:20.109+0000] {subprocess.py:93} INFO -     raise err
[2026-05-13T20:06:20.109+0000] {subprocess.py:93} INFO -   File "/home/***/.local/lib/python3.12/site-packages/urllib3/util/connection.py", line 73, in create_connection
[2026-05-13T20:06:20.110+0000] {subprocess.py:93} INFO -     sock.connect(sa)
[2026-05-13T20:06:20.110+0000] {subprocess.py:93} INFO - ConnectionRefusedError: [Errno 111] Connection refused
[2026-05-13T20:06:20.111+0000] {subprocess.py:93} INFO - 
[2026-05-13T20:06:20.111+0000] {subprocess.py:93} INFO - The above exception was the direct cause of the following exception:
[2026-05-13T20:06:20.111+0000] {subprocess.py:93} INFO - 
[2026-05-13T20:06:20.112+0000] {subprocess.py:93} INFO - Traceback (most recent call last):
[2026-05-13T20:06:20.112+0000] {subprocess.py:93} INFO -   File "/home/***/.local/lib/python3.12/site-packages/urllib3/connectionpool.py", line 791, in urlopen
[2026-05-13T20:06:20.113+0000] {subprocess.py:93} INFO -     response = self._make_request(
[2026-05-13T20:06:20.114+0000] {subprocess.py:93} INFO -                ^^^^^^^^^^^^^^^^^^^
[2026-05-13T20:06:20.114+0000] {subprocess.py:93} INFO -   File "/home/***/.local/lib/python3.12/site-packages/urllib3/connectionpool.py", line 497, in _make_request
[2026-05-13T20:06:20.115+0000] {subprocess.py:93} INFO -     conn.request(
[2026-05-13T20:06:20.115+0000] {subprocess.py:93} INFO -   File "/home/***/.local/lib/python3.12/site-packages/urllib3/connection.py", line 395, in request
[2026-05-13T20:06:20.116+0000] {subprocess.py:93} INFO -     self.endheaders()
[2026-05-13T20:06:20.116+0000] {subprocess.py:93} INFO -   File "/usr/local/lib/python3.12/http/client.py", line 1331, in endheaders
[2026-05-13T20:06:20.117+0000] {subprocess.py:93} INFO -     self._send_output(message_body, encode_chunked=encode_chunked)
[2026-05-13T20:06:20.118+0000] {subprocess.py:93} INFO -   File "/usr/local/lib/python3.12/http/client.py", line 1091, in _send_output
[2026-05-13T20:06:20.118+0000] {subprocess.py:93} INFO -     self.send(msg)
[2026-05-13T20:06:20.118+0000] {subprocess.py:93} INFO -   File "/usr/local/lib/python3.12/http/client.py", line 1035, in send
[2026-05-13T20:06:20.119+0000] {subprocess.py:93} INFO -     self.connect()
[2026-05-13T20:06:20.120+0000] {subprocess.py:93} INFO -   File "/home/***/.local/lib/python3.12/site-packages/urllib3/connection.py", line 243, in connect
[2026-05-13T20:06:20.120+0000] {subprocess.py:93} INFO -     self.sock = self._new_conn()
[2026-05-13T20:06:20.121+0000] {subprocess.py:93} INFO -                 ^^^^^^^^^^^^^^^^
[2026-05-13T20:06:20.121+0000] {subprocess.py:93} INFO -   File "/home/***/.local/lib/python3.12/site-packages/urllib3/connection.py", line 218, in _new_conn
[2026-05-13T20:06:20.122+0000] {subprocess.py:93} INFO -     raise NewConnectionError(
[2026-05-13T20:06:20.123+0000] {subprocess.py:93} INFO - urllib3.exceptions.NewConnectionError: <urllib3.connection.HTTPConnection object at 0x7a7a7afe8050>: Failed to establish a new connection: [Errno 111] Connection refused
[2026-05-13T20:06:20.123+0000] {subprocess.py:93} INFO - 
[2026-05-13T20:06:20.124+0000] {subprocess.py:93} INFO - The above exception was the direct cause of the following exception:
[2026-05-13T20:06:20.124+0000] {subprocess.py:93} INFO - 
[2026-05-13T20:06:20.124+0000] {subprocess.py:93} INFO - Traceback (most recent call last):
[2026-05-13T20:06:20.125+0000] {subprocess.py:93} INFO -   File "/home/***/.local/lib/python3.12/site-packages/requests/adapters.py", line 696, in send
[2026-05-13T20:06:20.125+0000] {subprocess.py:93} INFO -     resp = conn.urlopen(
[2026-05-13T20:06:20.126+0000] {subprocess.py:93} INFO -            ^^^^^^^^^^^^^
[2026-05-13T20:06:20.127+0000] {subprocess.py:93} INFO -   File "/home/***/.local/lib/python3.12/site-packages/urllib3/connectionpool.py", line 845, in urlopen
[2026-05-13T20:06:20.128+0000] {subprocess.py:93} INFO -     retries = retries.increment(
[2026-05-13T20:06:20.128+0000] {subprocess.py:93} INFO -               ^^^^^^^^^^^^^^^^^^
[2026-05-13T20:06:20.129+0000] {subprocess.py:93} INFO -   File "/home/***/.local/lib/python3.12/site-packages/urllib3/util/retry.py", line 515, in increment
[2026-05-13T20:06:20.130+0000] {subprocess.py:93} INFO -     raise MaxRetryError(_pool, url, reason) from reason  # type: ignore[arg-type]
[2026-05-13T20:06:20.130+0000] {subprocess.py:93} INFO -     ^^^^^^^^^^^^^^^^^^^^^^^^^^^^^^^^^^^^^^^^^^^^^^^^^^^
[2026-05-13T20:06:20.131+0000] {subprocess.py:93} INFO - urllib3.exceptions.MaxRetryError: HTTPConnectionPool(host='localhost', port=8086): Max retries exceeded with url: /v1/statement (Caused by NewConnectionError('<urllib3.connection.HTTPConnection object at 0x7a7a7afe8050>: Failed to establish a new connection: [Errno 111] Connection refused'))
[2026-05-13T20:06:20.132+0000] {subprocess.py:93} INFO - 
[2026-05-13T20:06:20.133+0000] {subprocess.py:93} INFO - During handling of the above exception, another exception occurred:
[2026-05-13T20:06:20.133+0000] {subprocess.py:93} INFO - 
[2026-05-13T20:06:20.134+0000] {subprocess.py:93} INFO - Traceback (most recent call last):
[2026-05-13T20:06:20.134+0000] {subprocess.py:93} INFO -   File "/home/***/.local/lib/python3.12/site-packages/trino/client.py", line 921, in execute
[2026-05-13T20:06:20.135+0000] {subprocess.py:93} INFO -     response = self._request.post(self._query, additional_http_headers)
[2026-05-13T20:06:20.135+0000] {subprocess.py:93} INFO -                ^^^^^^^^^^^^^^^^^^^^^^^^^^^^^^^^^^^^^^^^^^^^^^^^^^^^^^^^
[2026-05-13T20:06:20.136+0000] {subprocess.py:93} INFO -   File "/home/***/.local/lib/python3.12/site-packages/trino/client.py", line 672, in post
[2026-05-13T20:06:20.136+0000] {subprocess.py:93} INFO -     http_response = self._post(
[2026-05-13T20:06:20.137+0000] {subprocess.py:93} INFO -                     ^^^^^^^^^^^
[2026-05-13T20:06:20.138+0000] {subprocess.py:93} INFO -   File "/home/***/.local/lib/python3.12/site-packages/trino/client.py", line 1053, in decorated
[2026-05-13T20:06:20.138+0000] {subprocess.py:93} INFO -     raise error
[2026-05-13T20:06:20.138+0000] {subprocess.py:93} INFO -   File "/home/***/.local/lib/python3.12/site-packages/trino/client.py", line 1035, in decorated
[2026-05-13T20:06:20.139+0000] {subprocess.py:93} INFO -     result = func(*args, **kwargs)
[2026-05-13T20:06:20.139+0000] {subprocess.py:93} INFO -              ^^^^^^^^^^^^^^^^^^^^^
[2026-05-13T20:06:20.140+0000] {subprocess.py:93} INFO -   File "/home/***/.local/lib/python3.12/site-packages/requests/sessions.py", line 712, in post
[2026-05-13T20:06:20.140+0000] {subprocess.py:93} INFO -     return self.request("POST", url, data=data, json=json, **kwargs)
[2026-05-13T20:06:20.141+0000] {subprocess.py:93} INFO -            ^^^^^^^^^^^^^^^^^^^^^^^^^^^^^^^^^^^^^^^^^^^^^^^^^^^^^^^^^
[2026-05-13T20:06:20.142+0000] {subprocess.py:93} INFO -   File "/home/***/.local/lib/python3.12/site-packages/requests/sessions.py", line 651, in request
[2026-05-13T20:06:20.142+0000] {subprocess.py:93} INFO -     resp = self.send(prep, **send_kwargs)
[2026-05-13T20:06:20.142+0000] {subprocess.py:93} INFO -            ^^^^^^^^^^^^^^^^^^^^^^^^^^^^^^
[2026-05-13T20:06:20.143+0000] {subprocess.py:93} INFO -   File "/home/***/.local/lib/python3.12/site-packages/requests/sessions.py", line 784, in send
[2026-05-13T20:06:20.143+0000] {subprocess.py:93} INFO -     r = adapter.send(request, **kwargs)
[2026-05-13T20:06:20.143+0000] {subprocess.py:93} INFO -         ^^^^^^^^^^^^^^^^^^^^^^^^^^^^^^^
[2026-05-13T20:06:20.144+0000] {subprocess.py:93} INFO -   File "/home/***/.local/lib/python3.12/site-packages/requests/adapters.py", line 729, in send
[2026-05-13T20:06:20.144+0000] {subprocess.py:93} INFO -     raise ConnectionError(e, request=request)
[2026-05-13T20:06:20.145+0000] {subprocess.py:93} INFO - requests.exceptions.ConnectionError: HTTPConnectionPool(host='localhost', port=8086): Max retries exceeded with url: /v1/statement (Caused by NewConnectionError('<urllib3.connection.HTTPConnection object at 0x7a7a7afe8050>: Failed to establish a new connection: [Errno 111] Connection refused'))
[2026-05-13T20:06:20.146+0000] {subprocess.py:93} INFO - 
[2026-05-13T20:06:20.146+0000] {subprocess.py:93} INFO - During handling of the above exception, another exception occurred:
[2026-05-13T20:06:20.147+0000] {subprocess.py:93} INFO - 
[2026-05-13T20:06:20.148+0000] {subprocess.py:93} INFO - Traceback (most recent call last):
[2026-05-13T20:06:20.148+0000] {subprocess.py:93} INFO -   File "/opt/***/dags/scripts/gazp_ml_v2.py", line 680, in <module>
[2026-05-13T20:06:20.149+0000] {subprocess.py:93} INFO -     run_train(csv_path=args.csv)
[2026-05-13T20:06:20.150+0000] {subprocess.py:93} INFO -   File "/opt/***/dags/scripts/gazp_ml_v2.py", line 610, in run_train
[2026-05-13T20:06:20.150+0000] {subprocess.py:93} INFO -     df = load_features()
[2026-05-13T20:06:20.150+0000] {subprocess.py:93} INFO -          ^^^^^^^^^^^^^^^
[2026-05-13T20:06:20.151+0000] {subprocess.py:93} INFO -   File "/opt/***/dags/scripts/gazp_ml_v2.py", line 237, in load_features
[2026-05-13T20:06:20.151+0000] {subprocess.py:93} INFO -     df_raw = trino_select(sql_raw)
[2026-05-13T20:06:20.152+0000] {subprocess.py:93} INFO -              ^^^^^^^^^^^^^^^^^^^^^
[2026-05-13T20:06:20.152+0000] {subprocess.py:93} INFO -   File "/opt/***/dags/scripts/gazp_ml_v2.py", line 160, in trino_select
[2026-05-13T20:06:20.153+0000] {subprocess.py:93} INFO -     cursor.execute(sql)
[2026-05-13T20:06:20.154+0000] {subprocess.py:93} INFO -   File "/home/***/.local/lib/python3.12/site-packages/trino/dbapi.py", line 640, in execute
[2026-05-13T20:06:20.155+0000] {subprocess.py:93} INFO -     self._iterator = iter(self._query.execute())
[2026-05-13T20:06:20.155+0000] {subprocess.py:93} INFO -                           ^^^^^^^^^^^^^^^^^^^^^
[2026-05-13T20:06:20.155+0000] {subprocess.py:93} INFO -   File "/home/***/.local/lib/python3.12/site-packages/trino/client.py", line 923, in execute
[2026-05-13T20:06:20.156+0000] {subprocess.py:93} INFO -     raise trino.exceptions.TrinoConnectionError("failed to execute: {}".format(e))
[2026-05-13T20:06:20.156+0000] {subprocess.py:93} INFO - trino.exceptions.TrinoConnectionError: failed to execute: HTTPConnectionPool(host='localhost', port=8086): Max retries exceeded with url: /v1/statement (Caused by NewConnectionError('<urllib3.connection.HTTPConnection object at 0x7a7a7afe8050>: Failed to establish a new connection: [Errno 111] Connection refused'))
[2026-05-13T20:06:20.330+0000] {subprocess.py:97} INFO - Command exited with return code 1
[2026-05-13T20:06:20.333+0000] {taskinstance.py:441} INFO - ::group::Post task execution logs
[2026-05-13T20:06:20.363+0000] {taskinstance.py:2905} ERROR - Task failed with exception
Traceback (most recent call last):
  File "/home/airflow/.local/lib/python3.12/site-packages/airflow/models/taskinstance.py", line 465, in _execute_task
    result = _execute_callable(context=context, **execute_callable_kwargs)
             ^^^^^^^^^^^^^^^^^^^^^^^^^^^^^^^^^^^^^^^^^^^^^^^^^^^^^^^^^^^^^
  File "/home/airflow/.local/lib/python3.12/site-packages/airflow/models/taskinstance.py", line 432, in _execute_callable
    return execute_callable(context=context, **execute_callable_kwargs)
           ^^^^^^^^^^^^^^^^^^^^^^^^^^^^^^^^^^^^^^^^^^^^^^^^^^^^^^^^^^^^
  File "/home/airflow/.local/lib/python3.12/site-packages/airflow/models/baseoperator.py", line 401, in wrapper
    return func(self, *args, **kwargs)
           ^^^^^^^^^^^^^^^^^^^^^^^^^^^
  File "/home/airflow/.local/lib/python3.12/site-packages/airflow/operators/bash.py", line 243, in execute
    raise AirflowException(
airflow.exceptions.AirflowException: Bash command failed. The command returned a non-zero exit code 1.
[2026-05-13T20:06:20.373+0000] {taskinstance.py:1206} INFO - Marking task as FAILED. dag_id=moex_candles_loader, task_id=run_feature_ML, run_id=manual__2026-05-13T19:54:51.288880+00:00, execution_date=20260513T195451, start_date=20260513T200616, end_date=20260513T200620
[2026-05-13T20:06:20.407+0000] {standard_task_runner.py:110} ERROR - Failed to execute job 77 for task run_feature_ML (Bash command failed. The command returned a non-zero exit code 1.; 17845)
[2026-05-13T20:06:20.452+0000] {local_task_job_runner.py:243} INFO - Task exited with return code 1
[2026-05-13T20:06:20.483+0000] {taskinstance.py:3503} INFO - 0 downstream tasks scheduled from follow-on schedule check
[2026-05-13T20:06:20.492+0000] {local_task_job_runner.py:222} INFO - ::endgroup::
