[2026-05-13T20:09:30.104+0000] {local_task_job_runner.py:120} INFO - ::group::Pre task execution logs
[2026-05-13T20:09:30.143+0000] {taskinstance.py:2076} INFO - Dependencies all met for dep_context=non-requeueable deps ti=<TaskInstance: moex_candles_loader.run_feature_ML manual__2026-05-13T19:54:51.288880+00:00 [queued]>
[2026-05-13T20:09:30.156+0000] {taskinstance.py:2076} INFO - Dependencies all met for dep_context=requeueable deps ti=<TaskInstance: moex_candles_loader.run_feature_ML manual__2026-05-13T19:54:51.288880+00:00 [queued]>
[2026-05-13T20:09:30.158+0000] {taskinstance.py:2306} INFO - Starting attempt 4 of 4
[2026-05-13T20:09:30.184+0000] {taskinstance.py:2330} INFO - Executing <Task(BashOperator): run_feature_ML> on 2026-05-13 19:54:51.288880+00:00
[2026-05-13T20:09:30.200+0000] {warnings.py:112} WARNING - /home/***/.local/lib/python3.12/site-packages/***/task/task_runner/standard_task_runner.py:62: DeprecationWarning: This process (pid=17972) is multi-threaded, use of fork() may lead to deadlocks in the child.
  pid = os.fork()

[2026-05-13T20:09:30.204+0000] {standard_task_runner.py:64} INFO - Started process 17981 to run task
[2026-05-13T20:09:30.200+0000] {standard_task_runner.py:90} INFO - Running: ['***', 'tasks', 'run', 'moex_candles_loader', 'run_feature_ML', 'manual__2026-05-13T19:54:51.288880+00:00', '--job-id', '79', '--raw', '--subdir', 'DAGS_FOLDER/moex_loader_dag.py', '--cfg-path', '/tmp/tmpqy5v70e1']
[2026-05-13T20:09:30.206+0000] {standard_task_runner.py:91} INFO - Job 79: Subtask run_feature_ML
[2026-05-13T20:09:30.318+0000] {task_command.py:426} INFO - Running <TaskInstance: moex_candles_loader.run_feature_ML manual__2026-05-13T19:54:51.288880+00:00 [running]> on host ef4f4778eb40
[2026-05-13T20:09:30.468+0000] {taskinstance.py:2648} INFO - Exporting env vars: AIRFLOW_CTX_DAG_OWNER='***' AIRFLOW_CTX_DAG_ID='moex_candles_loader' AIRFLOW_CTX_TASK_ID='run_feature_ML' AIRFLOW_CTX_EXECUTION_DATE='2026-05-13T19:54:51.288880+00:00' AIRFLOW_CTX_TRY_NUMBER='4' AIRFLOW_CTX_DAG_RUN_ID='manual__2026-05-13T19:54:51.288880+00:00'
[2026-05-13T20:09:30.471+0000] {taskinstance.py:430} INFO - ::endgroup::
[2026-05-13T20:09:30.473+0000] {subprocess.py:63} INFO - Tmp dir root location: /tmp
[2026-05-13T20:09:30.476+0000] {subprocess.py:75} INFO - Running command: ['/usr/bin/bash', '-c', 'python /opt/***/dags/scripts/gazp_ml_v2.py']
[2026-05-13T20:09:30.499+0000] {subprocess.py:86} INFO - Output:
[2026-05-13T20:09:34.363+0000] {subprocess.py:93} INFO - 
[2026-05-13T20:09:34.365+0000] {subprocess.py:93} INFO - ==================================================
[2026-05-13T20:09:34.366+0000] {subprocess.py:93} INFO -   РЕЖИМ: ОБУЧЕНИЕ
[2026-05-13T20:09:34.366+0000] {subprocess.py:93} INFO - ==================================================
[2026-05-13T20:09:34.368+0000] {subprocess.py:93} INFO - 
[2026-05-13T20:09:34.369+0000] {subprocess.py:93} INFO - [1] Загружаем из Trino: minio.feature_data_gazp_agg.features
[2026-05-13T20:09:34.370+0000] {subprocess.py:93} INFO -   Загружаем фичи из minio.feature_data_gazp_agg.features...
[2026-05-13T20:09:34.371+0000] {subprocess.py:93} INFO -   ⚠  Ошибка чтения minio.feature_data_gazp_agg.features: failed to execute: HTTPConnectionPool(host='localhost', port=8080): Max retries exceeded with url: /v1/statement (Caused by NewConnectionError('<urllib3.connection.HTTPConnection object at 0x7da1e513f620>: Failed to establish a new connection: [Errno 111] Connection refused'))
[2026-05-13T20:09:34.372+0000] {subprocess.py:93} INFO -      Переключаемся на minio.moex_data.gazp_view + локальный расчёт фичей.
[2026-05-13T20:09:34.372+0000] {subprocess.py:93} INFO - 
[2026-05-13T20:09:34.373+0000] {subprocess.py:93} INFO -   Загружаем сырые данные из minio.moex_data.gazp_view...
[2026-05-13T20:09:34.374+0000] {subprocess.py:93} INFO - Traceback (most recent call last):
[2026-05-13T20:09:34.375+0000] {subprocess.py:93} INFO -   File "/home/***/.local/lib/python3.12/site-packages/urllib3/connection.py", line 203, in _new_conn
[2026-05-13T20:09:34.376+0000] {subprocess.py:93} INFO -     sock = connection.create_connection(
[2026-05-13T20:09:34.376+0000] {subprocess.py:93} INFO -            ^^^^^^^^^^^^^^^^^^^^^^^^^^^^^
[2026-05-13T20:09:34.377+0000] {subprocess.py:93} INFO -   File "/home/***/.local/lib/python3.12/site-packages/urllib3/util/connection.py", line 85, in create_connection
[2026-05-13T20:09:34.378+0000] {subprocess.py:93} INFO -     raise err
[2026-05-13T20:09:34.379+0000] {subprocess.py:93} INFO -   File "/home/***/.local/lib/python3.12/site-packages/urllib3/util/connection.py", line 73, in create_connection
[2026-05-13T20:09:34.380+0000] {subprocess.py:93} INFO -     sock.connect(sa)
[2026-05-13T20:09:34.380+0000] {subprocess.py:93} INFO - ConnectionRefusedError: [Errno 111] Connection refused
[2026-05-13T20:09:34.381+0000] {subprocess.py:93} INFO - 
[2026-05-13T20:09:34.382+0000] {subprocess.py:93} INFO - The above exception was the direct cause of the following exception:
[2026-05-13T20:09:34.383+0000] {subprocess.py:93} INFO - 
[2026-05-13T20:09:34.384+0000] {subprocess.py:93} INFO - Traceback (most recent call last):
[2026-05-13T20:09:34.385+0000] {subprocess.py:93} INFO -   File "/home/***/.local/lib/python3.12/site-packages/urllib3/connectionpool.py", line 791, in urlopen
[2026-05-13T20:09:34.386+0000] {subprocess.py:93} INFO -     response = self._make_request(
[2026-05-13T20:09:34.386+0000] {subprocess.py:93} INFO -                ^^^^^^^^^^^^^^^^^^^
[2026-05-13T20:09:34.387+0000] {subprocess.py:93} INFO -   File "/home/***/.local/lib/python3.12/site-packages/urllib3/connectionpool.py", line 497, in _make_request
[2026-05-13T20:09:34.388+0000] {subprocess.py:93} INFO -     conn.request(
[2026-05-13T20:09:34.388+0000] {subprocess.py:93} INFO -   File "/home/***/.local/lib/python3.12/site-packages/urllib3/connection.py", line 395, in request
[2026-05-13T20:09:34.389+0000] {subprocess.py:93} INFO -     self.endheaders()
[2026-05-13T20:09:34.390+0000] {subprocess.py:93} INFO -   File "/usr/local/lib/python3.12/http/client.py", line 1331, in endheaders
[2026-05-13T20:09:34.390+0000] {subprocess.py:93} INFO -     self._send_output(message_body, encode_chunked=encode_chunked)
[2026-05-13T20:09:34.391+0000] {subprocess.py:93} INFO -   File "/usr/local/lib/python3.12/http/client.py", line 1091, in _send_output
[2026-05-13T20:09:34.392+0000] {subprocess.py:93} INFO -     self.send(msg)
[2026-05-13T20:09:34.393+0000] {subprocess.py:93} INFO -   File "/usr/local/lib/python3.12/http/client.py", line 1035, in send
[2026-05-13T20:09:34.394+0000] {subprocess.py:93} INFO -     self.connect()
[2026-05-13T20:09:34.394+0000] {subprocess.py:93} INFO -   File "/home/***/.local/lib/python3.12/site-packages/urllib3/connection.py", line 243, in connect
[2026-05-13T20:09:34.395+0000] {subprocess.py:93} INFO -     self.sock = self._new_conn()
[2026-05-13T20:09:34.395+0000] {subprocess.py:93} INFO -                 ^^^^^^^^^^^^^^^^
[2026-05-13T20:09:34.396+0000] {subprocess.py:93} INFO -   File "/home/***/.local/lib/python3.12/site-packages/urllib3/connection.py", line 218, in _new_conn
[2026-05-13T20:09:34.396+0000] {subprocess.py:93} INFO -     raise NewConnectionError(
[2026-05-13T20:09:34.397+0000] {subprocess.py:93} INFO - urllib3.exceptions.NewConnectionError: <urllib3.connection.HTTPConnection object at 0x7da1e51c01d0>: Failed to establish a new connection: [Errno 111] Connection refused
[2026-05-13T20:09:34.397+0000] {subprocess.py:93} INFO - 
[2026-05-13T20:09:34.398+0000] {subprocess.py:93} INFO - The above exception was the direct cause of the following exception:
[2026-05-13T20:09:34.399+0000] {subprocess.py:93} INFO - 
[2026-05-13T20:09:34.400+0000] {subprocess.py:93} INFO - Traceback (most recent call last):
[2026-05-13T20:09:34.401+0000] {subprocess.py:93} INFO -   File "/home/***/.local/lib/python3.12/site-packages/requests/adapters.py", line 696, in send
[2026-05-13T20:09:34.401+0000] {subprocess.py:93} INFO -     resp = conn.urlopen(
[2026-05-13T20:09:34.402+0000] {subprocess.py:93} INFO -            ^^^^^^^^^^^^^
[2026-05-13T20:09:34.403+0000] {subprocess.py:93} INFO -   File "/home/***/.local/lib/python3.12/site-packages/urllib3/connectionpool.py", line 845, in urlopen
[2026-05-13T20:09:34.403+0000] {subprocess.py:93} INFO -     retries = retries.increment(
[2026-05-13T20:09:34.404+0000] {subprocess.py:93} INFO -               ^^^^^^^^^^^^^^^^^^
[2026-05-13T20:09:34.405+0000] {subprocess.py:93} INFO -   File "/home/***/.local/lib/python3.12/site-packages/urllib3/util/retry.py", line 515, in increment
[2026-05-13T20:09:34.406+0000] {subprocess.py:93} INFO -     raise MaxRetryError(_pool, url, reason) from reason  # type: ignore[arg-type]
[2026-05-13T20:09:34.406+0000] {subprocess.py:93} INFO -     ^^^^^^^^^^^^^^^^^^^^^^^^^^^^^^^^^^^^^^^^^^^^^^^^^^^
[2026-05-13T20:09:34.407+0000] {subprocess.py:93} INFO - urllib3.exceptions.MaxRetryError: HTTPConnectionPool(host='localhost', port=8080): Max retries exceeded with url: /v1/statement (Caused by NewConnectionError('<urllib3.connection.HTTPConnection object at 0x7da1e51c01d0>: Failed to establish a new connection: [Errno 111] Connection refused'))
[2026-05-13T20:09:34.408+0000] {subprocess.py:93} INFO - 
[2026-05-13T20:09:34.408+0000] {subprocess.py:93} INFO - During handling of the above exception, another exception occurred:
[2026-05-13T20:09:34.409+0000] {subprocess.py:93} INFO - 
[2026-05-13T20:09:34.410+0000] {subprocess.py:93} INFO - Traceback (most recent call last):
[2026-05-13T20:09:34.411+0000] {subprocess.py:93} INFO -   File "/home/***/.local/lib/python3.12/site-packages/trino/client.py", line 921, in execute
[2026-05-13T20:09:34.411+0000] {subprocess.py:93} INFO -     response = self._request.post(self._query, additional_http_headers)
[2026-05-13T20:09:34.412+0000] {subprocess.py:93} INFO -                ^^^^^^^^^^^^^^^^^^^^^^^^^^^^^^^^^^^^^^^^^^^^^^^^^^^^^^^^
[2026-05-13T20:09:34.413+0000] {subprocess.py:93} INFO -   File "/home/***/.local/lib/python3.12/site-packages/trino/client.py", line 672, in post
[2026-05-13T20:09:34.414+0000] {subprocess.py:93} INFO -     http_response = self._post(
[2026-05-13T20:09:34.414+0000] {subprocess.py:93} INFO -                     ^^^^^^^^^^^
[2026-05-13T20:09:34.415+0000] {subprocess.py:93} INFO -   File "/home/***/.local/lib/python3.12/site-packages/trino/client.py", line 1053, in decorated
[2026-05-13T20:09:34.416+0000] {subprocess.py:93} INFO -     raise error
[2026-05-13T20:09:34.416+0000] {subprocess.py:93} INFO -   File "/home/***/.local/lib/python3.12/site-packages/trino/client.py", line 1035, in decorated
[2026-05-13T20:09:34.417+0000] {subprocess.py:93} INFO -     result = func(*args, **kwargs)
[2026-05-13T20:09:34.418+0000] {subprocess.py:93} INFO -              ^^^^^^^^^^^^^^^^^^^^^
[2026-05-13T20:09:34.419+0000] {subprocess.py:93} INFO -   File "/home/***/.local/lib/python3.12/site-packages/requests/sessions.py", line 712, in post
[2026-05-13T20:09:34.419+0000] {subprocess.py:93} INFO -     return self.request("POST", url, data=data, json=json, **kwargs)
[2026-05-13T20:09:34.420+0000] {subprocess.py:93} INFO -            ^^^^^^^^^^^^^^^^^^^^^^^^^^^^^^^^^^^^^^^^^^^^^^^^^^^^^^^^^
[2026-05-13T20:09:34.421+0000] {subprocess.py:93} INFO -   File "/home/***/.local/lib/python3.12/site-packages/requests/sessions.py", line 651, in request
[2026-05-13T20:09:34.421+0000] {subprocess.py:93} INFO -     resp = self.send(prep, **send_kwargs)
[2026-05-13T20:09:34.422+0000] {subprocess.py:93} INFO -            ^^^^^^^^^^^^^^^^^^^^^^^^^^^^^^
[2026-05-13T20:09:34.422+0000] {subprocess.py:93} INFO -   File "/home/***/.local/lib/python3.12/site-packages/requests/sessions.py", line 784, in send
[2026-05-13T20:09:34.423+0000] {subprocess.py:93} INFO -     r = adapter.send(request, **kwargs)
[2026-05-13T20:09:34.423+0000] {subprocess.py:93} INFO -         ^^^^^^^^^^^^^^^^^^^^^^^^^^^^^^^
[2026-05-13T20:09:34.424+0000] {subprocess.py:93} INFO -   File "/home/***/.local/lib/python3.12/site-packages/requests/adapters.py", line 729, in send
[2026-05-13T20:09:34.424+0000] {subprocess.py:93} INFO -     raise ConnectionError(e, request=request)
[2026-05-13T20:09:34.425+0000] {subprocess.py:93} INFO - requests.exceptions.ConnectionError: HTTPConnectionPool(host='localhost', port=8080): Max retries exceeded with url: /v1/statement (Caused by NewConnectionError('<urllib3.connection.HTTPConnection object at 0x7da1e51c01d0>: Failed to establish a new connection: [Errno 111] Connection refused'))
[2026-05-13T20:09:34.426+0000] {subprocess.py:93} INFO - 
[2026-05-13T20:09:34.427+0000] {subprocess.py:93} INFO - During handling of the above exception, another exception occurred:
[2026-05-13T20:09:34.428+0000] {subprocess.py:93} INFO - 
[2026-05-13T20:09:34.428+0000] {subprocess.py:93} INFO - Traceback (most recent call last):
[2026-05-13T20:09:34.429+0000] {subprocess.py:93} INFO -   File "/opt/***/dags/scripts/gazp_ml_v2.py", line 680, in <module>
[2026-05-13T20:09:34.429+0000] {subprocess.py:93} INFO -     run_train(csv_path=args.csv)
[2026-05-13T20:09:34.430+0000] {subprocess.py:93} INFO -   File "/opt/***/dags/scripts/gazp_ml_v2.py", line 610, in run_train
[2026-05-13T20:09:34.431+0000] {subprocess.py:93} INFO -     df = load_features()
[2026-05-13T20:09:34.431+0000] {subprocess.py:93} INFO -          ^^^^^^^^^^^^^^^
[2026-05-13T20:09:34.432+0000] {subprocess.py:93} INFO -   File "/opt/***/dags/scripts/gazp_ml_v2.py", line 237, in load_features
[2026-05-13T20:09:34.433+0000] {subprocess.py:93} INFO -     df_raw = trino_select(sql_raw)
[2026-05-13T20:09:34.433+0000] {subprocess.py:93} INFO -              ^^^^^^^^^^^^^^^^^^^^^
[2026-05-13T20:09:34.435+0000] {subprocess.py:93} INFO -   File "/opt/***/dags/scripts/gazp_ml_v2.py", line 160, in trino_select
[2026-05-13T20:09:34.436+0000] {subprocess.py:93} INFO -     cursor.execute(sql)
[2026-05-13T20:09:34.437+0000] {subprocess.py:93} INFO -   File "/home/***/.local/lib/python3.12/site-packages/trino/dbapi.py", line 640, in execute
[2026-05-13T20:09:34.437+0000] {subprocess.py:93} INFO -     self._iterator = iter(self._query.execute())
[2026-05-13T20:09:34.438+0000] {subprocess.py:93} INFO -                           ^^^^^^^^^^^^^^^^^^^^^
[2026-05-13T20:09:34.439+0000] {subprocess.py:93} INFO -   File "/home/***/.local/lib/python3.12/site-packages/trino/client.py", line 923, in execute
[2026-05-13T20:09:34.439+0000] {subprocess.py:93} INFO -     raise trino.exceptions.TrinoConnectionError("failed to execute: {}".format(e))
[2026-05-13T20:09:34.440+0000] {subprocess.py:93} INFO - trino.exceptions.TrinoConnectionError: failed to execute: HTTPConnectionPool(host='localhost', port=8080): Max retries exceeded with url: /v1/statement (Caused by NewConnectionError('<urllib3.connection.HTTPConnection object at 0x7da1e51c01d0>: Failed to establish a new connection: [Errno 111] Connection refused'))
[2026-05-13T20:09:34.633+0000] {subprocess.py:97} INFO - Command exited with return code 1
[2026-05-13T20:09:34.636+0000] {taskinstance.py:441} INFO - ::group::Post task execution logs
[2026-05-13T20:09:34.662+0000] {taskinstance.py:2905} ERROR - Task failed with exception
Traceback (most recent call last):
  File "/home/airflow/.local/lib/python3.12/site-packages/airflow/models/taskinstance.py", line 465, in _execute_task
    result = _execute_callable(context=context, **execute_callable_kwargs)
             ^^^^^^^^^^^^^^^^^^^^^^^^^^^^^^^^^^^^^^^^^^^^^^^^^^^^^^^^^^^^^
  File "/home/airflow/.local/lib/python3.12/site-packages/airflow/models/taskinstance.py", line 432, in _execute_callable
    return execute_callable(context=context, **execute_callable_kwargs)
           ^^^^^^^^^^^^^^^^^^^^^^^^^^^^^^^^^^^^^^^^^^^^^^^^^^^^^^^^^^^^
  File "/home/airflow/.local/lib/python3.12/site-packages/airflow/models/baseoperator.py", line 401, in wrapper
    return func(self, *args, **kwargs)
           ^^^^^^^^^^^^^^^^^^^^^^^^^^^
  File "/home/airflow/.local/lib/python3.12/site-packages/airflow/operators/bash.py", line 243, in execute
    raise AirflowException(
airflow.exceptions.AirflowException: Bash command failed. The command returned a non-zero exit code 1.
[2026-05-13T20:09:34.674+0000] {taskinstance.py:1206} INFO - Marking task as FAILED. dag_id=moex_candles_loader, task_id=run_feature_ML, run_id=manual__2026-05-13T19:54:51.288880+00:00, execution_date=20260513T195451, start_date=20260513T200930, end_date=20260513T200934
[2026-05-13T20:09:34.732+0000] {standard_task_runner.py:110} ERROR - Failed to execute job 79 for task run_feature_ML (Bash command failed. The command returned a non-zero exit code 1.; 17981)
[2026-05-13T20:09:34.769+0000] {local_task_job_runner.py:243} INFO - Task exited with return code 1
[2026-05-13T20:09:34.806+0000] {taskinstance.py:3503} INFO - 0 downstream tasks scheduled from follow-on schedule check
[2026-05-13T20:09:34.815+0000] {local_task_job_runner.py:222} INFO - ::endgroup::
