[2026-05-13T20:08:59.818+0000] {local_task_job_runner.py:120} INFO - ::group::Pre task execution logs
[2026-05-13T20:08:59.863+0000] {taskinstance.py:2076} INFO - Dependencies all met for dep_context=non-requeueable deps ti=<TaskInstance: moex_candles_loader.run_feature_ML manual__2026-05-13T19:54:51.288880+00:00 [queued]>
[2026-05-13T20:08:59.876+0000] {taskinstance.py:2076} INFO - Dependencies all met for dep_context=requeueable deps ti=<TaskInstance: moex_candles_loader.run_feature_ML manual__2026-05-13T19:54:51.288880+00:00 [queued]>
[2026-05-13T20:08:59.879+0000] {taskinstance.py:2306} INFO - Starting attempt 3 of 3
[2026-05-13T20:08:59.913+0000] {taskinstance.py:2330} INFO - Executing <Task(BashOperator): run_feature_ML> on 2026-05-13 19:54:51.288880+00:00
[2026-05-13T20:08:59.950+0000] {warnings.py:112} WARNING - /home/***/.local/lib/python3.12/site-packages/***/task/task_runner/standard_task_runner.py:62: DeprecationWarning: This process (pid=17938) is multi-threaded, use of fork() may lead to deadlocks in the child.
  pid = os.fork()

[2026-05-13T20:08:59.954+0000] {standard_task_runner.py:64} INFO - Started process 17940 to run task
[2026-05-13T20:08:59.955+0000] {standard_task_runner.py:90} INFO - Running: ['***', 'tasks', 'run', 'moex_candles_loader', 'run_feature_ML', 'manual__2026-05-13T19:54:51.288880+00:00', '--job-id', '78', '--raw', '--subdir', 'DAGS_FOLDER/moex_loader_dag.py', '--cfg-path', '/tmp/tmp5xytbt9k']
[2026-05-13T20:08:59.965+0000] {standard_task_runner.py:91} INFO - Job 78: Subtask run_feature_ML
[2026-05-13T20:09:00.088+0000] {task_command.py:426} INFO - Running <TaskInstance: moex_candles_loader.run_feature_ML manual__2026-05-13T19:54:51.288880+00:00 [running]> on host ef4f4778eb40
[2026-05-13T20:09:00.427+0000] {taskinstance.py:2648} INFO - Exporting env vars: AIRFLOW_CTX_DAG_OWNER='***' AIRFLOW_CTX_DAG_ID='moex_candles_loader' AIRFLOW_CTX_TASK_ID='run_feature_ML' AIRFLOW_CTX_EXECUTION_DATE='2026-05-13T19:54:51.288880+00:00' AIRFLOW_CTX_TRY_NUMBER='3' AIRFLOW_CTX_DAG_RUN_ID='manual__2026-05-13T19:54:51.288880+00:00'
[2026-05-13T20:09:00.430+0000] {taskinstance.py:430} INFO - ::endgroup::
[2026-05-13T20:09:00.433+0000] {subprocess.py:63} INFO - Tmp dir root location: /tmp
[2026-05-13T20:09:00.435+0000] {subprocess.py:75} INFO - Running command: ['/usr/bin/bash', '-c', 'python /opt/***/dags/scripts/gazp_ml_v2.py']
[2026-05-13T20:09:00.464+0000] {subprocess.py:86} INFO - Output:
[2026-05-13T20:09:04.707+0000] {subprocess.py:93} INFO - 
[2026-05-13T20:09:04.709+0000] {subprocess.py:93} INFO - ==================================================
[2026-05-13T20:09:04.711+0000] {subprocess.py:93} INFO -   РЕЖИМ: ОБУЧЕНИЕ
[2026-05-13T20:09:04.712+0000] {subprocess.py:93} INFO - ==================================================
[2026-05-13T20:09:04.714+0000] {subprocess.py:93} INFO - 
[2026-05-13T20:09:04.715+0000] {subprocess.py:93} INFO - [1] Загружаем из Trino: minio.feature_data_gazp_agg.features
[2026-05-13T20:09:04.716+0000] {subprocess.py:93} INFO -   Загружаем фичи из minio.feature_data_gazp_agg.features...
[2026-05-13T20:09:04.718+0000] {subprocess.py:93} INFO -   ⚠  Ошибка чтения minio.feature_data_gazp_agg.features: failed to execute: HTTPConnectionPool(host='localhost', port=8086): Max retries exceeded with url: /v1/statement (Caused by NewConnectionError('<urllib3.connection.HTTPConnection object at 0x7a77545a3710>: Failed to establish a new connection: [Errno 111] Connection refused'))
[2026-05-13T20:09:04.719+0000] {subprocess.py:93} INFO -      Переключаемся на minio.moex_data.gazp_view + локальный расчёт фичей.
[2026-05-13T20:09:04.720+0000] {subprocess.py:93} INFO - 
[2026-05-13T20:09:04.722+0000] {subprocess.py:93} INFO -   Загружаем сырые данные из minio.moex_data.gazp_view...
[2026-05-13T20:09:04.723+0000] {subprocess.py:93} INFO - Traceback (most recent call last):
[2026-05-13T20:09:04.724+0000] {subprocess.py:93} INFO -   File "/home/***/.local/lib/python3.12/site-packages/urllib3/connection.py", line 203, in _new_conn
[2026-05-13T20:09:04.725+0000] {subprocess.py:93} INFO -     sock = connection.create_connection(
[2026-05-13T20:09:04.726+0000] {subprocess.py:93} INFO -            ^^^^^^^^^^^^^^^^^^^^^^^^^^^^^
[2026-05-13T20:09:04.727+0000] {subprocess.py:93} INFO -   File "/home/***/.local/lib/python3.12/site-packages/urllib3/util/connection.py", line 85, in create_connection
[2026-05-13T20:09:04.728+0000] {subprocess.py:93} INFO -     raise err
[2026-05-13T20:09:04.730+0000] {subprocess.py:93} INFO -   File "/home/***/.local/lib/python3.12/site-packages/urllib3/util/connection.py", line 73, in create_connection
[2026-05-13T20:09:04.731+0000] {subprocess.py:93} INFO -     sock.connect(sa)
[2026-05-13T20:09:04.731+0000] {subprocess.py:93} INFO - ConnectionRefusedError: [Errno 111] Connection refused
[2026-05-13T20:09:04.733+0000] {subprocess.py:93} INFO - 
[2026-05-13T20:09:04.734+0000] {subprocess.py:93} INFO - The above exception was the direct cause of the following exception:
[2026-05-13T20:09:04.735+0000] {subprocess.py:93} INFO - 
[2026-05-13T20:09:04.736+0000] {subprocess.py:93} INFO - Traceback (most recent call last):
[2026-05-13T20:09:04.736+0000] {subprocess.py:93} INFO -   File "/home/***/.local/lib/python3.12/site-packages/urllib3/connectionpool.py", line 791, in urlopen
[2026-05-13T20:09:04.737+0000] {subprocess.py:93} INFO -     response = self._make_request(
[2026-05-13T20:09:04.738+0000] {subprocess.py:93} INFO -                ^^^^^^^^^^^^^^^^^^^
[2026-05-13T20:09:04.739+0000] {subprocess.py:93} INFO -   File "/home/***/.local/lib/python3.12/site-packages/urllib3/connectionpool.py", line 497, in _make_request
[2026-05-13T20:09:04.741+0000] {subprocess.py:93} INFO -     conn.request(
[2026-05-13T20:09:04.742+0000] {subprocess.py:93} INFO -   File "/home/***/.local/lib/python3.12/site-packages/urllib3/connection.py", line 395, in request
[2026-05-13T20:09:04.743+0000] {subprocess.py:93} INFO -     self.endheaders()
[2026-05-13T20:09:04.744+0000] {subprocess.py:93} INFO -   File "/usr/local/lib/python3.12/http/client.py", line 1331, in endheaders
[2026-05-13T20:09:04.745+0000] {subprocess.py:93} INFO -     self._send_output(message_body, encode_chunked=encode_chunked)
[2026-05-13T20:09:04.746+0000] {subprocess.py:93} INFO -   File "/usr/local/lib/python3.12/http/client.py", line 1091, in _send_output
[2026-05-13T20:09:04.747+0000] {subprocess.py:93} INFO -     self.send(msg)
[2026-05-13T20:09:04.748+0000] {subprocess.py:93} INFO -   File "/usr/local/lib/python3.12/http/client.py", line 1035, in send
[2026-05-13T20:09:04.749+0000] {subprocess.py:93} INFO -     self.connect()
[2026-05-13T20:09:04.750+0000] {subprocess.py:93} INFO -   File "/home/***/.local/lib/python3.12/site-packages/urllib3/connection.py", line 243, in connect
[2026-05-13T20:09:04.751+0000] {subprocess.py:93} INFO -     self.sock = self._new_conn()
[2026-05-13T20:09:04.752+0000] {subprocess.py:93} INFO -                 ^^^^^^^^^^^^^^^^
[2026-05-13T20:09:04.753+0000] {subprocess.py:93} INFO -   File "/home/***/.local/lib/python3.12/site-packages/urllib3/connection.py", line 218, in _new_conn
[2026-05-13T20:09:04.754+0000] {subprocess.py:93} INFO -     raise NewConnectionError(
[2026-05-13T20:09:04.755+0000] {subprocess.py:93} INFO - urllib3.exceptions.NewConnectionError: <urllib3.connection.HTTPConnection object at 0x7a7754624290>: Failed to establish a new connection: [Errno 111] Connection refused
[2026-05-13T20:09:04.756+0000] {subprocess.py:93} INFO - 
[2026-05-13T20:09:04.757+0000] {subprocess.py:93} INFO - The above exception was the direct cause of the following exception:
[2026-05-13T20:09:04.758+0000] {subprocess.py:93} INFO - 
[2026-05-13T20:09:04.759+0000] {subprocess.py:93} INFO - Traceback (most recent call last):
[2026-05-13T20:09:04.759+0000] {subprocess.py:93} INFO -   File "/home/***/.local/lib/python3.12/site-packages/requests/adapters.py", line 696, in send
[2026-05-13T20:09:04.760+0000] {subprocess.py:93} INFO -     resp = conn.urlopen(
[2026-05-13T20:09:04.762+0000] {subprocess.py:93} INFO -            ^^^^^^^^^^^^^
[2026-05-13T20:09:04.763+0000] {subprocess.py:93} INFO -   File "/home/***/.local/lib/python3.12/site-packages/urllib3/connectionpool.py", line 845, in urlopen
[2026-05-13T20:09:04.763+0000] {subprocess.py:93} INFO -     retries = retries.increment(
[2026-05-13T20:09:04.764+0000] {subprocess.py:93} INFO -               ^^^^^^^^^^^^^^^^^^
[2026-05-13T20:09:04.765+0000] {subprocess.py:93} INFO -   File "/home/***/.local/lib/python3.12/site-packages/urllib3/util/retry.py", line 515, in increment
[2026-05-13T20:09:04.765+0000] {subprocess.py:93} INFO -     raise MaxRetryError(_pool, url, reason) from reason  # type: ignore[arg-type]
[2026-05-13T20:09:04.766+0000] {subprocess.py:93} INFO -     ^^^^^^^^^^^^^^^^^^^^^^^^^^^^^^^^^^^^^^^^^^^^^^^^^^^
[2026-05-13T20:09:04.768+0000] {subprocess.py:93} INFO - urllib3.exceptions.MaxRetryError: HTTPConnectionPool(host='localhost', port=8086): Max retries exceeded with url: /v1/statement (Caused by NewConnectionError('<urllib3.connection.HTTPConnection object at 0x7a7754624290>: Failed to establish a new connection: [Errno 111] Connection refused'))
[2026-05-13T20:09:04.769+0000] {subprocess.py:93} INFO - 
[2026-05-13T20:09:04.769+0000] {subprocess.py:93} INFO - During handling of the above exception, another exception occurred:
[2026-05-13T20:09:04.770+0000] {subprocess.py:93} INFO - 
[2026-05-13T20:09:04.771+0000] {subprocess.py:93} INFO - Traceback (most recent call last):
[2026-05-13T20:09:04.772+0000] {subprocess.py:93} INFO -   File "/home/***/.local/lib/python3.12/site-packages/trino/client.py", line 921, in execute
[2026-05-13T20:09:04.772+0000] {subprocess.py:93} INFO -     response = self._request.post(self._query, additional_http_headers)
[2026-05-13T20:09:04.773+0000] {subprocess.py:93} INFO -                ^^^^^^^^^^^^^^^^^^^^^^^^^^^^^^^^^^^^^^^^^^^^^^^^^^^^^^^^
[2026-05-13T20:09:04.774+0000] {subprocess.py:93} INFO -   File "/home/***/.local/lib/python3.12/site-packages/trino/client.py", line 672, in post
[2026-05-13T20:09:04.775+0000] {subprocess.py:93} INFO -     http_response = self._post(
[2026-05-13T20:09:04.776+0000] {subprocess.py:93} INFO -                     ^^^^^^^^^^^
[2026-05-13T20:09:04.777+0000] {subprocess.py:93} INFO -   File "/home/***/.local/lib/python3.12/site-packages/trino/client.py", line 1053, in decorated
[2026-05-13T20:09:04.777+0000] {subprocess.py:93} INFO -     raise error
[2026-05-13T20:09:04.778+0000] {subprocess.py:93} INFO -   File "/home/***/.local/lib/python3.12/site-packages/trino/client.py", line 1035, in decorated
[2026-05-13T20:09:04.779+0000] {subprocess.py:93} INFO -     result = func(*args, **kwargs)
[2026-05-13T20:09:04.780+0000] {subprocess.py:93} INFO -              ^^^^^^^^^^^^^^^^^^^^^
[2026-05-13T20:09:04.782+0000] {subprocess.py:93} INFO -   File "/home/***/.local/lib/python3.12/site-packages/requests/sessions.py", line 712, in post
[2026-05-13T20:09:04.782+0000] {subprocess.py:93} INFO -     return self.request("POST", url, data=data, json=json, **kwargs)
[2026-05-13T20:09:04.784+0000] {subprocess.py:93} INFO -            ^^^^^^^^^^^^^^^^^^^^^^^^^^^^^^^^^^^^^^^^^^^^^^^^^^^^^^^^^
[2026-05-13T20:09:04.784+0000] {subprocess.py:93} INFO -   File "/home/***/.local/lib/python3.12/site-packages/requests/sessions.py", line 651, in request
[2026-05-13T20:09:04.785+0000] {subprocess.py:93} INFO -     resp = self.send(prep, **send_kwargs)
[2026-05-13T20:09:04.786+0000] {subprocess.py:93} INFO -            ^^^^^^^^^^^^^^^^^^^^^^^^^^^^^^
[2026-05-13T20:09:04.787+0000] {subprocess.py:93} INFO -   File "/home/***/.local/lib/python3.12/site-packages/requests/sessions.py", line 784, in send
[2026-05-13T20:09:04.788+0000] {subprocess.py:93} INFO -     r = adapter.send(request, **kwargs)
[2026-05-13T20:09:04.789+0000] {subprocess.py:93} INFO -         ^^^^^^^^^^^^^^^^^^^^^^^^^^^^^^^
[2026-05-13T20:09:04.790+0000] {subprocess.py:93} INFO -   File "/home/***/.local/lib/python3.12/site-packages/requests/adapters.py", line 729, in send
[2026-05-13T20:09:04.791+0000] {subprocess.py:93} INFO -     raise ConnectionError(e, request=request)
[2026-05-13T20:09:04.791+0000] {subprocess.py:93} INFO - requests.exceptions.ConnectionError: HTTPConnectionPool(host='localhost', port=8086): Max retries exceeded with url: /v1/statement (Caused by NewConnectionError('<urllib3.connection.HTTPConnection object at 0x7a7754624290>: Failed to establish a new connection: [Errno 111] Connection refused'))
[2026-05-13T20:09:04.792+0000] {subprocess.py:93} INFO - 
[2026-05-13T20:09:04.792+0000] {subprocess.py:93} INFO - During handling of the above exception, another exception occurred:
[2026-05-13T20:09:04.793+0000] {subprocess.py:93} INFO - 
[2026-05-13T20:09:04.794+0000] {subprocess.py:93} INFO - Traceback (most recent call last):
[2026-05-13T20:09:04.794+0000] {subprocess.py:93} INFO -   File "/opt/***/dags/scripts/gazp_ml_v2.py", line 680, in <module>
[2026-05-13T20:09:04.795+0000] {subprocess.py:93} INFO -     run_train(csv_path=args.csv)
[2026-05-13T20:09:04.796+0000] {subprocess.py:93} INFO -   File "/opt/***/dags/scripts/gazp_ml_v2.py", line 610, in run_train
[2026-05-13T20:09:04.797+0000] {subprocess.py:93} INFO -     df = load_features()
[2026-05-13T20:09:04.798+0000] {subprocess.py:93} INFO -          ^^^^^^^^^^^^^^^
[2026-05-13T20:09:04.799+0000] {subprocess.py:93} INFO -   File "/opt/***/dags/scripts/gazp_ml_v2.py", line 237, in load_features
[2026-05-13T20:09:04.799+0000] {subprocess.py:93} INFO -     df_raw = trino_select(sql_raw)
[2026-05-13T20:09:04.800+0000] {subprocess.py:93} INFO -              ^^^^^^^^^^^^^^^^^^^^^
[2026-05-13T20:09:04.800+0000] {subprocess.py:93} INFO -   File "/opt/***/dags/scripts/gazp_ml_v2.py", line 160, in trino_select
[2026-05-13T20:09:04.802+0000] {subprocess.py:93} INFO -     cursor.execute(sql)
[2026-05-13T20:09:04.803+0000] {subprocess.py:93} INFO -   File "/home/***/.local/lib/python3.12/site-packages/trino/dbapi.py", line 640, in execute
[2026-05-13T20:09:04.804+0000] {subprocess.py:93} INFO -     self._iterator = iter(self._query.execute())
[2026-05-13T20:09:04.805+0000] {subprocess.py:93} INFO -                           ^^^^^^^^^^^^^^^^^^^^^
[2026-05-13T20:09:04.805+0000] {subprocess.py:93} INFO -   File "/home/***/.local/lib/python3.12/site-packages/trino/client.py", line 923, in execute
[2026-05-13T20:09:04.806+0000] {subprocess.py:93} INFO -     raise trino.exceptions.TrinoConnectionError("failed to execute: {}".format(e))
[2026-05-13T20:09:04.808+0000] {subprocess.py:93} INFO - trino.exceptions.TrinoConnectionError: failed to execute: HTTPConnectionPool(host='localhost', port=8086): Max retries exceeded with url: /v1/statement (Caused by NewConnectionError('<urllib3.connection.HTTPConnection object at 0x7a7754624290>: Failed to establish a new connection: [Errno 111] Connection refused'))
[2026-05-13T20:09:04.998+0000] {subprocess.py:97} INFO - Command exited with return code 1
[2026-05-13T20:09:05.000+0000] {taskinstance.py:441} INFO - ::group::Post task execution logs
[2026-05-13T20:09:05.014+0000] {taskinstance.py:2905} ERROR - Task failed with exception
Traceback (most recent call last):
  File "/home/airflow/.local/lib/python3.12/site-packages/airflow/models/taskinstance.py", line 465, in _execute_task
    result = _execute_callable(context=context, **execute_callable_kwargs)
             ^^^^^^^^^^^^^^^^^^^^^^^^^^^^^^^^^^^^^^^^^^^^^^^^^^^^^^^^^^^^^
  File "/home/airflow/.local/lib/python3.12/site-packages/airflow/models/taskinstance.py", line 432, in _execute_callable
    return execute_callable(context=context, **execute_callable_kwargs)
           ^^^^^^^^^^^^^^^^^^^^^^^^^^^^^^^^^^^^^^^^^^^^^^^^^^^^^^^^^^^^
  File "/home/airflow/.local/lib/python3.12/site-packages/airflow/models/baseoperator.py", line 401, in wrapper
    return func(self, *args, **kwargs)
           ^^^^^^^^^^^^^^^^^^^^^^^^^^^
  File "/home/airflow/.local/lib/python3.12/site-packages/airflow/operators/bash.py", line 243, in execute
    raise AirflowException(
airflow.exceptions.AirflowException: Bash command failed. The command returned a non-zero exit code 1.
[2026-05-13T20:09:05.022+0000] {taskinstance.py:1206} INFO - Marking task as FAILED. dag_id=moex_candles_loader, task_id=run_feature_ML, run_id=manual__2026-05-13T19:54:51.288880+00:00, execution_date=20260513T195451, start_date=20260513T200859, end_date=20260513T200905
[2026-05-13T20:09:05.049+0000] {standard_task_runner.py:110} ERROR - Failed to execute job 78 for task run_feature_ML (Bash command failed. The command returned a non-zero exit code 1.; 17940)
[2026-05-13T20:09:05.099+0000] {local_task_job_runner.py:243} INFO - Task exited with return code 1
[2026-05-13T20:09:05.124+0000] {taskinstance.py:3503} INFO - 0 downstream tasks scheduled from follow-on schedule check
[2026-05-13T20:09:05.131+0000] {local_task_job_runner.py:222} INFO - ::endgroup::
