[2026-05-13T20:11:00.801+0000] {local_task_job_runner.py:120} INFO - ::group::Pre task execution logs
[2026-05-13T20:11:00.844+0000] {taskinstance.py:2076} INFO - Dependencies all met for dep_context=non-requeueable deps ti=<TaskInstance: moex_candles_loader.run_feature_ML manual__2026-05-13T19:54:51.288880+00:00 [queued]>
[2026-05-13T20:11:00.860+0000] {taskinstance.py:2076} INFO - Dependencies all met for dep_context=requeueable deps ti=<TaskInstance: moex_candles_loader.run_feature_ML manual__2026-05-13T19:54:51.288880+00:00 [queued]>
[2026-05-13T20:11:00.862+0000] {taskinstance.py:2306} INFO - Starting attempt 5 of 5
[2026-05-13T20:11:00.894+0000] {taskinstance.py:2330} INFO - Executing <Task(BashOperator): run_feature_ML> on 2026-05-13 19:54:51.288880+00:00
[2026-05-13T20:11:00.913+0000] {warnings.py:112} WARNING - /home/***/.local/lib/python3.12/site-packages/***/task/task_runner/standard_task_runner.py:62: DeprecationWarning: This process (pid=18041) is multi-threaded, use of fork() may lead to deadlocks in the child.
  pid = os.fork()

[2026-05-13T20:11:00.917+0000] {standard_task_runner.py:64} INFO - Started process 18043 to run task
[2026-05-13T20:11:00.918+0000] {standard_task_runner.py:90} INFO - Running: ['***', 'tasks', 'run', 'moex_candles_loader', 'run_feature_ML', 'manual__2026-05-13T19:54:51.288880+00:00', '--job-id', '80', '--raw', '--subdir', 'DAGS_FOLDER/moex_loader_dag.py', '--cfg-path', '/tmp/tmpx1oj1fs1']
[2026-05-13T20:11:00.924+0000] {standard_task_runner.py:91} INFO - Job 80: Subtask run_feature_ML
[2026-05-13T20:11:01.060+0000] {task_command.py:426} INFO - Running <TaskInstance: moex_candles_loader.run_feature_ML manual__2026-05-13T19:54:51.288880+00:00 [running]> on host ef4f4778eb40
[2026-05-13T20:11:01.233+0000] {taskinstance.py:2648} INFO - Exporting env vars: AIRFLOW_CTX_DAG_OWNER='***' AIRFLOW_CTX_DAG_ID='moex_candles_loader' AIRFLOW_CTX_TASK_ID='run_feature_ML' AIRFLOW_CTX_EXECUTION_DATE='2026-05-13T19:54:51.288880+00:00' AIRFLOW_CTX_TRY_NUMBER='5' AIRFLOW_CTX_DAG_RUN_ID='manual__2026-05-13T19:54:51.288880+00:00'
[2026-05-13T20:11:01.236+0000] {taskinstance.py:430} INFO - ::endgroup::
[2026-05-13T20:11:01.238+0000] {subprocess.py:63} INFO - Tmp dir root location: /tmp
[2026-05-13T20:11:01.241+0000] {subprocess.py:75} INFO - Running command: ['/usr/bin/bash', '-c', 'python /opt/***/dags/scripts/gazp_ml_v2.py']
[2026-05-13T20:11:01.266+0000] {subprocess.py:86} INFO - Output:
[2026-05-13T20:13:16.343+0000] {subprocess.py:93} INFO - 
[2026-05-13T20:13:16.344+0000] {subprocess.py:93} INFO - ==================================================
[2026-05-13T20:13:16.345+0000] {subprocess.py:93} INFO -   РЕЖИМ: ОБУЧЕНИЕ
[2026-05-13T20:13:16.345+0000] {subprocess.py:93} INFO - ==================================================
[2026-05-13T20:13:16.346+0000] {subprocess.py:93} INFO - 
[2026-05-13T20:13:16.346+0000] {subprocess.py:93} INFO - [1] Загружаем из Trino: minio.feature_data_gazp_agg.features
[2026-05-13T20:13:16.347+0000] {subprocess.py:93} INFO -   Загружаем фичи из minio.feature_data_gazp_agg.features...
[2026-05-13T20:13:16.348+0000] {subprocess.py:93} INFO -   → 24,766 строк, 7 колонок
[2026-05-13T20:13:16.348+0000] {subprocess.py:93} INFO - 
[2026-05-13T20:13:16.349+0000] {subprocess.py:93} INFO -   ⚠  Таблица содержит только 7 колонок.
[2026-05-13T20:13:16.349+0000] {subprocess.py:93} INFO -      SQL-скрипт (Часть 5) ещё не выполнен полностью.
[2026-05-13T20:13:16.350+0000] {subprocess.py:93} INFO -      Фичи будут досчитаны локально через pandas.
[2026-05-13T20:13:16.350+0000] {subprocess.py:93} INFO - 
[2026-05-13T20:13:16.351+0000] {subprocess.py:93} INFO -   Чтобы исправить — выполни в Trino:
[2026-05-13T20:13:16.351+0000] {subprocess.py:93} INFO -     DROP TABLE IF EXISTS minio.feature_data_gazp_agg.features;
[2026-05-13T20:13:16.351+0000] {subprocess.py:93} INFO -     -- затем Часть 5 из gazp_features_minio.sql
[2026-05-13T20:13:16.352+0000] {subprocess.py:93} INFO - 
[2026-05-13T20:13:16.352+0000] {subprocess.py:93} INFO -   Загружаем сырые данные из minio.moex_data.gazp_view...
[2026-05-13T20:13:16.353+0000] {subprocess.py:93} INFO -   → 24,766 строк из minio.moex_data.gazp_view
[2026-05-13T20:13:16.353+0000] {subprocess.py:93} INFO -   Считаем фичи локально (pandas + ta)...
[2026-05-13T20:13:16.354+0000] {subprocess.py:93} INFO -   → фичи готовы: 62 колонок
[2026-05-13T20:13:16.354+0000] {subprocess.py:93} INFO - [2] Данные загружены: 24,766 строк, 62 колонок.
[2026-05-13T20:13:16.355+0000] {subprocess.py:93} INFO - 
[2026-05-13T20:13:16.355+0000] {subprocess.py:93} INFO - [3] Подготовка датасета...
[2026-05-13T20:13:16.355+0000] {subprocess.py:93} INFO -   Train: 19,785 строк  [2020-01-09 — 2025-06-08]
[2026-05-13T20:13:16.356+0000] {subprocess.py:93} INFO -   Test:  4,947  строк  [2025-06-08 — 2026-05-13]
[2026-05-13T20:13:16.356+0000] {subprocess.py:93} INFO - 
[2026-05-13T20:13:16.357+0000] {subprocess.py:93} INFO - [4] Обучение...
[2026-05-13T20:13:16.357+0000] {subprocess.py:93} INFO -   XGBoost (классификатор ↑↓)...
[2026-05-13T20:13:16.357+0000] {subprocess.py:93} INFO - Traceback (most recent call last):
[2026-05-13T20:13:16.358+0000] {subprocess.py:93} INFO -   File "/opt/***/dags/scripts/gazp_ml_v2.py", line 680, in <module>
[2026-05-13T20:13:16.358+0000] {subprocess.py:93} INFO -     run_train(csv_path=args.csv)
[2026-05-13T20:13:16.359+0000] {subprocess.py:93} INFO -   File "/opt/***/dags/scripts/gazp_ml_v2.py", line 618, in run_train
[2026-05-13T20:13:16.359+0000] {subprocess.py:93} INFO -     reg = train_regressor(X_tr, y_tr_p)
[2026-05-13T20:13:16.359+0000] {subprocess.py:93} INFO -           ^^^^^^^^^^^^^^^^^^^^^^^^^^^^^
[2026-05-13T20:13:16.360+0000] {subprocess.py:93} INFO -   File "/opt/***/dags/scripts/gazp_ml_v2.py", line 437, in train_regressor
[2026-05-13T20:13:16.360+0000] {subprocess.py:93} INFO -     from lightgbm import LGBMRegressor
[2026-05-13T20:13:16.361+0000] {subprocess.py:93} INFO -   File "/home/***/.local/lib/python3.12/site-packages/lightgbm/__init__.py", line 11, in <module>
[2026-05-13T20:13:16.361+0000] {subprocess.py:93} INFO -     from .basic import Booster, Dataset, Sequence, register_logger
[2026-05-13T20:13:16.362+0000] {subprocess.py:93} INFO -   File "/home/***/.local/lib/python3.12/site-packages/lightgbm/basic.py", line 9, in <module>
[2026-05-13T20:13:16.362+0000] {subprocess.py:93} INFO -     from .libpath import _LIB  # isort: skip
[2026-05-13T20:13:16.363+0000] {subprocess.py:93} INFO -     ^^^^^^^^^^^^^^^^^^^^^^^^^
[2026-05-13T20:13:16.363+0000] {subprocess.py:93} INFO -   File "/home/***/.local/lib/python3.12/site-packages/lightgbm/libpath.py", line 49, in <module>
[2026-05-13T20:13:16.364+0000] {subprocess.py:93} INFO -     _LIB = ctypes.cdll.LoadLibrary(_find_lib_path()[0])
[2026-05-13T20:13:16.364+0000] {subprocess.py:93} INFO -            ^^^^^^^^^^^^^^^^^^^^^^^^^^^^^^^^^^^^^^^^^^^^
[2026-05-13T20:13:16.365+0000] {subprocess.py:93} INFO -   File "/usr/local/lib/python3.12/ctypes/__init__.py", line 460, in LoadLibrary
[2026-05-13T20:13:16.365+0000] {subprocess.py:93} INFO -     return self._dlltype(name)
[2026-05-13T20:13:16.365+0000] {subprocess.py:93} INFO -            ^^^^^^^^^^^^^^^^^^^
[2026-05-13T20:13:16.366+0000] {subprocess.py:93} INFO -   File "/usr/local/lib/python3.12/ctypes/__init__.py", line 379, in __init__
[2026-05-13T20:13:16.366+0000] {subprocess.py:93} INFO -     self._handle = _dlopen(self._name, mode)
[2026-05-13T20:13:16.366+0000] {subprocess.py:93} INFO -                    ^^^^^^^^^^^^^^^^^^^^^^^^^
[2026-05-13T20:13:16.367+0000] {subprocess.py:93} INFO - OSError: libgomp.so.1: cannot open shared object file: No such file or directory
[2026-05-13T20:13:16.943+0000] {subprocess.py:97} INFO - Command exited with return code 1
[2026-05-13T20:13:16.946+0000] {taskinstance.py:441} INFO - ::group::Post task execution logs
[2026-05-13T20:13:16.971+0000] {taskinstance.py:2905} ERROR - Task failed with exception
Traceback (most recent call last):
  File "/home/airflow/.local/lib/python3.12/site-packages/airflow/models/taskinstance.py", line 465, in _execute_task
    result = _execute_callable(context=context, **execute_callable_kwargs)
             ^^^^^^^^^^^^^^^^^^^^^^^^^^^^^^^^^^^^^^^^^^^^^^^^^^^^^^^^^^^^^
  File "/home/airflow/.local/lib/python3.12/site-packages/airflow/models/taskinstance.py", line 432, in _execute_callable
    return execute_callable(context=context, **execute_callable_kwargs)
           ^^^^^^^^^^^^^^^^^^^^^^^^^^^^^^^^^^^^^^^^^^^^^^^^^^^^^^^^^^^^
  File "/home/airflow/.local/lib/python3.12/site-packages/airflow/models/baseoperator.py", line 401, in wrapper
    return func(self, *args, **kwargs)
           ^^^^^^^^^^^^^^^^^^^^^^^^^^^
  File "/home/airflow/.local/lib/python3.12/site-packages/airflow/operators/bash.py", line 243, in execute
    raise AirflowException(
airflow.exceptions.AirflowException: Bash command failed. The command returned a non-zero exit code 1.
[2026-05-13T20:13:16.982+0000] {taskinstance.py:1206} INFO - Marking task as FAILED. dag_id=moex_candles_loader, task_id=run_feature_ML, run_id=manual__2026-05-13T19:54:51.288880+00:00, execution_date=20260513T195451, start_date=20260513T201100, end_date=20260513T201316
[2026-05-13T20:13:17.040+0000] {standard_task_runner.py:110} ERROR - Failed to execute job 80 for task run_feature_ML (Bash command failed. The command returned a non-zero exit code 1.; 18043)
[2026-05-13T20:13:17.069+0000] {local_task_job_runner.py:243} INFO - Task exited with return code 1
[2026-05-13T20:13:17.105+0000] {taskinstance.py:3503} INFO - 0 downstream tasks scheduled from follow-on schedule check
[2026-05-13T20:13:17.116+0000] {local_task_job_runner.py:222} INFO - ::endgroup::
