[2026-05-11T19:49:27.982+0000] {local_task_job_runner.py:120} INFO - ::group::Pre task execution logs
[2026-05-11T19:49:28.024+0000] {taskinstance.py:2076} INFO - Dependencies all met for dep_context=non-requeueable deps ti=<TaskInstance: moex_candles_loader.run_candles_loader manual__2026-05-11T19:49:22.688925+00:00 [queued]>
[2026-05-11T19:49:28.042+0000] {taskinstance.py:2076} INFO - Dependencies all met for dep_context=requeueable deps ti=<TaskInstance: moex_candles_loader.run_candles_loader manual__2026-05-11T19:49:22.688925+00:00 [queued]>
[2026-05-11T19:49:28.043+0000] {taskinstance.py:2306} INFO - Starting attempt 1 of 1
[2026-05-11T19:49:28.080+0000] {taskinstance.py:2330} INFO - Executing <Task(BashOperator): run_candles_loader> on 2026-05-11 19:49:22.688925+00:00
[2026-05-11T19:49:28.098+0000] {warnings.py:112} WARNING - /home/***/.local/lib/python3.12/site-packages/***/task/task_runner/standard_task_runner.py:62: DeprecationWarning: This process (pid=84) is multi-threaded, use of fork() may lead to deadlocks in the child.
  pid = os.fork()

[2026-05-11T19:49:28.103+0000] {standard_task_runner.py:64} INFO - Started process 93 to run task
[2026-05-11T19:49:28.101+0000] {standard_task_runner.py:90} INFO - Running: ['***', 'tasks', 'run', 'moex_candles_loader', 'run_candles_loader', 'manual__2026-05-11T19:49:22.688925+00:00', '--job-id', '41', '--raw', '--subdir', 'DAGS_FOLDER/moex_loader_dag.py', '--cfg-path', '/tmp/tmp6_d8q_ek']
[2026-05-11T19:49:28.109+0000] {standard_task_runner.py:91} INFO - Job 41: Subtask run_candles_loader
[2026-05-11T19:49:28.254+0000] {task_command.py:426} INFO - Running <TaskInstance: moex_candles_loader.run_candles_loader manual__2026-05-11T19:49:22.688925+00:00 [running]> on host 42e42b0080d5
[2026-05-11T19:49:28.463+0000] {taskinstance.py:2648} INFO - Exporting env vars: AIRFLOW_CTX_DAG_OWNER='***' AIRFLOW_CTX_DAG_ID='moex_candles_loader' AIRFLOW_CTX_TASK_ID='run_candles_loader' AIRFLOW_CTX_EXECUTION_DATE='2026-05-11T19:49:22.688925+00:00' AIRFLOW_CTX_TRY_NUMBER='1' AIRFLOW_CTX_DAG_RUN_ID='manual__2026-05-11T19:49:22.688925+00:00'
[2026-05-11T19:49:28.468+0000] {taskinstance.py:430} INFO - ::endgroup::
[2026-05-11T19:49:28.471+0000] {subprocess.py:63} INFO - Tmp dir root location: /tmp
[2026-05-11T19:49:28.474+0000] {subprocess.py:75} INFO - Running command: ['/usr/bin/bash', '-c', 'python /opt/***/dags/scripts/candles_loader.py']
[2026-05-11T19:49:28.502+0000] {subprocess.py:86} INFO - Output:
[2026-05-11T19:49:38.191+0000] {local_task_job_runner.py:313} WARNING - State of this instance has been externally set to success. Terminating instance.
[2026-05-11T19:49:38.193+0000] {local_task_job_runner.py:222} INFO - ::endgroup::
[2026-05-11T19:49:38.196+0000] {process_utils.py:132} INFO - Sending 15 to group 93. PIDs of all processes in the group: [94, 93]
[2026-05-11T19:49:38.198+0000] {process_utils.py:87} INFO - Sending the signal 15 to group 93
[2026-05-11T19:49:38.199+0000] {taskinstance.py:2611} ERROR - Received SIGTERM. Terminating subprocesses.
[2026-05-11T19:49:38.200+0000] {subprocess.py:104} INFO - Sending SIGTERM signal to process group
[2026-05-11T19:49:38.201+0000] {taskinstance.py:441} INFO - ::group::Post task execution logs
[2026-05-11T19:49:38.293+0000] {process_utils.py:80} INFO - Process psutil.Process(pid=93, status='terminated', exitcode=0, started='19:49:27') (93) terminated with exit code 0
[2026-05-11T19:49:38.295+0000] {process_utils.py:80} INFO - Process psutil.Process(pid=94, status='terminated', started='19:49:27') (94) terminated with exit code None
