[2026-05-13T21:58:44.531+0000] {local_task_job_runner.py:120} INFO - ::group::Pre task execution logs
[2026-05-13T21:58:44.572+0000] {taskinstance.py:2076} INFO - Dependencies all met for dep_context=non-requeueable deps ti=<TaskInstance: moex_candles_loader.run_feature_ML manual__2026-05-13T21:57:12.805634+00:00 [queued]>
[2026-05-13T21:58:44.584+0000] {taskinstance.py:2076} INFO - Dependencies all met for dep_context=requeueable deps ti=<TaskInstance: moex_candles_loader.run_feature_ML manual__2026-05-13T21:57:12.805634+00:00 [queued]>
[2026-05-13T21:58:44.586+0000] {taskinstance.py:2306} INFO - Starting attempt 2 of 2
[2026-05-13T21:58:44.614+0000] {taskinstance.py:2330} INFO - Executing <Task(BashOperator): run_feature_ML> on 2026-05-13 21:57:12.805634+00:00
[2026-05-13T21:58:44.628+0000] {warnings.py:112} WARNING - /home/***/.local/lib/python3.12/site-packages/***/task/task_runner/standard_task_runner.py:62: DeprecationWarning: This process (pid=1041) is multi-threaded, use of fork() may lead to deadlocks in the child.
  pid = os.fork()

[2026-05-13T21:58:44.631+0000] {standard_task_runner.py:64} INFO - Started process 1043 to run task
[2026-05-13T21:58:44.631+0000] {standard_task_runner.py:90} INFO - Running: ['***', 'tasks', 'run', 'moex_candles_loader', 'run_feature_ML', 'manual__2026-05-13T21:57:12.805634+00:00', '--job-id', '107', '--raw', '--subdir', 'DAGS_FOLDER/moex_loader_dag.py', '--cfg-path', '/tmp/tmp9ks1j7uz']
[2026-05-13T21:58:44.636+0000] {standard_task_runner.py:91} INFO - Job 107: Subtask run_feature_ML
[2026-05-13T21:58:44.747+0000] {task_command.py:426} INFO - Running <TaskInstance: moex_candles_loader.run_feature_ML manual__2026-05-13T21:57:12.805634+00:00 [running]> on host ef4f4778eb40
[2026-05-13T21:58:44.887+0000] {taskinstance.py:2648} INFO - Exporting env vars: AIRFLOW_CTX_DAG_OWNER='***' AIRFLOW_CTX_DAG_ID='moex_candles_loader' AIRFLOW_CTX_TASK_ID='run_feature_ML' AIRFLOW_CTX_EXECUTION_DATE='2026-05-13T21:57:12.805634+00:00' AIRFLOW_CTX_TRY_NUMBER='2' AIRFLOW_CTX_DAG_RUN_ID='manual__2026-05-13T21:57:12.805634+00:00'
[2026-05-13T21:58:44.890+0000] {taskinstance.py:430} INFO - ::endgroup::
[2026-05-13T21:58:44.892+0000] {subprocess.py:63} INFO - Tmp dir root location: /tmp
[2026-05-13T21:58:44.895+0000] {subprocess.py:75} INFO - Running command: ['/usr/bin/bash', '-c', 'python /opt/***/dags/scripts/gazp_ml_v2.py']
[2026-05-13T21:58:44.918+0000] {subprocess.py:86} INFO - Output:
[2026-05-13T22:01:45.232+0000] {subprocess.py:93} INFO - 
[2026-05-13T22:01:45.233+0000] {subprocess.py:93} INFO - ==================================================
[2026-05-13T22:01:45.234+0000] {subprocess.py:93} INFO -   РЕЖИМ: ОБУЧЕНИЕ
[2026-05-13T22:01:45.234+0000] {subprocess.py:93} INFO - ==================================================
[2026-05-13T22:01:45.235+0000] {subprocess.py:93} INFO - 
[2026-05-13T22:01:45.236+0000] {subprocess.py:93} INFO - [1] Загружаем из Trino: minio.feature_data_gazp_agg.features
[2026-05-13T22:01:45.236+0000] {subprocess.py:93} INFO -   Загружаем фичи из minio.feature_data_gazp_agg.features...
[2026-05-13T22:01:45.237+0000] {subprocess.py:93} INFO -   Переключаемся на minio.moex_data.gazp_view + локальный расчёт.
[2026-05-13T22:01:45.237+0000] {subprocess.py:93} INFO - 
[2026-05-13T22:01:45.238+0000] {subprocess.py:93} INFO -   Загружаем сырые данные из minio.moex_data.gazp_view...
[2026-05-13T22:01:45.238+0000] {subprocess.py:93} INFO -   -> 24,768 строк из minio.moex_data.gazp_view
[2026-05-13T22:01:45.238+0000] {subprocess.py:93} INFO -   Считаем фичи локально...
[2026-05-13T22:01:45.239+0000] {subprocess.py:93} INFO -   -> фичи готовы: 57 колонок
[2026-05-13T22:01:45.239+0000] {subprocess.py:93} INFO - [2] Данные загружены: 24,768 строк, 57 колонок.
[2026-05-13T22:01:45.239+0000] {subprocess.py:93} INFO - 
[2026-05-13T22:01:45.240+0000] {subprocess.py:93} INFO - [3] Подготовка датасета...
[2026-05-13T22:01:45.240+0000] {subprocess.py:93} INFO -   Train: 19,787 строк  [2020-01-09 - 2025-06-08]
[2026-05-13T22:01:45.240+0000] {subprocess.py:93} INFO -   Test:  4,947  строк  [2025-06-08 - 2026-05-13]
[2026-05-13T22:01:45.241+0000] {subprocess.py:93} INFO - 
[2026-05-13T22:01:45.241+0000] {subprocess.py:93} INFO - [4] Обучение...
[2026-05-13T22:01:45.241+0000] {subprocess.py:93} INFO -   XGBoost (классификатор)...
[2026-05-13T22:01:45.242+0000] {subprocess.py:93} INFO -   XGBoost (регрессор цены)...
[2026-05-13T22:01:45.242+0000] {subprocess.py:93} INFO -   Модели -> models/
[2026-05-13T22:01:45.243+0000] {subprocess.py:93} INFO - 
[2026-05-13T22:01:45.243+0000] {subprocess.py:93} INFO - [5] Оценка...
[2026-05-13T22:01:45.244+0000] {subprocess.py:93} INFO - 
[2026-05-13T22:01:45.244+0000] {subprocess.py:93} INFO - ================================================
[2026-05-13T22:01:45.245+0000] {subprocess.py:93} INFO -   Классификатор  Accuracy: 0.5371  F1: 0.4807  AUC: 0.5462
[2026-05-13T22:01:45.245+0000] {subprocess.py:93} INFO -   Регрессор      MAE: 0.3942 руб  MAPE: 0.32%
[2026-05-13T22:01:45.245+0000] {subprocess.py:93} INFO - ================================================
[2026-05-13T22:01:45.245+0000] {subprocess.py:93} INFO - 
[2026-05-13T22:01:45.245+0000] {subprocess.py:93} INFO -   Топ-15 признаков:
[2026-05-13T22:01:45.246+0000] {subprocess.py:93} INFO - is_premarket         0.038478
[2026-05-13T22:01:45.246+0000] {subprocess.py:93} INFO - hour_of_day          0.033901
[2026-05-13T22:01:45.246+0000] {subprocess.py:93} INFO - is_high_volume       0.029171
[2026-05-13T22:01:45.246+0000] {subprocess.py:93} INFO - candle_return_pct    0.028493
[2026-05-13T22:01:45.247+0000] {subprocess.py:93} INFO - close_position       0.028206
[2026-05-13T22:01:45.247+0000] {subprocess.py:93} INFO - is_evening           0.027060
[2026-05-13T22:01:45.247+0000] {subprocess.py:93} INFO - rsi_14               0.026238
[2026-05-13T22:01:45.247+0000] {subprocess.py:93} INFO - is_morning           0.025831
[2026-05-13T22:01:45.248+0000] {subprocess.py:93} INFO - is_midday            0.025791
[2026-05-13T22:01:45.248+0000] {subprocess.py:93} INFO - body_ratio           0.025359
[2026-05-13T22:01:45.249+0000] {subprocess.py:93} INFO - vol_ratio_20         0.024977
[2026-05-13T22:01:45.249+0000] {subprocess.py:93} INFO - rsi_divergence       0.024947
[2026-05-13T22:01:45.250+0000] {subprocess.py:93} INFO - return_1             0.024399
[2026-05-13T22:01:45.250+0000] {subprocess.py:93} INFO - sma_5                0.024352
[2026-05-13T22:01:45.251+0000] {subprocess.py:93} INFO - bb_pct_b             0.024255
[2026-05-13T22:01:45.251+0000] {subprocess.py:93} INFO - 
[2026-05-13T22:01:45.251+0000] {subprocess.py:93} INFO - [6] Запись предсказаний в Trino...
[2026-05-13T22:01:45.251+0000] {subprocess.py:93} INFO - Traceback (most recent call last):
[2026-05-13T22:01:45.251+0000] {subprocess.py:93} INFO -   File "/opt/***/dags/scripts/gazp_ml_v2.py", line 561, in <module>
[2026-05-13T22:01:45.252+0000] {subprocess.py:93} INFO -     run_train(csv_path=args.csv)
[2026-05-13T22:01:45.252+0000] {subprocess.py:93} INFO -   File "/opt/***/dags/scripts/gazp_ml_v2.py", line 504, in run_train
[2026-05-13T22:01:45.252+0000] {subprocess.py:93} INFO -     write_predictions(test_df, pred_dir, pred_proba, pred_price)
[2026-05-13T22:01:45.253+0000] {subprocess.py:93} INFO -   File "/opt/***/dags/scripts/gazp_ml_v2.py", line 461, in write_predictions
[2026-05-13T22:01:45.253+0000] {subprocess.py:93} INFO -     trino_execute(f"""
[2026-05-13T22:01:45.253+0000] {subprocess.py:93} INFO -   File "/opt/***/dags/scripts/gazp_ml_v2.py", line 90, in trino_execute
[2026-05-13T22:01:45.253+0000] {subprocess.py:93} INFO -     cur.execute(sql)
[2026-05-13T22:01:45.253+0000] {subprocess.py:93} INFO -   File "/home/***/.local/lib/python3.12/site-packages/trino/dbapi.py", line 640, in execute
[2026-05-13T22:01:45.254+0000] {subprocess.py:93} INFO -     self._iterator = iter(self._query.execute())
[2026-05-13T22:01:45.254+0000] {subprocess.py:93} INFO -                           ^^^^^^^^^^^^^^^^^^^^^
[2026-05-13T22:01:45.254+0000] {subprocess.py:93} INFO -   File "/home/***/.local/lib/python3.12/site-packages/trino/client.py", line 938, in execute
[2026-05-13T22:01:45.254+0000] {subprocess.py:93} INFO -     self._result.rows += self.fetch()
[2026-05-13T22:01:45.255+0000] {subprocess.py:93} INFO -                          ^^^^^^^^^^^^
[2026-05-13T22:01:45.255+0000] {subprocess.py:93} INFO -   File "/home/***/.local/lib/python3.12/site-packages/trino/client.py", line 958, in fetch
[2026-05-13T22:01:45.256+0000] {subprocess.py:93} INFO -     status = self._request.process(response)
[2026-05-13T22:01:45.256+0000] {subprocess.py:93} INFO -              ^^^^^^^^^^^^^^^^^^^^^^^^^^^^^^^
[2026-05-13T22:01:45.257+0000] {subprocess.py:93} INFO -   File "/home/***/.local/lib/python3.12/site-packages/trino/client.py", line 727, in process
[2026-05-13T22:01:45.260+0000] {subprocess.py:93} INFO -     raise self._process_error(response["error"], response.get("id"))
[2026-05-13T22:01:45.260+0000] {subprocess.py:93} INFO - trino.exceptions.TrinoUserError: TrinoUserError(type=USER_ERROR, name=TABLE_NOT_FOUND, message="Table 'minio.feature_data_gazp_agg.predictions' does not exist", query_id=20260513_220145_00123_xdacs)
[2026-05-13T22:01:45.627+0000] {subprocess.py:97} INFO - Command exited with return code 1
[2026-05-13T22:01:45.630+0000] {taskinstance.py:441} INFO - ::group::Post task execution logs
[2026-05-13T22:01:45.648+0000] {taskinstance.py:2905} ERROR - Task failed with exception
Traceback (most recent call last):
  File "/home/airflow/.local/lib/python3.12/site-packages/airflow/models/taskinstance.py", line 465, in _execute_task
    result = _execute_callable(context=context, **execute_callable_kwargs)
             ^^^^^^^^^^^^^^^^^^^^^^^^^^^^^^^^^^^^^^^^^^^^^^^^^^^^^^^^^^^^^
  File "/home/airflow/.local/lib/python3.12/site-packages/airflow/models/taskinstance.py", line 432, in _execute_callable
    return execute_callable(context=context, **execute_callable_kwargs)
           ^^^^^^^^^^^^^^^^^^^^^^^^^^^^^^^^^^^^^^^^^^^^^^^^^^^^^^^^^^^^
  File "/home/airflow/.local/lib/python3.12/site-packages/airflow/models/baseoperator.py", line 401, in wrapper
    return func(self, *args, **kwargs)
           ^^^^^^^^^^^^^^^^^^^^^^^^^^^
  File "/home/airflow/.local/lib/python3.12/site-packages/airflow/operators/bash.py", line 243, in execute
    raise AirflowException(
airflow.exceptions.AirflowException: Bash command failed. The command returned a non-zero exit code 1.
[2026-05-13T22:01:45.656+0000] {taskinstance.py:1206} INFO - Marking task as FAILED. dag_id=moex_candles_loader, task_id=run_feature_ML, run_id=manual__2026-05-13T21:57:12.805634+00:00, execution_date=20260513T215712, start_date=20260513T215844, end_date=20260513T220145
[2026-05-13T22:01:45.686+0000] {standard_task_runner.py:110} ERROR - Failed to execute job 107 for task run_feature_ML (Bash command failed. The command returned a non-zero exit code 1.; 1043)
[2026-05-13T22:01:45.715+0000] {local_task_job_runner.py:243} INFO - Task exited with return code 1
[2026-05-13T22:01:45.748+0000] {taskinstance.py:3503} INFO - 0 downstream tasks scheduled from follow-on schedule check
[2026-05-13T22:01:45.755+0000] {local_task_job_runner.py:222} INFO - ::endgroup::
