[2026-05-13T19:54:54.562+0000] {local_task_job_runner.py:120} INFO - ::group::Pre task execution logs
[2026-05-13T19:54:54.601+0000] {taskinstance.py:2076} INFO - Dependencies all met for dep_context=non-requeueable deps ti=<TaskInstance: moex_candles_loader.run_candles_loader manual__2026-05-13T19:54:51.288880+00:00 [queued]>
[2026-05-13T19:54:54.617+0000] {taskinstance.py:2076} INFO - Dependencies all met for dep_context=requeueable deps ti=<TaskInstance: moex_candles_loader.run_candles_loader manual__2026-05-13T19:54:51.288880+00:00 [queued]>
[2026-05-13T19:54:54.620+0000] {taskinstance.py:2306} INFO - Starting attempt 1 of 1
[2026-05-13T19:54:54.661+0000] {taskinstance.py:2330} INFO - Executing <Task(BashOperator): run_candles_loader> on 2026-05-13 19:54:51.288880+00:00
[2026-05-13T19:54:54.676+0000] {warnings.py:112} WARNING - /home/***/.local/lib/python3.12/site-packages/***/task/task_runner/standard_task_runner.py:62: DeprecationWarning: This process (pid=17420) is multi-threaded, use of fork() may lead to deadlocks in the child.
  pid = os.fork()

[2026-05-13T19:54:54.680+0000] {standard_task_runner.py:64} INFO - Started process 17422 to run task
[2026-05-13T19:54:54.680+0000] {standard_task_runner.py:90} INFO - Running: ['***', 'tasks', 'run', 'moex_candles_loader', 'run_candles_loader', 'manual__2026-05-13T19:54:51.288880+00:00', '--job-id', '69', '--raw', '--subdir', 'DAGS_FOLDER/moex_loader_dag.py', '--cfg-path', '/tmp/tmpk9fi6kl3']
[2026-05-13T19:54:54.685+0000] {standard_task_runner.py:91} INFO - Job 69: Subtask run_candles_loader
[2026-05-13T19:54:54.792+0000] {task_command.py:426} INFO - Running <TaskInstance: moex_candles_loader.run_candles_loader manual__2026-05-13T19:54:51.288880+00:00 [running]> on host ef4f4778eb40
[2026-05-13T19:54:54.976+0000] {taskinstance.py:2648} INFO - Exporting env vars: AIRFLOW_CTX_DAG_OWNER='***' AIRFLOW_CTX_DAG_ID='moex_candles_loader' AIRFLOW_CTX_TASK_ID='run_candles_loader' AIRFLOW_CTX_EXECUTION_DATE='2026-05-13T19:54:51.288880+00:00' AIRFLOW_CTX_TRY_NUMBER='1' AIRFLOW_CTX_DAG_RUN_ID='manual__2026-05-13T19:54:51.288880+00:00'
[2026-05-13T19:54:54.981+0000] {taskinstance.py:430} INFO - ::endgroup::
[2026-05-13T19:54:54.984+0000] {subprocess.py:63} INFO - Tmp dir root location: /tmp
[2026-05-13T19:54:54.986+0000] {subprocess.py:75} INFO - Running command: ['/usr/bin/bash', '-c', 'python /opt/***/dags/scripts/candles_loader.py']
[2026-05-13T19:54:55.010+0000] {subprocess.py:86} INFO - Output:
[2026-05-13T19:56:25.240+0000] {subprocess.py:93} INFO - 🚀 Старт загрузки свечей | 2026-05-13 19:54:57
[2026-05-13T19:56:25.241+0000] {subprocess.py:93} INFO - 📥 Загружаем GAZP
[2026-05-13T19:56:25.242+0000] {subprocess.py:93} INFO - ✅ [GAZP] сохранен
[2026-05-13T19:56:25.243+0000] {subprocess.py:93} INFO - ☁️ S3: s3://data/moex-data/moex/candles/GAZP/GAZP_1h_20260513_195457.parquet
[2026-05-13T19:56:25.243+0000] {subprocess.py:93} INFO - ------------------------------------------------------------
[2026-05-13T19:56:25.244+0000] {subprocess.py:93} INFO - 📥 Загружаем SBER
[2026-05-13T19:56:25.245+0000] {subprocess.py:93} INFO - ✅ [SBER] сохранен
[2026-05-13T19:56:25.246+0000] {subprocess.py:93} INFO - ☁️ S3: s3://data/moex-data/moex/candles/SBER/SBER_1h_20260513_195457.parquet
[2026-05-13T19:56:25.247+0000] {subprocess.py:93} INFO - ------------------------------------------------------------
[2026-05-13T19:56:25.247+0000] {subprocess.py:93} INFO - 📥 Загружаем LKOH
[2026-05-13T19:56:25.248+0000] {subprocess.py:93} INFO - ✅ [LKOH] сохранен
[2026-05-13T19:56:25.249+0000] {subprocess.py:93} INFO - ☁️ S3: s3://data/moex-data/moex/candles/LKOH/LKOH_1h_20260513_195457.parquet
[2026-05-13T19:56:25.249+0000] {subprocess.py:93} INFO - ------------------------------------------------------------
[2026-05-13T19:56:25.250+0000] {subprocess.py:93} INFO - 
[2026-05-13T19:56:25.250+0000] {subprocess.py:93} INFO - 🎯 Готово. Обработано инструментов: 3
[2026-05-13T19:56:25.618+0000] {subprocess.py:97} INFO - Command exited with return code 0
[2026-05-13T19:56:25.621+0000] {taskinstance.py:441} INFO - ::group::Post task execution logs
[2026-05-13T19:56:25.701+0000] {taskinstance.py:1206} INFO - Marking task as SUCCESS. dag_id=moex_candles_loader, task_id=run_candles_loader, run_id=manual__2026-05-13T19:54:51.288880+00:00, execution_date=20260513T195451, start_date=20260513T195454, end_date=20260513T195625
[2026-05-13T19:56:25.795+0000] {local_task_job_runner.py:243} INFO - Task exited with return code 0
[2026-05-13T19:56:25.839+0000] {taskinstance.py:3503} INFO - 1 downstream tasks scheduled from follow-on schedule check
[2026-05-13T19:56:25.848+0000] {local_task_job_runner.py:222} INFO - ::endgroup::
