[2026-05-05T06:12:36.686+0000] {local_task_job_runner.py:120} INFO - ::group::Pre task execution logs
[2026-05-05T06:12:36.725+0000] {taskinstance.py:2076} INFO - Dependencies all met for dep_context=non-requeueable deps ti=<TaskInstance: moex_candles_loader.run_candles_loader manual__2026-05-05T06:12:31.983781+00:00 [queued]>
[2026-05-05T06:12:36.735+0000] {taskinstance.py:2076} INFO - Dependencies all met for dep_context=requeueable deps ti=<TaskInstance: moex_candles_loader.run_candles_loader manual__2026-05-05T06:12:31.983781+00:00 [queued]>
[2026-05-05T06:12:36.736+0000] {taskinstance.py:2306} INFO - Starting attempt 1 of 1
[2026-05-05T06:12:36.760+0000] {taskinstance.py:2330} INFO - Executing <Task(BashOperator): run_candles_loader> on 2026-05-05 06:12:31.983781+00:00
[2026-05-05T06:12:36.772+0000] {warnings.py:112} WARNING - /home/***/.local/lib/python3.12/site-packages/***/task/task_runner/standard_task_runner.py:62: DeprecationWarning: This process (pid=236) is multi-threaded, use of fork() may lead to deadlocks in the child.
  pid = os.fork()

[2026-05-05T06:12:36.775+0000] {standard_task_runner.py:64} INFO - Started process 238 to run task
[2026-05-05T06:12:36.775+0000] {standard_task_runner.py:90} INFO - Running: ['***', 'tasks', 'run', 'moex_candles_loader', 'run_candles_loader', 'manual__2026-05-05T06:12:31.983781+00:00', '--job-id', '5', '--raw', '--subdir', 'DAGS_FOLDER/moex_loader_dag.py', '--cfg-path', '/tmp/tmp3pkpbbp_']
[2026-05-05T06:12:36.779+0000] {standard_task_runner.py:91} INFO - Job 5: Subtask run_candles_loader
[2026-05-05T06:12:36.905+0000] {task_command.py:426} INFO - Running <TaskInstance: moex_candles_loader.run_candles_loader manual__2026-05-05T06:12:31.983781+00:00 [running]> on host 1ef264863312
[2026-05-05T06:12:37.037+0000] {taskinstance.py:2648} INFO - Exporting env vars: AIRFLOW_CTX_DAG_OWNER='***' AIRFLOW_CTX_DAG_ID='moex_candles_loader' AIRFLOW_CTX_TASK_ID='run_candles_loader' AIRFLOW_CTX_EXECUTION_DATE='2026-05-05T06:12:31.983781+00:00' AIRFLOW_CTX_TRY_NUMBER='1' AIRFLOW_CTX_DAG_RUN_ID='manual__2026-05-05T06:12:31.983781+00:00'
[2026-05-05T06:12:37.051+0000] {taskinstance.py:430} INFO - ::endgroup::
[2026-05-05T06:12:37.058+0000] {subprocess.py:63} INFO - Tmp dir root location: /tmp
[2026-05-05T06:12:37.060+0000] {subprocess.py:75} INFO - Running command: ['/usr/bin/bash', '-c', 'python /opt/***/dags/scripts/candles_loader.py']
[2026-05-05T06:12:37.080+0000] {subprocess.py:86} INFO - Output:
[2026-05-05T06:13:00.916+0000] {subprocess.py:93} INFO - 🚀 Старт загрузки свечей | 2026-05-05 06:12:39
[2026-05-05T06:13:00.919+0000] {subprocess.py:93} INFO - 📥 Загружаем GAZP
[2026-05-05T06:13:00.922+0000] {subprocess.py:93} INFO - Traceback (most recent call last):
[2026-05-05T06:13:00.922+0000] {subprocess.py:93} INFO -   File "/home/***/.local/lib/python3.12/site-packages/boto3/s3/transfer.py", line 372, in upload_file
[2026-05-05T06:13:00.924+0000] {subprocess.py:93} INFO -     future.result()
[2026-05-05T06:13:00.924+0000] {subprocess.py:93} INFO -   File "/home/***/.local/lib/python3.12/site-packages/s3transfer/futures.py", line 103, in result
[2026-05-05T06:13:00.925+0000] {subprocess.py:93} INFO -     return self._coordinator.result()
[2026-05-05T06:13:00.926+0000] {subprocess.py:93} INFO -            ^^^^^^^^^^^^^^^^^^^^^^^^^^
[2026-05-05T06:13:00.926+0000] {subprocess.py:93} INFO -   File "/home/***/.local/lib/python3.12/site-packages/s3transfer/futures.py", line 266, in result
[2026-05-05T06:13:00.928+0000] {subprocess.py:93} INFO -     raise self._exception
[2026-05-05T06:13:00.929+0000] {subprocess.py:93} INFO -   File "/home/***/.local/lib/python3.12/site-packages/s3transfer/tasks.py", line 139, in __call__
[2026-05-05T06:13:00.930+0000] {subprocess.py:93} INFO -     return self._execute_main(kwargs)
[2026-05-05T06:13:00.930+0000] {subprocess.py:93} INFO -            ^^^^^^^^^^^^^^^^^^^^^^^^^^
[2026-05-05T06:13:00.931+0000] {subprocess.py:93} INFO -   File "/home/***/.local/lib/python3.12/site-packages/s3transfer/tasks.py", line 162, in _execute_main
[2026-05-05T06:13:00.932+0000] {subprocess.py:93} INFO -     return_value = self._main(**kwargs)
[2026-05-05T06:13:00.933+0000] {subprocess.py:93} INFO -                    ^^^^^^^^^^^^^^^^^^^^
[2026-05-05T06:13:00.933+0000] {subprocess.py:93} INFO -   File "/home/***/.local/lib/python3.12/site-packages/s3transfer/upload.py", line 764, in _main
[2026-05-05T06:13:00.936+0000] {subprocess.py:93} INFO -     client.put_object(Bucket=bucket, Key=key, Body=body, **extra_args)
[2026-05-05T06:13:00.936+0000] {subprocess.py:93} INFO -   File "/home/***/.local/lib/python3.12/site-packages/botocore/client.py", line 565, in _api_call
[2026-05-05T06:13:00.937+0000] {subprocess.py:93} INFO -     return self._make_api_call(operation_name, kwargs)
[2026-05-05T06:13:00.938+0000] {subprocess.py:93} INFO -            ^^^^^^^^^^^^^^^^^^^^^^^^^^^^^^^^^^^^^^^^^^^
[2026-05-05T06:13:00.938+0000] {subprocess.py:93} INFO -   File "/home/***/.local/lib/python3.12/site-packages/botocore/client.py", line 1021, in _make_api_call
[2026-05-05T06:13:00.939+0000] {subprocess.py:93} INFO -     raise error_class(parsed_response, operation_name)
[2026-05-05T06:13:00.940+0000] {subprocess.py:93} INFO - botocore.errorfactory.NoSuchBucket: An error occurred (NoSuchBucket) when calling the PutObject operation: The specified bucket does not exist
[2026-05-05T06:13:00.942+0000] {subprocess.py:93} INFO - 
[2026-05-05T06:13:00.943+0000] {subprocess.py:93} INFO - During handling of the above exception, another exception occurred:
[2026-05-05T06:13:00.943+0000] {subprocess.py:93} INFO - 
[2026-05-05T06:13:00.944+0000] {subprocess.py:93} INFO - Traceback (most recent call last):
[2026-05-05T06:13:00.945+0000] {subprocess.py:93} INFO -   File "/opt/***/dags/scripts/candles_loader.py", line 167, in <module>
[2026-05-05T06:13:00.945+0000] {subprocess.py:93} INFO -     main()
[2026-05-05T06:13:00.946+0000] {subprocess.py:93} INFO -   File "/opt/***/dags/scripts/candles_loader.py", line 151, in main
[2026-05-05T06:13:00.946+0000] {subprocess.py:93} INFO -     save_dataset(
[2026-05-05T06:13:00.947+0000] {subprocess.py:93} INFO -   File "/opt/***/dags/scripts/candles_loader.py", line 133, in save_dataset
[2026-05-05T06:13:00.947+0000] {subprocess.py:93} INFO -     s3_client.upload_file(str(parquet_path), bucket, s3_key)
[2026-05-05T06:13:00.949+0000] {subprocess.py:93} INFO -   File "/home/***/.local/lib/python3.12/site-packages/boto3/s3/inject.py", line 145, in upload_file
[2026-05-05T06:13:00.952+0000] {subprocess.py:93} INFO -     return transfer.upload_file(
[2026-05-05T06:13:00.953+0000] {subprocess.py:93} INFO -            ^^^^^^^^^^^^^^^^^^^^^
[2026-05-05T06:13:00.953+0000] {subprocess.py:93} INFO -   File "/home/***/.local/lib/python3.12/site-packages/boto3/s3/transfer.py", line 378, in upload_file
[2026-05-05T06:13:00.954+0000] {subprocess.py:93} INFO -     raise S3UploadFailedError(
[2026-05-05T06:13:00.957+0000] {subprocess.py:93} INFO - boto3.exceptions.S3UploadFailedError: Failed to upload /opt/***/dags/scripts/data/moex-data/moex/candles/GAZP/GAZP_1h_20260505_061239.parquet to data/moex-data/moex/candles/GAZP/GAZP_1h_20260505_061239.parquet: An error occurred (NoSuchBucket) when calling the PutObject operation: The specified bucket does not exist
[2026-05-05T06:13:01.409+0000] {subprocess.py:97} INFO - Command exited with return code 1
[2026-05-05T06:13:01.411+0000] {taskinstance.py:441} INFO - ::group::Post task execution logs
[2026-05-05T06:13:01.436+0000] {taskinstance.py:2905} ERROR - Task failed with exception
Traceback (most recent call last):
  File "/home/airflow/.local/lib/python3.12/site-packages/airflow/models/taskinstance.py", line 465, in _execute_task
    result = _execute_callable(context=context, **execute_callable_kwargs)
             ^^^^^^^^^^^^^^^^^^^^^^^^^^^^^^^^^^^^^^^^^^^^^^^^^^^^^^^^^^^^^
  File "/home/airflow/.local/lib/python3.12/site-packages/airflow/models/taskinstance.py", line 432, in _execute_callable
    return execute_callable(context=context, **execute_callable_kwargs)
           ^^^^^^^^^^^^^^^^^^^^^^^^^^^^^^^^^^^^^^^^^^^^^^^^^^^^^^^^^^^^
  File "/home/airflow/.local/lib/python3.12/site-packages/airflow/models/baseoperator.py", line 401, in wrapper
    return func(self, *args, **kwargs)
           ^^^^^^^^^^^^^^^^^^^^^^^^^^^
  File "/home/airflow/.local/lib/python3.12/site-packages/airflow/operators/bash.py", line 243, in execute
    raise AirflowException(
airflow.exceptions.AirflowException: Bash command failed. The command returned a non-zero exit code 1.
[2026-05-05T06:13:01.447+0000] {taskinstance.py:1206} INFO - Marking task as FAILED. dag_id=moex_candles_loader, task_id=run_candles_loader, run_id=manual__2026-05-05T06:12:31.983781+00:00, execution_date=20260505T061231, start_date=20260505T061236, end_date=20260505T061301
[2026-05-05T06:13:01.503+0000] {standard_task_runner.py:110} ERROR - Failed to execute job 5 for task run_candles_loader (Bash command failed. The command returned a non-zero exit code 1.; 238)
[2026-05-05T06:13:01.531+0000] {local_task_job_runner.py:243} INFO - Task exited with return code 1
[2026-05-05T06:13:01.571+0000] {taskinstance.py:3503} INFO - 0 downstream tasks scheduled from follow-on schedule check
[2026-05-05T06:13:01.578+0000] {local_task_job_runner.py:222} INFO - ::endgroup::
