[2026-05-11T19:58:29.767+0000] {local_task_job_runner.py:120} INFO - ::group::Pre task execution logs
[2026-05-11T19:58:29.814+0000] {taskinstance.py:2076} INFO - Dependencies all met for dep_context=non-requeueable deps ti=<TaskInstance: moex_candles_loader.run_transfer manual__2026-05-11T19:58:19.200171+00:00 [queued]>
[2026-05-11T19:58:29.830+0000] {taskinstance.py:2076} INFO - Dependencies all met for dep_context=requeueable deps ti=<TaskInstance: moex_candles_loader.run_transfer manual__2026-05-11T19:58:19.200171+00:00 [queued]>
[2026-05-11T19:58:29.831+0000] {taskinstance.py:2306} INFO - Starting attempt 1 of 1
[2026-05-11T19:58:29.867+0000] {taskinstance.py:2330} INFO - Executing <Task(BashOperator): run_transfer> on 2026-05-11 19:58:19.200171+00:00
[2026-05-11T19:58:29.883+0000] {warnings.py:112} WARNING - /home/***/.local/lib/python3.12/site-packages/***/task/task_runner/standard_task_runner.py:62: DeprecationWarning: This process (pid=117) is multi-threaded, use of fork() may lead to deadlocks in the child.
  pid = os.fork()

[2026-05-11T19:58:29.888+0000] {standard_task_runner.py:64} INFO - Started process 119 to run task
[2026-05-11T19:58:29.888+0000] {standard_task_runner.py:90} INFO - Running: ['***', 'tasks', 'run', 'moex_candles_loader', 'run_transfer', 'manual__2026-05-11T19:58:19.200171+00:00', '--job-id', '48', '--raw', '--subdir', 'DAGS_FOLDER/moex_loader_dag.py', '--cfg-path', '/tmp/tmp525o4jxb']
[2026-05-11T19:58:29.898+0000] {standard_task_runner.py:91} INFO - Job 48: Subtask run_transfer
[2026-05-11T19:58:30.017+0000] {task_command.py:426} INFO - Running <TaskInstance: moex_candles_loader.run_transfer manual__2026-05-11T19:58:19.200171+00:00 [running]> on host ff96f345a9c6
[2026-05-11T19:58:30.180+0000] {taskinstance.py:2648} INFO - Exporting env vars: AIRFLOW_CTX_DAG_OWNER='***' AIRFLOW_CTX_DAG_ID='moex_candles_loader' AIRFLOW_CTX_TASK_ID='run_transfer' AIRFLOW_CTX_EXECUTION_DATE='2026-05-11T19:58:19.200171+00:00' AIRFLOW_CTX_TRY_NUMBER='1' AIRFLOW_CTX_DAG_RUN_ID='manual__2026-05-11T19:58:19.200171+00:00'
[2026-05-11T19:58:30.185+0000] {taskinstance.py:430} INFO - ::endgroup::
[2026-05-11T19:58:30.187+0000] {subprocess.py:63} INFO - Tmp dir root location: /tmp
[2026-05-11T19:58:30.189+0000] {subprocess.py:75} INFO - Running command: ['/usr/bin/bash', '-c', 'python /opt/***/dags/scripts/transfer.py']
[2026-05-11T19:58:30.212+0000] {subprocess.py:86} INFO - Output:
[2026-05-11T19:58:31.431+0000] {subprocess.py:93} INFO - [1/2] Пересоздаём внешнюю таблицу minio.moex_data.GAZP...
[2026-05-11T19:58:31.433+0000] {subprocess.py:93} INFO - Traceback (most recent call last):
[2026-05-11T19:58:31.434+0000] {subprocess.py:93} INFO -   File "/opt/***/dags/scripts/transfer.py", line 100, in <module>
[2026-05-11T19:58:31.444+0000] {subprocess.py:93} INFO -     main()
[2026-05-11T19:58:31.446+0000] {subprocess.py:93} INFO -   File "/opt/***/dags/scripts/transfer.py", line 94, in main
[2026-05-11T19:58:31.455+0000] {subprocess.py:93} INFO -     recreate_external_table()
[2026-05-11T19:58:31.457+0000] {subprocess.py:93} INFO -   File "/opt/***/dags/scripts/transfer.py", line 38, in recreate_external_table
[2026-05-11T19:58:31.464+0000] {subprocess.py:93} INFO -     cur.execute(f"DROP TABLE IF EXISTS {full_table}")
[2026-05-11T19:58:31.465+0000] {subprocess.py:93} INFO -   File "/home/***/.local/lib/python3.12/site-packages/trino/dbapi.py", line 640, in execute
[2026-05-11T19:58:31.467+0000] {subprocess.py:93} INFO -     self._iterator = iter(self._query.execute())
[2026-05-11T19:58:31.468+0000] {subprocess.py:93} INFO -                           ^^^^^^^^^^^^^^^^^^^^^
[2026-05-11T19:58:31.469+0000] {subprocess.py:93} INFO -   File "/home/***/.local/lib/python3.12/site-packages/trino/client.py", line 938, in execute
[2026-05-11T19:58:31.470+0000] {subprocess.py:93} INFO -     self._result.rows += self.fetch()
[2026-05-11T19:58:31.470+0000] {subprocess.py:93} INFO -                          ^^^^^^^^^^^^
[2026-05-11T19:58:31.471+0000] {subprocess.py:93} INFO -   File "/home/***/.local/lib/python3.12/site-packages/trino/client.py", line 958, in fetch
[2026-05-11T19:58:31.473+0000] {subprocess.py:93} INFO -     status = self._request.process(response)
[2026-05-11T19:58:31.474+0000] {subprocess.py:93} INFO -              ^^^^^^^^^^^^^^^^^^^^^^^^^^^^^^^
[2026-05-11T19:58:31.475+0000] {subprocess.py:93} INFO -   File "/home/***/.local/lib/python3.12/site-packages/trino/client.py", line 727, in process
[2026-05-11T19:58:31.475+0000] {subprocess.py:93} INFO -     raise self._process_error(response["error"], response.get("id"))
[2026-05-11T19:58:31.477+0000] {subprocess.py:93} INFO - trino.exceptions.TrinoUserError: TrinoUserError(type=USER_ERROR, name=PERMISSION_DENIED, message="Access Denied: Cannot drop table moex_data.gazp: Owner of the table ('admin') is different from session user ('***')", query_id=20260511_195831_00131_w7d7x)
[2026-05-11T19:58:31.520+0000] {subprocess.py:97} INFO - Command exited with return code 1
[2026-05-11T19:58:31.522+0000] {taskinstance.py:441} INFO - ::group::Post task execution logs
[2026-05-11T19:58:31.539+0000] {taskinstance.py:2905} ERROR - Task failed with exception
Traceback (most recent call last):
  File "/home/airflow/.local/lib/python3.12/site-packages/airflow/models/taskinstance.py", line 465, in _execute_task
    result = _execute_callable(context=context, **execute_callable_kwargs)
             ^^^^^^^^^^^^^^^^^^^^^^^^^^^^^^^^^^^^^^^^^^^^^^^^^^^^^^^^^^^^^
  File "/home/airflow/.local/lib/python3.12/site-packages/airflow/models/taskinstance.py", line 432, in _execute_callable
    return execute_callable(context=context, **execute_callable_kwargs)
           ^^^^^^^^^^^^^^^^^^^^^^^^^^^^^^^^^^^^^^^^^^^^^^^^^^^^^^^^^^^^
  File "/home/airflow/.local/lib/python3.12/site-packages/airflow/models/baseoperator.py", line 401, in wrapper
    return func(self, *args, **kwargs)
           ^^^^^^^^^^^^^^^^^^^^^^^^^^^
  File "/home/airflow/.local/lib/python3.12/site-packages/airflow/operators/bash.py", line 243, in execute
    raise AirflowException(
airflow.exceptions.AirflowException: Bash command failed. The command returned a non-zero exit code 1.
[2026-05-11T19:58:31.547+0000] {taskinstance.py:1206} INFO - Marking task as FAILED. dag_id=moex_candles_loader, task_id=run_transfer, run_id=manual__2026-05-11T19:58:19.200171+00:00, execution_date=20260511T195819, start_date=20260511T195829, end_date=20260511T195831
[2026-05-11T19:58:31.597+0000] {standard_task_runner.py:110} ERROR - Failed to execute job 48 for task run_transfer (Bash command failed. The command returned a non-zero exit code 1.; 119)
[2026-05-11T19:58:31.636+0000] {local_task_job_runner.py:243} INFO - Task exited with return code 1
[2026-05-11T19:58:31.662+0000] {taskinstance.py:3503} INFO - 0 downstream tasks scheduled from follow-on schedule check
[2026-05-11T19:58:31.667+0000] {local_task_job_runner.py:222} INFO - ::endgroup::
