[2026-05-03T11:31:33.384+0000] {local_task_job_runner.py:120} INFO - ::group::Pre task execution logs
[2026-05-03T11:31:33.417+0000] {taskinstance.py:2076} INFO - Dependencies all met for dep_context=non-requeueable deps ti=<TaskInstance: moex_candles_loader.run_candles_loader manual__2026-05-03T11:31:27.890603+00:00 [queued]>
[2026-05-03T11:31:33.430+0000] {taskinstance.py:2076} INFO - Dependencies all met for dep_context=requeueable deps ti=<TaskInstance: moex_candles_loader.run_candles_loader manual__2026-05-03T11:31:27.890603+00:00 [queued]>
[2026-05-03T11:31:33.433+0000] {taskinstance.py:2306} INFO - Starting attempt 1 of 1
[2026-05-03T11:31:33.459+0000] {taskinstance.py:2330} INFO - Executing <Task(BashOperator): run_candles_loader> on 2026-05-03 11:31:27.890603+00:00
[2026-05-03T11:31:33.470+0000] {warnings.py:112} WARNING - /home/***/.local/lib/python3.12/site-packages/***/task/task_runner/standard_task_runner.py:62: DeprecationWarning: This process (pid=179) is multi-threaded, use of fork() may lead to deadlocks in the child.
  pid = os.fork()

[2026-05-03T11:31:33.474+0000] {standard_task_runner.py:64} INFO - Started process 188 to run task
[2026-05-03T11:31:33.473+0000] {standard_task_runner.py:90} INFO - Running: ['***', 'tasks', 'run', 'moex_candles_loader', 'run_candles_loader', 'manual__2026-05-03T11:31:27.890603+00:00', '--job-id', '3', '--raw', '--subdir', 'DAGS_FOLDER/moex_loader_dag.py', '--cfg-path', '/tmp/tmp2zd6vsft']
[2026-05-03T11:31:33.478+0000] {standard_task_runner.py:91} INFO - Job 3: Subtask run_candles_loader
[2026-05-03T11:31:33.592+0000] {task_command.py:426} INFO - Running <TaskInstance: moex_candles_loader.run_candles_loader manual__2026-05-03T11:31:27.890603+00:00 [running]> on host 6bad10c6e4e9
[2026-05-03T11:31:33.739+0000] {taskinstance.py:2648} INFO - Exporting env vars: AIRFLOW_CTX_DAG_OWNER='***' AIRFLOW_CTX_DAG_ID='moex_candles_loader' AIRFLOW_CTX_TASK_ID='run_candles_loader' AIRFLOW_CTX_EXECUTION_DATE='2026-05-03T11:31:27.890603+00:00' AIRFLOW_CTX_TRY_NUMBER='1' AIRFLOW_CTX_DAG_RUN_ID='manual__2026-05-03T11:31:27.890603+00:00'
[2026-05-03T11:31:33.742+0000] {taskinstance.py:430} INFO - ::endgroup::
[2026-05-03T11:31:33.744+0000] {subprocess.py:63} INFO - Tmp dir root location: /tmp
[2026-05-03T11:31:33.746+0000] {subprocess.py:75} INFO - Running command: ['/usr/bin/bash', '-c', 'python /opt/***/dags/scripts/candles_loader.py']
[2026-05-03T11:31:33.763+0000] {subprocess.py:86} INFO - Output:
[2026-05-03T11:31:37.988+0000] {subprocess.py:93} INFO - 🚀 Старт загрузки свечей | 2026-05-03 11:31:36
[2026-05-03T11:31:37.991+0000] {subprocess.py:93} INFO - 📥 Загружаем GAZP
[2026-05-03T11:31:37.992+0000] {subprocess.py:93} INFO - Traceback (most recent call last):
[2026-05-03T11:31:37.996+0000] {subprocess.py:93} INFO -   File "/opt/***/dags/scripts/candles_loader.py", line 167, in <module>
[2026-05-03T11:31:38.004+0000] {subprocess.py:93} INFO -     main()
[2026-05-03T11:31:38.005+0000] {subprocess.py:93} INFO -   File "/opt/***/dags/scripts/candles_loader.py", line 149, in main
[2026-05-03T11:31:38.017+0000] {subprocess.py:93} INFO -     df = fetch_candles(secid)
[2026-05-03T11:31:38.018+0000] {subprocess.py:93} INFO -          ^^^^^^^^^^^^^^^^^^^^
[2026-05-03T11:31:38.019+0000] {subprocess.py:93} INFO -   File "/opt/***/dags/scripts/candles_loader.py", line 52, in fetch_candles
[2026-05-03T11:31:38.027+0000] {subprocess.py:93} INFO -     Ticker(secid).candles(
[2026-05-03T11:31:38.038+0000] {subprocess.py:93} INFO - TypeError: CommonTicker.candles() got an unexpected keyword argument 'date'
[2026-05-03T11:31:38.523+0000] {subprocess.py:97} INFO - Command exited with return code 1
[2026-05-03T11:31:38.525+0000] {taskinstance.py:441} INFO - ::group::Post task execution logs
[2026-05-03T11:31:38.547+0000] {taskinstance.py:2905} ERROR - Task failed with exception
Traceback (most recent call last):
  File "/home/airflow/.local/lib/python3.12/site-packages/airflow/models/taskinstance.py", line 465, in _execute_task
    result = _execute_callable(context=context, **execute_callable_kwargs)
             ^^^^^^^^^^^^^^^^^^^^^^^^^^^^^^^^^^^^^^^^^^^^^^^^^^^^^^^^^^^^^
  File "/home/airflow/.local/lib/python3.12/site-packages/airflow/models/taskinstance.py", line 432, in _execute_callable
    return execute_callable(context=context, **execute_callable_kwargs)
           ^^^^^^^^^^^^^^^^^^^^^^^^^^^^^^^^^^^^^^^^^^^^^^^^^^^^^^^^^^^^
  File "/home/airflow/.local/lib/python3.12/site-packages/airflow/models/baseoperator.py", line 401, in wrapper
    return func(self, *args, **kwargs)
           ^^^^^^^^^^^^^^^^^^^^^^^^^^^
  File "/home/airflow/.local/lib/python3.12/site-packages/airflow/operators/bash.py", line 243, in execute
    raise AirflowException(
airflow.exceptions.AirflowException: Bash command failed. The command returned a non-zero exit code 1.
[2026-05-03T11:31:38.560+0000] {taskinstance.py:1206} INFO - Marking task as FAILED. dag_id=moex_candles_loader, task_id=run_candles_loader, run_id=manual__2026-05-03T11:31:27.890603+00:00, execution_date=20260503T113127, start_date=20260503T113133, end_date=20260503T113138
[2026-05-03T11:31:38.596+0000] {standard_task_runner.py:110} ERROR - Failed to execute job 3 for task run_candles_loader (Bash command failed. The command returned a non-zero exit code 1.; 188)
[2026-05-03T11:31:38.621+0000] {local_task_job_runner.py:243} INFO - Task exited with return code 1
[2026-05-03T11:31:38.655+0000] {taskinstance.py:3503} INFO - 0 downstream tasks scheduled from follow-on schedule check
[2026-05-03T11:31:38.674+0000] {local_task_job_runner.py:222} INFO - ::endgroup::
