[2026-04-21T09:28:03.083+0000] {taskinstance.py:1083} INFO - Dependencies all met for <TaskInstance: python_scheduler_dag.run_python_logic manual__2026-04-21T09:28:02.114703+00:00 [queued]>
[2026-04-21T09:28:03.102+0000] {taskinstance.py:1083} INFO - Dependencies all met for <TaskInstance: python_scheduler_dag.run_python_logic manual__2026-04-21T09:28:02.114703+00:00 [queued]>
[2026-04-21T09:28:03.104+0000] {taskinstance.py:1279} INFO - 
--------------------------------------------------------------------------------
[2026-04-21T09:28:03.105+0000] {taskinstance.py:1280} INFO - Starting attempt 1 of 4
[2026-04-21T09:28:03.105+0000] {taskinstance.py:1281} INFO - 
--------------------------------------------------------------------------------
[2026-04-21T09:28:03.136+0000] {taskinstance.py:1300} INFO - Executing <Task(_PythonDecoratedOperator): run_python_logic> on 2026-04-21 09:28:02.114703+00:00
[2026-04-21T09:28:03.144+0000] {standard_task_runner.py:55} INFO - Started process 3049 to run task
[2026-04-21T09:28:03.152+0000] {standard_task_runner.py:82} INFO - Running: ['***', 'tasks', 'run', 'python_scheduler_dag', 'run_python_logic', 'manual__2026-04-21T09:28:02.114703+00:00', '--job-id', '8', '--raw', '--subdir', 'DAGS_FOLDER/schedule_dag.py', '--cfg-path', '/tmp/tmpr9zu9if8']
[2026-04-21T09:28:03.153+0000] {standard_task_runner.py:83} INFO - Job 8: Subtask run_python_logic
[2026-04-21T09:28:03.319+0000] {task_command.py:388} INFO - Running <TaskInstance: python_scheduler_dag.run_python_logic manual__2026-04-21T09:28:02.114703+00:00 [running]> on host f0cb804c8e87
[2026-04-21T09:28:03.453+0000] {taskinstance.py:1509} INFO - Exporting the following env vars:
AIRFLOW_CTX_DAG_OWNER=***
AIRFLOW_CTX_DAG_ID=python_scheduler_dag
AIRFLOW_CTX_TASK_ID=run_python_logic
AIRFLOW_CTX_EXECUTION_DATE=2026-04-21T09:28:02.114703+00:00
AIRFLOW_CTX_TRY_NUMBER=1
AIRFLOW_CTX_DAG_RUN_ID=manual__2026-04-21T09:28:02.114703+00:00
[2026-04-21T09:28:03.456+0000] {logging_mixin.py:137} INFO - 🚀 Запуск задачи...
[2026-04-21T09:28:03.457+0000] {logging_mixin.py:137} INFO - Python version: 3.7.16 (default, Jan 18 2023, 03:29:28) 
[GCC 10.2.1 20210110]
[2026-04-21T09:28:03.458+0000] {logging_mixin.py:137} INFO - Working directory: /opt/***
[2026-04-21T09:28:03.459+0000] {logging_mixin.py:137} INFO - ✅ Результат: {'status': 'success', 'timestamp': '2026-04-21T09:28:03.458940'}
[2026-04-21T09:28:03.459+0000] {python.py:177} INFO - Done. Returned value was: {'status': 'success', 'timestamp': '2026-04-21T09:28:03.458940'}
[2026-04-21T09:28:03.510+0000] {taskinstance.py:1323} INFO - Marking task as SUCCESS. dag_id=python_scheduler_dag, task_id=run_python_logic, execution_date=20260421T092802, start_date=20260421T092803, end_date=20260421T092803
[2026-04-21T09:28:03.564+0000] {local_task_job.py:208} INFO - Task exited with return code 0
[2026-04-21T09:28:03.601+0000] {taskinstance.py:2578} INFO - 0 downstream tasks scheduled from follow-on schedule check
