[2026-05-11T20:40:09.218+0000] {local_task_job_runner.py:120} INFO - ::group::Pre task execution logs
[2026-05-11T20:40:09.252+0000] {taskinstance.py:2076} INFO - Dependencies all met for dep_context=non-requeueable deps ti=<TaskInstance: moex_candles_loader.run_candles_loader manual__2026-05-11T20:40:04.209782+00:00 [queued]>
[2026-05-11T20:40:09.264+0000] {taskinstance.py:2076} INFO - Dependencies all met for dep_context=requeueable deps ti=<TaskInstance: moex_candles_loader.run_candles_loader manual__2026-05-11T20:40:04.209782+00:00 [queued]>
[2026-05-11T20:40:09.266+0000] {taskinstance.py:2306} INFO - Starting attempt 1 of 1
[2026-05-11T20:40:09.293+0000] {taskinstance.py:2330} INFO - Executing <Task(BashOperator): run_candles_loader> on 2026-05-11 20:40:04.209782+00:00
[2026-05-11T20:40:09.308+0000] {warnings.py:112} WARNING - /home/***/.local/lib/python3.12/site-packages/***/task/task_runner/standard_task_runner.py:62: DeprecationWarning: This process (pid=328) is multi-threaded, use of fork() may lead to deadlocks in the child.
  pid = os.fork()

[2026-05-11T20:40:09.312+0000] {standard_task_runner.py:64} INFO - Started process 337 to run task
[2026-05-11T20:40:09.310+0000] {standard_task_runner.py:90} INFO - Running: ['***', 'tasks', 'run', 'moex_candles_loader', 'run_candles_loader', 'manual__2026-05-11T20:40:04.209782+00:00', '--job-id', '53', '--raw', '--subdir', 'DAGS_FOLDER/moex_loader_dag.py', '--cfg-path', '/tmp/tmpiw0mc_u3']
[2026-05-11T20:40:09.317+0000] {standard_task_runner.py:91} INFO - Job 53: Subtask run_candles_loader
[2026-05-11T20:40:09.437+0000] {task_command.py:426} INFO - Running <TaskInstance: moex_candles_loader.run_candles_loader manual__2026-05-11T20:40:04.209782+00:00 [running]> on host ef4f4778eb40
[2026-05-11T20:40:09.592+0000] {taskinstance.py:2648} INFO - Exporting env vars: AIRFLOW_CTX_DAG_OWNER='***' AIRFLOW_CTX_DAG_ID='moex_candles_loader' AIRFLOW_CTX_TASK_ID='run_candles_loader' AIRFLOW_CTX_EXECUTION_DATE='2026-05-11T20:40:04.209782+00:00' AIRFLOW_CTX_TRY_NUMBER='1' AIRFLOW_CTX_DAG_RUN_ID='manual__2026-05-11T20:40:04.209782+00:00'
[2026-05-11T20:40:09.595+0000] {taskinstance.py:430} INFO - ::endgroup::
[2026-05-11T20:40:09.597+0000] {subprocess.py:63} INFO - Tmp dir root location: /tmp
[2026-05-11T20:40:09.599+0000] {subprocess.py:75} INFO - Running command: ['/usr/bin/bash', '-c', 'python /opt/***/dags/scripts/candles_loader.py']
[2026-05-11T20:40:09.617+0000] {subprocess.py:86} INFO - Output:
[2026-05-11T20:40:24.507+0000] {local_task_job_runner.py:313} WARNING - State of this instance has been externally set to success. Terminating instance.
[2026-05-11T20:40:24.510+0000] {local_task_job_runner.py:222} INFO - ::endgroup::
[2026-05-11T20:40:24.514+0000] {process_utils.py:132} INFO - Sending 15 to group 337. PIDs of all processes in the group: [338, 337]
[2026-05-11T20:40:24.514+0000] {process_utils.py:87} INFO - Sending the signal 15 to group 337
[2026-05-11T20:40:24.516+0000] {taskinstance.py:2611} ERROR - Received SIGTERM. Terminating subprocesses.
[2026-05-11T20:40:24.517+0000] {subprocess.py:104} INFO - Sending SIGTERM signal to process group
[2026-05-11T20:40:24.518+0000] {taskinstance.py:441} INFO - ::group::Post task execution logs
[2026-05-11T20:40:24.609+0000] {process_utils.py:80} INFO - Process psutil.Process(pid=338, status='terminated', started='20:40:09') (338) terminated with exit code None
[2026-05-11T20:40:24.610+0000] {process_utils.py:80} INFO - Process psutil.Process(pid=337, status='terminated', exitcode=0, started='20:40:08') (337) terminated with exit code 0
