[2026-05-13T16:58:25.705+0000] {local_task_job_runner.py:120} INFO - ::group::Pre task execution logs
[2026-05-13T16:58:25.746+0000] {taskinstance.py:2076} INFO - Dependencies all met for dep_context=non-requeueable deps ti=<TaskInstance: moex_candles_loader.run_transfer manual__2026-05-13T16:56:51.811103+00:00 [queued]>
[2026-05-13T16:58:25.758+0000] {taskinstance.py:2076} INFO - Dependencies all met for dep_context=requeueable deps ti=<TaskInstance: moex_candles_loader.run_transfer manual__2026-05-13T16:56:51.811103+00:00 [queued]>
[2026-05-13T16:58:25.759+0000] {taskinstance.py:2306} INFO - Starting attempt 1 of 1
[2026-05-13T16:58:25.785+0000] {taskinstance.py:2330} INFO - Executing <Task(BashOperator): run_transfer> on 2026-05-13 16:56:51.811103+00:00
[2026-05-13T16:58:25.800+0000] {warnings.py:112} WARNING - /home/***/.local/lib/python3.12/site-packages/***/task/task_runner/standard_task_runner.py:62: DeprecationWarning: This process (pid=11966) is multi-threaded, use of fork() may lead to deadlocks in the child.
  pid = os.fork()

[2026-05-13T16:58:25.803+0000] {standard_task_runner.py:64} INFO - Started process 11968 to run task
[2026-05-13T16:58:25.801+0000] {standard_task_runner.py:90} INFO - Running: ['***', 'tasks', 'run', 'moex_candles_loader', 'run_transfer', 'manual__2026-05-13T16:56:51.811103+00:00', '--job-id', '60', '--raw', '--subdir', 'DAGS_FOLDER/moex_loader_dag.py', '--cfg-path', '/tmp/tmp9l2gnq_7']
[2026-05-13T16:58:25.806+0000] {standard_task_runner.py:91} INFO - Job 60: Subtask run_transfer
[2026-05-13T16:58:25.930+0000] {task_command.py:426} INFO - Running <TaskInstance: moex_candles_loader.run_transfer manual__2026-05-13T16:56:51.811103+00:00 [running]> on host ef4f4778eb40
[2026-05-13T16:58:26.079+0000] {taskinstance.py:2648} INFO - Exporting env vars: AIRFLOW_CTX_DAG_OWNER='***' AIRFLOW_CTX_DAG_ID='moex_candles_loader' AIRFLOW_CTX_TASK_ID='run_transfer' AIRFLOW_CTX_EXECUTION_DATE='2026-05-13T16:56:51.811103+00:00' AIRFLOW_CTX_TRY_NUMBER='1' AIRFLOW_CTX_DAG_RUN_ID='manual__2026-05-13T16:56:51.811103+00:00'
[2026-05-13T16:58:26.082+0000] {taskinstance.py:430} INFO - ::endgroup::
[2026-05-13T16:58:26.084+0000] {subprocess.py:63} INFO - Tmp dir root location: /tmp
[2026-05-13T16:58:26.086+0000] {subprocess.py:75} INFO - Running command: ['/usr/bin/bash', '-c', 'python /opt/***/dags/scripts/transfer.py']
[2026-05-13T16:58:26.108+0000] {subprocess.py:86} INFO - Output:
[2026-05-13T16:58:28.328+0000] {subprocess.py:93} INFO - [1/2] Пересоздаём внешнюю таблицу minio.moex_data.GAZP...
[2026-05-13T16:58:28.330+0000] {subprocess.py:93} INFO -     ✓ Таблица minio.moex_data.GAZP создана
[2026-05-13T16:58:28.330+0000] {subprocess.py:93} INFO - [2/2] Пересоздаём VIEW minio.moex_data.GAZP_view...
[2026-05-13T16:58:28.331+0000] {subprocess.py:93} INFO -     ✓ VIEW minio.moex_data.GAZP_view создана (8 колонок)
[2026-05-13T16:58:28.332+0000] {subprocess.py:93} INFO - 
[2026-05-13T16:58:28.332+0000] {subprocess.py:93} INFO - Готово! Используйте:
[2026-05-13T16:58:28.333+0000] {subprocess.py:93} INFO -   SELECT * FROM minio.moex_data.GAZP_view LIMIT 10
[2026-05-13T16:58:28.377+0000] {subprocess.py:97} INFO - Command exited with return code 0
[2026-05-13T16:58:28.379+0000] {taskinstance.py:441} INFO - ::group::Post task execution logs
[2026-05-13T16:58:28.439+0000] {taskinstance.py:1206} INFO - Marking task as SUCCESS. dag_id=moex_candles_loader, task_id=run_transfer, run_id=manual__2026-05-13T16:56:51.811103+00:00, execution_date=20260513T165651, start_date=20260513T165825, end_date=20260513T165828
[2026-05-13T16:58:28.515+0000] {local_task_job_runner.py:243} INFO - Task exited with return code 0
[2026-05-13T16:58:28.554+0000] {taskinstance.py:3503} INFO - 1 downstream tasks scheduled from follow-on schedule check
[2026-05-13T16:58:28.561+0000] {local_task_job_runner.py:222} INFO - ::endgroup::
