[2026-05-13T23:37:23.448+0000] {local_task_job_runner.py:120} INFO - ::group::Pre task execution logs
[2026-05-13T23:37:23.492+0000] {taskinstance.py:2076} INFO - Dependencies all met for dep_context=non-requeueable deps ti=<TaskInstance: moex_candles_loader.run_feature_ML manual__2026-05-13T23:35:43.498341+00:00 [queued]>
[2026-05-13T23:37:23.509+0000] {taskinstance.py:2076} INFO - Dependencies all met for dep_context=requeueable deps ti=<TaskInstance: moex_candles_loader.run_feature_ML manual__2026-05-13T23:35:43.498341+00:00 [queued]>
[2026-05-13T23:37:23.511+0000] {taskinstance.py:2306} INFO - Starting attempt 1 of 1
[2026-05-13T23:37:23.542+0000] {taskinstance.py:2330} INFO - Executing <Task(BashOperator): run_feature_ML> on 2026-05-13 23:35:43.498341+00:00
[2026-05-13T23:37:23.556+0000] {warnings.py:112} WARNING - /home/***/.local/lib/python3.12/site-packages/***/task/task_runner/standard_task_runner.py:62: DeprecationWarning: This process (pid=3202) is multi-threaded, use of fork() may lead to deadlocks in the child.
  pid = os.fork()

[2026-05-13T23:37:23.560+0000] {standard_task_runner.py:64} INFO - Started process 3204 to run task
[2026-05-13T23:37:23.559+0000] {standard_task_runner.py:90} INFO - Running: ['***', 'tasks', 'run', 'moex_candles_loader', 'run_feature_ML', 'manual__2026-05-13T23:35:43.498341+00:00', '--job-id', '132', '--raw', '--subdir', 'DAGS_FOLDER/moex_loader_dag.py', '--cfg-path', '/tmp/tmpmfa72uea']
[2026-05-13T23:37:23.564+0000] {standard_task_runner.py:91} INFO - Job 132: Subtask run_feature_ML
[2026-05-13T23:37:23.696+0000] {task_command.py:426} INFO - Running <TaskInstance: moex_candles_loader.run_feature_ML manual__2026-05-13T23:35:43.498341+00:00 [running]> on host ef4f4778eb40
[2026-05-13T23:37:23.866+0000] {taskinstance.py:2648} INFO - Exporting env vars: AIRFLOW_CTX_DAG_OWNER='***' AIRFLOW_CTX_DAG_ID='moex_candles_loader' AIRFLOW_CTX_TASK_ID='run_feature_ML' AIRFLOW_CTX_EXECUTION_DATE='2026-05-13T23:35:43.498341+00:00' AIRFLOW_CTX_TRY_NUMBER='1' AIRFLOW_CTX_DAG_RUN_ID='manual__2026-05-13T23:35:43.498341+00:00'
[2026-05-13T23:37:23.872+0000] {taskinstance.py:430} INFO - ::endgroup::
[2026-05-13T23:37:23.874+0000] {subprocess.py:63} INFO - Tmp dir root location: /tmp
[2026-05-13T23:37:23.876+0000] {subprocess.py:75} INFO - Running command: ['/usr/bin/bash', '-c', 'python /opt/***/dags/scripts/gazp_ml_v2.py']
[2026-05-13T23:37:23.905+0000] {subprocess.py:86} INFO - Output:
[2026-05-13T23:43:15.597+0000] {subprocess.py:93} INFO - 
[2026-05-13T23:43:15.599+0000] {subprocess.py:93} INFO - ==================================================
[2026-05-13T23:43:15.600+0000] {subprocess.py:93} INFO -   РЕЖИМ: ОБУЧЕНИЕ
[2026-05-13T23:43:15.601+0000] {subprocess.py:93} INFO - ==================================================
[2026-05-13T23:43:15.601+0000] {subprocess.py:93} INFO - 
[2026-05-13T23:43:15.602+0000] {subprocess.py:93} INFO - [1] Загружаем из Trino: minio.feature_data_gazp_agg.features
[2026-05-13T23:43:15.603+0000] {subprocess.py:93} INFO -   Загружаем фичи из minio.feature_data_gazp_agg.features...
[2026-05-13T23:43:15.604+0000] {subprocess.py:93} INFO -   -> 24,770 строк, 7 колонок
[2026-05-13T23:43:15.605+0000] {subprocess.py:93} INFO -   Загружаем сырые данные из minio.moex_data.gazp_view...
[2026-05-13T23:43:15.607+0000] {subprocess.py:93} INFO -   -> 24,770 строк из minio.moex_data.gazp_view
[2026-05-13T23:43:15.608+0000] {subprocess.py:93} INFO -   Считаем фичи локально...
[2026-05-13T23:43:15.609+0000] {subprocess.py:93} INFO -   -> фичи готовы: 57 колонок
[2026-05-13T23:43:15.611+0000] {subprocess.py:93} INFO - [2] Данные загружены: 24,770 строк, 57 колонок.
[2026-05-13T23:43:15.613+0000] {subprocess.py:93} INFO - 
[2026-05-13T23:43:15.614+0000] {subprocess.py:93} INFO - [3] Подготовка датасета...
[2026-05-13T23:43:15.615+0000] {subprocess.py:93} INFO -   Train: 19,788 строк  [2020-01-09 - 2025-06-08]
[2026-05-13T23:43:15.616+0000] {subprocess.py:93} INFO -   Test:  4,948  строк  [2025-06-08 - 2026-05-13]
[2026-05-13T23:43:15.616+0000] {subprocess.py:93} INFO - 
[2026-05-13T23:43:15.617+0000] {subprocess.py:93} INFO - [4] Обучение...
[2026-05-13T23:43:15.618+0000] {subprocess.py:93} INFO -   XGBoost (классификатор)...
[2026-05-13T23:43:15.618+0000] {subprocess.py:93} INFO -   XGBoost (регрессор цены)...
[2026-05-13T23:43:15.619+0000] {subprocess.py:93} INFO -   Модели -> models/
[2026-05-13T23:43:15.620+0000] {subprocess.py:93} INFO - 
[2026-05-13T23:43:15.621+0000] {subprocess.py:93} INFO - [5] Оценка...
[2026-05-13T23:43:15.621+0000] {subprocess.py:93} INFO - 
[2026-05-13T23:43:15.622+0000] {subprocess.py:93} INFO - ================================================
[2026-05-13T23:43:15.623+0000] {subprocess.py:93} INFO -   Классификатор  Accuracy: 0.5293  F1: 0.4765  AUC: 0.5360
[2026-05-13T23:43:15.624+0000] {subprocess.py:93} INFO -   Регрессор      MAE: 0.3924 руб  MAPE: 0.31%
[2026-05-13T23:43:15.625+0000] {subprocess.py:93} INFO - ================================================
[2026-05-13T23:43:15.626+0000] {subprocess.py:93} INFO - 
[2026-05-13T23:43:15.626+0000] {subprocess.py:93} INFO -   Топ-15 признаков:
[2026-05-13T23:43:15.627+0000] {subprocess.py:93} INFO - rsi_zone_code        0.033323
[2026-05-13T23:43:15.629+0000] {subprocess.py:93} INFO - hour_of_day          0.032929
[2026-05-13T23:43:15.630+0000] {subprocess.py:93} INFO - is_premarket         0.029129
[2026-05-13T23:43:15.631+0000] {subprocess.py:93} INFO - is_high_volume       0.027885
[2026-05-13T23:43:15.631+0000] {subprocess.py:93} INFO - close_position       0.027832
[2026-05-13T23:43:15.632+0000] {subprocess.py:93} INFO - candle_return_pct    0.027276
[2026-05-13T23:43:15.633+0000] {subprocess.py:93} INFO - is_evening           0.026339
[2026-05-13T23:43:15.634+0000] {subprocess.py:93} INFO - is_bullish           0.025981
[2026-05-13T23:43:15.635+0000] {subprocess.py:93} INFO - rsi_14               0.025874
[2026-05-13T23:43:15.637+0000] {subprocess.py:93} INFO - is_morning           0.025183
[2026-05-13T23:43:15.638+0000] {subprocess.py:93} INFO - is_midday            0.025142
[2026-05-13T23:43:15.638+0000] {subprocess.py:93} INFO - return_1             0.024928
[2026-05-13T23:43:15.639+0000] {subprocess.py:93} INFO - return_2             0.024900
[2026-05-13T23:43:15.639+0000] {subprocess.py:93} INFO - sma_5                0.024641
[2026-05-13T23:43:15.640+0000] {subprocess.py:93} INFO - atr_14               0.024569
[2026-05-13T23:43:15.641+0000] {subprocess.py:93} INFO - 
[2026-05-13T23:43:15.642+0000] {subprocess.py:93} INFO - [6] Запись предсказаний в Trino...
[2026-05-13T23:43:15.643+0000] {subprocess.py:93} INFO -     -> 500/4948
[2026-05-13T23:43:15.644+0000] {subprocess.py:93} INFO -     -> 1000/4948
[2026-05-13T23:43:15.644+0000] {subprocess.py:93} INFO -     -> 1500/4948
[2026-05-13T23:43:15.645+0000] {subprocess.py:93} INFO -     -> 2000/4948
[2026-05-13T23:43:15.646+0000] {subprocess.py:93} INFO -     -> 2500/4948
[2026-05-13T23:43:15.646+0000] {subprocess.py:93} INFO -     -> 3000/4948
[2026-05-13T23:43:15.647+0000] {subprocess.py:93} INFO -     -> 3500/4948
[2026-05-13T23:43:15.648+0000] {subprocess.py:93} INFO -     -> 4000/4948
[2026-05-13T23:43:15.648+0000] {subprocess.py:93} INFO -     -> 4500/4948
[2026-05-13T23:43:15.649+0000] {subprocess.py:93} INFO -     -> 4948/4948
[2026-05-13T23:43:15.650+0000] {subprocess.py:93} INFO -   -> 4948 предсказаний записаны в minio.feature_data_gazp_agg.predictions
[2026-05-13T23:43:15.651+0000] {subprocess.py:93} INFO - 
[2026-05-13T23:43:15.652+0000] {subprocess.py:93} INFO - [7] Запись важности признаков в Trino...
[2026-05-13T23:43:15.652+0000] {subprocess.py:93} INFO -   -> Важность признаков записана: 41 строк -> minio.feature_data_gazp_agg.feature_importance
[2026-05-13T23:43:15.653+0000] {subprocess.py:93} INFO - 
[2026-05-13T23:43:15.654+0000] {subprocess.py:93} INFO - [8] Запись метрик модели в Trino...
[2026-05-13T23:43:15.655+0000] {subprocess.py:93} INFO -   Метрики не записаны: TrinoUserError(type=USER_ERROR, name=COLUMN_NOT_FOUND, message="Insert column name does not exist in target table: test_rows", query_id=20260513_234315_00457_g8aze)
[2026-05-13T23:43:15.655+0000] {subprocess.py:93} INFO - 
[2026-05-13T23:43:15.656+0000] {subprocess.py:93} INFO - ==================================================
[2026-05-13T23:43:15.657+0000] {subprocess.py:93} INFO -   Все данные записаны в Trino:
[2026-05-13T23:43:15.657+0000] {subprocess.py:93} INFO -     minio.feature_data_gazp_agg.predictions
[2026-05-13T23:43:15.658+0000] {subprocess.py:93} INFO -     minio.feature_data_gazp_agg.feature_importance
[2026-05-13T23:43:15.659+0000] {subprocess.py:93} INFO -     minio.feature_data_gazp_agg.model_metrics
[2026-05-13T23:43:15.660+0000] {subprocess.py:93} INFO - ==================================================
[2026-05-13T23:43:15.959+0000] {subprocess.py:97} INFO - Command exited with return code 0
[2026-05-13T23:43:15.961+0000] {taskinstance.py:441} INFO - ::group::Post task execution logs
[2026-05-13T23:43:16.002+0000] {taskinstance.py:1206} INFO - Marking task as SUCCESS. dag_id=moex_candles_loader, task_id=run_feature_ML, run_id=manual__2026-05-13T23:35:43.498341+00:00, execution_date=20260513T233543, start_date=20260513T233723, end_date=20260513T234316
[2026-05-13T23:43:16.069+0000] {local_task_job_runner.py:243} INFO - Task exited with return code 0
[2026-05-13T23:43:16.099+0000] {taskinstance.py:3503} INFO - 1 downstream tasks scheduled from follow-on schedule check
[2026-05-13T23:43:16.104+0000] {local_task_job_runner.py:222} INFO - ::endgroup::
