[2026-04-21T09:07:49.272+0000] {processor.py:153} INFO - Started process (PID=990) to work on /opt/airflow/dags/schedule_dag.py
[2026-04-21T09:07:49.275+0000] {processor.py:743} INFO - Processing file /opt/airflow/dags/schedule_dag.py for tasks to queue
[2026-04-21T09:07:49.277+0000] {logging_mixin.py:137} INFO - [2026-04-21T09:07:49.276+0000] {dagbag.py:538} INFO - Filling up the DagBag from /opt/airflow/dags/schedule_dag.py
[2026-04-21T09:07:49.457+0000] {logging_mixin.py:137} INFO - [2026-04-21T09:07:49.434+0000] {dagbag.py:343} ERROR - Failed to import: /opt/airflow/dags/schedule_dag.py
Traceback (most recent call last):
  File "/home/airflow/.local/lib/python3.7/site-packages/airflow/models/dagbag.py", line 339, in parse
    loader.exec_module(new_module)
  File "<frozen importlib._bootstrap_external>", line 728, in exec_module
  File "<frozen importlib._bootstrap>", line 219, in _call_with_frames_removed
  File "/opt/airflow/dags/schedule_dag.py", line 37, in <module>
    @dag(
NameError: name 'dag' is not defined
[2026-04-21T09:07:49.489+0000] {processor.py:755} WARNING - No viable dags retrieved from /opt/airflow/dags/schedule_dag.py
[2026-04-21T09:07:49.557+0000] {processor.py:175} INFO - Processing /opt/airflow/dags/schedule_dag.py took 0.291 seconds
[2026-04-21T09:08:20.050+0000] {processor.py:153} INFO - Started process (PID=1078) to work on /opt/airflow/dags/schedule_dag.py
[2026-04-21T09:08:20.053+0000] {processor.py:743} INFO - Processing file /opt/airflow/dags/schedule_dag.py for tasks to queue
[2026-04-21T09:08:20.054+0000] {logging_mixin.py:137} INFO - [2026-04-21T09:08:20.054+0000] {dagbag.py:538} INFO - Filling up the DagBag from /opt/airflow/dags/schedule_dag.py
[2026-04-21T09:08:20.123+0000] {logging_mixin.py:137} INFO - [2026-04-21T09:08:20.108+0000] {dagbag.py:343} ERROR - Failed to import: /opt/airflow/dags/schedule_dag.py
Traceback (most recent call last):
  File "/home/airflow/.local/lib/python3.7/site-packages/airflow/models/dagbag.py", line 339, in parse
    loader.exec_module(new_module)
  File "<frozen importlib._bootstrap_external>", line 728, in exec_module
  File "<frozen importlib._bootstrap>", line 219, in _call_with_frames_removed
  File "/opt/airflow/dags/schedule_dag.py", line 37, in <module>
    @dag(
NameError: name 'dag' is not defined
[2026-04-21T09:08:20.127+0000] {processor.py:755} WARNING - No viable dags retrieved from /opt/airflow/dags/schedule_dag.py
[2026-04-21T09:08:20.201+0000] {processor.py:175} INFO - Processing /opt/airflow/dags/schedule_dag.py took 0.159 seconds
[2026-04-21T09:08:50.460+0000] {processor.py:153} INFO - Started process (PID=1189) to work on /opt/airflow/dags/schedule_dag.py
[2026-04-21T09:08:50.462+0000] {processor.py:743} INFO - Processing file /opt/airflow/dags/schedule_dag.py for tasks to queue
[2026-04-21T09:08:50.464+0000] {logging_mixin.py:137} INFO - [2026-04-21T09:08:50.464+0000] {dagbag.py:538} INFO - Filling up the DagBag from /opt/airflow/dags/schedule_dag.py
[2026-04-21T09:08:50.524+0000] {logging_mixin.py:137} INFO - [2026-04-21T09:08:50.510+0000] {dagbag.py:343} ERROR - Failed to import: /opt/airflow/dags/schedule_dag.py
Traceback (most recent call last):
  File "/home/airflow/.local/lib/python3.7/site-packages/airflow/models/dagbag.py", line 339, in parse
    loader.exec_module(new_module)
  File "<frozen importlib._bootstrap_external>", line 728, in exec_module
  File "<frozen importlib._bootstrap>", line 219, in _call_with_frames_removed
  File "/opt/airflow/dags/schedule_dag.py", line 37, in <module>
    @dag(
NameError: name 'dag' is not defined
[2026-04-21T09:08:50.531+0000] {processor.py:755} WARNING - No viable dags retrieved from /opt/airflow/dags/schedule_dag.py
[2026-04-21T09:08:50.600+0000] {processor.py:175} INFO - Processing /opt/airflow/dags/schedule_dag.py took 0.150 seconds
[2026-04-21T09:09:21.380+0000] {processor.py:153} INFO - Started process (PID=1277) to work on /opt/airflow/dags/schedule_dag.py
[2026-04-21T09:09:21.384+0000] {processor.py:743} INFO - Processing file /opt/airflow/dags/schedule_dag.py for tasks to queue
[2026-04-21T09:09:21.386+0000] {logging_mixin.py:137} INFO - [2026-04-21T09:09:21.386+0000] {dagbag.py:538} INFO - Filling up the DagBag from /opt/airflow/dags/schedule_dag.py
[2026-04-21T09:09:21.455+0000] {logging_mixin.py:137} INFO - [2026-04-21T09:09:21.444+0000] {dagbag.py:343} ERROR - Failed to import: /opt/airflow/dags/schedule_dag.py
Traceback (most recent call last):
  File "/home/airflow/.local/lib/python3.7/site-packages/airflow/models/dagbag.py", line 339, in parse
    loader.exec_module(new_module)
  File "<frozen importlib._bootstrap_external>", line 728, in exec_module
  File "<frozen importlib._bootstrap>", line 219, in _call_with_frames_removed
  File "/opt/airflow/dags/schedule_dag.py", line 37, in <module>
    @dag(
NameError: name 'dag' is not defined
[2026-04-21T09:09:21.475+0000] {processor.py:755} WARNING - No viable dags retrieved from /opt/airflow/dags/schedule_dag.py
[2026-04-21T09:09:21.536+0000] {processor.py:175} INFO - Processing /opt/airflow/dags/schedule_dag.py took 0.161 seconds
[2026-04-21T09:09:52.308+0000] {processor.py:153} INFO - Started process (PID=1365) to work on /opt/airflow/dags/schedule_dag.py
[2026-04-21T09:09:52.313+0000] {processor.py:743} INFO - Processing file /opt/airflow/dags/schedule_dag.py for tasks to queue
[2026-04-21T09:09:52.315+0000] {logging_mixin.py:137} INFO - [2026-04-21T09:09:52.315+0000] {dagbag.py:538} INFO - Filling up the DagBag from /opt/airflow/dags/schedule_dag.py
[2026-04-21T09:09:52.390+0000] {logging_mixin.py:137} INFO - [2026-04-21T09:09:52.376+0000] {dagbag.py:343} ERROR - Failed to import: /opt/airflow/dags/schedule_dag.py
Traceback (most recent call last):
  File "/home/airflow/.local/lib/python3.7/site-packages/airflow/models/dagbag.py", line 339, in parse
    loader.exec_module(new_module)
  File "<frozen importlib._bootstrap_external>", line 728, in exec_module
  File "<frozen importlib._bootstrap>", line 219, in _call_with_frames_removed
  File "/opt/airflow/dags/schedule_dag.py", line 37, in <module>
    @dag(
NameError: name 'dag' is not defined
[2026-04-21T09:09:52.394+0000] {processor.py:755} WARNING - No viable dags retrieved from /opt/airflow/dags/schedule_dag.py
[2026-04-21T09:09:52.466+0000] {processor.py:175} INFO - Processing /opt/airflow/dags/schedule_dag.py took 0.163 seconds
[2026-04-21T09:10:23.186+0000] {processor.py:153} INFO - Started process (PID=1477) to work on /opt/airflow/dags/schedule_dag.py
[2026-04-21T09:10:23.189+0000] {processor.py:743} INFO - Processing file /opt/airflow/dags/schedule_dag.py for tasks to queue
[2026-04-21T09:10:23.191+0000] {logging_mixin.py:137} INFO - [2026-04-21T09:10:23.191+0000] {dagbag.py:538} INFO - Filling up the DagBag from /opt/airflow/dags/schedule_dag.py
[2026-04-21T09:10:23.223+0000] {logging_mixin.py:137} INFO - [2026-04-21T09:10:23.216+0000] {dagbag.py:343} ERROR - Failed to import: /opt/airflow/dags/schedule_dag.py
Traceback (most recent call last):
  File "/home/airflow/.local/lib/python3.7/site-packages/airflow/models/dagbag.py", line 339, in parse
    loader.exec_module(new_module)
  File "<frozen importlib._bootstrap_external>", line 728, in exec_module
  File "<frozen importlib._bootstrap>", line 219, in _call_with_frames_removed
  File "/opt/airflow/dags/schedule_dag.py", line 37, in <module>
    @dag(
NameError: name 'dag' is not defined
[2026-04-21T09:10:23.225+0000] {processor.py:755} WARNING - No viable dags retrieved from /opt/airflow/dags/schedule_dag.py
[2026-04-21T09:10:23.299+0000] {processor.py:175} INFO - Processing /opt/airflow/dags/schedule_dag.py took 0.121 seconds
[2026-04-21T09:10:53.360+0000] {processor.py:153} INFO - Started process (PID=1565) to work on /opt/airflow/dags/schedule_dag.py
[2026-04-21T09:10:53.362+0000] {processor.py:743} INFO - Processing file /opt/airflow/dags/schedule_dag.py for tasks to queue
[2026-04-21T09:10:53.364+0000] {logging_mixin.py:137} INFO - [2026-04-21T09:10:53.364+0000] {dagbag.py:538} INFO - Filling up the DagBag from /opt/airflow/dags/schedule_dag.py
[2026-04-21T09:10:53.397+0000] {logging_mixin.py:137} INFO - [2026-04-21T09:10:53.390+0000] {dagbag.py:343} ERROR - Failed to import: /opt/airflow/dags/schedule_dag.py
Traceback (most recent call last):
  File "/home/airflow/.local/lib/python3.7/site-packages/airflow/models/dagbag.py", line 339, in parse
    loader.exec_module(new_module)
  File "<frozen importlib._bootstrap_external>", line 728, in exec_module
  File "<frozen importlib._bootstrap>", line 219, in _call_with_frames_removed
  File "/opt/airflow/dags/schedule_dag.py", line 37, in <module>
    @dag(
NameError: name 'dag' is not defined
[2026-04-21T09:10:53.400+0000] {processor.py:755} WARNING - No viable dags retrieved from /opt/airflow/dags/schedule_dag.py
[2026-04-21T09:10:53.435+0000] {processor.py:175} INFO - Processing /opt/airflow/dags/schedule_dag.py took 0.080 seconds
[2026-04-21T09:11:23.540+0000] {processor.py:153} INFO - Started process (PID=1655) to work on /opt/airflow/dags/schedule_dag.py
[2026-04-21T09:11:23.542+0000] {processor.py:743} INFO - Processing file /opt/airflow/dags/schedule_dag.py for tasks to queue
[2026-04-21T09:11:23.544+0000] {logging_mixin.py:137} INFO - [2026-04-21T09:11:23.544+0000] {dagbag.py:538} INFO - Filling up the DagBag from /opt/airflow/dags/schedule_dag.py
[2026-04-21T09:11:23.595+0000] {logging_mixin.py:137} INFO - [2026-04-21T09:11:23.582+0000] {dagbag.py:343} ERROR - Failed to import: /opt/airflow/dags/schedule_dag.py
Traceback (most recent call last):
  File "/home/airflow/.local/lib/python3.7/site-packages/airflow/models/dagbag.py", line 339, in parse
    loader.exec_module(new_module)
  File "<frozen importlib._bootstrap_external>", line 728, in exec_module
  File "<frozen importlib._bootstrap>", line 219, in _call_with_frames_removed
  File "/opt/airflow/dags/schedule_dag.py", line 37, in <module>
    @dag(
NameError: name 'dag' is not defined
[2026-04-21T09:11:23.606+0000] {processor.py:755} WARNING - No viable dags retrieved from /opt/airflow/dags/schedule_dag.py
[2026-04-21T09:11:23.688+0000] {processor.py:175} INFO - Processing /opt/airflow/dags/schedule_dag.py took 0.152 seconds
[2026-04-21T09:11:53.968+0000] {processor.py:153} INFO - Started process (PID=1752) to work on /opt/airflow/dags/schedule_dag.py
[2026-04-21T09:11:53.970+0000] {processor.py:743} INFO - Processing file /opt/airflow/dags/schedule_dag.py for tasks to queue
[2026-04-21T09:11:53.971+0000] {logging_mixin.py:137} INFO - [2026-04-21T09:11:53.970+0000] {dagbag.py:538} INFO - Filling up the DagBag from /opt/airflow/dags/schedule_dag.py
[2026-04-21T09:11:53.991+0000] {logging_mixin.py:137} INFO - [2026-04-21T09:11:53.987+0000] {dagbag.py:343} ERROR - Failed to import: /opt/airflow/dags/schedule_dag.py
Traceback (most recent call last):
  File "/home/airflow/.local/lib/python3.7/site-packages/airflow/models/dagbag.py", line 339, in parse
    loader.exec_module(new_module)
  File "<frozen importlib._bootstrap_external>", line 728, in exec_module
  File "<frozen importlib._bootstrap>", line 219, in _call_with_frames_removed
  File "/opt/airflow/dags/schedule_dag.py", line 37, in <module>
    @dag(
NameError: name 'dag' is not defined
[2026-04-21T09:11:53.992+0000] {processor.py:755} WARNING - No viable dags retrieved from /opt/airflow/dags/schedule_dag.py
[2026-04-21T09:11:54.019+0000] {processor.py:175} INFO - Processing /opt/airflow/dags/schedule_dag.py took 0.055 seconds
[2026-04-21T09:12:24.457+0000] {processor.py:153} INFO - Started process (PID=1855) to work on /opt/airflow/dags/schedule_dag.py
[2026-04-21T09:12:24.460+0000] {processor.py:743} INFO - Processing file /opt/airflow/dags/schedule_dag.py for tasks to queue
[2026-04-21T09:12:24.462+0000] {logging_mixin.py:137} INFO - [2026-04-21T09:12:24.462+0000] {dagbag.py:538} INFO - Filling up the DagBag from /opt/airflow/dags/schedule_dag.py
[2026-04-21T09:12:24.496+0000] {logging_mixin.py:137} INFO - [2026-04-21T09:12:24.490+0000] {dagbag.py:343} ERROR - Failed to import: /opt/airflow/dags/schedule_dag.py
Traceback (most recent call last):
  File "/home/airflow/.local/lib/python3.7/site-packages/airflow/models/dagbag.py", line 339, in parse
    loader.exec_module(new_module)
  File "<frozen importlib._bootstrap_external>", line 728, in exec_module
  File "<frozen importlib._bootstrap>", line 219, in _call_with_frames_removed
  File "/opt/airflow/dags/schedule_dag.py", line 37, in <module>
    @dag(
NameError: name 'dag' is not defined
[2026-04-21T09:12:24.498+0000] {processor.py:755} WARNING - No viable dags retrieved from /opt/airflow/dags/schedule_dag.py
[2026-04-21T09:12:24.539+0000] {processor.py:175} INFO - Processing /opt/airflow/dags/schedule_dag.py took 0.089 seconds
[2026-04-21T09:12:54.806+0000] {processor.py:153} INFO - Started process (PID=1967) to work on /opt/airflow/dags/schedule_dag.py
[2026-04-21T09:12:54.808+0000] {processor.py:743} INFO - Processing file /opt/airflow/dags/schedule_dag.py for tasks to queue
[2026-04-21T09:12:54.808+0000] {logging_mixin.py:137} INFO - [2026-04-21T09:12:54.808+0000] {dagbag.py:538} INFO - Filling up the DagBag from /opt/airflow/dags/schedule_dag.py
[2026-04-21T09:12:54.826+0000] {logging_mixin.py:137} INFO - [2026-04-21T09:12:54.822+0000] {dagbag.py:343} ERROR - Failed to import: /opt/airflow/dags/schedule_dag.py
Traceback (most recent call last):
  File "/home/airflow/.local/lib/python3.7/site-packages/airflow/models/dagbag.py", line 339, in parse
    loader.exec_module(new_module)
  File "<frozen importlib._bootstrap_external>", line 728, in exec_module
  File "<frozen importlib._bootstrap>", line 219, in _call_with_frames_removed
  File "/opt/airflow/dags/schedule_dag.py", line 37, in <module>
    @dag(
NameError: name 'dag' is not defined
[2026-04-21T09:12:54.828+0000] {processor.py:755} WARNING - No viable dags retrieved from /opt/airflow/dags/schedule_dag.py
[2026-04-21T09:12:54.855+0000] {processor.py:175} INFO - Processing /opt/airflow/dags/schedule_dag.py took 0.052 seconds
[2026-04-21T09:13:25.772+0000] {processor.py:153} INFO - Started process (PID=2055) to work on /opt/airflow/dags/schedule_dag.py
[2026-04-21T09:13:25.773+0000] {processor.py:743} INFO - Processing file /opt/airflow/dags/schedule_dag.py for tasks to queue
[2026-04-21T09:13:25.775+0000] {logging_mixin.py:137} INFO - [2026-04-21T09:13:25.775+0000] {dagbag.py:538} INFO - Filling up the DagBag from /opt/airflow/dags/schedule_dag.py
[2026-04-21T09:13:25.819+0000] {logging_mixin.py:137} INFO - [2026-04-21T09:13:25.812+0000] {dagbag.py:343} ERROR - Failed to import: /opt/airflow/dags/schedule_dag.py
Traceback (most recent call last):
  File "/home/airflow/.local/lib/python3.7/site-packages/airflow/models/dagbag.py", line 339, in parse
    loader.exec_module(new_module)
  File "<frozen importlib._bootstrap_external>", line 728, in exec_module
  File "<frozen importlib._bootstrap>", line 219, in _call_with_frames_removed
  File "/opt/airflow/dags/schedule_dag.py", line 37, in <module>
    @dag(
NameError: name 'dag' is not defined
[2026-04-21T09:13:25.821+0000] {processor.py:755} WARNING - No viable dags retrieved from /opt/airflow/dags/schedule_dag.py
[2026-04-21T09:13:25.863+0000] {processor.py:175} INFO - Processing /opt/airflow/dags/schedule_dag.py took 0.097 seconds
[2026-04-21T09:13:56.425+0000] {processor.py:153} INFO - Started process (PID=2167) to work on /opt/airflow/dags/schedule_dag.py
[2026-04-21T09:13:56.427+0000] {processor.py:743} INFO - Processing file /opt/airflow/dags/schedule_dag.py for tasks to queue
[2026-04-21T09:13:56.429+0000] {logging_mixin.py:137} INFO - [2026-04-21T09:13:56.428+0000] {dagbag.py:538} INFO - Filling up the DagBag from /opt/airflow/dags/schedule_dag.py
[2026-04-21T09:13:56.467+0000] {logging_mixin.py:137} INFO - [2026-04-21T09:13:56.459+0000] {dagbag.py:343} ERROR - Failed to import: /opt/airflow/dags/schedule_dag.py
Traceback (most recent call last):
  File "/home/airflow/.local/lib/python3.7/site-packages/airflow/models/dagbag.py", line 339, in parse
    loader.exec_module(new_module)
  File "<frozen importlib._bootstrap_external>", line 728, in exec_module
  File "<frozen importlib._bootstrap>", line 219, in _call_with_frames_removed
  File "/opt/airflow/dags/schedule_dag.py", line 37, in <module>
    @dag(
NameError: name 'dag' is not defined
[2026-04-21T09:13:56.470+0000] {processor.py:755} WARNING - No viable dags retrieved from /opt/airflow/dags/schedule_dag.py
[2026-04-21T09:13:56.528+0000] {processor.py:175} INFO - Processing /opt/airflow/dags/schedule_dag.py took 0.108 seconds
[2026-04-21T09:14:27.434+0000] {processor.py:153} INFO - Started process (PID=2255) to work on /opt/airflow/dags/schedule_dag.py
[2026-04-21T09:14:27.436+0000] {processor.py:743} INFO - Processing file /opt/airflow/dags/schedule_dag.py for tasks to queue
[2026-04-21T09:14:27.437+0000] {logging_mixin.py:137} INFO - [2026-04-21T09:14:27.437+0000] {dagbag.py:538} INFO - Filling up the DagBag from /opt/airflow/dags/schedule_dag.py
[2026-04-21T09:14:27.468+0000] {logging_mixin.py:137} INFO - [2026-04-21T09:14:27.463+0000] {dagbag.py:343} ERROR - Failed to import: /opt/airflow/dags/schedule_dag.py
Traceback (most recent call last):
  File "/home/airflow/.local/lib/python3.7/site-packages/airflow/models/dagbag.py", line 339, in parse
    loader.exec_module(new_module)
  File "<frozen importlib._bootstrap_external>", line 728, in exec_module
  File "<frozen importlib._bootstrap>", line 219, in _call_with_frames_removed
  File "/opt/airflow/dags/schedule_dag.py", line 37, in <module>
    @dag(
NameError: name 'dag' is not defined
[2026-04-21T09:14:27.472+0000] {processor.py:755} WARNING - No viable dags retrieved from /opt/airflow/dags/schedule_dag.py
[2026-04-21T09:14:27.517+0000] {processor.py:175} INFO - Processing /opt/airflow/dags/schedule_dag.py took 0.088 seconds
[2026-04-21T09:14:58.152+0000] {processor.py:153} INFO - Started process (PID=2366) to work on /opt/airflow/dags/schedule_dag.py
[2026-04-21T09:14:58.153+0000] {processor.py:743} INFO - Processing file /opt/airflow/dags/schedule_dag.py for tasks to queue
[2026-04-21T09:14:58.154+0000] {logging_mixin.py:137} INFO - [2026-04-21T09:14:58.154+0000] {dagbag.py:538} INFO - Filling up the DagBag from /opt/airflow/dags/schedule_dag.py
[2026-04-21T09:14:58.173+0000] {logging_mixin.py:137} INFO - [2026-04-21T09:14:58.170+0000] {dagbag.py:343} ERROR - Failed to import: /opt/airflow/dags/schedule_dag.py
Traceback (most recent call last):
  File "/home/airflow/.local/lib/python3.7/site-packages/airflow/models/dagbag.py", line 339, in parse
    loader.exec_module(new_module)
  File "<frozen importlib._bootstrap_external>", line 728, in exec_module
  File "<frozen importlib._bootstrap>", line 219, in _call_with_frames_removed
  File "/opt/airflow/dags/schedule_dag.py", line 37, in <module>
    @dag(
NameError: name 'dag' is not defined
[2026-04-21T09:14:58.174+0000] {processor.py:755} WARNING - No viable dags retrieved from /opt/airflow/dags/schedule_dag.py
[2026-04-21T09:14:58.208+0000] {processor.py:175} INFO - Processing /opt/airflow/dags/schedule_dag.py took 0.059 seconds
[2026-04-21T09:15:28.863+0000] {processor.py:153} INFO - Started process (PID=2453) to work on /opt/airflow/dags/schedule_dag.py
[2026-04-21T09:15:28.865+0000] {processor.py:743} INFO - Processing file /opt/airflow/dags/schedule_dag.py for tasks to queue
[2026-04-21T09:15:28.866+0000] {logging_mixin.py:137} INFO - [2026-04-21T09:15:28.866+0000] {dagbag.py:538} INFO - Filling up the DagBag from /opt/airflow/dags/schedule_dag.py
[2026-04-21T09:15:28.886+0000] {logging_mixin.py:137} INFO - [2026-04-21T09:15:28.882+0000] {dagbag.py:343} ERROR - Failed to import: /opt/airflow/dags/schedule_dag.py
Traceback (most recent call last):
  File "/home/airflow/.local/lib/python3.7/site-packages/airflow/models/dagbag.py", line 339, in parse
    loader.exec_module(new_module)
  File "<frozen importlib._bootstrap_external>", line 728, in exec_module
  File "<frozen importlib._bootstrap>", line 219, in _call_with_frames_removed
  File "/opt/airflow/dags/schedule_dag.py", line 37, in <module>
    @dag(
NameError: name 'dag' is not defined
[2026-04-21T09:15:28.887+0000] {processor.py:755} WARNING - No viable dags retrieved from /opt/airflow/dags/schedule_dag.py
[2026-04-21T09:15:28.922+0000] {processor.py:175} INFO - Processing /opt/airflow/dags/schedule_dag.py took 0.063 seconds
[2026-04-21T09:15:59.228+0000] {processor.py:153} INFO - Started process (PID=2565) to work on /opt/airflow/dags/schedule_dag.py
[2026-04-21T09:15:59.230+0000] {processor.py:743} INFO - Processing file /opt/airflow/dags/schedule_dag.py for tasks to queue
[2026-04-21T09:15:59.243+0000] {logging_mixin.py:137} INFO - [2026-04-21T09:15:59.242+0000] {dagbag.py:538} INFO - Filling up the DagBag from /opt/airflow/dags/schedule_dag.py
[2026-04-21T09:15:59.277+0000] {logging_mixin.py:137} INFO - [2026-04-21T09:15:59.271+0000] {dagbag.py:343} ERROR - Failed to import: /opt/airflow/dags/schedule_dag.py
Traceback (most recent call last):
  File "/home/airflow/.local/lib/python3.7/site-packages/airflow/models/dagbag.py", line 339, in parse
    loader.exec_module(new_module)
  File "<frozen importlib._bootstrap_external>", line 728, in exec_module
  File "<frozen importlib._bootstrap>", line 219, in _call_with_frames_removed
  File "/opt/airflow/dags/schedule_dag.py", line 37, in <module>
    @dag(
NameError: name 'dag' is not defined
[2026-04-21T09:15:59.281+0000] {processor.py:755} WARNING - No viable dags retrieved from /opt/airflow/dags/schedule_dag.py
[2026-04-21T09:15:59.321+0000] {processor.py:175} INFO - Processing /opt/airflow/dags/schedule_dag.py took 0.099 seconds
[2026-04-21T09:16:29.474+0000] {processor.py:153} INFO - Started process (PID=2652) to work on /opt/airflow/dags/schedule_dag.py
[2026-04-21T09:16:29.476+0000] {processor.py:743} INFO - Processing file /opt/airflow/dags/schedule_dag.py for tasks to queue
[2026-04-21T09:16:29.479+0000] {logging_mixin.py:137} INFO - [2026-04-21T09:16:29.478+0000] {dagbag.py:538} INFO - Filling up the DagBag from /opt/airflow/dags/schedule_dag.py
[2026-04-21T09:16:29.515+0000] {logging_mixin.py:137} INFO - [2026-04-21T09:16:29.506+0000] {dagbag.py:343} ERROR - Failed to import: /opt/airflow/dags/schedule_dag.py
Traceback (most recent call last):
  File "/home/airflow/.local/lib/python3.7/site-packages/airflow/models/dagbag.py", line 339, in parse
    loader.exec_module(new_module)
  File "<frozen importlib._bootstrap_external>", line 728, in exec_module
  File "<frozen importlib._bootstrap>", line 219, in _call_with_frames_removed
  File "/opt/airflow/dags/schedule_dag.py", line 37, in <module>
    @dag(
NameError: name 'dag' is not defined
[2026-04-21T09:16:29.517+0000] {processor.py:755} WARNING - No viable dags retrieved from /opt/airflow/dags/schedule_dag.py
[2026-04-21T09:16:29.563+0000] {processor.py:175} INFO - Processing /opt/airflow/dags/schedule_dag.py took 0.097 seconds
[2026-04-21T09:16:59.739+0000] {processor.py:153} INFO - Started process (PID=2764) to work on /opt/airflow/dags/schedule_dag.py
[2026-04-21T09:16:59.742+0000] {processor.py:743} INFO - Processing file /opt/airflow/dags/schedule_dag.py for tasks to queue
[2026-04-21T09:16:59.744+0000] {logging_mixin.py:137} INFO - [2026-04-21T09:16:59.743+0000] {dagbag.py:538} INFO - Filling up the DagBag from /opt/airflow/dags/schedule_dag.py
[2026-04-21T09:16:59.768+0000] {logging_mixin.py:137} INFO - [2026-04-21T09:16:59.763+0000] {dagbag.py:343} ERROR - Failed to import: /opt/airflow/dags/schedule_dag.py
Traceback (most recent call last):
  File "/home/airflow/.local/lib/python3.7/site-packages/airflow/models/dagbag.py", line 339, in parse
    loader.exec_module(new_module)
  File "<frozen importlib._bootstrap_external>", line 728, in exec_module
  File "<frozen importlib._bootstrap>", line 219, in _call_with_frames_removed
  File "/opt/airflow/dags/schedule_dag.py", line 37, in <module>
    @dag(
NameError: name 'dag' is not defined
[2026-04-21T09:16:59.771+0000] {processor.py:755} WARNING - No viable dags retrieved from /opt/airflow/dags/schedule_dag.py
[2026-04-21T09:16:59.803+0000] {processor.py:175} INFO - Processing /opt/airflow/dags/schedule_dag.py took 0.070 seconds
[2026-04-21T09:17:30.380+0000] {processor.py:153} INFO - Started process (PID=2852) to work on /opt/airflow/dags/schedule_dag.py
[2026-04-21T09:17:30.382+0000] {processor.py:743} INFO - Processing file /opt/airflow/dags/schedule_dag.py for tasks to queue
[2026-04-21T09:17:30.387+0000] {logging_mixin.py:137} INFO - [2026-04-21T09:17:30.387+0000] {dagbag.py:538} INFO - Filling up the DagBag from /opt/airflow/dags/schedule_dag.py
[2026-04-21T09:17:30.423+0000] {logging_mixin.py:137} INFO - [2026-04-21T09:17:30.418+0000] {dagbag.py:343} ERROR - Failed to import: /opt/airflow/dags/schedule_dag.py
Traceback (most recent call last):
  File "/home/airflow/.local/lib/python3.7/site-packages/airflow/models/dagbag.py", line 339, in parse
    loader.exec_module(new_module)
  File "<frozen importlib._bootstrap_external>", line 728, in exec_module
  File "<frozen importlib._bootstrap>", line 219, in _call_with_frames_removed
  File "/opt/airflow/dags/schedule_dag.py", line 37, in <module>
    @dag(
NameError: name 'dag' is not defined
[2026-04-21T09:17:30.425+0000] {processor.py:755} WARNING - No viable dags retrieved from /opt/airflow/dags/schedule_dag.py
[2026-04-21T09:17:30.447+0000] {processor.py:175} INFO - Processing /opt/airflow/dags/schedule_dag.py took 0.070 seconds
[2026-04-21T09:18:00.806+0000] {processor.py:153} INFO - Started process (PID=2964) to work on /opt/airflow/dags/schedule_dag.py
[2026-04-21T09:18:00.808+0000] {processor.py:743} INFO - Processing file /opt/airflow/dags/schedule_dag.py for tasks to queue
[2026-04-21T09:18:00.809+0000] {logging_mixin.py:137} INFO - [2026-04-21T09:18:00.809+0000] {dagbag.py:538} INFO - Filling up the DagBag from /opt/airflow/dags/schedule_dag.py
[2026-04-21T09:18:00.836+0000] {logging_mixin.py:137} INFO - [2026-04-21T09:18:00.831+0000] {dagbag.py:343} ERROR - Failed to import: /opt/airflow/dags/schedule_dag.py
Traceback (most recent call last):
  File "/home/airflow/.local/lib/python3.7/site-packages/airflow/models/dagbag.py", line 339, in parse
    loader.exec_module(new_module)
  File "<frozen importlib._bootstrap_external>", line 728, in exec_module
  File "<frozen importlib._bootstrap>", line 219, in _call_with_frames_removed
  File "/opt/airflow/dags/schedule_dag.py", line 37, in <module>
    @dag(
NameError: name 'dag' is not defined
[2026-04-21T09:18:00.838+0000] {processor.py:755} WARNING - No viable dags retrieved from /opt/airflow/dags/schedule_dag.py
[2026-04-21T09:18:00.878+0000] {processor.py:175} INFO - Processing /opt/airflow/dags/schedule_dag.py took 0.078 seconds
[2026-04-21T09:18:31.700+0000] {processor.py:153} INFO - Started process (PID=3051) to work on /opt/airflow/dags/schedule_dag.py
[2026-04-21T09:18:31.701+0000] {processor.py:743} INFO - Processing file /opt/airflow/dags/schedule_dag.py for tasks to queue
[2026-04-21T09:18:31.702+0000] {logging_mixin.py:137} INFO - [2026-04-21T09:18:31.702+0000] {dagbag.py:538} INFO - Filling up the DagBag from /opt/airflow/dags/schedule_dag.py
[2026-04-21T09:18:31.723+0000] {logging_mixin.py:137} INFO - [2026-04-21T09:18:31.719+0000] {dagbag.py:343} ERROR - Failed to import: /opt/airflow/dags/schedule_dag.py
Traceback (most recent call last):
  File "/home/airflow/.local/lib/python3.7/site-packages/airflow/models/dagbag.py", line 339, in parse
    loader.exec_module(new_module)
  File "<frozen importlib._bootstrap_external>", line 728, in exec_module
  File "<frozen importlib._bootstrap>", line 219, in _call_with_frames_removed
  File "/opt/airflow/dags/schedule_dag.py", line 37, in <module>
    @dag(
NameError: name 'dag' is not defined
[2026-04-21T09:18:31.725+0000] {processor.py:755} WARNING - No viable dags retrieved from /opt/airflow/dags/schedule_dag.py
[2026-04-21T09:18:31.750+0000] {processor.py:175} INFO - Processing /opt/airflow/dags/schedule_dag.py took 0.052 seconds
[2026-04-21T09:19:02.245+0000] {processor.py:153} INFO - Started process (PID=3163) to work on /opt/airflow/dags/schedule_dag.py
[2026-04-21T09:19:02.247+0000] {processor.py:743} INFO - Processing file /opt/airflow/dags/schedule_dag.py for tasks to queue
[2026-04-21T09:19:02.249+0000] {logging_mixin.py:137} INFO - [2026-04-21T09:19:02.248+0000] {dagbag.py:538} INFO - Filling up the DagBag from /opt/airflow/dags/schedule_dag.py
[2026-04-21T09:19:02.291+0000] {logging_mixin.py:137} INFO - [2026-04-21T09:19:02.283+0000] {dagbag.py:343} ERROR - Failed to import: /opt/airflow/dags/schedule_dag.py
Traceback (most recent call last):
  File "/home/airflow/.local/lib/python3.7/site-packages/airflow/models/dagbag.py", line 339, in parse
    loader.exec_module(new_module)
  File "<frozen importlib._bootstrap_external>", line 728, in exec_module
  File "<frozen importlib._bootstrap>", line 219, in _call_with_frames_removed
  File "/opt/airflow/dags/schedule_dag.py", line 37, in <module>
    @dag(
NameError: name 'dag' is not defined
[2026-04-21T09:19:02.294+0000] {processor.py:755} WARNING - No viable dags retrieved from /opt/airflow/dags/schedule_dag.py
[2026-04-21T09:19:02.329+0000] {processor.py:175} INFO - Processing /opt/airflow/dags/schedule_dag.py took 0.090 seconds
[2026-04-21T09:19:32.789+0000] {processor.py:153} INFO - Started process (PID=3275) to work on /opt/airflow/dags/schedule_dag.py
[2026-04-21T09:19:32.790+0000] {processor.py:743} INFO - Processing file /opt/airflow/dags/schedule_dag.py for tasks to queue
[2026-04-21T09:19:32.791+0000] {logging_mixin.py:137} INFO - [2026-04-21T09:19:32.790+0000] {dagbag.py:538} INFO - Filling up the DagBag from /opt/airflow/dags/schedule_dag.py
[2026-04-21T09:19:32.809+0000] {logging_mixin.py:137} INFO - [2026-04-21T09:19:32.806+0000] {dagbag.py:343} ERROR - Failed to import: /opt/airflow/dags/schedule_dag.py
Traceback (most recent call last):
  File "/home/airflow/.local/lib/python3.7/site-packages/airflow/models/dagbag.py", line 339, in parse
    loader.exec_module(new_module)
  File "<frozen importlib._bootstrap_external>", line 728, in exec_module
  File "<frozen importlib._bootstrap>", line 219, in _call_with_frames_removed
  File "/opt/airflow/dags/schedule_dag.py", line 37, in <module>
    @dag(
NameError: name 'dag' is not defined
[2026-04-21T09:19:32.810+0000] {processor.py:755} WARNING - No viable dags retrieved from /opt/airflow/dags/schedule_dag.py
[2026-04-21T09:19:32.830+0000] {processor.py:175} INFO - Processing /opt/airflow/dags/schedule_dag.py took 0.048 seconds
[2026-04-21T09:20:03.139+0000] {processor.py:153} INFO - Started process (PID=3363) to work on /opt/airflow/dags/schedule_dag.py
[2026-04-21T09:20:03.140+0000] {processor.py:743} INFO - Processing file /opt/airflow/dags/schedule_dag.py for tasks to queue
[2026-04-21T09:20:03.141+0000] {logging_mixin.py:137} INFO - [2026-04-21T09:20:03.141+0000] {dagbag.py:538} INFO - Filling up the DagBag from /opt/airflow/dags/schedule_dag.py
[2026-04-21T09:20:03.171+0000] {logging_mixin.py:137} INFO - [2026-04-21T09:20:03.167+0000] {dagbag.py:343} ERROR - Failed to import: /opt/airflow/dags/schedule_dag.py
Traceback (most recent call last):
  File "/home/airflow/.local/lib/python3.7/site-packages/airflow/models/dagbag.py", line 339, in parse
    loader.exec_module(new_module)
  File "<frozen importlib._bootstrap_external>", line 728, in exec_module
  File "<frozen importlib._bootstrap>", line 219, in _call_with_frames_removed
  File "/opt/airflow/dags/schedule_dag.py", line 37, in <module>
    @dag(
NameError: name 'dag' is not defined
[2026-04-21T09:20:03.172+0000] {processor.py:755} WARNING - No viable dags retrieved from /opt/airflow/dags/schedule_dag.py
[2026-04-21T09:20:03.196+0000] {processor.py:175} INFO - Processing /opt/airflow/dags/schedule_dag.py took 0.061 seconds
[2026-04-21T09:20:33.853+0000] {processor.py:153} INFO - Started process (PID=3475) to work on /opt/airflow/dags/schedule_dag.py
[2026-04-21T09:20:33.856+0000] {processor.py:743} INFO - Processing file /opt/airflow/dags/schedule_dag.py for tasks to queue
[2026-04-21T09:20:33.858+0000] {logging_mixin.py:137} INFO - [2026-04-21T09:20:33.857+0000] {dagbag.py:538} INFO - Filling up the DagBag from /opt/airflow/dags/schedule_dag.py
[2026-04-21T09:20:33.919+0000] {logging_mixin.py:137} INFO - [2026-04-21T09:20:33.909+0000] {dagbag.py:343} ERROR - Failed to import: /opt/airflow/dags/schedule_dag.py
Traceback (most recent call last):
  File "/home/airflow/.local/lib/python3.7/site-packages/airflow/models/dagbag.py", line 339, in parse
    loader.exec_module(new_module)
  File "<frozen importlib._bootstrap_external>", line 728, in exec_module
  File "<frozen importlib._bootstrap>", line 219, in _call_with_frames_removed
  File "/opt/airflow/dags/schedule_dag.py", line 37, in <module>
    @dag(
NameError: name 'dag' is not defined
[2026-04-21T09:20:33.923+0000] {processor.py:755} WARNING - No viable dags retrieved from /opt/airflow/dags/schedule_dag.py
[2026-04-21T09:20:33.955+0000] {processor.py:175} INFO - Processing /opt/airflow/dags/schedule_dag.py took 0.108 seconds
[2026-04-21T09:20:53.268+0000] {processor.py:153} INFO - Started process (PID=3539) to work on /opt/airflow/dags/schedule_dag.py
[2026-04-21T09:20:53.269+0000] {processor.py:743} INFO - Processing file /opt/airflow/dags/schedule_dag.py for tasks to queue
[2026-04-21T09:20:53.271+0000] {logging_mixin.py:137} INFO - [2026-04-21T09:20:53.271+0000] {dagbag.py:538} INFO - Filling up the DagBag from /opt/airflow/dags/schedule_dag.py
[2026-04-21T09:20:53.345+0000] {processor.py:753} INFO - DAG(s) dict_keys(['python_scheduler_dag']) retrieved from /opt/airflow/dags/schedule_dag.py
[2026-04-21T09:20:53.493+0000] {logging_mixin.py:137} INFO - [2026-04-21T09:20:53.493+0000] {manager.py:504} INFO - Created Permission View: can read on DAG:python_scheduler_dag
[2026-04-21T09:20:53.509+0000] {logging_mixin.py:137} INFO - [2026-04-21T09:20:53.509+0000] {manager.py:504} INFO - Created Permission View: can edit on DAG:python_scheduler_dag
[2026-04-21T09:20:53.521+0000] {logging_mixin.py:137} INFO - [2026-04-21T09:20:53.521+0000] {manager.py:504} INFO - Created Permission View: can delete on DAG:python_scheduler_dag
[2026-04-21T09:20:53.522+0000] {logging_mixin.py:137} INFO - [2026-04-21T09:20:53.522+0000] {dag.py:2690} INFO - Sync 1 DAGs
[2026-04-21T09:20:53.540+0000] {logging_mixin.py:137} INFO - [2026-04-21T09:20:53.540+0000] {dag.py:2711} INFO - Creating ORM DAG for python_scheduler_dag
[2026-04-21T09:20:53.556+0000] {logging_mixin.py:137} INFO - [2026-04-21T09:20:53.556+0000] {dag.py:3441} INFO - Setting next_dagrun for python_scheduler_dag to 2026-04-20T00:00:00+00:00, run_after=2026-04-21T00:00:00+00:00
[2026-04-21T09:20:53.594+0000] {processor.py:175} INFO - Processing /opt/airflow/dags/schedule_dag.py took 0.330 seconds
[2026-04-21T09:21:05.383+0000] {processor.py:153} INFO - Started process (PID=3564) to work on /opt/airflow/dags/schedule_dag.py
[2026-04-21T09:21:05.384+0000] {processor.py:743} INFO - Processing file /opt/airflow/dags/schedule_dag.py for tasks to queue
[2026-04-21T09:21:05.386+0000] {logging_mixin.py:137} INFO - [2026-04-21T09:21:05.385+0000] {dagbag.py:538} INFO - Filling up the DagBag from /opt/airflow/dags/schedule_dag.py
[2026-04-21T09:21:05.411+0000] {logging_mixin.py:137} INFO - [2026-04-21T09:21:05.411+0000] {dagbag.py:320} INFO - File /opt/airflow/dags/schedule_dag.py assumed to contain no DAGs. Skipping.
[2026-04-21T09:21:05.412+0000] {processor.py:755} WARNING - No viable dags retrieved from /opt/airflow/dags/schedule_dag.py
[2026-04-21T09:21:05.432+0000] {processor.py:175} INFO - Processing /opt/airflow/dags/schedule_dag.py took 0.054 seconds
[2026-04-21T09:21:07.407+0000] {processor.py:153} INFO - Started process (PID=3565) to work on /opt/airflow/dags/schedule_dag.py
[2026-04-21T09:21:07.409+0000] {processor.py:743} INFO - Processing file /opt/airflow/dags/schedule_dag.py for tasks to queue
[2026-04-21T09:21:07.410+0000] {logging_mixin.py:137} INFO - [2026-04-21T09:21:07.410+0000] {dagbag.py:538} INFO - Filling up the DagBag from /opt/airflow/dags/schedule_dag.py
[2026-04-21T09:21:07.465+0000] {processor.py:753} INFO - DAG(s) dict_keys(['python_scheduler_dag']) retrieved from /opt/airflow/dags/schedule_dag.py
[2026-04-21T09:21:07.479+0000] {logging_mixin.py:137} INFO - [2026-04-21T09:21:07.478+0000] {dag.py:2690} INFO - Sync 1 DAGs
[2026-04-21T09:21:07.500+0000] {logging_mixin.py:137} INFO - [2026-04-21T09:21:07.500+0000] {dag.py:3441} INFO - Setting next_dagrun for python_scheduler_dag to 2026-04-20T00:00:00+00:00, run_after=2026-04-21T00:00:00+00:00
[2026-04-21T09:21:07.532+0000] {processor.py:175} INFO - Processing /opt/airflow/dags/schedule_dag.py took 0.128 seconds
[2026-04-21T09:21:38.154+0000] {processor.py:153} INFO - Started process (PID=3677) to work on /opt/airflow/dags/schedule_dag.py
[2026-04-21T09:21:38.156+0000] {processor.py:743} INFO - Processing file /opt/airflow/dags/schedule_dag.py for tasks to queue
[2026-04-21T09:21:38.157+0000] {logging_mixin.py:137} INFO - [2026-04-21T09:21:38.157+0000] {dagbag.py:538} INFO - Filling up the DagBag from /opt/airflow/dags/schedule_dag.py
[2026-04-21T09:21:38.202+0000] {processor.py:753} INFO - DAG(s) dict_keys(['python_scheduler_dag']) retrieved from /opt/airflow/dags/schedule_dag.py
[2026-04-21T09:21:38.270+0000] {logging_mixin.py:137} INFO - [2026-04-21T09:21:38.270+0000] {dag.py:2690} INFO - Sync 1 DAGs
[2026-04-21T09:21:38.287+0000] {logging_mixin.py:137} INFO - [2026-04-21T09:21:38.287+0000] {dag.py:3441} INFO - Setting next_dagrun for python_scheduler_dag to 2026-04-20T00:00:00+00:00, run_after=2026-04-21T00:00:00+00:00
[2026-04-21T09:21:38.307+0000] {processor.py:175} INFO - Processing /opt/airflow/dags/schedule_dag.py took 0.157 seconds
[2026-04-21T09:22:08.971+0000] {processor.py:153} INFO - Started process (PID=3774) to work on /opt/airflow/dags/schedule_dag.py
[2026-04-21T09:22:08.974+0000] {processor.py:743} INFO - Processing file /opt/airflow/dags/schedule_dag.py for tasks to queue
[2026-04-21T09:22:08.975+0000] {logging_mixin.py:137} INFO - [2026-04-21T09:22:08.975+0000] {dagbag.py:538} INFO - Filling up the DagBag from /opt/airflow/dags/schedule_dag.py
[2026-04-21T09:22:09.024+0000] {processor.py:753} INFO - DAG(s) dict_keys(['python_scheduler_dag']) retrieved from /opt/airflow/dags/schedule_dag.py
[2026-04-21T09:22:09.066+0000] {logging_mixin.py:137} INFO - [2026-04-21T09:22:09.066+0000] {dag.py:2690} INFO - Sync 1 DAGs
[2026-04-21T09:22:09.099+0000] {logging_mixin.py:137} INFO - [2026-04-21T09:22:09.099+0000] {dag.py:3441} INFO - Setting next_dagrun for python_scheduler_dag to 2026-04-20T00:00:00+00:00, run_after=2026-04-21T00:00:00+00:00
[2026-04-21T09:22:09.131+0000] {processor.py:175} INFO - Processing /opt/airflow/dags/schedule_dag.py took 0.166 seconds
[2026-04-21T09:22:39.212+0000] {processor.py:153} INFO - Started process (PID=3882) to work on /opt/airflow/dags/schedule_dag.py
[2026-04-21T09:22:39.215+0000] {processor.py:743} INFO - Processing file /opt/airflow/dags/schedule_dag.py for tasks to queue
[2026-04-21T09:22:39.216+0000] {logging_mixin.py:137} INFO - [2026-04-21T09:22:39.216+0000] {dagbag.py:538} INFO - Filling up the DagBag from /opt/airflow/dags/schedule_dag.py
[2026-04-21T09:22:39.278+0000] {processor.py:753} INFO - DAG(s) dict_keys(['python_scheduler_dag']) retrieved from /opt/airflow/dags/schedule_dag.py
[2026-04-21T09:22:39.327+0000] {logging_mixin.py:137} INFO - [2026-04-21T09:22:39.327+0000] {dag.py:2690} INFO - Sync 1 DAGs
[2026-04-21T09:22:39.359+0000] {logging_mixin.py:137} INFO - [2026-04-21T09:22:39.359+0000] {dag.py:3441} INFO - Setting next_dagrun for python_scheduler_dag to 2026-04-21T00:00:00+00:00, run_after=2026-04-22T00:00:00+00:00
[2026-04-21T09:22:39.391+0000] {processor.py:175} INFO - Processing /opt/airflow/dags/schedule_dag.py took 0.186 seconds
[2026-04-21T09:23:09.734+0000] {processor.py:153} INFO - Started process (PID=3979) to work on /opt/airflow/dags/schedule_dag.py
[2026-04-21T09:23:09.736+0000] {processor.py:743} INFO - Processing file /opt/airflow/dags/schedule_dag.py for tasks to queue
[2026-04-21T09:23:09.737+0000] {logging_mixin.py:137} INFO - [2026-04-21T09:23:09.737+0000] {dagbag.py:538} INFO - Filling up the DagBag from /opt/airflow/dags/schedule_dag.py
[2026-04-21T09:23:09.770+0000] {processor.py:753} INFO - DAG(s) dict_keys(['python_scheduler_dag']) retrieved from /opt/airflow/dags/schedule_dag.py
[2026-04-21T09:23:09.801+0000] {logging_mixin.py:137} INFO - [2026-04-21T09:23:09.801+0000] {dag.py:2690} INFO - Sync 1 DAGs
[2026-04-21T09:23:09.828+0000] {logging_mixin.py:137} INFO - [2026-04-21T09:23:09.828+0000] {dag.py:3441} INFO - Setting next_dagrun for python_scheduler_dag to 2026-04-21T00:00:00+00:00, run_after=2026-04-22T00:00:00+00:00
[2026-04-21T09:23:09.856+0000] {processor.py:175} INFO - Processing /opt/airflow/dags/schedule_dag.py took 0.125 seconds
[2026-04-21T09:23:40.004+0000] {processor.py:153} INFO - Started process (PID=4081) to work on /opt/airflow/dags/schedule_dag.py
[2026-04-21T09:23:40.006+0000] {processor.py:743} INFO - Processing file /opt/airflow/dags/schedule_dag.py for tasks to queue
[2026-04-21T09:23:40.007+0000] {logging_mixin.py:137} INFO - [2026-04-21T09:23:40.007+0000] {dagbag.py:538} INFO - Filling up the DagBag from /opt/airflow/dags/schedule_dag.py
[2026-04-21T09:23:40.057+0000] {processor.py:753} INFO - DAG(s) dict_keys(['python_scheduler_dag']) retrieved from /opt/airflow/dags/schedule_dag.py
[2026-04-21T09:23:40.090+0000] {logging_mixin.py:137} INFO - [2026-04-21T09:23:40.090+0000] {dag.py:2690} INFO - Sync 1 DAGs
[2026-04-21T09:23:40.111+0000] {logging_mixin.py:137} INFO - [2026-04-21T09:23:40.111+0000] {dag.py:3441} INFO - Setting next_dagrun for python_scheduler_dag to 2026-04-21T00:00:00+00:00, run_after=2026-04-22T00:00:00+00:00
[2026-04-21T09:23:40.133+0000] {processor.py:175} INFO - Processing /opt/airflow/dags/schedule_dag.py took 0.134 seconds
[2026-04-21T09:24:10.817+0000] {processor.py:153} INFO - Started process (PID=4178) to work on /opt/airflow/dags/schedule_dag.py
[2026-04-21T09:24:10.818+0000] {processor.py:743} INFO - Processing file /opt/airflow/dags/schedule_dag.py for tasks to queue
[2026-04-21T09:24:10.819+0000] {logging_mixin.py:137} INFO - [2026-04-21T09:24:10.819+0000] {dagbag.py:538} INFO - Filling up the DagBag from /opt/airflow/dags/schedule_dag.py
[2026-04-21T09:24:10.858+0000] {processor.py:753} INFO - DAG(s) dict_keys(['python_scheduler_dag']) retrieved from /opt/airflow/dags/schedule_dag.py
[2026-04-21T09:24:10.888+0000] {logging_mixin.py:137} INFO - [2026-04-21T09:24:10.888+0000] {dag.py:2690} INFO - Sync 1 DAGs
[2026-04-21T09:24:10.926+0000] {logging_mixin.py:137} INFO - [2026-04-21T09:24:10.926+0000] {dag.py:3441} INFO - Setting next_dagrun for python_scheduler_dag to 2026-04-21T00:00:00+00:00, run_after=2026-04-22T00:00:00+00:00
[2026-04-21T09:24:10.960+0000] {processor.py:175} INFO - Processing /opt/airflow/dags/schedule_dag.py took 0.147 seconds
[2026-04-21T09:24:41.316+0000] {processor.py:153} INFO - Started process (PID=4280) to work on /opt/airflow/dags/schedule_dag.py
[2026-04-21T09:24:41.317+0000] {processor.py:743} INFO - Processing file /opt/airflow/dags/schedule_dag.py for tasks to queue
[2026-04-21T09:24:41.318+0000] {logging_mixin.py:137} INFO - [2026-04-21T09:24:41.318+0000] {dagbag.py:538} INFO - Filling up the DagBag from /opt/airflow/dags/schedule_dag.py
[2026-04-21T09:24:41.365+0000] {processor.py:753} INFO - DAG(s) dict_keys(['python_scheduler_dag']) retrieved from /opt/airflow/dags/schedule_dag.py
[2026-04-21T09:24:41.401+0000] {logging_mixin.py:137} INFO - [2026-04-21T09:24:41.401+0000] {dag.py:2690} INFO - Sync 1 DAGs
[2026-04-21T09:24:41.440+0000] {logging_mixin.py:137} INFO - [2026-04-21T09:24:41.439+0000] {dag.py:3441} INFO - Setting next_dagrun for python_scheduler_dag to 2026-04-21T00:00:00+00:00, run_after=2026-04-22T00:00:00+00:00
[2026-04-21T09:24:41.487+0000] {processor.py:175} INFO - Processing /opt/airflow/dags/schedule_dag.py took 0.176 seconds
[2026-04-21T09:25:12.353+0000] {processor.py:153} INFO - Started process (PID=4392) to work on /opt/airflow/dags/schedule_dag.py
[2026-04-21T09:25:12.355+0000] {processor.py:743} INFO - Processing file /opt/airflow/dags/schedule_dag.py for tasks to queue
[2026-04-21T09:25:12.356+0000] {logging_mixin.py:137} INFO - [2026-04-21T09:25:12.356+0000] {dagbag.py:538} INFO - Filling up the DagBag from /opt/airflow/dags/schedule_dag.py
[2026-04-21T09:25:12.398+0000] {processor.py:753} INFO - DAG(s) dict_keys(['python_scheduler_dag']) retrieved from /opt/airflow/dags/schedule_dag.py
[2026-04-21T09:25:12.428+0000] {logging_mixin.py:137} INFO - [2026-04-21T09:25:12.427+0000] {dag.py:2690} INFO - Sync 1 DAGs
[2026-04-21T09:25:12.461+0000] {logging_mixin.py:137} INFO - [2026-04-21T09:25:12.461+0000] {dag.py:3441} INFO - Setting next_dagrun for python_scheduler_dag to 2026-04-21T00:00:00+00:00, run_after=2026-04-22T00:00:00+00:00
[2026-04-21T09:25:12.496+0000] {processor.py:175} INFO - Processing /opt/airflow/dags/schedule_dag.py took 0.149 seconds
[2026-04-21T09:25:42.582+0000] {processor.py:153} INFO - Started process (PID=4480) to work on /opt/airflow/dags/schedule_dag.py
[2026-04-21T09:25:42.585+0000] {processor.py:743} INFO - Processing file /opt/airflow/dags/schedule_dag.py for tasks to queue
[2026-04-21T09:25:42.586+0000] {logging_mixin.py:137} INFO - [2026-04-21T09:25:42.586+0000] {dagbag.py:538} INFO - Filling up the DagBag from /opt/airflow/dags/schedule_dag.py
[2026-04-21T09:25:42.627+0000] {processor.py:753} INFO - DAG(s) dict_keys(['python_scheduler_dag']) retrieved from /opt/airflow/dags/schedule_dag.py
[2026-04-21T09:25:42.672+0000] {logging_mixin.py:137} INFO - [2026-04-21T09:25:42.672+0000] {dag.py:2690} INFO - Sync 1 DAGs
[2026-04-21T09:25:42.717+0000] {logging_mixin.py:137} INFO - [2026-04-21T09:25:42.717+0000] {dag.py:3441} INFO - Setting next_dagrun for python_scheduler_dag to 2026-04-21T00:00:00+00:00, run_after=2026-04-22T00:00:00+00:00
[2026-04-21T09:25:42.760+0000] {processor.py:175} INFO - Processing /opt/airflow/dags/schedule_dag.py took 0.187 seconds
[2026-04-21T09:26:13.094+0000] {processor.py:153} INFO - Started process (PID=4592) to work on /opt/airflow/dags/schedule_dag.py
[2026-04-21T09:26:13.096+0000] {processor.py:743} INFO - Processing file /opt/airflow/dags/schedule_dag.py for tasks to queue
[2026-04-21T09:26:13.099+0000] {logging_mixin.py:137} INFO - [2026-04-21T09:26:13.099+0000] {dagbag.py:538} INFO - Filling up the DagBag from /opt/airflow/dags/schedule_dag.py
[2026-04-21T09:26:13.160+0000] {processor.py:753} INFO - DAG(s) dict_keys(['python_scheduler_dag']) retrieved from /opt/airflow/dags/schedule_dag.py
[2026-04-21T09:26:13.195+0000] {logging_mixin.py:137} INFO - [2026-04-21T09:26:13.195+0000] {dag.py:2690} INFO - Sync 1 DAGs
[2026-04-21T09:26:13.220+0000] {logging_mixin.py:137} INFO - [2026-04-21T09:26:13.220+0000] {dag.py:3441} INFO - Setting next_dagrun for python_scheduler_dag to 2026-04-21T00:00:00+00:00, run_after=2026-04-22T00:00:00+00:00
[2026-04-21T09:26:13.271+0000] {processor.py:175} INFO - Processing /opt/airflow/dags/schedule_dag.py took 0.181 seconds
[2026-04-21T09:26:43.707+0000] {processor.py:153} INFO - Started process (PID=4680) to work on /opt/airflow/dags/schedule_dag.py
[2026-04-21T09:26:43.710+0000] {processor.py:743} INFO - Processing file /opt/airflow/dags/schedule_dag.py for tasks to queue
[2026-04-21T09:26:43.713+0000] {logging_mixin.py:137} INFO - [2026-04-21T09:26:43.712+0000] {dagbag.py:538} INFO - Filling up the DagBag from /opt/airflow/dags/schedule_dag.py
[2026-04-21T09:26:43.767+0000] {processor.py:753} INFO - DAG(s) dict_keys(['python_scheduler_dag']) retrieved from /opt/airflow/dags/schedule_dag.py
[2026-04-21T09:26:43.817+0000] {logging_mixin.py:137} INFO - [2026-04-21T09:26:43.817+0000] {dag.py:2690} INFO - Sync 1 DAGs
[2026-04-21T09:26:43.847+0000] {logging_mixin.py:137} INFO - [2026-04-21T09:26:43.847+0000] {dag.py:3441} INFO - Setting next_dagrun for python_scheduler_dag to 2026-04-21T00:00:00+00:00, run_after=2026-04-22T00:00:00+00:00
[2026-04-21T09:26:43.882+0000] {processor.py:175} INFO - Processing /opt/airflow/dags/schedule_dag.py took 0.183 seconds
[2026-04-21T09:27:14.095+0000] {processor.py:153} INFO - Started process (PID=4792) to work on /opt/airflow/dags/schedule_dag.py
[2026-04-21T09:27:14.096+0000] {processor.py:743} INFO - Processing file /opt/airflow/dags/schedule_dag.py for tasks to queue
[2026-04-21T09:27:14.097+0000] {logging_mixin.py:137} INFO - [2026-04-21T09:27:14.097+0000] {dagbag.py:538} INFO - Filling up the DagBag from /opt/airflow/dags/schedule_dag.py
[2026-04-21T09:27:14.129+0000] {processor.py:753} INFO - DAG(s) dict_keys(['python_scheduler_dag']) retrieved from /opt/airflow/dags/schedule_dag.py
[2026-04-21T09:27:14.201+0000] {logging_mixin.py:137} INFO - [2026-04-21T09:27:14.200+0000] {dag.py:2690} INFO - Sync 1 DAGs
[2026-04-21T09:27:14.221+0000] {logging_mixin.py:137} INFO - [2026-04-21T09:27:14.220+0000] {dag.py:3441} INFO - Setting next_dagrun for python_scheduler_dag to 2026-04-21T00:00:00+00:00, run_after=2026-04-22T00:00:00+00:00
[2026-04-21T09:27:14.246+0000] {processor.py:175} INFO - Processing /opt/airflow/dags/schedule_dag.py took 0.154 seconds
[2026-04-21T09:27:44.686+0000] {processor.py:153} INFO - Started process (PID=4880) to work on /opt/airflow/dags/schedule_dag.py
[2026-04-21T09:27:44.688+0000] {processor.py:743} INFO - Processing file /opt/airflow/dags/schedule_dag.py for tasks to queue
[2026-04-21T09:27:44.689+0000] {logging_mixin.py:137} INFO - [2026-04-21T09:27:44.689+0000] {dagbag.py:538} INFO - Filling up the DagBag from /opt/airflow/dags/schedule_dag.py
[2026-04-21T09:27:44.746+0000] {processor.py:753} INFO - DAG(s) dict_keys(['python_scheduler_dag']) retrieved from /opt/airflow/dags/schedule_dag.py
[2026-04-21T09:27:44.793+0000] {logging_mixin.py:137} INFO - [2026-04-21T09:27:44.792+0000] {dag.py:2690} INFO - Sync 1 DAGs
[2026-04-21T09:27:44.845+0000] {logging_mixin.py:137} INFO - [2026-04-21T09:27:44.845+0000] {dag.py:3441} INFO - Setting next_dagrun for python_scheduler_dag to 2026-04-21T00:00:00+00:00, run_after=2026-04-22T00:00:00+00:00
[2026-04-21T09:27:44.882+0000] {processor.py:175} INFO - Processing /opt/airflow/dags/schedule_dag.py took 0.202 seconds
[2026-04-21T09:28:15.282+0000] {processor.py:153} INFO - Started process (PID=4992) to work on /opt/airflow/dags/schedule_dag.py
[2026-04-21T09:28:15.284+0000] {processor.py:743} INFO - Processing file /opt/airflow/dags/schedule_dag.py for tasks to queue
[2026-04-21T09:28:15.286+0000] {logging_mixin.py:137} INFO - [2026-04-21T09:28:15.286+0000] {dagbag.py:538} INFO - Filling up the DagBag from /opt/airflow/dags/schedule_dag.py
[2026-04-21T09:28:15.343+0000] {processor.py:753} INFO - DAG(s) dict_keys(['python_scheduler_dag']) retrieved from /opt/airflow/dags/schedule_dag.py
[2026-04-21T09:28:15.393+0000] {logging_mixin.py:137} INFO - [2026-04-21T09:28:15.392+0000] {dag.py:2690} INFO - Sync 1 DAGs
[2026-04-21T09:28:15.436+0000] {logging_mixin.py:137} INFO - [2026-04-21T09:28:15.435+0000] {dag.py:3441} INFO - Setting next_dagrun for python_scheduler_dag to 2026-04-21T00:00:00+00:00, run_after=2026-04-22T00:00:00+00:00
[2026-04-21T09:28:15.478+0000] {processor.py:175} INFO - Processing /opt/airflow/dags/schedule_dag.py took 0.199 seconds
[2026-04-21T09:28:45.592+0000] {processor.py:153} INFO - Started process (PID=5080) to work on /opt/airflow/dags/schedule_dag.py
[2026-04-21T09:28:45.595+0000] {processor.py:743} INFO - Processing file /opt/airflow/dags/schedule_dag.py for tasks to queue
[2026-04-21T09:28:45.597+0000] {logging_mixin.py:137} INFO - [2026-04-21T09:28:45.597+0000] {dagbag.py:538} INFO - Filling up the DagBag from /opt/airflow/dags/schedule_dag.py
[2026-04-21T09:28:45.645+0000] {processor.py:753} INFO - DAG(s) dict_keys(['python_scheduler_dag']) retrieved from /opt/airflow/dags/schedule_dag.py
[2026-04-21T09:28:45.679+0000] {logging_mixin.py:137} INFO - [2026-04-21T09:28:45.679+0000] {dag.py:2690} INFO - Sync 1 DAGs
[2026-04-21T09:28:45.715+0000] {logging_mixin.py:137} INFO - [2026-04-21T09:28:45.715+0000] {dag.py:3441} INFO - Setting next_dagrun for python_scheduler_dag to 2026-04-21T00:00:00+00:00, run_after=2026-04-22T00:00:00+00:00
[2026-04-21T09:28:45.752+0000] {processor.py:175} INFO - Processing /opt/airflow/dags/schedule_dag.py took 0.165 seconds
[2026-04-21T09:29:15.999+0000] {processor.py:153} INFO - Started process (PID=5192) to work on /opt/airflow/dags/schedule_dag.py
[2026-04-21T09:29:16.003+0000] {processor.py:743} INFO - Processing file /opt/airflow/dags/schedule_dag.py for tasks to queue
[2026-04-21T09:29:16.005+0000] {logging_mixin.py:137} INFO - [2026-04-21T09:29:16.005+0000] {dagbag.py:538} INFO - Filling up the DagBag from /opt/airflow/dags/schedule_dag.py
[2026-04-21T09:29:16.098+0000] {processor.py:753} INFO - DAG(s) dict_keys(['python_scheduler_dag']) retrieved from /opt/airflow/dags/schedule_dag.py
[2026-04-21T09:29:16.147+0000] {logging_mixin.py:137} INFO - [2026-04-21T09:29:16.147+0000] {dag.py:2690} INFO - Sync 1 DAGs
[2026-04-21T09:29:16.194+0000] {logging_mixin.py:137} INFO - [2026-04-21T09:29:16.193+0000] {dag.py:3441} INFO - Setting next_dagrun for python_scheduler_dag to 2026-04-21T00:00:00+00:00, run_after=2026-04-22T00:00:00+00:00
[2026-04-21T09:29:16.225+0000] {processor.py:175} INFO - Processing /opt/airflow/dags/schedule_dag.py took 0.230 seconds
[2026-04-21T09:29:47.002+0000] {processor.py:153} INFO - Started process (PID=5281) to work on /opt/airflow/dags/schedule_dag.py
[2026-04-21T09:29:47.003+0000] {processor.py:743} INFO - Processing file /opt/airflow/dags/schedule_dag.py for tasks to queue
[2026-04-21T09:29:47.004+0000] {logging_mixin.py:137} INFO - [2026-04-21T09:29:47.004+0000] {dagbag.py:538} INFO - Filling up the DagBag from /opt/airflow/dags/schedule_dag.py
[2026-04-21T09:29:47.045+0000] {processor.py:753} INFO - DAG(s) dict_keys(['python_scheduler_dag']) retrieved from /opt/airflow/dags/schedule_dag.py
[2026-04-21T09:29:47.075+0000] {logging_mixin.py:137} INFO - [2026-04-21T09:29:47.075+0000] {dag.py:2690} INFO - Sync 1 DAGs
[2026-04-21T09:29:47.118+0000] {logging_mixin.py:137} INFO - [2026-04-21T09:29:47.118+0000] {dag.py:3441} INFO - Setting next_dagrun for python_scheduler_dag to 2026-04-21T00:00:00+00:00, run_after=2026-04-22T00:00:00+00:00
[2026-04-21T09:29:47.146+0000] {processor.py:175} INFO - Processing /opt/airflow/dags/schedule_dag.py took 0.147 seconds
[2026-04-21T09:30:17.588+0000] {processor.py:153} INFO - Started process (PID=5393) to work on /opt/airflow/dags/schedule_dag.py
[2026-04-21T09:30:17.590+0000] {processor.py:743} INFO - Processing file /opt/airflow/dags/schedule_dag.py for tasks to queue
[2026-04-21T09:30:17.590+0000] {logging_mixin.py:137} INFO - [2026-04-21T09:30:17.590+0000] {dagbag.py:538} INFO - Filling up the DagBag from /opt/airflow/dags/schedule_dag.py
[2026-04-21T09:30:17.630+0000] {processor.py:753} INFO - DAG(s) dict_keys(['python_scheduler_dag']) retrieved from /opt/airflow/dags/schedule_dag.py
[2026-04-21T09:30:17.662+0000] {logging_mixin.py:137} INFO - [2026-04-21T09:30:17.662+0000] {dag.py:2690} INFO - Sync 1 DAGs
[2026-04-21T09:30:17.693+0000] {logging_mixin.py:137} INFO - [2026-04-21T09:30:17.693+0000] {dag.py:3441} INFO - Setting next_dagrun for python_scheduler_dag to 2026-04-21T00:00:00+00:00, run_after=2026-04-22T00:00:00+00:00
[2026-04-21T09:30:17.730+0000] {processor.py:175} INFO - Processing /opt/airflow/dags/schedule_dag.py took 0.146 seconds
[2026-04-21T09:30:48.401+0000] {processor.py:153} INFO - Started process (PID=5481) to work on /opt/airflow/dags/schedule_dag.py
[2026-04-21T09:30:48.402+0000] {processor.py:743} INFO - Processing file /opt/airflow/dags/schedule_dag.py for tasks to queue
[2026-04-21T09:30:48.404+0000] {logging_mixin.py:137} INFO - [2026-04-21T09:30:48.404+0000] {dagbag.py:538} INFO - Filling up the DagBag from /opt/airflow/dags/schedule_dag.py
[2026-04-21T09:30:48.455+0000] {processor.py:753} INFO - DAG(s) dict_keys(['python_scheduler_dag']) retrieved from /opt/airflow/dags/schedule_dag.py
[2026-04-21T09:30:48.495+0000] {logging_mixin.py:137} INFO - [2026-04-21T09:30:48.495+0000] {dag.py:2690} INFO - Sync 1 DAGs
[2026-04-21T09:30:48.528+0000] {logging_mixin.py:137} INFO - [2026-04-21T09:30:48.528+0000] {dag.py:3441} INFO - Setting next_dagrun for python_scheduler_dag to 2026-04-21T00:00:00+00:00, run_after=2026-04-22T00:00:00+00:00
[2026-04-21T09:30:48.562+0000] {processor.py:175} INFO - Processing /opt/airflow/dags/schedule_dag.py took 0.164 seconds
[2026-04-21T09:31:18.653+0000] {processor.py:153} INFO - Started process (PID=5594) to work on /opt/airflow/dags/schedule_dag.py
[2026-04-21T09:31:18.655+0000] {processor.py:743} INFO - Processing file /opt/airflow/dags/schedule_dag.py for tasks to queue
[2026-04-21T09:31:18.657+0000] {logging_mixin.py:137} INFO - [2026-04-21T09:31:18.656+0000] {dagbag.py:538} INFO - Filling up the DagBag from /opt/airflow/dags/schedule_dag.py
[2026-04-21T09:31:18.722+0000] {processor.py:753} INFO - DAG(s) dict_keys(['python_scheduler_dag']) retrieved from /opt/airflow/dags/schedule_dag.py
[2026-04-21T09:31:18.779+0000] {logging_mixin.py:137} INFO - [2026-04-21T09:31:18.779+0000] {dag.py:2690} INFO - Sync 1 DAGs
[2026-04-21T09:31:18.826+0000] {logging_mixin.py:137} INFO - [2026-04-21T09:31:18.826+0000] {dag.py:3441} INFO - Setting next_dagrun for python_scheduler_dag to 2026-04-21T00:00:00+00:00, run_after=2026-04-22T00:00:00+00:00
[2026-04-21T09:31:18.880+0000] {processor.py:175} INFO - Processing /opt/airflow/dags/schedule_dag.py took 0.234 seconds
[2026-04-21T09:31:49.321+0000] {processor.py:153} INFO - Started process (PID=5688) to work on /opt/airflow/dags/schedule_dag.py
[2026-04-21T09:31:49.323+0000] {processor.py:743} INFO - Processing file /opt/airflow/dags/schedule_dag.py for tasks to queue
[2026-04-21T09:31:49.324+0000] {logging_mixin.py:137} INFO - [2026-04-21T09:31:49.324+0000] {dagbag.py:538} INFO - Filling up the DagBag from /opt/airflow/dags/schedule_dag.py
[2026-04-21T09:31:49.374+0000] {processor.py:753} INFO - DAG(s) dict_keys(['python_scheduler_dag']) retrieved from /opt/airflow/dags/schedule_dag.py
[2026-04-21T09:31:49.410+0000] {logging_mixin.py:137} INFO - [2026-04-21T09:31:49.410+0000] {dag.py:2690} INFO - Sync 1 DAGs
[2026-04-21T09:31:49.444+0000] {logging_mixin.py:137} INFO - [2026-04-21T09:31:49.443+0000] {dag.py:3441} INFO - Setting next_dagrun for python_scheduler_dag to 2026-04-21T00:00:00+00:00, run_after=2026-04-22T00:00:00+00:00
[2026-04-21T09:31:49.486+0000] {processor.py:175} INFO - Processing /opt/airflow/dags/schedule_dag.py took 0.170 seconds
[2026-04-21T09:32:19.743+0000] {processor.py:153} INFO - Started process (PID=5795) to work on /opt/airflow/dags/schedule_dag.py
[2026-04-21T09:32:19.745+0000] {processor.py:743} INFO - Processing file /opt/airflow/dags/schedule_dag.py for tasks to queue
[2026-04-21T09:32:19.746+0000] {logging_mixin.py:137} INFO - [2026-04-21T09:32:19.746+0000] {dagbag.py:538} INFO - Filling up the DagBag from /opt/airflow/dags/schedule_dag.py
[2026-04-21T09:32:19.798+0000] {processor.py:753} INFO - DAG(s) dict_keys(['python_scheduler_dag']) retrieved from /opt/airflow/dags/schedule_dag.py
[2026-04-21T09:32:19.843+0000] {logging_mixin.py:137} INFO - [2026-04-21T09:32:19.842+0000] {dag.py:2690} INFO - Sync 1 DAGs
[2026-04-21T09:32:19.868+0000] {logging_mixin.py:137} INFO - [2026-04-21T09:32:19.868+0000] {dag.py:3441} INFO - Setting next_dagrun for python_scheduler_dag to 2026-04-21T00:00:00+00:00, run_after=2026-04-22T00:00:00+00:00
[2026-04-21T09:32:19.912+0000] {processor.py:175} INFO - Processing /opt/airflow/dags/schedule_dag.py took 0.174 seconds
[2026-04-21T09:32:50.521+0000] {processor.py:153} INFO - Started process (PID=5893) to work on /opt/airflow/dags/schedule_dag.py
[2026-04-21T09:32:50.523+0000] {processor.py:743} INFO - Processing file /opt/airflow/dags/schedule_dag.py for tasks to queue
[2026-04-21T09:32:50.524+0000] {logging_mixin.py:137} INFO - [2026-04-21T09:32:50.524+0000] {dagbag.py:538} INFO - Filling up the DagBag from /opt/airflow/dags/schedule_dag.py
[2026-04-21T09:32:50.578+0000] {processor.py:753} INFO - DAG(s) dict_keys(['python_scheduler_dag']) retrieved from /opt/airflow/dags/schedule_dag.py
[2026-04-21T09:32:50.608+0000] {logging_mixin.py:137} INFO - [2026-04-21T09:32:50.608+0000] {dag.py:2690} INFO - Sync 1 DAGs
[2026-04-21T09:32:50.640+0000] {logging_mixin.py:137} INFO - [2026-04-21T09:32:50.640+0000] {dag.py:3441} INFO - Setting next_dagrun for python_scheduler_dag to 2026-04-21T00:00:00+00:00, run_after=2026-04-22T00:00:00+00:00
[2026-04-21T09:32:50.663+0000] {processor.py:175} INFO - Processing /opt/airflow/dags/schedule_dag.py took 0.145 seconds
[2026-04-21T09:33:21.138+0000] {processor.py:153} INFO - Started process (PID=5996) to work on /opt/airflow/dags/schedule_dag.py
[2026-04-21T09:33:21.139+0000] {processor.py:743} INFO - Processing file /opt/airflow/dags/schedule_dag.py for tasks to queue
[2026-04-21T09:33:21.140+0000] {logging_mixin.py:137} INFO - [2026-04-21T09:33:21.140+0000] {dagbag.py:538} INFO - Filling up the DagBag from /opt/airflow/dags/schedule_dag.py
[2026-04-21T09:33:21.196+0000] {processor.py:753} INFO - DAG(s) dict_keys(['python_scheduler_dag']) retrieved from /opt/airflow/dags/schedule_dag.py
[2026-04-21T09:33:21.235+0000] {logging_mixin.py:137} INFO - [2026-04-21T09:33:21.234+0000] {dag.py:2690} INFO - Sync 1 DAGs
[2026-04-21T09:33:21.276+0000] {logging_mixin.py:137} INFO - [2026-04-21T09:33:21.276+0000] {dag.py:3441} INFO - Setting next_dagrun for python_scheduler_dag to 2026-04-21T00:00:00+00:00, run_after=2026-04-22T00:00:00+00:00
[2026-04-21T09:33:21.320+0000] {processor.py:175} INFO - Processing /opt/airflow/dags/schedule_dag.py took 0.186 seconds
[2026-04-21T09:33:51.617+0000] {processor.py:153} INFO - Started process (PID=6091) to work on /opt/airflow/dags/schedule_dag.py
[2026-04-21T09:33:51.619+0000] {processor.py:743} INFO - Processing file /opt/airflow/dags/schedule_dag.py for tasks to queue
[2026-04-21T09:33:51.624+0000] {logging_mixin.py:137} INFO - [2026-04-21T09:33:51.624+0000] {dagbag.py:538} INFO - Filling up the DagBag from /opt/airflow/dags/schedule_dag.py
[2026-04-21T09:33:51.657+0000] {processor.py:753} INFO - DAG(s) dict_keys(['python_scheduler_dag']) retrieved from /opt/airflow/dags/schedule_dag.py
[2026-04-21T09:33:51.679+0000] {logging_mixin.py:137} INFO - [2026-04-21T09:33:51.679+0000] {dag.py:2690} INFO - Sync 1 DAGs
[2026-04-21T09:33:51.698+0000] {logging_mixin.py:137} INFO - [2026-04-21T09:33:51.698+0000] {dag.py:3441} INFO - Setting next_dagrun for python_scheduler_dag to 2026-04-21T00:00:00+00:00, run_after=2026-04-22T00:00:00+00:00
[2026-04-21T09:33:51.728+0000] {processor.py:175} INFO - Processing /opt/airflow/dags/schedule_dag.py took 0.114 seconds
[2026-04-21T09:34:22.092+0000] {processor.py:153} INFO - Started process (PID=6196) to work on /opt/airflow/dags/schedule_dag.py
[2026-04-21T09:34:22.094+0000] {processor.py:743} INFO - Processing file /opt/airflow/dags/schedule_dag.py for tasks to queue
[2026-04-21T09:34:22.096+0000] {logging_mixin.py:137} INFO - [2026-04-21T09:34:22.096+0000] {dagbag.py:538} INFO - Filling up the DagBag from /opt/airflow/dags/schedule_dag.py
[2026-04-21T09:34:22.148+0000] {processor.py:753} INFO - DAG(s) dict_keys(['python_scheduler_dag']) retrieved from /opt/airflow/dags/schedule_dag.py
[2026-04-21T09:34:22.222+0000] {logging_mixin.py:137} INFO - [2026-04-21T09:34:22.222+0000] {dag.py:2690} INFO - Sync 1 DAGs
[2026-04-21T09:34:22.272+0000] {logging_mixin.py:137} INFO - [2026-04-21T09:34:22.271+0000] {dag.py:3441} INFO - Setting next_dagrun for python_scheduler_dag to 2026-04-21T00:00:00+00:00, run_after=2026-04-22T00:00:00+00:00
[2026-04-21T09:34:22.315+0000] {processor.py:175} INFO - Processing /opt/airflow/dags/schedule_dag.py took 0.230 seconds
[2026-04-21T09:34:52.729+0000] {processor.py:153} INFO - Started process (PID=6290) to work on /opt/airflow/dags/schedule_dag.py
[2026-04-21T09:34:52.730+0000] {processor.py:743} INFO - Processing file /opt/airflow/dags/schedule_dag.py for tasks to queue
[2026-04-21T09:34:52.732+0000] {logging_mixin.py:137} INFO - [2026-04-21T09:34:52.732+0000] {dagbag.py:538} INFO - Filling up the DagBag from /opt/airflow/dags/schedule_dag.py
[2026-04-21T09:34:52.788+0000] {processor.py:753} INFO - DAG(s) dict_keys(['python_scheduler_dag']) retrieved from /opt/airflow/dags/schedule_dag.py
[2026-04-21T09:34:52.826+0000] {logging_mixin.py:137} INFO - [2026-04-21T09:34:52.826+0000] {dag.py:2690} INFO - Sync 1 DAGs
[2026-04-21T09:34:52.867+0000] {logging_mixin.py:137} INFO - [2026-04-21T09:34:52.867+0000] {dag.py:3441} INFO - Setting next_dagrun for python_scheduler_dag to 2026-04-21T00:00:00+00:00, run_after=2026-04-22T00:00:00+00:00
[2026-04-21T09:34:52.894+0000] {processor.py:175} INFO - Processing /opt/airflow/dags/schedule_dag.py took 0.169 seconds
[2026-04-21T09:35:23.720+0000] {processor.py:153} INFO - Started process (PID=6396) to work on /opt/airflow/dags/schedule_dag.py
[2026-04-21T09:35:23.722+0000] {processor.py:743} INFO - Processing file /opt/airflow/dags/schedule_dag.py for tasks to queue
[2026-04-21T09:35:23.724+0000] {logging_mixin.py:137} INFO - [2026-04-21T09:35:23.724+0000] {dagbag.py:538} INFO - Filling up the DagBag from /opt/airflow/dags/schedule_dag.py
[2026-04-21T09:35:23.781+0000] {processor.py:753} INFO - DAG(s) dict_keys(['python_scheduler_dag']) retrieved from /opt/airflow/dags/schedule_dag.py
[2026-04-21T09:35:23.840+0000] {logging_mixin.py:137} INFO - [2026-04-21T09:35:23.840+0000] {dag.py:2690} INFO - Sync 1 DAGs
[2026-04-21T09:35:23.891+0000] {logging_mixin.py:137} INFO - [2026-04-21T09:35:23.890+0000] {dag.py:3441} INFO - Setting next_dagrun for python_scheduler_dag to 2026-04-21T00:00:00+00:00, run_after=2026-04-22T00:00:00+00:00
[2026-04-21T09:35:23.931+0000] {processor.py:175} INFO - Processing /opt/airflow/dags/schedule_dag.py took 0.215 seconds
[2026-04-21T09:35:54.357+0000] {processor.py:153} INFO - Started process (PID=6484) to work on /opt/airflow/dags/schedule_dag.py
[2026-04-21T09:35:54.359+0000] {processor.py:743} INFO - Processing file /opt/airflow/dags/schedule_dag.py for tasks to queue
[2026-04-21T09:35:54.361+0000] {logging_mixin.py:137} INFO - [2026-04-21T09:35:54.360+0000] {dagbag.py:538} INFO - Filling up the DagBag from /opt/airflow/dags/schedule_dag.py
[2026-04-21T09:35:54.406+0000] {processor.py:753} INFO - DAG(s) dict_keys(['python_scheduler_dag']) retrieved from /opt/airflow/dags/schedule_dag.py
[2026-04-21T09:35:54.443+0000] {logging_mixin.py:137} INFO - [2026-04-21T09:35:54.443+0000] {dag.py:2690} INFO - Sync 1 DAGs
[2026-04-21T09:35:54.478+0000] {logging_mixin.py:137} INFO - [2026-04-21T09:35:54.477+0000] {dag.py:3441} INFO - Setting next_dagrun for python_scheduler_dag to 2026-04-21T00:00:00+00:00, run_after=2026-04-22T00:00:00+00:00
[2026-04-21T09:35:54.521+0000] {processor.py:175} INFO - Processing /opt/airflow/dags/schedule_dag.py took 0.171 seconds
[2026-04-21T09:36:24.898+0000] {processor.py:153} INFO - Started process (PID=6596) to work on /opt/airflow/dags/schedule_dag.py
[2026-04-21T09:36:24.900+0000] {processor.py:743} INFO - Processing file /opt/airflow/dags/schedule_dag.py for tasks to queue
[2026-04-21T09:36:24.902+0000] {logging_mixin.py:137} INFO - [2026-04-21T09:36:24.901+0000] {dagbag.py:538} INFO - Filling up the DagBag from /opt/airflow/dags/schedule_dag.py
[2026-04-21T09:36:24.954+0000] {processor.py:753} INFO - DAG(s) dict_keys(['python_scheduler_dag']) retrieved from /opt/airflow/dags/schedule_dag.py
[2026-04-21T09:36:25.004+0000] {logging_mixin.py:137} INFO - [2026-04-21T09:36:25.003+0000] {dag.py:2690} INFO - Sync 1 DAGs
[2026-04-21T09:36:25.052+0000] {logging_mixin.py:137} INFO - [2026-04-21T09:36:25.051+0000] {dag.py:3441} INFO - Setting next_dagrun for python_scheduler_dag to 2026-04-21T00:00:00+00:00, run_after=2026-04-22T00:00:00+00:00
[2026-04-21T09:36:25.086+0000] {processor.py:175} INFO - Processing /opt/airflow/dags/schedule_dag.py took 0.194 seconds
[2026-04-21T09:36:55.215+0000] {processor.py:153} INFO - Started process (PID=6684) to work on /opt/airflow/dags/schedule_dag.py
[2026-04-21T09:36:55.217+0000] {processor.py:743} INFO - Processing file /opt/airflow/dags/schedule_dag.py for tasks to queue
[2026-04-21T09:36:55.219+0000] {logging_mixin.py:137} INFO - [2026-04-21T09:36:55.219+0000] {dagbag.py:538} INFO - Filling up the DagBag from /opt/airflow/dags/schedule_dag.py
[2026-04-21T09:36:55.265+0000] {processor.py:753} INFO - DAG(s) dict_keys(['python_scheduler_dag']) retrieved from /opt/airflow/dags/schedule_dag.py
[2026-04-21T09:36:55.365+0000] {logging_mixin.py:137} INFO - [2026-04-21T09:36:55.365+0000] {dag.py:2690} INFO - Sync 1 DAGs
[2026-04-21T09:36:55.403+0000] {logging_mixin.py:137} INFO - [2026-04-21T09:36:55.403+0000] {dag.py:3441} INFO - Setting next_dagrun for python_scheduler_dag to 2026-04-21T00:00:00+00:00, run_after=2026-04-22T00:00:00+00:00
[2026-04-21T09:36:55.443+0000] {processor.py:175} INFO - Processing /opt/airflow/dags/schedule_dag.py took 0.235 seconds
[2026-04-21T09:37:26.082+0000] {processor.py:153} INFO - Started process (PID=6795) to work on /opt/airflow/dags/schedule_dag.py
[2026-04-21T09:37:26.084+0000] {processor.py:743} INFO - Processing file /opt/airflow/dags/schedule_dag.py for tasks to queue
[2026-04-21T09:37:26.085+0000] {logging_mixin.py:137} INFO - [2026-04-21T09:37:26.085+0000] {dagbag.py:538} INFO - Filling up the DagBag from /opt/airflow/dags/schedule_dag.py
[2026-04-21T09:37:26.126+0000] {processor.py:753} INFO - DAG(s) dict_keys(['python_scheduler_dag']) retrieved from /opt/airflow/dags/schedule_dag.py
[2026-04-21T09:37:26.155+0000] {logging_mixin.py:137} INFO - [2026-04-21T09:37:26.154+0000] {dag.py:2690} INFO - Sync 1 DAGs
[2026-04-21T09:37:26.185+0000] {logging_mixin.py:137} INFO - [2026-04-21T09:37:26.184+0000] {dag.py:3441} INFO - Setting next_dagrun for python_scheduler_dag to 2026-04-21T00:00:00+00:00, run_after=2026-04-22T00:00:00+00:00
[2026-04-21T09:37:26.216+0000] {processor.py:175} INFO - Processing /opt/airflow/dags/schedule_dag.py took 0.137 seconds
[2026-04-21T09:37:56.417+0000] {processor.py:153} INFO - Started process (PID=6883) to work on /opt/airflow/dags/schedule_dag.py
[2026-04-21T09:37:56.420+0000] {processor.py:743} INFO - Processing file /opt/airflow/dags/schedule_dag.py for tasks to queue
[2026-04-21T09:37:56.422+0000] {logging_mixin.py:137} INFO - [2026-04-21T09:37:56.421+0000] {dagbag.py:538} INFO - Filling up the DagBag from /opt/airflow/dags/schedule_dag.py
[2026-04-21T09:37:56.466+0000] {processor.py:753} INFO - DAG(s) dict_keys(['python_scheduler_dag']) retrieved from /opt/airflow/dags/schedule_dag.py
[2026-04-21T09:37:56.506+0000] {logging_mixin.py:137} INFO - [2026-04-21T09:37:56.506+0000] {dag.py:2690} INFO - Sync 1 DAGs
[2026-04-21T09:37:56.540+0000] {logging_mixin.py:137} INFO - [2026-04-21T09:37:56.540+0000] {dag.py:3441} INFO - Setting next_dagrun for python_scheduler_dag to 2026-04-21T00:00:00+00:00, run_after=2026-04-22T00:00:00+00:00
[2026-04-21T09:37:56.573+0000] {processor.py:175} INFO - Processing /opt/airflow/dags/schedule_dag.py took 0.163 seconds
