[2026-05-07T04:50:06.050+0000] {processor.py:161} INFO - Started process (PID=11952) to work on /home/airflow/.local/lib/python3.12/site-packages/airflow/example_dags/example_setup_teardown_taskflow.py
[2026-05-07T04:50:06.052+0000] {processor.py:830} INFO - Processing file /home/airflow/.local/lib/python3.12/site-packages/airflow/example_dags/example_setup_teardown_taskflow.py for tasks to queue
[2026-05-07T04:50:06.053+0000] {logging_mixin.py:188} INFO - [2026-05-07T04:50:06.053+0000] {dagbag.py:545} INFO - Filling up the DagBag from /home/airflow/.local/lib/python3.12/site-packages/airflow/example_dags/example_setup_teardown_taskflow.py
[2026-05-07T04:50:06.070+0000] {processor.py:840} INFO - DAG(s) 'example_setup_teardown_taskflow' retrieved from /home/airflow/.local/lib/python3.12/site-packages/airflow/example_dags/example_setup_teardown_taskflow.py
[2026-05-07T04:50:06.106+0000] {logging_mixin.py:188} INFO - [2026-05-07T04:50:06.105+0000] {dag.py:3089} INFO - Sync 1 DAGs
[2026-05-07T04:50:06.131+0000] {logging_mixin.py:188} INFO - [2026-05-07T04:50:06.131+0000] {dag.py:3947} INFO - Setting next_dagrun for example_setup_teardown_taskflow to 2026-05-06 00:00:00+00:00, run_after=2026-05-07 00:00:00+00:00
[2026-05-07T04:50:06.156+0000] {processor.py:183} INFO - Processing /home/airflow/.local/lib/python3.12/site-packages/airflow/example_dags/example_setup_teardown_taskflow.py took 0.115 seconds
[2026-05-07T04:50:37.378+0000] {processor.py:161} INFO - Started process (PID=12020) to work on /home/airflow/.local/lib/python3.12/site-packages/airflow/example_dags/example_setup_teardown_taskflow.py
[2026-05-07T04:50:37.380+0000] {processor.py:830} INFO - Processing file /home/airflow/.local/lib/python3.12/site-packages/airflow/example_dags/example_setup_teardown_taskflow.py for tasks to queue
[2026-05-07T04:50:37.382+0000] {logging_mixin.py:188} INFO - [2026-05-07T04:50:37.381+0000] {dagbag.py:545} INFO - Filling up the DagBag from /home/airflow/.local/lib/python3.12/site-packages/airflow/example_dags/example_setup_teardown_taskflow.py
[2026-05-07T04:50:37.394+0000] {processor.py:840} INFO - DAG(s) 'example_setup_teardown_taskflow' retrieved from /home/airflow/.local/lib/python3.12/site-packages/airflow/example_dags/example_setup_teardown_taskflow.py
[2026-05-07T04:50:37.422+0000] {logging_mixin.py:188} INFO - [2026-05-07T04:50:37.421+0000] {dag.py:3089} INFO - Sync 1 DAGs
[2026-05-07T04:50:37.448+0000] {logging_mixin.py:188} INFO - [2026-05-07T04:50:37.447+0000] {dag.py:3947} INFO - Setting next_dagrun for example_setup_teardown_taskflow to 2026-05-06 00:00:00+00:00, run_after=2026-05-07 00:00:00+00:00
[2026-05-07T04:50:37.474+0000] {processor.py:183} INFO - Processing /home/airflow/.local/lib/python3.12/site-packages/airflow/example_dags/example_setup_teardown_taskflow.py took 0.108 seconds
[2026-05-07T04:51:07.799+0000] {processor.py:161} INFO - Started process (PID=12095) to work on /home/airflow/.local/lib/python3.12/site-packages/airflow/example_dags/example_setup_teardown_taskflow.py
[2026-05-07T04:51:07.801+0000] {processor.py:830} INFO - Processing file /home/airflow/.local/lib/python3.12/site-packages/airflow/example_dags/example_setup_teardown_taskflow.py for tasks to queue
[2026-05-07T04:51:07.803+0000] {logging_mixin.py:188} INFO - [2026-05-07T04:51:07.802+0000] {dagbag.py:545} INFO - Filling up the DagBag from /home/airflow/.local/lib/python3.12/site-packages/airflow/example_dags/example_setup_teardown_taskflow.py
[2026-05-07T04:51:07.822+0000] {processor.py:840} INFO - DAG(s) 'example_setup_teardown_taskflow' retrieved from /home/airflow/.local/lib/python3.12/site-packages/airflow/example_dags/example_setup_teardown_taskflow.py
[2026-05-07T04:51:07.852+0000] {logging_mixin.py:188} INFO - [2026-05-07T04:51:07.852+0000] {dag.py:3089} INFO - Sync 1 DAGs
[2026-05-07T04:51:07.873+0000] {logging_mixin.py:188} INFO - [2026-05-07T04:51:07.873+0000] {dag.py:3947} INFO - Setting next_dagrun for example_setup_teardown_taskflow to 2026-05-06 00:00:00+00:00, run_after=2026-05-07 00:00:00+00:00
[2026-05-07T04:51:07.895+0000] {processor.py:183} INFO - Processing /home/airflow/.local/lib/python3.12/site-packages/airflow/example_dags/example_setup_teardown_taskflow.py took 0.106 seconds
[2026-05-07T04:51:38.031+0000] {processor.py:161} INFO - Started process (PID=12163) to work on /home/airflow/.local/lib/python3.12/site-packages/airflow/example_dags/example_setup_teardown_taskflow.py
[2026-05-07T04:51:38.032+0000] {processor.py:830} INFO - Processing file /home/airflow/.local/lib/python3.12/site-packages/airflow/example_dags/example_setup_teardown_taskflow.py for tasks to queue
[2026-05-07T04:51:38.034+0000] {logging_mixin.py:188} INFO - [2026-05-07T04:51:38.033+0000] {dagbag.py:545} INFO - Filling up the DagBag from /home/airflow/.local/lib/python3.12/site-packages/airflow/example_dags/example_setup_teardown_taskflow.py
[2026-05-07T04:51:38.050+0000] {processor.py:840} INFO - DAG(s) 'example_setup_teardown_taskflow' retrieved from /home/airflow/.local/lib/python3.12/site-packages/airflow/example_dags/example_setup_teardown_taskflow.py
[2026-05-07T04:51:38.079+0000] {logging_mixin.py:188} INFO - [2026-05-07T04:51:38.079+0000] {dag.py:3089} INFO - Sync 1 DAGs
[2026-05-07T04:51:38.098+0000] {logging_mixin.py:188} INFO - [2026-05-07T04:51:38.097+0000] {dag.py:3947} INFO - Setting next_dagrun for example_setup_teardown_taskflow to 2026-05-06 00:00:00+00:00, run_after=2026-05-07 00:00:00+00:00
[2026-05-07T04:51:38.117+0000] {processor.py:183} INFO - Processing /home/airflow/.local/lib/python3.12/site-packages/airflow/example_dags/example_setup_teardown_taskflow.py took 0.095 seconds
[2026-05-07T04:52:09.384+0000] {processor.py:161} INFO - Started process (PID=12238) to work on /home/airflow/.local/lib/python3.12/site-packages/airflow/example_dags/example_setup_teardown_taskflow.py
[2026-05-07T04:52:09.385+0000] {processor.py:830} INFO - Processing file /home/airflow/.local/lib/python3.12/site-packages/airflow/example_dags/example_setup_teardown_taskflow.py for tasks to queue
[2026-05-07T04:52:09.387+0000] {logging_mixin.py:188} INFO - [2026-05-07T04:52:09.386+0000] {dagbag.py:545} INFO - Filling up the DagBag from /home/airflow/.local/lib/python3.12/site-packages/airflow/example_dags/example_setup_teardown_taskflow.py
[2026-05-07T04:52:09.399+0000] {processor.py:840} INFO - DAG(s) 'example_setup_teardown_taskflow' retrieved from /home/airflow/.local/lib/python3.12/site-packages/airflow/example_dags/example_setup_teardown_taskflow.py
[2026-05-07T04:52:09.424+0000] {logging_mixin.py:188} INFO - [2026-05-07T04:52:09.423+0000] {dag.py:3089} INFO - Sync 1 DAGs
[2026-05-07T04:52:09.444+0000] {logging_mixin.py:188} INFO - [2026-05-07T04:52:09.443+0000] {dag.py:3947} INFO - Setting next_dagrun for example_setup_teardown_taskflow to 2026-05-06 00:00:00+00:00, run_after=2026-05-07 00:00:00+00:00
[2026-05-07T04:52:09.466+0000] {processor.py:183} INFO - Processing /home/airflow/.local/lib/python3.12/site-packages/airflow/example_dags/example_setup_teardown_taskflow.py took 0.089 seconds
[2026-05-07T04:52:40.043+0000] {processor.py:161} INFO - Started process (PID=12306) to work on /home/airflow/.local/lib/python3.12/site-packages/airflow/example_dags/example_setup_teardown_taskflow.py
[2026-05-07T04:52:40.045+0000] {processor.py:830} INFO - Processing file /home/airflow/.local/lib/python3.12/site-packages/airflow/example_dags/example_setup_teardown_taskflow.py for tasks to queue
[2026-05-07T04:52:40.046+0000] {logging_mixin.py:188} INFO - [2026-05-07T04:52:40.046+0000] {dagbag.py:545} INFO - Filling up the DagBag from /home/airflow/.local/lib/python3.12/site-packages/airflow/example_dags/example_setup_teardown_taskflow.py
[2026-05-07T04:52:40.057+0000] {processor.py:840} INFO - DAG(s) 'example_setup_teardown_taskflow' retrieved from /home/airflow/.local/lib/python3.12/site-packages/airflow/example_dags/example_setup_teardown_taskflow.py
[2026-05-07T04:52:40.077+0000] {logging_mixin.py:188} INFO - [2026-05-07T04:52:40.077+0000] {dag.py:3089} INFO - Sync 1 DAGs
[2026-05-07T04:52:40.096+0000] {logging_mixin.py:188} INFO - [2026-05-07T04:52:40.096+0000] {dag.py:3947} INFO - Setting next_dagrun for example_setup_teardown_taskflow to 2026-05-06 00:00:00+00:00, run_after=2026-05-07 00:00:00+00:00
[2026-05-07T04:52:40.120+0000] {processor.py:183} INFO - Processing /home/airflow/.local/lib/python3.12/site-packages/airflow/example_dags/example_setup_teardown_taskflow.py took 0.083 seconds
[2026-05-07T04:53:10.601+0000] {processor.py:161} INFO - Started process (PID=12381) to work on /home/airflow/.local/lib/python3.12/site-packages/airflow/example_dags/example_setup_teardown_taskflow.py
[2026-05-07T04:53:10.602+0000] {processor.py:830} INFO - Processing file /home/airflow/.local/lib/python3.12/site-packages/airflow/example_dags/example_setup_teardown_taskflow.py for tasks to queue
[2026-05-07T04:53:10.604+0000] {logging_mixin.py:188} INFO - [2026-05-07T04:53:10.603+0000] {dagbag.py:545} INFO - Filling up the DagBag from /home/airflow/.local/lib/python3.12/site-packages/airflow/example_dags/example_setup_teardown_taskflow.py
[2026-05-07T04:53:10.619+0000] {processor.py:840} INFO - DAG(s) 'example_setup_teardown_taskflow' retrieved from /home/airflow/.local/lib/python3.12/site-packages/airflow/example_dags/example_setup_teardown_taskflow.py
[2026-05-07T04:53:10.647+0000] {logging_mixin.py:188} INFO - [2026-05-07T04:53:10.646+0000] {dag.py:3089} INFO - Sync 1 DAGs
[2026-05-07T04:53:10.667+0000] {logging_mixin.py:188} INFO - [2026-05-07T04:53:10.667+0000] {dag.py:3947} INFO - Setting next_dagrun for example_setup_teardown_taskflow to 2026-05-06 00:00:00+00:00, run_after=2026-05-07 00:00:00+00:00
[2026-05-07T04:53:10.695+0000] {processor.py:183} INFO - Processing /home/airflow/.local/lib/python3.12/site-packages/airflow/example_dags/example_setup_teardown_taskflow.py took 0.101 seconds
[2026-05-07T05:20:12.546+0000] {processor.py:161} INFO - Started process (PID=12431) to work on /home/airflow/.local/lib/python3.12/site-packages/airflow/example_dags/example_setup_teardown_taskflow.py
[2026-05-07T05:20:12.548+0000] {processor.py:830} INFO - Processing file /home/airflow/.local/lib/python3.12/site-packages/airflow/example_dags/example_setup_teardown_taskflow.py for tasks to queue
[2026-05-07T05:20:12.549+0000] {logging_mixin.py:188} INFO - [2026-05-07T05:20:12.548+0000] {dagbag.py:545} INFO - Filling up the DagBag from /home/airflow/.local/lib/python3.12/site-packages/airflow/example_dags/example_setup_teardown_taskflow.py
[2026-05-07T05:20:12.556+0000] {processor.py:840} INFO - DAG(s) 'example_setup_teardown_taskflow' retrieved from /home/airflow/.local/lib/python3.12/site-packages/airflow/example_dags/example_setup_teardown_taskflow.py
[2026-05-07T05:20:12.580+0000] {logging_mixin.py:188} INFO - [2026-05-07T05:20:12.580+0000] {dag.py:3089} INFO - Sync 1 DAGs
[2026-05-07T05:20:12.598+0000] {logging_mixin.py:188} INFO - [2026-05-07T05:20:12.597+0000] {dag.py:3947} INFO - Setting next_dagrun for example_setup_teardown_taskflow to 2026-05-06 00:00:00+00:00, run_after=2026-05-07 00:00:00+00:00
[2026-05-07T05:20:12.622+0000] {processor.py:183} INFO - Processing /home/airflow/.local/lib/python3.12/site-packages/airflow/example_dags/example_setup_teardown_taskflow.py took 0.080 seconds
[2026-05-07T06:07:47.483+0000] {processor.py:161} INFO - Started process (PID=12506) to work on /home/airflow/.local/lib/python3.12/site-packages/airflow/example_dags/example_setup_teardown_taskflow.py
[2026-05-07T06:07:47.485+0000] {processor.py:830} INFO - Processing file /home/airflow/.local/lib/python3.12/site-packages/airflow/example_dags/example_setup_teardown_taskflow.py for tasks to queue
[2026-05-07T06:07:47.487+0000] {logging_mixin.py:188} INFO - [2026-05-07T06:07:47.486+0000] {dagbag.py:545} INFO - Filling up the DagBag from /home/airflow/.local/lib/python3.12/site-packages/airflow/example_dags/example_setup_teardown_taskflow.py
[2026-05-07T06:07:47.503+0000] {processor.py:840} INFO - DAG(s) 'example_setup_teardown_taskflow' retrieved from /home/airflow/.local/lib/python3.12/site-packages/airflow/example_dags/example_setup_teardown_taskflow.py
[2026-05-07T06:07:47.546+0000] {logging_mixin.py:188} INFO - [2026-05-07T06:07:47.545+0000] {dag.py:3089} INFO - Sync 1 DAGs
[2026-05-07T06:07:47.586+0000] {logging_mixin.py:188} INFO - [2026-05-07T06:07:47.585+0000] {dag.py:3947} INFO - Setting next_dagrun for example_setup_teardown_taskflow to 2026-05-06 00:00:00+00:00, run_after=2026-05-07 00:00:00+00:00
[2026-05-07T06:07:47.626+0000] {processor.py:183} INFO - Processing /home/airflow/.local/lib/python3.12/site-packages/airflow/example_dags/example_setup_teardown_taskflow.py took 0.153 seconds
[2026-05-07T06:08:18.788+0000] {processor.py:161} INFO - Started process (PID=12574) to work on /home/airflow/.local/lib/python3.12/site-packages/airflow/example_dags/example_setup_teardown_taskflow.py
[2026-05-07T06:08:18.790+0000] {processor.py:830} INFO - Processing file /home/airflow/.local/lib/python3.12/site-packages/airflow/example_dags/example_setup_teardown_taskflow.py for tasks to queue
[2026-05-07T06:08:18.792+0000] {logging_mixin.py:188} INFO - [2026-05-07T06:08:18.792+0000] {dagbag.py:545} INFO - Filling up the DagBag from /home/airflow/.local/lib/python3.12/site-packages/airflow/example_dags/example_setup_teardown_taskflow.py
[2026-05-07T06:08:18.810+0000] {processor.py:840} INFO - DAG(s) 'example_setup_teardown_taskflow' retrieved from /home/airflow/.local/lib/python3.12/site-packages/airflow/example_dags/example_setup_teardown_taskflow.py
[2026-05-07T06:08:18.851+0000] {logging_mixin.py:188} INFO - [2026-05-07T06:08:18.851+0000] {dag.py:3089} INFO - Sync 1 DAGs
[2026-05-07T06:08:18.889+0000] {logging_mixin.py:188} INFO - [2026-05-07T06:08:18.889+0000] {dag.py:3947} INFO - Setting next_dagrun for example_setup_teardown_taskflow to 2026-05-06 00:00:00+00:00, run_after=2026-05-07 00:00:00+00:00
[2026-05-07T06:08:18.923+0000] {processor.py:183} INFO - Processing /home/airflow/.local/lib/python3.12/site-packages/airflow/example_dags/example_setup_teardown_taskflow.py took 0.147 seconds
[2026-05-07T06:08:50.010+0000] {processor.py:161} INFO - Started process (PID=12642) to work on /home/airflow/.local/lib/python3.12/site-packages/airflow/example_dags/example_setup_teardown_taskflow.py
[2026-05-07T06:08:50.012+0000] {processor.py:830} INFO - Processing file /home/airflow/.local/lib/python3.12/site-packages/airflow/example_dags/example_setup_teardown_taskflow.py for tasks to queue
[2026-05-07T06:08:50.015+0000] {logging_mixin.py:188} INFO - [2026-05-07T06:08:50.014+0000] {dagbag.py:545} INFO - Filling up the DagBag from /home/airflow/.local/lib/python3.12/site-packages/airflow/example_dags/example_setup_teardown_taskflow.py
[2026-05-07T06:08:50.031+0000] {processor.py:840} INFO - DAG(s) 'example_setup_teardown_taskflow' retrieved from /home/airflow/.local/lib/python3.12/site-packages/airflow/example_dags/example_setup_teardown_taskflow.py
[2026-05-07T06:08:50.063+0000] {logging_mixin.py:188} INFO - [2026-05-07T06:08:50.063+0000] {dag.py:3089} INFO - Sync 1 DAGs
[2026-05-07T06:08:50.098+0000] {logging_mixin.py:188} INFO - [2026-05-07T06:08:50.098+0000] {dag.py:3947} INFO - Setting next_dagrun for example_setup_teardown_taskflow to 2026-05-06 00:00:00+00:00, run_after=2026-05-07 00:00:00+00:00
[2026-05-07T06:08:50.133+0000] {processor.py:183} INFO - Processing /home/airflow/.local/lib/python3.12/site-packages/airflow/example_dags/example_setup_teardown_taskflow.py took 0.132 seconds
[2026-05-07T06:09:21.589+0000] {processor.py:161} INFO - Started process (PID=12710) to work on /home/airflow/.local/lib/python3.12/site-packages/airflow/example_dags/example_setup_teardown_taskflow.py
[2026-05-07T06:09:21.591+0000] {processor.py:830} INFO - Processing file /home/airflow/.local/lib/python3.12/site-packages/airflow/example_dags/example_setup_teardown_taskflow.py for tasks to queue
[2026-05-07T06:09:21.593+0000] {logging_mixin.py:188} INFO - [2026-05-07T06:09:21.593+0000] {dagbag.py:545} INFO - Filling up the DagBag from /home/airflow/.local/lib/python3.12/site-packages/airflow/example_dags/example_setup_teardown_taskflow.py
[2026-05-07T06:09:21.613+0000] {processor.py:840} INFO - DAG(s) 'example_setup_teardown_taskflow' retrieved from /home/airflow/.local/lib/python3.12/site-packages/airflow/example_dags/example_setup_teardown_taskflow.py
[2026-05-07T06:09:21.653+0000] {logging_mixin.py:188} INFO - [2026-05-07T06:09:21.652+0000] {dag.py:3089} INFO - Sync 1 DAGs
[2026-05-07T06:09:21.682+0000] {logging_mixin.py:188} INFO - [2026-05-07T06:09:21.682+0000] {dag.py:3947} INFO - Setting next_dagrun for example_setup_teardown_taskflow to 2026-05-06 00:00:00+00:00, run_after=2026-05-07 00:00:00+00:00
[2026-05-07T06:09:21.824+0000] {processor.py:183} INFO - Processing /home/airflow/.local/lib/python3.12/site-packages/airflow/example_dags/example_setup_teardown_taskflow.py took 0.244 seconds
[2026-05-07T06:09:51.955+0000] {processor.py:161} INFO - Started process (PID=12785) to work on /home/airflow/.local/lib/python3.12/site-packages/airflow/example_dags/example_setup_teardown_taskflow.py
[2026-05-07T06:09:51.957+0000] {processor.py:830} INFO - Processing file /home/airflow/.local/lib/python3.12/site-packages/airflow/example_dags/example_setup_teardown_taskflow.py for tasks to queue
[2026-05-07T06:09:51.958+0000] {logging_mixin.py:188} INFO - [2026-05-07T06:09:51.958+0000] {dagbag.py:545} INFO - Filling up the DagBag from /home/airflow/.local/lib/python3.12/site-packages/airflow/example_dags/example_setup_teardown_taskflow.py
[2026-05-07T06:09:51.978+0000] {processor.py:840} INFO - DAG(s) 'example_setup_teardown_taskflow' retrieved from /home/airflow/.local/lib/python3.12/site-packages/airflow/example_dags/example_setup_teardown_taskflow.py
[2026-05-07T06:09:52.017+0000] {logging_mixin.py:188} INFO - [2026-05-07T06:09:52.017+0000] {dag.py:3089} INFO - Sync 1 DAGs
[2026-05-07T06:09:52.052+0000] {logging_mixin.py:188} INFO - [2026-05-07T06:09:52.052+0000] {dag.py:3947} INFO - Setting next_dagrun for example_setup_teardown_taskflow to 2026-05-06 00:00:00+00:00, run_after=2026-05-07 00:00:00+00:00
[2026-05-07T06:09:52.088+0000] {processor.py:183} INFO - Processing /home/airflow/.local/lib/python3.12/site-packages/airflow/example_dags/example_setup_teardown_taskflow.py took 0.143 seconds
[2026-05-07T06:10:22.984+0000] {processor.py:161} INFO - Started process (PID=12853) to work on /home/airflow/.local/lib/python3.12/site-packages/airflow/example_dags/example_setup_teardown_taskflow.py
[2026-05-07T06:10:22.986+0000] {processor.py:830} INFO - Processing file /home/airflow/.local/lib/python3.12/site-packages/airflow/example_dags/example_setup_teardown_taskflow.py for tasks to queue
[2026-05-07T06:10:22.988+0000] {logging_mixin.py:188} INFO - [2026-05-07T06:10:22.987+0000] {dagbag.py:545} INFO - Filling up the DagBag from /home/airflow/.local/lib/python3.12/site-packages/airflow/example_dags/example_setup_teardown_taskflow.py
[2026-05-07T06:10:23.006+0000] {processor.py:840} INFO - DAG(s) 'example_setup_teardown_taskflow' retrieved from /home/airflow/.local/lib/python3.12/site-packages/airflow/example_dags/example_setup_teardown_taskflow.py
[2026-05-07T06:10:23.043+0000] {logging_mixin.py:188} INFO - [2026-05-07T06:10:23.043+0000] {dag.py:3089} INFO - Sync 1 DAGs
[2026-05-07T06:10:23.075+0000] {logging_mixin.py:188} INFO - [2026-05-07T06:10:23.075+0000] {dag.py:3947} INFO - Setting next_dagrun for example_setup_teardown_taskflow to 2026-05-06 00:00:00+00:00, run_after=2026-05-07 00:00:00+00:00
[2026-05-07T06:10:23.104+0000] {processor.py:183} INFO - Processing /home/airflow/.local/lib/python3.12/site-packages/airflow/example_dags/example_setup_teardown_taskflow.py took 0.129 seconds
[2026-05-07T06:10:53.470+0000] {processor.py:161} INFO - Started process (PID=12921) to work on /home/airflow/.local/lib/python3.12/site-packages/airflow/example_dags/example_setup_teardown_taskflow.py
[2026-05-07T06:10:53.473+0000] {processor.py:830} INFO - Processing file /home/airflow/.local/lib/python3.12/site-packages/airflow/example_dags/example_setup_teardown_taskflow.py for tasks to queue
[2026-05-07T06:10:53.476+0000] {logging_mixin.py:188} INFO - [2026-05-07T06:10:53.475+0000] {dagbag.py:545} INFO - Filling up the DagBag from /home/airflow/.local/lib/python3.12/site-packages/airflow/example_dags/example_setup_teardown_taskflow.py
[2026-05-07T06:10:53.493+0000] {processor.py:840} INFO - DAG(s) 'example_setup_teardown_taskflow' retrieved from /home/airflow/.local/lib/python3.12/site-packages/airflow/example_dags/example_setup_teardown_taskflow.py
[2026-05-07T06:10:53.530+0000] {logging_mixin.py:188} INFO - [2026-05-07T06:10:53.529+0000] {dag.py:3089} INFO - Sync 1 DAGs
[2026-05-07T06:10:53.574+0000] {logging_mixin.py:188} INFO - [2026-05-07T06:10:53.573+0000] {dag.py:3947} INFO - Setting next_dagrun for example_setup_teardown_taskflow to 2026-05-06 00:00:00+00:00, run_after=2026-05-07 00:00:00+00:00
[2026-05-07T06:10:53.617+0000] {processor.py:183} INFO - Processing /home/airflow/.local/lib/python3.12/site-packages/airflow/example_dags/example_setup_teardown_taskflow.py took 0.163 seconds
[2026-05-07T06:11:25.091+0000] {processor.py:161} INFO - Started process (PID=12989) to work on /home/airflow/.local/lib/python3.12/site-packages/airflow/example_dags/example_setup_teardown_taskflow.py
[2026-05-07T06:11:25.095+0000] {processor.py:830} INFO - Processing file /home/airflow/.local/lib/python3.12/site-packages/airflow/example_dags/example_setup_teardown_taskflow.py for tasks to queue
[2026-05-07T06:11:25.097+0000] {logging_mixin.py:188} INFO - [2026-05-07T06:11:25.096+0000] {dagbag.py:545} INFO - Filling up the DagBag from /home/airflow/.local/lib/python3.12/site-packages/airflow/example_dags/example_setup_teardown_taskflow.py
[2026-05-07T06:11:25.119+0000] {processor.py:840} INFO - DAG(s) 'example_setup_teardown_taskflow' retrieved from /home/airflow/.local/lib/python3.12/site-packages/airflow/example_dags/example_setup_teardown_taskflow.py
[2026-05-07T06:11:25.174+0000] {logging_mixin.py:188} INFO - [2026-05-07T06:11:25.173+0000] {dag.py:3089} INFO - Sync 1 DAGs
[2026-05-07T06:11:25.220+0000] {logging_mixin.py:188} INFO - [2026-05-07T06:11:25.218+0000] {dag.py:3947} INFO - Setting next_dagrun for example_setup_teardown_taskflow to 2026-05-06 00:00:00+00:00, run_after=2026-05-07 00:00:00+00:00
[2026-05-07T06:11:25.280+0000] {processor.py:183} INFO - Processing /home/airflow/.local/lib/python3.12/site-packages/airflow/example_dags/example_setup_teardown_taskflow.py took 0.200 seconds
[2026-05-07T06:11:55.525+0000] {processor.py:161} INFO - Started process (PID=13057) to work on /home/airflow/.local/lib/python3.12/site-packages/airflow/example_dags/example_setup_teardown_taskflow.py
[2026-05-07T06:11:55.526+0000] {processor.py:830} INFO - Processing file /home/airflow/.local/lib/python3.12/site-packages/airflow/example_dags/example_setup_teardown_taskflow.py for tasks to queue
[2026-05-07T06:11:55.529+0000] {logging_mixin.py:188} INFO - [2026-05-07T06:11:55.528+0000] {dagbag.py:545} INFO - Filling up the DagBag from /home/airflow/.local/lib/python3.12/site-packages/airflow/example_dags/example_setup_teardown_taskflow.py
[2026-05-07T06:11:55.544+0000] {processor.py:840} INFO - DAG(s) 'example_setup_teardown_taskflow' retrieved from /home/airflow/.local/lib/python3.12/site-packages/airflow/example_dags/example_setup_teardown_taskflow.py
[2026-05-07T06:11:55.582+0000] {logging_mixin.py:188} INFO - [2026-05-07T06:11:55.581+0000] {dag.py:3089} INFO - Sync 1 DAGs
[2026-05-07T06:11:55.617+0000] {logging_mixin.py:188} INFO - [2026-05-07T06:11:55.617+0000] {dag.py:3947} INFO - Setting next_dagrun for example_setup_teardown_taskflow to 2026-05-06 00:00:00+00:00, run_after=2026-05-07 00:00:00+00:00
[2026-05-07T06:11:55.656+0000] {processor.py:183} INFO - Processing /home/airflow/.local/lib/python3.12/site-packages/airflow/example_dags/example_setup_teardown_taskflow.py took 0.140 seconds
[2026-05-07T06:12:26.005+0000] {processor.py:161} INFO - Started process (PID=13125) to work on /home/airflow/.local/lib/python3.12/site-packages/airflow/example_dags/example_setup_teardown_taskflow.py
[2026-05-07T06:12:26.012+0000] {processor.py:830} INFO - Processing file /home/airflow/.local/lib/python3.12/site-packages/airflow/example_dags/example_setup_teardown_taskflow.py for tasks to queue
[2026-05-07T06:12:26.014+0000] {logging_mixin.py:188} INFO - [2026-05-07T06:12:26.013+0000] {dagbag.py:545} INFO - Filling up the DagBag from /home/airflow/.local/lib/python3.12/site-packages/airflow/example_dags/example_setup_teardown_taskflow.py
[2026-05-07T06:12:26.034+0000] {processor.py:840} INFO - DAG(s) 'example_setup_teardown_taskflow' retrieved from /home/airflow/.local/lib/python3.12/site-packages/airflow/example_dags/example_setup_teardown_taskflow.py
[2026-05-07T06:12:26.065+0000] {logging_mixin.py:188} INFO - [2026-05-07T06:12:26.065+0000] {dag.py:3089} INFO - Sync 1 DAGs
[2026-05-07T06:12:26.097+0000] {logging_mixin.py:188} INFO - [2026-05-07T06:12:26.097+0000] {dag.py:3947} INFO - Setting next_dagrun for example_setup_teardown_taskflow to 2026-05-06 00:00:00+00:00, run_after=2026-05-07 00:00:00+00:00
[2026-05-07T06:12:26.129+0000] {processor.py:183} INFO - Processing /home/airflow/.local/lib/python3.12/site-packages/airflow/example_dags/example_setup_teardown_taskflow.py took 0.135 seconds
[2026-05-07T06:12:57.215+0000] {processor.py:161} INFO - Started process (PID=13200) to work on /home/airflow/.local/lib/python3.12/site-packages/airflow/example_dags/example_setup_teardown_taskflow.py
[2026-05-07T06:12:57.217+0000] {processor.py:830} INFO - Processing file /home/airflow/.local/lib/python3.12/site-packages/airflow/example_dags/example_setup_teardown_taskflow.py for tasks to queue
[2026-05-07T06:12:57.219+0000] {logging_mixin.py:188} INFO - [2026-05-07T06:12:57.218+0000] {dagbag.py:545} INFO - Filling up the DagBag from /home/airflow/.local/lib/python3.12/site-packages/airflow/example_dags/example_setup_teardown_taskflow.py
[2026-05-07T06:12:57.234+0000] {processor.py:840} INFO - DAG(s) 'example_setup_teardown_taskflow' retrieved from /home/airflow/.local/lib/python3.12/site-packages/airflow/example_dags/example_setup_teardown_taskflow.py
[2026-05-07T06:12:57.275+0000] {logging_mixin.py:188} INFO - [2026-05-07T06:12:57.275+0000] {dag.py:3089} INFO - Sync 1 DAGs
[2026-05-07T06:12:57.315+0000] {logging_mixin.py:188} INFO - [2026-05-07T06:12:57.315+0000] {dag.py:3947} INFO - Setting next_dagrun for example_setup_teardown_taskflow to 2026-05-06 00:00:00+00:00, run_after=2026-05-07 00:00:00+00:00
[2026-05-07T06:12:57.381+0000] {processor.py:183} INFO - Processing /home/airflow/.local/lib/python3.12/site-packages/airflow/example_dags/example_setup_teardown_taskflow.py took 0.175 seconds
[2026-05-07T06:13:27.723+0000] {processor.py:161} INFO - Started process (PID=13267) to work on /home/airflow/.local/lib/python3.12/site-packages/airflow/example_dags/example_setup_teardown_taskflow.py
[2026-05-07T06:13:27.726+0000] {processor.py:830} INFO - Processing file /home/airflow/.local/lib/python3.12/site-packages/airflow/example_dags/example_setup_teardown_taskflow.py for tasks to queue
[2026-05-07T06:13:27.728+0000] {logging_mixin.py:188} INFO - [2026-05-07T06:13:27.727+0000] {dagbag.py:545} INFO - Filling up the DagBag from /home/airflow/.local/lib/python3.12/site-packages/airflow/example_dags/example_setup_teardown_taskflow.py
[2026-05-07T06:13:27.747+0000] {processor.py:840} INFO - DAG(s) 'example_setup_teardown_taskflow' retrieved from /home/airflow/.local/lib/python3.12/site-packages/airflow/example_dags/example_setup_teardown_taskflow.py
[2026-05-07T06:13:27.809+0000] {logging_mixin.py:188} INFO - [2026-05-07T06:13:27.808+0000] {dag.py:3089} INFO - Sync 1 DAGs
[2026-05-07T06:13:27.850+0000] {logging_mixin.py:188} INFO - [2026-05-07T06:13:27.849+0000] {dag.py:3947} INFO - Setting next_dagrun for example_setup_teardown_taskflow to 2026-05-06 00:00:00+00:00, run_after=2026-05-07 00:00:00+00:00
[2026-05-07T06:13:27.888+0000] {processor.py:183} INFO - Processing /home/airflow/.local/lib/python3.12/site-packages/airflow/example_dags/example_setup_teardown_taskflow.py took 0.180 seconds
[2026-05-07T06:13:58.973+0000] {processor.py:161} INFO - Started process (PID=13335) to work on /home/airflow/.local/lib/python3.12/site-packages/airflow/example_dags/example_setup_teardown_taskflow.py
[2026-05-07T06:13:58.975+0000] {processor.py:830} INFO - Processing file /home/airflow/.local/lib/python3.12/site-packages/airflow/example_dags/example_setup_teardown_taskflow.py for tasks to queue
[2026-05-07T06:13:58.977+0000] {logging_mixin.py:188} INFO - [2026-05-07T06:13:58.976+0000] {dagbag.py:545} INFO - Filling up the DagBag from /home/airflow/.local/lib/python3.12/site-packages/airflow/example_dags/example_setup_teardown_taskflow.py
[2026-05-07T06:13:58.994+0000] {processor.py:840} INFO - DAG(s) 'example_setup_teardown_taskflow' retrieved from /home/airflow/.local/lib/python3.12/site-packages/airflow/example_dags/example_setup_teardown_taskflow.py
[2026-05-07T06:13:59.029+0000] {logging_mixin.py:188} INFO - [2026-05-07T06:13:59.029+0000] {dag.py:3089} INFO - Sync 1 DAGs
[2026-05-07T06:13:59.063+0000] {logging_mixin.py:188} INFO - [2026-05-07T06:13:59.063+0000] {dag.py:3947} INFO - Setting next_dagrun for example_setup_teardown_taskflow to 2026-05-06 00:00:00+00:00, run_after=2026-05-07 00:00:00+00:00
[2026-05-07T06:13:59.130+0000] {processor.py:183} INFO - Processing /home/airflow/.local/lib/python3.12/site-packages/airflow/example_dags/example_setup_teardown_taskflow.py took 0.167 seconds
[2026-05-07T06:14:29.735+0000] {processor.py:161} INFO - Started process (PID=13403) to work on /home/airflow/.local/lib/python3.12/site-packages/airflow/example_dags/example_setup_teardown_taskflow.py
[2026-05-07T06:14:29.737+0000] {processor.py:830} INFO - Processing file /home/airflow/.local/lib/python3.12/site-packages/airflow/example_dags/example_setup_teardown_taskflow.py for tasks to queue
[2026-05-07T06:14:29.738+0000] {logging_mixin.py:188} INFO - [2026-05-07T06:14:29.738+0000] {dagbag.py:545} INFO - Filling up the DagBag from /home/airflow/.local/lib/python3.12/site-packages/airflow/example_dags/example_setup_teardown_taskflow.py
[2026-05-07T06:14:29.753+0000] {processor.py:840} INFO - DAG(s) 'example_setup_teardown_taskflow' retrieved from /home/airflow/.local/lib/python3.12/site-packages/airflow/example_dags/example_setup_teardown_taskflow.py
[2026-05-07T06:14:29.779+0000] {logging_mixin.py:188} INFO - [2026-05-07T06:14:29.779+0000] {dag.py:3089} INFO - Sync 1 DAGs
[2026-05-07T06:14:29.807+0000] {logging_mixin.py:188} INFO - [2026-05-07T06:14:29.807+0000] {dag.py:3947} INFO - Setting next_dagrun for example_setup_teardown_taskflow to 2026-05-06 00:00:00+00:00, run_after=2026-05-07 00:00:00+00:00
[2026-05-07T06:14:29.852+0000] {processor.py:183} INFO - Processing /home/airflow/.local/lib/python3.12/site-packages/airflow/example_dags/example_setup_teardown_taskflow.py took 0.126 seconds
[2026-05-07T06:15:00.850+0000] {processor.py:161} INFO - Started process (PID=13471) to work on /home/airflow/.local/lib/python3.12/site-packages/airflow/example_dags/example_setup_teardown_taskflow.py
[2026-05-07T06:15:00.852+0000] {processor.py:830} INFO - Processing file /home/airflow/.local/lib/python3.12/site-packages/airflow/example_dags/example_setup_teardown_taskflow.py for tasks to queue
[2026-05-07T06:15:00.854+0000] {logging_mixin.py:188} INFO - [2026-05-07T06:15:00.853+0000] {dagbag.py:545} INFO - Filling up the DagBag from /home/airflow/.local/lib/python3.12/site-packages/airflow/example_dags/example_setup_teardown_taskflow.py
[2026-05-07T06:15:00.870+0000] {processor.py:840} INFO - DAG(s) 'example_setup_teardown_taskflow' retrieved from /home/airflow/.local/lib/python3.12/site-packages/airflow/example_dags/example_setup_teardown_taskflow.py
[2026-05-07T06:15:00.902+0000] {logging_mixin.py:188} INFO - [2026-05-07T06:15:00.901+0000] {dag.py:3089} INFO - Sync 1 DAGs
[2026-05-07T06:15:00.936+0000] {logging_mixin.py:188} INFO - [2026-05-07T06:15:00.935+0000] {dag.py:3947} INFO - Setting next_dagrun for example_setup_teardown_taskflow to 2026-05-06 00:00:00+00:00, run_after=2026-05-07 00:00:00+00:00
[2026-05-07T06:15:00.984+0000] {processor.py:183} INFO - Processing /home/airflow/.local/lib/python3.12/site-packages/airflow/example_dags/example_setup_teardown_taskflow.py took 0.153 seconds
[2026-05-07T06:15:31.433+0000] {processor.py:161} INFO - Started process (PID=13545) to work on /home/airflow/.local/lib/python3.12/site-packages/airflow/example_dags/example_setup_teardown_taskflow.py
[2026-05-07T06:15:31.434+0000] {processor.py:830} INFO - Processing file /home/airflow/.local/lib/python3.12/site-packages/airflow/example_dags/example_setup_teardown_taskflow.py for tasks to queue
[2026-05-07T06:15:31.436+0000] {logging_mixin.py:188} INFO - [2026-05-07T06:15:31.435+0000] {dagbag.py:545} INFO - Filling up the DagBag from /home/airflow/.local/lib/python3.12/site-packages/airflow/example_dags/example_setup_teardown_taskflow.py
[2026-05-07T06:15:31.449+0000] {processor.py:840} INFO - DAG(s) 'example_setup_teardown_taskflow' retrieved from /home/airflow/.local/lib/python3.12/site-packages/airflow/example_dags/example_setup_teardown_taskflow.py
[2026-05-07T06:15:31.483+0000] {logging_mixin.py:188} INFO - [2026-05-07T06:15:31.483+0000] {dag.py:3089} INFO - Sync 1 DAGs
[2026-05-07T06:15:31.512+0000] {logging_mixin.py:188} INFO - [2026-05-07T06:15:31.512+0000] {dag.py:3947} INFO - Setting next_dagrun for example_setup_teardown_taskflow to 2026-05-06 00:00:00+00:00, run_after=2026-05-07 00:00:00+00:00
[2026-05-07T06:15:31.542+0000] {processor.py:183} INFO - Processing /home/airflow/.local/lib/python3.12/site-packages/airflow/example_dags/example_setup_teardown_taskflow.py took 0.124 seconds
[2026-05-07T06:16:03.194+0000] {processor.py:161} INFO - Started process (PID=13614) to work on /home/airflow/.local/lib/python3.12/site-packages/airflow/example_dags/example_setup_teardown_taskflow.py
[2026-05-07T06:16:03.200+0000] {processor.py:830} INFO - Processing file /home/airflow/.local/lib/python3.12/site-packages/airflow/example_dags/example_setup_teardown_taskflow.py for tasks to queue
[2026-05-07T06:16:03.202+0000] {logging_mixin.py:188} INFO - [2026-05-07T06:16:03.201+0000] {dagbag.py:545} INFO - Filling up the DagBag from /home/airflow/.local/lib/python3.12/site-packages/airflow/example_dags/example_setup_teardown_taskflow.py
[2026-05-07T06:16:03.217+0000] {processor.py:840} INFO - DAG(s) 'example_setup_teardown_taskflow' retrieved from /home/airflow/.local/lib/python3.12/site-packages/airflow/example_dags/example_setup_teardown_taskflow.py
[2026-05-07T06:16:03.252+0000] {logging_mixin.py:188} INFO - [2026-05-07T06:16:03.252+0000] {dag.py:3089} INFO - Sync 1 DAGs
[2026-05-07T06:16:03.284+0000] {logging_mixin.py:188} INFO - [2026-05-07T06:16:03.283+0000] {dag.py:3947} INFO - Setting next_dagrun for example_setup_teardown_taskflow to 2026-05-06 00:00:00+00:00, run_after=2026-05-07 00:00:00+00:00
[2026-05-07T06:16:03.343+0000] {processor.py:183} INFO - Processing /home/airflow/.local/lib/python3.12/site-packages/airflow/example_dags/example_setup_teardown_taskflow.py took 0.160 seconds
[2026-05-07T06:16:33.908+0000] {processor.py:161} INFO - Started process (PID=13682) to work on /home/airflow/.local/lib/python3.12/site-packages/airflow/example_dags/example_setup_teardown_taskflow.py
[2026-05-07T06:16:33.910+0000] {processor.py:830} INFO - Processing file /home/airflow/.local/lib/python3.12/site-packages/airflow/example_dags/example_setup_teardown_taskflow.py for tasks to queue
[2026-05-07T06:16:33.912+0000] {logging_mixin.py:188} INFO - [2026-05-07T06:16:33.911+0000] {dagbag.py:545} INFO - Filling up the DagBag from /home/airflow/.local/lib/python3.12/site-packages/airflow/example_dags/example_setup_teardown_taskflow.py
[2026-05-07T06:16:33.926+0000] {processor.py:840} INFO - DAG(s) 'example_setup_teardown_taskflow' retrieved from /home/airflow/.local/lib/python3.12/site-packages/airflow/example_dags/example_setup_teardown_taskflow.py
[2026-05-07T06:16:33.956+0000] {logging_mixin.py:188} INFO - [2026-05-07T06:16:33.956+0000] {dag.py:3089} INFO - Sync 1 DAGs
[2026-05-07T06:16:33.986+0000] {logging_mixin.py:188} INFO - [2026-05-07T06:16:33.986+0000] {dag.py:3947} INFO - Setting next_dagrun for example_setup_teardown_taskflow to 2026-05-06 00:00:00+00:00, run_after=2026-05-07 00:00:00+00:00
[2026-05-07T06:16:34.048+0000] {processor.py:183} INFO - Processing /home/airflow/.local/lib/python3.12/site-packages/airflow/example_dags/example_setup_teardown_taskflow.py took 0.148 seconds
[2026-05-07T06:17:04.203+0000] {processor.py:161} INFO - Started process (PID=13750) to work on /home/airflow/.local/lib/python3.12/site-packages/airflow/example_dags/example_setup_teardown_taskflow.py
[2026-05-07T06:17:04.211+0000] {processor.py:830} INFO - Processing file /home/airflow/.local/lib/python3.12/site-packages/airflow/example_dags/example_setup_teardown_taskflow.py for tasks to queue
[2026-05-07T06:17:04.231+0000] {logging_mixin.py:188} INFO - [2026-05-07T06:17:04.231+0000] {dagbag.py:545} INFO - Filling up the DagBag from /home/airflow/.local/lib/python3.12/site-packages/airflow/example_dags/example_setup_teardown_taskflow.py
[2026-05-07T06:17:04.251+0000] {processor.py:840} INFO - DAG(s) 'example_setup_teardown_taskflow' retrieved from /home/airflow/.local/lib/python3.12/site-packages/airflow/example_dags/example_setup_teardown_taskflow.py
[2026-05-07T06:17:04.290+0000] {logging_mixin.py:188} INFO - [2026-05-07T06:17:04.289+0000] {dag.py:3089} INFO - Sync 1 DAGs
[2026-05-07T06:17:04.327+0000] {logging_mixin.py:188} INFO - [2026-05-07T06:17:04.327+0000] {dag.py:3947} INFO - Setting next_dagrun for example_setup_teardown_taskflow to 2026-05-06 00:00:00+00:00, run_after=2026-05-07 00:00:00+00:00
[2026-05-07T06:17:04.394+0000] {processor.py:183} INFO - Processing /home/airflow/.local/lib/python3.12/site-packages/airflow/example_dags/example_setup_teardown_taskflow.py took 0.201 seconds
[2026-05-07T06:17:35.171+0000] {processor.py:161} INFO - Started process (PID=13818) to work on /home/airflow/.local/lib/python3.12/site-packages/airflow/example_dags/example_setup_teardown_taskflow.py
[2026-05-07T06:17:35.173+0000] {processor.py:830} INFO - Processing file /home/airflow/.local/lib/python3.12/site-packages/airflow/example_dags/example_setup_teardown_taskflow.py for tasks to queue
[2026-05-07T06:17:35.176+0000] {logging_mixin.py:188} INFO - [2026-05-07T06:17:35.175+0000] {dagbag.py:545} INFO - Filling up the DagBag from /home/airflow/.local/lib/python3.12/site-packages/airflow/example_dags/example_setup_teardown_taskflow.py
[2026-05-07T06:17:35.194+0000] {processor.py:840} INFO - DAG(s) 'example_setup_teardown_taskflow' retrieved from /home/airflow/.local/lib/python3.12/site-packages/airflow/example_dags/example_setup_teardown_taskflow.py
[2026-05-07T06:17:35.231+0000] {logging_mixin.py:188} INFO - [2026-05-07T06:17:35.230+0000] {dag.py:3089} INFO - Sync 1 DAGs
[2026-05-07T06:17:35.267+0000] {logging_mixin.py:188} INFO - [2026-05-07T06:17:35.266+0000] {dag.py:3947} INFO - Setting next_dagrun for example_setup_teardown_taskflow to 2026-05-06 00:00:00+00:00, run_after=2026-05-07 00:00:00+00:00
[2026-05-07T06:17:35.303+0000] {processor.py:183} INFO - Processing /home/airflow/.local/lib/python3.12/site-packages/airflow/example_dags/example_setup_teardown_taskflow.py took 0.143 seconds
[2026-05-07T06:18:05.774+0000] {processor.py:161} INFO - Started process (PID=13894) to work on /home/airflow/.local/lib/python3.12/site-packages/airflow/example_dags/example_setup_teardown_taskflow.py
[2026-05-07T06:18:05.777+0000] {processor.py:830} INFO - Processing file /home/airflow/.local/lib/python3.12/site-packages/airflow/example_dags/example_setup_teardown_taskflow.py for tasks to queue
[2026-05-07T06:18:05.779+0000] {logging_mixin.py:188} INFO - [2026-05-07T06:18:05.779+0000] {dagbag.py:545} INFO - Filling up the DagBag from /home/airflow/.local/lib/python3.12/site-packages/airflow/example_dags/example_setup_teardown_taskflow.py
[2026-05-07T06:18:05.797+0000] {processor.py:840} INFO - DAG(s) 'example_setup_teardown_taskflow' retrieved from /home/airflow/.local/lib/python3.12/site-packages/airflow/example_dags/example_setup_teardown_taskflow.py
[2026-05-07T06:18:05.836+0000] {logging_mixin.py:188} INFO - [2026-05-07T06:18:05.835+0000] {dag.py:3089} INFO - Sync 1 DAGs
[2026-05-07T06:18:05.868+0000] {logging_mixin.py:188} INFO - [2026-05-07T06:18:05.868+0000] {dag.py:3947} INFO - Setting next_dagrun for example_setup_teardown_taskflow to 2026-05-06 00:00:00+00:00, run_after=2026-05-07 00:00:00+00:00
[2026-05-07T06:18:05.930+0000] {processor.py:183} INFO - Processing /home/airflow/.local/lib/python3.12/site-packages/airflow/example_dags/example_setup_teardown_taskflow.py took 0.171 seconds
[2026-05-07T06:18:36.319+0000] {processor.py:161} INFO - Started process (PID=13961) to work on /home/airflow/.local/lib/python3.12/site-packages/airflow/example_dags/example_setup_teardown_taskflow.py
[2026-05-07T06:18:36.321+0000] {processor.py:830} INFO - Processing file /home/airflow/.local/lib/python3.12/site-packages/airflow/example_dags/example_setup_teardown_taskflow.py for tasks to queue
[2026-05-07T06:18:36.323+0000] {logging_mixin.py:188} INFO - [2026-05-07T06:18:36.323+0000] {dagbag.py:545} INFO - Filling up the DagBag from /home/airflow/.local/lib/python3.12/site-packages/airflow/example_dags/example_setup_teardown_taskflow.py
[2026-05-07T06:18:36.341+0000] {processor.py:840} INFO - DAG(s) 'example_setup_teardown_taskflow' retrieved from /home/airflow/.local/lib/python3.12/site-packages/airflow/example_dags/example_setup_teardown_taskflow.py
[2026-05-07T06:18:36.390+0000] {logging_mixin.py:188} INFO - [2026-05-07T06:18:36.390+0000] {dag.py:3089} INFO - Sync 1 DAGs
[2026-05-07T06:18:36.434+0000] {logging_mixin.py:188} INFO - [2026-05-07T06:18:36.434+0000] {dag.py:3947} INFO - Setting next_dagrun for example_setup_teardown_taskflow to 2026-05-06 00:00:00+00:00, run_after=2026-05-07 00:00:00+00:00
[2026-05-07T06:18:36.482+0000] {processor.py:183} INFO - Processing /home/airflow/.local/lib/python3.12/site-packages/airflow/example_dags/example_setup_teardown_taskflow.py took 0.172 seconds
[2026-05-07T06:19:07.587+0000] {processor.py:161} INFO - Started process (PID=14029) to work on /home/airflow/.local/lib/python3.12/site-packages/airflow/example_dags/example_setup_teardown_taskflow.py
[2026-05-07T06:19:07.590+0000] {processor.py:830} INFO - Processing file /home/airflow/.local/lib/python3.12/site-packages/airflow/example_dags/example_setup_teardown_taskflow.py for tasks to queue
[2026-05-07T06:19:07.593+0000] {logging_mixin.py:188} INFO - [2026-05-07T06:19:07.592+0000] {dagbag.py:545} INFO - Filling up the DagBag from /home/airflow/.local/lib/python3.12/site-packages/airflow/example_dags/example_setup_teardown_taskflow.py
[2026-05-07T06:19:07.616+0000] {processor.py:840} INFO - DAG(s) 'example_setup_teardown_taskflow' retrieved from /home/airflow/.local/lib/python3.12/site-packages/airflow/example_dags/example_setup_teardown_taskflow.py
[2026-05-07T06:19:07.667+0000] {logging_mixin.py:188} INFO - [2026-05-07T06:19:07.666+0000] {dag.py:3089} INFO - Sync 1 DAGs
[2026-05-07T06:19:07.706+0000] {logging_mixin.py:188} INFO - [2026-05-07T06:19:07.706+0000] {dag.py:3947} INFO - Setting next_dagrun for example_setup_teardown_taskflow to 2026-05-06 00:00:00+00:00, run_after=2026-05-07 00:00:00+00:00
[2026-05-07T06:19:07.774+0000] {processor.py:183} INFO - Processing /home/airflow/.local/lib/python3.12/site-packages/airflow/example_dags/example_setup_teardown_taskflow.py took 0.203 seconds
[2026-05-07T06:19:38.568+0000] {processor.py:161} INFO - Started process (PID=14097) to work on /home/airflow/.local/lib/python3.12/site-packages/airflow/example_dags/example_setup_teardown_taskflow.py
[2026-05-07T06:19:38.602+0000] {processor.py:830} INFO - Processing file /home/airflow/.local/lib/python3.12/site-packages/airflow/example_dags/example_setup_teardown_taskflow.py for tasks to queue
[2026-05-07T06:19:38.607+0000] {logging_mixin.py:188} INFO - [2026-05-07T06:19:38.606+0000] {dagbag.py:545} INFO - Filling up the DagBag from /home/airflow/.local/lib/python3.12/site-packages/airflow/example_dags/example_setup_teardown_taskflow.py
[2026-05-07T06:19:38.630+0000] {processor.py:840} INFO - DAG(s) 'example_setup_teardown_taskflow' retrieved from /home/airflow/.local/lib/python3.12/site-packages/airflow/example_dags/example_setup_teardown_taskflow.py
[2026-05-07T06:19:38.682+0000] {logging_mixin.py:188} INFO - [2026-05-07T06:19:38.681+0000] {dag.py:3089} INFO - Sync 1 DAGs
[2026-05-07T06:19:38.714+0000] {logging_mixin.py:188} INFO - [2026-05-07T06:19:38.714+0000] {dag.py:3947} INFO - Setting next_dagrun for example_setup_teardown_taskflow to 2026-05-06 00:00:00+00:00, run_after=2026-05-07 00:00:00+00:00
[2026-05-07T06:19:38.951+0000] {processor.py:183} INFO - Processing /home/airflow/.local/lib/python3.12/site-packages/airflow/example_dags/example_setup_teardown_taskflow.py took 0.396 seconds
[2026-05-07T06:20:09.461+0000] {processor.py:161} INFO - Started process (PID=14165) to work on /home/airflow/.local/lib/python3.12/site-packages/airflow/example_dags/example_setup_teardown_taskflow.py
[2026-05-07T06:20:09.464+0000] {processor.py:830} INFO - Processing file /home/airflow/.local/lib/python3.12/site-packages/airflow/example_dags/example_setup_teardown_taskflow.py for tasks to queue
[2026-05-07T06:20:09.467+0000] {logging_mixin.py:188} INFO - [2026-05-07T06:20:09.466+0000] {dagbag.py:545} INFO - Filling up the DagBag from /home/airflow/.local/lib/python3.12/site-packages/airflow/example_dags/example_setup_teardown_taskflow.py
[2026-05-07T06:20:09.488+0000] {processor.py:840} INFO - DAG(s) 'example_setup_teardown_taskflow' retrieved from /home/airflow/.local/lib/python3.12/site-packages/airflow/example_dags/example_setup_teardown_taskflow.py
[2026-05-07T06:20:09.537+0000] {logging_mixin.py:188} INFO - [2026-05-07T06:20:09.536+0000] {dag.py:3089} INFO - Sync 1 DAGs
[2026-05-07T06:20:09.574+0000] {logging_mixin.py:188} INFO - [2026-05-07T06:20:09.573+0000] {dag.py:3947} INFO - Setting next_dagrun for example_setup_teardown_taskflow to 2026-05-06 00:00:00+00:00, run_after=2026-05-07 00:00:00+00:00
[2026-05-07T06:20:09.638+0000] {processor.py:183} INFO - Processing /home/airflow/.local/lib/python3.12/site-packages/airflow/example_dags/example_setup_teardown_taskflow.py took 0.192 seconds
