[2026-05-07T04:50:03.899+0000] {processor.py:161} INFO - Started process (PID=11920) to work on /home/airflow/.local/lib/python3.12/site-packages/airflow/example_dags/example_params_trigger_ui.py
[2026-05-07T04:50:03.900+0000] {processor.py:830} INFO - Processing file /home/airflow/.local/lib/python3.12/site-packages/airflow/example_dags/example_params_trigger_ui.py for tasks to queue
[2026-05-07T04:50:03.902+0000] {logging_mixin.py:188} INFO - [2026-05-07T04:50:03.901+0000] {dagbag.py:545} INFO - Filling up the DagBag from /home/airflow/.local/lib/python3.12/site-packages/airflow/example_dags/example_params_trigger_ui.py
[2026-05-07T04:50:03.921+0000] {processor.py:840} INFO - DAG(s) 'example_params_trigger_ui' retrieved from /home/airflow/.local/lib/python3.12/site-packages/airflow/example_dags/example_params_trigger_ui.py
[2026-05-07T04:50:03.992+0000] {logging_mixin.py:188} INFO - [2026-05-07T04:50:03.991+0000] {dag.py:3089} INFO - Sync 1 DAGs
[2026-05-07T04:50:04.006+0000] {logging_mixin.py:188} INFO - [2026-05-07T04:50:04.004+0000] {dag.py:3947} INFO - Setting next_dagrun for example_params_trigger_ui to None, run_after=None
[2026-05-07T04:50:04.031+0000] {processor.py:183} INFO - Processing /home/airflow/.local/lib/python3.12/site-packages/airflow/example_dags/example_params_trigger_ui.py took 0.139 seconds
[2026-05-07T04:50:34.256+0000] {processor.py:161} INFO - Started process (PID=11988) to work on /home/airflow/.local/lib/python3.12/site-packages/airflow/example_dags/example_params_trigger_ui.py
[2026-05-07T04:50:34.258+0000] {processor.py:830} INFO - Processing file /home/airflow/.local/lib/python3.12/site-packages/airflow/example_dags/example_params_trigger_ui.py for tasks to queue
[2026-05-07T04:50:34.260+0000] {logging_mixin.py:188} INFO - [2026-05-07T04:50:34.259+0000] {dagbag.py:545} INFO - Filling up the DagBag from /home/airflow/.local/lib/python3.12/site-packages/airflow/example_dags/example_params_trigger_ui.py
[2026-05-07T04:50:34.275+0000] {processor.py:840} INFO - DAG(s) 'example_params_trigger_ui' retrieved from /home/airflow/.local/lib/python3.12/site-packages/airflow/example_dags/example_params_trigger_ui.py
[2026-05-07T04:50:34.327+0000] {logging_mixin.py:188} INFO - [2026-05-07T04:50:34.327+0000] {dag.py:3089} INFO - Sync 1 DAGs
[2026-05-07T04:50:34.351+0000] {logging_mixin.py:188} INFO - [2026-05-07T04:50:34.350+0000] {dag.py:3947} INFO - Setting next_dagrun for example_params_trigger_ui to None, run_after=None
[2026-05-07T04:50:34.379+0000] {processor.py:183} INFO - Processing /home/airflow/.local/lib/python3.12/site-packages/airflow/example_dags/example_params_trigger_ui.py took 0.136 seconds
[2026-05-07T04:51:04.484+0000] {processor.py:161} INFO - Started process (PID=12056) to work on /home/airflow/.local/lib/python3.12/site-packages/airflow/example_dags/example_params_trigger_ui.py
[2026-05-07T04:51:04.487+0000] {processor.py:830} INFO - Processing file /home/airflow/.local/lib/python3.12/site-packages/airflow/example_dags/example_params_trigger_ui.py for tasks to queue
[2026-05-07T04:51:04.489+0000] {logging_mixin.py:188} INFO - [2026-05-07T04:51:04.488+0000] {dagbag.py:545} INFO - Filling up the DagBag from /home/airflow/.local/lib/python3.12/site-packages/airflow/example_dags/example_params_trigger_ui.py
[2026-05-07T04:51:04.500+0000] {processor.py:840} INFO - DAG(s) 'example_params_trigger_ui' retrieved from /home/airflow/.local/lib/python3.12/site-packages/airflow/example_dags/example_params_trigger_ui.py
[2026-05-07T04:51:04.550+0000] {logging_mixin.py:188} INFO - [2026-05-07T04:51:04.550+0000] {dag.py:3089} INFO - Sync 1 DAGs
[2026-05-07T04:51:04.575+0000] {logging_mixin.py:188} INFO - [2026-05-07T04:51:04.575+0000] {dag.py:3947} INFO - Setting next_dagrun for example_params_trigger_ui to None, run_after=None
[2026-05-07T04:51:04.594+0000] {processor.py:183} INFO - Processing /home/airflow/.local/lib/python3.12/site-packages/airflow/example_dags/example_params_trigger_ui.py took 0.124 seconds
[2026-05-07T04:51:34.974+0000] {processor.py:161} INFO - Started process (PID=12131) to work on /home/airflow/.local/lib/python3.12/site-packages/airflow/example_dags/example_params_trigger_ui.py
[2026-05-07T04:51:34.975+0000] {processor.py:830} INFO - Processing file /home/airflow/.local/lib/python3.12/site-packages/airflow/example_dags/example_params_trigger_ui.py for tasks to queue
[2026-05-07T04:51:34.977+0000] {logging_mixin.py:188} INFO - [2026-05-07T04:51:34.976+0000] {dagbag.py:545} INFO - Filling up the DagBag from /home/airflow/.local/lib/python3.12/site-packages/airflow/example_dags/example_params_trigger_ui.py
[2026-05-07T04:51:34.990+0000] {processor.py:840} INFO - DAG(s) 'example_params_trigger_ui' retrieved from /home/airflow/.local/lib/python3.12/site-packages/airflow/example_dags/example_params_trigger_ui.py
[2026-05-07T04:51:35.025+0000] {logging_mixin.py:188} INFO - [2026-05-07T04:51:35.025+0000] {dag.py:3089} INFO - Sync 1 DAGs
[2026-05-07T04:51:35.035+0000] {logging_mixin.py:188} INFO - [2026-05-07T04:51:35.035+0000] {dag.py:3947} INFO - Setting next_dagrun for example_params_trigger_ui to None, run_after=None
[2026-05-07T04:51:35.060+0000] {processor.py:183} INFO - Processing /home/airflow/.local/lib/python3.12/site-packages/airflow/example_dags/example_params_trigger_ui.py took 0.092 seconds
[2026-05-07T04:52:05.885+0000] {processor.py:161} INFO - Started process (PID=12199) to work on /home/airflow/.local/lib/python3.12/site-packages/airflow/example_dags/example_params_trigger_ui.py
[2026-05-07T04:52:05.886+0000] {processor.py:830} INFO - Processing file /home/airflow/.local/lib/python3.12/site-packages/airflow/example_dags/example_params_trigger_ui.py for tasks to queue
[2026-05-07T04:52:05.888+0000] {logging_mixin.py:188} INFO - [2026-05-07T04:52:05.887+0000] {dagbag.py:545} INFO - Filling up the DagBag from /home/airflow/.local/lib/python3.12/site-packages/airflow/example_dags/example_params_trigger_ui.py
[2026-05-07T04:52:05.899+0000] {processor.py:840} INFO - DAG(s) 'example_params_trigger_ui' retrieved from /home/airflow/.local/lib/python3.12/site-packages/airflow/example_dags/example_params_trigger_ui.py
[2026-05-07T04:52:05.937+0000] {logging_mixin.py:188} INFO - [2026-05-07T04:52:05.936+0000] {dag.py:3089} INFO - Sync 1 DAGs
[2026-05-07T04:52:05.948+0000] {logging_mixin.py:188} INFO - [2026-05-07T04:52:05.948+0000] {dag.py:3947} INFO - Setting next_dagrun for example_params_trigger_ui to None, run_after=None
[2026-05-07T04:52:05.976+0000] {processor.py:183} INFO - Processing /home/airflow/.local/lib/python3.12/site-packages/airflow/example_dags/example_params_trigger_ui.py took 0.096 seconds
[2026-05-07T04:52:36.184+0000] {processor.py:161} INFO - Started process (PID=12274) to work on /home/airflow/.local/lib/python3.12/site-packages/airflow/example_dags/example_params_trigger_ui.py
[2026-05-07T04:52:36.186+0000] {processor.py:830} INFO - Processing file /home/airflow/.local/lib/python3.12/site-packages/airflow/example_dags/example_params_trigger_ui.py for tasks to queue
[2026-05-07T04:52:36.187+0000] {logging_mixin.py:188} INFO - [2026-05-07T04:52:36.187+0000] {dagbag.py:545} INFO - Filling up the DagBag from /home/airflow/.local/lib/python3.12/site-packages/airflow/example_dags/example_params_trigger_ui.py
[2026-05-07T04:52:36.204+0000] {processor.py:840} INFO - DAG(s) 'example_params_trigger_ui' retrieved from /home/airflow/.local/lib/python3.12/site-packages/airflow/example_dags/example_params_trigger_ui.py
[2026-05-07T04:52:36.235+0000] {logging_mixin.py:188} INFO - [2026-05-07T04:52:36.235+0000] {dag.py:3089} INFO - Sync 1 DAGs
[2026-05-07T04:52:36.246+0000] {logging_mixin.py:188} INFO - [2026-05-07T04:52:36.246+0000] {dag.py:3947} INFO - Setting next_dagrun for example_params_trigger_ui to None, run_after=None
[2026-05-07T04:52:36.265+0000] {processor.py:183} INFO - Processing /home/airflow/.local/lib/python3.12/site-packages/airflow/example_dags/example_params_trigger_ui.py took 0.093 seconds
[2026-05-07T04:53:06.519+0000] {processor.py:161} INFO - Started process (PID=12342) to work on /home/airflow/.local/lib/python3.12/site-packages/airflow/example_dags/example_params_trigger_ui.py
[2026-05-07T04:53:06.520+0000] {processor.py:830} INFO - Processing file /home/airflow/.local/lib/python3.12/site-packages/airflow/example_dags/example_params_trigger_ui.py for tasks to queue
[2026-05-07T04:53:06.521+0000] {logging_mixin.py:188} INFO - [2026-05-07T04:53:06.521+0000] {dagbag.py:545} INFO - Filling up the DagBag from /home/airflow/.local/lib/python3.12/site-packages/airflow/example_dags/example_params_trigger_ui.py
[2026-05-07T04:53:06.532+0000] {processor.py:840} INFO - DAG(s) 'example_params_trigger_ui' retrieved from /home/airflow/.local/lib/python3.12/site-packages/airflow/example_dags/example_params_trigger_ui.py
[2026-05-07T04:53:06.563+0000] {logging_mixin.py:188} INFO - [2026-05-07T04:53:06.563+0000] {dag.py:3089} INFO - Sync 1 DAGs
[2026-05-07T04:53:06.586+0000] {logging_mixin.py:188} INFO - [2026-05-07T04:53:06.585+0000] {dag.py:3947} INFO - Setting next_dagrun for example_params_trigger_ui to None, run_after=None
[2026-05-07T04:53:06.621+0000] {processor.py:183} INFO - Processing /home/airflow/.local/lib/python3.12/site-packages/airflow/example_dags/example_params_trigger_ui.py took 0.111 seconds
[2026-05-07T04:55:33.889+0000] {processor.py:161} INFO - Started process (PID=12399) to work on /home/airflow/.local/lib/python3.12/site-packages/airflow/example_dags/example_params_trigger_ui.py
[2026-05-07T04:55:33.891+0000] {processor.py:830} INFO - Processing file /home/airflow/.local/lib/python3.12/site-packages/airflow/example_dags/example_params_trigger_ui.py for tasks to queue
[2026-05-07T04:55:33.893+0000] {logging_mixin.py:188} INFO - [2026-05-07T04:55:33.892+0000] {dagbag.py:545} INFO - Filling up the DagBag from /home/airflow/.local/lib/python3.12/site-packages/airflow/example_dags/example_params_trigger_ui.py
[2026-05-07T04:55:33.914+0000] {processor.py:840} INFO - DAG(s) 'example_params_trigger_ui' retrieved from /home/airflow/.local/lib/python3.12/site-packages/airflow/example_dags/example_params_trigger_ui.py
[2026-05-07T04:55:33.976+0000] {logging_mixin.py:188} INFO - [2026-05-07T04:55:33.976+0000] {dag.py:3089} INFO - Sync 1 DAGs
[2026-05-07T04:55:33.996+0000] {logging_mixin.py:188} INFO - [2026-05-07T04:55:33.995+0000] {dag.py:3947} INFO - Setting next_dagrun for example_params_trigger_ui to None, run_after=None
[2026-05-07T04:55:34.031+0000] {processor.py:183} INFO - Processing /home/airflow/.local/lib/python3.12/site-packages/airflow/example_dags/example_params_trigger_ui.py took 0.153 seconds
[2026-05-07T05:20:13.696+0000] {processor.py:161} INFO - Started process (PID=12447) to work on /home/airflow/.local/lib/python3.12/site-packages/airflow/example_dags/example_params_trigger_ui.py
[2026-05-07T05:20:13.698+0000] {processor.py:830} INFO - Processing file /home/airflow/.local/lib/python3.12/site-packages/airflow/example_dags/example_params_trigger_ui.py for tasks to queue
[2026-05-07T05:20:13.700+0000] {logging_mixin.py:188} INFO - [2026-05-07T05:20:13.699+0000] {dagbag.py:545} INFO - Filling up the DagBag from /home/airflow/.local/lib/python3.12/site-packages/airflow/example_dags/example_params_trigger_ui.py
[2026-05-07T05:20:13.707+0000] {processor.py:840} INFO - DAG(s) 'example_params_trigger_ui' retrieved from /home/airflow/.local/lib/python3.12/site-packages/airflow/example_dags/example_params_trigger_ui.py
[2026-05-07T05:20:13.741+0000] {logging_mixin.py:188} INFO - [2026-05-07T05:20:13.740+0000] {dag.py:3089} INFO - Sync 1 DAGs
[2026-05-07T05:20:13.750+0000] {logging_mixin.py:188} INFO - [2026-05-07T05:20:13.750+0000] {dag.py:3947} INFO - Setting next_dagrun for example_params_trigger_ui to None, run_after=None
[2026-05-07T05:20:13.775+0000] {processor.py:183} INFO - Processing /home/airflow/.local/lib/python3.12/site-packages/airflow/example_dags/example_params_trigger_ui.py took 0.083 seconds
[2026-05-07T06:07:43.362+0000] {processor.py:161} INFO - Started process (PID=12474) to work on /home/airflow/.local/lib/python3.12/site-packages/airflow/example_dags/example_params_trigger_ui.py
[2026-05-07T06:07:43.364+0000] {processor.py:830} INFO - Processing file /home/airflow/.local/lib/python3.12/site-packages/airflow/example_dags/example_params_trigger_ui.py for tasks to queue
[2026-05-07T06:07:43.366+0000] {logging_mixin.py:188} INFO - [2026-05-07T06:07:43.365+0000] {dagbag.py:545} INFO - Filling up the DagBag from /home/airflow/.local/lib/python3.12/site-packages/airflow/example_dags/example_params_trigger_ui.py
[2026-05-07T06:07:43.381+0000] {processor.py:840} INFO - DAG(s) 'example_params_trigger_ui' retrieved from /home/airflow/.local/lib/python3.12/site-packages/airflow/example_dags/example_params_trigger_ui.py
[2026-05-07T06:07:43.439+0000] {logging_mixin.py:188} INFO - [2026-05-07T06:07:43.438+0000] {dag.py:3089} INFO - Sync 1 DAGs
[2026-05-07T06:07:43.460+0000] {logging_mixin.py:188} INFO - [2026-05-07T06:07:43.459+0000] {dag.py:3947} INFO - Setting next_dagrun for example_params_trigger_ui to None, run_after=None
[2026-05-07T06:07:43.494+0000] {processor.py:183} INFO - Processing /home/airflow/.local/lib/python3.12/site-packages/airflow/example_dags/example_params_trigger_ui.py took 0.140 seconds
[2026-05-07T06:08:14.500+0000] {processor.py:161} INFO - Started process (PID=12542) to work on /home/airflow/.local/lib/python3.12/site-packages/airflow/example_dags/example_params_trigger_ui.py
[2026-05-07T06:08:14.504+0000] {processor.py:830} INFO - Processing file /home/airflow/.local/lib/python3.12/site-packages/airflow/example_dags/example_params_trigger_ui.py for tasks to queue
[2026-05-07T06:08:14.506+0000] {logging_mixin.py:188} INFO - [2026-05-07T06:08:14.506+0000] {dagbag.py:545} INFO - Filling up the DagBag from /home/airflow/.local/lib/python3.12/site-packages/airflow/example_dags/example_params_trigger_ui.py
[2026-05-07T06:08:14.528+0000] {processor.py:840} INFO - DAG(s) 'example_params_trigger_ui' retrieved from /home/airflow/.local/lib/python3.12/site-packages/airflow/example_dags/example_params_trigger_ui.py
[2026-05-07T06:08:14.587+0000] {logging_mixin.py:188} INFO - [2026-05-07T06:08:14.587+0000] {dag.py:3089} INFO - Sync 1 DAGs
[2026-05-07T06:08:14.611+0000] {logging_mixin.py:188} INFO - [2026-05-07T06:08:14.611+0000] {dag.py:3947} INFO - Setting next_dagrun for example_params_trigger_ui to None, run_after=None
[2026-05-07T06:08:14.649+0000] {processor.py:183} INFO - Processing /home/airflow/.local/lib/python3.12/site-packages/airflow/example_dags/example_params_trigger_ui.py took 0.162 seconds
[2026-05-07T06:08:45.085+0000] {processor.py:161} INFO - Started process (PID=12610) to work on /home/airflow/.local/lib/python3.12/site-packages/airflow/example_dags/example_params_trigger_ui.py
[2026-05-07T06:08:45.089+0000] {processor.py:830} INFO - Processing file /home/airflow/.local/lib/python3.12/site-packages/airflow/example_dags/example_params_trigger_ui.py for tasks to queue
[2026-05-07T06:08:45.107+0000] {logging_mixin.py:188} INFO - [2026-05-07T06:08:45.105+0000] {dagbag.py:545} INFO - Filling up the DagBag from /home/airflow/.local/lib/python3.12/site-packages/airflow/example_dags/example_params_trigger_ui.py
[2026-05-07T06:08:45.172+0000] {processor.py:840} INFO - DAG(s) 'example_params_trigger_ui' retrieved from /home/airflow/.local/lib/python3.12/site-packages/airflow/example_dags/example_params_trigger_ui.py
[2026-05-07T06:08:45.280+0000] {logging_mixin.py:188} INFO - [2026-05-07T06:08:45.280+0000] {dag.py:3089} INFO - Sync 1 DAGs
[2026-05-07T06:08:45.350+0000] {logging_mixin.py:188} INFO - [2026-05-07T06:08:45.349+0000] {dag.py:3947} INFO - Setting next_dagrun for example_params_trigger_ui to None, run_after=None
[2026-05-07T06:08:45.429+0000] {processor.py:183} INFO - Processing /home/airflow/.local/lib/python3.12/site-packages/airflow/example_dags/example_params_trigger_ui.py took 0.353 seconds
[2026-05-07T06:09:15.882+0000] {processor.py:161} INFO - Started process (PID=12678) to work on /home/airflow/.local/lib/python3.12/site-packages/airflow/example_dags/example_params_trigger_ui.py
[2026-05-07T06:09:15.884+0000] {processor.py:830} INFO - Processing file /home/airflow/.local/lib/python3.12/site-packages/airflow/example_dags/example_params_trigger_ui.py for tasks to queue
[2026-05-07T06:09:15.885+0000] {logging_mixin.py:188} INFO - [2026-05-07T06:09:15.885+0000] {dagbag.py:545} INFO - Filling up the DagBag from /home/airflow/.local/lib/python3.12/site-packages/airflow/example_dags/example_params_trigger_ui.py
[2026-05-07T06:09:15.902+0000] {processor.py:840} INFO - DAG(s) 'example_params_trigger_ui' retrieved from /home/airflow/.local/lib/python3.12/site-packages/airflow/example_dags/example_params_trigger_ui.py
[2026-05-07T06:09:15.958+0000] {logging_mixin.py:188} INFO - [2026-05-07T06:09:15.957+0000] {dag.py:3089} INFO - Sync 1 DAGs
[2026-05-07T06:09:15.976+0000] {logging_mixin.py:188} INFO - [2026-05-07T06:09:15.975+0000] {dag.py:3947} INFO - Setting next_dagrun for example_params_trigger_ui to None, run_after=None
[2026-05-07T06:09:16.037+0000] {processor.py:183} INFO - Processing /home/airflow/.local/lib/python3.12/site-packages/airflow/example_dags/example_params_trigger_ui.py took 0.165 seconds
[2026-05-07T06:09:46.481+0000] {processor.py:161} INFO - Started process (PID=12746) to work on /home/airflow/.local/lib/python3.12/site-packages/airflow/example_dags/example_params_trigger_ui.py
[2026-05-07T06:09:46.482+0000] {processor.py:830} INFO - Processing file /home/airflow/.local/lib/python3.12/site-packages/airflow/example_dags/example_params_trigger_ui.py for tasks to queue
[2026-05-07T06:09:46.484+0000] {logging_mixin.py:188} INFO - [2026-05-07T06:09:46.483+0000] {dagbag.py:545} INFO - Filling up the DagBag from /home/airflow/.local/lib/python3.12/site-packages/airflow/example_dags/example_params_trigger_ui.py
[2026-05-07T06:09:46.500+0000] {processor.py:840} INFO - DAG(s) 'example_params_trigger_ui' retrieved from /home/airflow/.local/lib/python3.12/site-packages/airflow/example_dags/example_params_trigger_ui.py
[2026-05-07T06:09:46.562+0000] {logging_mixin.py:188} INFO - [2026-05-07T06:09:46.561+0000] {dag.py:3089} INFO - Sync 1 DAGs
[2026-05-07T06:09:46.582+0000] {logging_mixin.py:188} INFO - [2026-05-07T06:09:46.582+0000] {dag.py:3947} INFO - Setting next_dagrun for example_params_trigger_ui to None, run_after=None
[2026-05-07T06:09:46.617+0000] {processor.py:183} INFO - Processing /home/airflow/.local/lib/python3.12/site-packages/airflow/example_dags/example_params_trigger_ui.py took 0.146 seconds
[2026-05-07T06:10:17.441+0000] {processor.py:161} INFO - Started process (PID=12814) to work on /home/airflow/.local/lib/python3.12/site-packages/airflow/example_dags/example_params_trigger_ui.py
[2026-05-07T06:10:17.443+0000] {processor.py:830} INFO - Processing file /home/airflow/.local/lib/python3.12/site-packages/airflow/example_dags/example_params_trigger_ui.py for tasks to queue
[2026-05-07T06:10:17.450+0000] {logging_mixin.py:188} INFO - [2026-05-07T06:10:17.449+0000] {dagbag.py:545} INFO - Filling up the DagBag from /home/airflow/.local/lib/python3.12/site-packages/airflow/example_dags/example_params_trigger_ui.py
[2026-05-07T06:10:17.473+0000] {processor.py:840} INFO - DAG(s) 'example_params_trigger_ui' retrieved from /home/airflow/.local/lib/python3.12/site-packages/airflow/example_dags/example_params_trigger_ui.py
[2026-05-07T06:10:17.526+0000] {logging_mixin.py:188} INFO - [2026-05-07T06:10:17.525+0000] {dag.py:3089} INFO - Sync 1 DAGs
[2026-05-07T06:10:17.552+0000] {logging_mixin.py:188} INFO - [2026-05-07T06:10:17.552+0000] {dag.py:3947} INFO - Setting next_dagrun for example_params_trigger_ui to None, run_after=None
[2026-05-07T06:10:17.613+0000] {processor.py:183} INFO - Processing /home/airflow/.local/lib/python3.12/site-packages/airflow/example_dags/example_params_trigger_ui.py took 0.183 seconds
[2026-05-07T06:10:47.969+0000] {processor.py:161} INFO - Started process (PID=12882) to work on /home/airflow/.local/lib/python3.12/site-packages/airflow/example_dags/example_params_trigger_ui.py
[2026-05-07T06:10:47.978+0000] {processor.py:830} INFO - Processing file /home/airflow/.local/lib/python3.12/site-packages/airflow/example_dags/example_params_trigger_ui.py for tasks to queue
[2026-05-07T06:10:47.980+0000] {logging_mixin.py:188} INFO - [2026-05-07T06:10:47.980+0000] {dagbag.py:545} INFO - Filling up the DagBag from /home/airflow/.local/lib/python3.12/site-packages/airflow/example_dags/example_params_trigger_ui.py
[2026-05-07T06:10:48.008+0000] {processor.py:840} INFO - DAG(s) 'example_params_trigger_ui' retrieved from /home/airflow/.local/lib/python3.12/site-packages/airflow/example_dags/example_params_trigger_ui.py
[2026-05-07T06:10:48.088+0000] {logging_mixin.py:188} INFO - [2026-05-07T06:10:48.087+0000] {dag.py:3089} INFO - Sync 1 DAGs
[2026-05-07T06:10:48.116+0000] {logging_mixin.py:188} INFO - [2026-05-07T06:10:48.116+0000] {dag.py:3947} INFO - Setting next_dagrun for example_params_trigger_ui to None, run_after=None
[2026-05-07T06:10:48.178+0000] {processor.py:183} INFO - Processing /home/airflow/.local/lib/python3.12/site-packages/airflow/example_dags/example_params_trigger_ui.py took 0.218 seconds
[2026-05-07T06:11:19.155+0000] {processor.py:161} INFO - Started process (PID=12957) to work on /home/airflow/.local/lib/python3.12/site-packages/airflow/example_dags/example_params_trigger_ui.py
[2026-05-07T06:11:19.157+0000] {processor.py:830} INFO - Processing file /home/airflow/.local/lib/python3.12/site-packages/airflow/example_dags/example_params_trigger_ui.py for tasks to queue
[2026-05-07T06:11:19.159+0000] {logging_mixin.py:188} INFO - [2026-05-07T06:11:19.159+0000] {dagbag.py:545} INFO - Filling up the DagBag from /home/airflow/.local/lib/python3.12/site-packages/airflow/example_dags/example_params_trigger_ui.py
[2026-05-07T06:11:19.177+0000] {processor.py:840} INFO - DAG(s) 'example_params_trigger_ui' retrieved from /home/airflow/.local/lib/python3.12/site-packages/airflow/example_dags/example_params_trigger_ui.py
[2026-05-07T06:11:19.242+0000] {logging_mixin.py:188} INFO - [2026-05-07T06:11:19.242+0000] {dag.py:3089} INFO - Sync 1 DAGs
[2026-05-07T06:11:19.264+0000] {logging_mixin.py:188} INFO - [2026-05-07T06:11:19.264+0000] {dag.py:3947} INFO - Setting next_dagrun for example_params_trigger_ui to None, run_after=None
[2026-05-07T06:11:19.302+0000] {processor.py:183} INFO - Processing /home/airflow/.local/lib/python3.12/site-packages/airflow/example_dags/example_params_trigger_ui.py took 0.157 seconds
[2026-05-07T06:11:49.837+0000] {processor.py:161} INFO - Started process (PID=13025) to work on /home/airflow/.local/lib/python3.12/site-packages/airflow/example_dags/example_params_trigger_ui.py
[2026-05-07T06:11:49.842+0000] {processor.py:830} INFO - Processing file /home/airflow/.local/lib/python3.12/site-packages/airflow/example_dags/example_params_trigger_ui.py for tasks to queue
[2026-05-07T06:11:49.847+0000] {logging_mixin.py:188} INFO - [2026-05-07T06:11:49.846+0000] {dagbag.py:545} INFO - Filling up the DagBag from /home/airflow/.local/lib/python3.12/site-packages/airflow/example_dags/example_params_trigger_ui.py
[2026-05-07T06:11:49.863+0000] {processor.py:840} INFO - DAG(s) 'example_params_trigger_ui' retrieved from /home/airflow/.local/lib/python3.12/site-packages/airflow/example_dags/example_params_trigger_ui.py
[2026-05-07T06:11:49.922+0000] {logging_mixin.py:188} INFO - [2026-05-07T06:11:49.922+0000] {dag.py:3089} INFO - Sync 1 DAGs
[2026-05-07T06:11:49.939+0000] {logging_mixin.py:188} INFO - [2026-05-07T06:11:49.939+0000] {dag.py:3947} INFO - Setting next_dagrun for example_params_trigger_ui to None, run_after=None
[2026-05-07T06:11:49.997+0000] {processor.py:183} INFO - Processing /home/airflow/.local/lib/python3.12/site-packages/airflow/example_dags/example_params_trigger_ui.py took 0.170 seconds
[2026-05-07T06:12:20.672+0000] {processor.py:161} INFO - Started process (PID=13093) to work on /home/airflow/.local/lib/python3.12/site-packages/airflow/example_dags/example_params_trigger_ui.py
[2026-05-07T06:12:20.676+0000] {processor.py:830} INFO - Processing file /home/airflow/.local/lib/python3.12/site-packages/airflow/example_dags/example_params_trigger_ui.py for tasks to queue
[2026-05-07T06:12:20.680+0000] {logging_mixin.py:188} INFO - [2026-05-07T06:12:20.680+0000] {dagbag.py:545} INFO - Filling up the DagBag from /home/airflow/.local/lib/python3.12/site-packages/airflow/example_dags/example_params_trigger_ui.py
[2026-05-07T06:12:20.698+0000] {processor.py:840} INFO - DAG(s) 'example_params_trigger_ui' retrieved from /home/airflow/.local/lib/python3.12/site-packages/airflow/example_dags/example_params_trigger_ui.py
[2026-05-07T06:12:20.758+0000] {logging_mixin.py:188} INFO - [2026-05-07T06:12:20.758+0000] {dag.py:3089} INFO - Sync 1 DAGs
[2026-05-07T06:12:20.783+0000] {logging_mixin.py:188} INFO - [2026-05-07T06:12:20.782+0000] {dag.py:3947} INFO - Setting next_dagrun for example_params_trigger_ui to None, run_after=None
[2026-05-07T06:12:20.816+0000] {processor.py:183} INFO - Processing /home/airflow/.local/lib/python3.12/site-packages/airflow/example_dags/example_params_trigger_ui.py took 0.154 seconds
[2026-05-07T06:12:51.848+0000] {processor.py:161} INFO - Started process (PID=13161) to work on /home/airflow/.local/lib/python3.12/site-packages/airflow/example_dags/example_params_trigger_ui.py
[2026-05-07T06:12:51.850+0000] {processor.py:830} INFO - Processing file /home/airflow/.local/lib/python3.12/site-packages/airflow/example_dags/example_params_trigger_ui.py for tasks to queue
[2026-05-07T06:12:51.854+0000] {logging_mixin.py:188} INFO - [2026-05-07T06:12:51.853+0000] {dagbag.py:545} INFO - Filling up the DagBag from /home/airflow/.local/lib/python3.12/site-packages/airflow/example_dags/example_params_trigger_ui.py
[2026-05-07T06:12:51.872+0000] {processor.py:840} INFO - DAG(s) 'example_params_trigger_ui' retrieved from /home/airflow/.local/lib/python3.12/site-packages/airflow/example_dags/example_params_trigger_ui.py
[2026-05-07T06:12:51.928+0000] {logging_mixin.py:188} INFO - [2026-05-07T06:12:51.927+0000] {dag.py:3089} INFO - Sync 1 DAGs
[2026-05-07T06:12:51.946+0000] {logging_mixin.py:188} INFO - [2026-05-07T06:12:51.946+0000] {dag.py:3947} INFO - Setting next_dagrun for example_params_trigger_ui to None, run_after=None
[2026-05-07T06:12:51.983+0000] {processor.py:183} INFO - Processing /home/airflow/.local/lib/python3.12/site-packages/airflow/example_dags/example_params_trigger_ui.py took 0.144 seconds
[2026-05-07T06:13:22.384+0000] {processor.py:161} INFO - Started process (PID=13228) to work on /home/airflow/.local/lib/python3.12/site-packages/airflow/example_dags/example_params_trigger_ui.py
[2026-05-07T06:13:22.386+0000] {processor.py:830} INFO - Processing file /home/airflow/.local/lib/python3.12/site-packages/airflow/example_dags/example_params_trigger_ui.py for tasks to queue
[2026-05-07T06:13:22.387+0000] {logging_mixin.py:188} INFO - [2026-05-07T06:13:22.387+0000] {dagbag.py:545} INFO - Filling up the DagBag from /home/airflow/.local/lib/python3.12/site-packages/airflow/example_dags/example_params_trigger_ui.py
[2026-05-07T06:13:22.405+0000] {processor.py:840} INFO - DAG(s) 'example_params_trigger_ui' retrieved from /home/airflow/.local/lib/python3.12/site-packages/airflow/example_dags/example_params_trigger_ui.py
[2026-05-07T06:13:22.464+0000] {logging_mixin.py:188} INFO - [2026-05-07T06:13:22.464+0000] {dag.py:3089} INFO - Sync 1 DAGs
[2026-05-07T06:13:22.484+0000] {logging_mixin.py:188} INFO - [2026-05-07T06:13:22.483+0000] {dag.py:3947} INFO - Setting next_dagrun for example_params_trigger_ui to None, run_after=None
[2026-05-07T06:13:22.525+0000] {processor.py:183} INFO - Processing /home/airflow/.local/lib/python3.12/site-packages/airflow/example_dags/example_params_trigger_ui.py took 0.159 seconds
[2026-05-07T06:13:53.087+0000] {processor.py:161} INFO - Started process (PID=13303) to work on /home/airflow/.local/lib/python3.12/site-packages/airflow/example_dags/example_params_trigger_ui.py
[2026-05-07T06:13:53.089+0000] {processor.py:830} INFO - Processing file /home/airflow/.local/lib/python3.12/site-packages/airflow/example_dags/example_params_trigger_ui.py for tasks to queue
[2026-05-07T06:13:53.090+0000] {logging_mixin.py:188} INFO - [2026-05-07T06:13:53.090+0000] {dagbag.py:545} INFO - Filling up the DagBag from /home/airflow/.local/lib/python3.12/site-packages/airflow/example_dags/example_params_trigger_ui.py
[2026-05-07T06:13:53.105+0000] {processor.py:840} INFO - DAG(s) 'example_params_trigger_ui' retrieved from /home/airflow/.local/lib/python3.12/site-packages/airflow/example_dags/example_params_trigger_ui.py
[2026-05-07T06:13:53.170+0000] {logging_mixin.py:188} INFO - [2026-05-07T06:13:53.170+0000] {dag.py:3089} INFO - Sync 1 DAGs
[2026-05-07T06:13:53.192+0000] {logging_mixin.py:188} INFO - [2026-05-07T06:13:53.192+0000] {dag.py:3947} INFO - Setting next_dagrun for example_params_trigger_ui to None, run_after=None
[2026-05-07T06:13:53.224+0000] {processor.py:183} INFO - Processing /home/airflow/.local/lib/python3.12/site-packages/airflow/example_dags/example_params_trigger_ui.py took 0.147 seconds
[2026-05-07T06:14:23.518+0000] {processor.py:161} INFO - Started process (PID=13371) to work on /home/airflow/.local/lib/python3.12/site-packages/airflow/example_dags/example_params_trigger_ui.py
[2026-05-07T06:14:23.520+0000] {processor.py:830} INFO - Processing file /home/airflow/.local/lib/python3.12/site-packages/airflow/example_dags/example_params_trigger_ui.py for tasks to queue
[2026-05-07T06:14:23.522+0000] {logging_mixin.py:188} INFO - [2026-05-07T06:14:23.522+0000] {dagbag.py:545} INFO - Filling up the DagBag from /home/airflow/.local/lib/python3.12/site-packages/airflow/example_dags/example_params_trigger_ui.py
[2026-05-07T06:14:23.539+0000] {processor.py:840} INFO - DAG(s) 'example_params_trigger_ui' retrieved from /home/airflow/.local/lib/python3.12/site-packages/airflow/example_dags/example_params_trigger_ui.py
[2026-05-07T06:14:23.598+0000] {logging_mixin.py:188} INFO - [2026-05-07T06:14:23.597+0000] {dag.py:3089} INFO - Sync 1 DAGs
[2026-05-07T06:14:23.617+0000] {logging_mixin.py:188} INFO - [2026-05-07T06:14:23.617+0000] {dag.py:3947} INFO - Setting next_dagrun for example_params_trigger_ui to None, run_after=None
[2026-05-07T06:14:23.662+0000] {processor.py:183} INFO - Processing /home/airflow/.local/lib/python3.12/site-packages/airflow/example_dags/example_params_trigger_ui.py took 0.154 seconds
[2026-05-07T06:14:54.074+0000] {processor.py:161} INFO - Started process (PID=13439) to work on /home/airflow/.local/lib/python3.12/site-packages/airflow/example_dags/example_params_trigger_ui.py
[2026-05-07T06:14:54.076+0000] {processor.py:830} INFO - Processing file /home/airflow/.local/lib/python3.12/site-packages/airflow/example_dags/example_params_trigger_ui.py for tasks to queue
[2026-05-07T06:14:54.083+0000] {logging_mixin.py:188} INFO - [2026-05-07T06:14:54.082+0000] {dagbag.py:545} INFO - Filling up the DagBag from /home/airflow/.local/lib/python3.12/site-packages/airflow/example_dags/example_params_trigger_ui.py
[2026-05-07T06:14:54.103+0000] {processor.py:840} INFO - DAG(s) 'example_params_trigger_ui' retrieved from /home/airflow/.local/lib/python3.12/site-packages/airflow/example_dags/example_params_trigger_ui.py
[2026-05-07T06:14:54.166+0000] {logging_mixin.py:188} INFO - [2026-05-07T06:14:54.165+0000] {dag.py:3089} INFO - Sync 1 DAGs
[2026-05-07T06:14:54.188+0000] {logging_mixin.py:188} INFO - [2026-05-07T06:14:54.187+0000] {dag.py:3947} INFO - Setting next_dagrun for example_params_trigger_ui to None, run_after=None
[2026-05-07T06:14:54.222+0000] {processor.py:183} INFO - Processing /home/airflow/.local/lib/python3.12/site-packages/airflow/example_dags/example_params_trigger_ui.py took 0.164 seconds
[2026-05-07T06:15:24.411+0000] {processor.py:161} INFO - Started process (PID=13505) to work on /home/airflow/.local/lib/python3.12/site-packages/airflow/example_dags/example_params_trigger_ui.py
[2026-05-07T06:15:24.413+0000] {processor.py:830} INFO - Processing file /home/airflow/.local/lib/python3.12/site-packages/airflow/example_dags/example_params_trigger_ui.py for tasks to queue
[2026-05-07T06:15:24.432+0000] {logging_mixin.py:188} INFO - [2026-05-07T06:15:24.432+0000] {dagbag.py:545} INFO - Filling up the DagBag from /home/airflow/.local/lib/python3.12/site-packages/airflow/example_dags/example_params_trigger_ui.py
[2026-05-07T06:15:24.447+0000] {processor.py:840} INFO - DAG(s) 'example_params_trigger_ui' retrieved from /home/airflow/.local/lib/python3.12/site-packages/airflow/example_dags/example_params_trigger_ui.py
[2026-05-07T06:15:24.499+0000] {logging_mixin.py:188} INFO - [2026-05-07T06:15:24.499+0000] {dag.py:3089} INFO - Sync 1 DAGs
[2026-05-07T06:15:24.522+0000] {logging_mixin.py:188} INFO - [2026-05-07T06:15:24.521+0000] {dag.py:3947} INFO - Setting next_dagrun for example_params_trigger_ui to None, run_after=None
[2026-05-07T06:15:24.555+0000] {processor.py:183} INFO - Processing /home/airflow/.local/lib/python3.12/site-packages/airflow/example_dags/example_params_trigger_ui.py took 0.154 seconds
[2026-05-07T06:15:55.151+0000] {processor.py:161} INFO - Started process (PID=13574) to work on /home/airflow/.local/lib/python3.12/site-packages/airflow/example_dags/example_params_trigger_ui.py
[2026-05-07T06:15:55.153+0000] {processor.py:830} INFO - Processing file /home/airflow/.local/lib/python3.12/site-packages/airflow/example_dags/example_params_trigger_ui.py for tasks to queue
[2026-05-07T06:15:55.156+0000] {logging_mixin.py:188} INFO - [2026-05-07T06:15:55.156+0000] {dagbag.py:545} INFO - Filling up the DagBag from /home/airflow/.local/lib/python3.12/site-packages/airflow/example_dags/example_params_trigger_ui.py
[2026-05-07T06:15:55.174+0000] {processor.py:840} INFO - DAG(s) 'example_params_trigger_ui' retrieved from /home/airflow/.local/lib/python3.12/site-packages/airflow/example_dags/example_params_trigger_ui.py
[2026-05-07T06:15:55.236+0000] {logging_mixin.py:188} INFO - [2026-05-07T06:15:55.236+0000] {dag.py:3089} INFO - Sync 1 DAGs
[2026-05-07T06:15:55.257+0000] {logging_mixin.py:188} INFO - [2026-05-07T06:15:55.256+0000] {dag.py:3947} INFO - Setting next_dagrun for example_params_trigger_ui to None, run_after=None
[2026-05-07T06:15:55.324+0000] {processor.py:183} INFO - Processing /home/airflow/.local/lib/python3.12/site-packages/airflow/example_dags/example_params_trigger_ui.py took 0.185 seconds
[2026-05-07T06:16:25.857+0000] {processor.py:161} INFO - Started process (PID=13642) to work on /home/airflow/.local/lib/python3.12/site-packages/airflow/example_dags/example_params_trigger_ui.py
[2026-05-07T06:16:25.858+0000] {processor.py:830} INFO - Processing file /home/airflow/.local/lib/python3.12/site-packages/airflow/example_dags/example_params_trigger_ui.py for tasks to queue
[2026-05-07T06:16:25.860+0000] {logging_mixin.py:188} INFO - [2026-05-07T06:16:25.859+0000] {dagbag.py:545} INFO - Filling up the DagBag from /home/airflow/.local/lib/python3.12/site-packages/airflow/example_dags/example_params_trigger_ui.py
[2026-05-07T06:16:25.875+0000] {processor.py:840} INFO - DAG(s) 'example_params_trigger_ui' retrieved from /home/airflow/.local/lib/python3.12/site-packages/airflow/example_dags/example_params_trigger_ui.py
[2026-05-07T06:16:25.931+0000] {logging_mixin.py:188} INFO - [2026-05-07T06:16:25.930+0000] {dag.py:3089} INFO - Sync 1 DAGs
[2026-05-07T06:16:25.948+0000] {logging_mixin.py:188} INFO - [2026-05-07T06:16:25.948+0000] {dag.py:3947} INFO - Setting next_dagrun for example_params_trigger_ui to None, run_after=None
[2026-05-07T06:16:25.981+0000] {processor.py:183} INFO - Processing /home/airflow/.local/lib/python3.12/site-packages/airflow/example_dags/example_params_trigger_ui.py took 0.136 seconds
[2026-05-07T06:16:56.657+0000] {processor.py:161} INFO - Started process (PID=13717) to work on /home/airflow/.local/lib/python3.12/site-packages/airflow/example_dags/example_params_trigger_ui.py
[2026-05-07T06:16:56.658+0000] {processor.py:830} INFO - Processing file /home/airflow/.local/lib/python3.12/site-packages/airflow/example_dags/example_params_trigger_ui.py for tasks to queue
[2026-05-07T06:16:56.660+0000] {logging_mixin.py:188} INFO - [2026-05-07T06:16:56.660+0000] {dagbag.py:545} INFO - Filling up the DagBag from /home/airflow/.local/lib/python3.12/site-packages/airflow/example_dags/example_params_trigger_ui.py
[2026-05-07T06:16:56.676+0000] {processor.py:840} INFO - DAG(s) 'example_params_trigger_ui' retrieved from /home/airflow/.local/lib/python3.12/site-packages/airflow/example_dags/example_params_trigger_ui.py
[2026-05-07T06:16:56.741+0000] {logging_mixin.py:188} INFO - [2026-05-07T06:16:56.740+0000] {dag.py:3089} INFO - Sync 1 DAGs
[2026-05-07T06:16:56.761+0000] {logging_mixin.py:188} INFO - [2026-05-07T06:16:56.761+0000] {dag.py:3947} INFO - Setting next_dagrun for example_params_trigger_ui to None, run_after=None
[2026-05-07T06:16:56.814+0000] {processor.py:183} INFO - Processing /home/airflow/.local/lib/python3.12/site-packages/airflow/example_dags/example_params_trigger_ui.py took 0.167 seconds
[2026-05-07T06:17:27.358+0000] {processor.py:161} INFO - Started process (PID=13786) to work on /home/airflow/.local/lib/python3.12/site-packages/airflow/example_dags/example_params_trigger_ui.py
[2026-05-07T06:17:27.360+0000] {processor.py:830} INFO - Processing file /home/airflow/.local/lib/python3.12/site-packages/airflow/example_dags/example_params_trigger_ui.py for tasks to queue
[2026-05-07T06:17:27.362+0000] {logging_mixin.py:188} INFO - [2026-05-07T06:17:27.361+0000] {dagbag.py:545} INFO - Filling up the DagBag from /home/airflow/.local/lib/python3.12/site-packages/airflow/example_dags/example_params_trigger_ui.py
[2026-05-07T06:17:27.377+0000] {processor.py:840} INFO - DAG(s) 'example_params_trigger_ui' retrieved from /home/airflow/.local/lib/python3.12/site-packages/airflow/example_dags/example_params_trigger_ui.py
[2026-05-07T06:17:27.435+0000] {logging_mixin.py:188} INFO - [2026-05-07T06:17:27.435+0000] {dag.py:3089} INFO - Sync 1 DAGs
[2026-05-07T06:17:27.457+0000] {logging_mixin.py:188} INFO - [2026-05-07T06:17:27.457+0000] {dag.py:3947} INFO - Setting next_dagrun for example_params_trigger_ui to None, run_after=None
[2026-05-07T06:17:27.497+0000] {processor.py:183} INFO - Processing /home/airflow/.local/lib/python3.12/site-packages/airflow/example_dags/example_params_trigger_ui.py took 0.149 seconds
[2026-05-07T06:17:57.776+0000] {processor.py:161} INFO - Started process (PID=13855) to work on /home/airflow/.local/lib/python3.12/site-packages/airflow/example_dags/example_params_trigger_ui.py
[2026-05-07T06:17:57.778+0000] {processor.py:830} INFO - Processing file /home/airflow/.local/lib/python3.12/site-packages/airflow/example_dags/example_params_trigger_ui.py for tasks to queue
[2026-05-07T06:17:57.780+0000] {logging_mixin.py:188} INFO - [2026-05-07T06:17:57.780+0000] {dagbag.py:545} INFO - Filling up the DagBag from /home/airflow/.local/lib/python3.12/site-packages/airflow/example_dags/example_params_trigger_ui.py
[2026-05-07T06:17:57.802+0000] {processor.py:840} INFO - DAG(s) 'example_params_trigger_ui' retrieved from /home/airflow/.local/lib/python3.12/site-packages/airflow/example_dags/example_params_trigger_ui.py
[2026-05-07T06:17:57.862+0000] {logging_mixin.py:188} INFO - [2026-05-07T06:17:57.862+0000] {dag.py:3089} INFO - Sync 1 DAGs
[2026-05-07T06:17:57.882+0000] {logging_mixin.py:188} INFO - [2026-05-07T06:17:57.881+0000] {dag.py:3947} INFO - Setting next_dagrun for example_params_trigger_ui to None, run_after=None
[2026-05-07T06:17:57.912+0000] {processor.py:183} INFO - Processing /home/airflow/.local/lib/python3.12/site-packages/airflow/example_dags/example_params_trigger_ui.py took 0.145 seconds
[2026-05-07T06:18:28.692+0000] {processor.py:161} INFO - Started process (PID=13922) to work on /home/airflow/.local/lib/python3.12/site-packages/airflow/example_dags/example_params_trigger_ui.py
[2026-05-07T06:18:28.694+0000] {processor.py:830} INFO - Processing file /home/airflow/.local/lib/python3.12/site-packages/airflow/example_dags/example_params_trigger_ui.py for tasks to queue
[2026-05-07T06:18:28.695+0000] {logging_mixin.py:188} INFO - [2026-05-07T06:18:28.695+0000] {dagbag.py:545} INFO - Filling up the DagBag from /home/airflow/.local/lib/python3.12/site-packages/airflow/example_dags/example_params_trigger_ui.py
[2026-05-07T06:18:28.712+0000] {processor.py:840} INFO - DAG(s) 'example_params_trigger_ui' retrieved from /home/airflow/.local/lib/python3.12/site-packages/airflow/example_dags/example_params_trigger_ui.py
[2026-05-07T06:18:28.765+0000] {logging_mixin.py:188} INFO - [2026-05-07T06:18:28.765+0000] {dag.py:3089} INFO - Sync 1 DAGs
[2026-05-07T06:18:28.786+0000] {logging_mixin.py:188} INFO - [2026-05-07T06:18:28.785+0000] {dag.py:3947} INFO - Setting next_dagrun for example_params_trigger_ui to None, run_after=None
[2026-05-07T06:18:28.853+0000] {processor.py:183} INFO - Processing /home/airflow/.local/lib/python3.12/site-packages/airflow/example_dags/example_params_trigger_ui.py took 0.171 seconds
[2026-05-07T06:18:59.094+0000] {processor.py:161} INFO - Started process (PID=13990) to work on /home/airflow/.local/lib/python3.12/site-packages/airflow/example_dags/example_params_trigger_ui.py
[2026-05-07T06:18:59.096+0000] {processor.py:830} INFO - Processing file /home/airflow/.local/lib/python3.12/site-packages/airflow/example_dags/example_params_trigger_ui.py for tasks to queue
[2026-05-07T06:18:59.097+0000] {logging_mixin.py:188} INFO - [2026-05-07T06:18:59.097+0000] {dagbag.py:545} INFO - Filling up the DagBag from /home/airflow/.local/lib/python3.12/site-packages/airflow/example_dags/example_params_trigger_ui.py
[2026-05-07T06:18:59.112+0000] {processor.py:840} INFO - DAG(s) 'example_params_trigger_ui' retrieved from /home/airflow/.local/lib/python3.12/site-packages/airflow/example_dags/example_params_trigger_ui.py
[2026-05-07T06:18:59.182+0000] {logging_mixin.py:188} INFO - [2026-05-07T06:18:59.182+0000] {dag.py:3089} INFO - Sync 1 DAGs
[2026-05-07T06:18:59.199+0000] {logging_mixin.py:188} INFO - [2026-05-07T06:18:59.199+0000] {dag.py:3947} INFO - Setting next_dagrun for example_params_trigger_ui to None, run_after=None
[2026-05-07T06:18:59.271+0000] {processor.py:183} INFO - Processing /home/airflow/.local/lib/python3.12/site-packages/airflow/example_dags/example_params_trigger_ui.py took 0.189 seconds
[2026-05-07T06:19:29.421+0000] {processor.py:161} INFO - Started process (PID=14065) to work on /home/airflow/.local/lib/python3.12/site-packages/airflow/example_dags/example_params_trigger_ui.py
[2026-05-07T06:19:29.422+0000] {processor.py:830} INFO - Processing file /home/airflow/.local/lib/python3.12/site-packages/airflow/example_dags/example_params_trigger_ui.py for tasks to queue
[2026-05-07T06:19:29.424+0000] {logging_mixin.py:188} INFO - [2026-05-07T06:19:29.423+0000] {dagbag.py:545} INFO - Filling up the DagBag from /home/airflow/.local/lib/python3.12/site-packages/airflow/example_dags/example_params_trigger_ui.py
[2026-05-07T06:19:29.439+0000] {processor.py:840} INFO - DAG(s) 'example_params_trigger_ui' retrieved from /home/airflow/.local/lib/python3.12/site-packages/airflow/example_dags/example_params_trigger_ui.py
[2026-05-07T06:19:29.497+0000] {logging_mixin.py:188} INFO - [2026-05-07T06:19:29.496+0000] {dag.py:3089} INFO - Sync 1 DAGs
[2026-05-07T06:19:29.520+0000] {logging_mixin.py:188} INFO - [2026-05-07T06:19:29.520+0000] {dag.py:3947} INFO - Setting next_dagrun for example_params_trigger_ui to None, run_after=None
[2026-05-07T06:19:29.579+0000] {processor.py:183} INFO - Processing /home/airflow/.local/lib/python3.12/site-packages/airflow/example_dags/example_params_trigger_ui.py took 0.168 seconds
[2026-05-07T06:20:00.432+0000] {processor.py:161} INFO - Started process (PID=14133) to work on /home/airflow/.local/lib/python3.12/site-packages/airflow/example_dags/example_params_trigger_ui.py
[2026-05-07T06:20:00.434+0000] {processor.py:830} INFO - Processing file /home/airflow/.local/lib/python3.12/site-packages/airflow/example_dags/example_params_trigger_ui.py for tasks to queue
[2026-05-07T06:20:00.436+0000] {logging_mixin.py:188} INFO - [2026-05-07T06:20:00.436+0000] {dagbag.py:545} INFO - Filling up the DagBag from /home/airflow/.local/lib/python3.12/site-packages/airflow/example_dags/example_params_trigger_ui.py
[2026-05-07T06:20:00.453+0000] {processor.py:840} INFO - DAG(s) 'example_params_trigger_ui' retrieved from /home/airflow/.local/lib/python3.12/site-packages/airflow/example_dags/example_params_trigger_ui.py
[2026-05-07T06:20:00.518+0000] {logging_mixin.py:188} INFO - [2026-05-07T06:20:00.517+0000] {dag.py:3089} INFO - Sync 1 DAGs
[2026-05-07T06:20:00.541+0000] {logging_mixin.py:188} INFO - [2026-05-07T06:20:00.540+0000] {dag.py:3947} INFO - Setting next_dagrun for example_params_trigger_ui to None, run_after=None
[2026-05-07T06:20:00.574+0000] {processor.py:183} INFO - Processing /home/airflow/.local/lib/python3.12/site-packages/airflow/example_dags/example_params_trigger_ui.py took 0.156 seconds
