[2026-05-07T04:50:04.764+0000] {processor.py:161} INFO - Started process (PID=11931) to work on /home/airflow/.local/lib/python3.12/site-packages/airflow/example_dags/example_dag_decorator.py
[2026-05-07T04:50:04.766+0000] {processor.py:830} INFO - Processing file /home/airflow/.local/lib/python3.12/site-packages/airflow/example_dags/example_dag_decorator.py for tasks to queue
[2026-05-07T04:50:04.767+0000] {logging_mixin.py:188} INFO - [2026-05-07T04:50:04.766+0000] {dagbag.py:545} INFO - Filling up the DagBag from /home/airflow/.local/lib/python3.12/site-packages/airflow/example_dags/example_dag_decorator.py
[2026-05-07T04:50:04.855+0000] {processor.py:840} INFO - DAG(s) 'example_dag_decorator' retrieved from /home/airflow/.local/lib/python3.12/site-packages/airflow/example_dags/example_dag_decorator.py
[2026-05-07T04:50:04.934+0000] {logging_mixin.py:188} INFO - [2026-05-07T04:50:04.934+0000] {dag.py:3089} INFO - Sync 1 DAGs
[2026-05-07T04:50:04.943+0000] {logging_mixin.py:188} INFO - [2026-05-07T04:50:04.943+0000] {dag.py:3947} INFO - Setting next_dagrun for example_dag_decorator to None, run_after=None
[2026-05-07T04:50:04.966+0000] {processor.py:183} INFO - Processing /home/airflow/.local/lib/python3.12/site-packages/airflow/example_dags/example_dag_decorator.py took 0.207 seconds
[2026-05-07T04:50:35.352+0000] {processor.py:161} INFO - Started process (PID=11999) to work on /home/airflow/.local/lib/python3.12/site-packages/airflow/example_dags/example_dag_decorator.py
[2026-05-07T04:50:35.354+0000] {processor.py:830} INFO - Processing file /home/airflow/.local/lib/python3.12/site-packages/airflow/example_dags/example_dag_decorator.py for tasks to queue
[2026-05-07T04:50:35.355+0000] {logging_mixin.py:188} INFO - [2026-05-07T04:50:35.355+0000] {dagbag.py:545} INFO - Filling up the DagBag from /home/airflow/.local/lib/python3.12/site-packages/airflow/example_dags/example_dag_decorator.py
[2026-05-07T04:50:35.444+0000] {processor.py:840} INFO - DAG(s) 'example_dag_decorator' retrieved from /home/airflow/.local/lib/python3.12/site-packages/airflow/example_dags/example_dag_decorator.py
[2026-05-07T04:50:35.551+0000] {logging_mixin.py:188} INFO - [2026-05-07T04:50:35.550+0000] {dag.py:3089} INFO - Sync 1 DAGs
[2026-05-07T04:50:35.562+0000] {logging_mixin.py:188} INFO - [2026-05-07T04:50:35.562+0000] {dag.py:3947} INFO - Setting next_dagrun for example_dag_decorator to None, run_after=None
[2026-05-07T04:50:35.585+0000] {processor.py:183} INFO - Processing /home/airflow/.local/lib/python3.12/site-packages/airflow/example_dags/example_dag_decorator.py took 0.244 seconds
[2026-05-07T04:51:05.764+0000] {processor.py:161} INFO - Started process (PID=12074) to work on /home/airflow/.local/lib/python3.12/site-packages/airflow/example_dags/example_dag_decorator.py
[2026-05-07T04:51:05.766+0000] {processor.py:830} INFO - Processing file /home/airflow/.local/lib/python3.12/site-packages/airflow/example_dags/example_dag_decorator.py for tasks to queue
[2026-05-07T04:51:05.769+0000] {logging_mixin.py:188} INFO - [2026-05-07T04:51:05.768+0000] {dagbag.py:545} INFO - Filling up the DagBag from /home/airflow/.local/lib/python3.12/site-packages/airflow/example_dags/example_dag_decorator.py
[2026-05-07T04:51:05.865+0000] {processor.py:840} INFO - DAG(s) 'example_dag_decorator' retrieved from /home/airflow/.local/lib/python3.12/site-packages/airflow/example_dags/example_dag_decorator.py
[2026-05-07T04:51:05.959+0000] {logging_mixin.py:188} INFO - [2026-05-07T04:51:05.959+0000] {dag.py:3089} INFO - Sync 1 DAGs
[2026-05-07T04:51:05.969+0000] {logging_mixin.py:188} INFO - [2026-05-07T04:51:05.969+0000] {dag.py:3947} INFO - Setting next_dagrun for example_dag_decorator to None, run_after=None
[2026-05-07T04:51:05.998+0000] {processor.py:183} INFO - Processing /home/airflow/.local/lib/python3.12/site-packages/airflow/example_dags/example_dag_decorator.py took 0.246 seconds
[2026-05-07T04:51:36.100+0000] {processor.py:161} INFO - Started process (PID=12142) to work on /home/airflow/.local/lib/python3.12/site-packages/airflow/example_dags/example_dag_decorator.py
[2026-05-07T04:51:36.101+0000] {processor.py:830} INFO - Processing file /home/airflow/.local/lib/python3.12/site-packages/airflow/example_dags/example_dag_decorator.py for tasks to queue
[2026-05-07T04:51:36.103+0000] {logging_mixin.py:188} INFO - [2026-05-07T04:51:36.103+0000] {dagbag.py:545} INFO - Filling up the DagBag from /home/airflow/.local/lib/python3.12/site-packages/airflow/example_dags/example_dag_decorator.py
[2026-05-07T04:51:36.188+0000] {processor.py:840} INFO - DAG(s) 'example_dag_decorator' retrieved from /home/airflow/.local/lib/python3.12/site-packages/airflow/example_dags/example_dag_decorator.py
[2026-05-07T04:51:36.301+0000] {logging_mixin.py:188} INFO - [2026-05-07T04:51:36.300+0000] {dag.py:3089} INFO - Sync 1 DAGs
[2026-05-07T04:51:36.312+0000] {logging_mixin.py:188} INFO - [2026-05-07T04:51:36.312+0000] {dag.py:3947} INFO - Setting next_dagrun for example_dag_decorator to None, run_after=None
[2026-05-07T04:51:36.337+0000] {processor.py:183} INFO - Processing /home/airflow/.local/lib/python3.12/site-packages/airflow/example_dags/example_dag_decorator.py took 0.243 seconds
[2026-05-07T04:52:06.824+0000] {processor.py:161} INFO - Started process (PID=12210) to work on /home/airflow/.local/lib/python3.12/site-packages/airflow/example_dags/example_dag_decorator.py
[2026-05-07T04:52:06.826+0000] {processor.py:830} INFO - Processing file /home/airflow/.local/lib/python3.12/site-packages/airflow/example_dags/example_dag_decorator.py for tasks to queue
[2026-05-07T04:52:06.827+0000] {logging_mixin.py:188} INFO - [2026-05-07T04:52:06.826+0000] {dagbag.py:545} INFO - Filling up the DagBag from /home/airflow/.local/lib/python3.12/site-packages/airflow/example_dags/example_dag_decorator.py
[2026-05-07T04:52:06.934+0000] {processor.py:840} INFO - DAG(s) 'example_dag_decorator' retrieved from /home/airflow/.local/lib/python3.12/site-packages/airflow/example_dags/example_dag_decorator.py
[2026-05-07T04:52:07.029+0000] {logging_mixin.py:188} INFO - [2026-05-07T04:52:07.029+0000] {dag.py:3089} INFO - Sync 1 DAGs
[2026-05-07T04:52:07.046+0000] {logging_mixin.py:188} INFO - [2026-05-07T04:52:07.045+0000] {dag.py:3947} INFO - Setting next_dagrun for example_dag_decorator to None, run_after=None
[2026-05-07T04:52:07.067+0000] {processor.py:183} INFO - Processing /home/airflow/.local/lib/python3.12/site-packages/airflow/example_dags/example_dag_decorator.py took 0.253 seconds
[2026-05-07T04:52:37.386+0000] {processor.py:161} INFO - Started process (PID=12285) to work on /home/airflow/.local/lib/python3.12/site-packages/airflow/example_dags/example_dag_decorator.py
[2026-05-07T04:52:37.387+0000] {processor.py:830} INFO - Processing file /home/airflow/.local/lib/python3.12/site-packages/airflow/example_dags/example_dag_decorator.py for tasks to queue
[2026-05-07T04:52:37.388+0000] {logging_mixin.py:188} INFO - [2026-05-07T04:52:37.388+0000] {dagbag.py:545} INFO - Filling up the DagBag from /home/airflow/.local/lib/python3.12/site-packages/airflow/example_dags/example_dag_decorator.py
[2026-05-07T04:52:37.497+0000] {processor.py:840} INFO - DAG(s) 'example_dag_decorator' retrieved from /home/airflow/.local/lib/python3.12/site-packages/airflow/example_dags/example_dag_decorator.py
[2026-05-07T04:52:37.600+0000] {logging_mixin.py:188} INFO - [2026-05-07T04:52:37.600+0000] {dag.py:3089} INFO - Sync 1 DAGs
[2026-05-07T04:52:37.612+0000] {logging_mixin.py:188} INFO - [2026-05-07T04:52:37.612+0000] {dag.py:3947} INFO - Setting next_dagrun for example_dag_decorator to None, run_after=None
[2026-05-07T04:52:37.639+0000] {processor.py:183} INFO - Processing /home/airflow/.local/lib/python3.12/site-packages/airflow/example_dags/example_dag_decorator.py took 0.260 seconds
[2026-05-07T04:53:07.744+0000] {processor.py:161} INFO - Started process (PID=12354) to work on /home/airflow/.local/lib/python3.12/site-packages/airflow/example_dags/example_dag_decorator.py
[2026-05-07T04:53:07.746+0000] {processor.py:830} INFO - Processing file /home/airflow/.local/lib/python3.12/site-packages/airflow/example_dags/example_dag_decorator.py for tasks to queue
[2026-05-07T04:53:07.749+0000] {logging_mixin.py:188} INFO - [2026-05-07T04:53:07.749+0000] {dagbag.py:545} INFO - Filling up the DagBag from /home/airflow/.local/lib/python3.12/site-packages/airflow/example_dags/example_dag_decorator.py
[2026-05-07T04:53:07.890+0000] {processor.py:840} INFO - DAG(s) 'example_dag_decorator' retrieved from /home/airflow/.local/lib/python3.12/site-packages/airflow/example_dags/example_dag_decorator.py
[2026-05-07T04:53:08.008+0000] {logging_mixin.py:188} INFO - [2026-05-07T04:53:08.008+0000] {dag.py:3089} INFO - Sync 1 DAGs
[2026-05-07T04:53:08.017+0000] {logging_mixin.py:188} INFO - [2026-05-07T04:53:08.017+0000] {dag.py:3947} INFO - Setting next_dagrun for example_dag_decorator to None, run_after=None
[2026-05-07T04:53:08.039+0000] {processor.py:183} INFO - Processing /home/airflow/.local/lib/python3.12/site-packages/airflow/example_dags/example_dag_decorator.py took 0.306 seconds
[2026-05-07T04:55:35.109+0000] {processor.py:161} INFO - Started process (PID=12410) to work on /home/airflow/.local/lib/python3.12/site-packages/airflow/example_dags/example_dag_decorator.py
[2026-05-07T04:55:35.111+0000] {processor.py:830} INFO - Processing file /home/airflow/.local/lib/python3.12/site-packages/airflow/example_dags/example_dag_decorator.py for tasks to queue
[2026-05-07T04:55:35.113+0000] {logging_mixin.py:188} INFO - [2026-05-07T04:55:35.112+0000] {dagbag.py:545} INFO - Filling up the DagBag from /home/airflow/.local/lib/python3.12/site-packages/airflow/example_dags/example_dag_decorator.py
[2026-05-07T05:20:09.962+0000] {processor.py:840} INFO - DAG(s) 'example_dag_decorator' retrieved from /home/airflow/.local/lib/python3.12/site-packages/airflow/example_dags/example_dag_decorator.py
[2026-05-07T05:20:10.129+0000] {logging_mixin.py:188} INFO - [2026-05-07T05:20:10.128+0000] {dag.py:3089} INFO - Sync 1 DAGs
[2026-05-07T05:20:10.146+0000] {logging_mixin.py:188} INFO - [2026-05-07T05:20:10.146+0000] {dag.py:3947} INFO - Setting next_dagrun for example_dag_decorator to None, run_after=None
[2026-05-07T05:20:10.202+0000] {processor.py:183} INFO - Processing /home/airflow/.local/lib/python3.12/site-packages/airflow/example_dags/example_dag_decorator.py took 0.679 seconds
[2026-05-07T06:07:44.631+0000] {processor.py:161} INFO - Started process (PID=12485) to work on /home/airflow/.local/lib/python3.12/site-packages/airflow/example_dags/example_dag_decorator.py
[2026-05-07T06:07:44.633+0000] {processor.py:830} INFO - Processing file /home/airflow/.local/lib/python3.12/site-packages/airflow/example_dags/example_dag_decorator.py for tasks to queue
[2026-05-07T06:07:44.634+0000] {logging_mixin.py:188} INFO - [2026-05-07T06:07:44.634+0000] {dagbag.py:545} INFO - Filling up the DagBag from /home/airflow/.local/lib/python3.12/site-packages/airflow/example_dags/example_dag_decorator.py
[2026-05-07T06:07:44.784+0000] {processor.py:840} INFO - DAG(s) 'example_dag_decorator' retrieved from /home/airflow/.local/lib/python3.12/site-packages/airflow/example_dags/example_dag_decorator.py
[2026-05-07T06:07:44.949+0000] {logging_mixin.py:188} INFO - [2026-05-07T06:07:44.948+0000] {dag.py:3089} INFO - Sync 1 DAGs
[2026-05-07T06:07:44.966+0000] {logging_mixin.py:188} INFO - [2026-05-07T06:07:44.966+0000] {dag.py:3947} INFO - Setting next_dagrun for example_dag_decorator to None, run_after=None
[2026-05-07T06:07:45.012+0000] {processor.py:183} INFO - Processing /home/airflow/.local/lib/python3.12/site-packages/airflow/example_dags/example_dag_decorator.py took 0.394 seconds
[2026-05-07T06:08:16.192+0000] {processor.py:161} INFO - Started process (PID=12553) to work on /home/airflow/.local/lib/python3.12/site-packages/airflow/example_dags/example_dag_decorator.py
[2026-05-07T06:08:16.194+0000] {processor.py:830} INFO - Processing file /home/airflow/.local/lib/python3.12/site-packages/airflow/example_dags/example_dag_decorator.py for tasks to queue
[2026-05-07T06:08:16.196+0000] {logging_mixin.py:188} INFO - [2026-05-07T06:08:16.195+0000] {dagbag.py:545} INFO - Filling up the DagBag from /home/airflow/.local/lib/python3.12/site-packages/airflow/example_dags/example_dag_decorator.py
[2026-05-07T06:08:16.362+0000] {processor.py:840} INFO - DAG(s) 'example_dag_decorator' retrieved from /home/airflow/.local/lib/python3.12/site-packages/airflow/example_dags/example_dag_decorator.py
[2026-05-07T06:08:16.509+0000] {logging_mixin.py:188} INFO - [2026-05-07T06:08:16.509+0000] {dag.py:3089} INFO - Sync 1 DAGs
[2026-05-07T06:08:16.524+0000] {logging_mixin.py:188} INFO - [2026-05-07T06:08:16.524+0000] {dag.py:3947} INFO - Setting next_dagrun for example_dag_decorator to None, run_after=None
[2026-05-07T06:08:16.557+0000] {processor.py:183} INFO - Processing /home/airflow/.local/lib/python3.12/site-packages/airflow/example_dags/example_dag_decorator.py took 0.376 seconds
[2026-05-07T06:08:46.719+0000] {processor.py:161} INFO - Started process (PID=12622) to work on /home/airflow/.local/lib/python3.12/site-packages/airflow/example_dags/example_dag_decorator.py
[2026-05-07T06:08:46.721+0000] {processor.py:830} INFO - Processing file /home/airflow/.local/lib/python3.12/site-packages/airflow/example_dags/example_dag_decorator.py for tasks to queue
[2026-05-07T06:08:46.723+0000] {logging_mixin.py:188} INFO - [2026-05-07T06:08:46.722+0000] {dagbag.py:545} INFO - Filling up the DagBag from /home/airflow/.local/lib/python3.12/site-packages/airflow/example_dags/example_dag_decorator.py
[2026-05-07T06:08:46.867+0000] {processor.py:840} INFO - DAG(s) 'example_dag_decorator' retrieved from /home/airflow/.local/lib/python3.12/site-packages/airflow/example_dags/example_dag_decorator.py
[2026-05-07T06:08:47.022+0000] {logging_mixin.py:188} INFO - [2026-05-07T06:08:47.022+0000] {dag.py:3089} INFO - Sync 1 DAGs
[2026-05-07T06:08:47.037+0000] {logging_mixin.py:188} INFO - [2026-05-07T06:08:47.036+0000] {dag.py:3947} INFO - Setting next_dagrun for example_dag_decorator to None, run_after=None
[2026-05-07T06:08:47.099+0000] {processor.py:183} INFO - Processing /home/airflow/.local/lib/python3.12/site-packages/airflow/example_dags/example_dag_decorator.py took 0.390 seconds
[2026-05-07T06:09:17.787+0000] {processor.py:161} INFO - Started process (PID=12689) to work on /home/airflow/.local/lib/python3.12/site-packages/airflow/example_dags/example_dag_decorator.py
[2026-05-07T06:09:17.791+0000] {processor.py:830} INFO - Processing file /home/airflow/.local/lib/python3.12/site-packages/airflow/example_dags/example_dag_decorator.py for tasks to queue
[2026-05-07T06:09:17.794+0000] {logging_mixin.py:188} INFO - [2026-05-07T06:09:17.793+0000] {dagbag.py:545} INFO - Filling up the DagBag from /home/airflow/.local/lib/python3.12/site-packages/airflow/example_dags/example_dag_decorator.py
[2026-05-07T06:09:17.970+0000] {processor.py:840} INFO - DAG(s) 'example_dag_decorator' retrieved from /home/airflow/.local/lib/python3.12/site-packages/airflow/example_dags/example_dag_decorator.py
[2026-05-07T06:09:18.144+0000] {logging_mixin.py:188} INFO - [2026-05-07T06:09:18.143+0000] {dag.py:3089} INFO - Sync 1 DAGs
[2026-05-07T06:09:18.157+0000] {logging_mixin.py:188} INFO - [2026-05-07T06:09:18.157+0000] {dag.py:3947} INFO - Setting next_dagrun for example_dag_decorator to None, run_after=None
[2026-05-07T06:09:18.190+0000] {processor.py:183} INFO - Processing /home/airflow/.local/lib/python3.12/site-packages/airflow/example_dags/example_dag_decorator.py took 0.415 seconds
[2026-05-07T06:09:49.116+0000] {processor.py:161} INFO - Started process (PID=12757) to work on /home/airflow/.local/lib/python3.12/site-packages/airflow/example_dags/example_dag_decorator.py
[2026-05-07T06:09:49.121+0000] {processor.py:830} INFO - Processing file /home/airflow/.local/lib/python3.12/site-packages/airflow/example_dags/example_dag_decorator.py for tasks to queue
[2026-05-07T06:09:49.124+0000] {logging_mixin.py:188} INFO - [2026-05-07T06:09:49.123+0000] {dagbag.py:545} INFO - Filling up the DagBag from /home/airflow/.local/lib/python3.12/site-packages/airflow/example_dags/example_dag_decorator.py
[2026-05-07T06:09:49.280+0000] {processor.py:840} INFO - DAG(s) 'example_dag_decorator' retrieved from /home/airflow/.local/lib/python3.12/site-packages/airflow/example_dags/example_dag_decorator.py
[2026-05-07T06:09:49.432+0000] {logging_mixin.py:188} INFO - [2026-05-07T06:09:49.431+0000] {dag.py:3089} INFO - Sync 1 DAGs
[2026-05-07T06:09:49.706+0000] {logging_mixin.py:188} INFO - [2026-05-07T06:09:49.705+0000] {dag.py:3947} INFO - Setting next_dagrun for example_dag_decorator to None, run_after=None
[2026-05-07T06:09:49.744+0000] {processor.py:183} INFO - Processing /home/airflow/.local/lib/python3.12/site-packages/airflow/example_dags/example_dag_decorator.py took 0.638 seconds
[2026-05-07T06:10:19.871+0000] {processor.py:161} INFO - Started process (PID=12832) to work on /home/airflow/.local/lib/python3.12/site-packages/airflow/example_dags/example_dag_decorator.py
[2026-05-07T06:10:19.874+0000] {processor.py:830} INFO - Processing file /home/airflow/.local/lib/python3.12/site-packages/airflow/example_dags/example_dag_decorator.py for tasks to queue
[2026-05-07T06:10:19.876+0000] {logging_mixin.py:188} INFO - [2026-05-07T06:10:19.875+0000] {dagbag.py:545} INFO - Filling up the DagBag from /home/airflow/.local/lib/python3.12/site-packages/airflow/example_dags/example_dag_decorator.py
[2026-05-07T06:10:20.045+0000] {processor.py:840} INFO - DAG(s) 'example_dag_decorator' retrieved from /home/airflow/.local/lib/python3.12/site-packages/airflow/example_dags/example_dag_decorator.py
[2026-05-07T06:10:20.180+0000] {logging_mixin.py:188} INFO - [2026-05-07T06:10:20.179+0000] {dag.py:3089} INFO - Sync 1 DAGs
[2026-05-07T06:10:20.197+0000] {logging_mixin.py:188} INFO - [2026-05-07T06:10:20.197+0000] {dag.py:3947} INFO - Setting next_dagrun for example_dag_decorator to None, run_after=None
[2026-05-07T06:10:20.240+0000] {processor.py:183} INFO - Processing /home/airflow/.local/lib/python3.12/site-packages/airflow/example_dags/example_dag_decorator.py took 0.380 seconds
[2026-05-07T06:10:50.387+0000] {processor.py:161} INFO - Started process (PID=12902) to work on /home/airflow/.local/lib/python3.12/site-packages/airflow/example_dags/example_dag_decorator.py
[2026-05-07T06:10:50.389+0000] {processor.py:830} INFO - Processing file /home/airflow/.local/lib/python3.12/site-packages/airflow/example_dags/example_dag_decorator.py for tasks to queue
[2026-05-07T06:10:50.393+0000] {logging_mixin.py:188} INFO - [2026-05-07T06:10:50.392+0000] {dagbag.py:545} INFO - Filling up the DagBag from /home/airflow/.local/lib/python3.12/site-packages/airflow/example_dags/example_dag_decorator.py
[2026-05-07T06:10:50.559+0000] {processor.py:840} INFO - DAG(s) 'example_dag_decorator' retrieved from /home/airflow/.local/lib/python3.12/site-packages/airflow/example_dags/example_dag_decorator.py
[2026-05-07T06:10:50.711+0000] {logging_mixin.py:188} INFO - [2026-05-07T06:10:50.711+0000] {dag.py:3089} INFO - Sync 1 DAGs
[2026-05-07T06:10:50.728+0000] {logging_mixin.py:188} INFO - [2026-05-07T06:10:50.727+0000] {dag.py:3947} INFO - Setting next_dagrun for example_dag_decorator to None, run_after=None
[2026-05-07T06:10:50.762+0000] {processor.py:183} INFO - Processing /home/airflow/.local/lib/python3.12/site-packages/airflow/example_dags/example_dag_decorator.py took 0.384 seconds
[2026-05-07T06:11:21.078+0000] {processor.py:161} INFO - Started process (PID=12971) to work on /home/airflow/.local/lib/python3.12/site-packages/airflow/example_dags/example_dag_decorator.py
[2026-05-07T06:11:21.080+0000] {processor.py:830} INFO - Processing file /home/airflow/.local/lib/python3.12/site-packages/airflow/example_dags/example_dag_decorator.py for tasks to queue
[2026-05-07T06:11:21.082+0000] {logging_mixin.py:188} INFO - [2026-05-07T06:11:21.081+0000] {dagbag.py:545} INFO - Filling up the DagBag from /home/airflow/.local/lib/python3.12/site-packages/airflow/example_dags/example_dag_decorator.py
[2026-05-07T06:11:21.241+0000] {processor.py:840} INFO - DAG(s) 'example_dag_decorator' retrieved from /home/airflow/.local/lib/python3.12/site-packages/airflow/example_dags/example_dag_decorator.py
[2026-05-07T06:11:21.670+0000] {logging_mixin.py:188} INFO - [2026-05-07T06:11:21.670+0000] {dag.py:3089} INFO - Sync 1 DAGs
[2026-05-07T06:11:21.690+0000] {logging_mixin.py:188} INFO - [2026-05-07T06:11:21.689+0000] {dag.py:3947} INFO - Setting next_dagrun for example_dag_decorator to None, run_after=None
[2026-05-07T06:11:21.741+0000] {processor.py:183} INFO - Processing /home/airflow/.local/lib/python3.12/site-packages/airflow/example_dags/example_dag_decorator.py took 0.675 seconds
[2026-05-07T06:11:52.293+0000] {processor.py:161} INFO - Started process (PID=13040) to work on /home/airflow/.local/lib/python3.12/site-packages/airflow/example_dags/example_dag_decorator.py
[2026-05-07T06:11:52.295+0000] {processor.py:830} INFO - Processing file /home/airflow/.local/lib/python3.12/site-packages/airflow/example_dags/example_dag_decorator.py for tasks to queue
[2026-05-07T06:11:52.302+0000] {logging_mixin.py:188} INFO - [2026-05-07T06:11:52.302+0000] {dagbag.py:545} INFO - Filling up the DagBag from /home/airflow/.local/lib/python3.12/site-packages/airflow/example_dags/example_dag_decorator.py
[2026-05-07T06:11:52.469+0000] {processor.py:840} INFO - DAG(s) 'example_dag_decorator' retrieved from /home/airflow/.local/lib/python3.12/site-packages/airflow/example_dags/example_dag_decorator.py
[2026-05-07T06:11:52.802+0000] {logging_mixin.py:188} INFO - [2026-05-07T06:11:52.801+0000] {dag.py:3089} INFO - Sync 1 DAGs
[2026-05-07T06:11:52.814+0000] {logging_mixin.py:188} INFO - [2026-05-07T06:11:52.814+0000] {dag.py:3947} INFO - Setting next_dagrun for example_dag_decorator to None, run_after=None
[2026-05-07T06:11:52.847+0000] {processor.py:183} INFO - Processing /home/airflow/.local/lib/python3.12/site-packages/airflow/example_dags/example_dag_decorator.py took 0.562 seconds
[2026-05-07T06:12:23.159+0000] {processor.py:161} INFO - Started process (PID=13110) to work on /home/airflow/.local/lib/python3.12/site-packages/airflow/example_dags/example_dag_decorator.py
[2026-05-07T06:12:23.161+0000] {processor.py:830} INFO - Processing file /home/airflow/.local/lib/python3.12/site-packages/airflow/example_dags/example_dag_decorator.py for tasks to queue
[2026-05-07T06:12:23.162+0000] {logging_mixin.py:188} INFO - [2026-05-07T06:12:23.162+0000] {dagbag.py:545} INFO - Filling up the DagBag from /home/airflow/.local/lib/python3.12/site-packages/airflow/example_dags/example_dag_decorator.py
[2026-05-07T06:12:23.330+0000] {processor.py:840} INFO - DAG(s) 'example_dag_decorator' retrieved from /home/airflow/.local/lib/python3.12/site-packages/airflow/example_dags/example_dag_decorator.py
[2026-05-07T06:12:23.473+0000] {logging_mixin.py:188} INFO - [2026-05-07T06:12:23.473+0000] {dag.py:3089} INFO - Sync 1 DAGs
[2026-05-07T06:12:23.820+0000] {logging_mixin.py:188} INFO - [2026-05-07T06:12:23.820+0000] {dag.py:3947} INFO - Setting next_dagrun for example_dag_decorator to None, run_after=None
[2026-05-07T06:12:23.887+0000] {processor.py:183} INFO - Processing /home/airflow/.local/lib/python3.12/site-packages/airflow/example_dags/example_dag_decorator.py took 0.737 seconds
[2026-05-07T06:12:54.427+0000] {processor.py:161} INFO - Started process (PID=13177) to work on /home/airflow/.local/lib/python3.12/site-packages/airflow/example_dags/example_dag_decorator.py
[2026-05-07T06:12:54.430+0000] {processor.py:830} INFO - Processing file /home/airflow/.local/lib/python3.12/site-packages/airflow/example_dags/example_dag_decorator.py for tasks to queue
[2026-05-07T06:12:54.431+0000] {logging_mixin.py:188} INFO - [2026-05-07T06:12:54.431+0000] {dagbag.py:545} INFO - Filling up the DagBag from /home/airflow/.local/lib/python3.12/site-packages/airflow/example_dags/example_dag_decorator.py
[2026-05-07T06:12:54.598+0000] {processor.py:840} INFO - DAG(s) 'example_dag_decorator' retrieved from /home/airflow/.local/lib/python3.12/site-packages/airflow/example_dags/example_dag_decorator.py
[2026-05-07T06:12:54.751+0000] {logging_mixin.py:188} INFO - [2026-05-07T06:12:54.750+0000] {dag.py:3089} INFO - Sync 1 DAGs
[2026-05-07T06:12:54.765+0000] {logging_mixin.py:188} INFO - [2026-05-07T06:12:54.765+0000] {dag.py:3947} INFO - Setting next_dagrun for example_dag_decorator to None, run_after=None
[2026-05-07T06:12:55.075+0000] {processor.py:183} INFO - Processing /home/airflow/.local/lib/python3.12/site-packages/airflow/example_dags/example_dag_decorator.py took 0.659 seconds
[2026-05-07T06:13:25.865+0000] {processor.py:161} INFO - Started process (PID=13251) to work on /home/airflow/.local/lib/python3.12/site-packages/airflow/example_dags/example_dag_decorator.py
[2026-05-07T06:13:25.868+0000] {processor.py:830} INFO - Processing file /home/airflow/.local/lib/python3.12/site-packages/airflow/example_dags/example_dag_decorator.py for tasks to queue
[2026-05-07T06:13:25.870+0000] {logging_mixin.py:188} INFO - [2026-05-07T06:13:25.869+0000] {dagbag.py:545} INFO - Filling up the DagBag from /home/airflow/.local/lib/python3.12/site-packages/airflow/example_dags/example_dag_decorator.py
[2026-05-07T06:13:26.030+0000] {processor.py:840} INFO - DAG(s) 'example_dag_decorator' retrieved from /home/airflow/.local/lib/python3.12/site-packages/airflow/example_dags/example_dag_decorator.py
[2026-05-07T06:13:26.460+0000] {logging_mixin.py:188} INFO - [2026-05-07T06:13:26.459+0000] {dag.py:3089} INFO - Sync 1 DAGs
[2026-05-07T06:13:26.472+0000] {logging_mixin.py:188} INFO - [2026-05-07T06:13:26.472+0000] {dag.py:3947} INFO - Setting next_dagrun for example_dag_decorator to None, run_after=None
[2026-05-07T06:13:26.507+0000] {processor.py:183} INFO - Processing /home/airflow/.local/lib/python3.12/site-packages/airflow/example_dags/example_dag_decorator.py took 0.653 seconds
[2026-05-07T06:13:56.759+0000] {processor.py:161} INFO - Started process (PID=13321) to work on /home/airflow/.local/lib/python3.12/site-packages/airflow/example_dags/example_dag_decorator.py
[2026-05-07T06:13:56.761+0000] {processor.py:830} INFO - Processing file /home/airflow/.local/lib/python3.12/site-packages/airflow/example_dags/example_dag_decorator.py for tasks to queue
[2026-05-07T06:13:56.763+0000] {logging_mixin.py:188} INFO - [2026-05-07T06:13:56.763+0000] {dagbag.py:545} INFO - Filling up the DagBag from /home/airflow/.local/lib/python3.12/site-packages/airflow/example_dags/example_dag_decorator.py
[2026-05-07T06:13:56.928+0000] {processor.py:840} INFO - DAG(s) 'example_dag_decorator' retrieved from /home/airflow/.local/lib/python3.12/site-packages/airflow/example_dags/example_dag_decorator.py
[2026-05-07T06:13:57.325+0000] {logging_mixin.py:188} INFO - [2026-05-07T06:13:57.324+0000] {dag.py:3089} INFO - Sync 1 DAGs
[2026-05-07T06:13:57.340+0000] {logging_mixin.py:188} INFO - [2026-05-07T06:13:57.340+0000] {dag.py:3947} INFO - Setting next_dagrun for example_dag_decorator to None, run_after=None
[2026-05-07T06:13:57.374+0000] {processor.py:183} INFO - Processing /home/airflow/.local/lib/python3.12/site-packages/airflow/example_dags/example_dag_decorator.py took 0.628 seconds
[2026-05-07T06:14:27.517+0000] {processor.py:161} INFO - Started process (PID=13390) to work on /home/airflow/.local/lib/python3.12/site-packages/airflow/example_dags/example_dag_decorator.py
[2026-05-07T06:14:27.519+0000] {processor.py:830} INFO - Processing file /home/airflow/.local/lib/python3.12/site-packages/airflow/example_dags/example_dag_decorator.py for tasks to queue
[2026-05-07T06:14:27.523+0000] {logging_mixin.py:188} INFO - [2026-05-07T06:14:27.522+0000] {dagbag.py:545} INFO - Filling up the DagBag from /home/airflow/.local/lib/python3.12/site-packages/airflow/example_dags/example_dag_decorator.py
[2026-05-07T06:14:27.698+0000] {processor.py:840} INFO - DAG(s) 'example_dag_decorator' retrieved from /home/airflow/.local/lib/python3.12/site-packages/airflow/example_dags/example_dag_decorator.py
[2026-05-07T06:14:28.126+0000] {logging_mixin.py:188} INFO - [2026-05-07T06:14:28.125+0000] {dag.py:3089} INFO - Sync 1 DAGs
[2026-05-07T06:14:28.145+0000] {logging_mixin.py:188} INFO - [2026-05-07T06:14:28.145+0000] {dag.py:3947} INFO - Setting next_dagrun for example_dag_decorator to None, run_after=None
[2026-05-07T06:14:28.220+0000] {processor.py:183} INFO - Processing /home/airflow/.local/lib/python3.12/site-packages/airflow/example_dags/example_dag_decorator.py took 0.715 seconds
[2026-05-07T06:14:58.515+0000] {processor.py:161} INFO - Started process (PID=13460) to work on /home/airflow/.local/lib/python3.12/site-packages/airflow/example_dags/example_dag_decorator.py
[2026-05-07T06:14:58.517+0000] {processor.py:830} INFO - Processing file /home/airflow/.local/lib/python3.12/site-packages/airflow/example_dags/example_dag_decorator.py for tasks to queue
[2026-05-07T06:14:58.519+0000] {logging_mixin.py:188} INFO - [2026-05-07T06:14:58.518+0000] {dagbag.py:545} INFO - Filling up the DagBag from /home/airflow/.local/lib/python3.12/site-packages/airflow/example_dags/example_dag_decorator.py
[2026-05-07T06:14:58.668+0000] {processor.py:840} INFO - DAG(s) 'example_dag_decorator' retrieved from /home/airflow/.local/lib/python3.12/site-packages/airflow/example_dags/example_dag_decorator.py
[2026-05-07T06:14:59.121+0000] {logging_mixin.py:188} INFO - [2026-05-07T06:14:59.120+0000] {dag.py:3089} INFO - Sync 1 DAGs
[2026-05-07T06:14:59.139+0000] {logging_mixin.py:188} INFO - [2026-05-07T06:14:59.138+0000] {dag.py:3947} INFO - Setting next_dagrun for example_dag_decorator to None, run_after=None
[2026-05-07T06:14:59.174+0000] {processor.py:183} INFO - Processing /home/airflow/.local/lib/python3.12/site-packages/airflow/example_dags/example_dag_decorator.py took 0.667 seconds
[2026-05-07T06:15:29.676+0000] {processor.py:161} INFO - Started process (PID=13527) to work on /home/airflow/.local/lib/python3.12/site-packages/airflow/example_dags/example_dag_decorator.py
[2026-05-07T06:15:29.679+0000] {processor.py:830} INFO - Processing file /home/airflow/.local/lib/python3.12/site-packages/airflow/example_dags/example_dag_decorator.py for tasks to queue
[2026-05-07T06:15:29.681+0000] {logging_mixin.py:188} INFO - [2026-05-07T06:15:29.680+0000] {dagbag.py:545} INFO - Filling up the DagBag from /home/airflow/.local/lib/python3.12/site-packages/airflow/example_dags/example_dag_decorator.py
[2026-05-07T06:15:29.833+0000] {processor.py:840} INFO - DAG(s) 'example_dag_decorator' retrieved from /home/airflow/.local/lib/python3.12/site-packages/airflow/example_dags/example_dag_decorator.py
[2026-05-07T06:15:30.302+0000] {logging_mixin.py:188} INFO - [2026-05-07T06:15:30.302+0000] {dag.py:3089} INFO - Sync 1 DAGs
[2026-05-07T06:15:30.320+0000] {logging_mixin.py:188} INFO - [2026-05-07T06:15:30.319+0000] {dag.py:3947} INFO - Setting next_dagrun for example_dag_decorator to None, run_after=None
[2026-05-07T06:15:30.387+0000] {processor.py:183} INFO - Processing /home/airflow/.local/lib/python3.12/site-packages/airflow/example_dags/example_dag_decorator.py took 0.725 seconds
[2026-05-07T06:16:00.568+0000] {processor.py:161} INFO - Started process (PID=13603) to work on /home/airflow/.local/lib/python3.12/site-packages/airflow/example_dags/example_dag_decorator.py
[2026-05-07T06:16:00.573+0000] {processor.py:830} INFO - Processing file /home/airflow/.local/lib/python3.12/site-packages/airflow/example_dags/example_dag_decorator.py for tasks to queue
[2026-05-07T06:16:00.580+0000] {logging_mixin.py:188} INFO - [2026-05-07T06:16:00.579+0000] {dagbag.py:545} INFO - Filling up the DagBag from /home/airflow/.local/lib/python3.12/site-packages/airflow/example_dags/example_dag_decorator.py
[2026-05-07T06:16:00.780+0000] {processor.py:840} INFO - DAG(s) 'example_dag_decorator' retrieved from /home/airflow/.local/lib/python3.12/site-packages/airflow/example_dags/example_dag_decorator.py
[2026-05-07T06:16:01.237+0000] {logging_mixin.py:188} INFO - [2026-05-07T06:16:01.236+0000] {dag.py:3089} INFO - Sync 1 DAGs
[2026-05-07T06:16:01.253+0000] {logging_mixin.py:188} INFO - [2026-05-07T06:16:01.253+0000] {dag.py:3947} INFO - Setting next_dagrun for example_dag_decorator to None, run_after=None
[2026-05-07T06:16:01.367+0000] {processor.py:183} INFO - Processing /home/airflow/.local/lib/python3.12/site-packages/airflow/example_dags/example_dag_decorator.py took 0.813 seconds
[2026-05-07T06:16:31.628+0000] {processor.py:161} INFO - Started process (PID=13671) to work on /home/airflow/.local/lib/python3.12/site-packages/airflow/example_dags/example_dag_decorator.py
[2026-05-07T06:16:31.633+0000] {processor.py:830} INFO - Processing file /home/airflow/.local/lib/python3.12/site-packages/airflow/example_dags/example_dag_decorator.py for tasks to queue
[2026-05-07T06:16:31.635+0000] {logging_mixin.py:188} INFO - [2026-05-07T06:16:31.635+0000] {dagbag.py:545} INFO - Filling up the DagBag from /home/airflow/.local/lib/python3.12/site-packages/airflow/example_dags/example_dag_decorator.py
[2026-05-07T06:16:31.833+0000] {processor.py:840} INFO - DAG(s) 'example_dag_decorator' retrieved from /home/airflow/.local/lib/python3.12/site-packages/airflow/example_dags/example_dag_decorator.py
[2026-05-07T06:16:32.259+0000] {logging_mixin.py:188} INFO - [2026-05-07T06:16:32.258+0000] {dag.py:3089} INFO - Sync 1 DAGs
[2026-05-07T06:16:32.275+0000] {logging_mixin.py:188} INFO - [2026-05-07T06:16:32.275+0000] {dag.py:3947} INFO - Setting next_dagrun for example_dag_decorator to None, run_after=None
[2026-05-07T06:16:32.333+0000] {processor.py:183} INFO - Processing /home/airflow/.local/lib/python3.12/site-packages/airflow/example_dags/example_dag_decorator.py took 0.716 seconds
[2026-05-07T06:17:02.466+0000] {processor.py:161} INFO - Started process (PID=13739) to work on /home/airflow/.local/lib/python3.12/site-packages/airflow/example_dags/example_dag_decorator.py
[2026-05-07T06:17:02.468+0000] {processor.py:830} INFO - Processing file /home/airflow/.local/lib/python3.12/site-packages/airflow/example_dags/example_dag_decorator.py for tasks to queue
[2026-05-07T06:17:02.471+0000] {logging_mixin.py:188} INFO - [2026-05-07T06:17:02.469+0000] {dagbag.py:545} INFO - Filling up the DagBag from /home/airflow/.local/lib/python3.12/site-packages/airflow/example_dags/example_dag_decorator.py
[2026-05-07T06:17:02.609+0000] {processor.py:840} INFO - DAG(s) 'example_dag_decorator' retrieved from /home/airflow/.local/lib/python3.12/site-packages/airflow/example_dags/example_dag_decorator.py
[2026-05-07T06:17:02.990+0000] {logging_mixin.py:188} INFO - [2026-05-07T06:17:02.990+0000] {dag.py:3089} INFO - Sync 1 DAGs
[2026-05-07T06:17:03.005+0000] {logging_mixin.py:188} INFO - [2026-05-07T06:17:03.004+0000] {dag.py:3947} INFO - Setting next_dagrun for example_dag_decorator to None, run_after=None
[2026-05-07T06:17:03.059+0000] {processor.py:183} INFO - Processing /home/airflow/.local/lib/python3.12/site-packages/airflow/example_dags/example_dag_decorator.py took 0.601 seconds
[2026-05-07T06:17:33.184+0000] {processor.py:161} INFO - Started process (PID=13808) to work on /home/airflow/.local/lib/python3.12/site-packages/airflow/example_dags/example_dag_decorator.py
[2026-05-07T06:17:33.186+0000] {processor.py:830} INFO - Processing file /home/airflow/.local/lib/python3.12/site-packages/airflow/example_dags/example_dag_decorator.py for tasks to queue
[2026-05-07T06:17:33.189+0000] {logging_mixin.py:188} INFO - [2026-05-07T06:17:33.188+0000] {dagbag.py:545} INFO - Filling up the DagBag from /home/airflow/.local/lib/python3.12/site-packages/airflow/example_dags/example_dag_decorator.py
[2026-05-07T06:17:33.346+0000] {processor.py:840} INFO - DAG(s) 'example_dag_decorator' retrieved from /home/airflow/.local/lib/python3.12/site-packages/airflow/example_dags/example_dag_decorator.py
[2026-05-07T06:17:33.774+0000] {logging_mixin.py:188} INFO - [2026-05-07T06:17:33.773+0000] {dag.py:3089} INFO - Sync 1 DAGs
[2026-05-07T06:17:33.787+0000] {logging_mixin.py:188} INFO - [2026-05-07T06:17:33.787+0000] {dag.py:3947} INFO - Setting next_dagrun for example_dag_decorator to None, run_after=None
[2026-05-07T06:17:33.843+0000] {processor.py:183} INFO - Processing /home/airflow/.local/lib/python3.12/site-packages/airflow/example_dags/example_dag_decorator.py took 0.671 seconds
[2026-05-07T06:18:04.129+0000] {processor.py:161} INFO - Started process (PID=13879) to work on /home/airflow/.local/lib/python3.12/site-packages/airflow/example_dags/example_dag_decorator.py
[2026-05-07T06:18:04.132+0000] {processor.py:830} INFO - Processing file /home/airflow/.local/lib/python3.12/site-packages/airflow/example_dags/example_dag_decorator.py for tasks to queue
[2026-05-07T06:18:04.135+0000] {logging_mixin.py:188} INFO - [2026-05-07T06:18:04.134+0000] {dagbag.py:545} INFO - Filling up the DagBag from /home/airflow/.local/lib/python3.12/site-packages/airflow/example_dags/example_dag_decorator.py
[2026-05-07T06:18:04.649+0000] {processor.py:840} INFO - DAG(s) 'example_dag_decorator' retrieved from /home/airflow/.local/lib/python3.12/site-packages/airflow/example_dags/example_dag_decorator.py
[2026-05-07T06:18:04.811+0000] {logging_mixin.py:188} INFO - [2026-05-07T06:18:04.810+0000] {dag.py:3089} INFO - Sync 1 DAGs
[2026-05-07T06:18:04.824+0000] {logging_mixin.py:188} INFO - [2026-05-07T06:18:04.823+0000] {dag.py:3947} INFO - Setting next_dagrun for example_dag_decorator to None, run_after=None
[2026-05-07T06:18:04.859+0000] {processor.py:183} INFO - Processing /home/airflow/.local/lib/python3.12/site-packages/airflow/example_dags/example_dag_decorator.py took 0.744 seconds
[2026-05-07T06:18:35.348+0000] {processor.py:161} INFO - Started process (PID=13953) to work on /home/airflow/.local/lib/python3.12/site-packages/airflow/example_dags/example_dag_decorator.py
[2026-05-07T06:18:35.350+0000] {processor.py:830} INFO - Processing file /home/airflow/.local/lib/python3.12/site-packages/airflow/example_dags/example_dag_decorator.py for tasks to queue
[2026-05-07T06:18:35.352+0000] {logging_mixin.py:188} INFO - [2026-05-07T06:18:35.351+0000] {dagbag.py:545} INFO - Filling up the DagBag from /home/airflow/.local/lib/python3.12/site-packages/airflow/example_dags/example_dag_decorator.py
[2026-05-07T06:18:35.511+0000] {processor.py:840} INFO - DAG(s) 'example_dag_decorator' retrieved from /home/airflow/.local/lib/python3.12/site-packages/airflow/example_dags/example_dag_decorator.py
[2026-05-07T06:18:35.909+0000] {logging_mixin.py:188} INFO - [2026-05-07T06:18:35.908+0000] {dag.py:3089} INFO - Sync 1 DAGs
[2026-05-07T06:18:35.923+0000] {logging_mixin.py:188} INFO - [2026-05-07T06:18:35.923+0000] {dag.py:3947} INFO - Setting next_dagrun for example_dag_decorator to None, run_after=None
[2026-05-07T06:18:35.959+0000] {processor.py:183} INFO - Processing /home/airflow/.local/lib/python3.12/site-packages/airflow/example_dags/example_dag_decorator.py took 0.620 seconds
[2026-05-07T06:19:06.231+0000] {processor.py:161} INFO - Started process (PID=14020) to work on /home/airflow/.local/lib/python3.12/site-packages/airflow/example_dags/example_dag_decorator.py
[2026-05-07T06:19:06.233+0000] {processor.py:830} INFO - Processing file /home/airflow/.local/lib/python3.12/site-packages/airflow/example_dags/example_dag_decorator.py for tasks to queue
[2026-05-07T06:19:06.235+0000] {logging_mixin.py:188} INFO - [2026-05-07T06:19:06.235+0000] {dagbag.py:545} INFO - Filling up the DagBag from /home/airflow/.local/lib/python3.12/site-packages/airflow/example_dags/example_dag_decorator.py
[2026-05-07T06:19:06.658+0000] {processor.py:840} INFO - DAG(s) 'example_dag_decorator' retrieved from /home/airflow/.local/lib/python3.12/site-packages/airflow/example_dags/example_dag_decorator.py
[2026-05-07T06:19:06.789+0000] {logging_mixin.py:188} INFO - [2026-05-07T06:19:06.788+0000] {dag.py:3089} INFO - Sync 1 DAGs
[2026-05-07T06:19:06.802+0000] {logging_mixin.py:188} INFO - [2026-05-07T06:19:06.802+0000] {dag.py:3947} INFO - Setting next_dagrun for example_dag_decorator to None, run_after=None
[2026-05-07T06:19:06.838+0000] {processor.py:183} INFO - Processing /home/airflow/.local/lib/python3.12/site-packages/airflow/example_dags/example_dag_decorator.py took 0.619 seconds
[2026-05-07T06:19:37.376+0000] {processor.py:161} INFO - Started process (PID=14090) to work on /home/airflow/.local/lib/python3.12/site-packages/airflow/example_dags/example_dag_decorator.py
[2026-05-07T06:19:37.379+0000] {processor.py:830} INFO - Processing file /home/airflow/.local/lib/python3.12/site-packages/airflow/example_dags/example_dag_decorator.py for tasks to queue
[2026-05-07T06:19:37.381+0000] {logging_mixin.py:188} INFO - [2026-05-07T06:19:37.380+0000] {dagbag.py:545} INFO - Filling up the DagBag from /home/airflow/.local/lib/python3.12/site-packages/airflow/example_dags/example_dag_decorator.py
[2026-05-07T06:19:37.792+0000] {processor.py:840} INFO - DAG(s) 'example_dag_decorator' retrieved from /home/airflow/.local/lib/python3.12/site-packages/airflow/example_dags/example_dag_decorator.py
[2026-05-07T06:19:37.924+0000] {logging_mixin.py:188} INFO - [2026-05-07T06:19:37.924+0000] {dag.py:3089} INFO - Sync 1 DAGs
[2026-05-07T06:19:37.937+0000] {logging_mixin.py:188} INFO - [2026-05-07T06:19:37.937+0000] {dag.py:3947} INFO - Setting next_dagrun for example_dag_decorator to None, run_after=None
[2026-05-07T06:19:37.972+0000] {processor.py:183} INFO - Processing /home/airflow/.local/lib/python3.12/site-packages/airflow/example_dags/example_dag_decorator.py took 0.610 seconds
[2026-05-07T06:20:08.108+0000] {processor.py:161} INFO - Started process (PID=14158) to work on /home/airflow/.local/lib/python3.12/site-packages/airflow/example_dags/example_dag_decorator.py
[2026-05-07T06:20:08.110+0000] {processor.py:830} INFO - Processing file /home/airflow/.local/lib/python3.12/site-packages/airflow/example_dags/example_dag_decorator.py for tasks to queue
[2026-05-07T06:20:08.112+0000] {logging_mixin.py:188} INFO - [2026-05-07T06:20:08.111+0000] {dagbag.py:545} INFO - Filling up the DagBag from /home/airflow/.local/lib/python3.12/site-packages/airflow/example_dags/example_dag_decorator.py
[2026-05-07T06:20:08.537+0000] {processor.py:840} INFO - DAG(s) 'example_dag_decorator' retrieved from /home/airflow/.local/lib/python3.12/site-packages/airflow/example_dags/example_dag_decorator.py
[2026-05-07T06:20:08.661+0000] {logging_mixin.py:188} INFO - [2026-05-07T06:20:08.660+0000] {dag.py:3089} INFO - Sync 1 DAGs
[2026-05-07T06:20:08.678+0000] {logging_mixin.py:188} INFO - [2026-05-07T06:20:08.677+0000] {dag.py:3947} INFO - Setting next_dagrun for example_dag_decorator to None, run_after=None
[2026-05-07T06:20:08.716+0000] {processor.py:183} INFO - Processing /home/airflow/.local/lib/python3.12/site-packages/airflow/example_dags/example_dag_decorator.py took 0.619 seconds
