[2026-05-07T04:50:05.123+0000] {processor.py:161} INFO - Started process (PID=11936) to work on /home/airflow/.local/lib/python3.12/site-packages/airflow/example_dags/example_time_delta_sensor_async.py
[2026-05-07T04:50:05.124+0000] {processor.py:830} INFO - Processing file /home/airflow/.local/lib/python3.12/site-packages/airflow/example_dags/example_time_delta_sensor_async.py for tasks to queue
[2026-05-07T04:50:05.126+0000] {logging_mixin.py:188} INFO - [2026-05-07T04:50:05.125+0000] {dagbag.py:545} INFO - Filling up the DagBag from /home/airflow/.local/lib/python3.12/site-packages/airflow/example_dags/example_time_delta_sensor_async.py
[2026-05-07T04:50:05.131+0000] {processor.py:840} INFO - DAG(s) 'example_time_delta_sensor_async' retrieved from /home/airflow/.local/lib/python3.12/site-packages/airflow/example_dags/example_time_delta_sensor_async.py
[2026-05-07T04:50:05.156+0000] {logging_mixin.py:188} INFO - [2026-05-07T04:50:05.156+0000] {dag.py:3089} INFO - Sync 1 DAGs
[2026-05-07T04:50:05.166+0000] {logging_mixin.py:188} INFO - [2026-05-07T04:50:05.166+0000] {dag.py:3947} INFO - Setting next_dagrun for example_time_delta_sensor_async to None, run_after=None
[2026-05-07T04:50:05.184+0000] {processor.py:183} INFO - Processing /home/airflow/.local/lib/python3.12/site-packages/airflow/example_dags/example_time_delta_sensor_async.py took 0.069 seconds
[2026-05-07T04:50:35.818+0000] {processor.py:161} INFO - Started process (PID=12004) to work on /home/airflow/.local/lib/python3.12/site-packages/airflow/example_dags/example_time_delta_sensor_async.py
[2026-05-07T04:50:35.819+0000] {processor.py:830} INFO - Processing file /home/airflow/.local/lib/python3.12/site-packages/airflow/example_dags/example_time_delta_sensor_async.py for tasks to queue
[2026-05-07T04:50:35.821+0000] {logging_mixin.py:188} INFO - [2026-05-07T04:50:35.820+0000] {dagbag.py:545} INFO - Filling up the DagBag from /home/airflow/.local/lib/python3.12/site-packages/airflow/example_dags/example_time_delta_sensor_async.py
[2026-05-07T04:50:35.831+0000] {processor.py:840} INFO - DAG(s) 'example_time_delta_sensor_async' retrieved from /home/airflow/.local/lib/python3.12/site-packages/airflow/example_dags/example_time_delta_sensor_async.py
[2026-05-07T04:50:35.867+0000] {logging_mixin.py:188} INFO - [2026-05-07T04:50:35.867+0000] {dag.py:3089} INFO - Sync 1 DAGs
[2026-05-07T04:50:35.884+0000] {logging_mixin.py:188} INFO - [2026-05-07T04:50:35.884+0000] {dag.py:3947} INFO - Setting next_dagrun for example_time_delta_sensor_async to None, run_after=None
[2026-05-07T04:50:35.914+0000] {processor.py:183} INFO - Processing /home/airflow/.local/lib/python3.12/site-packages/airflow/example_dags/example_time_delta_sensor_async.py took 0.106 seconds
[2026-05-07T04:51:06.160+0000] {processor.py:161} INFO - Started process (PID=12079) to work on /home/airflow/.local/lib/python3.12/site-packages/airflow/example_dags/example_time_delta_sensor_async.py
[2026-05-07T04:51:06.161+0000] {processor.py:830} INFO - Processing file /home/airflow/.local/lib/python3.12/site-packages/airflow/example_dags/example_time_delta_sensor_async.py for tasks to queue
[2026-05-07T04:51:06.164+0000] {logging_mixin.py:188} INFO - [2026-05-07T04:51:06.164+0000] {dagbag.py:545} INFO - Filling up the DagBag from /home/airflow/.local/lib/python3.12/site-packages/airflow/example_dags/example_time_delta_sensor_async.py
[2026-05-07T04:51:06.170+0000] {processor.py:840} INFO - DAG(s) 'example_time_delta_sensor_async' retrieved from /home/airflow/.local/lib/python3.12/site-packages/airflow/example_dags/example_time_delta_sensor_async.py
[2026-05-07T04:51:06.207+0000] {logging_mixin.py:188} INFO - [2026-05-07T04:51:06.206+0000] {dag.py:3089} INFO - Sync 1 DAGs
[2026-05-07T04:51:06.223+0000] {logging_mixin.py:188} INFO - [2026-05-07T04:51:06.223+0000] {dag.py:3947} INFO - Setting next_dagrun for example_time_delta_sensor_async to None, run_after=None
[2026-05-07T04:51:06.249+0000] {processor.py:183} INFO - Processing /home/airflow/.local/lib/python3.12/site-packages/airflow/example_dags/example_time_delta_sensor_async.py took 0.095 seconds
[2026-05-07T04:51:36.533+0000] {processor.py:161} INFO - Started process (PID=12147) to work on /home/airflow/.local/lib/python3.12/site-packages/airflow/example_dags/example_time_delta_sensor_async.py
[2026-05-07T04:51:36.535+0000] {processor.py:830} INFO - Processing file /home/airflow/.local/lib/python3.12/site-packages/airflow/example_dags/example_time_delta_sensor_async.py for tasks to queue
[2026-05-07T04:51:36.536+0000] {logging_mixin.py:188} INFO - [2026-05-07T04:51:36.536+0000] {dagbag.py:545} INFO - Filling up the DagBag from /home/airflow/.local/lib/python3.12/site-packages/airflow/example_dags/example_time_delta_sensor_async.py
[2026-05-07T04:51:36.547+0000] {processor.py:840} INFO - DAG(s) 'example_time_delta_sensor_async' retrieved from /home/airflow/.local/lib/python3.12/site-packages/airflow/example_dags/example_time_delta_sensor_async.py
[2026-05-07T04:51:36.583+0000] {logging_mixin.py:188} INFO - [2026-05-07T04:51:36.583+0000] {dag.py:3089} INFO - Sync 1 DAGs
[2026-05-07T04:51:36.602+0000] {logging_mixin.py:188} INFO - [2026-05-07T04:51:36.602+0000] {dag.py:3947} INFO - Setting next_dagrun for example_time_delta_sensor_async to None, run_after=None
[2026-05-07T04:51:36.630+0000] {processor.py:183} INFO - Processing /home/airflow/.local/lib/python3.12/site-packages/airflow/example_dags/example_time_delta_sensor_async.py took 0.106 seconds
[2026-05-07T04:52:07.261+0000] {processor.py:161} INFO - Started process (PID=12222) to work on /home/airflow/.local/lib/python3.12/site-packages/airflow/example_dags/example_time_delta_sensor_async.py
[2026-05-07T04:52:07.262+0000] {processor.py:830} INFO - Processing file /home/airflow/.local/lib/python3.12/site-packages/airflow/example_dags/example_time_delta_sensor_async.py for tasks to queue
[2026-05-07T04:52:07.263+0000] {logging_mixin.py:188} INFO - [2026-05-07T04:52:07.263+0000] {dagbag.py:545} INFO - Filling up the DagBag from /home/airflow/.local/lib/python3.12/site-packages/airflow/example_dags/example_time_delta_sensor_async.py
[2026-05-07T04:52:07.268+0000] {processor.py:840} INFO - DAG(s) 'example_time_delta_sensor_async' retrieved from /home/airflow/.local/lib/python3.12/site-packages/airflow/example_dags/example_time_delta_sensor_async.py
[2026-05-07T04:52:07.295+0000] {logging_mixin.py:188} INFO - [2026-05-07T04:52:07.295+0000] {dag.py:3089} INFO - Sync 1 DAGs
[2026-05-07T04:52:08.355+0000] {logging_mixin.py:188} INFO - [2026-05-07T04:52:08.354+0000] {dag.py:3947} INFO - Setting next_dagrun for example_time_delta_sensor_async to None, run_after=None
[2026-05-07T04:52:08.383+0000] {processor.py:183} INFO - Processing /home/airflow/.local/lib/python3.12/site-packages/airflow/example_dags/example_time_delta_sensor_async.py took 0.087 seconds
[2026-05-07T04:52:38.790+0000] {processor.py:161} INFO - Started process (PID=12290) to work on /home/airflow/.local/lib/python3.12/site-packages/airflow/example_dags/example_time_delta_sensor_async.py
[2026-05-07T04:52:38.791+0000] {processor.py:830} INFO - Processing file /home/airflow/.local/lib/python3.12/site-packages/airflow/example_dags/example_time_delta_sensor_async.py for tasks to queue
[2026-05-07T04:52:38.797+0000] {logging_mixin.py:188} INFO - [2026-05-07T04:52:38.797+0000] {dagbag.py:545} INFO - Filling up the DagBag from /home/airflow/.local/lib/python3.12/site-packages/airflow/example_dags/example_time_delta_sensor_async.py
[2026-05-07T04:52:38.802+0000] {processor.py:840} INFO - DAG(s) 'example_time_delta_sensor_async' retrieved from /home/airflow/.local/lib/python3.12/site-packages/airflow/example_dags/example_time_delta_sensor_async.py
[2026-05-07T04:52:38.832+0000] {logging_mixin.py:188} INFO - [2026-05-07T04:52:38.832+0000] {dag.py:3089} INFO - Sync 1 DAGs
[2026-05-07T04:52:38.846+0000] {logging_mixin.py:188} INFO - [2026-05-07T04:52:38.846+0000] {dag.py:3947} INFO - Setting next_dagrun for example_time_delta_sensor_async to None, run_after=None
[2026-05-07T04:52:38.869+0000] {processor.py:183} INFO - Processing /home/airflow/.local/lib/python3.12/site-packages/airflow/example_dags/example_time_delta_sensor_async.py took 0.086 seconds
[2026-05-07T04:53:09.152+0000] {processor.py:161} INFO - Started process (PID=12358) to work on /home/airflow/.local/lib/python3.12/site-packages/airflow/example_dags/example_time_delta_sensor_async.py
[2026-05-07T04:53:09.154+0000] {processor.py:830} INFO - Processing file /home/airflow/.local/lib/python3.12/site-packages/airflow/example_dags/example_time_delta_sensor_async.py for tasks to queue
[2026-05-07T04:53:09.156+0000] {logging_mixin.py:188} INFO - [2026-05-07T04:53:09.155+0000] {dagbag.py:545} INFO - Filling up the DagBag from /home/airflow/.local/lib/python3.12/site-packages/airflow/example_dags/example_time_delta_sensor_async.py
[2026-05-07T04:53:09.162+0000] {processor.py:840} INFO - DAG(s) 'example_time_delta_sensor_async' retrieved from /home/airflow/.local/lib/python3.12/site-packages/airflow/example_dags/example_time_delta_sensor_async.py
[2026-05-07T04:53:09.188+0000] {logging_mixin.py:188} INFO - [2026-05-07T04:53:09.188+0000] {dag.py:3089} INFO - Sync 1 DAGs
[2026-05-07T04:53:09.199+0000] {logging_mixin.py:188} INFO - [2026-05-07T04:53:09.199+0000] {dag.py:3947} INFO - Setting next_dagrun for example_time_delta_sensor_async to None, run_after=None
[2026-05-07T04:53:09.224+0000] {processor.py:183} INFO - Processing /home/airflow/.local/lib/python3.12/site-packages/airflow/example_dags/example_time_delta_sensor_async.py took 0.082 seconds
[2026-05-07T05:20:11.501+0000] {processor.py:161} INFO - Started process (PID=12415) to work on /home/airflow/.local/lib/python3.12/site-packages/airflow/example_dags/example_time_delta_sensor_async.py
[2026-05-07T05:20:11.502+0000] {processor.py:830} INFO - Processing file /home/airflow/.local/lib/python3.12/site-packages/airflow/example_dags/example_time_delta_sensor_async.py for tasks to queue
[2026-05-07T05:20:11.504+0000] {logging_mixin.py:188} INFO - [2026-05-07T05:20:11.503+0000] {dagbag.py:545} INFO - Filling up the DagBag from /home/airflow/.local/lib/python3.12/site-packages/airflow/example_dags/example_time_delta_sensor_async.py
[2026-05-07T05:20:11.509+0000] {processor.py:840} INFO - DAG(s) 'example_time_delta_sensor_async' retrieved from /home/airflow/.local/lib/python3.12/site-packages/airflow/example_dags/example_time_delta_sensor_async.py
[2026-05-07T05:20:11.530+0000] {logging_mixin.py:188} INFO - [2026-05-07T05:20:11.530+0000] {dag.py:3089} INFO - Sync 1 DAGs
[2026-05-07T05:20:11.542+0000] {logging_mixin.py:188} INFO - [2026-05-07T05:20:11.542+0000] {dag.py:3947} INFO - Setting next_dagrun for example_time_delta_sensor_async to None, run_after=None
[2026-05-07T05:20:11.563+0000] {processor.py:183} INFO - Processing /home/airflow/.local/lib/python3.12/site-packages/airflow/example_dags/example_time_delta_sensor_async.py took 0.067 seconds
[2026-05-07T06:07:45.753+0000] {processor.py:161} INFO - Started process (PID=12490) to work on /home/airflow/.local/lib/python3.12/site-packages/airflow/example_dags/example_time_delta_sensor_async.py
[2026-05-07T06:07:45.755+0000] {processor.py:830} INFO - Processing file /home/airflow/.local/lib/python3.12/site-packages/airflow/example_dags/example_time_delta_sensor_async.py for tasks to queue
[2026-05-07T06:07:45.758+0000] {logging_mixin.py:188} INFO - [2026-05-07T06:07:45.758+0000] {dagbag.py:545} INFO - Filling up the DagBag from /home/airflow/.local/lib/python3.12/site-packages/airflow/example_dags/example_time_delta_sensor_async.py
[2026-05-07T06:07:45.768+0000] {processor.py:840} INFO - DAG(s) 'example_time_delta_sensor_async' retrieved from /home/airflow/.local/lib/python3.12/site-packages/airflow/example_dags/example_time_delta_sensor_async.py
[2026-05-07T06:07:45.806+0000] {logging_mixin.py:188} INFO - [2026-05-07T06:07:45.805+0000] {dag.py:3089} INFO - Sync 1 DAGs
[2026-05-07T06:07:45.825+0000] {logging_mixin.py:188} INFO - [2026-05-07T06:07:45.824+0000] {dag.py:3947} INFO - Setting next_dagrun for example_time_delta_sensor_async to None, run_after=None
[2026-05-07T06:07:45.859+0000] {processor.py:183} INFO - Processing /home/airflow/.local/lib/python3.12/site-packages/airflow/example_dags/example_time_delta_sensor_async.py took 0.117 seconds
[2026-05-07T06:08:16.866+0000] {processor.py:161} INFO - Started process (PID=12558) to work on /home/airflow/.local/lib/python3.12/site-packages/airflow/example_dags/example_time_delta_sensor_async.py
[2026-05-07T06:08:16.868+0000] {processor.py:830} INFO - Processing file /home/airflow/.local/lib/python3.12/site-packages/airflow/example_dags/example_time_delta_sensor_async.py for tasks to queue
[2026-05-07T06:08:16.870+0000] {logging_mixin.py:188} INFO - [2026-05-07T06:08:16.869+0000] {dagbag.py:545} INFO - Filling up the DagBag from /home/airflow/.local/lib/python3.12/site-packages/airflow/example_dags/example_time_delta_sensor_async.py
[2026-05-07T06:08:16.883+0000] {processor.py:840} INFO - DAG(s) 'example_time_delta_sensor_async' retrieved from /home/airflow/.local/lib/python3.12/site-packages/airflow/example_dags/example_time_delta_sensor_async.py
[2026-05-07T06:08:16.923+0000] {logging_mixin.py:188} INFO - [2026-05-07T06:08:16.922+0000] {dag.py:3089} INFO - Sync 1 DAGs
[2026-05-07T06:08:16.943+0000] {logging_mixin.py:188} INFO - [2026-05-07T06:08:16.943+0000] {dag.py:3947} INFO - Setting next_dagrun for example_time_delta_sensor_async to None, run_after=None
[2026-05-07T06:08:17.009+0000] {processor.py:183} INFO - Processing /home/airflow/.local/lib/python3.12/site-packages/airflow/example_dags/example_time_delta_sensor_async.py took 0.153 seconds
[2026-05-07T06:08:47.174+0000] {processor.py:161} INFO - Started process (PID=12626) to work on /home/airflow/.local/lib/python3.12/site-packages/airflow/example_dags/example_time_delta_sensor_async.py
[2026-05-07T06:08:47.176+0000] {processor.py:830} INFO - Processing file /home/airflow/.local/lib/python3.12/site-packages/airflow/example_dags/example_time_delta_sensor_async.py for tasks to queue
[2026-05-07T06:08:47.178+0000] {logging_mixin.py:188} INFO - [2026-05-07T06:08:47.178+0000] {dagbag.py:545} INFO - Filling up the DagBag from /home/airflow/.local/lib/python3.12/site-packages/airflow/example_dags/example_time_delta_sensor_async.py
[2026-05-07T06:08:47.187+0000] {processor.py:840} INFO - DAG(s) 'example_time_delta_sensor_async' retrieved from /home/airflow/.local/lib/python3.12/site-packages/airflow/example_dags/example_time_delta_sensor_async.py
[2026-05-07T06:08:47.221+0000] {logging_mixin.py:188} INFO - [2026-05-07T06:08:47.220+0000] {dag.py:3089} INFO - Sync 1 DAGs
[2026-05-07T06:08:47.238+0000] {logging_mixin.py:188} INFO - [2026-05-07T06:08:47.238+0000] {dag.py:3947} INFO - Setting next_dagrun for example_time_delta_sensor_async to None, run_after=None
[2026-05-07T06:08:47.299+0000] {processor.py:183} INFO - Processing /home/airflow/.local/lib/python3.12/site-packages/airflow/example_dags/example_time_delta_sensor_async.py took 0.134 seconds
[2026-05-07T06:09:18.760+0000] {processor.py:161} INFO - Started process (PID=12694) to work on /home/airflow/.local/lib/python3.12/site-packages/airflow/example_dags/example_time_delta_sensor_async.py
[2026-05-07T06:09:18.763+0000] {processor.py:830} INFO - Processing file /home/airflow/.local/lib/python3.12/site-packages/airflow/example_dags/example_time_delta_sensor_async.py for tasks to queue
[2026-05-07T06:09:18.765+0000] {logging_mixin.py:188} INFO - [2026-05-07T06:09:18.764+0000] {dagbag.py:545} INFO - Filling up the DagBag from /home/airflow/.local/lib/python3.12/site-packages/airflow/example_dags/example_time_delta_sensor_async.py
[2026-05-07T06:09:18.772+0000] {processor.py:840} INFO - DAG(s) 'example_time_delta_sensor_async' retrieved from /home/airflow/.local/lib/python3.12/site-packages/airflow/example_dags/example_time_delta_sensor_async.py
[2026-05-07T06:09:18.812+0000] {logging_mixin.py:188} INFO - [2026-05-07T06:09:18.812+0000] {dag.py:3089} INFO - Sync 1 DAGs
[2026-05-07T06:09:18.835+0000] {logging_mixin.py:188} INFO - [2026-05-07T06:09:18.834+0000] {dag.py:3947} INFO - Setting next_dagrun for example_time_delta_sensor_async to None, run_after=None
[2026-05-07T06:09:18.877+0000] {processor.py:183} INFO - Processing /home/airflow/.local/lib/python3.12/site-packages/airflow/example_dags/example_time_delta_sensor_async.py took 0.126 seconds
[2026-05-07T06:09:49.804+0000] {processor.py:161} INFO - Started process (PID=12762) to work on /home/airflow/.local/lib/python3.12/site-packages/airflow/example_dags/example_time_delta_sensor_async.py
[2026-05-07T06:09:49.806+0000] {processor.py:830} INFO - Processing file /home/airflow/.local/lib/python3.12/site-packages/airflow/example_dags/example_time_delta_sensor_async.py for tasks to queue
[2026-05-07T06:09:49.808+0000] {logging_mixin.py:188} INFO - [2026-05-07T06:09:49.807+0000] {dagbag.py:545} INFO - Filling up the DagBag from /home/airflow/.local/lib/python3.12/site-packages/airflow/example_dags/example_time_delta_sensor_async.py
[2026-05-07T06:09:49.816+0000] {processor.py:840} INFO - DAG(s) 'example_time_delta_sensor_async' retrieved from /home/airflow/.local/lib/python3.12/site-packages/airflow/example_dags/example_time_delta_sensor_async.py
[2026-05-07T06:09:49.851+0000] {logging_mixin.py:188} INFO - [2026-05-07T06:09:49.850+0000] {dag.py:3089} INFO - Sync 1 DAGs
[2026-05-07T06:09:49.872+0000] {logging_mixin.py:188} INFO - [2026-05-07T06:09:49.871+0000] {dag.py:3947} INFO - Setting next_dagrun for example_time_delta_sensor_async to None, run_after=None
[2026-05-07T06:09:49.907+0000] {processor.py:183} INFO - Processing /home/airflow/.local/lib/python3.12/site-packages/airflow/example_dags/example_time_delta_sensor_async.py took 0.113 seconds
[2026-05-07T06:10:20.305+0000] {processor.py:161} INFO - Started process (PID=12837) to work on /home/airflow/.local/lib/python3.12/site-packages/airflow/example_dags/example_time_delta_sensor_async.py
[2026-05-07T06:10:20.307+0000] {processor.py:830} INFO - Processing file /home/airflow/.local/lib/python3.12/site-packages/airflow/example_dags/example_time_delta_sensor_async.py for tasks to queue
[2026-05-07T06:10:20.309+0000] {logging_mixin.py:188} INFO - [2026-05-07T06:10:20.308+0000] {dagbag.py:545} INFO - Filling up the DagBag from /home/airflow/.local/lib/python3.12/site-packages/airflow/example_dags/example_time_delta_sensor_async.py
[2026-05-07T06:10:20.316+0000] {processor.py:840} INFO - DAG(s) 'example_time_delta_sensor_async' retrieved from /home/airflow/.local/lib/python3.12/site-packages/airflow/example_dags/example_time_delta_sensor_async.py
[2026-05-07T06:10:20.356+0000] {logging_mixin.py:188} INFO - [2026-05-07T06:10:20.356+0000] {dag.py:3089} INFO - Sync 1 DAGs
[2026-05-07T06:10:20.375+0000] {logging_mixin.py:188} INFO - [2026-05-07T06:10:20.375+0000] {dag.py:3947} INFO - Setting next_dagrun for example_time_delta_sensor_async to None, run_after=None
[2026-05-07T06:10:20.408+0000] {processor.py:183} INFO - Processing /home/airflow/.local/lib/python3.12/site-packages/airflow/example_dags/example_time_delta_sensor_async.py took 0.114 seconds
[2026-05-07T06:10:50.808+0000] {processor.py:161} INFO - Started process (PID=12905) to work on /home/airflow/.local/lib/python3.12/site-packages/airflow/example_dags/example_time_delta_sensor_async.py
[2026-05-07T06:10:50.809+0000] {processor.py:830} INFO - Processing file /home/airflow/.local/lib/python3.12/site-packages/airflow/example_dags/example_time_delta_sensor_async.py for tasks to queue
[2026-05-07T06:10:50.811+0000] {logging_mixin.py:188} INFO - [2026-05-07T06:10:50.810+0000] {dagbag.py:545} INFO - Filling up the DagBag from /home/airflow/.local/lib/python3.12/site-packages/airflow/example_dags/example_time_delta_sensor_async.py
[2026-05-07T06:10:50.819+0000] {processor.py:840} INFO - DAG(s) 'example_time_delta_sensor_async' retrieved from /home/airflow/.local/lib/python3.12/site-packages/airflow/example_dags/example_time_delta_sensor_async.py
[2026-05-07T06:10:50.856+0000] {logging_mixin.py:188} INFO - [2026-05-07T06:10:50.856+0000] {dag.py:3089} INFO - Sync 1 DAGs
[2026-05-07T06:10:50.879+0000] {logging_mixin.py:188} INFO - [2026-05-07T06:10:50.878+0000] {dag.py:3947} INFO - Setting next_dagrun for example_time_delta_sensor_async to None, run_after=None
[2026-05-07T06:10:50.940+0000] {processor.py:183} INFO - Processing /home/airflow/.local/lib/python3.12/site-packages/airflow/example_dags/example_time_delta_sensor_async.py took 0.142 seconds
[2026-05-07T06:11:21.282+0000] {processor.py:161} INFO - Started process (PID=12973) to work on /home/airflow/.local/lib/python3.12/site-packages/airflow/example_dags/example_time_delta_sensor_async.py
[2026-05-07T06:11:21.284+0000] {processor.py:830} INFO - Processing file /home/airflow/.local/lib/python3.12/site-packages/airflow/example_dags/example_time_delta_sensor_async.py for tasks to queue
[2026-05-07T06:11:21.285+0000] {logging_mixin.py:188} INFO - [2026-05-07T06:11:21.285+0000] {dagbag.py:545} INFO - Filling up the DagBag from /home/airflow/.local/lib/python3.12/site-packages/airflow/example_dags/example_time_delta_sensor_async.py
[2026-05-07T06:11:21.295+0000] {processor.py:840} INFO - DAG(s) 'example_time_delta_sensor_async' retrieved from /home/airflow/.local/lib/python3.12/site-packages/airflow/example_dags/example_time_delta_sensor_async.py
[2026-05-07T06:11:21.333+0000] {logging_mixin.py:188} INFO - [2026-05-07T06:11:21.332+0000] {dag.py:3089} INFO - Sync 1 DAGs
[2026-05-07T06:11:21.352+0000] {logging_mixin.py:188} INFO - [2026-05-07T06:11:21.352+0000] {dag.py:3947} INFO - Setting next_dagrun for example_time_delta_sensor_async to None, run_after=None
[2026-05-07T06:11:21.414+0000] {processor.py:183} INFO - Processing /home/airflow/.local/lib/python3.12/site-packages/airflow/example_dags/example_time_delta_sensor_async.py took 0.141 seconds
[2026-05-07T06:11:52.294+0000] {processor.py:161} INFO - Started process (PID=13041) to work on /home/airflow/.local/lib/python3.12/site-packages/airflow/example_dags/example_time_delta_sensor_async.py
[2026-05-07T06:11:52.295+0000] {processor.py:830} INFO - Processing file /home/airflow/.local/lib/python3.12/site-packages/airflow/example_dags/example_time_delta_sensor_async.py for tasks to queue
[2026-05-07T06:11:52.303+0000] {logging_mixin.py:188} INFO - [2026-05-07T06:11:52.302+0000] {dagbag.py:545} INFO - Filling up the DagBag from /home/airflow/.local/lib/python3.12/site-packages/airflow/example_dags/example_time_delta_sensor_async.py
[2026-05-07T06:11:52.312+0000] {processor.py:840} INFO - DAG(s) 'example_time_delta_sensor_async' retrieved from /home/airflow/.local/lib/python3.12/site-packages/airflow/example_dags/example_time_delta_sensor_async.py
[2026-05-07T06:11:52.345+0000] {logging_mixin.py:188} INFO - [2026-05-07T06:11:52.345+0000] {dag.py:3089} INFO - Sync 1 DAGs
[2026-05-07T06:11:52.364+0000] {logging_mixin.py:188} INFO - [2026-05-07T06:11:52.364+0000] {dag.py:3947} INFO - Setting next_dagrun for example_time_delta_sensor_async to None, run_after=None
[2026-05-07T06:11:52.425+0000] {processor.py:183} INFO - Processing /home/airflow/.local/lib/python3.12/site-packages/airflow/example_dags/example_time_delta_sensor_async.py took 0.143 seconds
[2026-05-07T06:12:22.655+0000] {processor.py:161} INFO - Started process (PID=13108) to work on /home/airflow/.local/lib/python3.12/site-packages/airflow/example_dags/example_time_delta_sensor_async.py
[2026-05-07T06:12:22.657+0000] {processor.py:830} INFO - Processing file /home/airflow/.local/lib/python3.12/site-packages/airflow/example_dags/example_time_delta_sensor_async.py for tasks to queue
[2026-05-07T06:12:22.659+0000] {logging_mixin.py:188} INFO - [2026-05-07T06:12:22.658+0000] {dagbag.py:545} INFO - Filling up the DagBag from /home/airflow/.local/lib/python3.12/site-packages/airflow/example_dags/example_time_delta_sensor_async.py
[2026-05-07T06:12:22.668+0000] {processor.py:840} INFO - DAG(s) 'example_time_delta_sensor_async' retrieved from /home/airflow/.local/lib/python3.12/site-packages/airflow/example_dags/example_time_delta_sensor_async.py
[2026-05-07T06:12:22.705+0000] {logging_mixin.py:188} INFO - [2026-05-07T06:12:22.705+0000] {dag.py:3089} INFO - Sync 1 DAGs
[2026-05-07T06:12:22.730+0000] {logging_mixin.py:188} INFO - [2026-05-07T06:12:22.730+0000] {dag.py:3947} INFO - Setting next_dagrun for example_time_delta_sensor_async to None, run_after=None
[2026-05-07T06:12:22.879+0000] {processor.py:183} INFO - Processing /home/airflow/.local/lib/python3.12/site-packages/airflow/example_dags/example_time_delta_sensor_async.py took 0.233 seconds
[2026-05-07T06:12:54.221+0000] {processor.py:161} INFO - Started process (PID=13176) to work on /home/airflow/.local/lib/python3.12/site-packages/airflow/example_dags/example_time_delta_sensor_async.py
[2026-05-07T06:12:54.222+0000] {processor.py:830} INFO - Processing file /home/airflow/.local/lib/python3.12/site-packages/airflow/example_dags/example_time_delta_sensor_async.py for tasks to queue
[2026-05-07T06:12:54.224+0000] {logging_mixin.py:188} INFO - [2026-05-07T06:12:54.223+0000] {dagbag.py:545} INFO - Filling up the DagBag from /home/airflow/.local/lib/python3.12/site-packages/airflow/example_dags/example_time_delta_sensor_async.py
[2026-05-07T06:12:54.233+0000] {processor.py:840} INFO - DAG(s) 'example_time_delta_sensor_async' retrieved from /home/airflow/.local/lib/python3.12/site-packages/airflow/example_dags/example_time_delta_sensor_async.py
[2026-05-07T06:12:54.269+0000] {logging_mixin.py:188} INFO - [2026-05-07T06:12:54.269+0000] {dag.py:3089} INFO - Sync 1 DAGs
[2026-05-07T06:12:54.289+0000] {logging_mixin.py:188} INFO - [2026-05-07T06:12:54.289+0000] {dag.py:3947} INFO - Setting next_dagrun for example_time_delta_sensor_async to None, run_after=None
[2026-05-07T06:12:54.344+0000] {processor.py:183} INFO - Processing /home/airflow/.local/lib/python3.12/site-packages/airflow/example_dags/example_time_delta_sensor_async.py took 0.133 seconds
[2026-05-07T06:13:24.554+0000] {processor.py:161} INFO - Started process (PID=13250) to work on /home/airflow/.local/lib/python3.12/site-packages/airflow/example_dags/example_time_delta_sensor_async.py
[2026-05-07T06:13:24.556+0000] {processor.py:830} INFO - Processing file /home/airflow/.local/lib/python3.12/site-packages/airflow/example_dags/example_time_delta_sensor_async.py for tasks to queue
[2026-05-07T06:13:24.557+0000] {logging_mixin.py:188} INFO - [2026-05-07T06:13:24.557+0000] {dagbag.py:545} INFO - Filling up the DagBag from /home/airflow/.local/lib/python3.12/site-packages/airflow/example_dags/example_time_delta_sensor_async.py
[2026-05-07T06:13:24.565+0000] {processor.py:840} INFO - DAG(s) 'example_time_delta_sensor_async' retrieved from /home/airflow/.local/lib/python3.12/site-packages/airflow/example_dags/example_time_delta_sensor_async.py
[2026-05-07T06:13:24.606+0000] {logging_mixin.py:188} INFO - [2026-05-07T06:13:24.605+0000] {dag.py:3089} INFO - Sync 1 DAGs
[2026-05-07T06:13:24.627+0000] {logging_mixin.py:188} INFO - [2026-05-07T06:13:24.627+0000] {dag.py:3947} INFO - Setting next_dagrun for example_time_delta_sensor_async to None, run_after=None
[2026-05-07T06:13:24.663+0000] {processor.py:183} INFO - Processing /home/airflow/.local/lib/python3.12/site-packages/airflow/example_dags/example_time_delta_sensor_async.py took 0.119 seconds
[2026-05-07T06:13:55.083+0000] {processor.py:161} INFO - Started process (PID=13318) to work on /home/airflow/.local/lib/python3.12/site-packages/airflow/example_dags/example_time_delta_sensor_async.py
[2026-05-07T06:13:55.085+0000] {processor.py:830} INFO - Processing file /home/airflow/.local/lib/python3.12/site-packages/airflow/example_dags/example_time_delta_sensor_async.py for tasks to queue
[2026-05-07T06:13:55.087+0000] {logging_mixin.py:188} INFO - [2026-05-07T06:13:55.087+0000] {dagbag.py:545} INFO - Filling up the DagBag from /home/airflow/.local/lib/python3.12/site-packages/airflow/example_dags/example_time_delta_sensor_async.py
[2026-05-07T06:13:55.094+0000] {processor.py:840} INFO - DAG(s) 'example_time_delta_sensor_async' retrieved from /home/airflow/.local/lib/python3.12/site-packages/airflow/example_dags/example_time_delta_sensor_async.py
[2026-05-07T06:13:55.134+0000] {logging_mixin.py:188} INFO - [2026-05-07T06:13:55.133+0000] {dag.py:3089} INFO - Sync 1 DAGs
[2026-05-07T06:13:55.157+0000] {logging_mixin.py:188} INFO - [2026-05-07T06:13:55.156+0000] {dag.py:3947} INFO - Setting next_dagrun for example_time_delta_sensor_async to None, run_after=None
[2026-05-07T06:13:55.190+0000] {processor.py:183} INFO - Processing /home/airflow/.local/lib/python3.12/site-packages/airflow/example_dags/example_time_delta_sensor_async.py took 0.116 seconds
[2026-05-07T06:14:25.754+0000] {processor.py:161} INFO - Started process (PID=13386) to work on /home/airflow/.local/lib/python3.12/site-packages/airflow/example_dags/example_time_delta_sensor_async.py
[2026-05-07T06:14:25.758+0000] {processor.py:830} INFO - Processing file /home/airflow/.local/lib/python3.12/site-packages/airflow/example_dags/example_time_delta_sensor_async.py for tasks to queue
[2026-05-07T06:14:25.760+0000] {logging_mixin.py:188} INFO - [2026-05-07T06:14:25.759+0000] {dagbag.py:545} INFO - Filling up the DagBag from /home/airflow/.local/lib/python3.12/site-packages/airflow/example_dags/example_time_delta_sensor_async.py
[2026-05-07T06:14:25.768+0000] {processor.py:840} INFO - DAG(s) 'example_time_delta_sensor_async' retrieved from /home/airflow/.local/lib/python3.12/site-packages/airflow/example_dags/example_time_delta_sensor_async.py
[2026-05-07T06:14:25.803+0000] {logging_mixin.py:188} INFO - [2026-05-07T06:14:25.802+0000] {dag.py:3089} INFO - Sync 1 DAGs
[2026-05-07T06:14:25.821+0000] {logging_mixin.py:188} INFO - [2026-05-07T06:14:25.821+0000] {dag.py:3947} INFO - Setting next_dagrun for example_time_delta_sensor_async to None, run_after=None
[2026-05-07T06:14:25.854+0000] {processor.py:183} INFO - Processing /home/airflow/.local/lib/python3.12/site-packages/airflow/example_dags/example_time_delta_sensor_async.py took 0.113 seconds
[2026-05-07T06:14:56.891+0000] {processor.py:161} INFO - Started process (PID=13454) to work on /home/airflow/.local/lib/python3.12/site-packages/airflow/example_dags/example_time_delta_sensor_async.py
[2026-05-07T06:14:56.893+0000] {processor.py:830} INFO - Processing file /home/airflow/.local/lib/python3.12/site-packages/airflow/example_dags/example_time_delta_sensor_async.py for tasks to queue
[2026-05-07T06:14:56.895+0000] {logging_mixin.py:188} INFO - [2026-05-07T06:14:56.894+0000] {dagbag.py:545} INFO - Filling up the DagBag from /home/airflow/.local/lib/python3.12/site-packages/airflow/example_dags/example_time_delta_sensor_async.py
[2026-05-07T06:14:56.902+0000] {processor.py:840} INFO - DAG(s) 'example_time_delta_sensor_async' retrieved from /home/airflow/.local/lib/python3.12/site-packages/airflow/example_dags/example_time_delta_sensor_async.py
[2026-05-07T06:14:56.939+0000] {logging_mixin.py:188} INFO - [2026-05-07T06:14:56.938+0000] {dag.py:3089} INFO - Sync 1 DAGs
[2026-05-07T06:14:56.957+0000] {logging_mixin.py:188} INFO - [2026-05-07T06:14:56.956+0000] {dag.py:3947} INFO - Setting next_dagrun for example_time_delta_sensor_async to None, run_after=None
[2026-05-07T06:14:56.993+0000] {processor.py:183} INFO - Processing /home/airflow/.local/lib/python3.12/site-packages/airflow/example_dags/example_time_delta_sensor_async.py took 0.110 seconds
[2026-05-07T06:15:27.713+0000] {processor.py:161} INFO - Started process (PID=13521) to work on /home/airflow/.local/lib/python3.12/site-packages/airflow/example_dags/example_time_delta_sensor_async.py
[2026-05-07T06:15:27.715+0000] {processor.py:830} INFO - Processing file /home/airflow/.local/lib/python3.12/site-packages/airflow/example_dags/example_time_delta_sensor_async.py for tasks to queue
[2026-05-07T06:15:27.717+0000] {logging_mixin.py:188} INFO - [2026-05-07T06:15:27.717+0000] {dagbag.py:545} INFO - Filling up the DagBag from /home/airflow/.local/lib/python3.12/site-packages/airflow/example_dags/example_time_delta_sensor_async.py
[2026-05-07T06:15:27.726+0000] {processor.py:840} INFO - DAG(s) 'example_time_delta_sensor_async' retrieved from /home/airflow/.local/lib/python3.12/site-packages/airflow/example_dags/example_time_delta_sensor_async.py
[2026-05-07T06:15:27.771+0000] {logging_mixin.py:188} INFO - [2026-05-07T06:15:27.770+0000] {dag.py:3089} INFO - Sync 1 DAGs
[2026-05-07T06:15:27.798+0000] {logging_mixin.py:188} INFO - [2026-05-07T06:15:27.797+0000] {dag.py:3947} INFO - Setting next_dagrun for example_time_delta_sensor_async to None, run_after=None
[2026-05-07T06:15:27.845+0000] {processor.py:183} INFO - Processing /home/airflow/.local/lib/python3.12/site-packages/airflow/example_dags/example_time_delta_sensor_async.py took 0.144 seconds
[2026-05-07T06:15:58.725+0000] {processor.py:161} INFO - Started process (PID=13597) to work on /home/airflow/.local/lib/python3.12/site-packages/airflow/example_dags/example_time_delta_sensor_async.py
[2026-05-07T06:15:58.727+0000] {processor.py:830} INFO - Processing file /home/airflow/.local/lib/python3.12/site-packages/airflow/example_dags/example_time_delta_sensor_async.py for tasks to queue
[2026-05-07T06:15:58.728+0000] {logging_mixin.py:188} INFO - [2026-05-07T06:15:58.728+0000] {dagbag.py:545} INFO - Filling up the DagBag from /home/airflow/.local/lib/python3.12/site-packages/airflow/example_dags/example_time_delta_sensor_async.py
[2026-05-07T06:15:58.736+0000] {processor.py:840} INFO - DAG(s) 'example_time_delta_sensor_async' retrieved from /home/airflow/.local/lib/python3.12/site-packages/airflow/example_dags/example_time_delta_sensor_async.py
[2026-05-07T06:15:58.782+0000] {logging_mixin.py:188} INFO - [2026-05-07T06:15:58.782+0000] {dag.py:3089} INFO - Sync 1 DAGs
[2026-05-07T06:15:58.803+0000] {logging_mixin.py:188} INFO - [2026-05-07T06:15:58.802+0000] {dag.py:3947} INFO - Setting next_dagrun for example_time_delta_sensor_async to None, run_after=None
[2026-05-07T06:15:58.868+0000] {processor.py:183} INFO - Processing /home/airflow/.local/lib/python3.12/site-packages/airflow/example_dags/example_time_delta_sensor_async.py took 0.152 seconds
[2026-05-07T06:16:29.918+0000] {processor.py:161} INFO - Started process (PID=13665) to work on /home/airflow/.local/lib/python3.12/site-packages/airflow/example_dags/example_time_delta_sensor_async.py
[2026-05-07T06:16:29.920+0000] {processor.py:830} INFO - Processing file /home/airflow/.local/lib/python3.12/site-packages/airflow/example_dags/example_time_delta_sensor_async.py for tasks to queue
[2026-05-07T06:16:29.922+0000] {logging_mixin.py:188} INFO - [2026-05-07T06:16:29.921+0000] {dagbag.py:545} INFO - Filling up the DagBag from /home/airflow/.local/lib/python3.12/site-packages/airflow/example_dags/example_time_delta_sensor_async.py
[2026-05-07T06:16:29.930+0000] {processor.py:840} INFO - DAG(s) 'example_time_delta_sensor_async' retrieved from /home/airflow/.local/lib/python3.12/site-packages/airflow/example_dags/example_time_delta_sensor_async.py
[2026-05-07T06:16:29.972+0000] {logging_mixin.py:188} INFO - [2026-05-07T06:16:29.971+0000] {dag.py:3089} INFO - Sync 1 DAGs
[2026-05-07T06:16:29.994+0000] {logging_mixin.py:188} INFO - [2026-05-07T06:16:29.994+0000] {dag.py:3947} INFO - Setting next_dagrun for example_time_delta_sensor_async to None, run_after=None
[2026-05-07T06:16:30.039+0000] {processor.py:183} INFO - Processing /home/airflow/.local/lib/python3.12/site-packages/airflow/example_dags/example_time_delta_sensor_async.py took 0.131 seconds
[2026-05-07T06:17:00.812+0000] {processor.py:161} INFO - Started process (PID=13733) to work on /home/airflow/.local/lib/python3.12/site-packages/airflow/example_dags/example_time_delta_sensor_async.py
[2026-05-07T06:17:00.814+0000] {processor.py:830} INFO - Processing file /home/airflow/.local/lib/python3.12/site-packages/airflow/example_dags/example_time_delta_sensor_async.py for tasks to queue
[2026-05-07T06:17:00.816+0000] {logging_mixin.py:188} INFO - [2026-05-07T06:17:00.815+0000] {dagbag.py:545} INFO - Filling up the DagBag from /home/airflow/.local/lib/python3.12/site-packages/airflow/example_dags/example_time_delta_sensor_async.py
[2026-05-07T06:17:00.826+0000] {processor.py:840} INFO - DAG(s) 'example_time_delta_sensor_async' retrieved from /home/airflow/.local/lib/python3.12/site-packages/airflow/example_dags/example_time_delta_sensor_async.py
[2026-05-07T06:17:00.872+0000] {logging_mixin.py:188} INFO - [2026-05-07T06:17:00.872+0000] {dag.py:3089} INFO - Sync 1 DAGs
[2026-05-07T06:17:00.891+0000] {logging_mixin.py:188} INFO - [2026-05-07T06:17:00.890+0000] {dag.py:3947} INFO - Setting next_dagrun for example_time_delta_sensor_async to None, run_after=None
[2026-05-07T06:17:00.935+0000] {processor.py:183} INFO - Processing /home/airflow/.local/lib/python3.12/site-packages/airflow/example_dags/example_time_delta_sensor_async.py took 0.135 seconds
[2026-05-07T06:17:31.481+0000] {processor.py:161} INFO - Started process (PID=13801) to work on /home/airflow/.local/lib/python3.12/site-packages/airflow/example_dags/example_time_delta_sensor_async.py
[2026-05-07T06:17:31.483+0000] {processor.py:830} INFO - Processing file /home/airflow/.local/lib/python3.12/site-packages/airflow/example_dags/example_time_delta_sensor_async.py for tasks to queue
[2026-05-07T06:17:31.484+0000] {logging_mixin.py:188} INFO - [2026-05-07T06:17:31.484+0000] {dagbag.py:545} INFO - Filling up the DagBag from /home/airflow/.local/lib/python3.12/site-packages/airflow/example_dags/example_time_delta_sensor_async.py
[2026-05-07T06:17:31.492+0000] {processor.py:840} INFO - DAG(s) 'example_time_delta_sensor_async' retrieved from /home/airflow/.local/lib/python3.12/site-packages/airflow/example_dags/example_time_delta_sensor_async.py
[2026-05-07T06:17:31.526+0000] {logging_mixin.py:188} INFO - [2026-05-07T06:17:31.525+0000] {dag.py:3089} INFO - Sync 1 DAGs
[2026-05-07T06:17:31.545+0000] {logging_mixin.py:188} INFO - [2026-05-07T06:17:31.544+0000] {dag.py:3947} INFO - Setting next_dagrun for example_time_delta_sensor_async to None, run_after=None
[2026-05-07T06:17:31.580+0000] {processor.py:183} INFO - Processing /home/airflow/.local/lib/python3.12/site-packages/airflow/example_dags/example_time_delta_sensor_async.py took 0.110 seconds
[2026-05-07T06:18:01.881+0000] {processor.py:161} INFO - Started process (PID=13870) to work on /home/airflow/.local/lib/python3.12/site-packages/airflow/example_dags/example_time_delta_sensor_async.py
[2026-05-07T06:18:01.884+0000] {processor.py:830} INFO - Processing file /home/airflow/.local/lib/python3.12/site-packages/airflow/example_dags/example_time_delta_sensor_async.py for tasks to queue
[2026-05-07T06:18:01.888+0000] {logging_mixin.py:188} INFO - [2026-05-07T06:18:01.887+0000] {dagbag.py:545} INFO - Filling up the DagBag from /home/airflow/.local/lib/python3.12/site-packages/airflow/example_dags/example_time_delta_sensor_async.py
[2026-05-07T06:18:01.899+0000] {processor.py:840} INFO - DAG(s) 'example_time_delta_sensor_async' retrieved from /home/airflow/.local/lib/python3.12/site-packages/airflow/example_dags/example_time_delta_sensor_async.py
[2026-05-07T06:18:01.947+0000] {logging_mixin.py:188} INFO - [2026-05-07T06:18:01.946+0000] {dag.py:3089} INFO - Sync 1 DAGs
[2026-05-07T06:18:01.971+0000] {logging_mixin.py:188} INFO - [2026-05-07T06:18:01.970+0000] {dag.py:3947} INFO - Setting next_dagrun for example_time_delta_sensor_async to None, run_after=None
[2026-05-07T06:18:02.035+0000] {processor.py:183} INFO - Processing /home/airflow/.local/lib/python3.12/site-packages/airflow/example_dags/example_time_delta_sensor_async.py took 0.169 seconds
[2026-05-07T06:18:32.719+0000] {processor.py:161} INFO - Started process (PID=13937) to work on /home/airflow/.local/lib/python3.12/site-packages/airflow/example_dags/example_time_delta_sensor_async.py
[2026-05-07T06:18:32.722+0000] {processor.py:830} INFO - Processing file /home/airflow/.local/lib/python3.12/site-packages/airflow/example_dags/example_time_delta_sensor_async.py for tasks to queue
[2026-05-07T06:18:32.724+0000] {logging_mixin.py:188} INFO - [2026-05-07T06:18:32.724+0000] {dagbag.py:545} INFO - Filling up the DagBag from /home/airflow/.local/lib/python3.12/site-packages/airflow/example_dags/example_time_delta_sensor_async.py
[2026-05-07T06:18:32.735+0000] {processor.py:840} INFO - DAG(s) 'example_time_delta_sensor_async' retrieved from /home/airflow/.local/lib/python3.12/site-packages/airflow/example_dags/example_time_delta_sensor_async.py
[2026-05-07T06:18:32.770+0000] {logging_mixin.py:188} INFO - [2026-05-07T06:18:32.769+0000] {dag.py:3089} INFO - Sync 1 DAGs
[2026-05-07T06:18:32.790+0000] {logging_mixin.py:188} INFO - [2026-05-07T06:18:32.790+0000] {dag.py:3947} INFO - Setting next_dagrun for example_time_delta_sensor_async to None, run_after=None
[2026-05-07T06:18:32.848+0000] {processor.py:183} INFO - Processing /home/airflow/.local/lib/python3.12/site-packages/airflow/example_dags/example_time_delta_sensor_async.py took 0.143 seconds
[2026-05-07T06:19:03.042+0000] {processor.py:161} INFO - Started process (PID=14012) to work on /home/airflow/.local/lib/python3.12/site-packages/airflow/example_dags/example_time_delta_sensor_async.py
[2026-05-07T06:19:03.044+0000] {processor.py:830} INFO - Processing file /home/airflow/.local/lib/python3.12/site-packages/airflow/example_dags/example_time_delta_sensor_async.py for tasks to queue
[2026-05-07T06:19:03.046+0000] {logging_mixin.py:188} INFO - [2026-05-07T06:19:03.045+0000] {dagbag.py:545} INFO - Filling up the DagBag from /home/airflow/.local/lib/python3.12/site-packages/airflow/example_dags/example_time_delta_sensor_async.py
[2026-05-07T06:19:03.056+0000] {processor.py:840} INFO - DAG(s) 'example_time_delta_sensor_async' retrieved from /home/airflow/.local/lib/python3.12/site-packages/airflow/example_dags/example_time_delta_sensor_async.py
[2026-05-07T06:19:03.096+0000] {logging_mixin.py:188} INFO - [2026-05-07T06:19:03.096+0000] {dag.py:3089} INFO - Sync 1 DAGs
[2026-05-07T06:19:03.117+0000] {logging_mixin.py:188} INFO - [2026-05-07T06:19:03.117+0000] {dag.py:3947} INFO - Setting next_dagrun for example_time_delta_sensor_async to None, run_after=None
[2026-05-07T06:19:03.151+0000] {processor.py:183} INFO - Processing /home/airflow/.local/lib/python3.12/site-packages/airflow/example_dags/example_time_delta_sensor_async.py took 0.118 seconds
[2026-05-07T06:19:33.708+0000] {processor.py:161} INFO - Started process (PID=14080) to work on /home/airflow/.local/lib/python3.12/site-packages/airflow/example_dags/example_time_delta_sensor_async.py
[2026-05-07T06:19:33.710+0000] {processor.py:830} INFO - Processing file /home/airflow/.local/lib/python3.12/site-packages/airflow/example_dags/example_time_delta_sensor_async.py for tasks to queue
[2026-05-07T06:19:33.712+0000] {logging_mixin.py:188} INFO - [2026-05-07T06:19:33.712+0000] {dagbag.py:545} INFO - Filling up the DagBag from /home/airflow/.local/lib/python3.12/site-packages/airflow/example_dags/example_time_delta_sensor_async.py
[2026-05-07T06:19:33.723+0000] {processor.py:840} INFO - DAG(s) 'example_time_delta_sensor_async' retrieved from /home/airflow/.local/lib/python3.12/site-packages/airflow/example_dags/example_time_delta_sensor_async.py
[2026-05-07T06:19:33.768+0000] {logging_mixin.py:188} INFO - [2026-05-07T06:19:33.768+0000] {dag.py:3089} INFO - Sync 1 DAGs
[2026-05-07T06:19:33.786+0000] {logging_mixin.py:188} INFO - [2026-05-07T06:19:33.785+0000] {dag.py:3947} INFO - Setting next_dagrun for example_time_delta_sensor_async to None, run_after=None
[2026-05-07T06:19:33.849+0000] {processor.py:183} INFO - Processing /home/airflow/.local/lib/python3.12/site-packages/airflow/example_dags/example_time_delta_sensor_async.py took 0.154 seconds
[2026-05-07T06:20:04.323+0000] {processor.py:161} INFO - Started process (PID=14148) to work on /home/airflow/.local/lib/python3.12/site-packages/airflow/example_dags/example_time_delta_sensor_async.py
[2026-05-07T06:20:04.325+0000] {processor.py:830} INFO - Processing file /home/airflow/.local/lib/python3.12/site-packages/airflow/example_dags/example_time_delta_sensor_async.py for tasks to queue
[2026-05-07T06:20:04.326+0000] {logging_mixin.py:188} INFO - [2026-05-07T06:20:04.326+0000] {dagbag.py:545} INFO - Filling up the DagBag from /home/airflow/.local/lib/python3.12/site-packages/airflow/example_dags/example_time_delta_sensor_async.py
[2026-05-07T06:20:04.334+0000] {processor.py:840} INFO - DAG(s) 'example_time_delta_sensor_async' retrieved from /home/airflow/.local/lib/python3.12/site-packages/airflow/example_dags/example_time_delta_sensor_async.py
[2026-05-07T06:20:04.368+0000] {logging_mixin.py:188} INFO - [2026-05-07T06:20:04.367+0000] {dag.py:3089} INFO - Sync 1 DAGs
[2026-05-07T06:20:04.390+0000] {logging_mixin.py:188} INFO - [2026-05-07T06:20:04.390+0000] {dag.py:3947} INFO - Setting next_dagrun for example_time_delta_sensor_async to None, run_after=None
[2026-05-07T06:20:04.451+0000] {processor.py:183} INFO - Processing /home/airflow/.local/lib/python3.12/site-packages/airflow/example_dags/example_time_delta_sensor_async.py took 0.138 seconds
