[2026-05-07T04:50:04.176+0000] {processor.py:161} INFO - Started process (PID=11924) to work on /home/airflow/.local/lib/python3.12/site-packages/airflow/example_dags/example_short_circuit_operator.py
[2026-05-07T04:50:04.177+0000] {processor.py:830} INFO - Processing file /home/airflow/.local/lib/python3.12/site-packages/airflow/example_dags/example_short_circuit_operator.py for tasks to queue
[2026-05-07T04:50:04.178+0000] {logging_mixin.py:188} INFO - [2026-05-07T04:50:04.177+0000] {dagbag.py:545} INFO - Filling up the DagBag from /home/airflow/.local/lib/python3.12/site-packages/airflow/example_dags/example_short_circuit_operator.py
[2026-05-07T04:50:04.186+0000] {processor.py:840} INFO - DAG(s) 'example_short_circuit_operator' retrieved from /home/airflow/.local/lib/python3.12/site-packages/airflow/example_dags/example_short_circuit_operator.py
[2026-05-07T04:50:04.211+0000] {logging_mixin.py:188} INFO - [2026-05-07T04:50:04.210+0000] {dag.py:3089} INFO - Sync 1 DAGs
[2026-05-07T04:50:04.231+0000] {logging_mixin.py:188} INFO - [2026-05-07T04:50:04.231+0000] {dag.py:3947} INFO - Setting next_dagrun for example_short_circuit_operator to 2026-05-06 00:00:00+00:00, run_after=2026-05-07 00:00:00+00:00
[2026-05-07T04:50:04.253+0000] {processor.py:183} INFO - Processing /home/airflow/.local/lib/python3.12/site-packages/airflow/example_dags/example_short_circuit_operator.py took 0.083 seconds
[2026-05-07T04:50:34.685+0000] {processor.py:161} INFO - Started process (PID=11992) to work on /home/airflow/.local/lib/python3.12/site-packages/airflow/example_dags/example_short_circuit_operator.py
[2026-05-07T04:50:34.688+0000] {processor.py:830} INFO - Processing file /home/airflow/.local/lib/python3.12/site-packages/airflow/example_dags/example_short_circuit_operator.py for tasks to queue
[2026-05-07T04:50:34.690+0000] {logging_mixin.py:188} INFO - [2026-05-07T04:50:34.689+0000] {dagbag.py:545} INFO - Filling up the DagBag from /home/airflow/.local/lib/python3.12/site-packages/airflow/example_dags/example_short_circuit_operator.py
[2026-05-07T04:50:34.702+0000] {processor.py:840} INFO - DAG(s) 'example_short_circuit_operator' retrieved from /home/airflow/.local/lib/python3.12/site-packages/airflow/example_dags/example_short_circuit_operator.py
[2026-05-07T04:50:34.733+0000] {logging_mixin.py:188} INFO - [2026-05-07T04:50:34.733+0000] {dag.py:3089} INFO - Sync 1 DAGs
[2026-05-07T04:50:34.754+0000] {logging_mixin.py:188} INFO - [2026-05-07T04:50:34.754+0000] {dag.py:3947} INFO - Setting next_dagrun for example_short_circuit_operator to 2026-05-06 00:00:00+00:00, run_after=2026-05-07 00:00:00+00:00
[2026-05-07T04:50:34.778+0000] {processor.py:183} INFO - Processing /home/airflow/.local/lib/python3.12/site-packages/airflow/example_dags/example_short_circuit_operator.py took 0.105 seconds
[2026-05-07T04:51:05.015+0000] {processor.py:161} INFO - Started process (PID=12060) to work on /home/airflow/.local/lib/python3.12/site-packages/airflow/example_dags/example_short_circuit_operator.py
[2026-05-07T04:51:05.017+0000] {processor.py:830} INFO - Processing file /home/airflow/.local/lib/python3.12/site-packages/airflow/example_dags/example_short_circuit_operator.py for tasks to queue
[2026-05-07T04:51:05.019+0000] {logging_mixin.py:188} INFO - [2026-05-07T04:51:05.018+0000] {dagbag.py:545} INFO - Filling up the DagBag from /home/airflow/.local/lib/python3.12/site-packages/airflow/example_dags/example_short_circuit_operator.py
[2026-05-07T04:51:05.027+0000] {processor.py:840} INFO - DAG(s) 'example_short_circuit_operator' retrieved from /home/airflow/.local/lib/python3.12/site-packages/airflow/example_dags/example_short_circuit_operator.py
[2026-05-07T04:51:05.063+0000] {logging_mixin.py:188} INFO - [2026-05-07T04:51:05.062+0000] {dag.py:3089} INFO - Sync 1 DAGs
[2026-05-07T04:51:05.083+0000] {logging_mixin.py:188} INFO - [2026-05-07T04:51:05.082+0000] {dag.py:3947} INFO - Setting next_dagrun for example_short_circuit_operator to 2026-05-06 00:00:00+00:00, run_after=2026-05-07 00:00:00+00:00
[2026-05-07T04:51:05.103+0000] {processor.py:183} INFO - Processing /home/airflow/.local/lib/python3.12/site-packages/airflow/example_dags/example_short_circuit_operator.py took 0.099 seconds
[2026-05-07T04:51:35.288+0000] {processor.py:161} INFO - Started process (PID=12135) to work on /home/airflow/.local/lib/python3.12/site-packages/airflow/example_dags/example_short_circuit_operator.py
[2026-05-07T04:51:35.289+0000] {processor.py:830} INFO - Processing file /home/airflow/.local/lib/python3.12/site-packages/airflow/example_dags/example_short_circuit_operator.py for tasks to queue
[2026-05-07T04:51:35.291+0000] {logging_mixin.py:188} INFO - [2026-05-07T04:51:35.291+0000] {dagbag.py:545} INFO - Filling up the DagBag from /home/airflow/.local/lib/python3.12/site-packages/airflow/example_dags/example_short_circuit_operator.py
[2026-05-07T04:51:35.305+0000] {processor.py:840} INFO - DAG(s) 'example_short_circuit_operator' retrieved from /home/airflow/.local/lib/python3.12/site-packages/airflow/example_dags/example_short_circuit_operator.py
[2026-05-07T04:51:35.333+0000] {logging_mixin.py:188} INFO - [2026-05-07T04:51:35.332+0000] {dag.py:3089} INFO - Sync 1 DAGs
[2026-05-07T04:51:35.364+0000] {logging_mixin.py:188} INFO - [2026-05-07T04:51:35.363+0000] {dag.py:3947} INFO - Setting next_dagrun for example_short_circuit_operator to 2026-05-06 00:00:00+00:00, run_after=2026-05-07 00:00:00+00:00
[2026-05-07T04:51:35.386+0000] {processor.py:183} INFO - Processing /home/airflow/.local/lib/python3.12/site-packages/airflow/example_dags/example_short_circuit_operator.py took 0.107 seconds
[2026-05-07T04:52:06.209+0000] {processor.py:161} INFO - Started process (PID=12203) to work on /home/airflow/.local/lib/python3.12/site-packages/airflow/example_dags/example_short_circuit_operator.py
[2026-05-07T04:52:06.211+0000] {processor.py:830} INFO - Processing file /home/airflow/.local/lib/python3.12/site-packages/airflow/example_dags/example_short_circuit_operator.py for tasks to queue
[2026-05-07T04:52:06.213+0000] {logging_mixin.py:188} INFO - [2026-05-07T04:52:06.212+0000] {dagbag.py:545} INFO - Filling up the DagBag from /home/airflow/.local/lib/python3.12/site-packages/airflow/example_dags/example_short_circuit_operator.py
[2026-05-07T04:52:06.226+0000] {processor.py:840} INFO - DAG(s) 'example_short_circuit_operator' retrieved from /home/airflow/.local/lib/python3.12/site-packages/airflow/example_dags/example_short_circuit_operator.py
[2026-05-07T04:52:06.266+0000] {logging_mixin.py:188} INFO - [2026-05-07T04:52:06.265+0000] {dag.py:3089} INFO - Sync 1 DAGs
[2026-05-07T04:52:06.292+0000] {logging_mixin.py:188} INFO - [2026-05-07T04:52:06.292+0000] {dag.py:3947} INFO - Setting next_dagrun for example_short_circuit_operator to 2026-05-06 00:00:00+00:00, run_after=2026-05-07 00:00:00+00:00
[2026-05-07T04:52:06.315+0000] {processor.py:183} INFO - Processing /home/airflow/.local/lib/python3.12/site-packages/airflow/example_dags/example_short_circuit_operator.py took 0.113 seconds
[2026-05-07T04:52:36.608+0000] {processor.py:161} INFO - Started process (PID=12278) to work on /home/airflow/.local/lib/python3.12/site-packages/airflow/example_dags/example_short_circuit_operator.py
[2026-05-07T04:52:36.610+0000] {processor.py:830} INFO - Processing file /home/airflow/.local/lib/python3.12/site-packages/airflow/example_dags/example_short_circuit_operator.py for tasks to queue
[2026-05-07T04:52:36.612+0000] {logging_mixin.py:188} INFO - [2026-05-07T04:52:36.612+0000] {dagbag.py:545} INFO - Filling up the DagBag from /home/airflow/.local/lib/python3.12/site-packages/airflow/example_dags/example_short_circuit_operator.py
[2026-05-07T04:52:36.631+0000] {processor.py:840} INFO - DAG(s) 'example_short_circuit_operator' retrieved from /home/airflow/.local/lib/python3.12/site-packages/airflow/example_dags/example_short_circuit_operator.py
[2026-05-07T04:52:36.671+0000] {logging_mixin.py:188} INFO - [2026-05-07T04:52:36.671+0000] {dag.py:3089} INFO - Sync 1 DAGs
[2026-05-07T04:52:36.692+0000] {logging_mixin.py:188} INFO - [2026-05-07T04:52:36.692+0000] {dag.py:3947} INFO - Setting next_dagrun for example_short_circuit_operator to 2026-05-06 00:00:00+00:00, run_after=2026-05-07 00:00:00+00:00
[2026-05-07T04:52:36.716+0000] {processor.py:183} INFO - Processing /home/airflow/.local/lib/python3.12/site-packages/airflow/example_dags/example_short_circuit_operator.py took 0.120 seconds
[2026-05-07T04:53:06.967+0000] {processor.py:161} INFO - Started process (PID=12346) to work on /home/airflow/.local/lib/python3.12/site-packages/airflow/example_dags/example_short_circuit_operator.py
[2026-05-07T04:53:06.969+0000] {processor.py:830} INFO - Processing file /home/airflow/.local/lib/python3.12/site-packages/airflow/example_dags/example_short_circuit_operator.py for tasks to queue
[2026-05-07T04:53:06.971+0000] {logging_mixin.py:188} INFO - [2026-05-07T04:53:06.970+0000] {dagbag.py:545} INFO - Filling up the DagBag from /home/airflow/.local/lib/python3.12/site-packages/airflow/example_dags/example_short_circuit_operator.py
[2026-05-07T04:53:06.982+0000] {processor.py:840} INFO - DAG(s) 'example_short_circuit_operator' retrieved from /home/airflow/.local/lib/python3.12/site-packages/airflow/example_dags/example_short_circuit_operator.py
[2026-05-07T04:53:07.011+0000] {logging_mixin.py:188} INFO - [2026-05-07T04:53:07.010+0000] {dag.py:3089} INFO - Sync 1 DAGs
[2026-05-07T04:53:07.030+0000] {logging_mixin.py:188} INFO - [2026-05-07T04:53:07.030+0000] {dag.py:3947} INFO - Setting next_dagrun for example_short_circuit_operator to 2026-05-06 00:00:00+00:00, run_after=2026-05-07 00:00:00+00:00
[2026-05-07T04:53:07.058+0000] {processor.py:183} INFO - Processing /home/airflow/.local/lib/python3.12/site-packages/airflow/example_dags/example_short_circuit_operator.py took 0.101 seconds
[2026-05-07T04:55:34.274+0000] {processor.py:161} INFO - Started process (PID=12403) to work on /home/airflow/.local/lib/python3.12/site-packages/airflow/example_dags/example_short_circuit_operator.py
[2026-05-07T04:55:34.275+0000] {processor.py:830} INFO - Processing file /home/airflow/.local/lib/python3.12/site-packages/airflow/example_dags/example_short_circuit_operator.py for tasks to queue
[2026-05-07T04:55:34.277+0000] {logging_mixin.py:188} INFO - [2026-05-07T04:55:34.276+0000] {dagbag.py:545} INFO - Filling up the DagBag from /home/airflow/.local/lib/python3.12/site-packages/airflow/example_dags/example_short_circuit_operator.py
[2026-05-07T04:55:34.290+0000] {processor.py:840} INFO - DAG(s) 'example_short_circuit_operator' retrieved from /home/airflow/.local/lib/python3.12/site-packages/airflow/example_dags/example_short_circuit_operator.py
[2026-05-07T04:55:34.324+0000] {logging_mixin.py:188} INFO - [2026-05-07T04:55:34.324+0000] {dag.py:3089} INFO - Sync 1 DAGs
[2026-05-07T04:55:34.357+0000] {logging_mixin.py:188} INFO - [2026-05-07T04:55:34.357+0000] {dag.py:3947} INFO - Setting next_dagrun for example_short_circuit_operator to 2026-05-06 00:00:00+00:00, run_after=2026-05-07 00:00:00+00:00
[2026-05-07T04:55:34.427+0000] {processor.py:183} INFO - Processing /home/airflow/.local/lib/python3.12/site-packages/airflow/example_dags/example_short_circuit_operator.py took 0.165 seconds
[2026-05-07T05:20:13.958+0000] {processor.py:161} INFO - Started process (PID=12451) to work on /home/airflow/.local/lib/python3.12/site-packages/airflow/example_dags/example_short_circuit_operator.py
[2026-05-07T05:20:13.959+0000] {processor.py:830} INFO - Processing file /home/airflow/.local/lib/python3.12/site-packages/airflow/example_dags/example_short_circuit_operator.py for tasks to queue
[2026-05-07T05:20:13.960+0000] {logging_mixin.py:188} INFO - [2026-05-07T05:20:13.960+0000] {dagbag.py:545} INFO - Filling up the DagBag from /home/airflow/.local/lib/python3.12/site-packages/airflow/example_dags/example_short_circuit_operator.py
[2026-05-07T05:20:13.967+0000] {processor.py:840} INFO - DAG(s) 'example_short_circuit_operator' retrieved from /home/airflow/.local/lib/python3.12/site-packages/airflow/example_dags/example_short_circuit_operator.py
[2026-05-07T05:20:13.991+0000] {logging_mixin.py:188} INFO - [2026-05-07T05:20:13.991+0000] {dag.py:3089} INFO - Sync 1 DAGs
[2026-05-07T05:20:14.007+0000] {logging_mixin.py:188} INFO - [2026-05-07T05:20:14.007+0000] {dag.py:3947} INFO - Setting next_dagrun for example_short_circuit_operator to 2026-05-06 00:00:00+00:00, run_after=2026-05-07 00:00:00+00:00
[2026-05-07T05:20:14.037+0000] {processor.py:183} INFO - Processing /home/airflow/.local/lib/python3.12/site-packages/airflow/example_dags/example_short_circuit_operator.py took 0.084 seconds
[2026-05-07T06:07:43.735+0000] {processor.py:161} INFO - Started process (PID=12478) to work on /home/airflow/.local/lib/python3.12/site-packages/airflow/example_dags/example_short_circuit_operator.py
[2026-05-07T06:07:43.736+0000] {processor.py:830} INFO - Processing file /home/airflow/.local/lib/python3.12/site-packages/airflow/example_dags/example_short_circuit_operator.py for tasks to queue
[2026-05-07T06:07:43.737+0000] {logging_mixin.py:188} INFO - [2026-05-07T06:07:43.737+0000] {dagbag.py:545} INFO - Filling up the DagBag from /home/airflow/.local/lib/python3.12/site-packages/airflow/example_dags/example_short_circuit_operator.py
[2026-05-07T06:07:43.751+0000] {processor.py:840} INFO - DAG(s) 'example_short_circuit_operator' retrieved from /home/airflow/.local/lib/python3.12/site-packages/airflow/example_dags/example_short_circuit_operator.py
[2026-05-07T06:07:43.786+0000] {logging_mixin.py:188} INFO - [2026-05-07T06:07:43.785+0000] {dag.py:3089} INFO - Sync 1 DAGs
[2026-05-07T06:07:43.822+0000] {logging_mixin.py:188} INFO - [2026-05-07T06:07:43.822+0000] {dag.py:3947} INFO - Setting next_dagrun for example_short_circuit_operator to 2026-05-06 00:00:00+00:00, run_after=2026-05-07 00:00:00+00:00
[2026-05-07T06:07:43.861+0000] {processor.py:183} INFO - Processing /home/airflow/.local/lib/python3.12/site-packages/airflow/example_dags/example_short_circuit_operator.py took 0.136 seconds
[2026-05-07T06:08:14.954+0000] {processor.py:161} INFO - Started process (PID=12546) to work on /home/airflow/.local/lib/python3.12/site-packages/airflow/example_dags/example_short_circuit_operator.py
[2026-05-07T06:08:14.957+0000] {processor.py:830} INFO - Processing file /home/airflow/.local/lib/python3.12/site-packages/airflow/example_dags/example_short_circuit_operator.py for tasks to queue
[2026-05-07T06:08:14.960+0000] {logging_mixin.py:188} INFO - [2026-05-07T06:08:14.959+0000] {dagbag.py:545} INFO - Filling up the DagBag from /home/airflow/.local/lib/python3.12/site-packages/airflow/example_dags/example_short_circuit_operator.py
[2026-05-07T06:08:14.975+0000] {processor.py:840} INFO - DAG(s) 'example_short_circuit_operator' retrieved from /home/airflow/.local/lib/python3.12/site-packages/airflow/example_dags/example_short_circuit_operator.py
[2026-05-07T06:08:15.032+0000] {logging_mixin.py:188} INFO - [2026-05-07T06:08:15.032+0000] {dag.py:3089} INFO - Sync 1 DAGs
[2026-05-07T06:08:15.081+0000] {logging_mixin.py:188} INFO - [2026-05-07T06:08:15.080+0000] {dag.py:3947} INFO - Setting next_dagrun for example_short_circuit_operator to 2026-05-06 00:00:00+00:00, run_after=2026-05-07 00:00:00+00:00
[2026-05-07T06:08:15.137+0000] {processor.py:183} INFO - Processing /home/airflow/.local/lib/python3.12/site-packages/airflow/example_dags/example_short_circuit_operator.py took 0.197 seconds
[2026-05-07T06:08:45.971+0000] {processor.py:161} INFO - Started process (PID=12614) to work on /home/airflow/.local/lib/python3.12/site-packages/airflow/example_dags/example_short_circuit_operator.py
[2026-05-07T06:08:45.973+0000] {processor.py:830} INFO - Processing file /home/airflow/.local/lib/python3.12/site-packages/airflow/example_dags/example_short_circuit_operator.py for tasks to queue
[2026-05-07T06:08:45.974+0000] {logging_mixin.py:188} INFO - [2026-05-07T06:08:45.974+0000] {dagbag.py:545} INFO - Filling up the DagBag from /home/airflow/.local/lib/python3.12/site-packages/airflow/example_dags/example_short_circuit_operator.py
[2026-05-07T06:08:45.988+0000] {processor.py:840} INFO - DAG(s) 'example_short_circuit_operator' retrieved from /home/airflow/.local/lib/python3.12/site-packages/airflow/example_dags/example_short_circuit_operator.py
[2026-05-07T06:08:46.022+0000] {logging_mixin.py:188} INFO - [2026-05-07T06:08:46.022+0000] {dag.py:3089} INFO - Sync 1 DAGs
[2026-05-07T06:08:46.057+0000] {logging_mixin.py:188} INFO - [2026-05-07T06:08:46.057+0000] {dag.py:3947} INFO - Setting next_dagrun for example_short_circuit_operator to 2026-05-06 00:00:00+00:00, run_after=2026-05-07 00:00:00+00:00
[2026-05-07T06:08:46.090+0000] {processor.py:183} INFO - Processing /home/airflow/.local/lib/python3.12/site-packages/airflow/example_dags/example_short_circuit_operator.py took 0.129 seconds
[2026-05-07T06:09:16.678+0000] {processor.py:161} INFO - Started process (PID=12682) to work on /home/airflow/.local/lib/python3.12/site-packages/airflow/example_dags/example_short_circuit_operator.py
[2026-05-07T06:09:16.683+0000] {processor.py:830} INFO - Processing file /home/airflow/.local/lib/python3.12/site-packages/airflow/example_dags/example_short_circuit_operator.py for tasks to queue
[2026-05-07T06:09:16.685+0000] {logging_mixin.py:188} INFO - [2026-05-07T06:09:16.685+0000] {dagbag.py:545} INFO - Filling up the DagBag from /home/airflow/.local/lib/python3.12/site-packages/airflow/example_dags/example_short_circuit_operator.py
[2026-05-07T06:09:16.699+0000] {processor.py:840} INFO - DAG(s) 'example_short_circuit_operator' retrieved from /home/airflow/.local/lib/python3.12/site-packages/airflow/example_dags/example_short_circuit_operator.py
[2026-05-07T06:09:16.737+0000] {logging_mixin.py:188} INFO - [2026-05-07T06:09:16.736+0000] {dag.py:3089} INFO - Sync 1 DAGs
[2026-05-07T06:09:16.774+0000] {logging_mixin.py:188} INFO - [2026-05-07T06:09:16.774+0000] {dag.py:3947} INFO - Setting next_dagrun for example_short_circuit_operator to 2026-05-06 00:00:00+00:00, run_after=2026-05-07 00:00:00+00:00
[2026-05-07T06:09:16.809+0000] {processor.py:183} INFO - Processing /home/airflow/.local/lib/python3.12/site-packages/airflow/example_dags/example_short_circuit_operator.py took 0.141 seconds
[2026-05-07T06:09:46.893+0000] {processor.py:161} INFO - Started process (PID=12750) to work on /home/airflow/.local/lib/python3.12/site-packages/airflow/example_dags/example_short_circuit_operator.py
[2026-05-07T06:09:46.897+0000] {processor.py:830} INFO - Processing file /home/airflow/.local/lib/python3.12/site-packages/airflow/example_dags/example_short_circuit_operator.py for tasks to queue
[2026-05-07T06:09:46.899+0000] {logging_mixin.py:188} INFO - [2026-05-07T06:09:46.898+0000] {dagbag.py:545} INFO - Filling up the DagBag from /home/airflow/.local/lib/python3.12/site-packages/airflow/example_dags/example_short_circuit_operator.py
[2026-05-07T06:09:46.913+0000] {processor.py:840} INFO - DAG(s) 'example_short_circuit_operator' retrieved from /home/airflow/.local/lib/python3.12/site-packages/airflow/example_dags/example_short_circuit_operator.py
[2026-05-07T06:09:46.959+0000] {logging_mixin.py:188} INFO - [2026-05-07T06:09:46.958+0000] {dag.py:3089} INFO - Sync 1 DAGs
[2026-05-07T06:09:47.004+0000] {logging_mixin.py:188} INFO - [2026-05-07T06:09:47.003+0000] {dag.py:3947} INFO - Setting next_dagrun for example_short_circuit_operator to 2026-05-06 00:00:00+00:00, run_after=2026-05-07 00:00:00+00:00
[2026-05-07T06:09:47.050+0000] {processor.py:183} INFO - Processing /home/airflow/.local/lib/python3.12/site-packages/airflow/example_dags/example_short_circuit_operator.py took 0.167 seconds
[2026-05-07T06:10:18.009+0000] {processor.py:161} INFO - Started process (PID=12818) to work on /home/airflow/.local/lib/python3.12/site-packages/airflow/example_dags/example_short_circuit_operator.py
[2026-05-07T06:10:18.012+0000] {processor.py:830} INFO - Processing file /home/airflow/.local/lib/python3.12/site-packages/airflow/example_dags/example_short_circuit_operator.py for tasks to queue
[2026-05-07T06:10:18.015+0000] {logging_mixin.py:188} INFO - [2026-05-07T06:10:18.015+0000] {dagbag.py:545} INFO - Filling up the DagBag from /home/airflow/.local/lib/python3.12/site-packages/airflow/example_dags/example_short_circuit_operator.py
[2026-05-07T06:10:18.033+0000] {processor.py:840} INFO - DAG(s) 'example_short_circuit_operator' retrieved from /home/airflow/.local/lib/python3.12/site-packages/airflow/example_dags/example_short_circuit_operator.py
[2026-05-07T06:10:18.077+0000] {logging_mixin.py:188} INFO - [2026-05-07T06:10:18.076+0000] {dag.py:3089} INFO - Sync 1 DAGs
[2026-05-07T06:10:18.120+0000] {logging_mixin.py:188} INFO - [2026-05-07T06:10:18.119+0000] {dag.py:3947} INFO - Setting next_dagrun for example_short_circuit_operator to 2026-05-06 00:00:00+00:00, run_after=2026-05-07 00:00:00+00:00
[2026-05-07T06:10:18.158+0000] {processor.py:183} INFO - Processing /home/airflow/.local/lib/python3.12/site-packages/airflow/example_dags/example_short_circuit_operator.py took 0.161 seconds
[2026-05-07T06:10:48.529+0000] {processor.py:161} INFO - Started process (PID=12893) to work on /home/airflow/.local/lib/python3.12/site-packages/airflow/example_dags/example_short_circuit_operator.py
[2026-05-07T06:10:48.531+0000] {processor.py:830} INFO - Processing file /home/airflow/.local/lib/python3.12/site-packages/airflow/example_dags/example_short_circuit_operator.py for tasks to queue
[2026-05-07T06:10:48.533+0000] {logging_mixin.py:188} INFO - [2026-05-07T06:10:48.533+0000] {dagbag.py:545} INFO - Filling up the DagBag from /home/airflow/.local/lib/python3.12/site-packages/airflow/example_dags/example_short_circuit_operator.py
[2026-05-07T06:10:48.548+0000] {processor.py:840} INFO - DAG(s) 'example_short_circuit_operator' retrieved from /home/airflow/.local/lib/python3.12/site-packages/airflow/example_dags/example_short_circuit_operator.py
[2026-05-07T06:10:48.584+0000] {logging_mixin.py:188} INFO - [2026-05-07T06:10:48.584+0000] {dag.py:3089} INFO - Sync 1 DAGs
[2026-05-07T06:10:48.618+0000] {logging_mixin.py:188} INFO - [2026-05-07T06:10:48.618+0000] {dag.py:3947} INFO - Setting next_dagrun for example_short_circuit_operator to 2026-05-06 00:00:00+00:00, run_after=2026-05-07 00:00:00+00:00
[2026-05-07T06:10:48.655+0000] {processor.py:183} INFO - Processing /home/airflow/.local/lib/python3.12/site-packages/airflow/example_dags/example_short_circuit_operator.py took 0.138 seconds
[2026-05-07T06:11:19.639+0000] {processor.py:161} INFO - Started process (PID=12961) to work on /home/airflow/.local/lib/python3.12/site-packages/airflow/example_dags/example_short_circuit_operator.py
[2026-05-07T06:11:19.641+0000] {processor.py:830} INFO - Processing file /home/airflow/.local/lib/python3.12/site-packages/airflow/example_dags/example_short_circuit_operator.py for tasks to queue
[2026-05-07T06:11:19.644+0000] {logging_mixin.py:188} INFO - [2026-05-07T06:11:19.643+0000] {dagbag.py:545} INFO - Filling up the DagBag from /home/airflow/.local/lib/python3.12/site-packages/airflow/example_dags/example_short_circuit_operator.py
[2026-05-07T06:11:19.658+0000] {processor.py:840} INFO - DAG(s) 'example_short_circuit_operator' retrieved from /home/airflow/.local/lib/python3.12/site-packages/airflow/example_dags/example_short_circuit_operator.py
[2026-05-07T06:11:19.692+0000] {logging_mixin.py:188} INFO - [2026-05-07T06:11:19.692+0000] {dag.py:3089} INFO - Sync 1 DAGs
[2026-05-07T06:11:19.726+0000] {logging_mixin.py:188} INFO - [2026-05-07T06:11:19.726+0000] {dag.py:3947} INFO - Setting next_dagrun for example_short_circuit_operator to 2026-05-06 00:00:00+00:00, run_after=2026-05-07 00:00:00+00:00
[2026-05-07T06:11:19.761+0000] {processor.py:183} INFO - Processing /home/airflow/.local/lib/python3.12/site-packages/airflow/example_dags/example_short_circuit_operator.py took 0.133 seconds
[2026-05-07T06:11:50.410+0000] {processor.py:161} INFO - Started process (PID=13029) to work on /home/airflow/.local/lib/python3.12/site-packages/airflow/example_dags/example_short_circuit_operator.py
[2026-05-07T06:11:50.412+0000] {processor.py:830} INFO - Processing file /home/airflow/.local/lib/python3.12/site-packages/airflow/example_dags/example_short_circuit_operator.py for tasks to queue
[2026-05-07T06:11:50.413+0000] {logging_mixin.py:188} INFO - [2026-05-07T06:11:50.413+0000] {dagbag.py:545} INFO - Filling up the DagBag from /home/airflow/.local/lib/python3.12/site-packages/airflow/example_dags/example_short_circuit_operator.py
[2026-05-07T06:11:50.428+0000] {processor.py:840} INFO - DAG(s) 'example_short_circuit_operator' retrieved from /home/airflow/.local/lib/python3.12/site-packages/airflow/example_dags/example_short_circuit_operator.py
[2026-05-07T06:11:50.468+0000] {logging_mixin.py:188} INFO - [2026-05-07T06:11:50.467+0000] {dag.py:3089} INFO - Sync 1 DAGs
[2026-05-07T06:11:50.508+0000] {logging_mixin.py:188} INFO - [2026-05-07T06:11:50.507+0000] {dag.py:3947} INFO - Setting next_dagrun for example_short_circuit_operator to 2026-05-06 00:00:00+00:00, run_after=2026-05-07 00:00:00+00:00
[2026-05-07T06:11:50.544+0000] {processor.py:183} INFO - Processing /home/airflow/.local/lib/python3.12/site-packages/airflow/example_dags/example_short_circuit_operator.py took 0.143 seconds
[2026-05-07T06:12:21.060+0000] {processor.py:161} INFO - Started process (PID=13097) to work on /home/airflow/.local/lib/python3.12/site-packages/airflow/example_dags/example_short_circuit_operator.py
[2026-05-07T06:12:21.062+0000] {processor.py:830} INFO - Processing file /home/airflow/.local/lib/python3.12/site-packages/airflow/example_dags/example_short_circuit_operator.py for tasks to queue
[2026-05-07T06:12:21.065+0000] {logging_mixin.py:188} INFO - [2026-05-07T06:12:21.064+0000] {dagbag.py:545} INFO - Filling up the DagBag from /home/airflow/.local/lib/python3.12/site-packages/airflow/example_dags/example_short_circuit_operator.py
[2026-05-07T06:12:21.079+0000] {processor.py:840} INFO - DAG(s) 'example_short_circuit_operator' retrieved from /home/airflow/.local/lib/python3.12/site-packages/airflow/example_dags/example_short_circuit_operator.py
[2026-05-07T06:12:21.120+0000] {logging_mixin.py:188} INFO - [2026-05-07T06:12:21.119+0000] {dag.py:3089} INFO - Sync 1 DAGs
[2026-05-07T06:12:21.159+0000] {logging_mixin.py:188} INFO - [2026-05-07T06:12:21.159+0000] {dag.py:3947} INFO - Setting next_dagrun for example_short_circuit_operator to 2026-05-06 00:00:00+00:00, run_after=2026-05-07 00:00:00+00:00
[2026-05-07T06:12:21.191+0000] {processor.py:183} INFO - Processing /home/airflow/.local/lib/python3.12/site-packages/airflow/example_dags/example_short_circuit_operator.py took 0.139 seconds
[2026-05-07T06:12:52.304+0000] {processor.py:161} INFO - Started process (PID=13165) to work on /home/airflow/.local/lib/python3.12/site-packages/airflow/example_dags/example_short_circuit_operator.py
[2026-05-07T06:12:52.307+0000] {processor.py:830} INFO - Processing file /home/airflow/.local/lib/python3.12/site-packages/airflow/example_dags/example_short_circuit_operator.py for tasks to queue
[2026-05-07T06:12:52.310+0000] {logging_mixin.py:188} INFO - [2026-05-07T06:12:52.309+0000] {dagbag.py:545} INFO - Filling up the DagBag from /home/airflow/.local/lib/python3.12/site-packages/airflow/example_dags/example_short_circuit_operator.py
[2026-05-07T06:12:52.326+0000] {processor.py:840} INFO - DAG(s) 'example_short_circuit_operator' retrieved from /home/airflow/.local/lib/python3.12/site-packages/airflow/example_dags/example_short_circuit_operator.py
[2026-05-07T06:12:52.376+0000] {logging_mixin.py:188} INFO - [2026-05-07T06:12:52.375+0000] {dag.py:3089} INFO - Sync 1 DAGs
[2026-05-07T06:12:52.425+0000] {logging_mixin.py:188} INFO - [2026-05-07T06:12:52.425+0000] {dag.py:3947} INFO - Setting next_dagrun for example_short_circuit_operator to 2026-05-06 00:00:00+00:00, run_after=2026-05-07 00:00:00+00:00
[2026-05-07T06:12:52.608+0000] {processor.py:183} INFO - Processing /home/airflow/.local/lib/python3.12/site-packages/airflow/example_dags/example_short_circuit_operator.py took 0.316 seconds
[2026-05-07T06:13:22.825+0000] {processor.py:161} INFO - Started process (PID=13232) to work on /home/airflow/.local/lib/python3.12/site-packages/airflow/example_dags/example_short_circuit_operator.py
[2026-05-07T06:13:22.828+0000] {processor.py:830} INFO - Processing file /home/airflow/.local/lib/python3.12/site-packages/airflow/example_dags/example_short_circuit_operator.py for tasks to queue
[2026-05-07T06:13:22.830+0000] {logging_mixin.py:188} INFO - [2026-05-07T06:13:22.829+0000] {dagbag.py:545} INFO - Filling up the DagBag from /home/airflow/.local/lib/python3.12/site-packages/airflow/example_dags/example_short_circuit_operator.py
[2026-05-07T06:13:22.845+0000] {processor.py:840} INFO - DAG(s) 'example_short_circuit_operator' retrieved from /home/airflow/.local/lib/python3.12/site-packages/airflow/example_dags/example_short_circuit_operator.py
[2026-05-07T06:13:22.886+0000] {logging_mixin.py:188} INFO - [2026-05-07T06:13:22.885+0000] {dag.py:3089} INFO - Sync 1 DAGs
[2026-05-07T06:13:22.931+0000] {logging_mixin.py:188} INFO - [2026-05-07T06:13:22.931+0000] {dag.py:3947} INFO - Setting next_dagrun for example_short_circuit_operator to 2026-05-06 00:00:00+00:00, run_after=2026-05-07 00:00:00+00:00
[2026-05-07T06:13:22.999+0000] {processor.py:183} INFO - Processing /home/airflow/.local/lib/python3.12/site-packages/airflow/example_dags/example_short_circuit_operator.py took 0.188 seconds
[2026-05-07T06:13:53.527+0000] {processor.py:161} INFO - Started process (PID=13307) to work on /home/airflow/.local/lib/python3.12/site-packages/airflow/example_dags/example_short_circuit_operator.py
[2026-05-07T06:13:53.529+0000] {processor.py:830} INFO - Processing file /home/airflow/.local/lib/python3.12/site-packages/airflow/example_dags/example_short_circuit_operator.py for tasks to queue
[2026-05-07T06:13:53.530+0000] {logging_mixin.py:188} INFO - [2026-05-07T06:13:53.530+0000] {dagbag.py:545} INFO - Filling up the DagBag from /home/airflow/.local/lib/python3.12/site-packages/airflow/example_dags/example_short_circuit_operator.py
[2026-05-07T06:13:53.545+0000] {processor.py:840} INFO - DAG(s) 'example_short_circuit_operator' retrieved from /home/airflow/.local/lib/python3.12/site-packages/airflow/example_dags/example_short_circuit_operator.py
[2026-05-07T06:13:53.577+0000] {logging_mixin.py:188} INFO - [2026-05-07T06:13:53.576+0000] {dag.py:3089} INFO - Sync 1 DAGs
[2026-05-07T06:13:53.611+0000] {logging_mixin.py:188} INFO - [2026-05-07T06:13:53.611+0000] {dag.py:3947} INFO - Setting next_dagrun for example_short_circuit_operator to 2026-05-06 00:00:00+00:00, run_after=2026-05-07 00:00:00+00:00
[2026-05-07T06:13:53.643+0000] {processor.py:183} INFO - Processing /home/airflow/.local/lib/python3.12/site-packages/airflow/example_dags/example_short_circuit_operator.py took 0.126 seconds
[2026-05-07T06:14:24.018+0000] {processor.py:161} INFO - Started process (PID=13375) to work on /home/airflow/.local/lib/python3.12/site-packages/airflow/example_dags/example_short_circuit_operator.py
[2026-05-07T06:14:24.020+0000] {processor.py:830} INFO - Processing file /home/airflow/.local/lib/python3.12/site-packages/airflow/example_dags/example_short_circuit_operator.py for tasks to queue
[2026-05-07T06:14:24.022+0000] {logging_mixin.py:188} INFO - [2026-05-07T06:14:24.021+0000] {dagbag.py:545} INFO - Filling up the DagBag from /home/airflow/.local/lib/python3.12/site-packages/airflow/example_dags/example_short_circuit_operator.py
[2026-05-07T06:14:24.035+0000] {processor.py:840} INFO - DAG(s) 'example_short_circuit_operator' retrieved from /home/airflow/.local/lib/python3.12/site-packages/airflow/example_dags/example_short_circuit_operator.py
[2026-05-07T06:14:24.069+0000] {logging_mixin.py:188} INFO - [2026-05-07T06:14:24.069+0000] {dag.py:3089} INFO - Sync 1 DAGs
[2026-05-07T06:14:24.107+0000] {logging_mixin.py:188} INFO - [2026-05-07T06:14:24.106+0000] {dag.py:3947} INFO - Setting next_dagrun for example_short_circuit_operator to 2026-05-06 00:00:00+00:00, run_after=2026-05-07 00:00:00+00:00
[2026-05-07T06:14:24.144+0000] {processor.py:183} INFO - Processing /home/airflow/.local/lib/python3.12/site-packages/airflow/example_dags/example_short_circuit_operator.py took 0.138 seconds
[2026-05-07T06:14:54.596+0000] {processor.py:161} INFO - Started process (PID=13443) to work on /home/airflow/.local/lib/python3.12/site-packages/airflow/example_dags/example_short_circuit_operator.py
[2026-05-07T06:14:54.597+0000] {processor.py:830} INFO - Processing file /home/airflow/.local/lib/python3.12/site-packages/airflow/example_dags/example_short_circuit_operator.py for tasks to queue
[2026-05-07T06:14:54.599+0000] {logging_mixin.py:188} INFO - [2026-05-07T06:14:54.598+0000] {dagbag.py:545} INFO - Filling up the DagBag from /home/airflow/.local/lib/python3.12/site-packages/airflow/example_dags/example_short_circuit_operator.py
[2026-05-07T06:14:54.611+0000] {processor.py:840} INFO - DAG(s) 'example_short_circuit_operator' retrieved from /home/airflow/.local/lib/python3.12/site-packages/airflow/example_dags/example_short_circuit_operator.py
[2026-05-07T06:14:54.645+0000] {logging_mixin.py:188} INFO - [2026-05-07T06:14:54.644+0000] {dag.py:3089} INFO - Sync 1 DAGs
[2026-05-07T06:14:54.677+0000] {logging_mixin.py:188} INFO - [2026-05-07T06:14:54.677+0000] {dag.py:3947} INFO - Setting next_dagrun for example_short_circuit_operator to 2026-05-06 00:00:00+00:00, run_after=2026-05-07 00:00:00+00:00
[2026-05-07T06:14:54.705+0000] {processor.py:183} INFO - Processing /home/airflow/.local/lib/python3.12/site-packages/airflow/example_dags/example_short_circuit_operator.py took 0.120 seconds
[2026-05-07T06:15:24.994+0000] {processor.py:161} INFO - Started process (PID=13510) to work on /home/airflow/.local/lib/python3.12/site-packages/airflow/example_dags/example_short_circuit_operator.py
[2026-05-07T06:15:24.996+0000] {processor.py:830} INFO - Processing file /home/airflow/.local/lib/python3.12/site-packages/airflow/example_dags/example_short_circuit_operator.py for tasks to queue
[2026-05-07T06:15:24.998+0000] {logging_mixin.py:188} INFO - [2026-05-07T06:15:24.997+0000] {dagbag.py:545} INFO - Filling up the DagBag from /home/airflow/.local/lib/python3.12/site-packages/airflow/example_dags/example_short_circuit_operator.py
[2026-05-07T06:15:25.010+0000] {processor.py:840} INFO - DAG(s) 'example_short_circuit_operator' retrieved from /home/airflow/.local/lib/python3.12/site-packages/airflow/example_dags/example_short_circuit_operator.py
[2026-05-07T06:15:25.045+0000] {logging_mixin.py:188} INFO - [2026-05-07T06:15:25.044+0000] {dag.py:3089} INFO - Sync 1 DAGs
[2026-05-07T06:15:25.078+0000] {logging_mixin.py:188} INFO - [2026-05-07T06:15:25.077+0000] {dag.py:3947} INFO - Setting next_dagrun for example_short_circuit_operator to 2026-05-06 00:00:00+00:00, run_after=2026-05-07 00:00:00+00:00
[2026-05-07T06:15:25.113+0000] {processor.py:183} INFO - Processing /home/airflow/.local/lib/python3.12/site-packages/airflow/example_dags/example_short_circuit_operator.py took 0.128 seconds
[2026-05-07T06:15:55.898+0000] {processor.py:161} INFO - Started process (PID=13579) to work on /home/airflow/.local/lib/python3.12/site-packages/airflow/example_dags/example_short_circuit_operator.py
[2026-05-07T06:15:55.900+0000] {processor.py:830} INFO - Processing file /home/airflow/.local/lib/python3.12/site-packages/airflow/example_dags/example_short_circuit_operator.py for tasks to queue
[2026-05-07T06:15:55.902+0000] {logging_mixin.py:188} INFO - [2026-05-07T06:15:55.901+0000] {dagbag.py:545} INFO - Filling up the DagBag from /home/airflow/.local/lib/python3.12/site-packages/airflow/example_dags/example_short_circuit_operator.py
[2026-05-07T06:15:55.916+0000] {processor.py:840} INFO - DAG(s) 'example_short_circuit_operator' retrieved from /home/airflow/.local/lib/python3.12/site-packages/airflow/example_dags/example_short_circuit_operator.py
[2026-05-07T06:15:55.950+0000] {logging_mixin.py:188} INFO - [2026-05-07T06:15:55.949+0000] {dag.py:3089} INFO - Sync 1 DAGs
[2026-05-07T06:15:55.987+0000] {logging_mixin.py:188} INFO - [2026-05-07T06:15:55.986+0000] {dag.py:3947} INFO - Setting next_dagrun for example_short_circuit_operator to 2026-05-06 00:00:00+00:00, run_after=2026-05-07 00:00:00+00:00
[2026-05-07T06:15:56.027+0000] {processor.py:183} INFO - Processing /home/airflow/.local/lib/python3.12/site-packages/airflow/example_dags/example_short_circuit_operator.py took 0.138 seconds
[2026-05-07T06:16:26.629+0000] {processor.py:161} INFO - Started process (PID=13653) to work on /home/airflow/.local/lib/python3.12/site-packages/airflow/example_dags/example_short_circuit_operator.py
[2026-05-07T06:16:26.633+0000] {processor.py:830} INFO - Processing file /home/airflow/.local/lib/python3.12/site-packages/airflow/example_dags/example_short_circuit_operator.py for tasks to queue
[2026-05-07T06:16:26.635+0000] {logging_mixin.py:188} INFO - [2026-05-07T06:16:26.635+0000] {dagbag.py:545} INFO - Filling up the DagBag from /home/airflow/.local/lib/python3.12/site-packages/airflow/example_dags/example_short_circuit_operator.py
[2026-05-07T06:16:26.649+0000] {processor.py:840} INFO - DAG(s) 'example_short_circuit_operator' retrieved from /home/airflow/.local/lib/python3.12/site-packages/airflow/example_dags/example_short_circuit_operator.py
[2026-05-07T06:16:26.685+0000] {logging_mixin.py:188} INFO - [2026-05-07T06:16:26.684+0000] {dag.py:3089} INFO - Sync 1 DAGs
[2026-05-07T06:16:26.717+0000] {logging_mixin.py:188} INFO - [2026-05-07T06:16:26.717+0000] {dag.py:3947} INFO - Setting next_dagrun for example_short_circuit_operator to 2026-05-06 00:00:00+00:00, run_after=2026-05-07 00:00:00+00:00
[2026-05-07T06:16:26.760+0000] {processor.py:183} INFO - Processing /home/airflow/.local/lib/python3.12/site-packages/airflow/example_dags/example_short_circuit_operator.py took 0.141 seconds
[2026-05-07T06:16:57.293+0000] {processor.py:161} INFO - Started process (PID=13722) to work on /home/airflow/.local/lib/python3.12/site-packages/airflow/example_dags/example_short_circuit_operator.py
[2026-05-07T06:16:57.296+0000] {processor.py:830} INFO - Processing file /home/airflow/.local/lib/python3.12/site-packages/airflow/example_dags/example_short_circuit_operator.py for tasks to queue
[2026-05-07T06:16:57.298+0000] {logging_mixin.py:188} INFO - [2026-05-07T06:16:57.297+0000] {dagbag.py:545} INFO - Filling up the DagBag from /home/airflow/.local/lib/python3.12/site-packages/airflow/example_dags/example_short_circuit_operator.py
[2026-05-07T06:16:57.313+0000] {processor.py:840} INFO - DAG(s) 'example_short_circuit_operator' retrieved from /home/airflow/.local/lib/python3.12/site-packages/airflow/example_dags/example_short_circuit_operator.py
[2026-05-07T06:16:57.360+0000] {logging_mixin.py:188} INFO - [2026-05-07T06:16:57.359+0000] {dag.py:3089} INFO - Sync 1 DAGs
[2026-05-07T06:16:57.399+0000] {logging_mixin.py:188} INFO - [2026-05-07T06:16:57.398+0000] {dag.py:3947} INFO - Setting next_dagrun for example_short_circuit_operator to 2026-05-06 00:00:00+00:00, run_after=2026-05-07 00:00:00+00:00
[2026-05-07T06:16:57.464+0000] {processor.py:183} INFO - Processing /home/airflow/.local/lib/python3.12/site-packages/airflow/example_dags/example_short_circuit_operator.py took 0.185 seconds
[2026-05-07T06:17:28.238+0000] {processor.py:161} INFO - Started process (PID=13790) to work on /home/airflow/.local/lib/python3.12/site-packages/airflow/example_dags/example_short_circuit_operator.py
[2026-05-07T06:17:28.240+0000] {processor.py:830} INFO - Processing file /home/airflow/.local/lib/python3.12/site-packages/airflow/example_dags/example_short_circuit_operator.py for tasks to queue
[2026-05-07T06:17:28.242+0000] {logging_mixin.py:188} INFO - [2026-05-07T06:17:28.241+0000] {dagbag.py:545} INFO - Filling up the DagBag from /home/airflow/.local/lib/python3.12/site-packages/airflow/example_dags/example_short_circuit_operator.py
[2026-05-07T06:17:28.257+0000] {processor.py:840} INFO - DAG(s) 'example_short_circuit_operator' retrieved from /home/airflow/.local/lib/python3.12/site-packages/airflow/example_dags/example_short_circuit_operator.py
[2026-05-07T06:17:28.315+0000] {logging_mixin.py:188} INFO - [2026-05-07T06:17:28.314+0000] {dag.py:3089} INFO - Sync 1 DAGs
[2026-05-07T06:17:28.353+0000] {logging_mixin.py:188} INFO - [2026-05-07T06:17:28.353+0000] {dag.py:3947} INFO - Setting next_dagrun for example_short_circuit_operator to 2026-05-06 00:00:00+00:00, run_after=2026-05-07 00:00:00+00:00
[2026-05-07T06:17:28.416+0000] {processor.py:183} INFO - Processing /home/airflow/.local/lib/python3.12/site-packages/airflow/example_dags/example_short_circuit_operator.py took 0.192 seconds
[2026-05-07T06:17:58.521+0000] {processor.py:161} INFO - Started process (PID=13859) to work on /home/airflow/.local/lib/python3.12/site-packages/airflow/example_dags/example_short_circuit_operator.py
[2026-05-07T06:17:58.523+0000] {processor.py:830} INFO - Processing file /home/airflow/.local/lib/python3.12/site-packages/airflow/example_dags/example_short_circuit_operator.py for tasks to queue
[2026-05-07T06:17:58.524+0000] {logging_mixin.py:188} INFO - [2026-05-07T06:17:58.524+0000] {dagbag.py:545} INFO - Filling up the DagBag from /home/airflow/.local/lib/python3.12/site-packages/airflow/example_dags/example_short_circuit_operator.py
[2026-05-07T06:17:58.541+0000] {processor.py:840} INFO - DAG(s) 'example_short_circuit_operator' retrieved from /home/airflow/.local/lib/python3.12/site-packages/airflow/example_dags/example_short_circuit_operator.py
[2026-05-07T06:17:58.578+0000] {logging_mixin.py:188} INFO - [2026-05-07T06:17:58.577+0000] {dag.py:3089} INFO - Sync 1 DAGs
[2026-05-07T06:17:58.620+0000] {logging_mixin.py:188} INFO - [2026-05-07T06:17:58.619+0000] {dag.py:3947} INFO - Setting next_dagrun for example_short_circuit_operator to 2026-05-06 00:00:00+00:00, run_after=2026-05-07 00:00:00+00:00
[2026-05-07T06:17:58.680+0000] {processor.py:183} INFO - Processing /home/airflow/.local/lib/python3.12/site-packages/airflow/example_dags/example_short_circuit_operator.py took 0.172 seconds
[2026-05-07T06:18:29.400+0000] {processor.py:161} INFO - Started process (PID=13926) to work on /home/airflow/.local/lib/python3.12/site-packages/airflow/example_dags/example_short_circuit_operator.py
[2026-05-07T06:18:29.402+0000] {processor.py:830} INFO - Processing file /home/airflow/.local/lib/python3.12/site-packages/airflow/example_dags/example_short_circuit_operator.py for tasks to queue
[2026-05-07T06:18:29.404+0000] {logging_mixin.py:188} INFO - [2026-05-07T06:18:29.403+0000] {dagbag.py:545} INFO - Filling up the DagBag from /home/airflow/.local/lib/python3.12/site-packages/airflow/example_dags/example_short_circuit_operator.py
[2026-05-07T06:18:29.417+0000] {processor.py:840} INFO - DAG(s) 'example_short_circuit_operator' retrieved from /home/airflow/.local/lib/python3.12/site-packages/airflow/example_dags/example_short_circuit_operator.py
[2026-05-07T06:18:29.458+0000] {logging_mixin.py:188} INFO - [2026-05-07T06:18:29.457+0000] {dag.py:3089} INFO - Sync 1 DAGs
[2026-05-07T06:18:29.496+0000] {logging_mixin.py:188} INFO - [2026-05-07T06:18:29.496+0000] {dag.py:3947} INFO - Setting next_dagrun for example_short_circuit_operator to 2026-05-06 00:00:00+00:00, run_after=2026-05-07 00:00:00+00:00
[2026-05-07T06:18:29.530+0000] {processor.py:183} INFO - Processing /home/airflow/.local/lib/python3.12/site-packages/airflow/example_dags/example_short_circuit_operator.py took 0.142 seconds
[2026-05-07T06:18:59.805+0000] {processor.py:161} INFO - Started process (PID=13994) to work on /home/airflow/.local/lib/python3.12/site-packages/airflow/example_dags/example_short_circuit_operator.py
[2026-05-07T06:18:59.806+0000] {processor.py:830} INFO - Processing file /home/airflow/.local/lib/python3.12/site-packages/airflow/example_dags/example_short_circuit_operator.py for tasks to queue
[2026-05-07T06:18:59.808+0000] {logging_mixin.py:188} INFO - [2026-05-07T06:18:59.808+0000] {dagbag.py:545} INFO - Filling up the DagBag from /home/airflow/.local/lib/python3.12/site-packages/airflow/example_dags/example_short_circuit_operator.py
[2026-05-07T06:18:59.823+0000] {processor.py:840} INFO - DAG(s) 'example_short_circuit_operator' retrieved from /home/airflow/.local/lib/python3.12/site-packages/airflow/example_dags/example_short_circuit_operator.py
[2026-05-07T06:18:59.863+0000] {logging_mixin.py:188} INFO - [2026-05-07T06:18:59.862+0000] {dag.py:3089} INFO - Sync 1 DAGs
[2026-05-07T06:18:59.899+0000] {logging_mixin.py:188} INFO - [2026-05-07T06:18:59.899+0000] {dag.py:3947} INFO - Setting next_dagrun for example_short_circuit_operator to 2026-05-06 00:00:00+00:00, run_after=2026-05-07 00:00:00+00:00
[2026-05-07T06:18:59.936+0000] {processor.py:183} INFO - Processing /home/airflow/.local/lib/python3.12/site-packages/airflow/example_dags/example_short_circuit_operator.py took 0.143 seconds
[2026-05-07T06:19:30.244+0000] {processor.py:161} INFO - Started process (PID=14069) to work on /home/airflow/.local/lib/python3.12/site-packages/airflow/example_dags/example_short_circuit_operator.py
[2026-05-07T06:19:30.247+0000] {processor.py:830} INFO - Processing file /home/airflow/.local/lib/python3.12/site-packages/airflow/example_dags/example_short_circuit_operator.py for tasks to queue
[2026-05-07T06:19:30.249+0000] {logging_mixin.py:188} INFO - [2026-05-07T06:19:30.248+0000] {dagbag.py:545} INFO - Filling up the DagBag from /home/airflow/.local/lib/python3.12/site-packages/airflow/example_dags/example_short_circuit_operator.py
[2026-05-07T06:19:30.267+0000] {processor.py:840} INFO - DAG(s) 'example_short_circuit_operator' retrieved from /home/airflow/.local/lib/python3.12/site-packages/airflow/example_dags/example_short_circuit_operator.py
[2026-05-07T06:19:30.302+0000] {logging_mixin.py:188} INFO - [2026-05-07T06:19:30.301+0000] {dag.py:3089} INFO - Sync 1 DAGs
[2026-05-07T06:19:30.334+0000] {logging_mixin.py:188} INFO - [2026-05-07T06:19:30.333+0000] {dag.py:3947} INFO - Setting next_dagrun for example_short_circuit_operator to 2026-05-06 00:00:00+00:00, run_after=2026-05-07 00:00:00+00:00
[2026-05-07T06:19:30.364+0000] {processor.py:183} INFO - Processing /home/airflow/.local/lib/python3.12/site-packages/airflow/example_dags/example_short_circuit_operator.py took 0.131 seconds
[2026-05-07T06:20:00.857+0000] {processor.py:161} INFO - Started process (PID=14137) to work on /home/airflow/.local/lib/python3.12/site-packages/airflow/example_dags/example_short_circuit_operator.py
[2026-05-07T06:20:00.859+0000] {processor.py:830} INFO - Processing file /home/airflow/.local/lib/python3.12/site-packages/airflow/example_dags/example_short_circuit_operator.py for tasks to queue
[2026-05-07T06:20:00.861+0000] {logging_mixin.py:188} INFO - [2026-05-07T06:20:00.860+0000] {dagbag.py:545} INFO - Filling up the DagBag from /home/airflow/.local/lib/python3.12/site-packages/airflow/example_dags/example_short_circuit_operator.py
[2026-05-07T06:20:00.877+0000] {processor.py:840} INFO - DAG(s) 'example_short_circuit_operator' retrieved from /home/airflow/.local/lib/python3.12/site-packages/airflow/example_dags/example_short_circuit_operator.py
[2026-05-07T06:20:00.923+0000] {logging_mixin.py:188} INFO - [2026-05-07T06:20:00.923+0000] {dag.py:3089} INFO - Sync 1 DAGs
[2026-05-07T06:20:00.967+0000] {logging_mixin.py:188} INFO - [2026-05-07T06:20:00.966+0000] {dag.py:3947} INFO - Setting next_dagrun for example_short_circuit_operator to 2026-05-06 00:00:00+00:00, run_after=2026-05-07 00:00:00+00:00
[2026-05-07T06:20:01.030+0000] {processor.py:183} INFO - Processing /home/airflow/.local/lib/python3.12/site-packages/airflow/example_dags/example_short_circuit_operator.py took 0.184 seconds
