[2026-05-07T04:50:04.067+0000] {processor.py:161} INFO - Started process (PID=11922) to work on /home/airflow/.local/lib/python3.12/site-packages/airflow/example_dags/example_task_group_decorator.py
[2026-05-07T04:50:04.068+0000] {processor.py:830} INFO - Processing file /home/airflow/.local/lib/python3.12/site-packages/airflow/example_dags/example_task_group_decorator.py for tasks to queue
[2026-05-07T04:50:04.070+0000] {logging_mixin.py:188} INFO - [2026-05-07T04:50:04.070+0000] {dagbag.py:545} INFO - Filling up the DagBag from /home/airflow/.local/lib/python3.12/site-packages/airflow/example_dags/example_task_group_decorator.py
[2026-05-07T04:50:04.086+0000] {processor.py:840} INFO - DAG(s) 'example_task_group_decorator' retrieved from /home/airflow/.local/lib/python3.12/site-packages/airflow/example_dags/example_task_group_decorator.py
[2026-05-07T04:50:04.108+0000] {logging_mixin.py:188} INFO - [2026-05-07T04:50:04.108+0000] {dag.py:3089} INFO - Sync 1 DAGs
[2026-05-07T04:50:04.128+0000] {logging_mixin.py:188} INFO - [2026-05-07T04:50:04.128+0000] {dag.py:3947} INFO - Setting next_dagrun for example_task_group_decorator to 2026-05-06 00:00:00+00:00, run_after=2026-05-07 00:00:00+00:00
[2026-05-07T04:50:04.146+0000] {processor.py:183} INFO - Processing /home/airflow/.local/lib/python3.12/site-packages/airflow/example_dags/example_task_group_decorator.py took 0.084 seconds
[2026-05-07T04:50:34.460+0000] {processor.py:161} INFO - Started process (PID=11990) to work on /home/airflow/.local/lib/python3.12/site-packages/airflow/example_dags/example_task_group_decorator.py
[2026-05-07T04:50:34.462+0000] {processor.py:830} INFO - Processing file /home/airflow/.local/lib/python3.12/site-packages/airflow/example_dags/example_task_group_decorator.py for tasks to queue
[2026-05-07T04:50:34.463+0000] {logging_mixin.py:188} INFO - [2026-05-07T04:50:34.463+0000] {dagbag.py:545} INFO - Filling up the DagBag from /home/airflow/.local/lib/python3.12/site-packages/airflow/example_dags/example_task_group_decorator.py
[2026-05-07T04:50:34.489+0000] {processor.py:840} INFO - DAG(s) 'example_task_group_decorator' retrieved from /home/airflow/.local/lib/python3.12/site-packages/airflow/example_dags/example_task_group_decorator.py
[2026-05-07T04:50:34.524+0000] {logging_mixin.py:188} INFO - [2026-05-07T04:50:34.523+0000] {dag.py:3089} INFO - Sync 1 DAGs
[2026-05-07T04:50:34.556+0000] {logging_mixin.py:188} INFO - [2026-05-07T04:50:34.555+0000] {dag.py:3947} INFO - Setting next_dagrun for example_task_group_decorator to 2026-05-06 00:00:00+00:00, run_after=2026-05-07 00:00:00+00:00
[2026-05-07T04:50:34.583+0000] {processor.py:183} INFO - Processing /home/airflow/.local/lib/python3.12/site-packages/airflow/example_dags/example_task_group_decorator.py took 0.131 seconds
[2026-05-07T04:51:04.650+0000] {processor.py:161} INFO - Started process (PID=12058) to work on /home/airflow/.local/lib/python3.12/site-packages/airflow/example_dags/example_task_group_decorator.py
[2026-05-07T04:51:04.651+0000] {processor.py:830} INFO - Processing file /home/airflow/.local/lib/python3.12/site-packages/airflow/example_dags/example_task_group_decorator.py for tasks to queue
[2026-05-07T04:51:04.652+0000] {logging_mixin.py:188} INFO - [2026-05-07T04:51:04.652+0000] {dagbag.py:545} INFO - Filling up the DagBag from /home/airflow/.local/lib/python3.12/site-packages/airflow/example_dags/example_task_group_decorator.py
[2026-05-07T04:51:04.665+0000] {processor.py:840} INFO - DAG(s) 'example_task_group_decorator' retrieved from /home/airflow/.local/lib/python3.12/site-packages/airflow/example_dags/example_task_group_decorator.py
[2026-05-07T04:51:04.691+0000] {logging_mixin.py:188} INFO - [2026-05-07T04:51:04.690+0000] {dag.py:3089} INFO - Sync 1 DAGs
[2026-05-07T04:51:04.710+0000] {logging_mixin.py:188} INFO - [2026-05-07T04:51:04.710+0000] {dag.py:3947} INFO - Setting next_dagrun for example_task_group_decorator to 2026-05-06 00:00:00+00:00, run_after=2026-05-07 00:00:00+00:00
[2026-05-07T04:51:04.735+0000] {processor.py:183} INFO - Processing /home/airflow/.local/lib/python3.12/site-packages/airflow/example_dags/example_task_group_decorator.py took 0.094 seconds
[2026-05-07T04:51:35.103+0000] {processor.py:161} INFO - Started process (PID=12133) to work on /home/airflow/.local/lib/python3.12/site-packages/airflow/example_dags/example_task_group_decorator.py
[2026-05-07T04:51:35.104+0000] {processor.py:830} INFO - Processing file /home/airflow/.local/lib/python3.12/site-packages/airflow/example_dags/example_task_group_decorator.py for tasks to queue
[2026-05-07T04:51:35.105+0000] {logging_mixin.py:188} INFO - [2026-05-07T04:51:35.105+0000] {dagbag.py:545} INFO - Filling up the DagBag from /home/airflow/.local/lib/python3.12/site-packages/airflow/example_dags/example_task_group_decorator.py
[2026-05-07T04:51:35.126+0000] {processor.py:840} INFO - DAG(s) 'example_task_group_decorator' retrieved from /home/airflow/.local/lib/python3.12/site-packages/airflow/example_dags/example_task_group_decorator.py
[2026-05-07T04:51:35.160+0000] {logging_mixin.py:188} INFO - [2026-05-07T04:51:35.160+0000] {dag.py:3089} INFO - Sync 1 DAGs
[2026-05-07T04:51:35.187+0000] {logging_mixin.py:188} INFO - [2026-05-07T04:51:35.187+0000] {dag.py:3947} INFO - Setting next_dagrun for example_task_group_decorator to 2026-05-06 00:00:00+00:00, run_after=2026-05-07 00:00:00+00:00
[2026-05-07T04:51:35.217+0000] {processor.py:183} INFO - Processing /home/airflow/.local/lib/python3.12/site-packages/airflow/example_dags/example_task_group_decorator.py took 0.122 seconds
[2026-05-07T04:52:06.052+0000] {processor.py:161} INFO - Started process (PID=12201) to work on /home/airflow/.local/lib/python3.12/site-packages/airflow/example_dags/example_task_group_decorator.py
[2026-05-07T04:52:06.054+0000] {processor.py:830} INFO - Processing file /home/airflow/.local/lib/python3.12/site-packages/airflow/example_dags/example_task_group_decorator.py for tasks to queue
[2026-05-07T04:52:06.056+0000] {logging_mixin.py:188} INFO - [2026-05-07T04:52:06.055+0000] {dagbag.py:545} INFO - Filling up the DagBag from /home/airflow/.local/lib/python3.12/site-packages/airflow/example_dags/example_task_group_decorator.py
[2026-05-07T04:52:06.069+0000] {processor.py:840} INFO - DAG(s) 'example_task_group_decorator' retrieved from /home/airflow/.local/lib/python3.12/site-packages/airflow/example_dags/example_task_group_decorator.py
[2026-05-07T04:52:06.107+0000] {logging_mixin.py:188} INFO - [2026-05-07T04:52:06.106+0000] {dag.py:3089} INFO - Sync 1 DAGs
[2026-05-07T04:52:06.133+0000] {logging_mixin.py:188} INFO - [2026-05-07T04:52:06.132+0000] {dag.py:3947} INFO - Setting next_dagrun for example_task_group_decorator to 2026-05-06 00:00:00+00:00, run_after=2026-05-07 00:00:00+00:00
[2026-05-07T04:52:06.164+0000] {processor.py:183} INFO - Processing /home/airflow/.local/lib/python3.12/site-packages/airflow/example_dags/example_task_group_decorator.py took 0.124 seconds
[2026-05-07T04:52:36.471+0000] {processor.py:161} INFO - Started process (PID=12276) to work on /home/airflow/.local/lib/python3.12/site-packages/airflow/example_dags/example_task_group_decorator.py
[2026-05-07T04:52:36.472+0000] {processor.py:830} INFO - Processing file /home/airflow/.local/lib/python3.12/site-packages/airflow/example_dags/example_task_group_decorator.py for tasks to queue
[2026-05-07T04:52:36.473+0000] {logging_mixin.py:188} INFO - [2026-05-07T04:52:36.473+0000] {dagbag.py:545} INFO - Filling up the DagBag from /home/airflow/.local/lib/python3.12/site-packages/airflow/example_dags/example_task_group_decorator.py
[2026-05-07T04:52:36.485+0000] {processor.py:840} INFO - DAG(s) 'example_task_group_decorator' retrieved from /home/airflow/.local/lib/python3.12/site-packages/airflow/example_dags/example_task_group_decorator.py
[2026-05-07T04:52:36.510+0000] {logging_mixin.py:188} INFO - [2026-05-07T04:52:36.509+0000] {dag.py:3089} INFO - Sync 1 DAGs
[2026-05-07T04:52:36.529+0000] {logging_mixin.py:188} INFO - [2026-05-07T04:52:36.528+0000] {dag.py:3947} INFO - Setting next_dagrun for example_task_group_decorator to 2026-05-06 00:00:00+00:00, run_after=2026-05-07 00:00:00+00:00
[2026-05-07T04:52:36.547+0000] {processor.py:183} INFO - Processing /home/airflow/.local/lib/python3.12/site-packages/airflow/example_dags/example_task_group_decorator.py took 0.081 seconds
[2026-05-07T04:53:06.795+0000] {processor.py:161} INFO - Started process (PID=12344) to work on /home/airflow/.local/lib/python3.12/site-packages/airflow/example_dags/example_task_group_decorator.py
[2026-05-07T04:53:06.797+0000] {processor.py:830} INFO - Processing file /home/airflow/.local/lib/python3.12/site-packages/airflow/example_dags/example_task_group_decorator.py for tasks to queue
[2026-05-07T04:53:06.802+0000] {logging_mixin.py:188} INFO - [2026-05-07T04:53:06.801+0000] {dagbag.py:545} INFO - Filling up the DagBag from /home/airflow/.local/lib/python3.12/site-packages/airflow/example_dags/example_task_group_decorator.py
[2026-05-07T04:53:06.823+0000] {processor.py:840} INFO - DAG(s) 'example_task_group_decorator' retrieved from /home/airflow/.local/lib/python3.12/site-packages/airflow/example_dags/example_task_group_decorator.py
[2026-05-07T04:53:06.853+0000] {logging_mixin.py:188} INFO - [2026-05-07T04:53:06.852+0000] {dag.py:3089} INFO - Sync 1 DAGs
[2026-05-07T04:53:06.886+0000] {logging_mixin.py:188} INFO - [2026-05-07T04:53:06.886+0000] {dag.py:3947} INFO - Setting next_dagrun for example_task_group_decorator to 2026-05-06 00:00:00+00:00, run_after=2026-05-07 00:00:00+00:00
[2026-05-07T04:53:06.916+0000] {processor.py:183} INFO - Processing /home/airflow/.local/lib/python3.12/site-packages/airflow/example_dags/example_task_group_decorator.py took 0.129 seconds
[2026-05-07T04:55:34.081+0000] {processor.py:161} INFO - Started process (PID=12401) to work on /home/airflow/.local/lib/python3.12/site-packages/airflow/example_dags/example_task_group_decorator.py
[2026-05-07T04:55:34.084+0000] {processor.py:830} INFO - Processing file /home/airflow/.local/lib/python3.12/site-packages/airflow/example_dags/example_task_group_decorator.py for tasks to queue
[2026-05-07T04:55:34.086+0000] {logging_mixin.py:188} INFO - [2026-05-07T04:55:34.085+0000] {dagbag.py:545} INFO - Filling up the DagBag from /home/airflow/.local/lib/python3.12/site-packages/airflow/example_dags/example_task_group_decorator.py
[2026-05-07T04:55:34.108+0000] {processor.py:840} INFO - DAG(s) 'example_task_group_decorator' retrieved from /home/airflow/.local/lib/python3.12/site-packages/airflow/example_dags/example_task_group_decorator.py
[2026-05-07T04:55:34.147+0000] {logging_mixin.py:188} INFO - [2026-05-07T04:55:34.146+0000] {dag.py:3089} INFO - Sync 1 DAGs
[2026-05-07T04:55:34.184+0000] {logging_mixin.py:188} INFO - [2026-05-07T04:55:34.184+0000] {dag.py:3947} INFO - Setting next_dagrun for example_task_group_decorator to 2026-05-06 00:00:00+00:00, run_after=2026-05-07 00:00:00+00:00
[2026-05-07T04:55:34.220+0000] {processor.py:183} INFO - Processing /home/airflow/.local/lib/python3.12/site-packages/airflow/example_dags/example_task_group_decorator.py took 0.149 seconds
[2026-05-07T05:20:13.821+0000] {processor.py:161} INFO - Started process (PID=12449) to work on /home/airflow/.local/lib/python3.12/site-packages/airflow/example_dags/example_task_group_decorator.py
[2026-05-07T05:20:13.822+0000] {processor.py:830} INFO - Processing file /home/airflow/.local/lib/python3.12/site-packages/airflow/example_dags/example_task_group_decorator.py for tasks to queue
[2026-05-07T05:20:13.824+0000] {logging_mixin.py:188} INFO - [2026-05-07T05:20:13.823+0000] {dagbag.py:545} INFO - Filling up the DagBag from /home/airflow/.local/lib/python3.12/site-packages/airflow/example_dags/example_task_group_decorator.py
[2026-05-07T05:20:13.833+0000] {processor.py:840} INFO - DAG(s) 'example_task_group_decorator' retrieved from /home/airflow/.local/lib/python3.12/site-packages/airflow/example_dags/example_task_group_decorator.py
[2026-05-07T05:20:13.860+0000] {logging_mixin.py:188} INFO - [2026-05-07T05:20:13.860+0000] {dag.py:3089} INFO - Sync 1 DAGs
[2026-05-07T05:20:13.879+0000] {logging_mixin.py:188} INFO - [2026-05-07T05:20:13.878+0000] {dag.py:3947} INFO - Setting next_dagrun for example_task_group_decorator to 2026-05-06 00:00:00+00:00, run_after=2026-05-07 00:00:00+00:00
[2026-05-07T05:20:13.908+0000] {processor.py:183} INFO - Processing /home/airflow/.local/lib/python3.12/site-packages/airflow/example_dags/example_task_group_decorator.py took 0.091 seconds
[2026-05-07T06:07:43.548+0000] {processor.py:161} INFO - Started process (PID=12476) to work on /home/airflow/.local/lib/python3.12/site-packages/airflow/example_dags/example_task_group_decorator.py
[2026-05-07T06:07:43.551+0000] {processor.py:830} INFO - Processing file /home/airflow/.local/lib/python3.12/site-packages/airflow/example_dags/example_task_group_decorator.py for tasks to queue
[2026-05-07T06:07:43.553+0000] {logging_mixin.py:188} INFO - [2026-05-07T06:07:43.552+0000] {dagbag.py:545} INFO - Filling up the DagBag from /home/airflow/.local/lib/python3.12/site-packages/airflow/example_dags/example_task_group_decorator.py
[2026-05-07T06:07:43.574+0000] {processor.py:840} INFO - DAG(s) 'example_task_group_decorator' retrieved from /home/airflow/.local/lib/python3.12/site-packages/airflow/example_dags/example_task_group_decorator.py
[2026-05-07T06:07:43.610+0000] {logging_mixin.py:188} INFO - [2026-05-07T06:07:43.608+0000] {dag.py:3089} INFO - Sync 1 DAGs
[2026-05-07T06:07:43.644+0000] {logging_mixin.py:188} INFO - [2026-05-07T06:07:43.644+0000] {dag.py:3947} INFO - Setting next_dagrun for example_task_group_decorator to 2026-05-06 00:00:00+00:00, run_after=2026-05-07 00:00:00+00:00
[2026-05-07T06:07:43.677+0000] {processor.py:183} INFO - Processing /home/airflow/.local/lib/python3.12/site-packages/airflow/example_dags/example_task_group_decorator.py took 0.138 seconds
[2026-05-07T06:08:14.727+0000] {processor.py:161} INFO - Started process (PID=12544) to work on /home/airflow/.local/lib/python3.12/site-packages/airflow/example_dags/example_task_group_decorator.py
[2026-05-07T06:08:14.729+0000] {processor.py:830} INFO - Processing file /home/airflow/.local/lib/python3.12/site-packages/airflow/example_dags/example_task_group_decorator.py for tasks to queue
[2026-05-07T06:08:14.733+0000] {logging_mixin.py:188} INFO - [2026-05-07T06:08:14.732+0000] {dagbag.py:545} INFO - Filling up the DagBag from /home/airflow/.local/lib/python3.12/site-packages/airflow/example_dags/example_task_group_decorator.py
[2026-05-07T06:08:14.759+0000] {processor.py:840} INFO - DAG(s) 'example_task_group_decorator' retrieved from /home/airflow/.local/lib/python3.12/site-packages/airflow/example_dags/example_task_group_decorator.py
[2026-05-07T06:08:14.805+0000] {logging_mixin.py:188} INFO - [2026-05-07T06:08:14.804+0000] {dag.py:3089} INFO - Sync 1 DAGs
[2026-05-07T06:08:14.838+0000] {logging_mixin.py:188} INFO - [2026-05-07T06:08:14.838+0000] {dag.py:3947} INFO - Setting next_dagrun for example_task_group_decorator to 2026-05-06 00:00:00+00:00, run_after=2026-05-07 00:00:00+00:00
[2026-05-07T06:08:14.875+0000] {processor.py:183} INFO - Processing /home/airflow/.local/lib/python3.12/site-packages/airflow/example_dags/example_task_group_decorator.py took 0.159 seconds
[2026-05-07T06:08:45.788+0000] {processor.py:161} INFO - Started process (PID=12612) to work on /home/airflow/.local/lib/python3.12/site-packages/airflow/example_dags/example_task_group_decorator.py
[2026-05-07T06:08:45.790+0000] {processor.py:830} INFO - Processing file /home/airflow/.local/lib/python3.12/site-packages/airflow/example_dags/example_task_group_decorator.py for tasks to queue
[2026-05-07T06:08:45.792+0000] {logging_mixin.py:188} INFO - [2026-05-07T06:08:45.791+0000] {dagbag.py:545} INFO - Filling up the DagBag from /home/airflow/.local/lib/python3.12/site-packages/airflow/example_dags/example_task_group_decorator.py
[2026-05-07T06:08:45.814+0000] {processor.py:840} INFO - DAG(s) 'example_task_group_decorator' retrieved from /home/airflow/.local/lib/python3.12/site-packages/airflow/example_dags/example_task_group_decorator.py
[2026-05-07T06:08:45.852+0000] {logging_mixin.py:188} INFO - [2026-05-07T06:08:45.851+0000] {dag.py:3089} INFO - Sync 1 DAGs
[2026-05-07T06:08:45.883+0000] {logging_mixin.py:188} INFO - [2026-05-07T06:08:45.883+0000] {dag.py:3947} INFO - Setting next_dagrun for example_task_group_decorator to 2026-05-06 00:00:00+00:00, run_after=2026-05-07 00:00:00+00:00
[2026-05-07T06:08:45.920+0000] {processor.py:183} INFO - Processing /home/airflow/.local/lib/python3.12/site-packages/airflow/example_dags/example_task_group_decorator.py took 0.143 seconds
[2026-05-07T06:09:16.172+0000] {processor.py:161} INFO - Started process (PID=12680) to work on /home/airflow/.local/lib/python3.12/site-packages/airflow/example_dags/example_task_group_decorator.py
[2026-05-07T06:09:16.175+0000] {processor.py:830} INFO - Processing file /home/airflow/.local/lib/python3.12/site-packages/airflow/example_dags/example_task_group_decorator.py for tasks to queue
[2026-05-07T06:09:16.177+0000] {logging_mixin.py:188} INFO - [2026-05-07T06:09:16.176+0000] {dagbag.py:545} INFO - Filling up the DagBag from /home/airflow/.local/lib/python3.12/site-packages/airflow/example_dags/example_task_group_decorator.py
[2026-05-07T06:09:16.205+0000] {processor.py:840} INFO - DAG(s) 'example_task_group_decorator' retrieved from /home/airflow/.local/lib/python3.12/site-packages/airflow/example_dags/example_task_group_decorator.py
[2026-05-07T06:09:16.246+0000] {logging_mixin.py:188} INFO - [2026-05-07T06:09:16.245+0000] {dag.py:3089} INFO - Sync 1 DAGs
[2026-05-07T06:09:16.281+0000] {logging_mixin.py:188} INFO - [2026-05-07T06:09:16.280+0000] {dag.py:3947} INFO - Setting next_dagrun for example_task_group_decorator to 2026-05-06 00:00:00+00:00, run_after=2026-05-07 00:00:00+00:00
[2026-05-07T06:09:16.324+0000] {processor.py:183} INFO - Processing /home/airflow/.local/lib/python3.12/site-packages/airflow/example_dags/example_task_group_decorator.py took 0.167 seconds
[2026-05-07T06:09:46.674+0000] {processor.py:161} INFO - Started process (PID=12748) to work on /home/airflow/.local/lib/python3.12/site-packages/airflow/example_dags/example_task_group_decorator.py
[2026-05-07T06:09:46.675+0000] {processor.py:830} INFO - Processing file /home/airflow/.local/lib/python3.12/site-packages/airflow/example_dags/example_task_group_decorator.py for tasks to queue
[2026-05-07T06:09:46.677+0000] {logging_mixin.py:188} INFO - [2026-05-07T06:09:46.676+0000] {dagbag.py:545} INFO - Filling up the DagBag from /home/airflow/.local/lib/python3.12/site-packages/airflow/example_dags/example_task_group_decorator.py
[2026-05-07T06:09:46.697+0000] {processor.py:840} INFO - DAG(s) 'example_task_group_decorator' retrieved from /home/airflow/.local/lib/python3.12/site-packages/airflow/example_dags/example_task_group_decorator.py
[2026-05-07T06:09:46.735+0000] {logging_mixin.py:188} INFO - [2026-05-07T06:09:46.735+0000] {dag.py:3089} INFO - Sync 1 DAGs
[2026-05-07T06:09:46.767+0000] {logging_mixin.py:188} INFO - [2026-05-07T06:09:46.767+0000] {dag.py:3947} INFO - Setting next_dagrun for example_task_group_decorator to 2026-05-06 00:00:00+00:00, run_after=2026-05-07 00:00:00+00:00
[2026-05-07T06:09:46.828+0000] {processor.py:183} INFO - Processing /home/airflow/.local/lib/python3.12/site-packages/airflow/example_dags/example_task_group_decorator.py took 0.164 seconds
[2026-05-07T06:10:17.712+0000] {processor.py:161} INFO - Started process (PID=12816) to work on /home/airflow/.local/lib/python3.12/site-packages/airflow/example_dags/example_task_group_decorator.py
[2026-05-07T06:10:17.722+0000] {processor.py:830} INFO - Processing file /home/airflow/.local/lib/python3.12/site-packages/airflow/example_dags/example_task_group_decorator.py for tasks to queue
[2026-05-07T06:10:17.727+0000] {logging_mixin.py:188} INFO - [2026-05-07T06:10:17.726+0000] {dagbag.py:545} INFO - Filling up the DagBag from /home/airflow/.local/lib/python3.12/site-packages/airflow/example_dags/example_task_group_decorator.py
[2026-05-07T06:10:17.752+0000] {processor.py:840} INFO - DAG(s) 'example_task_group_decorator' retrieved from /home/airflow/.local/lib/python3.12/site-packages/airflow/example_dags/example_task_group_decorator.py
[2026-05-07T06:10:17.793+0000] {logging_mixin.py:188} INFO - [2026-05-07T06:10:17.792+0000] {dag.py:3089} INFO - Sync 1 DAGs
[2026-05-07T06:10:17.834+0000] {logging_mixin.py:188} INFO - [2026-05-07T06:10:17.833+0000] {dag.py:3947} INFO - Setting next_dagrun for example_task_group_decorator to 2026-05-06 00:00:00+00:00, run_after=2026-05-07 00:00:00+00:00
[2026-05-07T06:10:17.903+0000] {processor.py:183} INFO - Processing /home/airflow/.local/lib/python3.12/site-packages/airflow/example_dags/example_task_group_decorator.py took 0.203 seconds
[2026-05-07T06:10:48.271+0000] {processor.py:161} INFO - Started process (PID=12891) to work on /home/airflow/.local/lib/python3.12/site-packages/airflow/example_dags/example_task_group_decorator.py
[2026-05-07T06:10:48.274+0000] {processor.py:830} INFO - Processing file /home/airflow/.local/lib/python3.12/site-packages/airflow/example_dags/example_task_group_decorator.py for tasks to queue
[2026-05-07T06:10:48.276+0000] {logging_mixin.py:188} INFO - [2026-05-07T06:10:48.275+0000] {dagbag.py:545} INFO - Filling up the DagBag from /home/airflow/.local/lib/python3.12/site-packages/airflow/example_dags/example_task_group_decorator.py
[2026-05-07T06:10:48.303+0000] {processor.py:840} INFO - DAG(s) 'example_task_group_decorator' retrieved from /home/airflow/.local/lib/python3.12/site-packages/airflow/example_dags/example_task_group_decorator.py
[2026-05-07T06:10:48.347+0000] {logging_mixin.py:188} INFO - [2026-05-07T06:10:48.346+0000] {dag.py:3089} INFO - Sync 1 DAGs
[2026-05-07T06:10:48.385+0000] {logging_mixin.py:188} INFO - [2026-05-07T06:10:48.384+0000] {dag.py:3947} INFO - Setting next_dagrun for example_task_group_decorator to 2026-05-06 00:00:00+00:00, run_after=2026-05-07 00:00:00+00:00
[2026-05-07T06:10:48.432+0000] {processor.py:183} INFO - Processing /home/airflow/.local/lib/python3.12/site-packages/airflow/example_dags/example_task_group_decorator.py took 0.170 seconds
[2026-05-07T06:11:19.351+0000] {processor.py:161} INFO - Started process (PID=12959) to work on /home/airflow/.local/lib/python3.12/site-packages/airflow/example_dags/example_task_group_decorator.py
[2026-05-07T06:11:19.353+0000] {processor.py:830} INFO - Processing file /home/airflow/.local/lib/python3.12/site-packages/airflow/example_dags/example_task_group_decorator.py for tasks to queue
[2026-05-07T06:11:19.355+0000] {logging_mixin.py:188} INFO - [2026-05-07T06:11:19.354+0000] {dagbag.py:545} INFO - Filling up the DagBag from /home/airflow/.local/lib/python3.12/site-packages/airflow/example_dags/example_task_group_decorator.py
[2026-05-07T06:11:19.380+0000] {processor.py:840} INFO - DAG(s) 'example_task_group_decorator' retrieved from /home/airflow/.local/lib/python3.12/site-packages/airflow/example_dags/example_task_group_decorator.py
[2026-05-07T06:11:19.420+0000] {logging_mixin.py:188} INFO - [2026-05-07T06:11:19.419+0000] {dag.py:3089} INFO - Sync 1 DAGs
[2026-05-07T06:11:19.458+0000] {logging_mixin.py:188} INFO - [2026-05-07T06:11:19.458+0000] {dag.py:3947} INFO - Setting next_dagrun for example_task_group_decorator to 2026-05-06 00:00:00+00:00, run_after=2026-05-07 00:00:00+00:00
[2026-05-07T06:11:19.525+0000] {processor.py:183} INFO - Processing /home/airflow/.local/lib/python3.12/site-packages/airflow/example_dags/example_task_group_decorator.py took 0.184 seconds
[2026-05-07T06:11:50.071+0000] {processor.py:161} INFO - Started process (PID=13027) to work on /home/airflow/.local/lib/python3.12/site-packages/airflow/example_dags/example_task_group_decorator.py
[2026-05-07T06:11:50.074+0000] {processor.py:830} INFO - Processing file /home/airflow/.local/lib/python3.12/site-packages/airflow/example_dags/example_task_group_decorator.py for tasks to queue
[2026-05-07T06:11:50.076+0000] {logging_mixin.py:188} INFO - [2026-05-07T06:11:50.075+0000] {dagbag.py:545} INFO - Filling up the DagBag from /home/airflow/.local/lib/python3.12/site-packages/airflow/example_dags/example_task_group_decorator.py
[2026-05-07T06:11:50.103+0000] {processor.py:840} INFO - DAG(s) 'example_task_group_decorator' retrieved from /home/airflow/.local/lib/python3.12/site-packages/airflow/example_dags/example_task_group_decorator.py
[2026-05-07T06:11:50.149+0000] {logging_mixin.py:188} INFO - [2026-05-07T06:11:50.149+0000] {dag.py:3089} INFO - Sync 1 DAGs
[2026-05-07T06:11:50.207+0000] {logging_mixin.py:188} INFO - [2026-05-07T06:11:50.207+0000] {dag.py:3947} INFO - Setting next_dagrun for example_task_group_decorator to 2026-05-06 00:00:00+00:00, run_after=2026-05-07 00:00:00+00:00
[2026-05-07T06:11:50.285+0000] {processor.py:183} INFO - Processing /home/airflow/.local/lib/python3.12/site-packages/airflow/example_dags/example_task_group_decorator.py took 0.226 seconds
[2026-05-07T06:12:20.885+0000] {processor.py:161} INFO - Started process (PID=13095) to work on /home/airflow/.local/lib/python3.12/site-packages/airflow/example_dags/example_task_group_decorator.py
[2026-05-07T06:12:20.887+0000] {processor.py:830} INFO - Processing file /home/airflow/.local/lib/python3.12/site-packages/airflow/example_dags/example_task_group_decorator.py for tasks to queue
[2026-05-07T06:12:20.889+0000] {logging_mixin.py:188} INFO - [2026-05-07T06:12:20.888+0000] {dagbag.py:545} INFO - Filling up the DagBag from /home/airflow/.local/lib/python3.12/site-packages/airflow/example_dags/example_task_group_decorator.py
[2026-05-07T06:12:20.910+0000] {processor.py:840} INFO - DAG(s) 'example_task_group_decorator' retrieved from /home/airflow/.local/lib/python3.12/site-packages/airflow/example_dags/example_task_group_decorator.py
[2026-05-07T06:12:20.946+0000] {logging_mixin.py:188} INFO - [2026-05-07T06:12:20.946+0000] {dag.py:3089} INFO - Sync 1 DAGs
[2026-05-07T06:12:20.976+0000] {logging_mixin.py:188} INFO - [2026-05-07T06:12:20.975+0000] {dag.py:3947} INFO - Setting next_dagrun for example_task_group_decorator to 2026-05-06 00:00:00+00:00, run_after=2026-05-07 00:00:00+00:00
[2026-05-07T06:12:21.009+0000] {processor.py:183} INFO - Processing /home/airflow/.local/lib/python3.12/site-packages/airflow/example_dags/example_task_group_decorator.py took 0.132 seconds
[2026-05-07T06:12:52.056+0000] {processor.py:161} INFO - Started process (PID=13163) to work on /home/airflow/.local/lib/python3.12/site-packages/airflow/example_dags/example_task_group_decorator.py
[2026-05-07T06:12:52.059+0000] {processor.py:830} INFO - Processing file /home/airflow/.local/lib/python3.12/site-packages/airflow/example_dags/example_task_group_decorator.py for tasks to queue
[2026-05-07T06:12:52.061+0000] {logging_mixin.py:188} INFO - [2026-05-07T06:12:52.060+0000] {dagbag.py:545} INFO - Filling up the DagBag from /home/airflow/.local/lib/python3.12/site-packages/airflow/example_dags/example_task_group_decorator.py
[2026-05-07T06:12:52.094+0000] {processor.py:840} INFO - DAG(s) 'example_task_group_decorator' retrieved from /home/airflow/.local/lib/python3.12/site-packages/airflow/example_dags/example_task_group_decorator.py
[2026-05-07T06:12:52.137+0000] {logging_mixin.py:188} INFO - [2026-05-07T06:12:52.136+0000] {dag.py:3089} INFO - Sync 1 DAGs
[2026-05-07T06:12:52.174+0000] {logging_mixin.py:188} INFO - [2026-05-07T06:12:52.173+0000] {dag.py:3947} INFO - Setting next_dagrun for example_task_group_decorator to 2026-05-06 00:00:00+00:00, run_after=2026-05-07 00:00:00+00:00
[2026-05-07T06:12:52.227+0000] {processor.py:183} INFO - Processing /home/airflow/.local/lib/python3.12/site-packages/airflow/example_dags/example_task_group_decorator.py took 0.179 seconds
[2026-05-07T06:13:22.598+0000] {processor.py:161} INFO - Started process (PID=13230) to work on /home/airflow/.local/lib/python3.12/site-packages/airflow/example_dags/example_task_group_decorator.py
[2026-05-07T06:13:22.600+0000] {processor.py:830} INFO - Processing file /home/airflow/.local/lib/python3.12/site-packages/airflow/example_dags/example_task_group_decorator.py for tasks to queue
[2026-05-07T06:13:22.602+0000] {logging_mixin.py:188} INFO - [2026-05-07T06:13:22.602+0000] {dagbag.py:545} INFO - Filling up the DagBag from /home/airflow/.local/lib/python3.12/site-packages/airflow/example_dags/example_task_group_decorator.py
[2026-05-07T06:13:22.628+0000] {processor.py:840} INFO - DAG(s) 'example_task_group_decorator' retrieved from /home/airflow/.local/lib/python3.12/site-packages/airflow/example_dags/example_task_group_decorator.py
[2026-05-07T06:13:22.674+0000] {logging_mixin.py:188} INFO - [2026-05-07T06:13:22.673+0000] {dag.py:3089} INFO - Sync 1 DAGs
[2026-05-07T06:13:22.711+0000] {logging_mixin.py:188} INFO - [2026-05-07T06:13:22.711+0000] {dag.py:3947} INFO - Setting next_dagrun for example_task_group_decorator to 2026-05-06 00:00:00+00:00, run_after=2026-05-07 00:00:00+00:00
[2026-05-07T06:13:22.752+0000] {processor.py:183} INFO - Processing /home/airflow/.local/lib/python3.12/site-packages/airflow/example_dags/example_task_group_decorator.py took 0.167 seconds
[2026-05-07T06:13:53.296+0000] {processor.py:161} INFO - Started process (PID=13305) to work on /home/airflow/.local/lib/python3.12/site-packages/airflow/example_dags/example_task_group_decorator.py
[2026-05-07T06:13:53.298+0000] {processor.py:830} INFO - Processing file /home/airflow/.local/lib/python3.12/site-packages/airflow/example_dags/example_task_group_decorator.py for tasks to queue
[2026-05-07T06:13:53.301+0000] {logging_mixin.py:188} INFO - [2026-05-07T06:13:53.301+0000] {dagbag.py:545} INFO - Filling up the DagBag from /home/airflow/.local/lib/python3.12/site-packages/airflow/example_dags/example_task_group_decorator.py
[2026-05-07T06:13:53.325+0000] {processor.py:840} INFO - DAG(s) 'example_task_group_decorator' retrieved from /home/airflow/.local/lib/python3.12/site-packages/airflow/example_dags/example_task_group_decorator.py
[2026-05-07T06:13:53.368+0000] {logging_mixin.py:188} INFO - [2026-05-07T06:13:53.367+0000] {dag.py:3089} INFO - Sync 1 DAGs
[2026-05-07T06:13:53.406+0000] {logging_mixin.py:188} INFO - [2026-05-07T06:13:53.406+0000] {dag.py:3947} INFO - Setting next_dagrun for example_task_group_decorator to 2026-05-06 00:00:00+00:00, run_after=2026-05-07 00:00:00+00:00
[2026-05-07T06:13:53.455+0000] {processor.py:183} INFO - Processing /home/airflow/.local/lib/python3.12/site-packages/airflow/example_dags/example_task_group_decorator.py took 0.170 seconds
[2026-05-07T06:14:23.767+0000] {processor.py:161} INFO - Started process (PID=13373) to work on /home/airflow/.local/lib/python3.12/site-packages/airflow/example_dags/example_task_group_decorator.py
[2026-05-07T06:14:23.770+0000] {processor.py:830} INFO - Processing file /home/airflow/.local/lib/python3.12/site-packages/airflow/example_dags/example_task_group_decorator.py for tasks to queue
[2026-05-07T06:14:23.772+0000] {logging_mixin.py:188} INFO - [2026-05-07T06:14:23.771+0000] {dagbag.py:545} INFO - Filling up the DagBag from /home/airflow/.local/lib/python3.12/site-packages/airflow/example_dags/example_task_group_decorator.py
[2026-05-07T06:14:23.796+0000] {processor.py:840} INFO - DAG(s) 'example_task_group_decorator' retrieved from /home/airflow/.local/lib/python3.12/site-packages/airflow/example_dags/example_task_group_decorator.py
[2026-05-07T06:14:23.836+0000] {logging_mixin.py:188} INFO - [2026-05-07T06:14:23.836+0000] {dag.py:3089} INFO - Sync 1 DAGs
[2026-05-07T06:14:23.873+0000] {logging_mixin.py:188} INFO - [2026-05-07T06:14:23.872+0000] {dag.py:3947} INFO - Setting next_dagrun for example_task_group_decorator to 2026-05-06 00:00:00+00:00, run_after=2026-05-07 00:00:00+00:00
[2026-05-07T06:14:23.912+0000] {processor.py:183} INFO - Processing /home/airflow/.local/lib/python3.12/site-packages/airflow/example_dags/example_task_group_decorator.py took 0.155 seconds
[2026-05-07T06:14:54.409+0000] {processor.py:161} INFO - Started process (PID=13441) to work on /home/airflow/.local/lib/python3.12/site-packages/airflow/example_dags/example_task_group_decorator.py
[2026-05-07T06:14:54.411+0000] {processor.py:830} INFO - Processing file /home/airflow/.local/lib/python3.12/site-packages/airflow/example_dags/example_task_group_decorator.py for tasks to queue
[2026-05-07T06:14:54.413+0000] {logging_mixin.py:188} INFO - [2026-05-07T06:14:54.412+0000] {dagbag.py:545} INFO - Filling up the DagBag from /home/airflow/.local/lib/python3.12/site-packages/airflow/example_dags/example_task_group_decorator.py
[2026-05-07T06:14:54.435+0000] {processor.py:840} INFO - DAG(s) 'example_task_group_decorator' retrieved from /home/airflow/.local/lib/python3.12/site-packages/airflow/example_dags/example_task_group_decorator.py
[2026-05-07T06:14:54.478+0000] {logging_mixin.py:188} INFO - [2026-05-07T06:14:54.478+0000] {dag.py:3089} INFO - Sync 1 DAGs
[2026-05-07T06:14:54.510+0000] {logging_mixin.py:188} INFO - [2026-05-07T06:14:54.509+0000] {dag.py:3947} INFO - Setting next_dagrun for example_task_group_decorator to 2026-05-06 00:00:00+00:00, run_after=2026-05-07 00:00:00+00:00
[2026-05-07T06:14:54.541+0000] {processor.py:183} INFO - Processing /home/airflow/.local/lib/python3.12/site-packages/airflow/example_dags/example_task_group_decorator.py took 0.143 seconds
[2026-05-07T06:15:24.798+0000] {processor.py:161} INFO - Started process (PID=13508) to work on /home/airflow/.local/lib/python3.12/site-packages/airflow/example_dags/example_task_group_decorator.py
[2026-05-07T06:15:24.799+0000] {processor.py:830} INFO - Processing file /home/airflow/.local/lib/python3.12/site-packages/airflow/example_dags/example_task_group_decorator.py for tasks to queue
[2026-05-07T06:15:24.801+0000] {logging_mixin.py:188} INFO - [2026-05-07T06:15:24.800+0000] {dagbag.py:545} INFO - Filling up the DagBag from /home/airflow/.local/lib/python3.12/site-packages/airflow/example_dags/example_task_group_decorator.py
[2026-05-07T06:15:24.822+0000] {processor.py:840} INFO - DAG(s) 'example_task_group_decorator' retrieved from /home/airflow/.local/lib/python3.12/site-packages/airflow/example_dags/example_task_group_decorator.py
[2026-05-07T06:15:24.859+0000] {logging_mixin.py:188} INFO - [2026-05-07T06:15:24.859+0000] {dag.py:3089} INFO - Sync 1 DAGs
[2026-05-07T06:15:24.895+0000] {logging_mixin.py:188} INFO - [2026-05-07T06:15:24.895+0000] {dag.py:3947} INFO - Setting next_dagrun for example_task_group_decorator to 2026-05-06 00:00:00+00:00, run_after=2026-05-07 00:00:00+00:00
[2026-05-07T06:15:24.928+0000] {processor.py:183} INFO - Processing /home/airflow/.local/lib/python3.12/site-packages/airflow/example_dags/example_task_group_decorator.py took 0.140 seconds
[2026-05-07T06:15:55.654+0000] {processor.py:161} INFO - Started process (PID=13577) to work on /home/airflow/.local/lib/python3.12/site-packages/airflow/example_dags/example_task_group_decorator.py
[2026-05-07T06:15:55.656+0000] {processor.py:830} INFO - Processing file /home/airflow/.local/lib/python3.12/site-packages/airflow/example_dags/example_task_group_decorator.py for tasks to queue
[2026-05-07T06:15:55.659+0000] {logging_mixin.py:188} INFO - [2026-05-07T06:15:55.658+0000] {dagbag.py:545} INFO - Filling up the DagBag from /home/airflow/.local/lib/python3.12/site-packages/airflow/example_dags/example_task_group_decorator.py
[2026-05-07T06:15:55.685+0000] {processor.py:840} INFO - DAG(s) 'example_task_group_decorator' retrieved from /home/airflow/.local/lib/python3.12/site-packages/airflow/example_dags/example_task_group_decorator.py
[2026-05-07T06:15:55.739+0000] {logging_mixin.py:188} INFO - [2026-05-07T06:15:55.738+0000] {dag.py:3089} INFO - Sync 1 DAGs
[2026-05-07T06:15:55.770+0000] {logging_mixin.py:188} INFO - [2026-05-07T06:15:55.770+0000] {dag.py:3947} INFO - Setting next_dagrun for example_task_group_decorator to 2026-05-06 00:00:00+00:00, run_after=2026-05-07 00:00:00+00:00
[2026-05-07T06:15:55.833+0000] {processor.py:183} INFO - Processing /home/airflow/.local/lib/python3.12/site-packages/airflow/example_dags/example_task_group_decorator.py took 0.192 seconds
[2026-05-07T06:16:26.388+0000] {processor.py:161} INFO - Started process (PID=13645) to work on /home/airflow/.local/lib/python3.12/site-packages/airflow/example_dags/example_task_group_decorator.py
[2026-05-07T06:16:26.391+0000] {processor.py:830} INFO - Processing file /home/airflow/.local/lib/python3.12/site-packages/airflow/example_dags/example_task_group_decorator.py for tasks to queue
[2026-05-07T06:16:26.395+0000] {logging_mixin.py:188} INFO - [2026-05-07T06:16:26.394+0000] {dagbag.py:545} INFO - Filling up the DagBag from /home/airflow/.local/lib/python3.12/site-packages/airflow/example_dags/example_task_group_decorator.py
[2026-05-07T06:16:26.425+0000] {processor.py:840} INFO - DAG(s) 'example_task_group_decorator' retrieved from /home/airflow/.local/lib/python3.12/site-packages/airflow/example_dags/example_task_group_decorator.py
[2026-05-07T06:16:26.465+0000] {logging_mixin.py:188} INFO - [2026-05-07T06:16:26.465+0000] {dag.py:3089} INFO - Sync 1 DAGs
[2026-05-07T06:16:26.498+0000] {logging_mixin.py:188} INFO - [2026-05-07T06:16:26.498+0000] {dag.py:3947} INFO - Setting next_dagrun for example_task_group_decorator to 2026-05-06 00:00:00+00:00, run_after=2026-05-07 00:00:00+00:00
[2026-05-07T06:16:26.539+0000] {processor.py:183} INFO - Processing /home/airflow/.local/lib/python3.12/site-packages/airflow/example_dags/example_task_group_decorator.py took 0.165 seconds
[2026-05-07T06:16:57.073+0000] {processor.py:161} INFO - Started process (PID=13720) to work on /home/airflow/.local/lib/python3.12/site-packages/airflow/example_dags/example_task_group_decorator.py
[2026-05-07T06:16:57.078+0000] {processor.py:830} INFO - Processing file /home/airflow/.local/lib/python3.12/site-packages/airflow/example_dags/example_task_group_decorator.py for tasks to queue
[2026-05-07T06:16:57.080+0000] {logging_mixin.py:188} INFO - [2026-05-07T06:16:57.079+0000] {dagbag.py:545} INFO - Filling up the DagBag from /home/airflow/.local/lib/python3.12/site-packages/airflow/example_dags/example_task_group_decorator.py
[2026-05-07T06:16:57.100+0000] {processor.py:840} INFO - DAG(s) 'example_task_group_decorator' retrieved from /home/airflow/.local/lib/python3.12/site-packages/airflow/example_dags/example_task_group_decorator.py
[2026-05-07T06:16:57.135+0000] {logging_mixin.py:188} INFO - [2026-05-07T06:16:57.135+0000] {dag.py:3089} INFO - Sync 1 DAGs
[2026-05-07T06:16:57.165+0000] {logging_mixin.py:188} INFO - [2026-05-07T06:16:57.165+0000] {dag.py:3947} INFO - Setting next_dagrun for example_task_group_decorator to 2026-05-06 00:00:00+00:00, run_after=2026-05-07 00:00:00+00:00
[2026-05-07T06:16:57.222+0000] {processor.py:183} INFO - Processing /home/airflow/.local/lib/python3.12/site-packages/airflow/example_dags/example_task_group_decorator.py took 0.159 seconds
[2026-05-07T06:17:28.012+0000] {processor.py:161} INFO - Started process (PID=13788) to work on /home/airflow/.local/lib/python3.12/site-packages/airflow/example_dags/example_task_group_decorator.py
[2026-05-07T06:17:28.015+0000] {processor.py:830} INFO - Processing file /home/airflow/.local/lib/python3.12/site-packages/airflow/example_dags/example_task_group_decorator.py for tasks to queue
[2026-05-07T06:17:28.017+0000] {logging_mixin.py:188} INFO - [2026-05-07T06:17:28.017+0000] {dagbag.py:545} INFO - Filling up the DagBag from /home/airflow/.local/lib/python3.12/site-packages/airflow/example_dags/example_task_group_decorator.py
[2026-05-07T06:17:28.039+0000] {processor.py:840} INFO - DAG(s) 'example_task_group_decorator' retrieved from /home/airflow/.local/lib/python3.12/site-packages/airflow/example_dags/example_task_group_decorator.py
[2026-05-07T06:17:28.080+0000] {logging_mixin.py:188} INFO - [2026-05-07T06:17:28.079+0000] {dag.py:3089} INFO - Sync 1 DAGs
[2026-05-07T06:17:28.113+0000] {logging_mixin.py:188} INFO - [2026-05-07T06:17:28.113+0000] {dag.py:3947} INFO - Setting next_dagrun for example_task_group_decorator to 2026-05-06 00:00:00+00:00, run_after=2026-05-07 00:00:00+00:00
[2026-05-07T06:17:28.155+0000] {processor.py:183} INFO - Processing /home/airflow/.local/lib/python3.12/site-packages/airflow/example_dags/example_task_group_decorator.py took 0.154 seconds
[2026-05-07T06:17:58.522+0000] {processor.py:161} INFO - Started process (PID=13858) to work on /home/airflow/.local/lib/python3.12/site-packages/airflow/example_dags/example_task_group_decorator.py
[2026-05-07T06:17:58.524+0000] {processor.py:830} INFO - Processing file /home/airflow/.local/lib/python3.12/site-packages/airflow/example_dags/example_task_group_decorator.py for tasks to queue
[2026-05-07T06:17:58.526+0000] {logging_mixin.py:188} INFO - [2026-05-07T06:17:58.525+0000] {dagbag.py:545} INFO - Filling up the DagBag from /home/airflow/.local/lib/python3.12/site-packages/airflow/example_dags/example_task_group_decorator.py
[2026-05-07T06:17:58.545+0000] {processor.py:840} INFO - DAG(s) 'example_task_group_decorator' retrieved from /home/airflow/.local/lib/python3.12/site-packages/airflow/example_dags/example_task_group_decorator.py
[2026-05-07T06:17:58.590+0000] {logging_mixin.py:188} INFO - [2026-05-07T06:17:58.590+0000] {dag.py:3089} INFO - Sync 1 DAGs
[2026-05-07T06:17:58.628+0000] {logging_mixin.py:188} INFO - [2026-05-07T06:17:58.627+0000] {dag.py:3947} INFO - Setting next_dagrun for example_task_group_decorator to 2026-05-06 00:00:00+00:00, run_after=2026-05-07 00:00:00+00:00
[2026-05-07T06:17:58.685+0000] {processor.py:183} INFO - Processing /home/airflow/.local/lib/python3.12/site-packages/airflow/example_dags/example_task_group_decorator.py took 0.172 seconds
[2026-05-07T06:18:29.187+0000] {processor.py:161} INFO - Started process (PID=13924) to work on /home/airflow/.local/lib/python3.12/site-packages/airflow/example_dags/example_task_group_decorator.py
[2026-05-07T06:18:29.190+0000] {processor.py:830} INFO - Processing file /home/airflow/.local/lib/python3.12/site-packages/airflow/example_dags/example_task_group_decorator.py for tasks to queue
[2026-05-07T06:18:29.192+0000] {logging_mixin.py:188} INFO - [2026-05-07T06:18:29.191+0000] {dagbag.py:545} INFO - Filling up the DagBag from /home/airflow/.local/lib/python3.12/site-packages/airflow/example_dags/example_task_group_decorator.py
[2026-05-07T06:18:29.217+0000] {processor.py:840} INFO - DAG(s) 'example_task_group_decorator' retrieved from /home/airflow/.local/lib/python3.12/site-packages/airflow/example_dags/example_task_group_decorator.py
[2026-05-07T06:18:29.254+0000] {logging_mixin.py:188} INFO - [2026-05-07T06:18:29.254+0000] {dag.py:3089} INFO - Sync 1 DAGs
[2026-05-07T06:18:29.292+0000] {logging_mixin.py:188} INFO - [2026-05-07T06:18:29.292+0000] {dag.py:3947} INFO - Setting next_dagrun for example_task_group_decorator to 2026-05-06 00:00:00+00:00, run_after=2026-05-07 00:00:00+00:00
[2026-05-07T06:18:29.341+0000] {processor.py:183} INFO - Processing /home/airflow/.local/lib/python3.12/site-packages/airflow/example_dags/example_task_group_decorator.py took 0.163 seconds
[2026-05-07T06:18:59.576+0000] {processor.py:161} INFO - Started process (PID=13992) to work on /home/airflow/.local/lib/python3.12/site-packages/airflow/example_dags/example_task_group_decorator.py
[2026-05-07T06:18:59.577+0000] {processor.py:830} INFO - Processing file /home/airflow/.local/lib/python3.12/site-packages/airflow/example_dags/example_task_group_decorator.py for tasks to queue
[2026-05-07T06:18:59.579+0000] {logging_mixin.py:188} INFO - [2026-05-07T06:18:59.579+0000] {dagbag.py:545} INFO - Filling up the DagBag from /home/airflow/.local/lib/python3.12/site-packages/airflow/example_dags/example_task_group_decorator.py
[2026-05-07T06:18:59.599+0000] {processor.py:840} INFO - DAG(s) 'example_task_group_decorator' retrieved from /home/airflow/.local/lib/python3.12/site-packages/airflow/example_dags/example_task_group_decorator.py
[2026-05-07T06:18:59.642+0000] {logging_mixin.py:188} INFO - [2026-05-07T06:18:59.642+0000] {dag.py:3089} INFO - Sync 1 DAGs
[2026-05-07T06:18:59.677+0000] {logging_mixin.py:188} INFO - [2026-05-07T06:18:59.676+0000] {dag.py:3947} INFO - Setting next_dagrun for example_task_group_decorator to 2026-05-06 00:00:00+00:00, run_after=2026-05-07 00:00:00+00:00
[2026-05-07T06:18:59.712+0000] {processor.py:183} INFO - Processing /home/airflow/.local/lib/python3.12/site-packages/airflow/example_dags/example_task_group_decorator.py took 0.147 seconds
[2026-05-07T06:19:29.860+0000] {processor.py:161} INFO - Started process (PID=14067) to work on /home/airflow/.local/lib/python3.12/site-packages/airflow/example_dags/example_task_group_decorator.py
[2026-05-07T06:19:29.862+0000] {processor.py:830} INFO - Processing file /home/airflow/.local/lib/python3.12/site-packages/airflow/example_dags/example_task_group_decorator.py for tasks to queue
[2026-05-07T06:19:29.864+0000] {logging_mixin.py:188} INFO - [2026-05-07T06:19:29.864+0000] {dagbag.py:545} INFO - Filling up the DagBag from /home/airflow/.local/lib/python3.12/site-packages/airflow/example_dags/example_task_group_decorator.py
[2026-05-07T06:19:29.884+0000] {processor.py:840} INFO - DAG(s) 'example_task_group_decorator' retrieved from /home/airflow/.local/lib/python3.12/site-packages/airflow/example_dags/example_task_group_decorator.py
[2026-05-07T06:19:29.926+0000] {logging_mixin.py:188} INFO - [2026-05-07T06:19:29.926+0000] {dag.py:3089} INFO - Sync 1 DAGs
[2026-05-07T06:19:29.960+0000] {logging_mixin.py:188} INFO - [2026-05-07T06:19:29.960+0000] {dag.py:3947} INFO - Setting next_dagrun for example_task_group_decorator to 2026-05-06 00:00:00+00:00, run_after=2026-05-07 00:00:00+00:00
[2026-05-07T06:19:30.000+0000] {processor.py:183} INFO - Processing /home/airflow/.local/lib/python3.12/site-packages/airflow/example_dags/example_task_group_decorator.py took 0.149 seconds
[2026-05-07T06:20:00.634+0000] {processor.py:161} INFO - Started process (PID=14135) to work on /home/airflow/.local/lib/python3.12/site-packages/airflow/example_dags/example_task_group_decorator.py
[2026-05-07T06:20:00.636+0000] {processor.py:830} INFO - Processing file /home/airflow/.local/lib/python3.12/site-packages/airflow/example_dags/example_task_group_decorator.py for tasks to queue
[2026-05-07T06:20:00.638+0000] {logging_mixin.py:188} INFO - [2026-05-07T06:20:00.637+0000] {dagbag.py:545} INFO - Filling up the DagBag from /home/airflow/.local/lib/python3.12/site-packages/airflow/example_dags/example_task_group_decorator.py
[2026-05-07T06:20:00.659+0000] {processor.py:840} INFO - DAG(s) 'example_task_group_decorator' retrieved from /home/airflow/.local/lib/python3.12/site-packages/airflow/example_dags/example_task_group_decorator.py
[2026-05-07T06:20:00.697+0000] {logging_mixin.py:188} INFO - [2026-05-07T06:20:00.697+0000] {dag.py:3089} INFO - Sync 1 DAGs
[2026-05-07T06:20:00.733+0000] {logging_mixin.py:188} INFO - [2026-05-07T06:20:00.733+0000] {dag.py:3947} INFO - Setting next_dagrun for example_task_group_decorator to 2026-05-06 00:00:00+00:00, run_after=2026-05-07 00:00:00+00:00
[2026-05-07T06:20:00.794+0000] {processor.py:183} INFO - Processing /home/airflow/.local/lib/python3.12/site-packages/airflow/example_dags/example_task_group_decorator.py took 0.173 seconds
