[2026-05-07T04:50:05.343+0000] {processor.py:161} INFO - Started process (PID=11940) to work on /home/airflow/.local/lib/python3.12/site-packages/airflow/example_dags/example_setup_teardown.py
[2026-05-07T04:50:05.344+0000] {processor.py:830} INFO - Processing file /home/airflow/.local/lib/python3.12/site-packages/airflow/example_dags/example_setup_teardown.py for tasks to queue
[2026-05-07T04:50:05.345+0000] {logging_mixin.py:188} INFO - [2026-05-07T04:50:05.345+0000] {dagbag.py:545} INFO - Filling up the DagBag from /home/airflow/.local/lib/python3.12/site-packages/airflow/example_dags/example_setup_teardown.py
[2026-05-07T04:50:05.353+0000] {processor.py:840} INFO - DAG(s) 'example_setup_teardown' retrieved from /home/airflow/.local/lib/python3.12/site-packages/airflow/example_dags/example_setup_teardown.py
[2026-05-07T04:50:05.377+0000] {logging_mixin.py:188} INFO - [2026-05-07T04:50:05.377+0000] {dag.py:3089} INFO - Sync 1 DAGs
[2026-05-07T04:50:05.398+0000] {logging_mixin.py:188} INFO - [2026-05-07T04:50:05.398+0000] {dag.py:3947} INFO - Setting next_dagrun for example_setup_teardown to 2026-05-06 00:00:00+00:00, run_after=2026-05-07 00:00:00+00:00
[2026-05-07T04:50:05.429+0000] {processor.py:183} INFO - Processing /home/airflow/.local/lib/python3.12/site-packages/airflow/example_dags/example_setup_teardown.py took 0.091 seconds
[2026-05-07T04:50:36.126+0000] {processor.py:161} INFO - Started process (PID=12008) to work on /home/airflow/.local/lib/python3.12/site-packages/airflow/example_dags/example_setup_teardown.py
[2026-05-07T04:50:36.129+0000] {processor.py:830} INFO - Processing file /home/airflow/.local/lib/python3.12/site-packages/airflow/example_dags/example_setup_teardown.py for tasks to queue
[2026-05-07T04:50:36.130+0000] {logging_mixin.py:188} INFO - [2026-05-07T04:50:36.129+0000] {dagbag.py:545} INFO - Filling up the DagBag from /home/airflow/.local/lib/python3.12/site-packages/airflow/example_dags/example_setup_teardown.py
[2026-05-07T04:50:36.139+0000] {processor.py:840} INFO - DAG(s) 'example_setup_teardown' retrieved from /home/airflow/.local/lib/python3.12/site-packages/airflow/example_dags/example_setup_teardown.py
[2026-05-07T04:50:36.163+0000] {logging_mixin.py:188} INFO - [2026-05-07T04:50:36.162+0000] {dag.py:3089} INFO - Sync 1 DAGs
[2026-05-07T04:50:36.185+0000] {logging_mixin.py:188} INFO - [2026-05-07T04:50:36.184+0000] {dag.py:3947} INFO - Setting next_dagrun for example_setup_teardown to 2026-05-06 00:00:00+00:00, run_after=2026-05-07 00:00:00+00:00
[2026-05-07T04:50:36.211+0000] {processor.py:183} INFO - Processing /home/airflow/.local/lib/python3.12/site-packages/airflow/example_dags/example_setup_teardown.py took 0.093 seconds
[2026-05-07T04:51:06.590+0000] {processor.py:161} INFO - Started process (PID=12083) to work on /home/airflow/.local/lib/python3.12/site-packages/airflow/example_dags/example_setup_teardown.py
[2026-05-07T04:51:06.592+0000] {processor.py:830} INFO - Processing file /home/airflow/.local/lib/python3.12/site-packages/airflow/example_dags/example_setup_teardown.py for tasks to queue
[2026-05-07T04:51:06.595+0000] {logging_mixin.py:188} INFO - [2026-05-07T04:51:06.594+0000] {dagbag.py:545} INFO - Filling up the DagBag from /home/airflow/.local/lib/python3.12/site-packages/airflow/example_dags/example_setup_teardown.py
[2026-05-07T04:51:06.606+0000] {processor.py:840} INFO - DAG(s) 'example_setup_teardown' retrieved from /home/airflow/.local/lib/python3.12/site-packages/airflow/example_dags/example_setup_teardown.py
[2026-05-07T04:51:06.632+0000] {logging_mixin.py:188} INFO - [2026-05-07T04:51:06.631+0000] {dag.py:3089} INFO - Sync 1 DAGs
[2026-05-07T04:51:06.652+0000] {logging_mixin.py:188} INFO - [2026-05-07T04:51:06.652+0000] {dag.py:3947} INFO - Setting next_dagrun for example_setup_teardown to 2026-05-06 00:00:00+00:00, run_after=2026-05-07 00:00:00+00:00
[2026-05-07T04:51:06.671+0000] {processor.py:183} INFO - Processing /home/airflow/.local/lib/python3.12/site-packages/airflow/example_dags/example_setup_teardown.py took 0.092 seconds
[2026-05-07T04:51:36.840+0000] {processor.py:161} INFO - Started process (PID=12151) to work on /home/airflow/.local/lib/python3.12/site-packages/airflow/example_dags/example_setup_teardown.py
[2026-05-07T04:51:36.842+0000] {processor.py:830} INFO - Processing file /home/airflow/.local/lib/python3.12/site-packages/airflow/example_dags/example_setup_teardown.py for tasks to queue
[2026-05-07T04:51:36.843+0000] {logging_mixin.py:188} INFO - [2026-05-07T04:51:36.843+0000] {dagbag.py:545} INFO - Filling up the DagBag from /home/airflow/.local/lib/python3.12/site-packages/airflow/example_dags/example_setup_teardown.py
[2026-05-07T04:51:36.854+0000] {processor.py:840} INFO - DAG(s) 'example_setup_teardown' retrieved from /home/airflow/.local/lib/python3.12/site-packages/airflow/example_dags/example_setup_teardown.py
[2026-05-07T04:51:36.878+0000] {logging_mixin.py:188} INFO - [2026-05-07T04:51:36.878+0000] {dag.py:3089} INFO - Sync 1 DAGs
[2026-05-07T04:51:36.902+0000] {logging_mixin.py:188} INFO - [2026-05-07T04:51:36.902+0000] {dag.py:3947} INFO - Setting next_dagrun for example_setup_teardown to 2026-05-06 00:00:00+00:00, run_after=2026-05-07 00:00:00+00:00
[2026-05-07T04:51:36.926+0000] {processor.py:183} INFO - Processing /home/airflow/.local/lib/python3.12/site-packages/airflow/example_dags/example_setup_teardown.py took 0.093 seconds
[2026-05-07T04:52:08.563+0000] {processor.py:161} INFO - Started process (PID=12226) to work on /home/airflow/.local/lib/python3.12/site-packages/airflow/example_dags/example_setup_teardown.py
[2026-05-07T04:52:08.564+0000] {processor.py:830} INFO - Processing file /home/airflow/.local/lib/python3.12/site-packages/airflow/example_dags/example_setup_teardown.py for tasks to queue
[2026-05-07T04:52:08.566+0000] {logging_mixin.py:188} INFO - [2026-05-07T04:52:08.565+0000] {dagbag.py:545} INFO - Filling up the DagBag from /home/airflow/.local/lib/python3.12/site-packages/airflow/example_dags/example_setup_teardown.py
[2026-05-07T04:52:08.573+0000] {processor.py:840} INFO - DAG(s) 'example_setup_teardown' retrieved from /home/airflow/.local/lib/python3.12/site-packages/airflow/example_dags/example_setup_teardown.py
[2026-05-07T04:52:08.601+0000] {logging_mixin.py:188} INFO - [2026-05-07T04:52:08.601+0000] {dag.py:3089} INFO - Sync 1 DAGs
[2026-05-07T04:52:08.636+0000] {logging_mixin.py:188} INFO - [2026-05-07T04:52:08.636+0000] {dag.py:3947} INFO - Setting next_dagrun for example_setup_teardown to 2026-05-06 00:00:00+00:00, run_after=2026-05-07 00:00:00+00:00
[2026-05-07T04:52:08.663+0000] {processor.py:183} INFO - Processing /home/airflow/.local/lib/python3.12/site-packages/airflow/example_dags/example_setup_teardown.py took 0.108 seconds
[2026-05-07T04:52:39.060+0000] {processor.py:161} INFO - Started process (PID=12294) to work on /home/airflow/.local/lib/python3.12/site-packages/airflow/example_dags/example_setup_teardown.py
[2026-05-07T04:52:39.062+0000] {processor.py:830} INFO - Processing file /home/airflow/.local/lib/python3.12/site-packages/airflow/example_dags/example_setup_teardown.py for tasks to queue
[2026-05-07T04:52:39.063+0000] {logging_mixin.py:188} INFO - [2026-05-07T04:52:39.063+0000] {dagbag.py:545} INFO - Filling up the DagBag from /home/airflow/.local/lib/python3.12/site-packages/airflow/example_dags/example_setup_teardown.py
[2026-05-07T04:52:39.072+0000] {processor.py:840} INFO - DAG(s) 'example_setup_teardown' retrieved from /home/airflow/.local/lib/python3.12/site-packages/airflow/example_dags/example_setup_teardown.py
[2026-05-07T04:52:39.098+0000] {logging_mixin.py:188} INFO - [2026-05-07T04:52:39.098+0000] {dag.py:3089} INFO - Sync 1 DAGs
[2026-05-07T04:52:39.127+0000] {logging_mixin.py:188} INFO - [2026-05-07T04:52:39.127+0000] {dag.py:3947} INFO - Setting next_dagrun for example_setup_teardown to 2026-05-06 00:00:00+00:00, run_after=2026-05-07 00:00:00+00:00
[2026-05-07T04:52:39.155+0000] {processor.py:183} INFO - Processing /home/airflow/.local/lib/python3.12/site-packages/airflow/example_dags/example_setup_teardown.py took 0.100 seconds
[2026-05-07T04:53:09.580+0000] {processor.py:161} INFO - Started process (PID=12362) to work on /home/airflow/.local/lib/python3.12/site-packages/airflow/example_dags/example_setup_teardown.py
[2026-05-07T04:53:09.581+0000] {processor.py:830} INFO - Processing file /home/airflow/.local/lib/python3.12/site-packages/airflow/example_dags/example_setup_teardown.py for tasks to queue
[2026-05-07T04:53:09.582+0000] {logging_mixin.py:188} INFO - [2026-05-07T04:53:09.582+0000] {dagbag.py:545} INFO - Filling up the DagBag from /home/airflow/.local/lib/python3.12/site-packages/airflow/example_dags/example_setup_teardown.py
[2026-05-07T04:53:09.591+0000] {processor.py:840} INFO - DAG(s) 'example_setup_teardown' retrieved from /home/airflow/.local/lib/python3.12/site-packages/airflow/example_dags/example_setup_teardown.py
[2026-05-07T04:53:09.613+0000] {logging_mixin.py:188} INFO - [2026-05-07T04:53:09.612+0000] {dag.py:3089} INFO - Sync 1 DAGs
[2026-05-07T04:53:09.632+0000] {logging_mixin.py:188} INFO - [2026-05-07T04:53:09.631+0000] {dag.py:3947} INFO - Setting next_dagrun for example_setup_teardown to 2026-05-06 00:00:00+00:00, run_after=2026-05-07 00:00:00+00:00
[2026-05-07T04:53:09.652+0000] {processor.py:183} INFO - Processing /home/airflow/.local/lib/python3.12/site-packages/airflow/example_dags/example_setup_teardown.py took 0.078 seconds
[2026-05-07T05:20:11.720+0000] {processor.py:161} INFO - Started process (PID=12419) to work on /home/airflow/.local/lib/python3.12/site-packages/airflow/example_dags/example_setup_teardown.py
[2026-05-07T05:20:11.721+0000] {processor.py:830} INFO - Processing file /home/airflow/.local/lib/python3.12/site-packages/airflow/example_dags/example_setup_teardown.py for tasks to queue
[2026-05-07T05:20:11.722+0000] {logging_mixin.py:188} INFO - [2026-05-07T05:20:11.722+0000] {dagbag.py:545} INFO - Filling up the DagBag from /home/airflow/.local/lib/python3.12/site-packages/airflow/example_dags/example_setup_teardown.py
[2026-05-07T05:20:11.730+0000] {processor.py:840} INFO - DAG(s) 'example_setup_teardown' retrieved from /home/airflow/.local/lib/python3.12/site-packages/airflow/example_dags/example_setup_teardown.py
[2026-05-07T05:20:11.748+0000] {logging_mixin.py:188} INFO - [2026-05-07T05:20:11.748+0000] {dag.py:3089} INFO - Sync 1 DAGs
[2026-05-07T05:20:11.767+0000] {logging_mixin.py:188} INFO - [2026-05-07T05:20:11.767+0000] {dag.py:3947} INFO - Setting next_dagrun for example_setup_teardown to 2026-05-06 00:00:00+00:00, run_after=2026-05-07 00:00:00+00:00
[2026-05-07T05:20:11.788+0000] {processor.py:183} INFO - Processing /home/airflow/.local/lib/python3.12/site-packages/airflow/example_dags/example_setup_teardown.py took 0.074 seconds
[2026-05-07T06:07:46.126+0000] {processor.py:161} INFO - Started process (PID=12494) to work on /home/airflow/.local/lib/python3.12/site-packages/airflow/example_dags/example_setup_teardown.py
[2026-05-07T06:07:46.128+0000] {processor.py:830} INFO - Processing file /home/airflow/.local/lib/python3.12/site-packages/airflow/example_dags/example_setup_teardown.py for tasks to queue
[2026-05-07T06:07:46.130+0000] {logging_mixin.py:188} INFO - [2026-05-07T06:07:46.129+0000] {dagbag.py:545} INFO - Filling up the DagBag from /home/airflow/.local/lib/python3.12/site-packages/airflow/example_dags/example_setup_teardown.py
[2026-05-07T06:07:46.143+0000] {processor.py:840} INFO - DAG(s) 'example_setup_teardown' retrieved from /home/airflow/.local/lib/python3.12/site-packages/airflow/example_dags/example_setup_teardown.py
[2026-05-07T06:07:46.186+0000] {logging_mixin.py:188} INFO - [2026-05-07T06:07:46.185+0000] {dag.py:3089} INFO - Sync 1 DAGs
[2026-05-07T06:07:46.228+0000] {logging_mixin.py:188} INFO - [2026-05-07T06:07:46.228+0000] {dag.py:3947} INFO - Setting next_dagrun for example_setup_teardown to 2026-05-06 00:00:00+00:00, run_after=2026-05-07 00:00:00+00:00
[2026-05-07T06:07:46.285+0000] {processor.py:183} INFO - Processing /home/airflow/.local/lib/python3.12/site-packages/airflow/example_dags/example_setup_teardown.py took 0.168 seconds
[2026-05-07T06:08:17.568+0000] {processor.py:161} INFO - Started process (PID=12562) to work on /home/airflow/.local/lib/python3.12/site-packages/airflow/example_dags/example_setup_teardown.py
[2026-05-07T06:08:17.571+0000] {processor.py:830} INFO - Processing file /home/airflow/.local/lib/python3.12/site-packages/airflow/example_dags/example_setup_teardown.py for tasks to queue
[2026-05-07T06:08:17.576+0000] {logging_mixin.py:188} INFO - [2026-05-07T06:08:17.575+0000] {dagbag.py:545} INFO - Filling up the DagBag from /home/airflow/.local/lib/python3.12/site-packages/airflow/example_dags/example_setup_teardown.py
[2026-05-07T06:08:17.593+0000] {processor.py:840} INFO - DAG(s) 'example_setup_teardown' retrieved from /home/airflow/.local/lib/python3.12/site-packages/airflow/example_dags/example_setup_teardown.py
[2026-05-07T06:08:17.629+0000] {logging_mixin.py:188} INFO - [2026-05-07T06:08:17.629+0000] {dag.py:3089} INFO - Sync 1 DAGs
[2026-05-07T06:08:17.668+0000] {logging_mixin.py:188} INFO - [2026-05-07T06:08:17.668+0000] {dag.py:3947} INFO - Setting next_dagrun for example_setup_teardown to 2026-05-06 00:00:00+00:00, run_after=2026-05-07 00:00:00+00:00
[2026-05-07T06:08:17.730+0000] {processor.py:183} INFO - Processing /home/airflow/.local/lib/python3.12/site-packages/airflow/example_dags/example_setup_teardown.py took 0.174 seconds
[2026-05-07T06:08:48.080+0000] {processor.py:161} INFO - Started process (PID=12630) to work on /home/airflow/.local/lib/python3.12/site-packages/airflow/example_dags/example_setup_teardown.py
[2026-05-07T06:08:48.087+0000] {processor.py:830} INFO - Processing file /home/airflow/.local/lib/python3.12/site-packages/airflow/example_dags/example_setup_teardown.py for tasks to queue
[2026-05-07T06:08:48.091+0000] {logging_mixin.py:188} INFO - [2026-05-07T06:08:48.090+0000] {dagbag.py:545} INFO - Filling up the DagBag from /home/airflow/.local/lib/python3.12/site-packages/airflow/example_dags/example_setup_teardown.py
[2026-05-07T06:08:48.113+0000] {processor.py:840} INFO - DAG(s) 'example_setup_teardown' retrieved from /home/airflow/.local/lib/python3.12/site-packages/airflow/example_dags/example_setup_teardown.py
[2026-05-07T06:08:48.162+0000] {logging_mixin.py:188} INFO - [2026-05-07T06:08:48.162+0000] {dag.py:3089} INFO - Sync 1 DAGs
[2026-05-07T06:08:48.203+0000] {logging_mixin.py:188} INFO - [2026-05-07T06:08:48.202+0000] {dag.py:3947} INFO - Setting next_dagrun for example_setup_teardown to 2026-05-06 00:00:00+00:00, run_after=2026-05-07 00:00:00+00:00
[2026-05-07T06:08:48.244+0000] {processor.py:183} INFO - Processing /home/airflow/.local/lib/python3.12/site-packages/airflow/example_dags/example_setup_teardown.py took 0.177 seconds
[2026-05-07T06:09:19.499+0000] {processor.py:161} INFO - Started process (PID=12698) to work on /home/airflow/.local/lib/python3.12/site-packages/airflow/example_dags/example_setup_teardown.py
[2026-05-07T06:09:19.502+0000] {processor.py:830} INFO - Processing file /home/airflow/.local/lib/python3.12/site-packages/airflow/example_dags/example_setup_teardown.py for tasks to queue
[2026-05-07T06:09:19.506+0000] {logging_mixin.py:188} INFO - [2026-05-07T06:09:19.505+0000] {dagbag.py:545} INFO - Filling up the DagBag from /home/airflow/.local/lib/python3.12/site-packages/airflow/example_dags/example_setup_teardown.py
[2026-05-07T06:09:19.522+0000] {processor.py:840} INFO - DAG(s) 'example_setup_teardown' retrieved from /home/airflow/.local/lib/python3.12/site-packages/airflow/example_dags/example_setup_teardown.py
[2026-05-07T06:09:19.561+0000] {logging_mixin.py:188} INFO - [2026-05-07T06:09:19.561+0000] {dag.py:3089} INFO - Sync 1 DAGs
[2026-05-07T06:09:19.597+0000] {logging_mixin.py:188} INFO - [2026-05-07T06:09:19.597+0000] {dag.py:3947} INFO - Setting next_dagrun for example_setup_teardown to 2026-05-06 00:00:00+00:00, run_after=2026-05-07 00:00:00+00:00
[2026-05-07T06:09:19.663+0000] {processor.py:183} INFO - Processing /home/airflow/.local/lib/python3.12/site-packages/airflow/example_dags/example_setup_teardown.py took 0.179 seconds
[2026-05-07T06:09:50.459+0000] {processor.py:161} INFO - Started process (PID=12766) to work on /home/airflow/.local/lib/python3.12/site-packages/airflow/example_dags/example_setup_teardown.py
[2026-05-07T06:09:50.461+0000] {processor.py:830} INFO - Processing file /home/airflow/.local/lib/python3.12/site-packages/airflow/example_dags/example_setup_teardown.py for tasks to queue
[2026-05-07T06:09:50.464+0000] {logging_mixin.py:188} INFO - [2026-05-07T06:09:50.464+0000] {dagbag.py:545} INFO - Filling up the DagBag from /home/airflow/.local/lib/python3.12/site-packages/airflow/example_dags/example_setup_teardown.py
[2026-05-07T06:09:50.479+0000] {processor.py:840} INFO - DAG(s) 'example_setup_teardown' retrieved from /home/airflow/.local/lib/python3.12/site-packages/airflow/example_dags/example_setup_teardown.py
[2026-05-07T06:09:50.522+0000] {logging_mixin.py:188} INFO - [2026-05-07T06:09:50.522+0000] {dag.py:3089} INFO - Sync 1 DAGs
[2026-05-07T06:09:50.555+0000] {logging_mixin.py:188} INFO - [2026-05-07T06:09:50.554+0000] {dag.py:3947} INFO - Setting next_dagrun for example_setup_teardown to 2026-05-06 00:00:00+00:00, run_after=2026-05-07 00:00:00+00:00
[2026-05-07T06:09:50.623+0000] {processor.py:183} INFO - Processing /home/airflow/.local/lib/python3.12/site-packages/airflow/example_dags/example_setup_teardown.py took 0.177 seconds
[2026-05-07T06:10:21.017+0000] {processor.py:161} INFO - Started process (PID=12841) to work on /home/airflow/.local/lib/python3.12/site-packages/airflow/example_dags/example_setup_teardown.py
[2026-05-07T06:10:21.019+0000] {processor.py:830} INFO - Processing file /home/airflow/.local/lib/python3.12/site-packages/airflow/example_dags/example_setup_teardown.py for tasks to queue
[2026-05-07T06:10:21.021+0000] {logging_mixin.py:188} INFO - [2026-05-07T06:10:21.020+0000] {dagbag.py:545} INFO - Filling up the DagBag from /home/airflow/.local/lib/python3.12/site-packages/airflow/example_dags/example_setup_teardown.py
[2026-05-07T06:10:21.036+0000] {processor.py:840} INFO - DAG(s) 'example_setup_teardown' retrieved from /home/airflow/.local/lib/python3.12/site-packages/airflow/example_dags/example_setup_teardown.py
[2026-05-07T06:10:21.069+0000] {logging_mixin.py:188} INFO - [2026-05-07T06:10:21.069+0000] {dag.py:3089} INFO - Sync 1 DAGs
[2026-05-07T06:10:21.102+0000] {logging_mixin.py:188} INFO - [2026-05-07T06:10:21.101+0000] {dag.py:3947} INFO - Setting next_dagrun for example_setup_teardown to 2026-05-06 00:00:00+00:00, run_after=2026-05-07 00:00:00+00:00
[2026-05-07T06:10:21.134+0000] {processor.py:183} INFO - Processing /home/airflow/.local/lib/python3.12/site-packages/airflow/example_dags/example_setup_teardown.py took 0.127 seconds
[2026-05-07T06:10:51.389+0000] {processor.py:161} INFO - Started process (PID=12909) to work on /home/airflow/.local/lib/python3.12/site-packages/airflow/example_dags/example_setup_teardown.py
[2026-05-07T06:10:51.390+0000] {processor.py:830} INFO - Processing file /home/airflow/.local/lib/python3.12/site-packages/airflow/example_dags/example_setup_teardown.py for tasks to queue
[2026-05-07T06:10:51.392+0000] {logging_mixin.py:188} INFO - [2026-05-07T06:10:51.391+0000] {dagbag.py:545} INFO - Filling up the DagBag from /home/airflow/.local/lib/python3.12/site-packages/airflow/example_dags/example_setup_teardown.py
[2026-05-07T06:10:51.403+0000] {processor.py:840} INFO - DAG(s) 'example_setup_teardown' retrieved from /home/airflow/.local/lib/python3.12/site-packages/airflow/example_dags/example_setup_teardown.py
[2026-05-07T06:10:51.440+0000] {logging_mixin.py:188} INFO - [2026-05-07T06:10:51.440+0000] {dag.py:3089} INFO - Sync 1 DAGs
[2026-05-07T06:10:51.480+0000] {logging_mixin.py:188} INFO - [2026-05-07T06:10:51.479+0000] {dag.py:3947} INFO - Setting next_dagrun for example_setup_teardown to 2026-05-06 00:00:00+00:00, run_after=2026-05-07 00:00:00+00:00
[2026-05-07T06:10:51.655+0000] {processor.py:183} INFO - Processing /home/airflow/.local/lib/python3.12/site-packages/airflow/example_dags/example_setup_teardown.py took 0.277 seconds
[2026-05-07T06:11:22.234+0000] {processor.py:161} INFO - Started process (PID=12977) to work on /home/airflow/.local/lib/python3.12/site-packages/airflow/example_dags/example_setup_teardown.py
[2026-05-07T06:11:22.237+0000] {processor.py:830} INFO - Processing file /home/airflow/.local/lib/python3.12/site-packages/airflow/example_dags/example_setup_teardown.py for tasks to queue
[2026-05-07T06:11:22.239+0000] {logging_mixin.py:188} INFO - [2026-05-07T06:11:22.239+0000] {dagbag.py:545} INFO - Filling up the DagBag from /home/airflow/.local/lib/python3.12/site-packages/airflow/example_dags/example_setup_teardown.py
[2026-05-07T06:11:22.256+0000] {processor.py:840} INFO - DAG(s) 'example_setup_teardown' retrieved from /home/airflow/.local/lib/python3.12/site-packages/airflow/example_dags/example_setup_teardown.py
[2026-05-07T06:11:22.297+0000] {logging_mixin.py:188} INFO - [2026-05-07T06:11:22.296+0000] {dag.py:3089} INFO - Sync 1 DAGs
[2026-05-07T06:11:22.336+0000] {logging_mixin.py:188} INFO - [2026-05-07T06:11:22.336+0000] {dag.py:3947} INFO - Setting next_dagrun for example_setup_teardown to 2026-05-06 00:00:00+00:00, run_after=2026-05-07 00:00:00+00:00
[2026-05-07T06:11:22.383+0000] {processor.py:183} INFO - Processing /home/airflow/.local/lib/python3.12/site-packages/airflow/example_dags/example_setup_teardown.py took 0.162 seconds
[2026-05-07T06:11:52.901+0000] {processor.py:161} INFO - Started process (PID=13045) to work on /home/airflow/.local/lib/python3.12/site-packages/airflow/example_dags/example_setup_teardown.py
[2026-05-07T06:11:52.904+0000] {processor.py:830} INFO - Processing file /home/airflow/.local/lib/python3.12/site-packages/airflow/example_dags/example_setup_teardown.py for tasks to queue
[2026-05-07T06:11:52.906+0000] {logging_mixin.py:188} INFO - [2026-05-07T06:11:52.905+0000] {dagbag.py:545} INFO - Filling up the DagBag from /home/airflow/.local/lib/python3.12/site-packages/airflow/example_dags/example_setup_teardown.py
[2026-05-07T06:11:52.918+0000] {processor.py:840} INFO - DAG(s) 'example_setup_teardown' retrieved from /home/airflow/.local/lib/python3.12/site-packages/airflow/example_dags/example_setup_teardown.py
[2026-05-07T06:11:52.949+0000] {logging_mixin.py:188} INFO - [2026-05-07T06:11:52.949+0000] {dag.py:3089} INFO - Sync 1 DAGs
[2026-05-07T06:11:52.983+0000] {logging_mixin.py:188} INFO - [2026-05-07T06:11:52.983+0000] {dag.py:3947} INFO - Setting next_dagrun for example_setup_teardown to 2026-05-06 00:00:00+00:00, run_after=2026-05-07 00:00:00+00:00
[2026-05-07T06:11:53.018+0000] {processor.py:183} INFO - Processing /home/airflow/.local/lib/python3.12/site-packages/airflow/example_dags/example_setup_teardown.py took 0.126 seconds
[2026-05-07T06:12:23.554+0000] {processor.py:161} INFO - Started process (PID=13113) to work on /home/airflow/.local/lib/python3.12/site-packages/airflow/example_dags/example_setup_teardown.py
[2026-05-07T06:12:23.556+0000] {processor.py:830} INFO - Processing file /home/airflow/.local/lib/python3.12/site-packages/airflow/example_dags/example_setup_teardown.py for tasks to queue
[2026-05-07T06:12:23.558+0000] {logging_mixin.py:188} INFO - [2026-05-07T06:12:23.557+0000] {dagbag.py:545} INFO - Filling up the DagBag from /home/airflow/.local/lib/python3.12/site-packages/airflow/example_dags/example_setup_teardown.py
[2026-05-07T06:12:23.576+0000] {processor.py:840} INFO - DAG(s) 'example_setup_teardown' retrieved from /home/airflow/.local/lib/python3.12/site-packages/airflow/example_dags/example_setup_teardown.py
[2026-05-07T06:12:23.618+0000] {logging_mixin.py:188} INFO - [2026-05-07T06:12:23.617+0000] {dag.py:3089} INFO - Sync 1 DAGs
[2026-05-07T06:12:23.663+0000] {logging_mixin.py:188} INFO - [2026-05-07T06:12:23.662+0000] {dag.py:3947} INFO - Setting next_dagrun for example_setup_teardown to 2026-05-06 00:00:00+00:00, run_after=2026-05-07 00:00:00+00:00
[2026-05-07T06:12:23.738+0000] {processor.py:183} INFO - Processing /home/airflow/.local/lib/python3.12/site-packages/airflow/example_dags/example_setup_teardown.py took 0.196 seconds
[2026-05-07T06:12:55.582+0000] {processor.py:161} INFO - Started process (PID=13188) to work on /home/airflow/.local/lib/python3.12/site-packages/airflow/example_dags/example_setup_teardown.py
[2026-05-07T06:12:55.584+0000] {processor.py:830} INFO - Processing file /home/airflow/.local/lib/python3.12/site-packages/airflow/example_dags/example_setup_teardown.py for tasks to queue
[2026-05-07T06:12:55.586+0000] {logging_mixin.py:188} INFO - [2026-05-07T06:12:55.586+0000] {dagbag.py:545} INFO - Filling up the DagBag from /home/airflow/.local/lib/python3.12/site-packages/airflow/example_dags/example_setup_teardown.py
[2026-05-07T06:12:55.600+0000] {processor.py:840} INFO - DAG(s) 'example_setup_teardown' retrieved from /home/airflow/.local/lib/python3.12/site-packages/airflow/example_dags/example_setup_teardown.py
[2026-05-07T06:12:55.633+0000] {logging_mixin.py:188} INFO - [2026-05-07T06:12:55.633+0000] {dag.py:3089} INFO - Sync 1 DAGs
[2026-05-07T06:12:55.667+0000] {logging_mixin.py:188} INFO - [2026-05-07T06:12:55.666+0000] {dag.py:3947} INFO - Setting next_dagrun for example_setup_teardown to 2026-05-06 00:00:00+00:00, run_after=2026-05-07 00:00:00+00:00
[2026-05-07T06:12:55.705+0000] {processor.py:183} INFO - Processing /home/airflow/.local/lib/python3.12/site-packages/airflow/example_dags/example_setup_teardown.py took 0.131 seconds
[2026-05-07T06:13:26.538+0000] {processor.py:161} INFO - Started process (PID=13255) to work on /home/airflow/.local/lib/python3.12/site-packages/airflow/example_dags/example_setup_teardown.py
[2026-05-07T06:13:26.540+0000] {processor.py:830} INFO - Processing file /home/airflow/.local/lib/python3.12/site-packages/airflow/example_dags/example_setup_teardown.py for tasks to queue
[2026-05-07T06:13:26.542+0000] {logging_mixin.py:188} INFO - [2026-05-07T06:13:26.541+0000] {dagbag.py:545} INFO - Filling up the DagBag from /home/airflow/.local/lib/python3.12/site-packages/airflow/example_dags/example_setup_teardown.py
[2026-05-07T06:13:26.554+0000] {processor.py:840} INFO - DAG(s) 'example_setup_teardown' retrieved from /home/airflow/.local/lib/python3.12/site-packages/airflow/example_dags/example_setup_teardown.py
[2026-05-07T06:13:26.585+0000] {logging_mixin.py:188} INFO - [2026-05-07T06:13:26.585+0000] {dag.py:3089} INFO - Sync 1 DAGs
[2026-05-07T06:13:26.625+0000] {logging_mixin.py:188} INFO - [2026-05-07T06:13:26.625+0000] {dag.py:3947} INFO - Setting next_dagrun for example_setup_teardown to 2026-05-06 00:00:00+00:00, run_after=2026-05-07 00:00:00+00:00
[2026-05-07T06:13:26.693+0000] {processor.py:183} INFO - Processing /home/airflow/.local/lib/python3.12/site-packages/airflow/example_dags/example_setup_teardown.py took 0.164 seconds
[2026-05-07T06:13:56.935+0000] {processor.py:161} INFO - Started process (PID=13323) to work on /home/airflow/.local/lib/python3.12/site-packages/airflow/example_dags/example_setup_teardown.py
[2026-05-07T06:13:56.937+0000] {processor.py:830} INFO - Processing file /home/airflow/.local/lib/python3.12/site-packages/airflow/example_dags/example_setup_teardown.py for tasks to queue
[2026-05-07T06:13:56.939+0000] {logging_mixin.py:188} INFO - [2026-05-07T06:13:56.938+0000] {dagbag.py:545} INFO - Filling up the DagBag from /home/airflow/.local/lib/python3.12/site-packages/airflow/example_dags/example_setup_teardown.py
[2026-05-07T06:13:56.951+0000] {processor.py:840} INFO - DAG(s) 'example_setup_teardown' retrieved from /home/airflow/.local/lib/python3.12/site-packages/airflow/example_dags/example_setup_teardown.py
[2026-05-07T06:13:56.986+0000] {logging_mixin.py:188} INFO - [2026-05-07T06:13:56.985+0000] {dag.py:3089} INFO - Sync 1 DAGs
[2026-05-07T06:13:57.028+0000] {logging_mixin.py:188} INFO - [2026-05-07T06:13:57.028+0000] {dag.py:3947} INFO - Setting next_dagrun for example_setup_teardown to 2026-05-06 00:00:00+00:00, run_after=2026-05-07 00:00:00+00:00
[2026-05-07T06:13:57.068+0000] {processor.py:183} INFO - Processing /home/airflow/.local/lib/python3.12/site-packages/airflow/example_dags/example_setup_teardown.py took 0.143 seconds
[2026-05-07T06:14:27.520+0000] {processor.py:161} INFO - Started process (PID=13391) to work on /home/airflow/.local/lib/python3.12/site-packages/airflow/example_dags/example_setup_teardown.py
[2026-05-07T06:14:27.522+0000] {processor.py:830} INFO - Processing file /home/airflow/.local/lib/python3.12/site-packages/airflow/example_dags/example_setup_teardown.py for tasks to queue
[2026-05-07T06:14:27.523+0000] {logging_mixin.py:188} INFO - [2026-05-07T06:14:27.523+0000] {dagbag.py:545} INFO - Filling up the DagBag from /home/airflow/.local/lib/python3.12/site-packages/airflow/example_dags/example_setup_teardown.py
[2026-05-07T06:14:27.538+0000] {processor.py:840} INFO - DAG(s) 'example_setup_teardown' retrieved from /home/airflow/.local/lib/python3.12/site-packages/airflow/example_dags/example_setup_teardown.py
[2026-05-07T06:14:27.582+0000] {logging_mixin.py:188} INFO - [2026-05-07T06:14:27.581+0000] {dag.py:3089} INFO - Sync 1 DAGs
[2026-05-07T06:14:27.623+0000] {logging_mixin.py:188} INFO - [2026-05-07T06:14:27.622+0000] {dag.py:3947} INFO - Setting next_dagrun for example_setup_teardown to 2026-05-06 00:00:00+00:00, run_after=2026-05-07 00:00:00+00:00
[2026-05-07T06:14:27.682+0000] {processor.py:183} INFO - Processing /home/airflow/.local/lib/python3.12/site-packages/airflow/example_dags/example_setup_teardown.py took 0.178 seconds
[2026-05-07T06:14:58.327+0000] {processor.py:161} INFO - Started process (PID=13458) to work on /home/airflow/.local/lib/python3.12/site-packages/airflow/example_dags/example_setup_teardown.py
[2026-05-07T06:14:58.330+0000] {processor.py:830} INFO - Processing file /home/airflow/.local/lib/python3.12/site-packages/airflow/example_dags/example_setup_teardown.py for tasks to queue
[2026-05-07T06:14:58.332+0000] {logging_mixin.py:188} INFO - [2026-05-07T06:14:58.331+0000] {dagbag.py:545} INFO - Filling up the DagBag from /home/airflow/.local/lib/python3.12/site-packages/airflow/example_dags/example_setup_teardown.py
[2026-05-07T06:14:58.346+0000] {processor.py:840} INFO - DAG(s) 'example_setup_teardown' retrieved from /home/airflow/.local/lib/python3.12/site-packages/airflow/example_dags/example_setup_teardown.py
[2026-05-07T06:14:58.379+0000] {logging_mixin.py:188} INFO - [2026-05-07T06:14:58.378+0000] {dag.py:3089} INFO - Sync 1 DAGs
[2026-05-07T06:14:58.413+0000] {logging_mixin.py:188} INFO - [2026-05-07T06:14:58.412+0000] {dag.py:3947} INFO - Setting next_dagrun for example_setup_teardown to 2026-05-06 00:00:00+00:00, run_after=2026-05-07 00:00:00+00:00
[2026-05-07T06:14:58.446+0000] {processor.py:183} INFO - Processing /home/airflow/.local/lib/python3.12/site-packages/airflow/example_dags/example_setup_teardown.py took 0.133 seconds
[2026-05-07T06:15:29.480+0000] {processor.py:161} INFO - Started process (PID=13525) to work on /home/airflow/.local/lib/python3.12/site-packages/airflow/example_dags/example_setup_teardown.py
[2026-05-07T06:15:29.482+0000] {processor.py:830} INFO - Processing file /home/airflow/.local/lib/python3.12/site-packages/airflow/example_dags/example_setup_teardown.py for tasks to queue
[2026-05-07T06:15:29.484+0000] {logging_mixin.py:188} INFO - [2026-05-07T06:15:29.483+0000] {dagbag.py:545} INFO - Filling up the DagBag from /home/airflow/.local/lib/python3.12/site-packages/airflow/example_dags/example_setup_teardown.py
[2026-05-07T06:15:29.495+0000] {processor.py:840} INFO - DAG(s) 'example_setup_teardown' retrieved from /home/airflow/.local/lib/python3.12/site-packages/airflow/example_dags/example_setup_teardown.py
[2026-05-07T06:15:29.531+0000] {logging_mixin.py:188} INFO - [2026-05-07T06:15:29.530+0000] {dag.py:3089} INFO - Sync 1 DAGs
[2026-05-07T06:15:29.559+0000] {logging_mixin.py:188} INFO - [2026-05-07T06:15:29.559+0000] {dag.py:3947} INFO - Setting next_dagrun for example_setup_teardown to 2026-05-06 00:00:00+00:00, run_after=2026-05-07 00:00:00+00:00
[2026-05-07T06:15:29.589+0000] {processor.py:183} INFO - Processing /home/airflow/.local/lib/python3.12/site-packages/airflow/example_dags/example_setup_teardown.py took 0.118 seconds
[2026-05-07T06:15:59.992+0000] {processor.py:161} INFO - Started process (PID=13601) to work on /home/airflow/.local/lib/python3.12/site-packages/airflow/example_dags/example_setup_teardown.py
[2026-05-07T06:15:59.994+0000] {processor.py:830} INFO - Processing file /home/airflow/.local/lib/python3.12/site-packages/airflow/example_dags/example_setup_teardown.py for tasks to queue
[2026-05-07T06:15:59.996+0000] {logging_mixin.py:188} INFO - [2026-05-07T06:15:59.995+0000] {dagbag.py:545} INFO - Filling up the DagBag from /home/airflow/.local/lib/python3.12/site-packages/airflow/example_dags/example_setup_teardown.py
[2026-05-07T06:16:00.009+0000] {processor.py:840} INFO - DAG(s) 'example_setup_teardown' retrieved from /home/airflow/.local/lib/python3.12/site-packages/airflow/example_dags/example_setup_teardown.py
[2026-05-07T06:16:00.044+0000] {logging_mixin.py:188} INFO - [2026-05-07T06:16:00.043+0000] {dag.py:3089} INFO - Sync 1 DAGs
[2026-05-07T06:16:00.075+0000] {logging_mixin.py:188} INFO - [2026-05-07T06:16:00.075+0000] {dag.py:3947} INFO - Setting next_dagrun for example_setup_teardown to 2026-05-06 00:00:00+00:00, run_after=2026-05-07 00:00:00+00:00
[2026-05-07T06:16:00.249+0000] {processor.py:183} INFO - Processing /home/airflow/.local/lib/python3.12/site-packages/airflow/example_dags/example_setup_teardown.py took 0.266 seconds
[2026-05-07T06:16:30.350+0000] {processor.py:161} INFO - Started process (PID=13669) to work on /home/airflow/.local/lib/python3.12/site-packages/airflow/example_dags/example_setup_teardown.py
[2026-05-07T06:16:30.354+0000] {processor.py:830} INFO - Processing file /home/airflow/.local/lib/python3.12/site-packages/airflow/example_dags/example_setup_teardown.py for tasks to queue
[2026-05-07T06:16:30.356+0000] {logging_mixin.py:188} INFO - [2026-05-07T06:16:30.355+0000] {dagbag.py:545} INFO - Filling up the DagBag from /home/airflow/.local/lib/python3.12/site-packages/airflow/example_dags/example_setup_teardown.py
[2026-05-07T06:16:30.368+0000] {processor.py:840} INFO - DAG(s) 'example_setup_teardown' retrieved from /home/airflow/.local/lib/python3.12/site-packages/airflow/example_dags/example_setup_teardown.py
[2026-05-07T06:16:30.403+0000] {logging_mixin.py:188} INFO - [2026-05-07T06:16:30.402+0000] {dag.py:3089} INFO - Sync 1 DAGs
[2026-05-07T06:16:30.437+0000] {logging_mixin.py:188} INFO - [2026-05-07T06:16:30.436+0000] {dag.py:3947} INFO - Setting next_dagrun for example_setup_teardown to 2026-05-06 00:00:00+00:00, run_after=2026-05-07 00:00:00+00:00
[2026-05-07T06:16:30.477+0000] {processor.py:183} INFO - Processing /home/airflow/.local/lib/python3.12/site-packages/airflow/example_dags/example_setup_teardown.py took 0.139 seconds
[2026-05-07T06:17:01.214+0000] {processor.py:161} INFO - Started process (PID=13737) to work on /home/airflow/.local/lib/python3.12/site-packages/airflow/example_dags/example_setup_teardown.py
[2026-05-07T06:17:01.217+0000] {processor.py:830} INFO - Processing file /home/airflow/.local/lib/python3.12/site-packages/airflow/example_dags/example_setup_teardown.py for tasks to queue
[2026-05-07T06:17:01.219+0000] {logging_mixin.py:188} INFO - [2026-05-07T06:17:01.218+0000] {dagbag.py:545} INFO - Filling up the DagBag from /home/airflow/.local/lib/python3.12/site-packages/airflow/example_dags/example_setup_teardown.py
[2026-05-07T06:17:01.232+0000] {processor.py:840} INFO - DAG(s) 'example_setup_teardown' retrieved from /home/airflow/.local/lib/python3.12/site-packages/airflow/example_dags/example_setup_teardown.py
[2026-05-07T06:17:01.267+0000] {logging_mixin.py:188} INFO - [2026-05-07T06:17:01.266+0000] {dag.py:3089} INFO - Sync 1 DAGs
[2026-05-07T06:17:01.299+0000] {logging_mixin.py:188} INFO - [2026-05-07T06:17:01.299+0000] {dag.py:3947} INFO - Setting next_dagrun for example_setup_teardown to 2026-05-06 00:00:00+00:00, run_after=2026-05-07 00:00:00+00:00
[2026-05-07T06:17:01.365+0000] {processor.py:183} INFO - Processing /home/airflow/.local/lib/python3.12/site-packages/airflow/example_dags/example_setup_teardown.py took 0.162 seconds
[2026-05-07T06:17:32.371+0000] {processor.py:161} INFO - Started process (PID=13805) to work on /home/airflow/.local/lib/python3.12/site-packages/airflow/example_dags/example_setup_teardown.py
[2026-05-07T06:17:32.373+0000] {processor.py:830} INFO - Processing file /home/airflow/.local/lib/python3.12/site-packages/airflow/example_dags/example_setup_teardown.py for tasks to queue
[2026-05-07T06:17:32.375+0000] {logging_mixin.py:188} INFO - [2026-05-07T06:17:32.374+0000] {dagbag.py:545} INFO - Filling up the DagBag from /home/airflow/.local/lib/python3.12/site-packages/airflow/example_dags/example_setup_teardown.py
[2026-05-07T06:17:32.391+0000] {processor.py:840} INFO - DAG(s) 'example_setup_teardown' retrieved from /home/airflow/.local/lib/python3.12/site-packages/airflow/example_dags/example_setup_teardown.py
[2026-05-07T06:17:32.430+0000] {logging_mixin.py:188} INFO - [2026-05-07T06:17:32.429+0000] {dag.py:3089} INFO - Sync 1 DAGs
[2026-05-07T06:17:32.469+0000] {logging_mixin.py:188} INFO - [2026-05-07T06:17:32.468+0000] {dag.py:3947} INFO - Setting next_dagrun for example_setup_teardown to 2026-05-06 00:00:00+00:00, run_after=2026-05-07 00:00:00+00:00
[2026-05-07T06:17:32.532+0000] {processor.py:183} INFO - Processing /home/airflow/.local/lib/python3.12/site-packages/airflow/example_dags/example_setup_teardown.py took 0.171 seconds
[2026-05-07T06:18:03.447+0000] {processor.py:161} INFO - Started process (PID=13874) to work on /home/airflow/.local/lib/python3.12/site-packages/airflow/example_dags/example_setup_teardown.py
[2026-05-07T06:18:03.449+0000] {processor.py:830} INFO - Processing file /home/airflow/.local/lib/python3.12/site-packages/airflow/example_dags/example_setup_teardown.py for tasks to queue
[2026-05-07T06:18:03.451+0000] {logging_mixin.py:188} INFO - [2026-05-07T06:18:03.450+0000] {dagbag.py:545} INFO - Filling up the DagBag from /home/airflow/.local/lib/python3.12/site-packages/airflow/example_dags/example_setup_teardown.py
[2026-05-07T06:18:03.462+0000] {processor.py:840} INFO - DAG(s) 'example_setup_teardown' retrieved from /home/airflow/.local/lib/python3.12/site-packages/airflow/example_dags/example_setup_teardown.py
[2026-05-07T06:18:03.495+0000] {logging_mixin.py:188} INFO - [2026-05-07T06:18:03.495+0000] {dag.py:3089} INFO - Sync 1 DAGs
[2026-05-07T06:18:03.526+0000] {logging_mixin.py:188} INFO - [2026-05-07T06:18:03.526+0000] {dag.py:3947} INFO - Setting next_dagrun for example_setup_teardown to 2026-05-06 00:00:00+00:00, run_after=2026-05-07 00:00:00+00:00
[2026-05-07T06:18:03.588+0000] {processor.py:183} INFO - Processing /home/airflow/.local/lib/python3.12/site-packages/airflow/example_dags/example_setup_teardown.py took 0.150 seconds
[2026-05-07T06:18:34.277+0000] {processor.py:161} INFO - Started process (PID=13948) to work on /home/airflow/.local/lib/python3.12/site-packages/airflow/example_dags/example_setup_teardown.py
[2026-05-07T06:18:34.305+0000] {processor.py:830} INFO - Processing file /home/airflow/.local/lib/python3.12/site-packages/airflow/example_dags/example_setup_teardown.py for tasks to queue
[2026-05-07T06:18:34.324+0000] {logging_mixin.py:188} INFO - [2026-05-07T06:18:34.323+0000] {dagbag.py:545} INFO - Filling up the DagBag from /home/airflow/.local/lib/python3.12/site-packages/airflow/example_dags/example_setup_teardown.py
[2026-05-07T06:18:34.337+0000] {processor.py:840} INFO - DAG(s) 'example_setup_teardown' retrieved from /home/airflow/.local/lib/python3.12/site-packages/airflow/example_dags/example_setup_teardown.py
[2026-05-07T06:18:34.373+0000] {logging_mixin.py:188} INFO - [2026-05-07T06:18:34.372+0000] {dag.py:3089} INFO - Sync 1 DAGs
[2026-05-07T06:18:34.401+0000] {logging_mixin.py:188} INFO - [2026-05-07T06:18:34.401+0000] {dag.py:3947} INFO - Setting next_dagrun for example_setup_teardown to 2026-05-06 00:00:00+00:00, run_after=2026-05-07 00:00:00+00:00
[2026-05-07T06:18:34.462+0000] {processor.py:183} INFO - Processing /home/airflow/.local/lib/python3.12/site-packages/airflow/example_dags/example_setup_teardown.py took 0.198 seconds
[2026-05-07T06:19:05.313+0000] {processor.py:161} INFO - Started process (PID=14016) to work on /home/airflow/.local/lib/python3.12/site-packages/airflow/example_dags/example_setup_teardown.py
[2026-05-07T06:19:05.315+0000] {processor.py:830} INFO - Processing file /home/airflow/.local/lib/python3.12/site-packages/airflow/example_dags/example_setup_teardown.py for tasks to queue
[2026-05-07T06:19:05.318+0000] {logging_mixin.py:188} INFO - [2026-05-07T06:19:05.317+0000] {dagbag.py:545} INFO - Filling up the DagBag from /home/airflow/.local/lib/python3.12/site-packages/airflow/example_dags/example_setup_teardown.py
[2026-05-07T06:19:05.332+0000] {processor.py:840} INFO - DAG(s) 'example_setup_teardown' retrieved from /home/airflow/.local/lib/python3.12/site-packages/airflow/example_dags/example_setup_teardown.py
[2026-05-07T06:19:05.365+0000] {logging_mixin.py:188} INFO - [2026-05-07T06:19:05.364+0000] {dag.py:3089} INFO - Sync 1 DAGs
[2026-05-07T06:19:05.399+0000] {logging_mixin.py:188} INFO - [2026-05-07T06:19:05.398+0000] {dag.py:3947} INFO - Setting next_dagrun for example_setup_teardown to 2026-05-06 00:00:00+00:00, run_after=2026-05-07 00:00:00+00:00
[2026-05-07T06:19:05.489+0000] {processor.py:183} INFO - Processing /home/airflow/.local/lib/python3.12/site-packages/airflow/example_dags/example_setup_teardown.py took 0.188 seconds
[2026-05-07T06:19:36.234+0000] {processor.py:161} INFO - Started process (PID=14084) to work on /home/airflow/.local/lib/python3.12/site-packages/airflow/example_dags/example_setup_teardown.py
[2026-05-07T06:19:36.236+0000] {processor.py:830} INFO - Processing file /home/airflow/.local/lib/python3.12/site-packages/airflow/example_dags/example_setup_teardown.py for tasks to queue
[2026-05-07T06:19:36.238+0000] {logging_mixin.py:188} INFO - [2026-05-07T06:19:36.238+0000] {dagbag.py:545} INFO - Filling up the DagBag from /home/airflow/.local/lib/python3.12/site-packages/airflow/example_dags/example_setup_teardown.py
[2026-05-07T06:19:36.250+0000] {processor.py:840} INFO - DAG(s) 'example_setup_teardown' retrieved from /home/airflow/.local/lib/python3.12/site-packages/airflow/example_dags/example_setup_teardown.py
[2026-05-07T06:19:36.286+0000] {logging_mixin.py:188} INFO - [2026-05-07T06:19:36.286+0000] {dag.py:3089} INFO - Sync 1 DAGs
[2026-05-07T06:19:36.320+0000] {logging_mixin.py:188} INFO - [2026-05-07T06:19:36.319+0000] {dag.py:3947} INFO - Setting next_dagrun for example_setup_teardown to 2026-05-06 00:00:00+00:00, run_after=2026-05-07 00:00:00+00:00
[2026-05-07T06:19:36.352+0000] {processor.py:183} INFO - Processing /home/airflow/.local/lib/python3.12/site-packages/airflow/example_dags/example_setup_teardown.py took 0.128 seconds
[2026-05-07T06:20:06.630+0000] {processor.py:161} INFO - Started process (PID=14152) to work on /home/airflow/.local/lib/python3.12/site-packages/airflow/example_dags/example_setup_teardown.py
[2026-05-07T06:20:06.632+0000] {processor.py:830} INFO - Processing file /home/airflow/.local/lib/python3.12/site-packages/airflow/example_dags/example_setup_teardown.py for tasks to queue
[2026-05-07T06:20:06.635+0000] {logging_mixin.py:188} INFO - [2026-05-07T06:20:06.634+0000] {dagbag.py:545} INFO - Filling up the DagBag from /home/airflow/.local/lib/python3.12/site-packages/airflow/example_dags/example_setup_teardown.py
[2026-05-07T06:20:06.647+0000] {processor.py:840} INFO - DAG(s) 'example_setup_teardown' retrieved from /home/airflow/.local/lib/python3.12/site-packages/airflow/example_dags/example_setup_teardown.py
[2026-05-07T06:20:06.721+0000] {logging_mixin.py:188} INFO - [2026-05-07T06:20:06.720+0000] {dag.py:3089} INFO - Sync 1 DAGs
[2026-05-07T06:20:06.753+0000] {logging_mixin.py:188} INFO - [2026-05-07T06:20:06.753+0000] {dag.py:3947} INFO - Setting next_dagrun for example_setup_teardown to 2026-05-06 00:00:00+00:00, run_after=2026-05-07 00:00:00+00:00
[2026-05-07T06:20:06.813+0000] {processor.py:183} INFO - Processing /home/airflow/.local/lib/python3.12/site-packages/airflow/example_dags/example_setup_teardown.py took 0.193 seconds
