[2026-05-07T04:50:05.689+0000] {processor.py:161} INFO - Started process (PID=11946) to work on /home/airflow/.local/lib/python3.12/site-packages/airflow/example_dags/example_trigger_target_dag.py
[2026-05-07T04:50:05.691+0000] {processor.py:830} INFO - Processing file /home/airflow/.local/lib/python3.12/site-packages/airflow/example_dags/example_trigger_target_dag.py for tasks to queue
[2026-05-07T04:50:05.692+0000] {logging_mixin.py:188} INFO - [2026-05-07T04:50:05.692+0000] {dagbag.py:545} INFO - Filling up the DagBag from /home/airflow/.local/lib/python3.12/site-packages/airflow/example_dags/example_trigger_target_dag.py
[2026-05-07T04:50:05.702+0000] {processor.py:840} INFO - DAG(s) 'example_trigger_target_dag' retrieved from /home/airflow/.local/lib/python3.12/site-packages/airflow/example_dags/example_trigger_target_dag.py
[2026-05-07T04:50:05.729+0000] {logging_mixin.py:188} INFO - [2026-05-07T04:50:05.729+0000] {dag.py:3089} INFO - Sync 1 DAGs
[2026-05-07T04:50:05.748+0000] {logging_mixin.py:188} INFO - [2026-05-07T04:50:05.748+0000] {dag.py:3947} INFO - Setting next_dagrun for example_trigger_target_dag to None, run_after=None
[2026-05-07T04:50:05.782+0000] {processor.py:183} INFO - Processing /home/airflow/.local/lib/python3.12/site-packages/airflow/example_dags/example_trigger_target_dag.py took 0.098 seconds
[2026-05-07T04:50:36.843+0000] {processor.py:161} INFO - Started process (PID=12014) to work on /home/airflow/.local/lib/python3.12/site-packages/airflow/example_dags/example_trigger_target_dag.py
[2026-05-07T04:50:36.844+0000] {processor.py:830} INFO - Processing file /home/airflow/.local/lib/python3.12/site-packages/airflow/example_dags/example_trigger_target_dag.py for tasks to queue
[2026-05-07T04:50:36.845+0000] {logging_mixin.py:188} INFO - [2026-05-07T04:50:36.845+0000] {dagbag.py:545} INFO - Filling up the DagBag from /home/airflow/.local/lib/python3.12/site-packages/airflow/example_dags/example_trigger_target_dag.py
[2026-05-07T04:50:36.854+0000] {processor.py:840} INFO - DAG(s) 'example_trigger_target_dag' retrieved from /home/airflow/.local/lib/python3.12/site-packages/airflow/example_dags/example_trigger_target_dag.py
[2026-05-07T04:50:36.882+0000] {logging_mixin.py:188} INFO - [2026-05-07T04:50:36.881+0000] {dag.py:3089} INFO - Sync 1 DAGs
[2026-05-07T04:50:36.895+0000] {logging_mixin.py:188} INFO - [2026-05-07T04:50:36.895+0000] {dag.py:3947} INFO - Setting next_dagrun for example_trigger_target_dag to None, run_after=None
[2026-05-07T04:50:36.918+0000] {processor.py:183} INFO - Processing /home/airflow/.local/lib/python3.12/site-packages/airflow/example_dags/example_trigger_target_dag.py took 0.085 seconds
[2026-05-07T04:51:07.263+0000] {processor.py:161} INFO - Started process (PID=12089) to work on /home/airflow/.local/lib/python3.12/site-packages/airflow/example_dags/example_trigger_target_dag.py
[2026-05-07T04:51:07.264+0000] {processor.py:830} INFO - Processing file /home/airflow/.local/lib/python3.12/site-packages/airflow/example_dags/example_trigger_target_dag.py for tasks to queue
[2026-05-07T04:51:07.266+0000] {logging_mixin.py:188} INFO - [2026-05-07T04:51:07.265+0000] {dagbag.py:545} INFO - Filling up the DagBag from /home/airflow/.local/lib/python3.12/site-packages/airflow/example_dags/example_trigger_target_dag.py
[2026-05-07T04:51:07.274+0000] {processor.py:840} INFO - DAG(s) 'example_trigger_target_dag' retrieved from /home/airflow/.local/lib/python3.12/site-packages/airflow/example_dags/example_trigger_target_dag.py
[2026-05-07T04:51:07.299+0000] {logging_mixin.py:188} INFO - [2026-05-07T04:51:07.299+0000] {dag.py:3089} INFO - Sync 1 DAGs
[2026-05-07T04:51:07.318+0000] {logging_mixin.py:188} INFO - [2026-05-07T04:51:07.318+0000] {dag.py:3947} INFO - Setting next_dagrun for example_trigger_target_dag to None, run_after=None
[2026-05-07T04:51:07.345+0000] {processor.py:183} INFO - Processing /home/airflow/.local/lib/python3.12/site-packages/airflow/example_dags/example_trigger_target_dag.py took 0.097 seconds
[2026-05-07T04:51:37.491+0000] {processor.py:161} INFO - Started process (PID=12157) to work on /home/airflow/.local/lib/python3.12/site-packages/airflow/example_dags/example_trigger_target_dag.py
[2026-05-07T04:51:37.492+0000] {processor.py:830} INFO - Processing file /home/airflow/.local/lib/python3.12/site-packages/airflow/example_dags/example_trigger_target_dag.py for tasks to queue
[2026-05-07T04:51:37.493+0000] {logging_mixin.py:188} INFO - [2026-05-07T04:51:37.493+0000] {dagbag.py:545} INFO - Filling up the DagBag from /home/airflow/.local/lib/python3.12/site-packages/airflow/example_dags/example_trigger_target_dag.py
[2026-05-07T04:51:37.499+0000] {processor.py:840} INFO - DAG(s) 'example_trigger_target_dag' retrieved from /home/airflow/.local/lib/python3.12/site-packages/airflow/example_dags/example_trigger_target_dag.py
[2026-05-07T04:51:37.519+0000] {logging_mixin.py:188} INFO - [2026-05-07T04:51:37.518+0000] {dag.py:3089} INFO - Sync 1 DAGs
[2026-05-07T04:51:37.529+0000] {logging_mixin.py:188} INFO - [2026-05-07T04:51:37.529+0000] {dag.py:3947} INFO - Setting next_dagrun for example_trigger_target_dag to None, run_after=None
[2026-05-07T04:51:37.549+0000] {processor.py:183} INFO - Processing /home/airflow/.local/lib/python3.12/site-packages/airflow/example_dags/example_trigger_target_dag.py took 0.064 seconds
[2026-05-07T04:52:09.009+0000] {processor.py:161} INFO - Started process (PID=12232) to work on /home/airflow/.local/lib/python3.12/site-packages/airflow/example_dags/example_trigger_target_dag.py
[2026-05-07T04:52:09.011+0000] {processor.py:830} INFO - Processing file /home/airflow/.local/lib/python3.12/site-packages/airflow/example_dags/example_trigger_target_dag.py for tasks to queue
[2026-05-07T04:52:09.012+0000] {logging_mixin.py:188} INFO - [2026-05-07T04:52:09.012+0000] {dagbag.py:545} INFO - Filling up the DagBag from /home/airflow/.local/lib/python3.12/site-packages/airflow/example_dags/example_trigger_target_dag.py
[2026-05-07T04:52:09.017+0000] {processor.py:840} INFO - DAG(s) 'example_trigger_target_dag' retrieved from /home/airflow/.local/lib/python3.12/site-packages/airflow/example_dags/example_trigger_target_dag.py
[2026-05-07T04:52:09.037+0000] {logging_mixin.py:188} INFO - [2026-05-07T04:52:09.037+0000] {dag.py:3089} INFO - Sync 1 DAGs
[2026-05-07T04:52:09.049+0000] {logging_mixin.py:188} INFO - [2026-05-07T04:52:09.049+0000] {dag.py:3947} INFO - Setting next_dagrun for example_trigger_target_dag to None, run_after=None
[2026-05-07T04:52:09.074+0000] {processor.py:183} INFO - Processing /home/airflow/.local/lib/python3.12/site-packages/airflow/example_dags/example_trigger_target_dag.py took 0.072 seconds
[2026-05-07T04:52:39.651+0000] {processor.py:161} INFO - Started process (PID=12300) to work on /home/airflow/.local/lib/python3.12/site-packages/airflow/example_dags/example_trigger_target_dag.py
[2026-05-07T04:52:39.652+0000] {processor.py:830} INFO - Processing file /home/airflow/.local/lib/python3.12/site-packages/airflow/example_dags/example_trigger_target_dag.py for tasks to queue
[2026-05-07T04:52:39.654+0000] {logging_mixin.py:188} INFO - [2026-05-07T04:52:39.653+0000] {dagbag.py:545} INFO - Filling up the DagBag from /home/airflow/.local/lib/python3.12/site-packages/airflow/example_dags/example_trigger_target_dag.py
[2026-05-07T04:52:39.660+0000] {processor.py:840} INFO - DAG(s) 'example_trigger_target_dag' retrieved from /home/airflow/.local/lib/python3.12/site-packages/airflow/example_dags/example_trigger_target_dag.py
[2026-05-07T04:52:39.683+0000] {logging_mixin.py:188} INFO - [2026-05-07T04:52:39.683+0000] {dag.py:3089} INFO - Sync 1 DAGs
[2026-05-07T04:52:39.697+0000] {logging_mixin.py:188} INFO - [2026-05-07T04:52:39.696+0000] {dag.py:3947} INFO - Setting next_dagrun for example_trigger_target_dag to None, run_after=None
[2026-05-07T04:52:39.725+0000] {processor.py:183} INFO - Processing /home/airflow/.local/lib/python3.12/site-packages/airflow/example_dags/example_trigger_target_dag.py took 0.083 seconds
[2026-05-07T04:53:10.248+0000] {processor.py:161} INFO - Started process (PID=12375) to work on /home/airflow/.local/lib/python3.12/site-packages/airflow/example_dags/example_trigger_target_dag.py
[2026-05-07T04:53:10.250+0000] {processor.py:830} INFO - Processing file /home/airflow/.local/lib/python3.12/site-packages/airflow/example_dags/example_trigger_target_dag.py for tasks to queue
[2026-05-07T04:53:10.251+0000] {logging_mixin.py:188} INFO - [2026-05-07T04:53:10.251+0000] {dagbag.py:545} INFO - Filling up the DagBag from /home/airflow/.local/lib/python3.12/site-packages/airflow/example_dags/example_trigger_target_dag.py
[2026-05-07T04:53:10.263+0000] {processor.py:840} INFO - DAG(s) 'example_trigger_target_dag' retrieved from /home/airflow/.local/lib/python3.12/site-packages/airflow/example_dags/example_trigger_target_dag.py
[2026-05-07T04:53:10.289+0000] {logging_mixin.py:188} INFO - [2026-05-07T04:53:10.288+0000] {dag.py:3089} INFO - Sync 1 DAGs
[2026-05-07T04:53:10.302+0000] {logging_mixin.py:188} INFO - [2026-05-07T04:53:10.301+0000] {dag.py:3947} INFO - Setting next_dagrun for example_trigger_target_dag to None, run_after=None
[2026-05-07T04:53:10.327+0000] {processor.py:183} INFO - Processing /home/airflow/.local/lib/python3.12/site-packages/airflow/example_dags/example_trigger_target_dag.py took 0.085 seconds
[2026-05-07T05:20:12.127+0000] {processor.py:161} INFO - Started process (PID=12425) to work on /home/airflow/.local/lib/python3.12/site-packages/airflow/example_dags/example_trigger_target_dag.py
[2026-05-07T05:20:12.128+0000] {processor.py:830} INFO - Processing file /home/airflow/.local/lib/python3.12/site-packages/airflow/example_dags/example_trigger_target_dag.py for tasks to queue
[2026-05-07T05:20:12.129+0000] {logging_mixin.py:188} INFO - [2026-05-07T05:20:12.128+0000] {dagbag.py:545} INFO - Filling up the DagBag from /home/airflow/.local/lib/python3.12/site-packages/airflow/example_dags/example_trigger_target_dag.py
[2026-05-07T05:20:12.134+0000] {processor.py:840} INFO - DAG(s) 'example_trigger_target_dag' retrieved from /home/airflow/.local/lib/python3.12/site-packages/airflow/example_dags/example_trigger_target_dag.py
[2026-05-07T05:20:12.154+0000] {logging_mixin.py:188} INFO - [2026-05-07T05:20:12.154+0000] {dag.py:3089} INFO - Sync 1 DAGs
[2026-05-07T05:20:12.167+0000] {logging_mixin.py:188} INFO - [2026-05-07T05:20:12.167+0000] {dag.py:3947} INFO - Setting next_dagrun for example_trigger_target_dag to None, run_after=None
[2026-05-07T05:20:12.190+0000] {processor.py:183} INFO - Processing /home/airflow/.local/lib/python3.12/site-packages/airflow/example_dags/example_trigger_target_dag.py took 0.069 seconds
[2026-05-07T06:07:46.957+0000] {processor.py:161} INFO - Started process (PID=12500) to work on /home/airflow/.local/lib/python3.12/site-packages/airflow/example_dags/example_trigger_target_dag.py
[2026-05-07T06:07:46.958+0000] {processor.py:830} INFO - Processing file /home/airflow/.local/lib/python3.12/site-packages/airflow/example_dags/example_trigger_target_dag.py for tasks to queue
[2026-05-07T06:07:46.960+0000] {logging_mixin.py:188} INFO - [2026-05-07T06:07:46.960+0000] {dagbag.py:545} INFO - Filling up the DagBag from /home/airflow/.local/lib/python3.12/site-packages/airflow/example_dags/example_trigger_target_dag.py
[2026-05-07T06:07:46.970+0000] {processor.py:840} INFO - DAG(s) 'example_trigger_target_dag' retrieved from /home/airflow/.local/lib/python3.12/site-packages/airflow/example_dags/example_trigger_target_dag.py
[2026-05-07T06:07:47.005+0000] {logging_mixin.py:188} INFO - [2026-05-07T06:07:47.004+0000] {dag.py:3089} INFO - Sync 1 DAGs
[2026-05-07T06:07:47.025+0000] {logging_mixin.py:188} INFO - [2026-05-07T06:07:47.025+0000] {dag.py:3947} INFO - Setting next_dagrun for example_trigger_target_dag to None, run_after=None
[2026-05-07T06:07:47.064+0000] {processor.py:183} INFO - Processing /home/airflow/.local/lib/python3.12/site-packages/airflow/example_dags/example_trigger_target_dag.py took 0.118 seconds
[2026-05-07T06:08:18.255+0000] {processor.py:161} INFO - Started process (PID=12568) to work on /home/airflow/.local/lib/python3.12/site-packages/airflow/example_dags/example_trigger_target_dag.py
[2026-05-07T06:08:18.257+0000] {processor.py:830} INFO - Processing file /home/airflow/.local/lib/python3.12/site-packages/airflow/example_dags/example_trigger_target_dag.py for tasks to queue
[2026-05-07T06:08:18.259+0000] {logging_mixin.py:188} INFO - [2026-05-07T06:08:18.258+0000] {dagbag.py:545} INFO - Filling up the DagBag from /home/airflow/.local/lib/python3.12/site-packages/airflow/example_dags/example_trigger_target_dag.py
[2026-05-07T06:08:18.270+0000] {processor.py:840} INFO - DAG(s) 'example_trigger_target_dag' retrieved from /home/airflow/.local/lib/python3.12/site-packages/airflow/example_dags/example_trigger_target_dag.py
[2026-05-07T06:08:18.305+0000] {logging_mixin.py:188} INFO - [2026-05-07T06:08:18.304+0000] {dag.py:3089} INFO - Sync 1 DAGs
[2026-05-07T06:08:18.324+0000] {logging_mixin.py:188} INFO - [2026-05-07T06:08:18.324+0000] {dag.py:3947} INFO - Setting next_dagrun for example_trigger_target_dag to None, run_after=None
[2026-05-07T06:08:18.364+0000] {processor.py:183} INFO - Processing /home/airflow/.local/lib/python3.12/site-packages/airflow/example_dags/example_trigger_target_dag.py took 0.118 seconds
[2026-05-07T06:08:49.197+0000] {processor.py:161} INFO - Started process (PID=12636) to work on /home/airflow/.local/lib/python3.12/site-packages/airflow/example_dags/example_trigger_target_dag.py
[2026-05-07T06:08:49.200+0000] {processor.py:830} INFO - Processing file /home/airflow/.local/lib/python3.12/site-packages/airflow/example_dags/example_trigger_target_dag.py for tasks to queue
[2026-05-07T06:08:49.202+0000] {logging_mixin.py:188} INFO - [2026-05-07T06:08:49.201+0000] {dagbag.py:545} INFO - Filling up the DagBag from /home/airflow/.local/lib/python3.12/site-packages/airflow/example_dags/example_trigger_target_dag.py
[2026-05-07T06:08:49.211+0000] {processor.py:840} INFO - DAG(s) 'example_trigger_target_dag' retrieved from /home/airflow/.local/lib/python3.12/site-packages/airflow/example_dags/example_trigger_target_dag.py
[2026-05-07T06:08:49.240+0000] {logging_mixin.py:188} INFO - [2026-05-07T06:08:49.239+0000] {dag.py:3089} INFO - Sync 1 DAGs
[2026-05-07T06:08:49.258+0000] {logging_mixin.py:188} INFO - [2026-05-07T06:08:49.258+0000] {dag.py:3947} INFO - Setting next_dagrun for example_trigger_target_dag to None, run_after=None
[2026-05-07T06:08:49.291+0000] {processor.py:183} INFO - Processing /home/airflow/.local/lib/python3.12/site-packages/airflow/example_dags/example_trigger_target_dag.py took 0.104 seconds
[2026-05-07T06:09:20.821+0000] {processor.py:161} INFO - Started process (PID=12704) to work on /home/airflow/.local/lib/python3.12/site-packages/airflow/example_dags/example_trigger_target_dag.py
[2026-05-07T06:09:20.824+0000] {processor.py:830} INFO - Processing file /home/airflow/.local/lib/python3.12/site-packages/airflow/example_dags/example_trigger_target_dag.py for tasks to queue
[2026-05-07T06:09:20.827+0000] {logging_mixin.py:188} INFO - [2026-05-07T06:09:20.826+0000] {dagbag.py:545} INFO - Filling up the DagBag from /home/airflow/.local/lib/python3.12/site-packages/airflow/example_dags/example_trigger_target_dag.py
[2026-05-07T06:09:20.839+0000] {processor.py:840} INFO - DAG(s) 'example_trigger_target_dag' retrieved from /home/airflow/.local/lib/python3.12/site-packages/airflow/example_dags/example_trigger_target_dag.py
[2026-05-07T06:09:20.881+0000] {logging_mixin.py:188} INFO - [2026-05-07T06:09:20.880+0000] {dag.py:3089} INFO - Sync 1 DAGs
[2026-05-07T06:09:20.902+0000] {logging_mixin.py:188} INFO - [2026-05-07T06:09:20.902+0000] {dag.py:3947} INFO - Setting next_dagrun for example_trigger_target_dag to None, run_after=None
[2026-05-07T06:09:20.940+0000] {processor.py:183} INFO - Processing /home/airflow/.local/lib/python3.12/site-packages/airflow/example_dags/example_trigger_target_dag.py took 0.135 seconds
[2026-05-07T06:09:51.402+0000] {processor.py:161} INFO - Started process (PID=12772) to work on /home/airflow/.local/lib/python3.12/site-packages/airflow/example_dags/example_trigger_target_dag.py
[2026-05-07T06:09:51.404+0000] {processor.py:830} INFO - Processing file /home/airflow/.local/lib/python3.12/site-packages/airflow/example_dags/example_trigger_target_dag.py for tasks to queue
[2026-05-07T06:09:51.406+0000] {logging_mixin.py:188} INFO - [2026-05-07T06:09:51.405+0000] {dagbag.py:545} INFO - Filling up the DagBag from /home/airflow/.local/lib/python3.12/site-packages/airflow/example_dags/example_trigger_target_dag.py
[2026-05-07T06:09:51.415+0000] {processor.py:840} INFO - DAG(s) 'example_trigger_target_dag' retrieved from /home/airflow/.local/lib/python3.12/site-packages/airflow/example_dags/example_trigger_target_dag.py
[2026-05-07T06:09:51.448+0000] {logging_mixin.py:188} INFO - [2026-05-07T06:09:51.448+0000] {dag.py:3089} INFO - Sync 1 DAGs
[2026-05-07T06:09:51.467+0000] {logging_mixin.py:188} INFO - [2026-05-07T06:09:51.466+0000] {dag.py:3947} INFO - Setting next_dagrun for example_trigger_target_dag to None, run_after=None
[2026-05-07T06:09:51.502+0000] {processor.py:183} INFO - Processing /home/airflow/.local/lib/python3.12/site-packages/airflow/example_dags/example_trigger_target_dag.py took 0.110 seconds
[2026-05-07T06:10:22.441+0000] {processor.py:161} INFO - Started process (PID=12847) to work on /home/airflow/.local/lib/python3.12/site-packages/airflow/example_dags/example_trigger_target_dag.py
[2026-05-07T06:10:22.445+0000] {processor.py:830} INFO - Processing file /home/airflow/.local/lib/python3.12/site-packages/airflow/example_dags/example_trigger_target_dag.py for tasks to queue
[2026-05-07T06:10:22.447+0000] {logging_mixin.py:188} INFO - [2026-05-07T06:10:22.447+0000] {dagbag.py:545} INFO - Filling up the DagBag from /home/airflow/.local/lib/python3.12/site-packages/airflow/example_dags/example_trigger_target_dag.py
[2026-05-07T06:10:22.459+0000] {processor.py:840} INFO - DAG(s) 'example_trigger_target_dag' retrieved from /home/airflow/.local/lib/python3.12/site-packages/airflow/example_dags/example_trigger_target_dag.py
[2026-05-07T06:10:22.489+0000] {logging_mixin.py:188} INFO - [2026-05-07T06:10:22.489+0000] {dag.py:3089} INFO - Sync 1 DAGs
[2026-05-07T06:10:22.508+0000] {logging_mixin.py:188} INFO - [2026-05-07T06:10:22.508+0000] {dag.py:3947} INFO - Setting next_dagrun for example_trigger_target_dag to None, run_after=None
[2026-05-07T06:10:22.539+0000] {processor.py:183} INFO - Processing /home/airflow/.local/lib/python3.12/site-packages/airflow/example_dags/example_trigger_target_dag.py took 0.108 seconds
[2026-05-07T06:10:52.835+0000] {processor.py:161} INFO - Started process (PID=12915) to work on /home/airflow/.local/lib/python3.12/site-packages/airflow/example_dags/example_trigger_target_dag.py
[2026-05-07T06:10:52.837+0000] {processor.py:830} INFO - Processing file /home/airflow/.local/lib/python3.12/site-packages/airflow/example_dags/example_trigger_target_dag.py for tasks to queue
[2026-05-07T06:10:52.840+0000] {logging_mixin.py:188} INFO - [2026-05-07T06:10:52.839+0000] {dagbag.py:545} INFO - Filling up the DagBag from /home/airflow/.local/lib/python3.12/site-packages/airflow/example_dags/example_trigger_target_dag.py
[2026-05-07T06:10:52.850+0000] {processor.py:840} INFO - DAG(s) 'example_trigger_target_dag' retrieved from /home/airflow/.local/lib/python3.12/site-packages/airflow/example_dags/example_trigger_target_dag.py
[2026-05-07T06:10:52.886+0000] {logging_mixin.py:188} INFO - [2026-05-07T06:10:52.885+0000] {dag.py:3089} INFO - Sync 1 DAGs
[2026-05-07T06:10:52.910+0000] {logging_mixin.py:188} INFO - [2026-05-07T06:10:52.909+0000] {dag.py:3947} INFO - Setting next_dagrun for example_trigger_target_dag to None, run_after=None
[2026-05-07T06:10:52.948+0000] {processor.py:183} INFO - Processing /home/airflow/.local/lib/python3.12/site-packages/airflow/example_dags/example_trigger_target_dag.py took 0.122 seconds
[2026-05-07T06:11:24.083+0000] {processor.py:161} INFO - Started process (PID=12983) to work on /home/airflow/.local/lib/python3.12/site-packages/airflow/example_dags/example_trigger_target_dag.py
[2026-05-07T06:11:24.098+0000] {processor.py:830} INFO - Processing file /home/airflow/.local/lib/python3.12/site-packages/airflow/example_dags/example_trigger_target_dag.py for tasks to queue
[2026-05-07T06:11:24.107+0000] {logging_mixin.py:188} INFO - [2026-05-07T06:11:24.107+0000] {dagbag.py:545} INFO - Filling up the DagBag from /home/airflow/.local/lib/python3.12/site-packages/airflow/example_dags/example_trigger_target_dag.py
[2026-05-07T06:11:24.136+0000] {processor.py:840} INFO - DAG(s) 'example_trigger_target_dag' retrieved from /home/airflow/.local/lib/python3.12/site-packages/airflow/example_dags/example_trigger_target_dag.py
[2026-05-07T06:11:24.328+0000] {logging_mixin.py:188} INFO - [2026-05-07T06:11:24.328+0000] {dag.py:3089} INFO - Sync 1 DAGs
[2026-05-07T06:11:24.361+0000] {logging_mixin.py:188} INFO - [2026-05-07T06:11:24.361+0000] {dag.py:3947} INFO - Setting next_dagrun for example_trigger_target_dag to None, run_after=None
[2026-05-07T06:11:24.445+0000] {processor.py:183} INFO - Processing /home/airflow/.local/lib/python3.12/site-packages/airflow/example_dags/example_trigger_target_dag.py took 0.370 seconds
[2026-05-07T06:11:54.647+0000] {processor.py:161} INFO - Started process (PID=13051) to work on /home/airflow/.local/lib/python3.12/site-packages/airflow/example_dags/example_trigger_target_dag.py
[2026-05-07T06:11:54.649+0000] {processor.py:830} INFO - Processing file /home/airflow/.local/lib/python3.12/site-packages/airflow/example_dags/example_trigger_target_dag.py for tasks to queue
[2026-05-07T06:11:54.651+0000] {logging_mixin.py:188} INFO - [2026-05-07T06:11:54.650+0000] {dagbag.py:545} INFO - Filling up the DagBag from /home/airflow/.local/lib/python3.12/site-packages/airflow/example_dags/example_trigger_target_dag.py
[2026-05-07T06:11:54.662+0000] {processor.py:840} INFO - DAG(s) 'example_trigger_target_dag' retrieved from /home/airflow/.local/lib/python3.12/site-packages/airflow/example_dags/example_trigger_target_dag.py
[2026-05-07T06:11:54.700+0000] {logging_mixin.py:188} INFO - [2026-05-07T06:11:54.700+0000] {dag.py:3089} INFO - Sync 1 DAGs
[2026-05-07T06:11:54.745+0000] {logging_mixin.py:188} INFO - [2026-05-07T06:11:54.744+0000] {dag.py:3947} INFO - Setting next_dagrun for example_trigger_target_dag to None, run_after=None
[2026-05-07T06:11:54.792+0000] {processor.py:183} INFO - Processing /home/airflow/.local/lib/python3.12/site-packages/airflow/example_dags/example_trigger_target_dag.py took 0.156 seconds
[2026-05-07T06:12:25.474+0000] {processor.py:161} INFO - Started process (PID=13119) to work on /home/airflow/.local/lib/python3.12/site-packages/airflow/example_dags/example_trigger_target_dag.py
[2026-05-07T06:12:25.476+0000] {processor.py:830} INFO - Processing file /home/airflow/.local/lib/python3.12/site-packages/airflow/example_dags/example_trigger_target_dag.py for tasks to queue
[2026-05-07T06:12:25.478+0000] {logging_mixin.py:188} INFO - [2026-05-07T06:12:25.477+0000] {dagbag.py:545} INFO - Filling up the DagBag from /home/airflow/.local/lib/python3.12/site-packages/airflow/example_dags/example_trigger_target_dag.py
[2026-05-07T06:12:25.487+0000] {processor.py:840} INFO - DAG(s) 'example_trigger_target_dag' retrieved from /home/airflow/.local/lib/python3.12/site-packages/airflow/example_dags/example_trigger_target_dag.py
[2026-05-07T06:12:25.522+0000] {logging_mixin.py:188} INFO - [2026-05-07T06:12:25.521+0000] {dag.py:3089} INFO - Sync 1 DAGs
[2026-05-07T06:12:25.543+0000] {logging_mixin.py:188} INFO - [2026-05-07T06:12:25.543+0000] {dag.py:3947} INFO - Setting next_dagrun for example_trigger_target_dag to None, run_after=None
[2026-05-07T06:12:25.576+0000] {processor.py:183} INFO - Processing /home/airflow/.local/lib/python3.12/site-packages/airflow/example_dags/example_trigger_target_dag.py took 0.111 seconds
[2026-05-07T06:12:56.327+0000] {processor.py:161} INFO - Started process (PID=13194) to work on /home/airflow/.local/lib/python3.12/site-packages/airflow/example_dags/example_trigger_target_dag.py
[2026-05-07T06:12:56.329+0000] {processor.py:830} INFO - Processing file /home/airflow/.local/lib/python3.12/site-packages/airflow/example_dags/example_trigger_target_dag.py for tasks to queue
[2026-05-07T06:12:56.330+0000] {logging_mixin.py:188} INFO - [2026-05-07T06:12:56.330+0000] {dagbag.py:545} INFO - Filling up the DagBag from /home/airflow/.local/lib/python3.12/site-packages/airflow/example_dags/example_trigger_target_dag.py
[2026-05-07T06:12:56.340+0000] {processor.py:840} INFO - DAG(s) 'example_trigger_target_dag' retrieved from /home/airflow/.local/lib/python3.12/site-packages/airflow/example_dags/example_trigger_target_dag.py
[2026-05-07T06:12:56.374+0000] {logging_mixin.py:188} INFO - [2026-05-07T06:12:56.374+0000] {dag.py:3089} INFO - Sync 1 DAGs
[2026-05-07T06:12:56.399+0000] {logging_mixin.py:188} INFO - [2026-05-07T06:12:56.399+0000] {dag.py:3947} INFO - Setting next_dagrun for example_trigger_target_dag to None, run_after=None
[2026-05-07T06:12:56.568+0000] {processor.py:183} INFO - Processing /home/airflow/.local/lib/python3.12/site-packages/airflow/example_dags/example_trigger_target_dag.py took 0.250 seconds
[2026-05-07T06:13:27.180+0000] {processor.py:161} INFO - Started process (PID=13261) to work on /home/airflow/.local/lib/python3.12/site-packages/airflow/example_dags/example_trigger_target_dag.py
[2026-05-07T06:13:27.182+0000] {processor.py:830} INFO - Processing file /home/airflow/.local/lib/python3.12/site-packages/airflow/example_dags/example_trigger_target_dag.py for tasks to queue
[2026-05-07T06:13:27.184+0000] {logging_mixin.py:188} INFO - [2026-05-07T06:13:27.183+0000] {dagbag.py:545} INFO - Filling up the DagBag from /home/airflow/.local/lib/python3.12/site-packages/airflow/example_dags/example_trigger_target_dag.py
[2026-05-07T06:13:27.195+0000] {processor.py:840} INFO - DAG(s) 'example_trigger_target_dag' retrieved from /home/airflow/.local/lib/python3.12/site-packages/airflow/example_dags/example_trigger_target_dag.py
[2026-05-07T06:13:27.234+0000] {logging_mixin.py:188} INFO - [2026-05-07T06:13:27.234+0000] {dag.py:3089} INFO - Sync 1 DAGs
[2026-05-07T06:13:27.258+0000] {logging_mixin.py:188} INFO - [2026-05-07T06:13:27.257+0000] {dag.py:3947} INFO - Setting next_dagrun for example_trigger_target_dag to None, run_after=None
[2026-05-07T06:13:27.304+0000] {processor.py:183} INFO - Processing /home/airflow/.local/lib/python3.12/site-packages/airflow/example_dags/example_trigger_target_dag.py took 0.136 seconds
[2026-05-07T06:13:57.908+0000] {processor.py:161} INFO - Started process (PID=13329) to work on /home/airflow/.local/lib/python3.12/site-packages/airflow/example_dags/example_trigger_target_dag.py
[2026-05-07T06:13:57.911+0000] {processor.py:830} INFO - Processing file /home/airflow/.local/lib/python3.12/site-packages/airflow/example_dags/example_trigger_target_dag.py for tasks to queue
[2026-05-07T06:13:57.913+0000] {logging_mixin.py:188} INFO - [2026-05-07T06:13:57.912+0000] {dagbag.py:545} INFO - Filling up the DagBag from /home/airflow/.local/lib/python3.12/site-packages/airflow/example_dags/example_trigger_target_dag.py
[2026-05-07T06:13:57.934+0000] {processor.py:840} INFO - DAG(s) 'example_trigger_target_dag' retrieved from /home/airflow/.local/lib/python3.12/site-packages/airflow/example_dags/example_trigger_target_dag.py
[2026-05-07T06:13:57.970+0000] {logging_mixin.py:188} INFO - [2026-05-07T06:13:57.970+0000] {dag.py:3089} INFO - Sync 1 DAGs
[2026-05-07T06:13:58.000+0000] {logging_mixin.py:188} INFO - [2026-05-07T06:13:58.000+0000] {dag.py:3947} INFO - Setting next_dagrun for example_trigger_target_dag to None, run_after=None
[2026-05-07T06:13:58.033+0000] {processor.py:183} INFO - Processing /home/airflow/.local/lib/python3.12/site-packages/airflow/example_dags/example_trigger_target_dag.py took 0.136 seconds
[2026-05-07T06:14:28.838+0000] {processor.py:161} INFO - Started process (PID=13397) to work on /home/airflow/.local/lib/python3.12/site-packages/airflow/example_dags/example_trigger_target_dag.py
[2026-05-07T06:14:28.840+0000] {processor.py:830} INFO - Processing file /home/airflow/.local/lib/python3.12/site-packages/airflow/example_dags/example_trigger_target_dag.py for tasks to queue
[2026-05-07T06:14:28.841+0000] {logging_mixin.py:188} INFO - [2026-05-07T06:14:28.840+0000] {dagbag.py:545} INFO - Filling up the DagBag from /home/airflow/.local/lib/python3.12/site-packages/airflow/example_dags/example_trigger_target_dag.py
[2026-05-07T06:14:28.850+0000] {processor.py:840} INFO - DAG(s) 'example_trigger_target_dag' retrieved from /home/airflow/.local/lib/python3.12/site-packages/airflow/example_dags/example_trigger_target_dag.py
[2026-05-07T06:14:28.886+0000] {logging_mixin.py:188} INFO - [2026-05-07T06:14:28.885+0000] {dag.py:3089} INFO - Sync 1 DAGs
[2026-05-07T06:14:28.906+0000] {logging_mixin.py:188} INFO - [2026-05-07T06:14:28.906+0000] {dag.py:3947} INFO - Setting next_dagrun for example_trigger_target_dag to None, run_after=None
[2026-05-07T06:14:28.942+0000] {processor.py:183} INFO - Processing /home/airflow/.local/lib/python3.12/site-packages/airflow/example_dags/example_trigger_target_dag.py took 0.114 seconds
[2026-05-07T06:14:59.379+0000] {processor.py:161} INFO - Started process (PID=13465) to work on /home/airflow/.local/lib/python3.12/site-packages/airflow/example_dags/example_trigger_target_dag.py
[2026-05-07T06:14:59.381+0000] {processor.py:830} INFO - Processing file /home/airflow/.local/lib/python3.12/site-packages/airflow/example_dags/example_trigger_target_dag.py for tasks to queue
[2026-05-07T06:14:59.382+0000] {logging_mixin.py:188} INFO - [2026-05-07T06:14:59.382+0000] {dagbag.py:545} INFO - Filling up the DagBag from /home/airflow/.local/lib/python3.12/site-packages/airflow/example_dags/example_trigger_target_dag.py
[2026-05-07T06:14:59.392+0000] {processor.py:840} INFO - DAG(s) 'example_trigger_target_dag' retrieved from /home/airflow/.local/lib/python3.12/site-packages/airflow/example_dags/example_trigger_target_dag.py
[2026-05-07T06:14:59.424+0000] {logging_mixin.py:188} INFO - [2026-05-07T06:14:59.424+0000] {dag.py:3089} INFO - Sync 1 DAGs
[2026-05-07T06:14:59.443+0000] {logging_mixin.py:188} INFO - [2026-05-07T06:14:59.443+0000] {dag.py:3947} INFO - Setting next_dagrun for example_trigger_target_dag to None, run_after=None
[2026-05-07T06:14:59.472+0000] {processor.py:183} INFO - Processing /home/airflow/.local/lib/python3.12/site-packages/airflow/example_dags/example_trigger_target_dag.py took 0.103 seconds
[2026-05-07T06:15:30.843+0000] {processor.py:161} INFO - Started process (PID=13539) to work on /home/airflow/.local/lib/python3.12/site-packages/airflow/example_dags/example_trigger_target_dag.py
[2026-05-07T06:15:30.845+0000] {processor.py:830} INFO - Processing file /home/airflow/.local/lib/python3.12/site-packages/airflow/example_dags/example_trigger_target_dag.py for tasks to queue
[2026-05-07T06:15:30.846+0000] {logging_mixin.py:188} INFO - [2026-05-07T06:15:30.846+0000] {dagbag.py:545} INFO - Filling up the DagBag from /home/airflow/.local/lib/python3.12/site-packages/airflow/example_dags/example_trigger_target_dag.py
[2026-05-07T06:15:30.855+0000] {processor.py:840} INFO - DAG(s) 'example_trigger_target_dag' retrieved from /home/airflow/.local/lib/python3.12/site-packages/airflow/example_dags/example_trigger_target_dag.py
[2026-05-07T06:15:30.884+0000] {logging_mixin.py:188} INFO - [2026-05-07T06:15:30.884+0000] {dag.py:3089} INFO - Sync 1 DAGs
[2026-05-07T06:15:30.903+0000] {logging_mixin.py:188} INFO - [2026-05-07T06:15:30.903+0000] {dag.py:3947} INFO - Setting next_dagrun for example_trigger_target_dag to None, run_after=None
[2026-05-07T06:15:30.934+0000] {processor.py:183} INFO - Processing /home/airflow/.local/lib/python3.12/site-packages/airflow/example_dags/example_trigger_target_dag.py took 0.100 seconds
[2026-05-07T06:16:01.978+0000] {processor.py:161} INFO - Started process (PID=13608) to work on /home/airflow/.local/lib/python3.12/site-packages/airflow/example_dags/example_trigger_target_dag.py
[2026-05-07T06:16:01.980+0000] {processor.py:830} INFO - Processing file /home/airflow/.local/lib/python3.12/site-packages/airflow/example_dags/example_trigger_target_dag.py for tasks to queue
[2026-05-07T06:16:01.983+0000] {logging_mixin.py:188} INFO - [2026-05-07T06:16:01.982+0000] {dagbag.py:545} INFO - Filling up the DagBag from /home/airflow/.local/lib/python3.12/site-packages/airflow/example_dags/example_trigger_target_dag.py
[2026-05-07T06:16:01.997+0000] {processor.py:840} INFO - DAG(s) 'example_trigger_target_dag' retrieved from /home/airflow/.local/lib/python3.12/site-packages/airflow/example_dags/example_trigger_target_dag.py
[2026-05-07T06:16:02.032+0000] {logging_mixin.py:188} INFO - [2026-05-07T06:16:02.031+0000] {dag.py:3089} INFO - Sync 1 DAGs
[2026-05-07T06:16:02.050+0000] {logging_mixin.py:188} INFO - [2026-05-07T06:16:02.049+0000] {dag.py:3947} INFO - Setting next_dagrun for example_trigger_target_dag to None, run_after=None
[2026-05-07T06:16:02.083+0000] {processor.py:183} INFO - Processing /home/airflow/.local/lib/python3.12/site-packages/airflow/example_dags/example_trigger_target_dag.py took 0.118 seconds
[2026-05-07T06:16:32.697+0000] {processor.py:161} INFO - Started process (PID=13676) to work on /home/airflow/.local/lib/python3.12/site-packages/airflow/example_dags/example_trigger_target_dag.py
[2026-05-07T06:16:32.700+0000] {processor.py:830} INFO - Processing file /home/airflow/.local/lib/python3.12/site-packages/airflow/example_dags/example_trigger_target_dag.py for tasks to queue
[2026-05-07T06:16:32.702+0000] {logging_mixin.py:188} INFO - [2026-05-07T06:16:32.701+0000] {dagbag.py:545} INFO - Filling up the DagBag from /home/airflow/.local/lib/python3.12/site-packages/airflow/example_dags/example_trigger_target_dag.py
[2026-05-07T06:16:32.712+0000] {processor.py:840} INFO - DAG(s) 'example_trigger_target_dag' retrieved from /home/airflow/.local/lib/python3.12/site-packages/airflow/example_dags/example_trigger_target_dag.py
[2026-05-07T06:16:32.749+0000] {logging_mixin.py:188} INFO - [2026-05-07T06:16:32.748+0000] {dag.py:3089} INFO - Sync 1 DAGs
[2026-05-07T06:16:32.770+0000] {logging_mixin.py:188} INFO - [2026-05-07T06:16:32.770+0000] {dag.py:3947} INFO - Setting next_dagrun for example_trigger_target_dag to None, run_after=None
[2026-05-07T06:16:32.837+0000] {processor.py:183} INFO - Processing /home/airflow/.local/lib/python3.12/site-packages/airflow/example_dags/example_trigger_target_dag.py took 0.150 seconds
[2026-05-07T06:17:03.137+0000] {processor.py:161} INFO - Started process (PID=13743) to work on /home/airflow/.local/lib/python3.12/site-packages/airflow/example_dags/example_trigger_target_dag.py
[2026-05-07T06:17:03.139+0000] {processor.py:830} INFO - Processing file /home/airflow/.local/lib/python3.12/site-packages/airflow/example_dags/example_trigger_target_dag.py for tasks to queue
[2026-05-07T06:17:03.141+0000] {logging_mixin.py:188} INFO - [2026-05-07T06:17:03.141+0000] {dagbag.py:545} INFO - Filling up the DagBag from /home/airflow/.local/lib/python3.12/site-packages/airflow/example_dags/example_trigger_target_dag.py
[2026-05-07T06:17:03.152+0000] {processor.py:840} INFO - DAG(s) 'example_trigger_target_dag' retrieved from /home/airflow/.local/lib/python3.12/site-packages/airflow/example_dags/example_trigger_target_dag.py
[2026-05-07T06:17:03.192+0000] {logging_mixin.py:188} INFO - [2026-05-07T06:17:03.192+0000] {dag.py:3089} INFO - Sync 1 DAGs
[2026-05-07T06:17:03.214+0000] {logging_mixin.py:188} INFO - [2026-05-07T06:17:03.214+0000] {dag.py:3947} INFO - Setting next_dagrun for example_trigger_target_dag to None, run_after=None
[2026-05-07T06:17:03.280+0000] {processor.py:183} INFO - Processing /home/airflow/.local/lib/python3.12/site-packages/airflow/example_dags/example_trigger_target_dag.py took 0.154 seconds
[2026-05-07T06:17:33.926+0000] {processor.py:161} INFO - Started process (PID=13812) to work on /home/airflow/.local/lib/python3.12/site-packages/airflow/example_dags/example_trigger_target_dag.py
[2026-05-07T06:17:33.929+0000] {processor.py:830} INFO - Processing file /home/airflow/.local/lib/python3.12/site-packages/airflow/example_dags/example_trigger_target_dag.py for tasks to queue
[2026-05-07T06:17:33.931+0000] {logging_mixin.py:188} INFO - [2026-05-07T06:17:33.930+0000] {dagbag.py:545} INFO - Filling up the DagBag from /home/airflow/.local/lib/python3.12/site-packages/airflow/example_dags/example_trigger_target_dag.py
[2026-05-07T06:17:33.944+0000] {processor.py:840} INFO - DAG(s) 'example_trigger_target_dag' retrieved from /home/airflow/.local/lib/python3.12/site-packages/airflow/example_dags/example_trigger_target_dag.py
[2026-05-07T06:17:33.982+0000] {logging_mixin.py:188} INFO - [2026-05-07T06:17:33.982+0000] {dag.py:3089} INFO - Sync 1 DAGs
[2026-05-07T06:17:34.011+0000] {logging_mixin.py:188} INFO - [2026-05-07T06:17:34.010+0000] {dag.py:3947} INFO - Setting next_dagrun for example_trigger_target_dag to None, run_after=None
[2026-05-07T06:17:34.055+0000] {processor.py:183} INFO - Processing /home/airflow/.local/lib/python3.12/site-packages/airflow/example_dags/example_trigger_target_dag.py took 0.142 seconds
[2026-05-07T06:18:05.129+0000] {processor.py:161} INFO - Started process (PID=13888) to work on /home/airflow/.local/lib/python3.12/site-packages/airflow/example_dags/example_trigger_target_dag.py
[2026-05-07T06:18:05.131+0000] {processor.py:830} INFO - Processing file /home/airflow/.local/lib/python3.12/site-packages/airflow/example_dags/example_trigger_target_dag.py for tasks to queue
[2026-05-07T06:18:05.132+0000] {logging_mixin.py:188} INFO - [2026-05-07T06:18:05.132+0000] {dagbag.py:545} INFO - Filling up the DagBag from /home/airflow/.local/lib/python3.12/site-packages/airflow/example_dags/example_trigger_target_dag.py
[2026-05-07T06:18:05.141+0000] {processor.py:840} INFO - DAG(s) 'example_trigger_target_dag' retrieved from /home/airflow/.local/lib/python3.12/site-packages/airflow/example_dags/example_trigger_target_dag.py
[2026-05-07T06:18:05.175+0000] {logging_mixin.py:188} INFO - [2026-05-07T06:18:05.174+0000] {dag.py:3089} INFO - Sync 1 DAGs
[2026-05-07T06:18:05.194+0000] {logging_mixin.py:188} INFO - [2026-05-07T06:18:05.194+0000] {dag.py:3947} INFO - Setting next_dagrun for example_trigger_target_dag to None, run_after=None
[2026-05-07T06:18:05.260+0000] {processor.py:183} INFO - Processing /home/airflow/.local/lib/python3.12/site-packages/airflow/example_dags/example_trigger_target_dag.py took 0.142 seconds
[2026-05-07T06:18:35.548+0000] {processor.py:161} INFO - Started process (PID=13955) to work on /home/airflow/.local/lib/python3.12/site-packages/airflow/example_dags/example_trigger_target_dag.py
[2026-05-07T06:18:35.551+0000] {processor.py:830} INFO - Processing file /home/airflow/.local/lib/python3.12/site-packages/airflow/example_dags/example_trigger_target_dag.py for tasks to queue
[2026-05-07T06:18:35.553+0000] {logging_mixin.py:188} INFO - [2026-05-07T06:18:35.552+0000] {dagbag.py:545} INFO - Filling up the DagBag from /home/airflow/.local/lib/python3.12/site-packages/airflow/example_dags/example_trigger_target_dag.py
[2026-05-07T06:18:35.564+0000] {processor.py:840} INFO - DAG(s) 'example_trigger_target_dag' retrieved from /home/airflow/.local/lib/python3.12/site-packages/airflow/example_dags/example_trigger_target_dag.py
[2026-05-07T06:18:35.604+0000] {logging_mixin.py:188} INFO - [2026-05-07T06:18:35.604+0000] {dag.py:3089} INFO - Sync 1 DAGs
[2026-05-07T06:18:35.624+0000] {logging_mixin.py:188} INFO - [2026-05-07T06:18:35.623+0000] {dag.py:3947} INFO - Setting next_dagrun for example_trigger_target_dag to None, run_after=None
[2026-05-07T06:18:35.658+0000] {processor.py:183} INFO - Processing /home/airflow/.local/lib/python3.12/site-packages/airflow/example_dags/example_trigger_target_dag.py took 0.119 seconds
[2026-05-07T06:19:06.758+0000] {processor.py:161} INFO - Started process (PID=14023) to work on /home/airflow/.local/lib/python3.12/site-packages/airflow/example_dags/example_trigger_target_dag.py
[2026-05-07T06:19:06.761+0000] {processor.py:830} INFO - Processing file /home/airflow/.local/lib/python3.12/site-packages/airflow/example_dags/example_trigger_target_dag.py for tasks to queue
[2026-05-07T06:19:06.762+0000] {logging_mixin.py:188} INFO - [2026-05-07T06:19:06.762+0000] {dagbag.py:545} INFO - Filling up the DagBag from /home/airflow/.local/lib/python3.12/site-packages/airflow/example_dags/example_trigger_target_dag.py
[2026-05-07T06:19:06.775+0000] {processor.py:840} INFO - DAG(s) 'example_trigger_target_dag' retrieved from /home/airflow/.local/lib/python3.12/site-packages/airflow/example_dags/example_trigger_target_dag.py
[2026-05-07T06:19:06.816+0000] {logging_mixin.py:188} INFO - [2026-05-07T06:19:06.815+0000] {dag.py:3089} INFO - Sync 1 DAGs
[2026-05-07T06:19:06.837+0000] {logging_mixin.py:188} INFO - [2026-05-07T06:19:06.836+0000] {dag.py:3947} INFO - Setting next_dagrun for example_trigger_target_dag to None, run_after=None
[2026-05-07T06:19:06.869+0000] {processor.py:183} INFO - Processing /home/airflow/.local/lib/python3.12/site-packages/airflow/example_dags/example_trigger_target_dag.py took 0.120 seconds
[2026-05-07T06:19:37.381+0000] {processor.py:161} INFO - Started process (PID=14091) to work on /home/airflow/.local/lib/python3.12/site-packages/airflow/example_dags/example_trigger_target_dag.py
[2026-05-07T06:19:37.383+0000] {processor.py:830} INFO - Processing file /home/airflow/.local/lib/python3.12/site-packages/airflow/example_dags/example_trigger_target_dag.py for tasks to queue
[2026-05-07T06:19:37.386+0000] {logging_mixin.py:188} INFO - [2026-05-07T06:19:37.385+0000] {dagbag.py:545} INFO - Filling up the DagBag from /home/airflow/.local/lib/python3.12/site-packages/airflow/example_dags/example_trigger_target_dag.py
[2026-05-07T06:19:37.398+0000] {processor.py:840} INFO - DAG(s) 'example_trigger_target_dag' retrieved from /home/airflow/.local/lib/python3.12/site-packages/airflow/example_dags/example_trigger_target_dag.py
[2026-05-07T06:19:37.439+0000] {logging_mixin.py:188} INFO - [2026-05-07T06:19:37.439+0000] {dag.py:3089} INFO - Sync 1 DAGs
[2026-05-07T06:19:37.458+0000] {logging_mixin.py:188} INFO - [2026-05-07T06:19:37.458+0000] {dag.py:3947} INFO - Setting next_dagrun for example_trigger_target_dag to None, run_after=None
[2026-05-07T06:19:37.491+0000] {processor.py:183} INFO - Processing /home/airflow/.local/lib/python3.12/site-packages/airflow/example_dags/example_trigger_target_dag.py took 0.119 seconds
[2026-05-07T06:20:08.294+0000] {processor.py:161} INFO - Started process (PID=14159) to work on /home/airflow/.local/lib/python3.12/site-packages/airflow/example_dags/example_trigger_target_dag.py
[2026-05-07T06:20:08.296+0000] {processor.py:830} INFO - Processing file /home/airflow/.local/lib/python3.12/site-packages/airflow/example_dags/example_trigger_target_dag.py for tasks to queue
[2026-05-07T06:20:08.298+0000] {logging_mixin.py:188} INFO - [2026-05-07T06:20:08.297+0000] {dagbag.py:545} INFO - Filling up the DagBag from /home/airflow/.local/lib/python3.12/site-packages/airflow/example_dags/example_trigger_target_dag.py
[2026-05-07T06:20:08.308+0000] {processor.py:840} INFO - DAG(s) 'example_trigger_target_dag' retrieved from /home/airflow/.local/lib/python3.12/site-packages/airflow/example_dags/example_trigger_target_dag.py
[2026-05-07T06:20:08.339+0000] {logging_mixin.py:188} INFO - [2026-05-07T06:20:08.338+0000] {dag.py:3089} INFO - Sync 1 DAGs
[2026-05-07T06:20:08.357+0000] {logging_mixin.py:188} INFO - [2026-05-07T06:20:08.357+0000] {dag.py:3947} INFO - Setting next_dagrun for example_trigger_target_dag to None, run_after=None
[2026-05-07T06:20:08.400+0000] {processor.py:183} INFO - Processing /home/airflow/.local/lib/python3.12/site-packages/airflow/example_dags/example_trigger_target_dag.py took 0.115 seconds
