[2026-05-07T04:50:05.243+0000] {processor.py:161} INFO - Started process (PID=11939) to work on /home/airflow/.local/lib/python3.12/site-packages/airflow/example_dags/example_python_decorator.py
[2026-05-07T04:50:05.245+0000] {processor.py:830} INFO - Processing file /home/airflow/.local/lib/python3.12/site-packages/airflow/example_dags/example_python_decorator.py for tasks to queue
[2026-05-07T04:50:05.246+0000] {logging_mixin.py:188} INFO - [2026-05-07T04:50:05.246+0000] {dagbag.py:545} INFO - Filling up the DagBag from /home/airflow/.local/lib/python3.12/site-packages/airflow/example_dags/example_python_decorator.py
[2026-05-07T04:50:05.259+0000] {processor.py:840} INFO - DAG(s) 'example_python_decorator' retrieved from /home/airflow/.local/lib/python3.12/site-packages/airflow/example_dags/example_python_decorator.py
[2026-05-07T04:50:05.287+0000] {logging_mixin.py:188} INFO - [2026-05-07T04:50:05.287+0000] {dag.py:3089} INFO - Sync 1 DAGs
[2026-05-07T04:50:05.298+0000] {logging_mixin.py:188} INFO - [2026-05-07T04:50:05.297+0000] {dag.py:3947} INFO - Setting next_dagrun for example_python_decorator to None, run_after=None
[2026-05-07T04:50:05.316+0000] {processor.py:183} INFO - Processing /home/airflow/.local/lib/python3.12/site-packages/airflow/example_dags/example_python_decorator.py took 0.079 seconds
[2026-05-07T04:50:36.057+0000] {processor.py:161} INFO - Started process (PID=12007) to work on /home/airflow/.local/lib/python3.12/site-packages/airflow/example_dags/example_python_decorator.py
[2026-05-07T04:50:36.059+0000] {processor.py:830} INFO - Processing file /home/airflow/.local/lib/python3.12/site-packages/airflow/example_dags/example_python_decorator.py for tasks to queue
[2026-05-07T04:50:36.060+0000] {logging_mixin.py:188} INFO - [2026-05-07T04:50:36.060+0000] {dagbag.py:545} INFO - Filling up the DagBag from /home/airflow/.local/lib/python3.12/site-packages/airflow/example_dags/example_python_decorator.py
[2026-05-07T04:50:36.075+0000] {processor.py:840} INFO - DAG(s) 'example_python_decorator' retrieved from /home/airflow/.local/lib/python3.12/site-packages/airflow/example_dags/example_python_decorator.py
[2026-05-07T04:50:36.102+0000] {logging_mixin.py:188} INFO - [2026-05-07T04:50:36.102+0000] {dag.py:3089} INFO - Sync 1 DAGs
[2026-05-07T04:50:36.113+0000] {logging_mixin.py:188} INFO - [2026-05-07T04:50:36.113+0000] {dag.py:3947} INFO - Setting next_dagrun for example_python_decorator to None, run_after=None
[2026-05-07T04:50:36.139+0000] {processor.py:183} INFO - Processing /home/airflow/.local/lib/python3.12/site-packages/airflow/example_dags/example_python_decorator.py took 0.091 seconds
[2026-05-07T04:51:06.420+0000] {processor.py:161} INFO - Started process (PID=12082) to work on /home/airflow/.local/lib/python3.12/site-packages/airflow/example_dags/example_python_decorator.py
[2026-05-07T04:51:06.421+0000] {processor.py:830} INFO - Processing file /home/airflow/.local/lib/python3.12/site-packages/airflow/example_dags/example_python_decorator.py for tasks to queue
[2026-05-07T04:51:06.422+0000] {logging_mixin.py:188} INFO - [2026-05-07T04:51:06.422+0000] {dagbag.py:545} INFO - Filling up the DagBag from /home/airflow/.local/lib/python3.12/site-packages/airflow/example_dags/example_python_decorator.py
[2026-05-07T04:51:06.437+0000] {processor.py:840} INFO - DAG(s) 'example_python_decorator' retrieved from /home/airflow/.local/lib/python3.12/site-packages/airflow/example_dags/example_python_decorator.py
[2026-05-07T04:51:06.461+0000] {logging_mixin.py:188} INFO - [2026-05-07T04:51:06.461+0000] {dag.py:3089} INFO - Sync 1 DAGs
[2026-05-07T04:51:06.479+0000] {logging_mixin.py:188} INFO - [2026-05-07T04:51:06.478+0000] {dag.py:3947} INFO - Setting next_dagrun for example_python_decorator to None, run_after=None
[2026-05-07T04:51:06.502+0000] {processor.py:183} INFO - Processing /home/airflow/.local/lib/python3.12/site-packages/airflow/example_dags/example_python_decorator.py took 0.089 seconds
[2026-05-07T04:51:36.805+0000] {processor.py:161} INFO - Started process (PID=12150) to work on /home/airflow/.local/lib/python3.12/site-packages/airflow/example_dags/example_python_decorator.py
[2026-05-07T04:51:36.806+0000] {processor.py:830} INFO - Processing file /home/airflow/.local/lib/python3.12/site-packages/airflow/example_dags/example_python_decorator.py for tasks to queue
[2026-05-07T04:51:36.807+0000] {logging_mixin.py:188} INFO - [2026-05-07T04:51:36.807+0000] {dagbag.py:545} INFO - Filling up the DagBag from /home/airflow/.local/lib/python3.12/site-packages/airflow/example_dags/example_python_decorator.py
[2026-05-07T04:51:36.829+0000] {processor.py:840} INFO - DAG(s) 'example_python_decorator' retrieved from /home/airflow/.local/lib/python3.12/site-packages/airflow/example_dags/example_python_decorator.py
[2026-05-07T04:51:36.855+0000] {logging_mixin.py:188} INFO - [2026-05-07T04:51:36.855+0000] {dag.py:3089} INFO - Sync 1 DAGs
[2026-05-07T04:51:36.871+0000] {logging_mixin.py:188} INFO - [2026-05-07T04:51:36.871+0000] {dag.py:3947} INFO - Setting next_dagrun for example_python_decorator to None, run_after=None
[2026-05-07T04:51:36.896+0000] {processor.py:183} INFO - Processing /home/airflow/.local/lib/python3.12/site-packages/airflow/example_dags/example_python_decorator.py took 0.097 seconds
[2026-05-07T04:52:08.500+0000] {processor.py:161} INFO - Started process (PID=12225) to work on /home/airflow/.local/lib/python3.12/site-packages/airflow/example_dags/example_python_decorator.py
[2026-05-07T04:52:08.502+0000] {processor.py:830} INFO - Processing file /home/airflow/.local/lib/python3.12/site-packages/airflow/example_dags/example_python_decorator.py for tasks to queue
[2026-05-07T04:52:08.503+0000] {logging_mixin.py:188} INFO - [2026-05-07T04:52:08.503+0000] {dagbag.py:545} INFO - Filling up the DagBag from /home/airflow/.local/lib/python3.12/site-packages/airflow/example_dags/example_python_decorator.py
[2026-05-07T04:52:08.523+0000] {processor.py:840} INFO - DAG(s) 'example_python_decorator' retrieved from /home/airflow/.local/lib/python3.12/site-packages/airflow/example_dags/example_python_decorator.py
[2026-05-07T04:52:08.557+0000] {logging_mixin.py:188} INFO - [2026-05-07T04:52:08.557+0000] {dag.py:3089} INFO - Sync 1 DAGs
[2026-05-07T04:52:08.572+0000] {logging_mixin.py:188} INFO - [2026-05-07T04:52:08.571+0000] {dag.py:3947} INFO - Setting next_dagrun for example_python_decorator to None, run_after=None
[2026-05-07T04:52:08.599+0000] {processor.py:183} INFO - Processing /home/airflow/.local/lib/python3.12/site-packages/airflow/example_dags/example_python_decorator.py took 0.104 seconds
[2026-05-07T04:52:38.928+0000] {processor.py:161} INFO - Started process (PID=12293) to work on /home/airflow/.local/lib/python3.12/site-packages/airflow/example_dags/example_python_decorator.py
[2026-05-07T04:52:38.929+0000] {processor.py:830} INFO - Processing file /home/airflow/.local/lib/python3.12/site-packages/airflow/example_dags/example_python_decorator.py for tasks to queue
[2026-05-07T04:52:38.930+0000] {logging_mixin.py:188} INFO - [2026-05-07T04:52:38.930+0000] {dagbag.py:545} INFO - Filling up the DagBag from /home/airflow/.local/lib/python3.12/site-packages/airflow/example_dags/example_python_decorator.py
[2026-05-07T04:52:38.944+0000] {processor.py:840} INFO - DAG(s) 'example_python_decorator' retrieved from /home/airflow/.local/lib/python3.12/site-packages/airflow/example_dags/example_python_decorator.py
[2026-05-07T04:52:38.969+0000] {logging_mixin.py:188} INFO - [2026-05-07T04:52:38.969+0000] {dag.py:3089} INFO - Sync 1 DAGs
[2026-05-07T04:52:38.983+0000] {logging_mixin.py:188} INFO - [2026-05-07T04:52:38.982+0000] {dag.py:3947} INFO - Setting next_dagrun for example_python_decorator to None, run_after=None
[2026-05-07T04:52:39.006+0000] {processor.py:183} INFO - Processing /home/airflow/.local/lib/python3.12/site-packages/airflow/example_dags/example_python_decorator.py took 0.083 seconds
[2026-05-07T04:53:09.451+0000] {processor.py:161} INFO - Started process (PID=12361) to work on /home/airflow/.local/lib/python3.12/site-packages/airflow/example_dags/example_python_decorator.py
[2026-05-07T04:53:09.452+0000] {processor.py:830} INFO - Processing file /home/airflow/.local/lib/python3.12/site-packages/airflow/example_dags/example_python_decorator.py for tasks to queue
[2026-05-07T04:53:09.453+0000] {logging_mixin.py:188} INFO - [2026-05-07T04:53:09.453+0000] {dagbag.py:545} INFO - Filling up the DagBag from /home/airflow/.local/lib/python3.12/site-packages/airflow/example_dags/example_python_decorator.py
[2026-05-07T04:53:09.465+0000] {processor.py:840} INFO - DAG(s) 'example_python_decorator' retrieved from /home/airflow/.local/lib/python3.12/site-packages/airflow/example_dags/example_python_decorator.py
[2026-05-07T04:53:09.494+0000] {logging_mixin.py:188} INFO - [2026-05-07T04:53:09.494+0000] {dag.py:3089} INFO - Sync 1 DAGs
[2026-05-07T04:53:09.505+0000] {logging_mixin.py:188} INFO - [2026-05-07T04:53:09.505+0000] {dag.py:3947} INFO - Setting next_dagrun for example_python_decorator to None, run_after=None
[2026-05-07T04:53:09.525+0000] {processor.py:183} INFO - Processing /home/airflow/.local/lib/python3.12/site-packages/airflow/example_dags/example_python_decorator.py took 0.081 seconds
[2026-05-07T05:20:11.688+0000] {processor.py:161} INFO - Started process (PID=12418) to work on /home/airflow/.local/lib/python3.12/site-packages/airflow/example_dags/example_python_decorator.py
[2026-05-07T05:20:11.689+0000] {processor.py:830} INFO - Processing file /home/airflow/.local/lib/python3.12/site-packages/airflow/example_dags/example_python_decorator.py for tasks to queue
[2026-05-07T05:20:11.691+0000] {logging_mixin.py:188} INFO - [2026-05-07T05:20:11.691+0000] {dagbag.py:545} INFO - Filling up the DagBag from /home/airflow/.local/lib/python3.12/site-packages/airflow/example_dags/example_python_decorator.py
[2026-05-07T05:20:11.704+0000] {processor.py:840} INFO - DAG(s) 'example_python_decorator' retrieved from /home/airflow/.local/lib/python3.12/site-packages/airflow/example_dags/example_python_decorator.py
[2026-05-07T05:20:11.725+0000] {logging_mixin.py:188} INFO - [2026-05-07T05:20:11.724+0000] {dag.py:3089} INFO - Sync 1 DAGs
[2026-05-07T05:20:11.737+0000] {logging_mixin.py:188} INFO - [2026-05-07T05:20:11.736+0000] {dag.py:3947} INFO - Setting next_dagrun for example_python_decorator to None, run_after=None
[2026-05-07T05:20:11.755+0000] {processor.py:183} INFO - Processing /home/airflow/.local/lib/python3.12/site-packages/airflow/example_dags/example_python_decorator.py took 0.074 seconds
[2026-05-07T06:07:46.128+0000] {processor.py:161} INFO - Started process (PID=12493) to work on /home/airflow/.local/lib/python3.12/site-packages/airflow/example_dags/example_python_decorator.py
[2026-05-07T06:07:46.131+0000] {processor.py:830} INFO - Processing file /home/airflow/.local/lib/python3.12/site-packages/airflow/example_dags/example_python_decorator.py for tasks to queue
[2026-05-07T06:07:46.133+0000] {logging_mixin.py:188} INFO - [2026-05-07T06:07:46.132+0000] {dagbag.py:545} INFO - Filling up the DagBag from /home/airflow/.local/lib/python3.12/site-packages/airflow/example_dags/example_python_decorator.py
[2026-05-07T06:07:46.153+0000] {processor.py:840} INFO - DAG(s) 'example_python_decorator' retrieved from /home/airflow/.local/lib/python3.12/site-packages/airflow/example_dags/example_python_decorator.py
[2026-05-07T06:07:46.193+0000] {logging_mixin.py:188} INFO - [2026-05-07T06:07:46.192+0000] {dag.py:3089} INFO - Sync 1 DAGs
[2026-05-07T06:07:46.216+0000] {logging_mixin.py:188} INFO - [2026-05-07T06:07:46.215+0000] {dag.py:3947} INFO - Setting next_dagrun for example_python_decorator to None, run_after=None
[2026-05-07T06:07:46.271+0000] {processor.py:183} INFO - Processing /home/airflow/.local/lib/python3.12/site-packages/airflow/example_dags/example_python_decorator.py took 0.155 seconds
[2026-05-07T06:08:17.344+0000] {processor.py:161} INFO - Started process (PID=12561) to work on /home/airflow/.local/lib/python3.12/site-packages/airflow/example_dags/example_python_decorator.py
[2026-05-07T06:08:17.346+0000] {processor.py:830} INFO - Processing file /home/airflow/.local/lib/python3.12/site-packages/airflow/example_dags/example_python_decorator.py for tasks to queue
[2026-05-07T06:08:17.347+0000] {logging_mixin.py:188} INFO - [2026-05-07T06:08:17.347+0000] {dagbag.py:545} INFO - Filling up the DagBag from /home/airflow/.local/lib/python3.12/site-packages/airflow/example_dags/example_python_decorator.py
[2026-05-07T06:08:17.370+0000] {processor.py:840} INFO - DAG(s) 'example_python_decorator' retrieved from /home/airflow/.local/lib/python3.12/site-packages/airflow/example_dags/example_python_decorator.py
[2026-05-07T06:08:17.406+0000] {logging_mixin.py:188} INFO - [2026-05-07T06:08:17.406+0000] {dag.py:3089} INFO - Sync 1 DAGs
[2026-05-07T06:08:17.425+0000] {logging_mixin.py:188} INFO - [2026-05-07T06:08:17.425+0000] {dag.py:3947} INFO - Setting next_dagrun for example_python_decorator to None, run_after=None
[2026-05-07T06:08:17.494+0000] {processor.py:183} INFO - Processing /home/airflow/.local/lib/python3.12/site-packages/airflow/example_dags/example_python_decorator.py took 0.159 seconds
[2026-05-07T06:08:47.739+0000] {processor.py:161} INFO - Started process (PID=12629) to work on /home/airflow/.local/lib/python3.12/site-packages/airflow/example_dags/example_python_decorator.py
[2026-05-07T06:08:47.757+0000] {processor.py:830} INFO - Processing file /home/airflow/.local/lib/python3.12/site-packages/airflow/example_dags/example_python_decorator.py for tasks to queue
[2026-05-07T06:08:47.760+0000] {logging_mixin.py:188} INFO - [2026-05-07T06:08:47.759+0000] {dagbag.py:545} INFO - Filling up the DagBag from /home/airflow/.local/lib/python3.12/site-packages/airflow/example_dags/example_python_decorator.py
[2026-05-07T06:08:47.787+0000] {processor.py:840} INFO - DAG(s) 'example_python_decorator' retrieved from /home/airflow/.local/lib/python3.12/site-packages/airflow/example_dags/example_python_decorator.py
[2026-05-07T06:08:47.827+0000] {logging_mixin.py:188} INFO - [2026-05-07T06:08:47.826+0000] {dag.py:3089} INFO - Sync 1 DAGs
[2026-05-07T06:08:47.848+0000] {logging_mixin.py:188} INFO - [2026-05-07T06:08:47.847+0000] {dag.py:3947} INFO - Setting next_dagrun for example_python_decorator to None, run_after=None
[2026-05-07T06:08:47.967+0000] {processor.py:183} INFO - Processing /home/airflow/.local/lib/python3.12/site-packages/airflow/example_dags/example_python_decorator.py took 0.243 seconds
[2026-05-07T06:09:19.302+0000] {processor.py:161} INFO - Started process (PID=12697) to work on /home/airflow/.local/lib/python3.12/site-packages/airflow/example_dags/example_python_decorator.py
[2026-05-07T06:09:19.303+0000] {processor.py:830} INFO - Processing file /home/airflow/.local/lib/python3.12/site-packages/airflow/example_dags/example_python_decorator.py for tasks to queue
[2026-05-07T06:09:19.305+0000] {logging_mixin.py:188} INFO - [2026-05-07T06:09:19.305+0000] {dagbag.py:545} INFO - Filling up the DagBag from /home/airflow/.local/lib/python3.12/site-packages/airflow/example_dags/example_python_decorator.py
[2026-05-07T06:09:19.327+0000] {processor.py:840} INFO - DAG(s) 'example_python_decorator' retrieved from /home/airflow/.local/lib/python3.12/site-packages/airflow/example_dags/example_python_decorator.py
[2026-05-07T06:09:19.365+0000] {logging_mixin.py:188} INFO - [2026-05-07T06:09:19.365+0000] {dag.py:3089} INFO - Sync 1 DAGs
[2026-05-07T06:09:19.388+0000] {logging_mixin.py:188} INFO - [2026-05-07T06:09:19.387+0000] {dag.py:3947} INFO - Setting next_dagrun for example_python_decorator to None, run_after=None
[2026-05-07T06:09:19.428+0000] {processor.py:183} INFO - Processing /home/airflow/.local/lib/python3.12/site-packages/airflow/example_dags/example_python_decorator.py took 0.136 seconds
[2026-05-07T06:09:50.224+0000] {processor.py:161} INFO - Started process (PID=12765) to work on /home/airflow/.local/lib/python3.12/site-packages/airflow/example_dags/example_python_decorator.py
[2026-05-07T06:09:50.228+0000] {processor.py:830} INFO - Processing file /home/airflow/.local/lib/python3.12/site-packages/airflow/example_dags/example_python_decorator.py for tasks to queue
[2026-05-07T06:09:50.230+0000] {logging_mixin.py:188} INFO - [2026-05-07T06:09:50.230+0000] {dagbag.py:545} INFO - Filling up the DagBag from /home/airflow/.local/lib/python3.12/site-packages/airflow/example_dags/example_python_decorator.py
[2026-05-07T06:09:50.256+0000] {processor.py:840} INFO - DAG(s) 'example_python_decorator' retrieved from /home/airflow/.local/lib/python3.12/site-packages/airflow/example_dags/example_python_decorator.py
[2026-05-07T06:09:50.298+0000] {logging_mixin.py:188} INFO - [2026-05-07T06:09:50.298+0000] {dag.py:3089} INFO - Sync 1 DAGs
[2026-05-07T06:09:50.319+0000] {logging_mixin.py:188} INFO - [2026-05-07T06:09:50.318+0000] {dag.py:3947} INFO - Setting next_dagrun for example_python_decorator to None, run_after=None
[2026-05-07T06:09:50.356+0000] {processor.py:183} INFO - Processing /home/airflow/.local/lib/python3.12/site-packages/airflow/example_dags/example_python_decorator.py took 0.142 seconds
[2026-05-07T06:10:20.786+0000] {processor.py:161} INFO - Started process (PID=12840) to work on /home/airflow/.local/lib/python3.12/site-packages/airflow/example_dags/example_python_decorator.py
[2026-05-07T06:10:20.788+0000] {processor.py:830} INFO - Processing file /home/airflow/.local/lib/python3.12/site-packages/airflow/example_dags/example_python_decorator.py for tasks to queue
[2026-05-07T06:10:20.789+0000] {logging_mixin.py:188} INFO - [2026-05-07T06:10:20.789+0000] {dagbag.py:545} INFO - Filling up the DagBag from /home/airflow/.local/lib/python3.12/site-packages/airflow/example_dags/example_python_decorator.py
[2026-05-07T06:10:20.812+0000] {processor.py:840} INFO - DAG(s) 'example_python_decorator' retrieved from /home/airflow/.local/lib/python3.12/site-packages/airflow/example_dags/example_python_decorator.py
[2026-05-07T06:10:20.848+0000] {logging_mixin.py:188} INFO - [2026-05-07T06:10:20.847+0000] {dag.py:3089} INFO - Sync 1 DAGs
[2026-05-07T06:10:20.867+0000] {logging_mixin.py:188} INFO - [2026-05-07T06:10:20.866+0000] {dag.py:3947} INFO - Setting next_dagrun for example_python_decorator to None, run_after=None
[2026-05-07T06:10:20.934+0000] {processor.py:183} INFO - Processing /home/airflow/.local/lib/python3.12/site-packages/airflow/example_dags/example_python_decorator.py took 0.157 seconds
[2026-05-07T06:10:51.004+0000] {processor.py:161} INFO - Started process (PID=12907) to work on /home/airflow/.local/lib/python3.12/site-packages/airflow/example_dags/example_python_decorator.py
[2026-05-07T06:10:51.006+0000] {processor.py:830} INFO - Processing file /home/airflow/.local/lib/python3.12/site-packages/airflow/example_dags/example_python_decorator.py for tasks to queue
[2026-05-07T06:10:51.009+0000] {logging_mixin.py:188} INFO - [2026-05-07T06:10:51.009+0000] {dagbag.py:545} INFO - Filling up the DagBag from /home/airflow/.local/lib/python3.12/site-packages/airflow/example_dags/example_python_decorator.py
[2026-05-07T06:10:51.030+0000] {processor.py:840} INFO - DAG(s) 'example_python_decorator' retrieved from /home/airflow/.local/lib/python3.12/site-packages/airflow/example_dags/example_python_decorator.py
[2026-05-07T06:10:51.064+0000] {logging_mixin.py:188} INFO - [2026-05-07T06:10:51.063+0000] {dag.py:3089} INFO - Sync 1 DAGs
[2026-05-07T06:10:51.083+0000] {logging_mixin.py:188} INFO - [2026-05-07T06:10:51.082+0000] {dag.py:3947} INFO - Setting next_dagrun for example_python_decorator to None, run_after=None
[2026-05-07T06:10:51.119+0000] {processor.py:183} INFO - Processing /home/airflow/.local/lib/python3.12/site-packages/airflow/example_dags/example_python_decorator.py took 0.125 seconds
[2026-05-07T06:11:22.234+0000] {processor.py:161} INFO - Started process (PID=12976) to work on /home/airflow/.local/lib/python3.12/site-packages/airflow/example_dags/example_python_decorator.py
[2026-05-07T06:11:22.237+0000] {processor.py:830} INFO - Processing file /home/airflow/.local/lib/python3.12/site-packages/airflow/example_dags/example_python_decorator.py for tasks to queue
[2026-05-07T06:11:22.239+0000] {logging_mixin.py:188} INFO - [2026-05-07T06:11:22.238+0000] {dagbag.py:545} INFO - Filling up the DagBag from /home/airflow/.local/lib/python3.12/site-packages/airflow/example_dags/example_python_decorator.py
[2026-05-07T06:11:22.265+0000] {processor.py:840} INFO - DAG(s) 'example_python_decorator' retrieved from /home/airflow/.local/lib/python3.12/site-packages/airflow/example_dags/example_python_decorator.py
[2026-05-07T06:11:22.310+0000] {logging_mixin.py:188} INFO - [2026-05-07T06:11:22.310+0000] {dag.py:3089} INFO - Sync 1 DAGs
[2026-05-07T06:11:22.335+0000] {logging_mixin.py:188} INFO - [2026-05-07T06:11:22.333+0000] {dag.py:3947} INFO - Setting next_dagrun for example_python_decorator to None, run_after=None
[2026-05-07T06:11:22.381+0000] {processor.py:183} INFO - Processing /home/airflow/.local/lib/python3.12/site-packages/airflow/example_dags/example_python_decorator.py took 0.161 seconds
[2026-05-07T06:11:52.827+0000] {processor.py:161} INFO - Started process (PID=13044) to work on /home/airflow/.local/lib/python3.12/site-packages/airflow/example_dags/example_python_decorator.py
[2026-05-07T06:11:52.829+0000] {processor.py:830} INFO - Processing file /home/airflow/.local/lib/python3.12/site-packages/airflow/example_dags/example_python_decorator.py for tasks to queue
[2026-05-07T06:11:52.830+0000] {logging_mixin.py:188} INFO - [2026-05-07T06:11:52.830+0000] {dagbag.py:545} INFO - Filling up the DagBag from /home/airflow/.local/lib/python3.12/site-packages/airflow/example_dags/example_python_decorator.py
[2026-05-07T06:11:52.849+0000] {processor.py:840} INFO - DAG(s) 'example_python_decorator' retrieved from /home/airflow/.local/lib/python3.12/site-packages/airflow/example_dags/example_python_decorator.py
[2026-05-07T06:11:52.887+0000] {logging_mixin.py:188} INFO - [2026-05-07T06:11:52.887+0000] {dag.py:3089} INFO - Sync 1 DAGs
[2026-05-07T06:11:52.906+0000] {logging_mixin.py:188} INFO - [2026-05-07T06:11:52.905+0000] {dag.py:3947} INFO - Setting next_dagrun for example_python_decorator to None, run_after=None
[2026-05-07T06:11:52.937+0000] {processor.py:183} INFO - Processing /home/airflow/.local/lib/python3.12/site-packages/airflow/example_dags/example_python_decorator.py took 0.121 seconds
[2026-05-07T06:12:23.363+0000] {processor.py:161} INFO - Started process (PID=13112) to work on /home/airflow/.local/lib/python3.12/site-packages/airflow/example_dags/example_python_decorator.py
[2026-05-07T06:12:23.365+0000] {processor.py:830} INFO - Processing file /home/airflow/.local/lib/python3.12/site-packages/airflow/example_dags/example_python_decorator.py for tasks to queue
[2026-05-07T06:12:23.367+0000] {logging_mixin.py:188} INFO - [2026-05-07T06:12:23.366+0000] {dagbag.py:545} INFO - Filling up the DagBag from /home/airflow/.local/lib/python3.12/site-packages/airflow/example_dags/example_python_decorator.py
[2026-05-07T06:12:23.385+0000] {processor.py:840} INFO - DAG(s) 'example_python_decorator' retrieved from /home/airflow/.local/lib/python3.12/site-packages/airflow/example_dags/example_python_decorator.py
[2026-05-07T06:12:23.428+0000] {logging_mixin.py:188} INFO - [2026-05-07T06:12:23.428+0000] {dag.py:3089} INFO - Sync 1 DAGs
[2026-05-07T06:12:23.447+0000] {logging_mixin.py:188} INFO - [2026-05-07T06:12:23.446+0000] {dag.py:3947} INFO - Setting next_dagrun for example_python_decorator to None, run_after=None
[2026-05-07T06:12:23.483+0000] {processor.py:183} INFO - Processing /home/airflow/.local/lib/python3.12/site-packages/airflow/example_dags/example_python_decorator.py took 0.129 seconds
[2026-05-07T06:12:55.361+0000] {processor.py:161} INFO - Started process (PID=13187) to work on /home/airflow/.local/lib/python3.12/site-packages/airflow/example_dags/example_python_decorator.py
[2026-05-07T06:12:55.364+0000] {processor.py:830} INFO - Processing file /home/airflow/.local/lib/python3.12/site-packages/airflow/example_dags/example_python_decorator.py for tasks to queue
[2026-05-07T06:12:55.365+0000] {logging_mixin.py:188} INFO - [2026-05-07T06:12:55.365+0000] {dagbag.py:545} INFO - Filling up the DagBag from /home/airflow/.local/lib/python3.12/site-packages/airflow/example_dags/example_python_decorator.py
[2026-05-07T06:12:55.385+0000] {processor.py:840} INFO - DAG(s) 'example_python_decorator' retrieved from /home/airflow/.local/lib/python3.12/site-packages/airflow/example_dags/example_python_decorator.py
[2026-05-07T06:12:55.422+0000] {logging_mixin.py:188} INFO - [2026-05-07T06:12:55.421+0000] {dag.py:3089} INFO - Sync 1 DAGs
[2026-05-07T06:12:55.447+0000] {logging_mixin.py:188} INFO - [2026-05-07T06:12:55.447+0000] {dag.py:3947} INFO - Setting next_dagrun for example_python_decorator to None, run_after=None
[2026-05-07T06:12:55.483+0000] {processor.py:183} INFO - Processing /home/airflow/.local/lib/python3.12/site-packages/airflow/example_dags/example_python_decorator.py took 0.135 seconds
[2026-05-07T06:13:26.333+0000] {processor.py:161} INFO - Started process (PID=13254) to work on /home/airflow/.local/lib/python3.12/site-packages/airflow/example_dags/example_python_decorator.py
[2026-05-07T06:13:26.335+0000] {processor.py:830} INFO - Processing file /home/airflow/.local/lib/python3.12/site-packages/airflow/example_dags/example_python_decorator.py for tasks to queue
[2026-05-07T06:13:26.337+0000] {logging_mixin.py:188} INFO - [2026-05-07T06:13:26.336+0000] {dagbag.py:545} INFO - Filling up the DagBag from /home/airflow/.local/lib/python3.12/site-packages/airflow/example_dags/example_python_decorator.py
[2026-05-07T06:13:26.358+0000] {processor.py:840} INFO - DAG(s) 'example_python_decorator' retrieved from /home/airflow/.local/lib/python3.12/site-packages/airflow/example_dags/example_python_decorator.py
[2026-05-07T06:13:26.401+0000] {logging_mixin.py:188} INFO - [2026-05-07T06:13:26.401+0000] {dag.py:3089} INFO - Sync 1 DAGs
[2026-05-07T06:13:26.426+0000] {logging_mixin.py:188} INFO - [2026-05-07T06:13:26.426+0000] {dag.py:3947} INFO - Setting next_dagrun for example_python_decorator to None, run_after=None
[2026-05-07T06:13:26.468+0000] {processor.py:183} INFO - Processing /home/airflow/.local/lib/python3.12/site-packages/airflow/example_dags/example_python_decorator.py took 0.146 seconds
[2026-05-07T06:13:56.760+0000] {processor.py:161} INFO - Started process (PID=13322) to work on /home/airflow/.local/lib/python3.12/site-packages/airflow/example_dags/example_python_decorator.py
[2026-05-07T06:13:56.761+0000] {processor.py:830} INFO - Processing file /home/airflow/.local/lib/python3.12/site-packages/airflow/example_dags/example_python_decorator.py for tasks to queue
[2026-05-07T06:13:56.763+0000] {logging_mixin.py:188} INFO - [2026-05-07T06:13:56.763+0000] {dagbag.py:545} INFO - Filling up the DagBag from /home/airflow/.local/lib/python3.12/site-packages/airflow/example_dags/example_python_decorator.py
[2026-05-07T06:13:56.783+0000] {processor.py:840} INFO - DAG(s) 'example_python_decorator' retrieved from /home/airflow/.local/lib/python3.12/site-packages/airflow/example_dags/example_python_decorator.py
[2026-05-07T06:13:56.825+0000] {logging_mixin.py:188} INFO - [2026-05-07T06:13:56.824+0000] {dag.py:3089} INFO - Sync 1 DAGs
[2026-05-07T06:13:56.847+0000] {logging_mixin.py:188} INFO - [2026-05-07T06:13:56.847+0000] {dag.py:3947} INFO - Setting next_dagrun for example_python_decorator to None, run_after=None
[2026-05-07T06:13:56.881+0000] {processor.py:183} INFO - Processing /home/airflow/.local/lib/python3.12/site-packages/airflow/example_dags/example_python_decorator.py took 0.135 seconds
[2026-05-07T06:14:27.252+0000] {processor.py:161} INFO - Started process (PID=13389) to work on /home/airflow/.local/lib/python3.12/site-packages/airflow/example_dags/example_python_decorator.py
[2026-05-07T06:14:27.254+0000] {processor.py:830} INFO - Processing file /home/airflow/.local/lib/python3.12/site-packages/airflow/example_dags/example_python_decorator.py for tasks to queue
[2026-05-07T06:14:27.256+0000] {logging_mixin.py:188} INFO - [2026-05-07T06:14:27.256+0000] {dagbag.py:545} INFO - Filling up the DagBag from /home/airflow/.local/lib/python3.12/site-packages/airflow/example_dags/example_python_decorator.py
[2026-05-07T06:14:27.281+0000] {processor.py:840} INFO - DAG(s) 'example_python_decorator' retrieved from /home/airflow/.local/lib/python3.12/site-packages/airflow/example_dags/example_python_decorator.py
[2026-05-07T06:14:27.329+0000] {logging_mixin.py:188} INFO - [2026-05-07T06:14:27.329+0000] {dag.py:3089} INFO - Sync 1 DAGs
[2026-05-07T06:14:27.353+0000] {logging_mixin.py:188} INFO - [2026-05-07T06:14:27.352+0000] {dag.py:3947} INFO - Setting next_dagrun for example_python_decorator to None, run_after=None
[2026-05-07T06:14:27.422+0000] {processor.py:183} INFO - Processing /home/airflow/.local/lib/python3.12/site-packages/airflow/example_dags/example_python_decorator.py took 0.184 seconds
[2026-05-07T06:14:58.279+0000] {processor.py:161} INFO - Started process (PID=13457) to work on /home/airflow/.local/lib/python3.12/site-packages/airflow/example_dags/example_python_decorator.py
[2026-05-07T06:14:58.281+0000] {processor.py:830} INFO - Processing file /home/airflow/.local/lib/python3.12/site-packages/airflow/example_dags/example_python_decorator.py for tasks to queue
[2026-05-07T06:14:58.283+0000] {logging_mixin.py:188} INFO - [2026-05-07T06:14:58.282+0000] {dagbag.py:545} INFO - Filling up the DagBag from /home/airflow/.local/lib/python3.12/site-packages/airflow/example_dags/example_python_decorator.py
[2026-05-07T06:14:58.303+0000] {processor.py:840} INFO - DAG(s) 'example_python_decorator' retrieved from /home/airflow/.local/lib/python3.12/site-packages/airflow/example_dags/example_python_decorator.py
[2026-05-07T06:14:58.349+0000] {logging_mixin.py:188} INFO - [2026-05-07T06:14:58.348+0000] {dag.py:3089} INFO - Sync 1 DAGs
[2026-05-07T06:14:58.371+0000] {logging_mixin.py:188} INFO - [2026-05-07T06:14:58.371+0000] {dag.py:3947} INFO - Setting next_dagrun for example_python_decorator to None, run_after=None
[2026-05-07T06:14:58.404+0000] {processor.py:183} INFO - Processing /home/airflow/.local/lib/python3.12/site-packages/airflow/example_dags/example_python_decorator.py took 0.138 seconds
[2026-05-07T06:15:29.199+0000] {processor.py:161} INFO - Started process (PID=13524) to work on /home/airflow/.local/lib/python3.12/site-packages/airflow/example_dags/example_python_decorator.py
[2026-05-07T06:15:29.201+0000] {processor.py:830} INFO - Processing file /home/airflow/.local/lib/python3.12/site-packages/airflow/example_dags/example_python_decorator.py for tasks to queue
[2026-05-07T06:15:29.204+0000] {logging_mixin.py:188} INFO - [2026-05-07T06:15:29.203+0000] {dagbag.py:545} INFO - Filling up the DagBag from /home/airflow/.local/lib/python3.12/site-packages/airflow/example_dags/example_python_decorator.py
[2026-05-07T06:15:29.229+0000] {processor.py:840} INFO - DAG(s) 'example_python_decorator' retrieved from /home/airflow/.local/lib/python3.12/site-packages/airflow/example_dags/example_python_decorator.py
[2026-05-07T06:15:29.269+0000] {logging_mixin.py:188} INFO - [2026-05-07T06:15:29.269+0000] {dag.py:3089} INFO - Sync 1 DAGs
[2026-05-07T06:15:29.290+0000] {logging_mixin.py:188} INFO - [2026-05-07T06:15:29.290+0000] {dag.py:3947} INFO - Setting next_dagrun for example_python_decorator to None, run_after=None
[2026-05-07T06:15:29.336+0000] {processor.py:183} INFO - Processing /home/airflow/.local/lib/python3.12/site-packages/airflow/example_dags/example_python_decorator.py took 0.150 seconds
[2026-05-07T06:15:59.992+0000] {processor.py:161} INFO - Started process (PID=13600) to work on /home/airflow/.local/lib/python3.12/site-packages/airflow/example_dags/example_python_decorator.py
[2026-05-07T06:15:59.994+0000] {processor.py:830} INFO - Processing file /home/airflow/.local/lib/python3.12/site-packages/airflow/example_dags/example_python_decorator.py for tasks to queue
[2026-05-07T06:15:59.996+0000] {logging_mixin.py:188} INFO - [2026-05-07T06:15:59.995+0000] {dagbag.py:545} INFO - Filling up the DagBag from /home/airflow/.local/lib/python3.12/site-packages/airflow/example_dags/example_python_decorator.py
[2026-05-07T06:16:00.020+0000] {processor.py:840} INFO - DAG(s) 'example_python_decorator' retrieved from /home/airflow/.local/lib/python3.12/site-packages/airflow/example_dags/example_python_decorator.py
[2026-05-07T06:16:00.055+0000] {logging_mixin.py:188} INFO - [2026-05-07T06:16:00.055+0000] {dag.py:3089} INFO - Sync 1 DAGs
[2026-05-07T06:16:00.072+0000] {logging_mixin.py:188} INFO - [2026-05-07T06:16:00.072+0000] {dag.py:3947} INFO - Setting next_dagrun for example_python_decorator to None, run_after=None
[2026-05-07T06:16:00.238+0000] {processor.py:183} INFO - Processing /home/airflow/.local/lib/python3.12/site-packages/airflow/example_dags/example_python_decorator.py took 0.254 seconds
[2026-05-07T06:16:30.350+0000] {processor.py:161} INFO - Started process (PID=13668) to work on /home/airflow/.local/lib/python3.12/site-packages/airflow/example_dags/example_python_decorator.py
[2026-05-07T06:16:30.354+0000] {processor.py:830} INFO - Processing file /home/airflow/.local/lib/python3.12/site-packages/airflow/example_dags/example_python_decorator.py for tasks to queue
[2026-05-07T06:16:30.357+0000] {logging_mixin.py:188} INFO - [2026-05-07T06:16:30.356+0000] {dagbag.py:545} INFO - Filling up the DagBag from /home/airflow/.local/lib/python3.12/site-packages/airflow/example_dags/example_python_decorator.py
[2026-05-07T06:16:30.383+0000] {processor.py:840} INFO - DAG(s) 'example_python_decorator' retrieved from /home/airflow/.local/lib/python3.12/site-packages/airflow/example_dags/example_python_decorator.py
[2026-05-07T06:16:30.420+0000] {logging_mixin.py:188} INFO - [2026-05-07T06:16:30.420+0000] {dag.py:3089} INFO - Sync 1 DAGs
[2026-05-07T06:16:30.442+0000] {logging_mixin.py:188} INFO - [2026-05-07T06:16:30.441+0000] {dag.py:3947} INFO - Setting next_dagrun for example_python_decorator to None, run_after=None
[2026-05-07T06:16:30.478+0000] {processor.py:183} INFO - Processing /home/airflow/.local/lib/python3.12/site-packages/airflow/example_dags/example_python_decorator.py took 0.141 seconds
[2026-05-07T06:17:01.213+0000] {processor.py:161} INFO - Started process (PID=13736) to work on /home/airflow/.local/lib/python3.12/site-packages/airflow/example_dags/example_python_decorator.py
[2026-05-07T06:17:01.215+0000] {processor.py:830} INFO - Processing file /home/airflow/.local/lib/python3.12/site-packages/airflow/example_dags/example_python_decorator.py for tasks to queue
[2026-05-07T06:17:01.217+0000] {logging_mixin.py:188} INFO - [2026-05-07T06:17:01.217+0000] {dagbag.py:545} INFO - Filling up the DagBag from /home/airflow/.local/lib/python3.12/site-packages/airflow/example_dags/example_python_decorator.py
[2026-05-07T06:17:01.240+0000] {processor.py:840} INFO - DAG(s) 'example_python_decorator' retrieved from /home/airflow/.local/lib/python3.12/site-packages/airflow/example_dags/example_python_decorator.py
[2026-05-07T06:17:01.274+0000] {logging_mixin.py:188} INFO - [2026-05-07T06:17:01.274+0000] {dag.py:3089} INFO - Sync 1 DAGs
[2026-05-07T06:17:01.297+0000] {logging_mixin.py:188} INFO - [2026-05-07T06:17:01.296+0000] {dag.py:3947} INFO - Setting next_dagrun for example_python_decorator to None, run_after=None
[2026-05-07T06:17:01.364+0000] {processor.py:183} INFO - Processing /home/airflow/.local/lib/python3.12/site-packages/airflow/example_dags/example_python_decorator.py took 0.168 seconds
[2026-05-07T06:17:32.039+0000] {processor.py:161} INFO - Started process (PID=13804) to work on /home/airflow/.local/lib/python3.12/site-packages/airflow/example_dags/example_python_decorator.py
[2026-05-07T06:17:32.041+0000] {processor.py:830} INFO - Processing file /home/airflow/.local/lib/python3.12/site-packages/airflow/example_dags/example_python_decorator.py for tasks to queue
[2026-05-07T06:17:32.044+0000] {logging_mixin.py:188} INFO - [2026-05-07T06:17:32.043+0000] {dagbag.py:545} INFO - Filling up the DagBag from /home/airflow/.local/lib/python3.12/site-packages/airflow/example_dags/example_python_decorator.py
[2026-05-07T06:17:32.064+0000] {processor.py:840} INFO - DAG(s) 'example_python_decorator' retrieved from /home/airflow/.local/lib/python3.12/site-packages/airflow/example_dags/example_python_decorator.py
[2026-05-07T06:17:32.106+0000] {logging_mixin.py:188} INFO - [2026-05-07T06:17:32.106+0000] {dag.py:3089} INFO - Sync 1 DAGs
[2026-05-07T06:17:32.128+0000] {logging_mixin.py:188} INFO - [2026-05-07T06:17:32.128+0000] {dag.py:3947} INFO - Setting next_dagrun for example_python_decorator to None, run_after=None
[2026-05-07T06:17:32.302+0000] {processor.py:183} INFO - Processing /home/airflow/.local/lib/python3.12/site-packages/airflow/example_dags/example_python_decorator.py took 0.276 seconds
[2026-05-07T06:18:03.176+0000] {processor.py:161} INFO - Started process (PID=13873) to work on /home/airflow/.local/lib/python3.12/site-packages/airflow/example_dags/example_python_decorator.py
[2026-05-07T06:18:03.178+0000] {processor.py:830} INFO - Processing file /home/airflow/.local/lib/python3.12/site-packages/airflow/example_dags/example_python_decorator.py for tasks to queue
[2026-05-07T06:18:03.180+0000] {logging_mixin.py:188} INFO - [2026-05-07T06:18:03.180+0000] {dagbag.py:545} INFO - Filling up the DagBag from /home/airflow/.local/lib/python3.12/site-packages/airflow/example_dags/example_python_decorator.py
[2026-05-07T06:18:03.213+0000] {processor.py:840} INFO - DAG(s) 'example_python_decorator' retrieved from /home/airflow/.local/lib/python3.12/site-packages/airflow/example_dags/example_python_decorator.py
[2026-05-07T06:18:03.263+0000] {logging_mixin.py:188} INFO - [2026-05-07T06:18:03.263+0000] {dag.py:3089} INFO - Sync 1 DAGs
[2026-05-07T06:18:03.297+0000] {logging_mixin.py:188} INFO - [2026-05-07T06:18:03.297+0000] {dag.py:3947} INFO - Setting next_dagrun for example_python_decorator to None, run_after=None
[2026-05-07T06:18:03.366+0000] {processor.py:183} INFO - Processing /home/airflow/.local/lib/python3.12/site-packages/airflow/example_dags/example_python_decorator.py took 0.203 seconds
[2026-05-07T06:18:33.972+0000] {processor.py:161} INFO - Started process (PID=13947) to work on /home/airflow/.local/lib/python3.12/site-packages/airflow/example_dags/example_python_decorator.py
[2026-05-07T06:18:33.974+0000] {processor.py:830} INFO - Processing file /home/airflow/.local/lib/python3.12/site-packages/airflow/example_dags/example_python_decorator.py for tasks to queue
[2026-05-07T06:18:33.976+0000] {logging_mixin.py:188} INFO - [2026-05-07T06:18:33.976+0000] {dagbag.py:545} INFO - Filling up the DagBag from /home/airflow/.local/lib/python3.12/site-packages/airflow/example_dags/example_python_decorator.py
[2026-05-07T06:18:34.001+0000] {processor.py:840} INFO - DAG(s) 'example_python_decorator' retrieved from /home/airflow/.local/lib/python3.12/site-packages/airflow/example_dags/example_python_decorator.py
[2026-05-07T06:18:34.043+0000] {logging_mixin.py:188} INFO - [2026-05-07T06:18:34.043+0000] {dag.py:3089} INFO - Sync 1 DAGs
[2026-05-07T06:18:34.068+0000] {logging_mixin.py:188} INFO - [2026-05-07T06:18:34.068+0000] {dag.py:3947} INFO - Setting next_dagrun for example_python_decorator to None, run_after=None
[2026-05-07T06:18:34.131+0000] {processor.py:183} INFO - Processing /home/airflow/.local/lib/python3.12/site-packages/airflow/example_dags/example_python_decorator.py took 0.179 seconds
[2026-05-07T06:19:04.262+0000] {processor.py:161} INFO - Started process (PID=14015) to work on /home/airflow/.local/lib/python3.12/site-packages/airflow/example_dags/example_python_decorator.py
[2026-05-07T06:19:04.264+0000] {processor.py:830} INFO - Processing file /home/airflow/.local/lib/python3.12/site-packages/airflow/example_dags/example_python_decorator.py for tasks to queue
[2026-05-07T06:19:04.265+0000] {logging_mixin.py:188} INFO - [2026-05-07T06:19:04.265+0000] {dagbag.py:545} INFO - Filling up the DagBag from /home/airflow/.local/lib/python3.12/site-packages/airflow/example_dags/example_python_decorator.py
[2026-05-07T06:19:04.284+0000] {processor.py:840} INFO - DAG(s) 'example_python_decorator' retrieved from /home/airflow/.local/lib/python3.12/site-packages/airflow/example_dags/example_python_decorator.py
[2026-05-07T06:19:04.324+0000] {logging_mixin.py:188} INFO - [2026-05-07T06:19:04.324+0000] {dag.py:3089} INFO - Sync 1 DAGs
[2026-05-07T06:19:04.345+0000] {logging_mixin.py:188} INFO - [2026-05-07T06:19:04.344+0000] {dag.py:3947} INFO - Setting next_dagrun for example_python_decorator to None, run_after=None
[2026-05-07T06:19:04.386+0000] {processor.py:183} INFO - Processing /home/airflow/.local/lib/python3.12/site-packages/airflow/example_dags/example_python_decorator.py took 0.132 seconds
[2026-05-07T06:19:35.050+0000] {processor.py:161} INFO - Started process (PID=14083) to work on /home/airflow/.local/lib/python3.12/site-packages/airflow/example_dags/example_python_decorator.py
[2026-05-07T06:19:35.062+0000] {processor.py:830} INFO - Processing file /home/airflow/.local/lib/python3.12/site-packages/airflow/example_dags/example_python_decorator.py for tasks to queue
[2026-05-07T06:19:35.066+0000] {logging_mixin.py:188} INFO - [2026-05-07T06:19:35.065+0000] {dagbag.py:545} INFO - Filling up the DagBag from /home/airflow/.local/lib/python3.12/site-packages/airflow/example_dags/example_python_decorator.py
[2026-05-07T06:19:35.096+0000] {processor.py:840} INFO - DAG(s) 'example_python_decorator' retrieved from /home/airflow/.local/lib/python3.12/site-packages/airflow/example_dags/example_python_decorator.py
[2026-05-07T06:19:35.143+0000] {logging_mixin.py:188} INFO - [2026-05-07T06:19:35.143+0000] {dag.py:3089} INFO - Sync 1 DAGs
[2026-05-07T06:19:35.166+0000] {logging_mixin.py:188} INFO - [2026-05-07T06:19:35.165+0000] {dag.py:3947} INFO - Setting next_dagrun for example_python_decorator to None, run_after=None
[2026-05-07T06:19:35.229+0000] {processor.py:183} INFO - Processing /home/airflow/.local/lib/python3.12/site-packages/airflow/example_dags/example_python_decorator.py took 0.194 seconds
[2026-05-07T06:20:05.585+0000] {processor.py:161} INFO - Started process (PID=14151) to work on /home/airflow/.local/lib/python3.12/site-packages/airflow/example_dags/example_python_decorator.py
[2026-05-07T06:20:05.588+0000] {processor.py:830} INFO - Processing file /home/airflow/.local/lib/python3.12/site-packages/airflow/example_dags/example_python_decorator.py for tasks to queue
[2026-05-07T06:20:05.591+0000] {logging_mixin.py:188} INFO - [2026-05-07T06:20:05.590+0000] {dagbag.py:545} INFO - Filling up the DagBag from /home/airflow/.local/lib/python3.12/site-packages/airflow/example_dags/example_python_decorator.py
[2026-05-07T06:20:05.613+0000] {processor.py:840} INFO - DAG(s) 'example_python_decorator' retrieved from /home/airflow/.local/lib/python3.12/site-packages/airflow/example_dags/example_python_decorator.py
[2026-05-07T06:20:05.655+0000] {logging_mixin.py:188} INFO - [2026-05-07T06:20:05.655+0000] {dag.py:3089} INFO - Sync 1 DAGs
[2026-05-07T06:20:05.678+0000] {logging_mixin.py:188} INFO - [2026-05-07T06:20:05.677+0000] {dag.py:3947} INFO - Setting next_dagrun for example_python_decorator to None, run_after=None
[2026-05-07T06:20:05.739+0000] {processor.py:183} INFO - Processing /home/airflow/.local/lib/python3.12/site-packages/airflow/example_dags/example_python_decorator.py took 0.167 seconds
