[2026-05-07T04:50:04.765+0000] {processor.py:161} INFO - Started process (PID=11932) to work on /home/airflow/.local/lib/python3.12/site-packages/airflow/example_dags/example_task_group.py
[2026-05-07T04:50:04.766+0000] {processor.py:830} INFO - Processing file /home/airflow/.local/lib/python3.12/site-packages/airflow/example_dags/example_task_group.py for tasks to queue
[2026-05-07T04:50:04.767+0000] {logging_mixin.py:188} INFO - [2026-05-07T04:50:04.767+0000] {dagbag.py:545} INFO - Filling up the DagBag from /home/airflow/.local/lib/python3.12/site-packages/airflow/example_dags/example_task_group.py
[2026-05-07T04:50:04.774+0000] {processor.py:840} INFO - DAG(s) 'example_task_group' retrieved from /home/airflow/.local/lib/python3.12/site-packages/airflow/example_dags/example_task_group.py
[2026-05-07T04:50:04.795+0000] {logging_mixin.py:188} INFO - [2026-05-07T04:50:04.795+0000] {dag.py:3089} INFO - Sync 1 DAGs
[2026-05-07T04:50:04.816+0000] {logging_mixin.py:188} INFO - [2026-05-07T04:50:04.815+0000] {dag.py:3947} INFO - Setting next_dagrun for example_task_group to 2026-05-06 00:00:00+00:00, run_after=2026-05-07 00:00:00+00:00
[2026-05-07T04:50:04.836+0000] {processor.py:183} INFO - Processing /home/airflow/.local/lib/python3.12/site-packages/airflow/example_dags/example_task_group.py took 0.076 seconds
[2026-05-07T04:50:35.470+0000] {processor.py:161} INFO - Started process (PID=12000) to work on /home/airflow/.local/lib/python3.12/site-packages/airflow/example_dags/example_task_group.py
[2026-05-07T04:50:35.474+0000] {processor.py:830} INFO - Processing file /home/airflow/.local/lib/python3.12/site-packages/airflow/example_dags/example_task_group.py for tasks to queue
[2026-05-07T04:50:35.476+0000] {logging_mixin.py:188} INFO - [2026-05-07T04:50:35.476+0000] {dagbag.py:545} INFO - Filling up the DagBag from /home/airflow/.local/lib/python3.12/site-packages/airflow/example_dags/example_task_group.py
[2026-05-07T04:50:35.484+0000] {processor.py:840} INFO - DAG(s) 'example_task_group' retrieved from /home/airflow/.local/lib/python3.12/site-packages/airflow/example_dags/example_task_group.py
[2026-05-07T04:50:35.511+0000] {logging_mixin.py:188} INFO - [2026-05-07T04:50:35.510+0000] {dag.py:3089} INFO - Sync 1 DAGs
[2026-05-07T04:50:35.539+0000] {logging_mixin.py:188} INFO - [2026-05-07T04:50:35.539+0000] {dag.py:3947} INFO - Setting next_dagrun for example_task_group to 2026-05-06 00:00:00+00:00, run_after=2026-05-07 00:00:00+00:00
[2026-05-07T04:50:35.560+0000] {processor.py:183} INFO - Processing /home/airflow/.local/lib/python3.12/site-packages/airflow/example_dags/example_task_group.py took 0.101 seconds
[2026-05-07T04:51:05.760+0000] {processor.py:161} INFO - Started process (PID=12075) to work on /home/airflow/.local/lib/python3.12/site-packages/airflow/example_dags/example_task_group.py
[2026-05-07T04:51:05.763+0000] {processor.py:830} INFO - Processing file /home/airflow/.local/lib/python3.12/site-packages/airflow/example_dags/example_task_group.py for tasks to queue
[2026-05-07T04:51:05.767+0000] {logging_mixin.py:188} INFO - [2026-05-07T04:51:05.766+0000] {dagbag.py:545} INFO - Filling up the DagBag from /home/airflow/.local/lib/python3.12/site-packages/airflow/example_dags/example_task_group.py
[2026-05-07T04:51:05.778+0000] {processor.py:840} INFO - DAG(s) 'example_task_group' retrieved from /home/airflow/.local/lib/python3.12/site-packages/airflow/example_dags/example_task_group.py
[2026-05-07T04:51:05.801+0000] {logging_mixin.py:188} INFO - [2026-05-07T04:51:05.800+0000] {dag.py:3089} INFO - Sync 1 DAGs
[2026-05-07T04:51:05.822+0000] {logging_mixin.py:188} INFO - [2026-05-07T04:51:05.822+0000] {dag.py:3947} INFO - Setting next_dagrun for example_task_group to 2026-05-06 00:00:00+00:00, run_after=2026-05-07 00:00:00+00:00
[2026-05-07T04:51:05.852+0000] {processor.py:183} INFO - Processing /home/airflow/.local/lib/python3.12/site-packages/airflow/example_dags/example_task_group.py took 0.100 seconds
[2026-05-07T04:51:36.108+0000] {processor.py:161} INFO - Started process (PID=12143) to work on /home/airflow/.local/lib/python3.12/site-packages/airflow/example_dags/example_task_group.py
[2026-05-07T04:51:36.109+0000] {processor.py:830} INFO - Processing file /home/airflow/.local/lib/python3.12/site-packages/airflow/example_dags/example_task_group.py for tasks to queue
[2026-05-07T04:51:36.110+0000] {logging_mixin.py:188} INFO - [2026-05-07T04:51:36.109+0000] {dagbag.py:545} INFO - Filling up the DagBag from /home/airflow/.local/lib/python3.12/site-packages/airflow/example_dags/example_task_group.py
[2026-05-07T04:51:36.125+0000] {processor.py:840} INFO - DAG(s) 'example_task_group' retrieved from /home/airflow/.local/lib/python3.12/site-packages/airflow/example_dags/example_task_group.py
[2026-05-07T04:51:36.161+0000] {logging_mixin.py:188} INFO - [2026-05-07T04:51:36.160+0000] {dag.py:3089} INFO - Sync 1 DAGs
[2026-05-07T04:51:36.186+0000] {logging_mixin.py:188} INFO - [2026-05-07T04:51:36.185+0000] {dag.py:3947} INFO - Setting next_dagrun for example_task_group to 2026-05-06 00:00:00+00:00, run_after=2026-05-07 00:00:00+00:00
[2026-05-07T04:51:36.211+0000] {processor.py:183} INFO - Processing /home/airflow/.local/lib/python3.12/site-packages/airflow/example_dags/example_task_group.py took 0.109 seconds
[2026-05-07T04:52:06.886+0000] {processor.py:161} INFO - Started process (PID=12211) to work on /home/airflow/.local/lib/python3.12/site-packages/airflow/example_dags/example_task_group.py
[2026-05-07T04:52:06.887+0000] {processor.py:830} INFO - Processing file /home/airflow/.local/lib/python3.12/site-packages/airflow/example_dags/example_task_group.py for tasks to queue
[2026-05-07T04:52:06.888+0000] {logging_mixin.py:188} INFO - [2026-05-07T04:52:06.888+0000] {dagbag.py:545} INFO - Filling up the DagBag from /home/airflow/.local/lib/python3.12/site-packages/airflow/example_dags/example_task_group.py
[2026-05-07T04:52:06.895+0000] {processor.py:840} INFO - DAG(s) 'example_task_group' retrieved from /home/airflow/.local/lib/python3.12/site-packages/airflow/example_dags/example_task_group.py
[2026-05-07T04:52:06.927+0000] {logging_mixin.py:188} INFO - [2026-05-07T04:52:06.927+0000] {dag.py:3089} INFO - Sync 1 DAGs
[2026-05-07T04:52:06.945+0000] {logging_mixin.py:188} INFO - [2026-05-07T04:52:06.945+0000] {dag.py:3947} INFO - Setting next_dagrun for example_task_group to 2026-05-06 00:00:00+00:00, run_after=2026-05-07 00:00:00+00:00
[2026-05-07T04:52:06.964+0000] {processor.py:183} INFO - Processing /home/airflow/.local/lib/python3.12/site-packages/airflow/example_dags/example_task_group.py took 0.084 seconds
[2026-05-07T04:52:37.390+0000] {processor.py:161} INFO - Started process (PID=12286) to work on /home/airflow/.local/lib/python3.12/site-packages/airflow/example_dags/example_task_group.py
[2026-05-07T04:52:37.391+0000] {processor.py:830} INFO - Processing file /home/airflow/.local/lib/python3.12/site-packages/airflow/example_dags/example_task_group.py for tasks to queue
[2026-05-07T04:52:37.392+0000] {logging_mixin.py:188} INFO - [2026-05-07T04:52:37.392+0000] {dagbag.py:545} INFO - Filling up the DagBag from /home/airflow/.local/lib/python3.12/site-packages/airflow/example_dags/example_task_group.py
[2026-05-07T04:52:37.404+0000] {processor.py:840} INFO - DAG(s) 'example_task_group' retrieved from /home/airflow/.local/lib/python3.12/site-packages/airflow/example_dags/example_task_group.py
[2026-05-07T04:52:37.437+0000] {logging_mixin.py:188} INFO - [2026-05-07T04:52:37.437+0000] {dag.py:3089} INFO - Sync 1 DAGs
[2026-05-07T04:52:37.463+0000] {logging_mixin.py:188} INFO - [2026-05-07T04:52:37.463+0000] {dag.py:3947} INFO - Setting next_dagrun for example_task_group to 2026-05-06 00:00:00+00:00, run_after=2026-05-07 00:00:00+00:00
[2026-05-07T04:52:37.490+0000] {processor.py:183} INFO - Processing /home/airflow/.local/lib/python3.12/site-packages/airflow/example_dags/example_task_group.py took 0.110 seconds
[2026-05-07T04:53:07.619+0000] {processor.py:161} INFO - Started process (PID=12353) to work on /home/airflow/.local/lib/python3.12/site-packages/airflow/example_dags/example_task_group.py
[2026-05-07T04:53:07.621+0000] {processor.py:830} INFO - Processing file /home/airflow/.local/lib/python3.12/site-packages/airflow/example_dags/example_task_group.py for tasks to queue
[2026-05-07T04:53:07.625+0000] {logging_mixin.py:188} INFO - [2026-05-07T04:53:07.624+0000] {dagbag.py:545} INFO - Filling up the DagBag from /home/airflow/.local/lib/python3.12/site-packages/airflow/example_dags/example_task_group.py
[2026-05-07T04:53:07.642+0000] {processor.py:840} INFO - DAG(s) 'example_task_group' retrieved from /home/airflow/.local/lib/python3.12/site-packages/airflow/example_dags/example_task_group.py
[2026-05-07T04:53:07.681+0000] {logging_mixin.py:188} INFO - [2026-05-07T04:53:07.681+0000] {dag.py:3089} INFO - Sync 1 DAGs
[2026-05-07T04:53:07.705+0000] {logging_mixin.py:188} INFO - [2026-05-07T04:53:07.705+0000] {dag.py:3947} INFO - Setting next_dagrun for example_task_group to 2026-05-06 00:00:00+00:00, run_after=2026-05-07 00:00:00+00:00
[2026-05-07T04:53:07.733+0000] {processor.py:183} INFO - Processing /home/airflow/.local/lib/python3.12/site-packages/airflow/example_dags/example_task_group.py took 0.128 seconds
[2026-05-07T05:20:09.910+0000] {processor.py:161} INFO - Started process (PID=12411) to work on /home/airflow/.local/lib/python3.12/site-packages/airflow/example_dags/example_task_group.py
[2026-05-07T05:20:09.913+0000] {processor.py:830} INFO - Processing file /home/airflow/.local/lib/python3.12/site-packages/airflow/example_dags/example_task_group.py for tasks to queue
[2026-05-07T05:20:09.923+0000] {logging_mixin.py:188} INFO - [2026-05-07T05:20:09.919+0000] {dagbag.py:545} INFO - Filling up the DagBag from /home/airflow/.local/lib/python3.12/site-packages/airflow/example_dags/example_task_group.py
[2026-05-07T05:20:09.977+0000] {processor.py:840} INFO - DAG(s) 'example_task_group' retrieved from /home/airflow/.local/lib/python3.12/site-packages/airflow/example_dags/example_task_group.py
[2026-05-07T05:20:10.021+0000] {logging_mixin.py:188} INFO - [2026-05-07T05:20:10.020+0000] {dag.py:3089} INFO - Sync 1 DAGs
[2026-05-07T05:20:10.083+0000] {logging_mixin.py:188} INFO - [2026-05-07T05:20:10.083+0000] {dag.py:3947} INFO - Setting next_dagrun for example_task_group to 2026-05-06 00:00:00+00:00, run_after=2026-05-07 00:00:00+00:00
[2026-05-07T05:20:10.175+0000] {processor.py:183} INFO - Processing /home/airflow/.local/lib/python3.12/site-packages/airflow/example_dags/example_task_group.py took 0.272 seconds
[2026-05-07T06:07:44.888+0000] {processor.py:161} INFO - Started process (PID=12486) to work on /home/airflow/.local/lib/python3.12/site-packages/airflow/example_dags/example_task_group.py
[2026-05-07T06:07:44.890+0000] {processor.py:830} INFO - Processing file /home/airflow/.local/lib/python3.12/site-packages/airflow/example_dags/example_task_group.py for tasks to queue
[2026-05-07T06:07:44.892+0000] {logging_mixin.py:188} INFO - [2026-05-07T06:07:44.891+0000] {dagbag.py:545} INFO - Filling up the DagBag from /home/airflow/.local/lib/python3.12/site-packages/airflow/example_dags/example_task_group.py
[2026-05-07T06:07:44.906+0000] {processor.py:840} INFO - DAG(s) 'example_task_group' retrieved from /home/airflow/.local/lib/python3.12/site-packages/airflow/example_dags/example_task_group.py
[2026-05-07T06:07:44.942+0000] {logging_mixin.py:188} INFO - [2026-05-07T06:07:44.941+0000] {dag.py:3089} INFO - Sync 1 DAGs
[2026-05-07T06:07:44.977+0000] {logging_mixin.py:188} INFO - [2026-05-07T06:07:44.977+0000] {dag.py:3947} INFO - Setting next_dagrun for example_task_group to 2026-05-06 00:00:00+00:00, run_after=2026-05-07 00:00:00+00:00
[2026-05-07T06:07:45.024+0000] {processor.py:183} INFO - Processing /home/airflow/.local/lib/python3.12/site-packages/airflow/example_dags/example_task_group.py took 0.147 seconds
[2026-05-07T06:08:16.192+0000] {processor.py:161} INFO - Started process (PID=12554) to work on /home/airflow/.local/lib/python3.12/site-packages/airflow/example_dags/example_task_group.py
[2026-05-07T06:08:16.194+0000] {processor.py:830} INFO - Processing file /home/airflow/.local/lib/python3.12/site-packages/airflow/example_dags/example_task_group.py for tasks to queue
[2026-05-07T06:08:16.196+0000] {logging_mixin.py:188} INFO - [2026-05-07T06:08:16.195+0000] {dagbag.py:545} INFO - Filling up the DagBag from /home/airflow/.local/lib/python3.12/site-packages/airflow/example_dags/example_task_group.py
[2026-05-07T06:08:16.213+0000] {processor.py:840} INFO - DAG(s) 'example_task_group' retrieved from /home/airflow/.local/lib/python3.12/site-packages/airflow/example_dags/example_task_group.py
[2026-05-07T06:08:16.250+0000] {logging_mixin.py:188} INFO - [2026-05-07T06:08:16.250+0000] {dag.py:3089} INFO - Sync 1 DAGs
[2026-05-07T06:08:16.289+0000] {logging_mixin.py:188} INFO - [2026-05-07T06:08:16.289+0000] {dag.py:3947} INFO - Setting next_dagrun for example_task_group to 2026-05-06 00:00:00+00:00, run_after=2026-05-07 00:00:00+00:00
[2026-05-07T06:08:16.328+0000] {processor.py:183} INFO - Processing /home/airflow/.local/lib/python3.12/site-packages/airflow/example_dags/example_task_group.py took 0.145 seconds
[2026-05-07T06:08:46.621+0000] {processor.py:161} INFO - Started process (PID=12621) to work on /home/airflow/.local/lib/python3.12/site-packages/airflow/example_dags/example_task_group.py
[2026-05-07T06:08:46.623+0000] {processor.py:830} INFO - Processing file /home/airflow/.local/lib/python3.12/site-packages/airflow/example_dags/example_task_group.py for tasks to queue
[2026-05-07T06:08:46.625+0000] {logging_mixin.py:188} INFO - [2026-05-07T06:08:46.625+0000] {dagbag.py:545} INFO - Filling up the DagBag from /home/airflow/.local/lib/python3.12/site-packages/airflow/example_dags/example_task_group.py
[2026-05-07T06:08:46.638+0000] {processor.py:840} INFO - DAG(s) 'example_task_group' retrieved from /home/airflow/.local/lib/python3.12/site-packages/airflow/example_dags/example_task_group.py
[2026-05-07T06:08:46.677+0000] {logging_mixin.py:188} INFO - [2026-05-07T06:08:46.677+0000] {dag.py:3089} INFO - Sync 1 DAGs
[2026-05-07T06:08:46.719+0000] {logging_mixin.py:188} INFO - [2026-05-07T06:08:46.719+0000] {dag.py:3947} INFO - Setting next_dagrun for example_task_group to 2026-05-06 00:00:00+00:00, run_after=2026-05-07 00:00:00+00:00
[2026-05-07T06:08:46.753+0000] {processor.py:183} INFO - Processing /home/airflow/.local/lib/python3.12/site-packages/airflow/example_dags/example_task_group.py took 0.140 seconds
[2026-05-07T06:09:18.278+0000] {processor.py:161} INFO - Started process (PID=12690) to work on /home/airflow/.local/lib/python3.12/site-packages/airflow/example_dags/example_task_group.py
[2026-05-07T06:09:18.279+0000] {processor.py:830} INFO - Processing file /home/airflow/.local/lib/python3.12/site-packages/airflow/example_dags/example_task_group.py for tasks to queue
[2026-05-07T06:09:18.281+0000] {logging_mixin.py:188} INFO - [2026-05-07T06:09:18.280+0000] {dagbag.py:545} INFO - Filling up the DagBag from /home/airflow/.local/lib/python3.12/site-packages/airflow/example_dags/example_task_group.py
[2026-05-07T06:09:18.299+0000] {processor.py:840} INFO - DAG(s) 'example_task_group' retrieved from /home/airflow/.local/lib/python3.12/site-packages/airflow/example_dags/example_task_group.py
[2026-05-07T06:09:18.338+0000] {logging_mixin.py:188} INFO - [2026-05-07T06:09:18.337+0000] {dag.py:3089} INFO - Sync 1 DAGs
[2026-05-07T06:09:18.375+0000] {logging_mixin.py:188} INFO - [2026-05-07T06:09:18.374+0000] {dag.py:3947} INFO - Setting next_dagrun for example_task_group to 2026-05-06 00:00:00+00:00, run_after=2026-05-07 00:00:00+00:00
[2026-05-07T06:09:18.435+0000] {processor.py:183} INFO - Processing /home/airflow/.local/lib/python3.12/site-packages/airflow/example_dags/example_task_group.py took 0.169 seconds
[2026-05-07T06:09:49.116+0000] {processor.py:161} INFO - Started process (PID=12758) to work on /home/airflow/.local/lib/python3.12/site-packages/airflow/example_dags/example_task_group.py
[2026-05-07T06:09:49.120+0000] {processor.py:830} INFO - Processing file /home/airflow/.local/lib/python3.12/site-packages/airflow/example_dags/example_task_group.py for tasks to queue
[2026-05-07T06:09:49.122+0000] {logging_mixin.py:188} INFO - [2026-05-07T06:09:49.122+0000] {dagbag.py:545} INFO - Filling up the DagBag from /home/airflow/.local/lib/python3.12/site-packages/airflow/example_dags/example_task_group.py
[2026-05-07T06:09:49.136+0000] {processor.py:840} INFO - DAG(s) 'example_task_group' retrieved from /home/airflow/.local/lib/python3.12/site-packages/airflow/example_dags/example_task_group.py
[2026-05-07T06:09:49.184+0000] {logging_mixin.py:188} INFO - [2026-05-07T06:09:49.183+0000] {dag.py:3089} INFO - Sync 1 DAGs
[2026-05-07T06:09:49.216+0000] {logging_mixin.py:188} INFO - [2026-05-07T06:09:49.216+0000] {dag.py:3947} INFO - Setting next_dagrun for example_task_group to 2026-05-06 00:00:00+00:00, run_after=2026-05-07 00:00:00+00:00
[2026-05-07T06:09:49.284+0000] {processor.py:183} INFO - Processing /home/airflow/.local/lib/python3.12/site-packages/airflow/example_dags/example_task_group.py took 0.178 seconds
[2026-05-07T06:10:19.581+0000] {processor.py:161} INFO - Started process (PID=12825) to work on /home/airflow/.local/lib/python3.12/site-packages/airflow/example_dags/example_task_group.py
[2026-05-07T06:10:19.584+0000] {processor.py:830} INFO - Processing file /home/airflow/.local/lib/python3.12/site-packages/airflow/example_dags/example_task_group.py for tasks to queue
[2026-05-07T06:10:19.588+0000] {logging_mixin.py:188} INFO - [2026-05-07T06:10:19.587+0000] {dagbag.py:545} INFO - Filling up the DagBag from /home/airflow/.local/lib/python3.12/site-packages/airflow/example_dags/example_task_group.py
[2026-05-07T06:10:19.602+0000] {processor.py:840} INFO - DAG(s) 'example_task_group' retrieved from /home/airflow/.local/lib/python3.12/site-packages/airflow/example_dags/example_task_group.py
[2026-05-07T06:10:19.648+0000] {logging_mixin.py:188} INFO - [2026-05-07T06:10:19.647+0000] {dag.py:3089} INFO - Sync 1 DAGs
[2026-05-07T06:10:19.688+0000] {logging_mixin.py:188} INFO - [2026-05-07T06:10:19.688+0000] {dag.py:3947} INFO - Setting next_dagrun for example_task_group to 2026-05-06 00:00:00+00:00, run_after=2026-05-07 00:00:00+00:00
[2026-05-07T06:10:19.759+0000] {processor.py:183} INFO - Processing /home/airflow/.local/lib/python3.12/site-packages/airflow/example_dags/example_task_group.py took 0.190 seconds
[2026-05-07T06:10:49.898+0000] {processor.py:161} INFO - Started process (PID=12900) to work on /home/airflow/.local/lib/python3.12/site-packages/airflow/example_dags/example_task_group.py
[2026-05-07T06:10:49.900+0000] {processor.py:830} INFO - Processing file /home/airflow/.local/lib/python3.12/site-packages/airflow/example_dags/example_task_group.py for tasks to queue
[2026-05-07T06:10:49.902+0000] {logging_mixin.py:188} INFO - [2026-05-07T06:10:49.901+0000] {dagbag.py:545} INFO - Filling up the DagBag from /home/airflow/.local/lib/python3.12/site-packages/airflow/example_dags/example_task_group.py
[2026-05-07T06:10:49.914+0000] {processor.py:840} INFO - DAG(s) 'example_task_group' retrieved from /home/airflow/.local/lib/python3.12/site-packages/airflow/example_dags/example_task_group.py
[2026-05-07T06:10:49.952+0000] {logging_mixin.py:188} INFO - [2026-05-07T06:10:49.952+0000] {dag.py:3089} INFO - Sync 1 DAGs
[2026-05-07T06:10:50.030+0000] {logging_mixin.py:188} INFO - [2026-05-07T06:10:50.030+0000] {dag.py:3947} INFO - Setting next_dagrun for example_task_group to 2026-05-06 00:00:00+00:00, run_after=2026-05-07 00:00:00+00:00
[2026-05-07T06:10:50.066+0000] {processor.py:183} INFO - Processing /home/airflow/.local/lib/python3.12/site-packages/airflow/example_dags/example_task_group.py took 0.177 seconds
[2026-05-07T06:11:20.639+0000] {processor.py:161} INFO - Started process (PID=12968) to work on /home/airflow/.local/lib/python3.12/site-packages/airflow/example_dags/example_task_group.py
[2026-05-07T06:11:20.640+0000] {processor.py:830} INFO - Processing file /home/airflow/.local/lib/python3.12/site-packages/airflow/example_dags/example_task_group.py for tasks to queue
[2026-05-07T06:11:20.642+0000] {logging_mixin.py:188} INFO - [2026-05-07T06:11:20.642+0000] {dagbag.py:545} INFO - Filling up the DagBag from /home/airflow/.local/lib/python3.12/site-packages/airflow/example_dags/example_task_group.py
[2026-05-07T06:11:20.656+0000] {processor.py:840} INFO - DAG(s) 'example_task_group' retrieved from /home/airflow/.local/lib/python3.12/site-packages/airflow/example_dags/example_task_group.py
[2026-05-07T06:11:20.686+0000] {logging_mixin.py:188} INFO - [2026-05-07T06:11:20.685+0000] {dag.py:3089} INFO - Sync 1 DAGs
[2026-05-07T06:11:20.717+0000] {logging_mixin.py:188} INFO - [2026-05-07T06:11:20.717+0000] {dag.py:3947} INFO - Setting next_dagrun for example_task_group to 2026-05-06 00:00:00+00:00, run_after=2026-05-07 00:00:00+00:00
[2026-05-07T06:11:20.775+0000] {processor.py:183} INFO - Processing /home/airflow/.local/lib/python3.12/site-packages/airflow/example_dags/example_task_group.py took 0.146 seconds
[2026-05-07T06:11:51.588+0000] {processor.py:161} INFO - Started process (PID=13036) to work on /home/airflow/.local/lib/python3.12/site-packages/airflow/example_dags/example_task_group.py
[2026-05-07T06:11:51.590+0000] {processor.py:830} INFO - Processing file /home/airflow/.local/lib/python3.12/site-packages/airflow/example_dags/example_task_group.py for tasks to queue
[2026-05-07T06:11:51.592+0000] {logging_mixin.py:188} INFO - [2026-05-07T06:11:51.591+0000] {dagbag.py:545} INFO - Filling up the DagBag from /home/airflow/.local/lib/python3.12/site-packages/airflow/example_dags/example_task_group.py
[2026-05-07T06:11:51.607+0000] {processor.py:840} INFO - DAG(s) 'example_task_group' retrieved from /home/airflow/.local/lib/python3.12/site-packages/airflow/example_dags/example_task_group.py
[2026-05-07T06:11:51.645+0000] {logging_mixin.py:188} INFO - [2026-05-07T06:11:51.645+0000] {dag.py:3089} INFO - Sync 1 DAGs
[2026-05-07T06:11:51.680+0000] {logging_mixin.py:188} INFO - [2026-05-07T06:11:51.679+0000] {dag.py:3947} INFO - Setting next_dagrun for example_task_group to 2026-05-06 00:00:00+00:00, run_after=2026-05-07 00:00:00+00:00
[2026-05-07T06:11:51.742+0000] {processor.py:183} INFO - Processing /home/airflow/.local/lib/python3.12/site-packages/airflow/example_dags/example_task_group.py took 0.162 seconds
[2026-05-07T06:12:22.035+0000] {processor.py:161} INFO - Started process (PID=13104) to work on /home/airflow/.local/lib/python3.12/site-packages/airflow/example_dags/example_task_group.py
[2026-05-07T06:12:22.037+0000] {processor.py:830} INFO - Processing file /home/airflow/.local/lib/python3.12/site-packages/airflow/example_dags/example_task_group.py for tasks to queue
[2026-05-07T06:12:22.039+0000] {logging_mixin.py:188} INFO - [2026-05-07T06:12:22.039+0000] {dagbag.py:545} INFO - Filling up the DagBag from /home/airflow/.local/lib/python3.12/site-packages/airflow/example_dags/example_task_group.py
[2026-05-07T06:12:22.053+0000] {processor.py:840} INFO - DAG(s) 'example_task_group' retrieved from /home/airflow/.local/lib/python3.12/site-packages/airflow/example_dags/example_task_group.py
[2026-05-07T06:12:22.089+0000] {logging_mixin.py:188} INFO - [2026-05-07T06:12:22.088+0000] {dag.py:3089} INFO - Sync 1 DAGs
[2026-05-07T06:12:22.120+0000] {logging_mixin.py:188} INFO - [2026-05-07T06:12:22.119+0000] {dag.py:3947} INFO - Setting next_dagrun for example_task_group to 2026-05-06 00:00:00+00:00, run_after=2026-05-07 00:00:00+00:00
[2026-05-07T06:12:22.173+0000] {processor.py:183} INFO - Processing /home/airflow/.local/lib/python3.12/site-packages/airflow/example_dags/example_task_group.py took 0.148 seconds
[2026-05-07T06:12:53.692+0000] {processor.py:161} INFO - Started process (PID=13172) to work on /home/airflow/.local/lib/python3.12/site-packages/airflow/example_dags/example_task_group.py
[2026-05-07T06:12:53.694+0000] {processor.py:830} INFO - Processing file /home/airflow/.local/lib/python3.12/site-packages/airflow/example_dags/example_task_group.py for tasks to queue
[2026-05-07T06:12:53.697+0000] {logging_mixin.py:188} INFO - [2026-05-07T06:12:53.696+0000] {dagbag.py:545} INFO - Filling up the DagBag from /home/airflow/.local/lib/python3.12/site-packages/airflow/example_dags/example_task_group.py
[2026-05-07T06:12:53.713+0000] {processor.py:840} INFO - DAG(s) 'example_task_group' retrieved from /home/airflow/.local/lib/python3.12/site-packages/airflow/example_dags/example_task_group.py
[2026-05-07T06:12:53.759+0000] {logging_mixin.py:188} INFO - [2026-05-07T06:12:53.758+0000] {dag.py:3089} INFO - Sync 1 DAGs
[2026-05-07T06:12:53.791+0000] {logging_mixin.py:188} INFO - [2026-05-07T06:12:53.790+0000] {dag.py:3947} INFO - Setting next_dagrun for example_task_group to 2026-05-06 00:00:00+00:00, run_after=2026-05-07 00:00:00+00:00
[2026-05-07T06:12:53.826+0000] {processor.py:183} INFO - Processing /home/airflow/.local/lib/python3.12/site-packages/airflow/example_dags/example_task_group.py took 0.148 seconds
[2026-05-07T06:13:23.941+0000] {processor.py:161} INFO - Started process (PID=13246) to work on /home/airflow/.local/lib/python3.12/site-packages/airflow/example_dags/example_task_group.py
[2026-05-07T06:13:23.943+0000] {processor.py:830} INFO - Processing file /home/airflow/.local/lib/python3.12/site-packages/airflow/example_dags/example_task_group.py for tasks to queue
[2026-05-07T06:13:23.945+0000] {logging_mixin.py:188} INFO - [2026-05-07T06:13:23.944+0000] {dagbag.py:545} INFO - Filling up the DagBag from /home/airflow/.local/lib/python3.12/site-packages/airflow/example_dags/example_task_group.py
[2026-05-07T06:13:23.959+0000] {processor.py:840} INFO - DAG(s) 'example_task_group' retrieved from /home/airflow/.local/lib/python3.12/site-packages/airflow/example_dags/example_task_group.py
[2026-05-07T06:13:23.995+0000] {logging_mixin.py:188} INFO - [2026-05-07T06:13:23.994+0000] {dag.py:3089} INFO - Sync 1 DAGs
[2026-05-07T06:13:24.030+0000] {logging_mixin.py:188} INFO - [2026-05-07T06:13:24.030+0000] {dag.py:3947} INFO - Setting next_dagrun for example_task_group to 2026-05-06 00:00:00+00:00, run_after=2026-05-07 00:00:00+00:00
[2026-05-07T06:13:24.092+0000] {processor.py:183} INFO - Processing /home/airflow/.local/lib/python3.12/site-packages/airflow/example_dags/example_task_group.py took 0.160 seconds
[2026-05-07T06:13:54.594+0000] {processor.py:161} INFO - Started process (PID=13314) to work on /home/airflow/.local/lib/python3.12/site-packages/airflow/example_dags/example_task_group.py
[2026-05-07T06:13:54.596+0000] {processor.py:830} INFO - Processing file /home/airflow/.local/lib/python3.12/site-packages/airflow/example_dags/example_task_group.py for tasks to queue
[2026-05-07T06:13:54.599+0000] {logging_mixin.py:188} INFO - [2026-05-07T06:13:54.598+0000] {dagbag.py:545} INFO - Filling up the DagBag from /home/airflow/.local/lib/python3.12/site-packages/airflow/example_dags/example_task_group.py
[2026-05-07T06:13:54.613+0000] {processor.py:840} INFO - DAG(s) 'example_task_group' retrieved from /home/airflow/.local/lib/python3.12/site-packages/airflow/example_dags/example_task_group.py
[2026-05-07T06:13:54.649+0000] {logging_mixin.py:188} INFO - [2026-05-07T06:13:54.649+0000] {dag.py:3089} INFO - Sync 1 DAGs
[2026-05-07T06:13:54.684+0000] {logging_mixin.py:188} INFO - [2026-05-07T06:13:54.683+0000] {dag.py:3947} INFO - Setting next_dagrun for example_task_group to 2026-05-06 00:00:00+00:00, run_after=2026-05-07 00:00:00+00:00
[2026-05-07T06:13:54.761+0000] {processor.py:183} INFO - Processing /home/airflow/.local/lib/python3.12/site-packages/airflow/example_dags/example_task_group.py took 0.178 seconds
[2026-05-07T06:14:25.177+0000] {processor.py:161} INFO - Started process (PID=13382) to work on /home/airflow/.local/lib/python3.12/site-packages/airflow/example_dags/example_task_group.py
[2026-05-07T06:14:25.179+0000] {processor.py:830} INFO - Processing file /home/airflow/.local/lib/python3.12/site-packages/airflow/example_dags/example_task_group.py for tasks to queue
[2026-05-07T06:14:25.181+0000] {logging_mixin.py:188} INFO - [2026-05-07T06:14:25.181+0000] {dagbag.py:545} INFO - Filling up the DagBag from /home/airflow/.local/lib/python3.12/site-packages/airflow/example_dags/example_task_group.py
[2026-05-07T06:14:25.194+0000] {processor.py:840} INFO - DAG(s) 'example_task_group' retrieved from /home/airflow/.local/lib/python3.12/site-packages/airflow/example_dags/example_task_group.py
[2026-05-07T06:14:25.227+0000] {logging_mixin.py:188} INFO - [2026-05-07T06:14:25.226+0000] {dag.py:3089} INFO - Sync 1 DAGs
[2026-05-07T06:14:25.257+0000] {logging_mixin.py:188} INFO - [2026-05-07T06:14:25.256+0000] {dag.py:3947} INFO - Setting next_dagrun for example_task_group to 2026-05-06 00:00:00+00:00, run_after=2026-05-07 00:00:00+00:00
[2026-05-07T06:14:25.288+0000] {processor.py:183} INFO - Processing /home/airflow/.local/lib/python3.12/site-packages/airflow/example_dags/example_task_group.py took 0.123 seconds
[2026-05-07T06:14:56.373+0000] {processor.py:161} INFO - Started process (PID=13450) to work on /home/airflow/.local/lib/python3.12/site-packages/airflow/example_dags/example_task_group.py
[2026-05-07T06:14:56.375+0000] {processor.py:830} INFO - Processing file /home/airflow/.local/lib/python3.12/site-packages/airflow/example_dags/example_task_group.py for tasks to queue
[2026-05-07T06:14:56.378+0000] {logging_mixin.py:188} INFO - [2026-05-07T06:14:56.378+0000] {dagbag.py:545} INFO - Filling up the DagBag from /home/airflow/.local/lib/python3.12/site-packages/airflow/example_dags/example_task_group.py
[2026-05-07T06:14:56.395+0000] {processor.py:840} INFO - DAG(s) 'example_task_group' retrieved from /home/airflow/.local/lib/python3.12/site-packages/airflow/example_dags/example_task_group.py
[2026-05-07T06:14:56.434+0000] {logging_mixin.py:188} INFO - [2026-05-07T06:14:56.433+0000] {dag.py:3089} INFO - Sync 1 DAGs
[2026-05-07T06:14:56.465+0000] {logging_mixin.py:188} INFO - [2026-05-07T06:14:56.464+0000] {dag.py:3947} INFO - Setting next_dagrun for example_task_group to 2026-05-06 00:00:00+00:00, run_after=2026-05-07 00:00:00+00:00
[2026-05-07T06:14:56.633+0000] {processor.py:183} INFO - Processing /home/airflow/.local/lib/python3.12/site-packages/airflow/example_dags/example_task_group.py took 0.272 seconds
[2026-05-07T06:15:27.052+0000] {processor.py:161} INFO - Started process (PID=13517) to work on /home/airflow/.local/lib/python3.12/site-packages/airflow/example_dags/example_task_group.py
[2026-05-07T06:15:27.054+0000] {processor.py:830} INFO - Processing file /home/airflow/.local/lib/python3.12/site-packages/airflow/example_dags/example_task_group.py for tasks to queue
[2026-05-07T06:15:27.067+0000] {logging_mixin.py:188} INFO - [2026-05-07T06:15:27.067+0000] {dagbag.py:545} INFO - Filling up the DagBag from /home/airflow/.local/lib/python3.12/site-packages/airflow/example_dags/example_task_group.py
[2026-05-07T06:15:27.083+0000] {processor.py:840} INFO - DAG(s) 'example_task_group' retrieved from /home/airflow/.local/lib/python3.12/site-packages/airflow/example_dags/example_task_group.py
[2026-05-07T06:15:27.123+0000] {logging_mixin.py:188} INFO - [2026-05-07T06:15:27.123+0000] {dag.py:3089} INFO - Sync 1 DAGs
[2026-05-07T06:15:27.156+0000] {logging_mixin.py:188} INFO - [2026-05-07T06:15:27.156+0000] {dag.py:3947} INFO - Setting next_dagrun for example_task_group to 2026-05-06 00:00:00+00:00, run_after=2026-05-07 00:00:00+00:00
[2026-05-07T06:15:27.216+0000] {processor.py:183} INFO - Processing /home/airflow/.local/lib/python3.12/site-packages/airflow/example_dags/example_task_group.py took 0.175 seconds
[2026-05-07T06:15:58.135+0000] {processor.py:161} INFO - Started process (PID=13586) to work on /home/airflow/.local/lib/python3.12/site-packages/airflow/example_dags/example_task_group.py
[2026-05-07T06:15:58.137+0000] {processor.py:830} INFO - Processing file /home/airflow/.local/lib/python3.12/site-packages/airflow/example_dags/example_task_group.py for tasks to queue
[2026-05-07T06:15:58.139+0000] {logging_mixin.py:188} INFO - [2026-05-07T06:15:58.139+0000] {dagbag.py:545} INFO - Filling up the DagBag from /home/airflow/.local/lib/python3.12/site-packages/airflow/example_dags/example_task_group.py
[2026-05-07T06:15:58.153+0000] {processor.py:840} INFO - DAG(s) 'example_task_group' retrieved from /home/airflow/.local/lib/python3.12/site-packages/airflow/example_dags/example_task_group.py
[2026-05-07T06:15:58.192+0000] {logging_mixin.py:188} INFO - [2026-05-07T06:15:58.192+0000] {dag.py:3089} INFO - Sync 1 DAGs
[2026-05-07T06:15:58.225+0000] {logging_mixin.py:188} INFO - [2026-05-07T06:15:58.224+0000] {dag.py:3947} INFO - Setting next_dagrun for example_task_group to 2026-05-06 00:00:00+00:00, run_after=2026-05-07 00:00:00+00:00
[2026-05-07T06:15:58.394+0000] {processor.py:183} INFO - Processing /home/airflow/.local/lib/python3.12/site-packages/airflow/example_dags/example_task_group.py took 0.270 seconds
[2026-05-07T06:16:28.578+0000] {processor.py:161} INFO - Started process (PID=13661) to work on /home/airflow/.local/lib/python3.12/site-packages/airflow/example_dags/example_task_group.py
[2026-05-07T06:16:28.581+0000] {processor.py:830} INFO - Processing file /home/airflow/.local/lib/python3.12/site-packages/airflow/example_dags/example_task_group.py for tasks to queue
[2026-05-07T06:16:28.583+0000] {logging_mixin.py:188} INFO - [2026-05-07T06:16:28.583+0000] {dagbag.py:545} INFO - Filling up the DagBag from /home/airflow/.local/lib/python3.12/site-packages/airflow/example_dags/example_task_group.py
[2026-05-07T06:16:28.604+0000] {processor.py:840} INFO - DAG(s) 'example_task_group' retrieved from /home/airflow/.local/lib/python3.12/site-packages/airflow/example_dags/example_task_group.py
[2026-05-07T06:16:28.649+0000] {logging_mixin.py:188} INFO - [2026-05-07T06:16:28.649+0000] {dag.py:3089} INFO - Sync 1 DAGs
[2026-05-07T06:16:28.678+0000] {logging_mixin.py:188} INFO - [2026-05-07T06:16:28.678+0000] {dag.py:3947} INFO - Setting next_dagrun for example_task_group to 2026-05-06 00:00:00+00:00, run_after=2026-05-07 00:00:00+00:00
[2026-05-07T06:16:28.719+0000] {processor.py:183} INFO - Processing /home/airflow/.local/lib/python3.12/site-packages/airflow/example_dags/example_task_group.py took 0.151 seconds
[2026-05-07T06:16:59.401+0000] {processor.py:161} INFO - Started process (PID=13729) to work on /home/airflow/.local/lib/python3.12/site-packages/airflow/example_dags/example_task_group.py
[2026-05-07T06:16:59.403+0000] {processor.py:830} INFO - Processing file /home/airflow/.local/lib/python3.12/site-packages/airflow/example_dags/example_task_group.py for tasks to queue
[2026-05-07T06:16:59.405+0000] {logging_mixin.py:188} INFO - [2026-05-07T06:16:59.404+0000] {dagbag.py:545} INFO - Filling up the DagBag from /home/airflow/.local/lib/python3.12/site-packages/airflow/example_dags/example_task_group.py
[2026-05-07T06:16:59.422+0000] {processor.py:840} INFO - DAG(s) 'example_task_group' retrieved from /home/airflow/.local/lib/python3.12/site-packages/airflow/example_dags/example_task_group.py
[2026-05-07T06:16:59.458+0000] {logging_mixin.py:188} INFO - [2026-05-07T06:16:59.458+0000] {dag.py:3089} INFO - Sync 1 DAGs
[2026-05-07T06:16:59.494+0000] {logging_mixin.py:188} INFO - [2026-05-07T06:16:59.493+0000] {dag.py:3947} INFO - Setting next_dagrun for example_task_group to 2026-05-06 00:00:00+00:00, run_after=2026-05-07 00:00:00+00:00
[2026-05-07T06:16:59.555+0000] {processor.py:183} INFO - Processing /home/airflow/.local/lib/python3.12/site-packages/airflow/example_dags/example_task_group.py took 0.166 seconds
[2026-05-07T06:17:30.178+0000] {processor.py:161} INFO - Started process (PID=13797) to work on /home/airflow/.local/lib/python3.12/site-packages/airflow/example_dags/example_task_group.py
[2026-05-07T06:17:30.180+0000] {processor.py:830} INFO - Processing file /home/airflow/.local/lib/python3.12/site-packages/airflow/example_dags/example_task_group.py for tasks to queue
[2026-05-07T06:17:30.181+0000] {logging_mixin.py:188} INFO - [2026-05-07T06:17:30.181+0000] {dagbag.py:545} INFO - Filling up the DagBag from /home/airflow/.local/lib/python3.12/site-packages/airflow/example_dags/example_task_group.py
[2026-05-07T06:17:30.193+0000] {processor.py:840} INFO - DAG(s) 'example_task_group' retrieved from /home/airflow/.local/lib/python3.12/site-packages/airflow/example_dags/example_task_group.py
[2026-05-07T06:17:30.232+0000] {logging_mixin.py:188} INFO - [2026-05-07T06:17:30.231+0000] {dag.py:3089} INFO - Sync 1 DAGs
[2026-05-07T06:17:30.267+0000] {logging_mixin.py:188} INFO - [2026-05-07T06:17:30.267+0000] {dag.py:3947} INFO - Setting next_dagrun for example_task_group to 2026-05-06 00:00:00+00:00, run_after=2026-05-07 00:00:00+00:00
[2026-05-07T06:17:30.335+0000] {processor.py:183} INFO - Processing /home/airflow/.local/lib/python3.12/site-packages/airflow/example_dags/example_task_group.py took 0.168 seconds
[2026-05-07T06:18:00.650+0000] {processor.py:161} INFO - Started process (PID=13866) to work on /home/airflow/.local/lib/python3.12/site-packages/airflow/example_dags/example_task_group.py
[2026-05-07T06:18:00.652+0000] {processor.py:830} INFO - Processing file /home/airflow/.local/lib/python3.12/site-packages/airflow/example_dags/example_task_group.py for tasks to queue
[2026-05-07T06:18:00.653+0000] {logging_mixin.py:188} INFO - [2026-05-07T06:18:00.652+0000] {dagbag.py:545} INFO - Filling up the DagBag from /home/airflow/.local/lib/python3.12/site-packages/airflow/example_dags/example_task_group.py
[2026-05-07T06:18:00.665+0000] {processor.py:840} INFO - DAG(s) 'example_task_group' retrieved from /home/airflow/.local/lib/python3.12/site-packages/airflow/example_dags/example_task_group.py
[2026-05-07T06:18:00.696+0000] {logging_mixin.py:188} INFO - [2026-05-07T06:18:00.696+0000] {dag.py:3089} INFO - Sync 1 DAGs
[2026-05-07T06:18:00.728+0000] {logging_mixin.py:188} INFO - [2026-05-07T06:18:00.728+0000] {dag.py:3947} INFO - Setting next_dagrun for example_task_group to 2026-05-06 00:00:00+00:00, run_after=2026-05-07 00:00:00+00:00
[2026-05-07T06:18:00.759+0000] {processor.py:183} INFO - Processing /home/airflow/.local/lib/python3.12/site-packages/airflow/example_dags/example_task_group.py took 0.125 seconds
[2026-05-07T06:18:31.441+0000] {processor.py:161} INFO - Started process (PID=13933) to work on /home/airflow/.local/lib/python3.12/site-packages/airflow/example_dags/example_task_group.py
[2026-05-07T06:18:31.444+0000] {processor.py:830} INFO - Processing file /home/airflow/.local/lib/python3.12/site-packages/airflow/example_dags/example_task_group.py for tasks to queue
[2026-05-07T06:18:31.446+0000] {logging_mixin.py:188} INFO - [2026-05-07T06:18:31.445+0000] {dagbag.py:545} INFO - Filling up the DagBag from /home/airflow/.local/lib/python3.12/site-packages/airflow/example_dags/example_task_group.py
[2026-05-07T06:18:31.463+0000] {processor.py:840} INFO - DAG(s) 'example_task_group' retrieved from /home/airflow/.local/lib/python3.12/site-packages/airflow/example_dags/example_task_group.py
[2026-05-07T06:18:31.503+0000] {logging_mixin.py:188} INFO - [2026-05-07T06:18:31.503+0000] {dag.py:3089} INFO - Sync 1 DAGs
[2026-05-07T06:18:31.536+0000] {logging_mixin.py:188} INFO - [2026-05-07T06:18:31.535+0000] {dag.py:3947} INFO - Setting next_dagrun for example_task_group to 2026-05-06 00:00:00+00:00, run_after=2026-05-07 00:00:00+00:00
[2026-05-07T06:18:31.602+0000] {processor.py:183} INFO - Processing /home/airflow/.local/lib/python3.12/site-packages/airflow/example_dags/example_task_group.py took 0.171 seconds
[2026-05-07T06:19:01.769+0000] {processor.py:161} INFO - Started process (PID=14008) to work on /home/airflow/.local/lib/python3.12/site-packages/airflow/example_dags/example_task_group.py
[2026-05-07T06:19:01.771+0000] {processor.py:830} INFO - Processing file /home/airflow/.local/lib/python3.12/site-packages/airflow/example_dags/example_task_group.py for tasks to queue
[2026-05-07T06:19:01.773+0000] {logging_mixin.py:188} INFO - [2026-05-07T06:19:01.773+0000] {dagbag.py:545} INFO - Filling up the DagBag from /home/airflow/.local/lib/python3.12/site-packages/airflow/example_dags/example_task_group.py
[2026-05-07T06:19:01.787+0000] {processor.py:840} INFO - DAG(s) 'example_task_group' retrieved from /home/airflow/.local/lib/python3.12/site-packages/airflow/example_dags/example_task_group.py
[2026-05-07T06:19:01.825+0000] {logging_mixin.py:188} INFO - [2026-05-07T06:19:01.824+0000] {dag.py:3089} INFO - Sync 1 DAGs
[2026-05-07T06:19:01.859+0000] {logging_mixin.py:188} INFO - [2026-05-07T06:19:01.859+0000] {dag.py:3947} INFO - Setting next_dagrun for example_task_group to 2026-05-06 00:00:00+00:00, run_after=2026-05-07 00:00:00+00:00
[2026-05-07T06:19:02.074+0000] {processor.py:183} INFO - Processing /home/airflow/.local/lib/python3.12/site-packages/airflow/example_dags/example_task_group.py took 0.314 seconds
[2026-05-07T06:19:32.264+0000] {processor.py:161} INFO - Started process (PID=14076) to work on /home/airflow/.local/lib/python3.12/site-packages/airflow/example_dags/example_task_group.py
[2026-05-07T06:19:32.267+0000] {processor.py:830} INFO - Processing file /home/airflow/.local/lib/python3.12/site-packages/airflow/example_dags/example_task_group.py for tasks to queue
[2026-05-07T06:19:32.270+0000] {logging_mixin.py:188} INFO - [2026-05-07T06:19:32.269+0000] {dagbag.py:545} INFO - Filling up the DagBag from /home/airflow/.local/lib/python3.12/site-packages/airflow/example_dags/example_task_group.py
[2026-05-07T06:19:32.285+0000] {processor.py:840} INFO - DAG(s) 'example_task_group' retrieved from /home/airflow/.local/lib/python3.12/site-packages/airflow/example_dags/example_task_group.py
[2026-05-07T06:19:32.321+0000] {logging_mixin.py:188} INFO - [2026-05-07T06:19:32.320+0000] {dag.py:3089} INFO - Sync 1 DAGs
[2026-05-07T06:19:32.356+0000] {logging_mixin.py:188} INFO - [2026-05-07T06:19:32.356+0000] {dag.py:3947} INFO - Setting next_dagrun for example_task_group to 2026-05-06 00:00:00+00:00, run_after=2026-05-07 00:00:00+00:00
[2026-05-07T06:19:32.395+0000] {processor.py:183} INFO - Processing /home/airflow/.local/lib/python3.12/site-packages/airflow/example_dags/example_task_group.py took 0.143 seconds
[2026-05-07T06:20:02.803+0000] {processor.py:161} INFO - Started process (PID=14144) to work on /home/airflow/.local/lib/python3.12/site-packages/airflow/example_dags/example_task_group.py
[2026-05-07T06:20:02.808+0000] {processor.py:830} INFO - Processing file /home/airflow/.local/lib/python3.12/site-packages/airflow/example_dags/example_task_group.py for tasks to queue
[2026-05-07T06:20:02.810+0000] {logging_mixin.py:188} INFO - [2026-05-07T06:20:02.809+0000] {dagbag.py:545} INFO - Filling up the DagBag from /home/airflow/.local/lib/python3.12/site-packages/airflow/example_dags/example_task_group.py
[2026-05-07T06:20:02.834+0000] {processor.py:840} INFO - DAG(s) 'example_task_group' retrieved from /home/airflow/.local/lib/python3.12/site-packages/airflow/example_dags/example_task_group.py
[2026-05-07T06:20:02.873+0000] {logging_mixin.py:188} INFO - [2026-05-07T06:20:02.873+0000] {dag.py:3089} INFO - Sync 1 DAGs
[2026-05-07T06:20:02.905+0000] {logging_mixin.py:188} INFO - [2026-05-07T06:20:02.905+0000] {dag.py:3947} INFO - Setting next_dagrun for example_task_group to 2026-05-06 00:00:00+00:00, run_after=2026-05-07 00:00:00+00:00
[2026-05-07T06:20:02.967+0000] {processor.py:183} INFO - Processing /home/airflow/.local/lib/python3.12/site-packages/airflow/example_dags/example_task_group.py took 0.174 seconds
