[2026-05-07T04:50:06.087+0000] {processor.py:161} INFO - Started process (PID=11953) to work on /home/airflow/.local/lib/python3.12/site-packages/airflow/example_dags/example_branch_labels.py
[2026-05-07T04:50:06.089+0000] {processor.py:830} INFO - Processing file /home/airflow/.local/lib/python3.12/site-packages/airflow/example_dags/example_branch_labels.py for tasks to queue
[2026-05-07T04:50:06.090+0000] {logging_mixin.py:188} INFO - [2026-05-07T04:50:06.090+0000] {dagbag.py:545} INFO - Filling up the DagBag from /home/airflow/.local/lib/python3.12/site-packages/airflow/example_dags/example_branch_labels.py
[2026-05-07T04:50:06.100+0000] {processor.py:840} INFO - DAG(s) 'example_branch_labels' retrieved from /home/airflow/.local/lib/python3.12/site-packages/airflow/example_dags/example_branch_labels.py
[2026-05-07T04:50:06.125+0000] {logging_mixin.py:188} INFO - [2026-05-07T04:50:06.125+0000] {dag.py:3089} INFO - Sync 1 DAGs
[2026-05-07T04:50:06.154+0000] {logging_mixin.py:188} INFO - [2026-05-07T04:50:06.153+0000] {dag.py:3947} INFO - Setting next_dagrun for example_branch_labels to 2026-05-06 00:00:00+00:00, run_after=2026-05-07 00:00:00+00:00
[2026-05-07T04:50:06.184+0000] {processor.py:183} INFO - Processing /home/airflow/.local/lib/python3.12/site-packages/airflow/example_dags/example_branch_labels.py took 0.106 seconds
[2026-05-07T04:50:37.378+0000] {processor.py:161} INFO - Started process (PID=12021) to work on /home/airflow/.local/lib/python3.12/site-packages/airflow/example_dags/example_branch_labels.py
[2026-05-07T04:50:37.380+0000] {processor.py:830} INFO - Processing file /home/airflow/.local/lib/python3.12/site-packages/airflow/example_dags/example_branch_labels.py for tasks to queue
[2026-05-07T04:50:37.382+0000] {logging_mixin.py:188} INFO - [2026-05-07T04:50:37.381+0000] {dagbag.py:545} INFO - Filling up the DagBag from /home/airflow/.local/lib/python3.12/site-packages/airflow/example_dags/example_branch_labels.py
[2026-05-07T04:50:37.392+0000] {processor.py:840} INFO - DAG(s) 'example_branch_labels' retrieved from /home/airflow/.local/lib/python3.12/site-packages/airflow/example_dags/example_branch_labels.py
[2026-05-07T04:50:37.420+0000] {logging_mixin.py:188} INFO - [2026-05-07T04:50:37.419+0000] {dag.py:3089} INFO - Sync 1 DAGs
[2026-05-07T04:50:37.445+0000] {logging_mixin.py:188} INFO - [2026-05-07T04:50:37.445+0000] {dag.py:3947} INFO - Setting next_dagrun for example_branch_labels to 2026-05-06 00:00:00+00:00, run_after=2026-05-07 00:00:00+00:00
[2026-05-07T04:50:37.473+0000] {processor.py:183} INFO - Processing /home/airflow/.local/lib/python3.12/site-packages/airflow/example_dags/example_branch_labels.py took 0.106 seconds
[2026-05-07T04:51:07.800+0000] {processor.py:161} INFO - Started process (PID=12096) to work on /home/airflow/.local/lib/python3.12/site-packages/airflow/example_dags/example_branch_labels.py
[2026-05-07T04:51:07.802+0000] {processor.py:830} INFO - Processing file /home/airflow/.local/lib/python3.12/site-packages/airflow/example_dags/example_branch_labels.py for tasks to queue
[2026-05-07T04:51:07.803+0000] {logging_mixin.py:188} INFO - [2026-05-07T04:51:07.803+0000] {dagbag.py:545} INFO - Filling up the DagBag from /home/airflow/.local/lib/python3.12/site-packages/airflow/example_dags/example_branch_labels.py
[2026-05-07T04:51:07.815+0000] {processor.py:840} INFO - DAG(s) 'example_branch_labels' retrieved from /home/airflow/.local/lib/python3.12/site-packages/airflow/example_dags/example_branch_labels.py
[2026-05-07T04:51:07.843+0000] {logging_mixin.py:188} INFO - [2026-05-07T04:51:07.842+0000] {dag.py:3089} INFO - Sync 1 DAGs
[2026-05-07T04:51:07.870+0000] {logging_mixin.py:188} INFO - [2026-05-07T04:51:07.870+0000] {dag.py:3947} INFO - Setting next_dagrun for example_branch_labels to 2026-05-06 00:00:00+00:00, run_after=2026-05-07 00:00:00+00:00
[2026-05-07T04:51:07.888+0000] {processor.py:183} INFO - Processing /home/airflow/.local/lib/python3.12/site-packages/airflow/example_dags/example_branch_labels.py took 0.098 seconds
[2026-05-07T04:51:38.183+0000] {processor.py:161} INFO - Started process (PID=12164) to work on /home/airflow/.local/lib/python3.12/site-packages/airflow/example_dags/example_branch_labels.py
[2026-05-07T04:51:38.185+0000] {processor.py:830} INFO - Processing file /home/airflow/.local/lib/python3.12/site-packages/airflow/example_dags/example_branch_labels.py for tasks to queue
[2026-05-07T04:51:38.186+0000] {logging_mixin.py:188} INFO - [2026-05-07T04:51:38.186+0000] {dagbag.py:545} INFO - Filling up the DagBag from /home/airflow/.local/lib/python3.12/site-packages/airflow/example_dags/example_branch_labels.py
[2026-05-07T04:51:38.194+0000] {processor.py:840} INFO - DAG(s) 'example_branch_labels' retrieved from /home/airflow/.local/lib/python3.12/site-packages/airflow/example_dags/example_branch_labels.py
[2026-05-07T04:51:38.219+0000] {logging_mixin.py:188} INFO - [2026-05-07T04:51:38.218+0000] {dag.py:3089} INFO - Sync 1 DAGs
[2026-05-07T04:51:38.240+0000] {logging_mixin.py:188} INFO - [2026-05-07T04:51:38.240+0000] {dag.py:3947} INFO - Setting next_dagrun for example_branch_labels to 2026-05-06 00:00:00+00:00, run_after=2026-05-07 00:00:00+00:00
[2026-05-07T04:51:38.263+0000] {processor.py:183} INFO - Processing /home/airflow/.local/lib/python3.12/site-packages/airflow/example_dags/example_branch_labels.py took 0.091 seconds
[2026-05-07T04:52:09.479+0000] {processor.py:161} INFO - Started process (PID=12239) to work on /home/airflow/.local/lib/python3.12/site-packages/airflow/example_dags/example_branch_labels.py
[2026-05-07T04:52:09.480+0000] {processor.py:830} INFO - Processing file /home/airflow/.local/lib/python3.12/site-packages/airflow/example_dags/example_branch_labels.py for tasks to queue
[2026-05-07T04:52:09.481+0000] {logging_mixin.py:188} INFO - [2026-05-07T04:52:09.481+0000] {dagbag.py:545} INFO - Filling up the DagBag from /home/airflow/.local/lib/python3.12/site-packages/airflow/example_dags/example_branch_labels.py
[2026-05-07T04:52:09.490+0000] {processor.py:840} INFO - DAG(s) 'example_branch_labels' retrieved from /home/airflow/.local/lib/python3.12/site-packages/airflow/example_dags/example_branch_labels.py
[2026-05-07T04:52:09.513+0000] {logging_mixin.py:188} INFO - [2026-05-07T04:52:09.512+0000] {dag.py:3089} INFO - Sync 1 DAGs
[2026-05-07T04:52:09.537+0000] {logging_mixin.py:188} INFO - [2026-05-07T04:52:09.536+0000] {dag.py:3947} INFO - Setting next_dagrun for example_branch_labels to 2026-05-06 00:00:00+00:00, run_after=2026-05-07 00:00:00+00:00
[2026-05-07T04:52:09.559+0000] {processor.py:183} INFO - Processing /home/airflow/.local/lib/python3.12/site-packages/airflow/example_dags/example_branch_labels.py took 0.089 seconds
[2026-05-07T04:52:40.133+0000] {processor.py:161} INFO - Started process (PID=12307) to work on /home/airflow/.local/lib/python3.12/site-packages/airflow/example_dags/example_branch_labels.py
[2026-05-07T04:52:40.134+0000] {processor.py:830} INFO - Processing file /home/airflow/.local/lib/python3.12/site-packages/airflow/example_dags/example_branch_labels.py for tasks to queue
[2026-05-07T04:52:40.136+0000] {logging_mixin.py:188} INFO - [2026-05-07T04:52:40.135+0000] {dagbag.py:545} INFO - Filling up the DagBag from /home/airflow/.local/lib/python3.12/site-packages/airflow/example_dags/example_branch_labels.py
[2026-05-07T04:52:40.147+0000] {processor.py:840} INFO - DAG(s) 'example_branch_labels' retrieved from /home/airflow/.local/lib/python3.12/site-packages/airflow/example_dags/example_branch_labels.py
[2026-05-07T04:52:40.180+0000] {logging_mixin.py:188} INFO - [2026-05-07T04:52:40.180+0000] {dag.py:3089} INFO - Sync 1 DAGs
[2026-05-07T04:52:40.206+0000] {logging_mixin.py:188} INFO - [2026-05-07T04:52:40.206+0000] {dag.py:3947} INFO - Setting next_dagrun for example_branch_labels to 2026-05-06 00:00:00+00:00, run_after=2026-05-07 00:00:00+00:00
[2026-05-07T04:52:40.234+0000] {processor.py:183} INFO - Processing /home/airflow/.local/lib/python3.12/site-packages/airflow/example_dags/example_branch_labels.py took 0.108 seconds
[2026-05-07T04:53:10.640+0000] {processor.py:161} INFO - Started process (PID=12382) to work on /home/airflow/.local/lib/python3.12/site-packages/airflow/example_dags/example_branch_labels.py
[2026-05-07T04:53:10.641+0000] {processor.py:830} INFO - Processing file /home/airflow/.local/lib/python3.12/site-packages/airflow/example_dags/example_branch_labels.py for tasks to queue
[2026-05-07T04:53:10.642+0000] {logging_mixin.py:188} INFO - [2026-05-07T04:53:10.642+0000] {dagbag.py:545} INFO - Filling up the DagBag from /home/airflow/.local/lib/python3.12/site-packages/airflow/example_dags/example_branch_labels.py
[2026-05-07T04:53:10.652+0000] {processor.py:840} INFO - DAG(s) 'example_branch_labels' retrieved from /home/airflow/.local/lib/python3.12/site-packages/airflow/example_dags/example_branch_labels.py
[2026-05-07T04:53:10.686+0000] {logging_mixin.py:188} INFO - [2026-05-07T04:53:10.685+0000] {dag.py:3089} INFO - Sync 1 DAGs
[2026-05-07T04:53:10.719+0000] {logging_mixin.py:188} INFO - [2026-05-07T04:53:10.718+0000] {dag.py:3947} INFO - Setting next_dagrun for example_branch_labels to 2026-05-06 00:00:00+00:00, run_after=2026-05-07 00:00:00+00:00
[2026-05-07T04:53:10.745+0000] {processor.py:183} INFO - Processing /home/airflow/.local/lib/python3.12/site-packages/airflow/example_dags/example_branch_labels.py took 0.114 seconds
[2026-05-07T05:20:12.682+0000] {processor.py:161} INFO - Started process (PID=12432) to work on /home/airflow/.local/lib/python3.12/site-packages/airflow/example_dags/example_branch_labels.py
[2026-05-07T05:20:12.684+0000] {processor.py:830} INFO - Processing file /home/airflow/.local/lib/python3.12/site-packages/airflow/example_dags/example_branch_labels.py for tasks to queue
[2026-05-07T05:20:12.685+0000] {logging_mixin.py:188} INFO - [2026-05-07T05:20:12.685+0000] {dagbag.py:545} INFO - Filling up the DagBag from /home/airflow/.local/lib/python3.12/site-packages/airflow/example_dags/example_branch_labels.py
[2026-05-07T05:20:12.691+0000] {processor.py:840} INFO - DAG(s) 'example_branch_labels' retrieved from /home/airflow/.local/lib/python3.12/site-packages/airflow/example_dags/example_branch_labels.py
[2026-05-07T05:20:12.715+0000] {logging_mixin.py:188} INFO - [2026-05-07T05:20:12.714+0000] {dag.py:3089} INFO - Sync 1 DAGs
[2026-05-07T05:20:12.731+0000] {logging_mixin.py:188} INFO - [2026-05-07T05:20:12.730+0000] {dag.py:3947} INFO - Setting next_dagrun for example_branch_labels to 2026-05-06 00:00:00+00:00, run_after=2026-05-07 00:00:00+00:00
[2026-05-07T05:20:12.752+0000] {processor.py:183} INFO - Processing /home/airflow/.local/lib/python3.12/site-packages/airflow/example_dags/example_branch_labels.py took 0.074 seconds
[2026-05-07T06:07:47.593+0000] {processor.py:161} INFO - Started process (PID=12507) to work on /home/airflow/.local/lib/python3.12/site-packages/airflow/example_dags/example_branch_labels.py
[2026-05-07T06:07:47.596+0000] {processor.py:830} INFO - Processing file /home/airflow/.local/lib/python3.12/site-packages/airflow/example_dags/example_branch_labels.py for tasks to queue
[2026-05-07T06:07:47.599+0000] {logging_mixin.py:188} INFO - [2026-05-07T06:07:47.598+0000] {dagbag.py:545} INFO - Filling up the DagBag from /home/airflow/.local/lib/python3.12/site-packages/airflow/example_dags/example_branch_labels.py
[2026-05-07T06:07:47.615+0000] {processor.py:840} INFO - DAG(s) 'example_branch_labels' retrieved from /home/airflow/.local/lib/python3.12/site-packages/airflow/example_dags/example_branch_labels.py
[2026-05-07T06:07:47.653+0000] {logging_mixin.py:188} INFO - [2026-05-07T06:07:47.653+0000] {dag.py:3089} INFO - Sync 1 DAGs
[2026-05-07T06:07:47.691+0000] {logging_mixin.py:188} INFO - [2026-05-07T06:07:47.691+0000] {dag.py:3947} INFO - Setting next_dagrun for example_branch_labels to 2026-05-06 00:00:00+00:00, run_after=2026-05-07 00:00:00+00:00
[2026-05-07T06:07:47.726+0000] {processor.py:183} INFO - Processing /home/airflow/.local/lib/python3.12/site-packages/airflow/example_dags/example_branch_labels.py took 0.145 seconds
[2026-05-07T06:08:18.890+0000] {processor.py:161} INFO - Started process (PID=12575) to work on /home/airflow/.local/lib/python3.12/site-packages/airflow/example_dags/example_branch_labels.py
[2026-05-07T06:08:18.892+0000] {processor.py:830} INFO - Processing file /home/airflow/.local/lib/python3.12/site-packages/airflow/example_dags/example_branch_labels.py for tasks to queue
[2026-05-07T06:08:18.893+0000] {logging_mixin.py:188} INFO - [2026-05-07T06:08:18.893+0000] {dagbag.py:545} INFO - Filling up the DagBag from /home/airflow/.local/lib/python3.12/site-packages/airflow/example_dags/example_branch_labels.py
[2026-05-07T06:08:18.905+0000] {processor.py:840} INFO - DAG(s) 'example_branch_labels' retrieved from /home/airflow/.local/lib/python3.12/site-packages/airflow/example_dags/example_branch_labels.py
[2026-05-07T06:08:18.945+0000] {logging_mixin.py:188} INFO - [2026-05-07T06:08:18.944+0000] {dag.py:3089} INFO - Sync 1 DAGs
[2026-05-07T06:08:18.980+0000] {logging_mixin.py:188} INFO - [2026-05-07T06:08:18.980+0000] {dag.py:3947} INFO - Setting next_dagrun for example_branch_labels to 2026-05-06 00:00:00+00:00, run_after=2026-05-07 00:00:00+00:00
[2026-05-07T06:08:19.017+0000] {processor.py:183} INFO - Processing /home/airflow/.local/lib/python3.12/site-packages/airflow/example_dags/example_branch_labels.py took 0.139 seconds
[2026-05-07T06:08:50.013+0000] {processor.py:161} INFO - Started process (PID=12643) to work on /home/airflow/.local/lib/python3.12/site-packages/airflow/example_dags/example_branch_labels.py
[2026-05-07T06:08:50.015+0000] {processor.py:830} INFO - Processing file /home/airflow/.local/lib/python3.12/site-packages/airflow/example_dags/example_branch_labels.py for tasks to queue
[2026-05-07T06:08:50.016+0000] {logging_mixin.py:188} INFO - [2026-05-07T06:08:50.016+0000] {dagbag.py:545} INFO - Filling up the DagBag from /home/airflow/.local/lib/python3.12/site-packages/airflow/example_dags/example_branch_labels.py
[2026-05-07T06:08:50.027+0000] {processor.py:840} INFO - DAG(s) 'example_branch_labels' retrieved from /home/airflow/.local/lib/python3.12/site-packages/airflow/example_dags/example_branch_labels.py
[2026-05-07T06:08:50.063+0000] {logging_mixin.py:188} INFO - [2026-05-07T06:08:50.063+0000] {dag.py:3089} INFO - Sync 1 DAGs
[2026-05-07T06:08:50.099+0000] {logging_mixin.py:188} INFO - [2026-05-07T06:08:50.099+0000] {dag.py:3947} INFO - Setting next_dagrun for example_branch_labels to 2026-05-06 00:00:00+00:00, run_after=2026-05-07 00:00:00+00:00
[2026-05-07T06:08:50.137+0000] {processor.py:183} INFO - Processing /home/airflow/.local/lib/python3.12/site-packages/airflow/example_dags/example_branch_labels.py took 0.136 seconds
[2026-05-07T06:09:21.996+0000] {processor.py:161} INFO - Started process (PID=12711) to work on /home/airflow/.local/lib/python3.12/site-packages/airflow/example_dags/example_branch_labels.py
[2026-05-07T06:09:21.998+0000] {processor.py:830} INFO - Processing file /home/airflow/.local/lib/python3.12/site-packages/airflow/example_dags/example_branch_labels.py for tasks to queue
[2026-05-07T06:09:22.000+0000] {logging_mixin.py:188} INFO - [2026-05-07T06:09:22.000+0000] {dagbag.py:545} INFO - Filling up the DagBag from /home/airflow/.local/lib/python3.12/site-packages/airflow/example_dags/example_branch_labels.py
[2026-05-07T06:09:22.015+0000] {processor.py:840} INFO - DAG(s) 'example_branch_labels' retrieved from /home/airflow/.local/lib/python3.12/site-packages/airflow/example_dags/example_branch_labels.py
[2026-05-07T06:09:22.058+0000] {logging_mixin.py:188} INFO - [2026-05-07T06:09:22.057+0000] {dag.py:3089} INFO - Sync 1 DAGs
[2026-05-07T06:09:22.105+0000] {logging_mixin.py:188} INFO - [2026-05-07T06:09:22.104+0000] {dag.py:3947} INFO - Setting next_dagrun for example_branch_labels to 2026-05-06 00:00:00+00:00, run_after=2026-05-07 00:00:00+00:00
[2026-05-07T06:09:22.151+0000] {processor.py:183} INFO - Processing /home/airflow/.local/lib/python3.12/site-packages/airflow/example_dags/example_branch_labels.py took 0.166 seconds
[2026-05-07T06:09:53.018+0000] {processor.py:161} INFO - Started process (PID=12786) to work on /home/airflow/.local/lib/python3.12/site-packages/airflow/example_dags/example_branch_labels.py
[2026-05-07T06:09:53.020+0000] {processor.py:830} INFO - Processing file /home/airflow/.local/lib/python3.12/site-packages/airflow/example_dags/example_branch_labels.py for tasks to queue
[2026-05-07T06:09:53.023+0000] {logging_mixin.py:188} INFO - [2026-05-07T06:09:53.023+0000] {dagbag.py:545} INFO - Filling up the DagBag from /home/airflow/.local/lib/python3.12/site-packages/airflow/example_dags/example_branch_labels.py
[2026-05-07T06:09:53.039+0000] {processor.py:840} INFO - DAG(s) 'example_branch_labels' retrieved from /home/airflow/.local/lib/python3.12/site-packages/airflow/example_dags/example_branch_labels.py
[2026-05-07T06:09:53.076+0000] {logging_mixin.py:188} INFO - [2026-05-07T06:09:53.076+0000] {dag.py:3089} INFO - Sync 1 DAGs
[2026-05-07T06:09:53.109+0000] {logging_mixin.py:188} INFO - [2026-05-07T06:09:53.108+0000] {dag.py:3947} INFO - Setting next_dagrun for example_branch_labels to 2026-05-06 00:00:00+00:00, run_after=2026-05-07 00:00:00+00:00
[2026-05-07T06:09:53.164+0000] {processor.py:183} INFO - Processing /home/airflow/.local/lib/python3.12/site-packages/airflow/example_dags/example_branch_labels.py took 0.160 seconds
[2026-05-07T06:10:24.108+0000] {processor.py:161} INFO - Started process (PID=12854) to work on /home/airflow/.local/lib/python3.12/site-packages/airflow/example_dags/example_branch_labels.py
[2026-05-07T06:10:24.120+0000] {processor.py:830} INFO - Processing file /home/airflow/.local/lib/python3.12/site-packages/airflow/example_dags/example_branch_labels.py for tasks to queue
[2026-05-07T06:10:24.122+0000] {logging_mixin.py:188} INFO - [2026-05-07T06:10:24.121+0000] {dagbag.py:545} INFO - Filling up the DagBag from /home/airflow/.local/lib/python3.12/site-packages/airflow/example_dags/example_branch_labels.py
[2026-05-07T06:10:24.135+0000] {processor.py:840} INFO - DAG(s) 'example_branch_labels' retrieved from /home/airflow/.local/lib/python3.12/site-packages/airflow/example_dags/example_branch_labels.py
[2026-05-07T06:10:24.175+0000] {logging_mixin.py:188} INFO - [2026-05-07T06:10:24.174+0000] {dag.py:3089} INFO - Sync 1 DAGs
[2026-05-07T06:10:24.239+0000] {logging_mixin.py:188} INFO - [2026-05-07T06:10:24.239+0000] {dag.py:3947} INFO - Setting next_dagrun for example_branch_labels to 2026-05-06 00:00:00+00:00, run_after=2026-05-07 00:00:00+00:00
[2026-05-07T06:10:24.291+0000] {processor.py:183} INFO - Processing /home/airflow/.local/lib/python3.12/site-packages/airflow/example_dags/example_branch_labels.py took 0.193 seconds
[2026-05-07T06:10:54.634+0000] {processor.py:161} INFO - Started process (PID=12922) to work on /home/airflow/.local/lib/python3.12/site-packages/airflow/example_dags/example_branch_labels.py
[2026-05-07T06:10:54.636+0000] {processor.py:830} INFO - Processing file /home/airflow/.local/lib/python3.12/site-packages/airflow/example_dags/example_branch_labels.py for tasks to queue
[2026-05-07T06:10:54.638+0000] {logging_mixin.py:188} INFO - [2026-05-07T06:10:54.638+0000] {dagbag.py:545} INFO - Filling up the DagBag from /home/airflow/.local/lib/python3.12/site-packages/airflow/example_dags/example_branch_labels.py
[2026-05-07T06:10:54.651+0000] {processor.py:840} INFO - DAG(s) 'example_branch_labels' retrieved from /home/airflow/.local/lib/python3.12/site-packages/airflow/example_dags/example_branch_labels.py
[2026-05-07T06:10:54.691+0000] {logging_mixin.py:188} INFO - [2026-05-07T06:10:54.691+0000] {dag.py:3089} INFO - Sync 1 DAGs
[2026-05-07T06:10:54.733+0000] {logging_mixin.py:188} INFO - [2026-05-07T06:10:54.733+0000] {dag.py:3947} INFO - Setting next_dagrun for example_branch_labels to 2026-05-06 00:00:00+00:00, run_after=2026-05-07 00:00:00+00:00
[2026-05-07T06:10:54.783+0000] {processor.py:183} INFO - Processing /home/airflow/.local/lib/python3.12/site-packages/airflow/example_dags/example_branch_labels.py took 0.163 seconds
[2026-05-07T06:11:25.240+0000] {processor.py:161} INFO - Started process (PID=12990) to work on /home/airflow/.local/lib/python3.12/site-packages/airflow/example_dags/example_branch_labels.py
[2026-05-07T06:11:25.242+0000] {processor.py:830} INFO - Processing file /home/airflow/.local/lib/python3.12/site-packages/airflow/example_dags/example_branch_labels.py for tasks to queue
[2026-05-07T06:11:25.247+0000] {logging_mixin.py:188} INFO - [2026-05-07T06:11:25.246+0000] {dagbag.py:545} INFO - Filling up the DagBag from /home/airflow/.local/lib/python3.12/site-packages/airflow/example_dags/example_branch_labels.py
[2026-05-07T06:11:25.260+0000] {processor.py:840} INFO - DAG(s) 'example_branch_labels' retrieved from /home/airflow/.local/lib/python3.12/site-packages/airflow/example_dags/example_branch_labels.py
[2026-05-07T06:11:25.312+0000] {logging_mixin.py:188} INFO - [2026-05-07T06:11:25.311+0000] {dag.py:3089} INFO - Sync 1 DAGs
[2026-05-07T06:11:25.368+0000] {logging_mixin.py:188} INFO - [2026-05-07T06:11:25.367+0000] {dag.py:3947} INFO - Setting next_dagrun for example_branch_labels to 2026-05-06 00:00:00+00:00, run_after=2026-05-07 00:00:00+00:00
[2026-05-07T06:11:25.443+0000] {processor.py:183} INFO - Processing /home/airflow/.local/lib/python3.12/site-packages/airflow/example_dags/example_branch_labels.py took 0.210 seconds
[2026-05-07T06:11:55.750+0000] {processor.py:161} INFO - Started process (PID=13058) to work on /home/airflow/.local/lib/python3.12/site-packages/airflow/example_dags/example_branch_labels.py
[2026-05-07T06:11:55.753+0000] {processor.py:830} INFO - Processing file /home/airflow/.local/lib/python3.12/site-packages/airflow/example_dags/example_branch_labels.py for tasks to queue
[2026-05-07T06:11:55.761+0000] {logging_mixin.py:188} INFO - [2026-05-07T06:11:55.760+0000] {dagbag.py:545} INFO - Filling up the DagBag from /home/airflow/.local/lib/python3.12/site-packages/airflow/example_dags/example_branch_labels.py
[2026-05-07T06:11:55.785+0000] {processor.py:840} INFO - DAG(s) 'example_branch_labels' retrieved from /home/airflow/.local/lib/python3.12/site-packages/airflow/example_dags/example_branch_labels.py
[2026-05-07T06:11:55.833+0000] {logging_mixin.py:188} INFO - [2026-05-07T06:11:55.832+0000] {dag.py:3089} INFO - Sync 1 DAGs
[2026-05-07T06:11:55.867+0000] {logging_mixin.py:188} INFO - [2026-05-07T06:11:55.867+0000] {dag.py:3947} INFO - Setting next_dagrun for example_branch_labels to 2026-05-06 00:00:00+00:00, run_after=2026-05-07 00:00:00+00:00
[2026-05-07T06:11:55.906+0000] {processor.py:183} INFO - Processing /home/airflow/.local/lib/python3.12/site-packages/airflow/example_dags/example_branch_labels.py took 0.165 seconds
[2026-05-07T06:12:26.077+0000] {processor.py:161} INFO - Started process (PID=13126) to work on /home/airflow/.local/lib/python3.12/site-packages/airflow/example_dags/example_branch_labels.py
[2026-05-07T06:12:26.084+0000] {processor.py:830} INFO - Processing file /home/airflow/.local/lib/python3.12/site-packages/airflow/example_dags/example_branch_labels.py for tasks to queue
[2026-05-07T06:12:26.087+0000] {logging_mixin.py:188} INFO - [2026-05-07T06:12:26.086+0000] {dagbag.py:545} INFO - Filling up the DagBag from /home/airflow/.local/lib/python3.12/site-packages/airflow/example_dags/example_branch_labels.py
[2026-05-07T06:12:26.102+0000] {processor.py:840} INFO - DAG(s) 'example_branch_labels' retrieved from /home/airflow/.local/lib/python3.12/site-packages/airflow/example_dags/example_branch_labels.py
[2026-05-07T06:12:26.138+0000] {logging_mixin.py:188} INFO - [2026-05-07T06:12:26.138+0000] {dag.py:3089} INFO - Sync 1 DAGs
[2026-05-07T06:12:26.171+0000] {logging_mixin.py:188} INFO - [2026-05-07T06:12:26.170+0000] {dag.py:3947} INFO - Setting next_dagrun for example_branch_labels to 2026-05-06 00:00:00+00:00, run_after=2026-05-07 00:00:00+00:00
[2026-05-07T06:12:26.206+0000] {processor.py:183} INFO - Processing /home/airflow/.local/lib/python3.12/site-packages/airflow/example_dags/example_branch_labels.py took 0.138 seconds
[2026-05-07T06:12:57.217+0000] {processor.py:161} INFO - Started process (PID=13201) to work on /home/airflow/.local/lib/python3.12/site-packages/airflow/example_dags/example_branch_labels.py
[2026-05-07T06:12:57.219+0000] {processor.py:830} INFO - Processing file /home/airflow/.local/lib/python3.12/site-packages/airflow/example_dags/example_branch_labels.py for tasks to queue
[2026-05-07T06:12:57.221+0000] {logging_mixin.py:188} INFO - [2026-05-07T06:12:57.221+0000] {dagbag.py:545} INFO - Filling up the DagBag from /home/airflow/.local/lib/python3.12/site-packages/airflow/example_dags/example_branch_labels.py
[2026-05-07T06:12:57.233+0000] {processor.py:840} INFO - DAG(s) 'example_branch_labels' retrieved from /home/airflow/.local/lib/python3.12/site-packages/airflow/example_dags/example_branch_labels.py
[2026-05-07T06:12:57.275+0000] {logging_mixin.py:188} INFO - [2026-05-07T06:12:57.275+0000] {dag.py:3089} INFO - Sync 1 DAGs
[2026-05-07T06:12:57.321+0000] {logging_mixin.py:188} INFO - [2026-05-07T06:12:57.320+0000] {dag.py:3947} INFO - Setting next_dagrun for example_branch_labels to 2026-05-06 00:00:00+00:00, run_after=2026-05-07 00:00:00+00:00
[2026-05-07T06:12:57.383+0000] {processor.py:183} INFO - Processing /home/airflow/.local/lib/python3.12/site-packages/airflow/example_dags/example_branch_labels.py took 0.176 seconds
[2026-05-07T06:13:27.848+0000] {processor.py:161} INFO - Started process (PID=13268) to work on /home/airflow/.local/lib/python3.12/site-packages/airflow/example_dags/example_branch_labels.py
[2026-05-07T06:13:27.851+0000] {processor.py:830} INFO - Processing file /home/airflow/.local/lib/python3.12/site-packages/airflow/example_dags/example_branch_labels.py for tasks to queue
[2026-05-07T06:13:27.852+0000] {logging_mixin.py:188} INFO - [2026-05-07T06:13:27.852+0000] {dagbag.py:545} INFO - Filling up the DagBag from /home/airflow/.local/lib/python3.12/site-packages/airflow/example_dags/example_branch_labels.py
[2026-05-07T06:13:27.867+0000] {processor.py:840} INFO - DAG(s) 'example_branch_labels' retrieved from /home/airflow/.local/lib/python3.12/site-packages/airflow/example_dags/example_branch_labels.py
[2026-05-07T06:13:27.906+0000] {logging_mixin.py:188} INFO - [2026-05-07T06:13:27.906+0000] {dag.py:3089} INFO - Sync 1 DAGs
[2026-05-07T06:13:27.949+0000] {logging_mixin.py:188} INFO - [2026-05-07T06:13:27.948+0000] {dag.py:3947} INFO - Setting next_dagrun for example_branch_labels to 2026-05-06 00:00:00+00:00, run_after=2026-05-07 00:00:00+00:00
[2026-05-07T06:13:27.987+0000] {processor.py:183} INFO - Processing /home/airflow/.local/lib/python3.12/site-packages/airflow/example_dags/example_branch_labels.py took 0.152 seconds
[2026-05-07T06:13:58.973+0000] {processor.py:161} INFO - Started process (PID=13336) to work on /home/airflow/.local/lib/python3.12/site-packages/airflow/example_dags/example_branch_labels.py
[2026-05-07T06:13:58.975+0000] {processor.py:830} INFO - Processing file /home/airflow/.local/lib/python3.12/site-packages/airflow/example_dags/example_branch_labels.py for tasks to queue
[2026-05-07T06:13:58.977+0000] {logging_mixin.py:188} INFO - [2026-05-07T06:13:58.976+0000] {dagbag.py:545} INFO - Filling up the DagBag from /home/airflow/.local/lib/python3.12/site-packages/airflow/example_dags/example_branch_labels.py
[2026-05-07T06:13:58.990+0000] {processor.py:840} INFO - DAG(s) 'example_branch_labels' retrieved from /home/airflow/.local/lib/python3.12/site-packages/airflow/example_dags/example_branch_labels.py
[2026-05-07T06:13:59.029+0000] {logging_mixin.py:188} INFO - [2026-05-07T06:13:59.029+0000] {dag.py:3089} INFO - Sync 1 DAGs
[2026-05-07T06:13:59.071+0000] {logging_mixin.py:188} INFO - [2026-05-07T06:13:59.070+0000] {dag.py:3947} INFO - Setting next_dagrun for example_branch_labels to 2026-05-06 00:00:00+00:00, run_after=2026-05-07 00:00:00+00:00
[2026-05-07T06:13:59.132+0000] {processor.py:183} INFO - Processing /home/airflow/.local/lib/python3.12/site-packages/airflow/example_dags/example_branch_labels.py took 0.170 seconds
[2026-05-07T06:14:29.919+0000] {processor.py:161} INFO - Started process (PID=13404) to work on /home/airflow/.local/lib/python3.12/site-packages/airflow/example_dags/example_branch_labels.py
[2026-05-07T06:14:29.921+0000] {processor.py:830} INFO - Processing file /home/airflow/.local/lib/python3.12/site-packages/airflow/example_dags/example_branch_labels.py for tasks to queue
[2026-05-07T06:14:29.922+0000] {logging_mixin.py:188} INFO - [2026-05-07T06:14:29.922+0000] {dagbag.py:545} INFO - Filling up the DagBag from /home/airflow/.local/lib/python3.12/site-packages/airflow/example_dags/example_branch_labels.py
[2026-05-07T06:14:29.933+0000] {processor.py:840} INFO - DAG(s) 'example_branch_labels' retrieved from /home/airflow/.local/lib/python3.12/site-packages/airflow/example_dags/example_branch_labels.py
[2026-05-07T06:14:29.967+0000] {logging_mixin.py:188} INFO - [2026-05-07T06:14:29.967+0000] {dag.py:3089} INFO - Sync 1 DAGs
[2026-05-07T06:14:29.999+0000] {logging_mixin.py:188} INFO - [2026-05-07T06:14:29.999+0000] {dag.py:3947} INFO - Setting next_dagrun for example_branch_labels to 2026-05-06 00:00:00+00:00, run_after=2026-05-07 00:00:00+00:00
[2026-05-07T06:14:30.027+0000] {processor.py:183} INFO - Processing /home/airflow/.local/lib/python3.12/site-packages/airflow/example_dags/example_branch_labels.py took 0.117 seconds
[2026-05-07T06:15:01.042+0000] {processor.py:161} INFO - Started process (PID=13472) to work on /home/airflow/.local/lib/python3.12/site-packages/airflow/example_dags/example_branch_labels.py
[2026-05-07T06:15:01.052+0000] {processor.py:830} INFO - Processing file /home/airflow/.local/lib/python3.12/site-packages/airflow/example_dags/example_branch_labels.py for tasks to queue
[2026-05-07T06:15:01.054+0000] {logging_mixin.py:188} INFO - [2026-05-07T06:15:01.053+0000] {dagbag.py:545} INFO - Filling up the DagBag from /home/airflow/.local/lib/python3.12/site-packages/airflow/example_dags/example_branch_labels.py
[2026-05-07T06:15:01.075+0000] {processor.py:840} INFO - DAG(s) 'example_branch_labels' retrieved from /home/airflow/.local/lib/python3.12/site-packages/airflow/example_dags/example_branch_labels.py
[2026-05-07T06:15:01.111+0000] {logging_mixin.py:188} INFO - [2026-05-07T06:15:01.110+0000] {dag.py:3089} INFO - Sync 1 DAGs
[2026-05-07T06:15:01.146+0000] {logging_mixin.py:188} INFO - [2026-05-07T06:15:01.146+0000] {dag.py:3947} INFO - Setting next_dagrun for example_branch_labels to 2026-05-06 00:00:00+00:00, run_after=2026-05-07 00:00:00+00:00
[2026-05-07T06:15:01.208+0000] {processor.py:183} INFO - Processing /home/airflow/.local/lib/python3.12/site-packages/airflow/example_dags/example_branch_labels.py took 0.177 seconds
[2026-05-07T06:15:31.606+0000] {processor.py:161} INFO - Started process (PID=13546) to work on /home/airflow/.local/lib/python3.12/site-packages/airflow/example_dags/example_branch_labels.py
[2026-05-07T06:15:31.607+0000] {processor.py:830} INFO - Processing file /home/airflow/.local/lib/python3.12/site-packages/airflow/example_dags/example_branch_labels.py for tasks to queue
[2026-05-07T06:15:31.609+0000] {logging_mixin.py:188} INFO - [2026-05-07T06:15:31.608+0000] {dagbag.py:545} INFO - Filling up the DagBag from /home/airflow/.local/lib/python3.12/site-packages/airflow/example_dags/example_branch_labels.py
[2026-05-07T06:15:31.621+0000] {processor.py:840} INFO - DAG(s) 'example_branch_labels' retrieved from /home/airflow/.local/lib/python3.12/site-packages/airflow/example_dags/example_branch_labels.py
[2026-05-07T06:15:31.657+0000] {logging_mixin.py:188} INFO - [2026-05-07T06:15:31.656+0000] {dag.py:3089} INFO - Sync 1 DAGs
[2026-05-07T06:15:31.697+0000] {logging_mixin.py:188} INFO - [2026-05-07T06:15:31.696+0000] {dag.py:3947} INFO - Setting next_dagrun for example_branch_labels to 2026-05-06 00:00:00+00:00, run_after=2026-05-07 00:00:00+00:00
[2026-05-07T06:15:31.761+0000] {processor.py:183} INFO - Processing /home/airflow/.local/lib/python3.12/site-packages/airflow/example_dags/example_branch_labels.py took 0.165 seconds
[2026-05-07T06:16:03.193+0000] {processor.py:161} INFO - Started process (PID=13615) to work on /home/airflow/.local/lib/python3.12/site-packages/airflow/example_dags/example_branch_labels.py
[2026-05-07T06:16:03.200+0000] {processor.py:830} INFO - Processing file /home/airflow/.local/lib/python3.12/site-packages/airflow/example_dags/example_branch_labels.py for tasks to queue
[2026-05-07T06:16:03.202+0000] {logging_mixin.py:188} INFO - [2026-05-07T06:16:03.201+0000] {dagbag.py:545} INFO - Filling up the DagBag from /home/airflow/.local/lib/python3.12/site-packages/airflow/example_dags/example_branch_labels.py
[2026-05-07T06:16:03.216+0000] {processor.py:840} INFO - DAG(s) 'example_branch_labels' retrieved from /home/airflow/.local/lib/python3.12/site-packages/airflow/example_dags/example_branch_labels.py
[2026-05-07T06:16:03.252+0000] {logging_mixin.py:188} INFO - [2026-05-07T06:16:03.252+0000] {dag.py:3089} INFO - Sync 1 DAGs
[2026-05-07T06:16:03.284+0000] {logging_mixin.py:188} INFO - [2026-05-07T06:16:03.284+0000] {dag.py:3947} INFO - Setting next_dagrun for example_branch_labels to 2026-05-06 00:00:00+00:00, run_after=2026-05-07 00:00:00+00:00
[2026-05-07T06:16:03.344+0000] {processor.py:183} INFO - Processing /home/airflow/.local/lib/python3.12/site-packages/airflow/example_dags/example_branch_labels.py took 0.161 seconds
[2026-05-07T06:16:33.909+0000] {processor.py:161} INFO - Started process (PID=13683) to work on /home/airflow/.local/lib/python3.12/site-packages/airflow/example_dags/example_branch_labels.py
[2026-05-07T06:16:33.910+0000] {processor.py:830} INFO - Processing file /home/airflow/.local/lib/python3.12/site-packages/airflow/example_dags/example_branch_labels.py for tasks to queue
[2026-05-07T06:16:33.912+0000] {logging_mixin.py:188} INFO - [2026-05-07T06:16:33.911+0000] {dagbag.py:545} INFO - Filling up the DagBag from /home/airflow/.local/lib/python3.12/site-packages/airflow/example_dags/example_branch_labels.py
[2026-05-07T06:16:33.924+0000] {processor.py:840} INFO - DAG(s) 'example_branch_labels' retrieved from /home/airflow/.local/lib/python3.12/site-packages/airflow/example_dags/example_branch_labels.py
[2026-05-07T06:16:33.956+0000] {logging_mixin.py:188} INFO - [2026-05-07T06:16:33.956+0000] {dag.py:3089} INFO - Sync 1 DAGs
[2026-05-07T06:16:33.986+0000] {logging_mixin.py:188} INFO - [2026-05-07T06:16:33.986+0000] {dag.py:3947} INFO - Setting next_dagrun for example_branch_labels to 2026-05-06 00:00:00+00:00, run_after=2026-05-07 00:00:00+00:00
[2026-05-07T06:16:34.047+0000] {processor.py:183} INFO - Processing /home/airflow/.local/lib/python3.12/site-packages/airflow/example_dags/example_branch_labels.py took 0.146 seconds
[2026-05-07T06:17:04.211+0000] {processor.py:161} INFO - Started process (PID=13751) to work on /home/airflow/.local/lib/python3.12/site-packages/airflow/example_dags/example_branch_labels.py
[2026-05-07T06:17:04.230+0000] {processor.py:830} INFO - Processing file /home/airflow/.local/lib/python3.12/site-packages/airflow/example_dags/example_branch_labels.py for tasks to queue
[2026-05-07T06:17:04.234+0000] {logging_mixin.py:188} INFO - [2026-05-07T06:17:04.233+0000] {dagbag.py:545} INFO - Filling up the DagBag from /home/airflow/.local/lib/python3.12/site-packages/airflow/example_dags/example_branch_labels.py
[2026-05-07T06:17:04.250+0000] {processor.py:840} INFO - DAG(s) 'example_branch_labels' retrieved from /home/airflow/.local/lib/python3.12/site-packages/airflow/example_dags/example_branch_labels.py
[2026-05-07T06:17:04.290+0000] {logging_mixin.py:188} INFO - [2026-05-07T06:17:04.289+0000] {dag.py:3089} INFO - Sync 1 DAGs
[2026-05-07T06:17:04.330+0000] {logging_mixin.py:188} INFO - [2026-05-07T06:17:04.330+0000] {dag.py:3947} INFO - Setting next_dagrun for example_branch_labels to 2026-05-06 00:00:00+00:00, run_after=2026-05-07 00:00:00+00:00
[2026-05-07T06:17:04.397+0000] {processor.py:183} INFO - Processing /home/airflow/.local/lib/python3.12/site-packages/airflow/example_dags/example_branch_labels.py took 0.194 seconds
[2026-05-07T06:17:35.344+0000] {processor.py:161} INFO - Started process (PID=13819) to work on /home/airflow/.local/lib/python3.12/site-packages/airflow/example_dags/example_branch_labels.py
[2026-05-07T06:17:35.346+0000] {processor.py:830} INFO - Processing file /home/airflow/.local/lib/python3.12/site-packages/airflow/example_dags/example_branch_labels.py for tasks to queue
[2026-05-07T06:17:35.348+0000] {logging_mixin.py:188} INFO - [2026-05-07T06:17:35.347+0000] {dagbag.py:545} INFO - Filling up the DagBag from /home/airflow/.local/lib/python3.12/site-packages/airflow/example_dags/example_branch_labels.py
[2026-05-07T06:17:35.365+0000] {processor.py:840} INFO - DAG(s) 'example_branch_labels' retrieved from /home/airflow/.local/lib/python3.12/site-packages/airflow/example_dags/example_branch_labels.py
[2026-05-07T06:17:35.412+0000] {logging_mixin.py:188} INFO - [2026-05-07T06:17:35.411+0000] {dag.py:3089} INFO - Sync 1 DAGs
[2026-05-07T06:17:35.463+0000] {logging_mixin.py:188} INFO - [2026-05-07T06:17:35.462+0000] {dag.py:3947} INFO - Setting next_dagrun for example_branch_labels to 2026-05-06 00:00:00+00:00, run_after=2026-05-07 00:00:00+00:00
[2026-05-07T06:17:35.498+0000] {processor.py:183} INFO - Processing /home/airflow/.local/lib/python3.12/site-packages/airflow/example_dags/example_branch_labels.py took 0.165 seconds
[2026-05-07T06:18:06.040+0000] {processor.py:161} INFO - Started process (PID=13895) to work on /home/airflow/.local/lib/python3.12/site-packages/airflow/example_dags/example_branch_labels.py
[2026-05-07T06:18:06.044+0000] {processor.py:830} INFO - Processing file /home/airflow/.local/lib/python3.12/site-packages/airflow/example_dags/example_branch_labels.py for tasks to queue
[2026-05-07T06:18:06.046+0000] {logging_mixin.py:188} INFO - [2026-05-07T06:18:06.046+0000] {dagbag.py:545} INFO - Filling up the DagBag from /home/airflow/.local/lib/python3.12/site-packages/airflow/example_dags/example_branch_labels.py
[2026-05-07T06:18:06.066+0000] {processor.py:840} INFO - DAG(s) 'example_branch_labels' retrieved from /home/airflow/.local/lib/python3.12/site-packages/airflow/example_dags/example_branch_labels.py
[2026-05-07T06:18:06.109+0000] {logging_mixin.py:188} INFO - [2026-05-07T06:18:06.109+0000] {dag.py:3089} INFO - Sync 1 DAGs
[2026-05-07T06:18:06.142+0000] {logging_mixin.py:188} INFO - [2026-05-07T06:18:06.142+0000] {dag.py:3947} INFO - Setting next_dagrun for example_branch_labels to 2026-05-06 00:00:00+00:00, run_after=2026-05-07 00:00:00+00:00
[2026-05-07T06:18:06.172+0000] {processor.py:183} INFO - Processing /home/airflow/.local/lib/python3.12/site-packages/airflow/example_dags/example_branch_labels.py took 0.142 seconds
[2026-05-07T06:18:36.448+0000] {processor.py:161} INFO - Started process (PID=13962) to work on /home/airflow/.local/lib/python3.12/site-packages/airflow/example_dags/example_branch_labels.py
[2026-05-07T06:18:36.454+0000] {processor.py:830} INFO - Processing file /home/airflow/.local/lib/python3.12/site-packages/airflow/example_dags/example_branch_labels.py for tasks to queue
[2026-05-07T06:18:36.457+0000] {logging_mixin.py:188} INFO - [2026-05-07T06:18:36.456+0000] {dagbag.py:545} INFO - Filling up the DagBag from /home/airflow/.local/lib/python3.12/site-packages/airflow/example_dags/example_branch_labels.py
[2026-05-07T06:18:36.481+0000] {processor.py:840} INFO - DAG(s) 'example_branch_labels' retrieved from /home/airflow/.local/lib/python3.12/site-packages/airflow/example_dags/example_branch_labels.py
[2026-05-07T06:18:36.523+0000] {logging_mixin.py:188} INFO - [2026-05-07T06:18:36.523+0000] {dag.py:3089} INFO - Sync 1 DAGs
[2026-05-07T06:18:36.568+0000] {logging_mixin.py:188} INFO - [2026-05-07T06:18:36.568+0000] {dag.py:3947} INFO - Setting next_dagrun for example_branch_labels to 2026-05-06 00:00:00+00:00, run_after=2026-05-07 00:00:00+00:00
[2026-05-07T06:18:36.602+0000] {processor.py:183} INFO - Processing /home/airflow/.local/lib/python3.12/site-packages/airflow/example_dags/example_branch_labels.py took 0.167 seconds
[2026-05-07T06:19:07.851+0000] {processor.py:161} INFO - Started process (PID=14030) to work on /home/airflow/.local/lib/python3.12/site-packages/airflow/example_dags/example_branch_labels.py
[2026-05-07T06:19:07.853+0000] {processor.py:830} INFO - Processing file /home/airflow/.local/lib/python3.12/site-packages/airflow/example_dags/example_branch_labels.py for tasks to queue
[2026-05-07T06:19:07.855+0000] {logging_mixin.py:188} INFO - [2026-05-07T06:19:07.854+0000] {dagbag.py:545} INFO - Filling up the DagBag from /home/airflow/.local/lib/python3.12/site-packages/airflow/example_dags/example_branch_labels.py
[2026-05-07T06:19:07.869+0000] {processor.py:840} INFO - DAG(s) 'example_branch_labels' retrieved from /home/airflow/.local/lib/python3.12/site-packages/airflow/example_dags/example_branch_labels.py
[2026-05-07T06:19:07.908+0000] {logging_mixin.py:188} INFO - [2026-05-07T06:19:07.907+0000] {dag.py:3089} INFO - Sync 1 DAGs
[2026-05-07T06:19:07.940+0000] {logging_mixin.py:188} INFO - [2026-05-07T06:19:07.940+0000] {dag.py:3947} INFO - Setting next_dagrun for example_branch_labels to 2026-05-06 00:00:00+00:00, run_after=2026-05-07 00:00:00+00:00
[2026-05-07T06:19:07.973+0000] {processor.py:183} INFO - Processing /home/airflow/.local/lib/python3.12/site-packages/airflow/example_dags/example_branch_labels.py took 0.133 seconds
[2026-05-07T06:19:39.035+0000] {processor.py:161} INFO - Started process (PID=14098) to work on /home/airflow/.local/lib/python3.12/site-packages/airflow/example_dags/example_branch_labels.py
[2026-05-07T06:19:39.037+0000] {processor.py:830} INFO - Processing file /home/airflow/.local/lib/python3.12/site-packages/airflow/example_dags/example_branch_labels.py for tasks to queue
[2026-05-07T06:19:39.039+0000] {logging_mixin.py:188} INFO - [2026-05-07T06:19:39.038+0000] {dagbag.py:545} INFO - Filling up the DagBag from /home/airflow/.local/lib/python3.12/site-packages/airflow/example_dags/example_branch_labels.py
[2026-05-07T06:19:39.051+0000] {processor.py:840} INFO - DAG(s) 'example_branch_labels' retrieved from /home/airflow/.local/lib/python3.12/site-packages/airflow/example_dags/example_branch_labels.py
[2026-05-07T06:19:39.095+0000] {logging_mixin.py:188} INFO - [2026-05-07T06:19:39.094+0000] {dag.py:3089} INFO - Sync 1 DAGs
[2026-05-07T06:19:39.133+0000] {logging_mixin.py:188} INFO - [2026-05-07T06:19:39.132+0000] {dag.py:3947} INFO - Setting next_dagrun for example_branch_labels to 2026-05-06 00:00:00+00:00, run_after=2026-05-07 00:00:00+00:00
[2026-05-07T06:19:39.171+0000] {processor.py:183} INFO - Processing /home/airflow/.local/lib/python3.12/site-packages/airflow/example_dags/example_branch_labels.py took 0.144 seconds
[2026-05-07T06:20:09.733+0000] {processor.py:161} INFO - Started process (PID=14166) to work on /home/airflow/.local/lib/python3.12/site-packages/airflow/example_dags/example_branch_labels.py
[2026-05-07T06:20:09.735+0000] {processor.py:830} INFO - Processing file /home/airflow/.local/lib/python3.12/site-packages/airflow/example_dags/example_branch_labels.py for tasks to queue
[2026-05-07T06:20:09.737+0000] {logging_mixin.py:188} INFO - [2026-05-07T06:20:09.736+0000] {dagbag.py:545} INFO - Filling up the DagBag from /home/airflow/.local/lib/python3.12/site-packages/airflow/example_dags/example_branch_labels.py
[2026-05-07T06:20:09.749+0000] {processor.py:840} INFO - DAG(s) 'example_branch_labels' retrieved from /home/airflow/.local/lib/python3.12/site-packages/airflow/example_dags/example_branch_labels.py
[2026-05-07T06:20:09.795+0000] {logging_mixin.py:188} INFO - [2026-05-07T06:20:09.794+0000] {dag.py:3089} INFO - Sync 1 DAGs
[2026-05-07T06:20:09.830+0000] {logging_mixin.py:188} INFO - [2026-05-07T06:20:09.829+0000] {dag.py:3947} INFO - Setting next_dagrun for example_branch_labels to 2026-05-06 00:00:00+00:00, run_after=2026-05-07 00:00:00+00:00
[2026-05-07T06:20:09.862+0000] {processor.py:183} INFO - Processing /home/airflow/.local/lib/python3.12/site-packages/airflow/example_dags/example_branch_labels.py took 0.140 seconds
