[2026-05-07T04:50:05.589+0000] {processor.py:161} INFO - Started process (PID=11944) to work on /home/airflow/.local/lib/python3.12/site-packages/airflow/example_dags/example_sla_dag.py
[2026-05-07T04:50:05.590+0000] {processor.py:830} INFO - Processing file /home/airflow/.local/lib/python3.12/site-packages/airflow/example_dags/example_sla_dag.py for tasks to queue
[2026-05-07T04:50:05.591+0000] {logging_mixin.py:188} INFO - [2026-05-07T04:50:05.590+0000] {dagbag.py:545} INFO - Filling up the DagBag from /home/airflow/.local/lib/python3.12/site-packages/airflow/example_dags/example_sla_dag.py
[2026-05-07T04:50:05.599+0000] {processor.py:840} INFO - DAG(s) 'example_sla_dag' retrieved from /home/airflow/.local/lib/python3.12/site-packages/airflow/example_dags/example_sla_dag.py
[2026-05-07T04:50:05.619+0000] {logging_mixin.py:188} INFO - [2026-05-07T04:50:05.619+0000] {dag.py:3089} INFO - Sync 1 DAGs
[2026-05-07T04:50:05.639+0000] {logging_mixin.py:188} INFO - [2026-05-07T04:50:05.639+0000] {dag.py:3947} INFO - Setting next_dagrun for example_sla_dag to 2026-05-07 04:48:00+00:00, run_after=2026-05-07 04:50:00+00:00
[2026-05-07T04:50:05.659+0000] {processor.py:183} INFO - Processing /home/airflow/.local/lib/python3.12/site-packages/airflow/example_dags/example_sla_dag.py took 0.076 seconds
[2026-05-07T04:50:36.452+0000] {processor.py:161} INFO - Started process (PID=12012) to work on /home/airflow/.local/lib/python3.12/site-packages/airflow/example_dags/example_sla_dag.py
[2026-05-07T04:50:36.454+0000] {processor.py:830} INFO - Processing file /home/airflow/.local/lib/python3.12/site-packages/airflow/example_dags/example_sla_dag.py for tasks to queue
[2026-05-07T04:50:36.455+0000] {logging_mixin.py:188} INFO - [2026-05-07T04:50:36.454+0000] {dagbag.py:545} INFO - Filling up the DagBag from /home/airflow/.local/lib/python3.12/site-packages/airflow/example_dags/example_sla_dag.py
[2026-05-07T04:50:36.465+0000] {processor.py:840} INFO - DAG(s) 'example_sla_dag' retrieved from /home/airflow/.local/lib/python3.12/site-packages/airflow/example_dags/example_sla_dag.py
[2026-05-07T04:50:36.498+0000] {logging_mixin.py:188} INFO - [2026-05-07T04:50:36.498+0000] {dag.py:3089} INFO - Sync 1 DAGs
[2026-05-07T04:50:36.529+0000] {logging_mixin.py:188} INFO - [2026-05-07T04:50:36.529+0000] {dag.py:3947} INFO - Setting next_dagrun for example_sla_dag to 2026-05-07 04:48:00+00:00, run_after=2026-05-07 04:50:00+00:00
[2026-05-07T04:50:36.559+0000] {processor.py:183} INFO - Processing /home/airflow/.local/lib/python3.12/site-packages/airflow/example_dags/example_sla_dag.py took 0.113 seconds
[2026-05-07T04:51:06.985+0000] {processor.py:161} INFO - Started process (PID=12087) to work on /home/airflow/.local/lib/python3.12/site-packages/airflow/example_dags/example_sla_dag.py
[2026-05-07T04:51:06.987+0000] {processor.py:830} INFO - Processing file /home/airflow/.local/lib/python3.12/site-packages/airflow/example_dags/example_sla_dag.py for tasks to queue
[2026-05-07T04:51:06.990+0000] {logging_mixin.py:188} INFO - [2026-05-07T04:51:06.989+0000] {dagbag.py:545} INFO - Filling up the DagBag from /home/airflow/.local/lib/python3.12/site-packages/airflow/example_dags/example_sla_dag.py
[2026-05-07T04:51:07.000+0000] {processor.py:840} INFO - DAG(s) 'example_sla_dag' retrieved from /home/airflow/.local/lib/python3.12/site-packages/airflow/example_dags/example_sla_dag.py
[2026-05-07T04:51:07.023+0000] {logging_mixin.py:188} INFO - [2026-05-07T04:51:07.022+0000] {dag.py:3089} INFO - Sync 1 DAGs
[2026-05-07T04:51:07.048+0000] {logging_mixin.py:188} INFO - [2026-05-07T04:51:07.048+0000] {dag.py:3947} INFO - Setting next_dagrun for example_sla_dag to 2026-05-07 04:48:00+00:00, run_after=2026-05-07 04:50:00+00:00
[2026-05-07T04:51:07.068+0000] {processor.py:183} INFO - Processing /home/airflow/.local/lib/python3.12/site-packages/airflow/example_dags/example_sla_dag.py took 0.093 seconds
[2026-05-07T04:51:37.179+0000] {processor.py:161} INFO - Started process (PID=12155) to work on /home/airflow/.local/lib/python3.12/site-packages/airflow/example_dags/example_sla_dag.py
[2026-05-07T04:51:37.180+0000] {processor.py:830} INFO - Processing file /home/airflow/.local/lib/python3.12/site-packages/airflow/example_dags/example_sla_dag.py for tasks to queue
[2026-05-07T04:51:37.182+0000] {logging_mixin.py:188} INFO - [2026-05-07T04:51:37.181+0000] {dagbag.py:545} INFO - Filling up the DagBag from /home/airflow/.local/lib/python3.12/site-packages/airflow/example_dags/example_sla_dag.py
[2026-05-07T04:51:37.189+0000] {processor.py:840} INFO - DAG(s) 'example_sla_dag' retrieved from /home/airflow/.local/lib/python3.12/site-packages/airflow/example_dags/example_sla_dag.py
[2026-05-07T04:51:37.211+0000] {logging_mixin.py:188} INFO - [2026-05-07T04:51:37.211+0000] {dag.py:3089} INFO - Sync 1 DAGs
[2026-05-07T04:51:37.234+0000] {logging_mixin.py:188} INFO - [2026-05-07T04:51:37.233+0000] {dag.py:3947} INFO - Setting next_dagrun for example_sla_dag to 2026-05-07 04:48:00+00:00, run_after=2026-05-07 04:50:00+00:00
[2026-05-07T04:51:37.250+0000] {processor.py:183} INFO - Processing /home/airflow/.local/lib/python3.12/site-packages/airflow/example_dags/example_sla_dag.py took 0.077 seconds
[2026-05-07T04:52:08.871+0000] {processor.py:161} INFO - Started process (PID=12230) to work on /home/airflow/.local/lib/python3.12/site-packages/airflow/example_dags/example_sla_dag.py
[2026-05-07T04:52:08.872+0000] {processor.py:830} INFO - Processing file /home/airflow/.local/lib/python3.12/site-packages/airflow/example_dags/example_sla_dag.py for tasks to queue
[2026-05-07T04:52:08.873+0000] {logging_mixin.py:188} INFO - [2026-05-07T04:52:08.873+0000] {dagbag.py:545} INFO - Filling up the DagBag from /home/airflow/.local/lib/python3.12/site-packages/airflow/example_dags/example_sla_dag.py
[2026-05-07T04:52:08.882+0000] {processor.py:840} INFO - DAG(s) 'example_sla_dag' retrieved from /home/airflow/.local/lib/python3.12/site-packages/airflow/example_dags/example_sla_dag.py
[2026-05-07T04:52:08.907+0000] {logging_mixin.py:188} INFO - [2026-05-07T04:52:08.907+0000] {dag.py:3089} INFO - Sync 1 DAGs
[2026-05-07T04:52:08.933+0000] {logging_mixin.py:188} INFO - [2026-05-07T04:52:08.933+0000] {dag.py:3947} INFO - Setting next_dagrun for example_sla_dag to 2026-05-07 04:50:00+00:00, run_after=2026-05-07 04:52:00+00:00
[2026-05-07T04:52:08.955+0000] {processor.py:183} INFO - Processing /home/airflow/.local/lib/python3.12/site-packages/airflow/example_dags/example_sla_dag.py took 0.092 seconds
[2026-05-07T04:52:39.387+0000] {processor.py:161} INFO - Started process (PID=12298) to work on /home/airflow/.local/lib/python3.12/site-packages/airflow/example_dags/example_sla_dag.py
[2026-05-07T04:52:39.388+0000] {processor.py:830} INFO - Processing file /home/airflow/.local/lib/python3.12/site-packages/airflow/example_dags/example_sla_dag.py for tasks to queue
[2026-05-07T04:52:39.389+0000] {logging_mixin.py:188} INFO - [2026-05-07T04:52:39.389+0000] {dagbag.py:545} INFO - Filling up the DagBag from /home/airflow/.local/lib/python3.12/site-packages/airflow/example_dags/example_sla_dag.py
[2026-05-07T04:52:39.397+0000] {processor.py:840} INFO - DAG(s) 'example_sla_dag' retrieved from /home/airflow/.local/lib/python3.12/site-packages/airflow/example_dags/example_sla_dag.py
[2026-05-07T04:52:39.418+0000] {logging_mixin.py:188} INFO - [2026-05-07T04:52:39.417+0000] {dag.py:3089} INFO - Sync 1 DAGs
[2026-05-07T04:52:39.441+0000] {logging_mixin.py:188} INFO - [2026-05-07T04:52:39.441+0000] {dag.py:3947} INFO - Setting next_dagrun for example_sla_dag to 2026-05-07 04:50:00+00:00, run_after=2026-05-07 04:52:00+00:00
[2026-05-07T04:52:39.459+0000] {processor.py:183} INFO - Processing /home/airflow/.local/lib/python3.12/site-packages/airflow/example_dags/example_sla_dag.py took 0.077 seconds
[2026-05-07T04:53:09.957+0000] {processor.py:161} INFO - Started process (PID=12373) to work on /home/airflow/.local/lib/python3.12/site-packages/airflow/example_dags/example_sla_dag.py
[2026-05-07T04:53:09.958+0000] {processor.py:830} INFO - Processing file /home/airflow/.local/lib/python3.12/site-packages/airflow/example_dags/example_sla_dag.py for tasks to queue
[2026-05-07T04:53:09.958+0000] {logging_mixin.py:188} INFO - [2026-05-07T04:53:09.958+0000] {dagbag.py:545} INFO - Filling up the DagBag from /home/airflow/.local/lib/python3.12/site-packages/airflow/example_dags/example_sla_dag.py
[2026-05-07T04:53:09.967+0000] {processor.py:840} INFO - DAG(s) 'example_sla_dag' retrieved from /home/airflow/.local/lib/python3.12/site-packages/airflow/example_dags/example_sla_dag.py
[2026-05-07T04:53:09.994+0000] {logging_mixin.py:188} INFO - [2026-05-07T04:53:09.994+0000] {dag.py:3089} INFO - Sync 1 DAGs
[2026-05-07T04:53:10.018+0000] {logging_mixin.py:188} INFO - [2026-05-07T04:53:10.018+0000] {dag.py:3947} INFO - Setting next_dagrun for example_sla_dag to 2026-05-07 04:50:00+00:00, run_after=2026-05-07 04:52:00+00:00
[2026-05-07T04:53:10.044+0000] {processor.py:183} INFO - Processing /home/airflow/.local/lib/python3.12/site-packages/airflow/example_dags/example_sla_dag.py took 0.094 seconds
[2026-05-07T05:20:12.019+0000] {processor.py:161} INFO - Started process (PID=12423) to work on /home/airflow/.local/lib/python3.12/site-packages/airflow/example_dags/example_sla_dag.py
[2026-05-07T05:20:12.020+0000] {processor.py:830} INFO - Processing file /home/airflow/.local/lib/python3.12/site-packages/airflow/example_dags/example_sla_dag.py for tasks to queue
[2026-05-07T05:20:12.020+0000] {logging_mixin.py:188} INFO - [2026-05-07T05:20:12.020+0000] {dagbag.py:545} INFO - Filling up the DagBag from /home/airflow/.local/lib/python3.12/site-packages/airflow/example_dags/example_sla_dag.py
[2026-05-07T05:20:12.028+0000] {processor.py:840} INFO - DAG(s) 'example_sla_dag' retrieved from /home/airflow/.local/lib/python3.12/site-packages/airflow/example_dags/example_sla_dag.py
[2026-05-07T05:20:12.047+0000] {logging_mixin.py:188} INFO - [2026-05-07T05:20:12.047+0000] {dag.py:3089} INFO - Sync 1 DAGs
[2026-05-07T05:20:12.076+0000] {logging_mixin.py:188} INFO - [2026-05-07T05:20:12.076+0000] {dag.py:3947} INFO - Setting next_dagrun for example_sla_dag to 2026-05-07 05:18:00+00:00, run_after=2026-05-07 05:20:00+00:00
[2026-05-07T05:20:12.096+0000] {processor.py:183} INFO - Processing /home/airflow/.local/lib/python3.12/site-packages/airflow/example_dags/example_sla_dag.py took 0.083 seconds
[2026-05-07T06:07:46.766+0000] {processor.py:161} INFO - Started process (PID=12498) to work on /home/airflow/.local/lib/python3.12/site-packages/airflow/example_dags/example_sla_dag.py
[2026-05-07T06:07:46.768+0000] {processor.py:830} INFO - Processing file /home/airflow/.local/lib/python3.12/site-packages/airflow/example_dags/example_sla_dag.py for tasks to queue
[2026-05-07T06:07:46.770+0000] {logging_mixin.py:188} INFO - [2026-05-07T06:07:46.769+0000] {dagbag.py:545} INFO - Filling up the DagBag from /home/airflow/.local/lib/python3.12/site-packages/airflow/example_dags/example_sla_dag.py
[2026-05-07T06:07:46.784+0000] {processor.py:840} INFO - DAG(s) 'example_sla_dag' retrieved from /home/airflow/.local/lib/python3.12/site-packages/airflow/example_dags/example_sla_dag.py
[2026-05-07T06:07:46.823+0000] {logging_mixin.py:188} INFO - [2026-05-07T06:07:46.822+0000] {dag.py:3089} INFO - Sync 1 DAGs
[2026-05-07T06:07:46.859+0000] {logging_mixin.py:188} INFO - [2026-05-07T06:07:46.859+0000] {dag.py:3947} INFO - Setting next_dagrun for example_sla_dag to 2026-05-07 06:04:00+00:00, run_after=2026-05-07 06:06:00+00:00
[2026-05-07T06:07:46.895+0000] {processor.py:183} INFO - Processing /home/airflow/.local/lib/python3.12/site-packages/airflow/example_dags/example_sla_dag.py took 0.139 seconds
[2026-05-07T06:08:18.088+0000] {processor.py:161} INFO - Started process (PID=12566) to work on /home/airflow/.local/lib/python3.12/site-packages/airflow/example_dags/example_sla_dag.py
[2026-05-07T06:08:18.090+0000] {processor.py:830} INFO - Processing file /home/airflow/.local/lib/python3.12/site-packages/airflow/example_dags/example_sla_dag.py for tasks to queue
[2026-05-07T06:08:18.091+0000] {logging_mixin.py:188} INFO - [2026-05-07T06:08:18.091+0000] {dagbag.py:545} INFO - Filling up the DagBag from /home/airflow/.local/lib/python3.12/site-packages/airflow/example_dags/example_sla_dag.py
[2026-05-07T06:08:18.104+0000] {processor.py:840} INFO - DAG(s) 'example_sla_dag' retrieved from /home/airflow/.local/lib/python3.12/site-packages/airflow/example_dags/example_sla_dag.py
[2026-05-07T06:08:18.140+0000] {logging_mixin.py:188} INFO - [2026-05-07T06:08:18.140+0000] {dag.py:3089} INFO - Sync 1 DAGs
[2026-05-07T06:08:18.174+0000] {logging_mixin.py:188} INFO - [2026-05-07T06:08:18.174+0000] {dag.py:3947} INFO - Setting next_dagrun for example_sla_dag to 2026-05-07 06:06:00+00:00, run_after=2026-05-07 06:08:00+00:00
[2026-05-07T06:08:18.206+0000] {processor.py:183} INFO - Processing /home/airflow/.local/lib/python3.12/site-packages/airflow/example_dags/example_sla_dag.py took 0.128 seconds
[2026-05-07T06:08:48.751+0000] {processor.py:161} INFO - Started process (PID=12634) to work on /home/airflow/.local/lib/python3.12/site-packages/airflow/example_dags/example_sla_dag.py
[2026-05-07T06:08:48.757+0000] {processor.py:830} INFO - Processing file /home/airflow/.local/lib/python3.12/site-packages/airflow/example_dags/example_sla_dag.py for tasks to queue
[2026-05-07T06:08:48.759+0000] {logging_mixin.py:188} INFO - [2026-05-07T06:08:48.758+0000] {dagbag.py:545} INFO - Filling up the DagBag from /home/airflow/.local/lib/python3.12/site-packages/airflow/example_dags/example_sla_dag.py
[2026-05-07T06:08:48.781+0000] {processor.py:840} INFO - DAG(s) 'example_sla_dag' retrieved from /home/airflow/.local/lib/python3.12/site-packages/airflow/example_dags/example_sla_dag.py
[2026-05-07T06:08:48.912+0000] {logging_mixin.py:188} INFO - [2026-05-07T06:08:48.911+0000] {dag.py:3089} INFO - Sync 1 DAGs
[2026-05-07T06:08:48.981+0000] {logging_mixin.py:188} INFO - [2026-05-07T06:08:48.980+0000] {dag.py:3947} INFO - Setting next_dagrun for example_sla_dag to 2026-05-07 06:06:00+00:00, run_after=2026-05-07 06:08:00+00:00
[2026-05-07T06:08:49.061+0000] {processor.py:183} INFO - Processing /home/airflow/.local/lib/python3.12/site-packages/airflow/example_dags/example_sla_dag.py took 0.320 seconds
[2026-05-07T06:09:20.508+0000] {processor.py:161} INFO - Started process (PID=12702) to work on /home/airflow/.local/lib/python3.12/site-packages/airflow/example_dags/example_sla_dag.py
[2026-05-07T06:09:20.510+0000] {processor.py:830} INFO - Processing file /home/airflow/.local/lib/python3.12/site-packages/airflow/example_dags/example_sla_dag.py for tasks to queue
[2026-05-07T06:09:20.512+0000] {logging_mixin.py:188} INFO - [2026-05-07T06:09:20.512+0000] {dagbag.py:545} INFO - Filling up the DagBag from /home/airflow/.local/lib/python3.12/site-packages/airflow/example_dags/example_sla_dag.py
[2026-05-07T06:09:20.528+0000] {processor.py:840} INFO - DAG(s) 'example_sla_dag' retrieved from /home/airflow/.local/lib/python3.12/site-packages/airflow/example_dags/example_sla_dag.py
[2026-05-07T06:09:20.563+0000] {logging_mixin.py:188} INFO - [2026-05-07T06:09:20.563+0000] {dag.py:3089} INFO - Sync 1 DAGs
[2026-05-07T06:09:20.606+0000] {logging_mixin.py:188} INFO - [2026-05-07T06:09:20.605+0000] {dag.py:3947} INFO - Setting next_dagrun for example_sla_dag to 2026-05-07 06:06:00+00:00, run_after=2026-05-07 06:08:00+00:00
[2026-05-07T06:09:20.668+0000] {processor.py:183} INFO - Processing /home/airflow/.local/lib/python3.12/site-packages/airflow/example_dags/example_sla_dag.py took 0.169 seconds
[2026-05-07T06:09:51.225+0000] {processor.py:161} INFO - Started process (PID=12770) to work on /home/airflow/.local/lib/python3.12/site-packages/airflow/example_dags/example_sla_dag.py
[2026-05-07T06:09:51.227+0000] {processor.py:830} INFO - Processing file /home/airflow/.local/lib/python3.12/site-packages/airflow/example_dags/example_sla_dag.py for tasks to queue
[2026-05-07T06:09:51.229+0000] {logging_mixin.py:188} INFO - [2026-05-07T06:09:51.228+0000] {dagbag.py:545} INFO - Filling up the DagBag from /home/airflow/.local/lib/python3.12/site-packages/airflow/example_dags/example_sla_dag.py
[2026-05-07T06:09:51.242+0000] {processor.py:840} INFO - DAG(s) 'example_sla_dag' retrieved from /home/airflow/.local/lib/python3.12/site-packages/airflow/example_dags/example_sla_dag.py
[2026-05-07T06:09:51.274+0000] {logging_mixin.py:188} INFO - [2026-05-07T06:09:51.273+0000] {dag.py:3089} INFO - Sync 1 DAGs
[2026-05-07T06:09:51.308+0000] {logging_mixin.py:188} INFO - [2026-05-07T06:09:51.308+0000] {dag.py:3947} INFO - Setting next_dagrun for example_sla_dag to 2026-05-07 06:06:00+00:00, run_after=2026-05-07 06:08:00+00:00
[2026-05-07T06:09:51.339+0000] {processor.py:183} INFO - Processing /home/airflow/.local/lib/python3.12/site-packages/airflow/example_dags/example_sla_dag.py took 0.123 seconds
[2026-05-07T06:10:22.272+0000] {processor.py:161} INFO - Started process (PID=12845) to work on /home/airflow/.local/lib/python3.12/site-packages/airflow/example_dags/example_sla_dag.py
[2026-05-07T06:10:22.276+0000] {processor.py:830} INFO - Processing file /home/airflow/.local/lib/python3.12/site-packages/airflow/example_dags/example_sla_dag.py for tasks to queue
[2026-05-07T06:10:22.278+0000] {logging_mixin.py:188} INFO - [2026-05-07T06:10:22.277+0000] {dagbag.py:545} INFO - Filling up the DagBag from /home/airflow/.local/lib/python3.12/site-packages/airflow/example_dags/example_sla_dag.py
[2026-05-07T06:10:22.291+0000] {processor.py:840} INFO - DAG(s) 'example_sla_dag' retrieved from /home/airflow/.local/lib/python3.12/site-packages/airflow/example_dags/example_sla_dag.py
[2026-05-07T06:10:22.328+0000] {logging_mixin.py:188} INFO - [2026-05-07T06:10:22.327+0000] {dag.py:3089} INFO - Sync 1 DAGs
[2026-05-07T06:10:22.360+0000] {logging_mixin.py:188} INFO - [2026-05-07T06:10:22.360+0000] {dag.py:3947} INFO - Setting next_dagrun for example_sla_dag to 2026-05-07 06:08:00+00:00, run_after=2026-05-07 06:10:00+00:00
[2026-05-07T06:10:22.389+0000] {processor.py:183} INFO - Processing /home/airflow/.local/lib/python3.12/site-packages/airflow/example_dags/example_sla_dag.py took 0.127 seconds
[2026-05-07T06:10:52.638+0000] {processor.py:161} INFO - Started process (PID=12913) to work on /home/airflow/.local/lib/python3.12/site-packages/airflow/example_dags/example_sla_dag.py
[2026-05-07T06:10:52.640+0000] {processor.py:830} INFO - Processing file /home/airflow/.local/lib/python3.12/site-packages/airflow/example_dags/example_sla_dag.py for tasks to queue
[2026-05-07T06:10:52.642+0000] {logging_mixin.py:188} INFO - [2026-05-07T06:10:52.641+0000] {dagbag.py:545} INFO - Filling up the DagBag from /home/airflow/.local/lib/python3.12/site-packages/airflow/example_dags/example_sla_dag.py
[2026-05-07T06:10:52.658+0000] {processor.py:840} INFO - DAG(s) 'example_sla_dag' retrieved from /home/airflow/.local/lib/python3.12/site-packages/airflow/example_dags/example_sla_dag.py
[2026-05-07T06:10:52.698+0000] {logging_mixin.py:188} INFO - [2026-05-07T06:10:52.698+0000] {dag.py:3089} INFO - Sync 1 DAGs
[2026-05-07T06:10:52.745+0000] {logging_mixin.py:188} INFO - [2026-05-07T06:10:52.744+0000] {dag.py:3947} INFO - Setting next_dagrun for example_sla_dag to 2026-05-07 06:08:00+00:00, run_after=2026-05-07 06:10:00+00:00
[2026-05-07T06:10:52.781+0000] {processor.py:183} INFO - Processing /home/airflow/.local/lib/python3.12/site-packages/airflow/example_dags/example_sla_dag.py took 0.153 seconds
[2026-05-07T06:11:23.563+0000] {processor.py:161} INFO - Started process (PID=12981) to work on /home/airflow/.local/lib/python3.12/site-packages/airflow/example_dags/example_sla_dag.py
[2026-05-07T06:11:23.566+0000] {processor.py:830} INFO - Processing file /home/airflow/.local/lib/python3.12/site-packages/airflow/example_dags/example_sla_dag.py for tasks to queue
[2026-05-07T06:11:23.568+0000] {logging_mixin.py:188} INFO - [2026-05-07T06:11:23.568+0000] {dagbag.py:545} INFO - Filling up the DagBag from /home/airflow/.local/lib/python3.12/site-packages/airflow/example_dags/example_sla_dag.py
[2026-05-07T06:11:23.589+0000] {processor.py:840} INFO - DAG(s) 'example_sla_dag' retrieved from /home/airflow/.local/lib/python3.12/site-packages/airflow/example_dags/example_sla_dag.py
[2026-05-07T06:11:23.648+0000] {logging_mixin.py:188} INFO - [2026-05-07T06:11:23.648+0000] {dag.py:3089} INFO - Sync 1 DAGs
[2026-05-07T06:11:23.718+0000] {logging_mixin.py:188} INFO - [2026-05-07T06:11:23.717+0000] {dag.py:3947} INFO - Setting next_dagrun for example_sla_dag to 2026-05-07 06:08:00+00:00, run_after=2026-05-07 06:10:00+00:00
[2026-05-07T06:11:23.820+0000] {processor.py:183} INFO - Processing /home/airflow/.local/lib/python3.12/site-packages/airflow/example_dags/example_sla_dag.py took 0.273 seconds
[2026-05-07T06:11:54.279+0000] {processor.py:161} INFO - Started process (PID=13049) to work on /home/airflow/.local/lib/python3.12/site-packages/airflow/example_dags/example_sla_dag.py
[2026-05-07T06:11:54.281+0000] {processor.py:830} INFO - Processing file /home/airflow/.local/lib/python3.12/site-packages/airflow/example_dags/example_sla_dag.py for tasks to queue
[2026-05-07T06:11:54.283+0000] {logging_mixin.py:188} INFO - [2026-05-07T06:11:54.282+0000] {dagbag.py:545} INFO - Filling up the DagBag from /home/airflow/.local/lib/python3.12/site-packages/airflow/example_dags/example_sla_dag.py
[2026-05-07T06:11:54.296+0000] {processor.py:840} INFO - DAG(s) 'example_sla_dag' retrieved from /home/airflow/.local/lib/python3.12/site-packages/airflow/example_dags/example_sla_dag.py
[2026-05-07T06:11:54.336+0000] {logging_mixin.py:188} INFO - [2026-05-07T06:11:54.335+0000] {dag.py:3089} INFO - Sync 1 DAGs
[2026-05-07T06:11:54.374+0000] {logging_mixin.py:188} INFO - [2026-05-07T06:11:54.373+0000] {dag.py:3947} INFO - Setting next_dagrun for example_sla_dag to 2026-05-07 06:08:00+00:00, run_after=2026-05-07 06:10:00+00:00
[2026-05-07T06:11:54.417+0000] {processor.py:183} INFO - Processing /home/airflow/.local/lib/python3.12/site-packages/airflow/example_dags/example_sla_dag.py took 0.148 seconds
[2026-05-07T06:12:25.289+0000] {processor.py:161} INFO - Started process (PID=13117) to work on /home/airflow/.local/lib/python3.12/site-packages/airflow/example_dags/example_sla_dag.py
[2026-05-07T06:12:25.291+0000] {processor.py:830} INFO - Processing file /home/airflow/.local/lib/python3.12/site-packages/airflow/example_dags/example_sla_dag.py for tasks to queue
[2026-05-07T06:12:25.293+0000] {logging_mixin.py:188} INFO - [2026-05-07T06:12:25.292+0000] {dagbag.py:545} INFO - Filling up the DagBag from /home/airflow/.local/lib/python3.12/site-packages/airflow/example_dags/example_sla_dag.py
[2026-05-07T06:12:25.307+0000] {processor.py:840} INFO - DAG(s) 'example_sla_dag' retrieved from /home/airflow/.local/lib/python3.12/site-packages/airflow/example_dags/example_sla_dag.py
[2026-05-07T06:12:25.341+0000] {logging_mixin.py:188} INFO - [2026-05-07T06:12:25.341+0000] {dag.py:3089} INFO - Sync 1 DAGs
[2026-05-07T06:12:25.376+0000] {logging_mixin.py:188} INFO - [2026-05-07T06:12:25.376+0000] {dag.py:3947} INFO - Setting next_dagrun for example_sla_dag to 2026-05-07 06:10:00+00:00, run_after=2026-05-07 06:12:00+00:00
[2026-05-07T06:12:25.405+0000] {processor.py:183} INFO - Processing /home/airflow/.local/lib/python3.12/site-packages/airflow/example_dags/example_sla_dag.py took 0.128 seconds
[2026-05-07T06:12:56.117+0000] {processor.py:161} INFO - Started process (PID=13192) to work on /home/airflow/.local/lib/python3.12/site-packages/airflow/example_dags/example_sla_dag.py
[2026-05-07T06:12:56.118+0000] {processor.py:830} INFO - Processing file /home/airflow/.local/lib/python3.12/site-packages/airflow/example_dags/example_sla_dag.py for tasks to queue
[2026-05-07T06:12:56.120+0000] {logging_mixin.py:188} INFO - [2026-05-07T06:12:56.120+0000] {dagbag.py:545} INFO - Filling up the DagBag from /home/airflow/.local/lib/python3.12/site-packages/airflow/example_dags/example_sla_dag.py
[2026-05-07T06:12:56.133+0000] {processor.py:840} INFO - DAG(s) 'example_sla_dag' retrieved from /home/airflow/.local/lib/python3.12/site-packages/airflow/example_dags/example_sla_dag.py
[2026-05-07T06:12:56.171+0000] {logging_mixin.py:188} INFO - [2026-05-07T06:12:56.171+0000] {dag.py:3089} INFO - Sync 1 DAGs
[2026-05-07T06:12:56.211+0000] {logging_mixin.py:188} INFO - [2026-05-07T06:12:56.211+0000] {dag.py:3947} INFO - Setting next_dagrun for example_sla_dag to 2026-05-07 06:10:00+00:00, run_after=2026-05-07 06:12:00+00:00
[2026-05-07T06:12:56.262+0000] {processor.py:183} INFO - Processing /home/airflow/.local/lib/python3.12/site-packages/airflow/example_dags/example_sla_dag.py took 0.157 seconds
[2026-05-07T06:13:26.953+0000] {processor.py:161} INFO - Started process (PID=13259) to work on /home/airflow/.local/lib/python3.12/site-packages/airflow/example_dags/example_sla_dag.py
[2026-05-07T06:13:26.955+0000] {processor.py:830} INFO - Processing file /home/airflow/.local/lib/python3.12/site-packages/airflow/example_dags/example_sla_dag.py for tasks to queue
[2026-05-07T06:13:26.958+0000] {logging_mixin.py:188} INFO - [2026-05-07T06:13:26.957+0000] {dagbag.py:545} INFO - Filling up the DagBag from /home/airflow/.local/lib/python3.12/site-packages/airflow/example_dags/example_sla_dag.py
[2026-05-07T06:13:26.975+0000] {processor.py:840} INFO - DAG(s) 'example_sla_dag' retrieved from /home/airflow/.local/lib/python3.12/site-packages/airflow/example_dags/example_sla_dag.py
[2026-05-07T06:13:27.018+0000] {logging_mixin.py:188} INFO - [2026-05-07T06:13:27.017+0000] {dag.py:3089} INFO - Sync 1 DAGs
[2026-05-07T06:13:27.072+0000] {logging_mixin.py:188} INFO - [2026-05-07T06:13:27.072+0000] {dag.py:3947} INFO - Setting next_dagrun for example_sla_dag to 2026-05-07 06:10:00+00:00, run_after=2026-05-07 06:12:00+00:00
[2026-05-07T06:13:27.118+0000] {processor.py:183} INFO - Processing /home/airflow/.local/lib/python3.12/site-packages/airflow/example_dags/example_sla_dag.py took 0.177 seconds
[2026-05-07T06:13:57.649+0000] {processor.py:161} INFO - Started process (PID=13327) to work on /home/airflow/.local/lib/python3.12/site-packages/airflow/example_dags/example_sla_dag.py
[2026-05-07T06:13:57.651+0000] {processor.py:830} INFO - Processing file /home/airflow/.local/lib/python3.12/site-packages/airflow/example_dags/example_sla_dag.py for tasks to queue
[2026-05-07T06:13:57.653+0000] {logging_mixin.py:188} INFO - [2026-05-07T06:13:57.652+0000] {dagbag.py:545} INFO - Filling up the DagBag from /home/airflow/.local/lib/python3.12/site-packages/airflow/example_dags/example_sla_dag.py
[2026-05-07T06:13:57.666+0000] {processor.py:840} INFO - DAG(s) 'example_sla_dag' retrieved from /home/airflow/.local/lib/python3.12/site-packages/airflow/example_dags/example_sla_dag.py
[2026-05-07T06:13:57.698+0000] {logging_mixin.py:188} INFO - [2026-05-07T06:13:57.698+0000] {dag.py:3089} INFO - Sync 1 DAGs
[2026-05-07T06:13:57.734+0000] {logging_mixin.py:188} INFO - [2026-05-07T06:13:57.733+0000] {dag.py:3947} INFO - Setting next_dagrun for example_sla_dag to 2026-05-07 06:10:00+00:00, run_after=2026-05-07 06:12:00+00:00
[2026-05-07T06:13:57.793+0000] {processor.py:183} INFO - Processing /home/airflow/.local/lib/python3.12/site-packages/airflow/example_dags/example_sla_dag.py took 0.154 seconds
[2026-05-07T06:14:28.609+0000] {processor.py:161} INFO - Started process (PID=13395) to work on /home/airflow/.local/lib/python3.12/site-packages/airflow/example_dags/example_sla_dag.py
[2026-05-07T06:14:28.611+0000] {processor.py:830} INFO - Processing file /home/airflow/.local/lib/python3.12/site-packages/airflow/example_dags/example_sla_dag.py for tasks to queue
[2026-05-07T06:14:28.613+0000] {logging_mixin.py:188} INFO - [2026-05-07T06:14:28.612+0000] {dagbag.py:545} INFO - Filling up the DagBag from /home/airflow/.local/lib/python3.12/site-packages/airflow/example_dags/example_sla_dag.py
[2026-05-07T06:14:28.627+0000] {processor.py:840} INFO - DAG(s) 'example_sla_dag' retrieved from /home/airflow/.local/lib/python3.12/site-packages/airflow/example_dags/example_sla_dag.py
[2026-05-07T06:14:28.663+0000] {logging_mixin.py:188} INFO - [2026-05-07T06:14:28.662+0000] {dag.py:3089} INFO - Sync 1 DAGs
[2026-05-07T06:14:28.713+0000] {logging_mixin.py:188} INFO - [2026-05-07T06:14:28.712+0000] {dag.py:3947} INFO - Setting next_dagrun for example_sla_dag to 2026-05-07 06:12:00+00:00, run_after=2026-05-07 06:14:00+00:00
[2026-05-07T06:14:28.762+0000] {processor.py:183} INFO - Processing /home/airflow/.local/lib/python3.12/site-packages/airflow/example_dags/example_sla_dag.py took 0.164 seconds
[2026-05-07T06:14:59.169+0000] {processor.py:161} INFO - Started process (PID=13463) to work on /home/airflow/.local/lib/python3.12/site-packages/airflow/example_dags/example_sla_dag.py
[2026-05-07T06:14:59.173+0000] {processor.py:830} INFO - Processing file /home/airflow/.local/lib/python3.12/site-packages/airflow/example_dags/example_sla_dag.py for tasks to queue
[2026-05-07T06:14:59.175+0000] {logging_mixin.py:188} INFO - [2026-05-07T06:14:59.174+0000] {dagbag.py:545} INFO - Filling up the DagBag from /home/airflow/.local/lib/python3.12/site-packages/airflow/example_dags/example_sla_dag.py
[2026-05-07T06:14:59.190+0000] {processor.py:840} INFO - DAG(s) 'example_sla_dag' retrieved from /home/airflow/.local/lib/python3.12/site-packages/airflow/example_dags/example_sla_dag.py
[2026-05-07T06:14:59.225+0000] {logging_mixin.py:188} INFO - [2026-05-07T06:14:59.225+0000] {dag.py:3089} INFO - Sync 1 DAGs
[2026-05-07T06:14:59.267+0000] {logging_mixin.py:188} INFO - [2026-05-07T06:14:59.266+0000] {dag.py:3947} INFO - Setting next_dagrun for example_sla_dag to 2026-05-07 06:12:00+00:00, run_after=2026-05-07 06:14:00+00:00
[2026-05-07T06:14:59.326+0000] {processor.py:183} INFO - Processing /home/airflow/.local/lib/python3.12/site-packages/airflow/example_dags/example_sla_dag.py took 0.168 seconds
[2026-05-07T06:15:30.653+0000] {processor.py:161} INFO - Started process (PID=13530) to work on /home/airflow/.local/lib/python3.12/site-packages/airflow/example_dags/example_sla_dag.py
[2026-05-07T06:15:30.654+0000] {processor.py:830} INFO - Processing file /home/airflow/.local/lib/python3.12/site-packages/airflow/example_dags/example_sla_dag.py for tasks to queue
[2026-05-07T06:15:30.656+0000] {logging_mixin.py:188} INFO - [2026-05-07T06:15:30.655+0000] {dagbag.py:545} INFO - Filling up the DagBag from /home/airflow/.local/lib/python3.12/site-packages/airflow/example_dags/example_sla_dag.py
[2026-05-07T06:15:30.668+0000] {processor.py:840} INFO - DAG(s) 'example_sla_dag' retrieved from /home/airflow/.local/lib/python3.12/site-packages/airflow/example_dags/example_sla_dag.py
[2026-05-07T06:15:30.709+0000] {logging_mixin.py:188} INFO - [2026-05-07T06:15:30.708+0000] {dag.py:3089} INFO - Sync 1 DAGs
[2026-05-07T06:15:30.750+0000] {logging_mixin.py:188} INFO - [2026-05-07T06:15:30.749+0000] {dag.py:3947} INFO - Setting next_dagrun for example_sla_dag to 2026-05-07 06:12:00+00:00, run_after=2026-05-07 06:14:00+00:00
[2026-05-07T06:15:30.790+0000] {processor.py:183} INFO - Processing /home/airflow/.local/lib/python3.12/site-packages/airflow/example_dags/example_sla_dag.py took 0.148 seconds
[2026-05-07T06:16:01.674+0000] {processor.py:161} INFO - Started process (PID=13606) to work on /home/airflow/.local/lib/python3.12/site-packages/airflow/example_dags/example_sla_dag.py
[2026-05-07T06:16:01.676+0000] {processor.py:830} INFO - Processing file /home/airflow/.local/lib/python3.12/site-packages/airflow/example_dags/example_sla_dag.py for tasks to queue
[2026-05-07T06:16:01.678+0000] {logging_mixin.py:188} INFO - [2026-05-07T06:16:01.677+0000] {dagbag.py:545} INFO - Filling up the DagBag from /home/airflow/.local/lib/python3.12/site-packages/airflow/example_dags/example_sla_dag.py
[2026-05-07T06:16:01.692+0000] {processor.py:840} INFO - DAG(s) 'example_sla_dag' retrieved from /home/airflow/.local/lib/python3.12/site-packages/airflow/example_dags/example_sla_dag.py
[2026-05-07T06:16:01.731+0000] {logging_mixin.py:188} INFO - [2026-05-07T06:16:01.731+0000] {dag.py:3089} INFO - Sync 1 DAGs
[2026-05-07T06:16:01.771+0000] {logging_mixin.py:188} INFO - [2026-05-07T06:16:01.771+0000] {dag.py:3947} INFO - Setting next_dagrun for example_sla_dag to 2026-05-07 06:14:00+00:00, run_after=2026-05-07 06:16:00+00:00
[2026-05-07T06:16:01.842+0000] {processor.py:183} INFO - Processing /home/airflow/.local/lib/python3.12/site-packages/airflow/example_dags/example_sla_dag.py took 0.179 seconds
[2026-05-07T06:16:32.417+0000] {processor.py:161} INFO - Started process (PID=13674) to work on /home/airflow/.local/lib/python3.12/site-packages/airflow/example_dags/example_sla_dag.py
[2026-05-07T06:16:32.420+0000] {processor.py:830} INFO - Processing file /home/airflow/.local/lib/python3.12/site-packages/airflow/example_dags/example_sla_dag.py for tasks to queue
[2026-05-07T06:16:32.422+0000] {logging_mixin.py:188} INFO - [2026-05-07T06:16:32.421+0000] {dagbag.py:545} INFO - Filling up the DagBag from /home/airflow/.local/lib/python3.12/site-packages/airflow/example_dags/example_sla_dag.py
[2026-05-07T06:16:32.441+0000] {processor.py:840} INFO - DAG(s) 'example_sla_dag' retrieved from /home/airflow/.local/lib/python3.12/site-packages/airflow/example_dags/example_sla_dag.py
[2026-05-07T06:16:32.483+0000] {logging_mixin.py:188} INFO - [2026-05-07T06:16:32.482+0000] {dag.py:3089} INFO - Sync 1 DAGs
[2026-05-07T06:16:32.521+0000] {logging_mixin.py:188} INFO - [2026-05-07T06:16:32.520+0000] {dag.py:3947} INFO - Setting next_dagrun for example_sla_dag to 2026-05-07 06:14:00+00:00, run_after=2026-05-07 06:16:00+00:00
[2026-05-07T06:16:32.566+0000] {processor.py:183} INFO - Processing /home/airflow/.local/lib/python3.12/site-packages/airflow/example_dags/example_sla_dag.py took 0.159 seconds
[2026-05-07T06:17:02.928+0000] {processor.py:161} INFO - Started process (PID=13742) to work on /home/airflow/.local/lib/python3.12/site-packages/airflow/example_dags/example_sla_dag.py
[2026-05-07T06:17:02.930+0000] {processor.py:830} INFO - Processing file /home/airflow/.local/lib/python3.12/site-packages/airflow/example_dags/example_sla_dag.py for tasks to queue
[2026-05-07T06:17:02.932+0000] {logging_mixin.py:188} INFO - [2026-05-07T06:17:02.931+0000] {dagbag.py:545} INFO - Filling up the DagBag from /home/airflow/.local/lib/python3.12/site-packages/airflow/example_dags/example_sla_dag.py
[2026-05-07T06:17:02.947+0000] {processor.py:840} INFO - DAG(s) 'example_sla_dag' retrieved from /home/airflow/.local/lib/python3.12/site-packages/airflow/example_dags/example_sla_dag.py
[2026-05-07T06:17:02.985+0000] {logging_mixin.py:188} INFO - [2026-05-07T06:17:02.985+0000] {dag.py:3089} INFO - Sync 1 DAGs
[2026-05-07T06:17:03.026+0000] {logging_mixin.py:188} INFO - [2026-05-07T06:17:03.025+0000] {dag.py:3947} INFO - Setting next_dagrun for example_sla_dag to 2026-05-07 06:14:00+00:00, run_after=2026-05-07 06:16:00+00:00
[2026-05-07T06:17:03.063+0000] {processor.py:183} INFO - Processing /home/airflow/.local/lib/python3.12/site-packages/airflow/example_dags/example_sla_dag.py took 0.144 seconds
[2026-05-07T06:17:33.398+0000] {processor.py:161} INFO - Started process (PID=13810) to work on /home/airflow/.local/lib/python3.12/site-packages/airflow/example_dags/example_sla_dag.py
[2026-05-07T06:17:33.402+0000] {processor.py:830} INFO - Processing file /home/airflow/.local/lib/python3.12/site-packages/airflow/example_dags/example_sla_dag.py for tasks to queue
[2026-05-07T06:17:33.405+0000] {logging_mixin.py:188} INFO - [2026-05-07T06:17:33.404+0000] {dagbag.py:545} INFO - Filling up the DagBag from /home/airflow/.local/lib/python3.12/site-packages/airflow/example_dags/example_sla_dag.py
[2026-05-07T06:17:33.425+0000] {processor.py:840} INFO - DAG(s) 'example_sla_dag' retrieved from /home/airflow/.local/lib/python3.12/site-packages/airflow/example_dags/example_sla_dag.py
[2026-05-07T06:17:33.463+0000] {logging_mixin.py:188} INFO - [2026-05-07T06:17:33.463+0000] {dag.py:3089} INFO - Sync 1 DAGs
[2026-05-07T06:17:33.509+0000] {logging_mixin.py:188} INFO - [2026-05-07T06:17:33.508+0000] {dag.py:3947} INFO - Setting next_dagrun for example_sla_dag to 2026-05-07 06:14:00+00:00, run_after=2026-05-07 06:16:00+00:00
[2026-05-07T06:17:33.581+0000] {processor.py:183} INFO - Processing /home/airflow/.local/lib/python3.12/site-packages/airflow/example_dags/example_sla_dag.py took 0.197 seconds
[2026-05-07T06:18:03.942+0000] {processor.py:161} INFO - Started process (PID=13878) to work on /home/airflow/.local/lib/python3.12/site-packages/airflow/example_dags/example_sla_dag.py
[2026-05-07T06:18:03.944+0000] {processor.py:830} INFO - Processing file /home/airflow/.local/lib/python3.12/site-packages/airflow/example_dags/example_sla_dag.py for tasks to queue
[2026-05-07T06:18:03.946+0000] {logging_mixin.py:188} INFO - [2026-05-07T06:18:03.946+0000] {dagbag.py:545} INFO - Filling up the DagBag from /home/airflow/.local/lib/python3.12/site-packages/airflow/example_dags/example_sla_dag.py
[2026-05-07T06:18:03.959+0000] {processor.py:840} INFO - DAG(s) 'example_sla_dag' retrieved from /home/airflow/.local/lib/python3.12/site-packages/airflow/example_dags/example_sla_dag.py
[2026-05-07T06:18:03.999+0000] {logging_mixin.py:188} INFO - [2026-05-07T06:18:03.998+0000] {dag.py:3089} INFO - Sync 1 DAGs
[2026-05-07T06:18:04.035+0000] {logging_mixin.py:188} INFO - [2026-05-07T06:18:04.035+0000] {dag.py:3947} INFO - Setting next_dagrun for example_sla_dag to 2026-05-07 06:16:00+00:00, run_after=2026-05-07 06:18:00+00:00
[2026-05-07T06:18:04.070+0000] {processor.py:183} INFO - Processing /home/airflow/.local/lib/python3.12/site-packages/airflow/example_dags/example_sla_dag.py took 0.137 seconds
[2026-05-07T06:18:35.130+0000] {processor.py:161} INFO - Started process (PID=13952) to work on /home/airflow/.local/lib/python3.12/site-packages/airflow/example_dags/example_sla_dag.py
[2026-05-07T06:18:35.132+0000] {processor.py:830} INFO - Processing file /home/airflow/.local/lib/python3.12/site-packages/airflow/example_dags/example_sla_dag.py for tasks to queue
[2026-05-07T06:18:35.134+0000] {logging_mixin.py:188} INFO - [2026-05-07T06:18:35.134+0000] {dagbag.py:545} INFO - Filling up the DagBag from /home/airflow/.local/lib/python3.12/site-packages/airflow/example_dags/example_sla_dag.py
[2026-05-07T06:18:35.150+0000] {processor.py:840} INFO - DAG(s) 'example_sla_dag' retrieved from /home/airflow/.local/lib/python3.12/site-packages/airflow/example_dags/example_sla_dag.py
[2026-05-07T06:18:35.190+0000] {logging_mixin.py:188} INFO - [2026-05-07T06:18:35.190+0000] {dag.py:3089} INFO - Sync 1 DAGs
[2026-05-07T06:18:35.234+0000] {logging_mixin.py:188} INFO - [2026-05-07T06:18:35.233+0000] {dag.py:3947} INFO - Setting next_dagrun for example_sla_dag to 2026-05-07 06:16:00+00:00, run_after=2026-05-07 06:18:00+00:00
[2026-05-07T06:18:35.292+0000] {processor.py:183} INFO - Processing /home/airflow/.local/lib/python3.12/site-packages/airflow/example_dags/example_sla_dag.py took 0.174 seconds
[2026-05-07T06:19:06.228+0000] {processor.py:161} INFO - Started process (PID=14021) to work on /home/airflow/.local/lib/python3.12/site-packages/airflow/example_dags/example_sla_dag.py
[2026-05-07T06:19:06.230+0000] {processor.py:830} INFO - Processing file /home/airflow/.local/lib/python3.12/site-packages/airflow/example_dags/example_sla_dag.py for tasks to queue
[2026-05-07T06:19:06.233+0000] {logging_mixin.py:188} INFO - [2026-05-07T06:19:06.232+0000] {dagbag.py:545} INFO - Filling up the DagBag from /home/airflow/.local/lib/python3.12/site-packages/airflow/example_dags/example_sla_dag.py
[2026-05-07T06:19:06.248+0000] {processor.py:840} INFO - DAG(s) 'example_sla_dag' retrieved from /home/airflow/.local/lib/python3.12/site-packages/airflow/example_dags/example_sla_dag.py
[2026-05-07T06:19:06.285+0000] {logging_mixin.py:188} INFO - [2026-05-07T06:19:06.285+0000] {dag.py:3089} INFO - Sync 1 DAGs
[2026-05-07T06:19:06.323+0000] {logging_mixin.py:188} INFO - [2026-05-07T06:19:06.323+0000] {dag.py:3947} INFO - Setting next_dagrun for example_sla_dag to 2026-05-07 06:16:00+00:00, run_after=2026-05-07 06:18:00+00:00
[2026-05-07T06:19:06.461+0000] {processor.py:183} INFO - Processing /home/airflow/.local/lib/python3.12/site-packages/airflow/example_dags/example_sla_dag.py took 0.243 seconds
[2026-05-07T06:19:36.805+0000] {processor.py:161} INFO - Started process (PID=14088) to work on /home/airflow/.local/lib/python3.12/site-packages/airflow/example_dags/example_sla_dag.py
[2026-05-07T06:19:36.807+0000] {processor.py:830} INFO - Processing file /home/airflow/.local/lib/python3.12/site-packages/airflow/example_dags/example_sla_dag.py for tasks to queue
[2026-05-07T06:19:36.809+0000] {logging_mixin.py:188} INFO - [2026-05-07T06:19:36.808+0000] {dagbag.py:545} INFO - Filling up the DagBag from /home/airflow/.local/lib/python3.12/site-packages/airflow/example_dags/example_sla_dag.py
[2026-05-07T06:19:36.825+0000] {processor.py:840} INFO - DAG(s) 'example_sla_dag' retrieved from /home/airflow/.local/lib/python3.12/site-packages/airflow/example_dags/example_sla_dag.py
[2026-05-07T06:19:36.859+0000] {logging_mixin.py:188} INFO - [2026-05-07T06:19:36.857+0000] {dag.py:3089} INFO - Sync 1 DAGs
[2026-05-07T06:19:36.900+0000] {logging_mixin.py:188} INFO - [2026-05-07T06:19:36.899+0000] {dag.py:3947} INFO - Setting next_dagrun for example_sla_dag to 2026-05-07 06:16:00+00:00, run_after=2026-05-07 06:18:00+00:00
[2026-05-07T06:19:36.951+0000] {processor.py:183} INFO - Processing /home/airflow/.local/lib/python3.12/site-packages/airflow/example_dags/example_sla_dag.py took 0.160 seconds
[2026-05-07T06:20:07.565+0000] {processor.py:161} INFO - Started process (PID=14156) to work on /home/airflow/.local/lib/python3.12/site-packages/airflow/example_dags/example_sla_dag.py
[2026-05-07T06:20:07.567+0000] {processor.py:830} INFO - Processing file /home/airflow/.local/lib/python3.12/site-packages/airflow/example_dags/example_sla_dag.py for tasks to queue
[2026-05-07T06:20:07.569+0000] {logging_mixin.py:188} INFO - [2026-05-07T06:20:07.569+0000] {dagbag.py:545} INFO - Filling up the DagBag from /home/airflow/.local/lib/python3.12/site-packages/airflow/example_dags/example_sla_dag.py
[2026-05-07T06:20:07.582+0000] {processor.py:840} INFO - DAG(s) 'example_sla_dag' retrieved from /home/airflow/.local/lib/python3.12/site-packages/airflow/example_dags/example_sla_dag.py
[2026-05-07T06:20:07.638+0000] {logging_mixin.py:188} INFO - [2026-05-07T06:20:07.638+0000] {dag.py:3089} INFO - Sync 1 DAGs
[2026-05-07T06:20:07.677+0000] {logging_mixin.py:188} INFO - [2026-05-07T06:20:07.677+0000] {dag.py:3947} INFO - Setting next_dagrun for example_sla_dag to 2026-05-07 06:18:00+00:00, run_after=2026-05-07 06:20:00+00:00
[2026-05-07T06:20:08.011+0000] {processor.py:183} INFO - Processing /home/airflow/.local/lib/python3.12/site-packages/airflow/example_dags/example_sla_dag.py took 0.465 seconds
