[2026-05-07T04:50:04.534+0000] {processor.py:161} INFO - Started process (PID=11929) to work on /home/airflow/.local/lib/python3.12/site-packages/airflow/example_dags/example_latest_only_with_trigger.py
[2026-05-07T04:50:04.536+0000] {processor.py:830} INFO - Processing file /home/airflow/.local/lib/python3.12/site-packages/airflow/example_dags/example_latest_only_with_trigger.py for tasks to queue
[2026-05-07T04:50:04.537+0000] {logging_mixin.py:188} INFO - [2026-05-07T04:50:04.536+0000] {dagbag.py:545} INFO - Filling up the DagBag from /home/airflow/.local/lib/python3.12/site-packages/airflow/example_dags/example_latest_only_with_trigger.py
[2026-05-07T04:50:04.543+0000] {processor.py:840} INFO - DAG(s) 'latest_only_with_trigger' retrieved from /home/airflow/.local/lib/python3.12/site-packages/airflow/example_dags/example_latest_only_with_trigger.py
[2026-05-07T04:50:04.560+0000] {logging_mixin.py:188} INFO - [2026-05-07T04:50:04.560+0000] {dag.py:3089} INFO - Sync 1 DAGs
[2026-05-07T04:50:04.577+0000] {logging_mixin.py:188} INFO - [2026-05-07T04:50:04.577+0000] {dag.py:3947} INFO - Setting next_dagrun for latest_only_with_trigger to 2026-05-07 00:00:00+00:00, run_after=2026-05-07 04:00:00+00:00
[2026-05-07T04:50:04.599+0000] {processor.py:183} INFO - Processing /home/airflow/.local/lib/python3.12/site-packages/airflow/example_dags/example_latest_only_with_trigger.py took 0.073 seconds
[2026-05-07T04:50:35.171+0000] {processor.py:161} INFO - Started process (PID=11997) to work on /home/airflow/.local/lib/python3.12/site-packages/airflow/example_dags/example_latest_only_with_trigger.py
[2026-05-07T04:50:35.173+0000] {processor.py:830} INFO - Processing file /home/airflow/.local/lib/python3.12/site-packages/airflow/example_dags/example_latest_only_with_trigger.py for tasks to queue
[2026-05-07T04:50:35.175+0000] {logging_mixin.py:188} INFO - [2026-05-07T04:50:35.174+0000] {dagbag.py:545} INFO - Filling up the DagBag from /home/airflow/.local/lib/python3.12/site-packages/airflow/example_dags/example_latest_only_with_trigger.py
[2026-05-07T04:50:35.185+0000] {processor.py:840} INFO - DAG(s) 'latest_only_with_trigger' retrieved from /home/airflow/.local/lib/python3.12/site-packages/airflow/example_dags/example_latest_only_with_trigger.py
[2026-05-07T04:50:35.225+0000] {logging_mixin.py:188} INFO - [2026-05-07T04:50:35.224+0000] {dag.py:3089} INFO - Sync 1 DAGs
[2026-05-07T04:50:35.259+0000] {logging_mixin.py:188} INFO - [2026-05-07T04:50:35.258+0000] {dag.py:3947} INFO - Setting next_dagrun for latest_only_with_trigger to 2026-05-07 00:00:00+00:00, run_after=2026-05-07 04:00:00+00:00
[2026-05-07T04:50:35.290+0000] {processor.py:183} INFO - Processing /home/airflow/.local/lib/python3.12/site-packages/airflow/example_dags/example_latest_only_with_trigger.py took 0.129 seconds
[2026-05-07T04:51:05.433+0000] {processor.py:161} INFO - Started process (PID=12072) to work on /home/airflow/.local/lib/python3.12/site-packages/airflow/example_dags/example_latest_only_with_trigger.py
[2026-05-07T04:51:05.434+0000] {processor.py:830} INFO - Processing file /home/airflow/.local/lib/python3.12/site-packages/airflow/example_dags/example_latest_only_with_trigger.py for tasks to queue
[2026-05-07T04:51:05.435+0000] {logging_mixin.py:188} INFO - [2026-05-07T04:51:05.435+0000] {dagbag.py:545} INFO - Filling up the DagBag from /home/airflow/.local/lib/python3.12/site-packages/airflow/example_dags/example_latest_only_with_trigger.py
[2026-05-07T04:51:05.441+0000] {processor.py:840} INFO - DAG(s) 'latest_only_with_trigger' retrieved from /home/airflow/.local/lib/python3.12/site-packages/airflow/example_dags/example_latest_only_with_trigger.py
[2026-05-07T04:51:05.464+0000] {logging_mixin.py:188} INFO - [2026-05-07T04:51:05.463+0000] {dag.py:3089} INFO - Sync 1 DAGs
[2026-05-07T04:51:05.485+0000] {logging_mixin.py:188} INFO - [2026-05-07T04:51:05.485+0000] {dag.py:3947} INFO - Setting next_dagrun for latest_only_with_trigger to 2026-05-07 00:00:00+00:00, run_after=2026-05-07 04:00:00+00:00
[2026-05-07T04:51:05.501+0000] {processor.py:183} INFO - Processing /home/airflow/.local/lib/python3.12/site-packages/airflow/example_dags/example_latest_only_with_trigger.py took 0.074 seconds
[2026-05-07T04:51:35.775+0000] {processor.py:161} INFO - Started process (PID=12140) to work on /home/airflow/.local/lib/python3.12/site-packages/airflow/example_dags/example_latest_only_with_trigger.py
[2026-05-07T04:51:35.776+0000] {processor.py:830} INFO - Processing file /home/airflow/.local/lib/python3.12/site-packages/airflow/example_dags/example_latest_only_with_trigger.py for tasks to queue
[2026-05-07T04:51:35.777+0000] {logging_mixin.py:188} INFO - [2026-05-07T04:51:35.777+0000] {dagbag.py:545} INFO - Filling up the DagBag from /home/airflow/.local/lib/python3.12/site-packages/airflow/example_dags/example_latest_only_with_trigger.py
[2026-05-07T04:51:35.783+0000] {processor.py:840} INFO - DAG(s) 'latest_only_with_trigger' retrieved from /home/airflow/.local/lib/python3.12/site-packages/airflow/example_dags/example_latest_only_with_trigger.py
[2026-05-07T04:51:35.804+0000] {logging_mixin.py:188} INFO - [2026-05-07T04:51:35.804+0000] {dag.py:3089} INFO - Sync 1 DAGs
[2026-05-07T04:51:35.823+0000] {logging_mixin.py:188} INFO - [2026-05-07T04:51:35.823+0000] {dag.py:3947} INFO - Setting next_dagrun for latest_only_with_trigger to 2026-05-07 00:00:00+00:00, run_after=2026-05-07 04:00:00+00:00
[2026-05-07T04:51:35.847+0000] {processor.py:183} INFO - Processing /home/airflow/.local/lib/python3.12/site-packages/airflow/example_dags/example_latest_only_with_trigger.py took 0.078 seconds
[2026-05-07T04:52:06.636+0000] {processor.py:161} INFO - Started process (PID=12208) to work on /home/airflow/.local/lib/python3.12/site-packages/airflow/example_dags/example_latest_only_with_trigger.py
[2026-05-07T04:52:06.638+0000] {processor.py:830} INFO - Processing file /home/airflow/.local/lib/python3.12/site-packages/airflow/example_dags/example_latest_only_with_trigger.py for tasks to queue
[2026-05-07T04:52:06.640+0000] {logging_mixin.py:188} INFO - [2026-05-07T04:52:06.639+0000] {dagbag.py:545} INFO - Filling up the DagBag from /home/airflow/.local/lib/python3.12/site-packages/airflow/example_dags/example_latest_only_with_trigger.py
[2026-05-07T04:52:06.650+0000] {processor.py:840} INFO - DAG(s) 'latest_only_with_trigger' retrieved from /home/airflow/.local/lib/python3.12/site-packages/airflow/example_dags/example_latest_only_with_trigger.py
[2026-05-07T04:52:06.690+0000] {logging_mixin.py:188} INFO - [2026-05-07T04:52:06.689+0000] {dag.py:3089} INFO - Sync 1 DAGs
[2026-05-07T04:52:06.726+0000] {logging_mixin.py:188} INFO - [2026-05-07T04:52:06.726+0000] {dag.py:3947} INFO - Setting next_dagrun for latest_only_with_trigger to 2026-05-07 00:00:00+00:00, run_after=2026-05-07 04:00:00+00:00
[2026-05-07T04:52:06.760+0000] {processor.py:183} INFO - Processing /home/airflow/.local/lib/python3.12/site-packages/airflow/example_dags/example_latest_only_with_trigger.py took 0.138 seconds
[2026-05-07T04:52:37.091+0000] {processor.py:161} INFO - Started process (PID=12283) to work on /home/airflow/.local/lib/python3.12/site-packages/airflow/example_dags/example_latest_only_with_trigger.py
[2026-05-07T04:52:37.092+0000] {processor.py:830} INFO - Processing file /home/airflow/.local/lib/python3.12/site-packages/airflow/example_dags/example_latest_only_with_trigger.py for tasks to queue
[2026-05-07T04:52:37.095+0000] {logging_mixin.py:188} INFO - [2026-05-07T04:52:37.094+0000] {dagbag.py:545} INFO - Filling up the DagBag from /home/airflow/.local/lib/python3.12/site-packages/airflow/example_dags/example_latest_only_with_trigger.py
[2026-05-07T04:52:37.106+0000] {processor.py:840} INFO - DAG(s) 'latest_only_with_trigger' retrieved from /home/airflow/.local/lib/python3.12/site-packages/airflow/example_dags/example_latest_only_with_trigger.py
[2026-05-07T04:52:37.129+0000] {logging_mixin.py:188} INFO - [2026-05-07T04:52:37.129+0000] {dag.py:3089} INFO - Sync 1 DAGs
[2026-05-07T04:52:37.147+0000] {logging_mixin.py:188} INFO - [2026-05-07T04:52:37.147+0000] {dag.py:3947} INFO - Setting next_dagrun for latest_only_with_trigger to 2026-05-07 00:00:00+00:00, run_after=2026-05-07 04:00:00+00:00
[2026-05-07T04:52:37.163+0000] {processor.py:183} INFO - Processing /home/airflow/.local/lib/python3.12/site-packages/airflow/example_dags/example_latest_only_with_trigger.py took 0.078 seconds
[2026-05-07T04:53:07.322+0000] {processor.py:161} INFO - Started process (PID=12350) to work on /home/airflow/.local/lib/python3.12/site-packages/airflow/example_dags/example_latest_only_with_trigger.py
[2026-05-07T04:53:07.325+0000] {processor.py:830} INFO - Processing file /home/airflow/.local/lib/python3.12/site-packages/airflow/example_dags/example_latest_only_with_trigger.py for tasks to queue
[2026-05-07T04:53:07.327+0000] {logging_mixin.py:188} INFO - [2026-05-07T04:53:07.327+0000] {dagbag.py:545} INFO - Filling up the DagBag from /home/airflow/.local/lib/python3.12/site-packages/airflow/example_dags/example_latest_only_with_trigger.py
[2026-05-07T04:53:07.342+0000] {processor.py:840} INFO - DAG(s) 'latest_only_with_trigger' retrieved from /home/airflow/.local/lib/python3.12/site-packages/airflow/example_dags/example_latest_only_with_trigger.py
[2026-05-07T04:53:07.375+0000] {logging_mixin.py:188} INFO - [2026-05-07T04:53:07.374+0000] {dag.py:3089} INFO - Sync 1 DAGs
[2026-05-07T04:53:07.408+0000] {logging_mixin.py:188} INFO - [2026-05-07T04:53:07.408+0000] {dag.py:3947} INFO - Setting next_dagrun for latest_only_with_trigger to 2026-05-07 00:00:00+00:00, run_after=2026-05-07 04:00:00+00:00
[2026-05-07T04:53:07.439+0000] {processor.py:183} INFO - Processing /home/airflow/.local/lib/python3.12/site-packages/airflow/example_dags/example_latest_only_with_trigger.py took 0.124 seconds
[2026-05-07T04:55:34.918+0000] {processor.py:161} INFO - Started process (PID=12408) to work on /home/airflow/.local/lib/python3.12/site-packages/airflow/example_dags/example_latest_only_with_trigger.py
[2026-05-07T04:55:34.920+0000] {processor.py:830} INFO - Processing file /home/airflow/.local/lib/python3.12/site-packages/airflow/example_dags/example_latest_only_with_trigger.py for tasks to queue
[2026-05-07T04:55:34.922+0000] {logging_mixin.py:188} INFO - [2026-05-07T04:55:34.921+0000] {dagbag.py:545} INFO - Filling up the DagBag from /home/airflow/.local/lib/python3.12/site-packages/airflow/example_dags/example_latest_only_with_trigger.py
[2026-05-07T04:55:34.934+0000] {processor.py:840} INFO - DAG(s) 'latest_only_with_trigger' retrieved from /home/airflow/.local/lib/python3.12/site-packages/airflow/example_dags/example_latest_only_with_trigger.py
[2026-05-07T04:55:34.976+0000] {logging_mixin.py:188} INFO - [2026-05-07T04:55:34.975+0000] {dag.py:3089} INFO - Sync 1 DAGs
[2026-05-07T04:55:35.013+0000] {logging_mixin.py:188} INFO - [2026-05-07T04:55:35.013+0000] {dag.py:3947} INFO - Setting next_dagrun for latest_only_with_trigger to 2026-05-07 00:00:00+00:00, run_after=2026-05-07 04:00:00+00:00
[2026-05-07T04:55:35.062+0000] {processor.py:183} INFO - Processing /home/airflow/.local/lib/python3.12/site-packages/airflow/example_dags/example_latest_only_with_trigger.py took 0.158 seconds
[2026-05-07T05:20:14.276+0000] {processor.py:161} INFO - Started process (PID=12456) to work on /home/airflow/.local/lib/python3.12/site-packages/airflow/example_dags/example_latest_only_with_trigger.py
[2026-05-07T05:20:14.278+0000] {processor.py:830} INFO - Processing file /home/airflow/.local/lib/python3.12/site-packages/airflow/example_dags/example_latest_only_with_trigger.py for tasks to queue
[2026-05-07T05:20:14.279+0000] {logging_mixin.py:188} INFO - [2026-05-07T05:20:14.279+0000] {dagbag.py:545} INFO - Filling up the DagBag from /home/airflow/.local/lib/python3.12/site-packages/airflow/example_dags/example_latest_only_with_trigger.py
[2026-05-07T05:20:14.284+0000] {processor.py:840} INFO - DAG(s) 'latest_only_with_trigger' retrieved from /home/airflow/.local/lib/python3.12/site-packages/airflow/example_dags/example_latest_only_with_trigger.py
[2026-05-07T05:20:14.309+0000] {logging_mixin.py:188} INFO - [2026-05-07T05:20:14.309+0000] {dag.py:3089} INFO - Sync 1 DAGs
[2026-05-07T05:20:14.324+0000] {logging_mixin.py:188} INFO - [2026-05-07T05:20:14.324+0000] {dag.py:3947} INFO - Setting next_dagrun for latest_only_with_trigger to 2026-05-07 00:00:00+00:00, run_after=2026-05-07 04:00:00+00:00
[2026-05-07T05:20:14.350+0000] {processor.py:183} INFO - Processing /home/airflow/.local/lib/python3.12/site-packages/airflow/example_dags/example_latest_only_with_trigger.py took 0.078 seconds
[2026-05-07T06:07:44.381+0000] {processor.py:161} INFO - Started process (PID=12483) to work on /home/airflow/.local/lib/python3.12/site-packages/airflow/example_dags/example_latest_only_with_trigger.py
[2026-05-07T06:07:44.383+0000] {processor.py:830} INFO - Processing file /home/airflow/.local/lib/python3.12/site-packages/airflow/example_dags/example_latest_only_with_trigger.py for tasks to queue
[2026-05-07T06:07:44.387+0000] {logging_mixin.py:188} INFO - [2026-05-07T06:07:44.386+0000] {dagbag.py:545} INFO - Filling up the DagBag from /home/airflow/.local/lib/python3.12/site-packages/airflow/example_dags/example_latest_only_with_trigger.py
[2026-05-07T06:07:44.399+0000] {processor.py:840} INFO - DAG(s) 'latest_only_with_trigger' retrieved from /home/airflow/.local/lib/python3.12/site-packages/airflow/example_dags/example_latest_only_with_trigger.py
[2026-05-07T06:07:44.446+0000] {logging_mixin.py:188} INFO - [2026-05-07T06:07:44.446+0000] {dag.py:3089} INFO - Sync 1 DAGs
[2026-05-07T06:07:44.485+0000] {logging_mixin.py:188} INFO - [2026-05-07T06:07:44.484+0000] {dag.py:3947} INFO - Setting next_dagrun for latest_only_with_trigger to 2026-05-07 00:00:00+00:00, run_after=2026-05-07 04:00:00+00:00
[2026-05-07T06:07:44.525+0000] {processor.py:183} INFO - Processing /home/airflow/.local/lib/python3.12/site-packages/airflow/example_dags/example_latest_only_with_trigger.py took 0.157 seconds
[2026-05-07T06:08:15.704+0000] {processor.py:161} INFO - Started process (PID=12551) to work on /home/airflow/.local/lib/python3.12/site-packages/airflow/example_dags/example_latest_only_with_trigger.py
[2026-05-07T06:08:15.706+0000] {processor.py:830} INFO - Processing file /home/airflow/.local/lib/python3.12/site-packages/airflow/example_dags/example_latest_only_with_trigger.py for tasks to queue
[2026-05-07T06:08:15.708+0000] {logging_mixin.py:188} INFO - [2026-05-07T06:08:15.707+0000] {dagbag.py:545} INFO - Filling up the DagBag from /home/airflow/.local/lib/python3.12/site-packages/airflow/example_dags/example_latest_only_with_trigger.py
[2026-05-07T06:08:15.718+0000] {processor.py:840} INFO - DAG(s) 'latest_only_with_trigger' retrieved from /home/airflow/.local/lib/python3.12/site-packages/airflow/example_dags/example_latest_only_with_trigger.py
[2026-05-07T06:08:15.756+0000] {logging_mixin.py:188} INFO - [2026-05-07T06:08:15.755+0000] {dag.py:3089} INFO - Sync 1 DAGs
[2026-05-07T06:08:15.790+0000] {logging_mixin.py:188} INFO - [2026-05-07T06:08:15.790+0000] {dag.py:3947} INFO - Setting next_dagrun for latest_only_with_trigger to 2026-05-07 00:00:00+00:00, run_after=2026-05-07 04:00:00+00:00
[2026-05-07T06:08:15.845+0000] {processor.py:183} INFO - Processing /home/airflow/.local/lib/python3.12/site-packages/airflow/example_dags/example_latest_only_with_trigger.py took 0.150 seconds
[2026-05-07T06:08:46.465+0000] {processor.py:161} INFO - Started process (PID=12619) to work on /home/airflow/.local/lib/python3.12/site-packages/airflow/example_dags/example_latest_only_with_trigger.py
[2026-05-07T06:08:46.466+0000] {processor.py:830} INFO - Processing file /home/airflow/.local/lib/python3.12/site-packages/airflow/example_dags/example_latest_only_with_trigger.py for tasks to queue
[2026-05-07T06:08:46.468+0000] {logging_mixin.py:188} INFO - [2026-05-07T06:08:46.467+0000] {dagbag.py:545} INFO - Filling up the DagBag from /home/airflow/.local/lib/python3.12/site-packages/airflow/example_dags/example_latest_only_with_trigger.py
[2026-05-07T06:08:46.479+0000] {processor.py:840} INFO - DAG(s) 'latest_only_with_trigger' retrieved from /home/airflow/.local/lib/python3.12/site-packages/airflow/example_dags/example_latest_only_with_trigger.py
[2026-05-07T06:08:46.510+0000] {logging_mixin.py:188} INFO - [2026-05-07T06:08:46.510+0000] {dag.py:3089} INFO - Sync 1 DAGs
[2026-05-07T06:08:46.544+0000] {logging_mixin.py:188} INFO - [2026-05-07T06:08:46.544+0000] {dag.py:3947} INFO - Setting next_dagrun for latest_only_with_trigger to 2026-05-07 00:00:00+00:00, run_after=2026-05-07 04:00:00+00:00
[2026-05-07T06:08:46.576+0000] {processor.py:183} INFO - Processing /home/airflow/.local/lib/python3.12/site-packages/airflow/example_dags/example_latest_only_with_trigger.py took 0.121 seconds
[2026-05-07T06:09:17.359+0000] {processor.py:161} INFO - Started process (PID=12687) to work on /home/airflow/.local/lib/python3.12/site-packages/airflow/example_dags/example_latest_only_with_trigger.py
[2026-05-07T06:09:17.361+0000] {processor.py:830} INFO - Processing file /home/airflow/.local/lib/python3.12/site-packages/airflow/example_dags/example_latest_only_with_trigger.py for tasks to queue
[2026-05-07T06:09:17.363+0000] {logging_mixin.py:188} INFO - [2026-05-07T06:09:17.363+0000] {dagbag.py:545} INFO - Filling up the DagBag from /home/airflow/.local/lib/python3.12/site-packages/airflow/example_dags/example_latest_only_with_trigger.py
[2026-05-07T06:09:17.376+0000] {processor.py:840} INFO - DAG(s) 'latest_only_with_trigger' retrieved from /home/airflow/.local/lib/python3.12/site-packages/airflow/example_dags/example_latest_only_with_trigger.py
[2026-05-07T06:09:17.412+0000] {logging_mixin.py:188} INFO - [2026-05-07T06:09:17.412+0000] {dag.py:3089} INFO - Sync 1 DAGs
[2026-05-07T06:09:17.451+0000] {logging_mixin.py:188} INFO - [2026-05-07T06:09:17.450+0000] {dag.py:3947} INFO - Setting next_dagrun for latest_only_with_trigger to 2026-05-07 00:00:00+00:00, run_after=2026-05-07 04:00:00+00:00
[2026-05-07T06:09:17.617+0000] {processor.py:183} INFO - Processing /home/airflow/.local/lib/python3.12/site-packages/airflow/example_dags/example_latest_only_with_trigger.py took 0.271 seconds
[2026-05-07T06:09:47.831+0000] {processor.py:161} INFO - Started process (PID=12755) to work on /home/airflow/.local/lib/python3.12/site-packages/airflow/example_dags/example_latest_only_with_trigger.py
[2026-05-07T06:09:47.836+0000] {processor.py:830} INFO - Processing file /home/airflow/.local/lib/python3.12/site-packages/airflow/example_dags/example_latest_only_with_trigger.py for tasks to queue
[2026-05-07T06:09:47.837+0000] {logging_mixin.py:188} INFO - [2026-05-07T06:09:47.837+0000] {dagbag.py:545} INFO - Filling up the DagBag from /home/airflow/.local/lib/python3.12/site-packages/airflow/example_dags/example_latest_only_with_trigger.py
[2026-05-07T06:09:47.851+0000] {processor.py:840} INFO - DAG(s) 'latest_only_with_trigger' retrieved from /home/airflow/.local/lib/python3.12/site-packages/airflow/example_dags/example_latest_only_with_trigger.py
[2026-05-07T06:09:47.891+0000] {logging_mixin.py:188} INFO - [2026-05-07T06:09:47.890+0000] {dag.py:3089} INFO - Sync 1 DAGs
[2026-05-07T06:09:47.926+0000] {logging_mixin.py:188} INFO - [2026-05-07T06:09:47.926+0000] {dag.py:3947} INFO - Setting next_dagrun for latest_only_with_trigger to 2026-05-07 00:00:00+00:00, run_after=2026-05-07 04:00:00+00:00
[2026-05-07T06:09:47.985+0000] {processor.py:183} INFO - Processing /home/airflow/.local/lib/python3.12/site-packages/airflow/example_dags/example_latest_only_with_trigger.py took 0.166 seconds
[2026-05-07T06:10:18.961+0000] {processor.py:161} INFO - Started process (PID=12823) to work on /home/airflow/.local/lib/python3.12/site-packages/airflow/example_dags/example_latest_only_with_trigger.py
[2026-05-07T06:10:18.963+0000] {processor.py:830} INFO - Processing file /home/airflow/.local/lib/python3.12/site-packages/airflow/example_dags/example_latest_only_with_trigger.py for tasks to queue
[2026-05-07T06:10:18.965+0000] {logging_mixin.py:188} INFO - [2026-05-07T06:10:18.965+0000] {dagbag.py:545} INFO - Filling up the DagBag from /home/airflow/.local/lib/python3.12/site-packages/airflow/example_dags/example_latest_only_with_trigger.py
[2026-05-07T06:10:18.976+0000] {processor.py:840} INFO - DAG(s) 'latest_only_with_trigger' retrieved from /home/airflow/.local/lib/python3.12/site-packages/airflow/example_dags/example_latest_only_with_trigger.py
[2026-05-07T06:10:19.017+0000] {logging_mixin.py:188} INFO - [2026-05-07T06:10:19.016+0000] {dag.py:3089} INFO - Sync 1 DAGs
[2026-05-07T06:10:19.051+0000] {logging_mixin.py:188} INFO - [2026-05-07T06:10:19.050+0000] {dag.py:3947} INFO - Setting next_dagrun for latest_only_with_trigger to 2026-05-07 00:00:00+00:00, run_after=2026-05-07 04:00:00+00:00
[2026-05-07T06:10:19.206+0000] {processor.py:183} INFO - Processing /home/airflow/.local/lib/python3.12/site-packages/airflow/example_dags/example_latest_only_with_trigger.py took 0.262 seconds
[2026-05-07T06:10:49.686+0000] {processor.py:161} INFO - Started process (PID=12898) to work on /home/airflow/.local/lib/python3.12/site-packages/airflow/example_dags/example_latest_only_with_trigger.py
[2026-05-07T06:10:49.688+0000] {processor.py:830} INFO - Processing file /home/airflow/.local/lib/python3.12/site-packages/airflow/example_dags/example_latest_only_with_trigger.py for tasks to queue
[2026-05-07T06:10:49.690+0000] {logging_mixin.py:188} INFO - [2026-05-07T06:10:49.689+0000] {dagbag.py:545} INFO - Filling up the DagBag from /home/airflow/.local/lib/python3.12/site-packages/airflow/example_dags/example_latest_only_with_trigger.py
[2026-05-07T06:10:49.700+0000] {processor.py:840} INFO - DAG(s) 'latest_only_with_trigger' retrieved from /home/airflow/.local/lib/python3.12/site-packages/airflow/example_dags/example_latest_only_with_trigger.py
[2026-05-07T06:10:49.733+0000] {logging_mixin.py:188} INFO - [2026-05-07T06:10:49.733+0000] {dag.py:3089} INFO - Sync 1 DAGs
[2026-05-07T06:10:49.764+0000] {logging_mixin.py:188} INFO - [2026-05-07T06:10:49.764+0000] {dag.py:3947} INFO - Setting next_dagrun for latest_only_with_trigger to 2026-05-07 00:00:00+00:00, run_after=2026-05-07 04:00:00+00:00
[2026-05-07T06:10:49.820+0000] {processor.py:183} INFO - Processing /home/airflow/.local/lib/python3.12/site-packages/airflow/example_dags/example_latest_only_with_trigger.py took 0.145 seconds
[2026-05-07T06:11:20.467+0000] {processor.py:161} INFO - Started process (PID=12966) to work on /home/airflow/.local/lib/python3.12/site-packages/airflow/example_dags/example_latest_only_with_trigger.py
[2026-05-07T06:11:20.470+0000] {processor.py:830} INFO - Processing file /home/airflow/.local/lib/python3.12/site-packages/airflow/example_dags/example_latest_only_with_trigger.py for tasks to queue
[2026-05-07T06:11:20.471+0000] {logging_mixin.py:188} INFO - [2026-05-07T06:11:20.471+0000] {dagbag.py:545} INFO - Filling up the DagBag from /home/airflow/.local/lib/python3.12/site-packages/airflow/example_dags/example_latest_only_with_trigger.py
[2026-05-07T06:11:20.480+0000] {processor.py:840} INFO - DAG(s) 'latest_only_with_trigger' retrieved from /home/airflow/.local/lib/python3.12/site-packages/airflow/example_dags/example_latest_only_with_trigger.py
[2026-05-07T06:11:20.517+0000] {logging_mixin.py:188} INFO - [2026-05-07T06:11:20.517+0000] {dag.py:3089} INFO - Sync 1 DAGs
[2026-05-07T06:11:20.548+0000] {logging_mixin.py:188} INFO - [2026-05-07T06:11:20.547+0000] {dag.py:3947} INFO - Setting next_dagrun for latest_only_with_trigger to 2026-05-07 00:00:00+00:00, run_after=2026-05-07 04:00:00+00:00
[2026-05-07T06:11:20.580+0000] {processor.py:183} INFO - Processing /home/airflow/.local/lib/python3.12/site-packages/airflow/example_dags/example_latest_only_with_trigger.py took 0.122 seconds
[2026-05-07T06:11:51.388+0000] {processor.py:161} INFO - Started process (PID=13034) to work on /home/airflow/.local/lib/python3.12/site-packages/airflow/example_dags/example_latest_only_with_trigger.py
[2026-05-07T06:11:51.390+0000] {processor.py:830} INFO - Processing file /home/airflow/.local/lib/python3.12/site-packages/airflow/example_dags/example_latest_only_with_trigger.py for tasks to queue
[2026-05-07T06:11:51.392+0000] {logging_mixin.py:188} INFO - [2026-05-07T06:11:51.391+0000] {dagbag.py:545} INFO - Filling up the DagBag from /home/airflow/.local/lib/python3.12/site-packages/airflow/example_dags/example_latest_only_with_trigger.py
[2026-05-07T06:11:51.402+0000] {processor.py:840} INFO - DAG(s) 'latest_only_with_trigger' retrieved from /home/airflow/.local/lib/python3.12/site-packages/airflow/example_dags/example_latest_only_with_trigger.py
[2026-05-07T06:11:51.444+0000] {logging_mixin.py:188} INFO - [2026-05-07T06:11:51.444+0000] {dag.py:3089} INFO - Sync 1 DAGs
[2026-05-07T06:11:51.483+0000] {logging_mixin.py:188} INFO - [2026-05-07T06:11:51.483+0000] {dag.py:3947} INFO - Setting next_dagrun for latest_only_with_trigger to 2026-05-07 00:00:00+00:00, run_after=2026-05-07 04:00:00+00:00
[2026-05-07T06:11:51.521+0000] {processor.py:183} INFO - Processing /home/airflow/.local/lib/python3.12/site-packages/airflow/example_dags/example_latest_only_with_trigger.py took 0.144 seconds
[2026-05-07T06:12:21.793+0000] {processor.py:161} INFO - Started process (PID=13102) to work on /home/airflow/.local/lib/python3.12/site-packages/airflow/example_dags/example_latest_only_with_trigger.py
[2026-05-07T06:12:21.795+0000] {processor.py:830} INFO - Processing file /home/airflow/.local/lib/python3.12/site-packages/airflow/example_dags/example_latest_only_with_trigger.py for tasks to queue
[2026-05-07T06:12:21.798+0000] {logging_mixin.py:188} INFO - [2026-05-07T06:12:21.797+0000] {dagbag.py:545} INFO - Filling up the DagBag from /home/airflow/.local/lib/python3.12/site-packages/airflow/example_dags/example_latest_only_with_trigger.py
[2026-05-07T06:12:21.809+0000] {processor.py:840} INFO - DAG(s) 'latest_only_with_trigger' retrieved from /home/airflow/.local/lib/python3.12/site-packages/airflow/example_dags/example_latest_only_with_trigger.py
[2026-05-07T06:12:21.845+0000] {logging_mixin.py:188} INFO - [2026-05-07T06:12:21.844+0000] {dag.py:3089} INFO - Sync 1 DAGs
[2026-05-07T06:12:21.879+0000] {logging_mixin.py:188} INFO - [2026-05-07T06:12:21.879+0000] {dag.py:3947} INFO - Setting next_dagrun for latest_only_with_trigger to 2026-05-07 00:00:00+00:00, run_after=2026-05-07 04:00:00+00:00
[2026-05-07T06:12:21.938+0000] {processor.py:183} INFO - Processing /home/airflow/.local/lib/python3.12/site-packages/airflow/example_dags/example_latest_only_with_trigger.py took 0.156 seconds
[2026-05-07T06:12:53.369+0000] {processor.py:161} INFO - Started process (PID=13170) to work on /home/airflow/.local/lib/python3.12/site-packages/airflow/example_dags/example_latest_only_with_trigger.py
[2026-05-07T06:12:53.371+0000] {processor.py:830} INFO - Processing file /home/airflow/.local/lib/python3.12/site-packages/airflow/example_dags/example_latest_only_with_trigger.py for tasks to queue
[2026-05-07T06:12:53.373+0000] {logging_mixin.py:188} INFO - [2026-05-07T06:12:53.372+0000] {dagbag.py:545} INFO - Filling up the DagBag from /home/airflow/.local/lib/python3.12/site-packages/airflow/example_dags/example_latest_only_with_trigger.py
[2026-05-07T06:12:53.382+0000] {processor.py:840} INFO - DAG(s) 'latest_only_with_trigger' retrieved from /home/airflow/.local/lib/python3.12/site-packages/airflow/example_dags/example_latest_only_with_trigger.py
[2026-05-07T06:12:53.425+0000] {logging_mixin.py:188} INFO - [2026-05-07T06:12:53.424+0000] {dag.py:3089} INFO - Sync 1 DAGs
[2026-05-07T06:12:53.459+0000] {logging_mixin.py:188} INFO - [2026-05-07T06:12:53.458+0000] {dag.py:3947} INFO - Setting next_dagrun for latest_only_with_trigger to 2026-05-07 00:00:00+00:00, run_after=2026-05-07 04:00:00+00:00
[2026-05-07T06:12:53.519+0000] {processor.py:183} INFO - Processing /home/airflow/.local/lib/python3.12/site-packages/airflow/example_dags/example_latest_only_with_trigger.py took 0.159 seconds
[2026-05-07T06:13:23.746+0000] {processor.py:161} INFO - Started process (PID=13244) to work on /home/airflow/.local/lib/python3.12/site-packages/airflow/example_dags/example_latest_only_with_trigger.py
[2026-05-07T06:13:23.749+0000] {processor.py:830} INFO - Processing file /home/airflow/.local/lib/python3.12/site-packages/airflow/example_dags/example_latest_only_with_trigger.py for tasks to queue
[2026-05-07T06:13:23.750+0000] {logging_mixin.py:188} INFO - [2026-05-07T06:13:23.750+0000] {dagbag.py:545} INFO - Filling up the DagBag from /home/airflow/.local/lib/python3.12/site-packages/airflow/example_dags/example_latest_only_with_trigger.py
[2026-05-07T06:13:23.761+0000] {processor.py:840} INFO - DAG(s) 'latest_only_with_trigger' retrieved from /home/airflow/.local/lib/python3.12/site-packages/airflow/example_dags/example_latest_only_with_trigger.py
[2026-05-07T06:13:23.800+0000] {logging_mixin.py:188} INFO - [2026-05-07T06:13:23.799+0000] {dag.py:3089} INFO - Sync 1 DAGs
[2026-05-07T06:13:23.838+0000] {logging_mixin.py:188} INFO - [2026-05-07T06:13:23.838+0000] {dag.py:3947} INFO - Setting next_dagrun for latest_only_with_trigger to 2026-05-07 00:00:00+00:00, run_after=2026-05-07 04:00:00+00:00
[2026-05-07T06:13:23.880+0000] {processor.py:183} INFO - Processing /home/airflow/.local/lib/python3.12/site-packages/airflow/example_dags/example_latest_only_with_trigger.py took 0.143 seconds
[2026-05-07T06:13:54.377+0000] {processor.py:161} INFO - Started process (PID=13312) to work on /home/airflow/.local/lib/python3.12/site-packages/airflow/example_dags/example_latest_only_with_trigger.py
[2026-05-07T06:13:54.379+0000] {processor.py:830} INFO - Processing file /home/airflow/.local/lib/python3.12/site-packages/airflow/example_dags/example_latest_only_with_trigger.py for tasks to queue
[2026-05-07T06:13:54.381+0000] {logging_mixin.py:188} INFO - [2026-05-07T06:13:54.381+0000] {dagbag.py:545} INFO - Filling up the DagBag from /home/airflow/.local/lib/python3.12/site-packages/airflow/example_dags/example_latest_only_with_trigger.py
[2026-05-07T06:13:54.392+0000] {processor.py:840} INFO - DAG(s) 'latest_only_with_trigger' retrieved from /home/airflow/.local/lib/python3.12/site-packages/airflow/example_dags/example_latest_only_with_trigger.py
[2026-05-07T06:13:54.428+0000] {logging_mixin.py:188} INFO - [2026-05-07T06:13:54.427+0000] {dag.py:3089} INFO - Sync 1 DAGs
[2026-05-07T06:13:54.462+0000] {logging_mixin.py:188} INFO - [2026-05-07T06:13:54.462+0000] {dag.py:3947} INFO - Setting next_dagrun for latest_only_with_trigger to 2026-05-07 00:00:00+00:00, run_after=2026-05-07 04:00:00+00:00
[2026-05-07T06:13:54.521+0000] {processor.py:183} INFO - Processing /home/airflow/.local/lib/python3.12/site-packages/airflow/example_dags/example_latest_only_with_trigger.py took 0.154 seconds
[2026-05-07T06:14:24.602+0000] {processor.py:161} INFO - Started process (PID=13380) to work on /home/airflow/.local/lib/python3.12/site-packages/airflow/example_dags/example_latest_only_with_trigger.py
[2026-05-07T06:14:24.604+0000] {processor.py:830} INFO - Processing file /home/airflow/.local/lib/python3.12/site-packages/airflow/example_dags/example_latest_only_with_trigger.py for tasks to queue
[2026-05-07T06:14:24.606+0000] {logging_mixin.py:188} INFO - [2026-05-07T06:14:24.605+0000] {dagbag.py:545} INFO - Filling up the DagBag from /home/airflow/.local/lib/python3.12/site-packages/airflow/example_dags/example_latest_only_with_trigger.py
[2026-05-07T06:14:24.617+0000] {processor.py:840} INFO - DAG(s) 'latest_only_with_trigger' retrieved from /home/airflow/.local/lib/python3.12/site-packages/airflow/example_dags/example_latest_only_with_trigger.py
[2026-05-07T06:14:24.654+0000] {logging_mixin.py:188} INFO - [2026-05-07T06:14:24.653+0000] {dag.py:3089} INFO - Sync 1 DAGs
[2026-05-07T06:14:24.683+0000] {logging_mixin.py:188} INFO - [2026-05-07T06:14:24.683+0000] {dag.py:3947} INFO - Setting next_dagrun for latest_only_with_trigger to 2026-05-07 00:00:00+00:00, run_after=2026-05-07 04:00:00+00:00
[2026-05-07T06:14:24.722+0000] {processor.py:183} INFO - Processing /home/airflow/.local/lib/python3.12/site-packages/airflow/example_dags/example_latest_only_with_trigger.py took 0.129 seconds
[2026-05-07T06:14:55.022+0000] {processor.py:161} INFO - Started process (PID=13448) to work on /home/airflow/.local/lib/python3.12/site-packages/airflow/example_dags/example_latest_only_with_trigger.py
[2026-05-07T06:14:55.025+0000] {processor.py:830} INFO - Processing file /home/airflow/.local/lib/python3.12/site-packages/airflow/example_dags/example_latest_only_with_trigger.py for tasks to queue
[2026-05-07T06:14:55.026+0000] {logging_mixin.py:188} INFO - [2026-05-07T06:14:55.026+0000] {dagbag.py:545} INFO - Filling up the DagBag from /home/airflow/.local/lib/python3.12/site-packages/airflow/example_dags/example_latest_only_with_trigger.py
[2026-05-07T06:14:55.036+0000] {processor.py:840} INFO - DAG(s) 'latest_only_with_trigger' retrieved from /home/airflow/.local/lib/python3.12/site-packages/airflow/example_dags/example_latest_only_with_trigger.py
[2026-05-07T06:14:55.073+0000] {logging_mixin.py:188} INFO - [2026-05-07T06:14:55.073+0000] {dag.py:3089} INFO - Sync 1 DAGs
[2026-05-07T06:14:55.104+0000] {logging_mixin.py:188} INFO - [2026-05-07T06:14:55.104+0000] {dag.py:3947} INFO - Setting next_dagrun for latest_only_with_trigger to 2026-05-07 00:00:00+00:00, run_after=2026-05-07 04:00:00+00:00
[2026-05-07T06:14:55.140+0000] {processor.py:183} INFO - Processing /home/airflow/.local/lib/python3.12/site-packages/airflow/example_dags/example_latest_only_with_trigger.py took 0.127 seconds
[2026-05-07T06:15:25.832+0000] {processor.py:161} INFO - Started process (PID=13515) to work on /home/airflow/.local/lib/python3.12/site-packages/airflow/example_dags/example_latest_only_with_trigger.py
[2026-05-07T06:15:25.834+0000] {processor.py:830} INFO - Processing file /home/airflow/.local/lib/python3.12/site-packages/airflow/example_dags/example_latest_only_with_trigger.py for tasks to queue
[2026-05-07T06:15:25.835+0000] {logging_mixin.py:188} INFO - [2026-05-07T06:15:25.835+0000] {dagbag.py:545} INFO - Filling up the DagBag from /home/airflow/.local/lib/python3.12/site-packages/airflow/example_dags/example_latest_only_with_trigger.py
[2026-05-07T06:15:25.844+0000] {processor.py:840} INFO - DAG(s) 'latest_only_with_trigger' retrieved from /home/airflow/.local/lib/python3.12/site-packages/airflow/example_dags/example_latest_only_with_trigger.py
[2026-05-07T06:15:25.887+0000] {logging_mixin.py:188} INFO - [2026-05-07T06:15:25.886+0000] {dag.py:3089} INFO - Sync 1 DAGs
[2026-05-07T06:15:25.929+0000] {logging_mixin.py:188} INFO - [2026-05-07T06:15:25.928+0000] {dag.py:3947} INFO - Setting next_dagrun for latest_only_with_trigger to 2026-05-07 00:00:00+00:00, run_after=2026-05-07 04:00:00+00:00
[2026-05-07T06:15:25.962+0000] {processor.py:183} INFO - Processing /home/airflow/.local/lib/python3.12/site-packages/airflow/example_dags/example_latest_only_with_trigger.py took 0.139 seconds
[2026-05-07T06:15:56.878+0000] {processor.py:161} INFO - Started process (PID=13584) to work on /home/airflow/.local/lib/python3.12/site-packages/airflow/example_dags/example_latest_only_with_trigger.py
[2026-05-07T06:15:56.881+0000] {processor.py:830} INFO - Processing file /home/airflow/.local/lib/python3.12/site-packages/airflow/example_dags/example_latest_only_with_trigger.py for tasks to queue
[2026-05-07T06:15:56.883+0000] {logging_mixin.py:188} INFO - [2026-05-07T06:15:56.883+0000] {dagbag.py:545} INFO - Filling up the DagBag from /home/airflow/.local/lib/python3.12/site-packages/airflow/example_dags/example_latest_only_with_trigger.py
[2026-05-07T06:15:56.896+0000] {processor.py:840} INFO - DAG(s) 'latest_only_with_trigger' retrieved from /home/airflow/.local/lib/python3.12/site-packages/airflow/example_dags/example_latest_only_with_trigger.py
[2026-05-07T06:15:56.935+0000] {logging_mixin.py:188} INFO - [2026-05-07T06:15:56.935+0000] {dag.py:3089} INFO - Sync 1 DAGs
[2026-05-07T06:15:56.969+0000] {logging_mixin.py:188} INFO - [2026-05-07T06:15:56.969+0000] {dag.py:3947} INFO - Setting next_dagrun for latest_only_with_trigger to 2026-05-07 00:00:00+00:00, run_after=2026-05-07 04:00:00+00:00
[2026-05-07T06:15:57.012+0000] {processor.py:183} INFO - Processing /home/airflow/.local/lib/python3.12/site-packages/airflow/example_dags/example_latest_only_with_trigger.py took 0.147 seconds
[2026-05-07T06:16:27.539+0000] {processor.py:161} INFO - Started process (PID=13659) to work on /home/airflow/.local/lib/python3.12/site-packages/airflow/example_dags/example_latest_only_with_trigger.py
[2026-05-07T06:16:27.541+0000] {processor.py:830} INFO - Processing file /home/airflow/.local/lib/python3.12/site-packages/airflow/example_dags/example_latest_only_with_trigger.py for tasks to queue
[2026-05-07T06:16:27.542+0000] {logging_mixin.py:188} INFO - [2026-05-07T06:16:27.542+0000] {dagbag.py:545} INFO - Filling up the DagBag from /home/airflow/.local/lib/python3.12/site-packages/airflow/example_dags/example_latest_only_with_trigger.py
[2026-05-07T06:16:27.553+0000] {processor.py:840} INFO - DAG(s) 'latest_only_with_trigger' retrieved from /home/airflow/.local/lib/python3.12/site-packages/airflow/example_dags/example_latest_only_with_trigger.py
[2026-05-07T06:16:27.592+0000] {logging_mixin.py:188} INFO - [2026-05-07T06:16:27.591+0000] {dag.py:3089} INFO - Sync 1 DAGs
[2026-05-07T06:16:27.629+0000] {logging_mixin.py:188} INFO - [2026-05-07T06:16:27.628+0000] {dag.py:3947} INFO - Setting next_dagrun for latest_only_with_trigger to 2026-05-07 00:00:00+00:00, run_after=2026-05-07 04:00:00+00:00
[2026-05-07T06:16:27.702+0000] {processor.py:183} INFO - Processing /home/airflow/.local/lib/python3.12/site-packages/airflow/example_dags/example_latest_only_with_trigger.py took 0.175 seconds
[2026-05-07T06:16:58.322+0000] {processor.py:161} INFO - Started process (PID=13727) to work on /home/airflow/.local/lib/python3.12/site-packages/airflow/example_dags/example_latest_only_with_trigger.py
[2026-05-07T06:16:58.324+0000] {processor.py:830} INFO - Processing file /home/airflow/.local/lib/python3.12/site-packages/airflow/example_dags/example_latest_only_with_trigger.py for tasks to queue
[2026-05-07T06:16:58.326+0000] {logging_mixin.py:188} INFO - [2026-05-07T06:16:58.325+0000] {dagbag.py:545} INFO - Filling up the DagBag from /home/airflow/.local/lib/python3.12/site-packages/airflow/example_dags/example_latest_only_with_trigger.py
[2026-05-07T06:16:58.335+0000] {processor.py:840} INFO - DAG(s) 'latest_only_with_trigger' retrieved from /home/airflow/.local/lib/python3.12/site-packages/airflow/example_dags/example_latest_only_with_trigger.py
[2026-05-07T06:16:58.371+0000] {logging_mixin.py:188} INFO - [2026-05-07T06:16:58.370+0000] {dag.py:3089} INFO - Sync 1 DAGs
[2026-05-07T06:16:58.407+0000] {logging_mixin.py:188} INFO - [2026-05-07T06:16:58.407+0000] {dag.py:3947} INFO - Setting next_dagrun for latest_only_with_trigger to 2026-05-07 00:00:00+00:00, run_after=2026-05-07 04:00:00+00:00
[2026-05-07T06:16:58.469+0000] {processor.py:183} INFO - Processing /home/airflow/.local/lib/python3.12/site-packages/airflow/example_dags/example_latest_only_with_trigger.py took 0.156 seconds
[2026-05-07T06:17:28.929+0000] {processor.py:161} INFO - Started process (PID=13795) to work on /home/airflow/.local/lib/python3.12/site-packages/airflow/example_dags/example_latest_only_with_trigger.py
[2026-05-07T06:17:28.931+0000] {processor.py:830} INFO - Processing file /home/airflow/.local/lib/python3.12/site-packages/airflow/example_dags/example_latest_only_with_trigger.py for tasks to queue
[2026-05-07T06:17:28.933+0000] {logging_mixin.py:188} INFO - [2026-05-07T06:17:28.932+0000] {dagbag.py:545} INFO - Filling up the DagBag from /home/airflow/.local/lib/python3.12/site-packages/airflow/example_dags/example_latest_only_with_trigger.py
[2026-05-07T06:17:28.942+0000] {processor.py:840} INFO - DAG(s) 'latest_only_with_trigger' retrieved from /home/airflow/.local/lib/python3.12/site-packages/airflow/example_dags/example_latest_only_with_trigger.py
[2026-05-07T06:17:28.975+0000] {logging_mixin.py:188} INFO - [2026-05-07T06:17:28.974+0000] {dag.py:3089} INFO - Sync 1 DAGs
[2026-05-07T06:17:29.010+0000] {logging_mixin.py:188} INFO - [2026-05-07T06:17:29.009+0000] {dag.py:3947} INFO - Setting next_dagrun for latest_only_with_trigger to 2026-05-07 00:00:00+00:00, run_after=2026-05-07 04:00:00+00:00
[2026-05-07T06:17:29.043+0000] {processor.py:183} INFO - Processing /home/airflow/.local/lib/python3.12/site-packages/airflow/example_dags/example_latest_only_with_trigger.py took 0.126 seconds
[2026-05-07T06:17:59.405+0000] {processor.py:161} INFO - Started process (PID=13864) to work on /home/airflow/.local/lib/python3.12/site-packages/airflow/example_dags/example_latest_only_with_trigger.py
[2026-05-07T06:17:59.407+0000] {processor.py:830} INFO - Processing file /home/airflow/.local/lib/python3.12/site-packages/airflow/example_dags/example_latest_only_with_trigger.py for tasks to queue
[2026-05-07T06:17:59.408+0000] {logging_mixin.py:188} INFO - [2026-05-07T06:17:59.408+0000] {dagbag.py:545} INFO - Filling up the DagBag from /home/airflow/.local/lib/python3.12/site-packages/airflow/example_dags/example_latest_only_with_trigger.py
[2026-05-07T06:17:59.418+0000] {processor.py:840} INFO - DAG(s) 'latest_only_with_trigger' retrieved from /home/airflow/.local/lib/python3.12/site-packages/airflow/example_dags/example_latest_only_with_trigger.py
[2026-05-07T06:17:59.455+0000] {logging_mixin.py:188} INFO - [2026-05-07T06:17:59.454+0000] {dag.py:3089} INFO - Sync 1 DAGs
[2026-05-07T06:17:59.494+0000] {logging_mixin.py:188} INFO - [2026-05-07T06:17:59.493+0000] {dag.py:3947} INFO - Setting next_dagrun for latest_only_with_trigger to 2026-05-07 00:00:00+00:00, run_after=2026-05-07 04:00:00+00:00
[2026-05-07T06:17:59.548+0000] {processor.py:183} INFO - Processing /home/airflow/.local/lib/python3.12/site-packages/airflow/example_dags/example_latest_only_with_trigger.py took 0.153 seconds
[2026-05-07T06:18:30.016+0000] {processor.py:161} INFO - Started process (PID=13931) to work on /home/airflow/.local/lib/python3.12/site-packages/airflow/example_dags/example_latest_only_with_trigger.py
[2026-05-07T06:18:30.018+0000] {processor.py:830} INFO - Processing file /home/airflow/.local/lib/python3.12/site-packages/airflow/example_dags/example_latest_only_with_trigger.py for tasks to queue
[2026-05-07T06:18:30.020+0000] {logging_mixin.py:188} INFO - [2026-05-07T06:18:30.020+0000] {dagbag.py:545} INFO - Filling up the DagBag from /home/airflow/.local/lib/python3.12/site-packages/airflow/example_dags/example_latest_only_with_trigger.py
[2026-05-07T06:18:30.034+0000] {processor.py:840} INFO - DAG(s) 'latest_only_with_trigger' retrieved from /home/airflow/.local/lib/python3.12/site-packages/airflow/example_dags/example_latest_only_with_trigger.py
[2026-05-07T06:18:30.105+0000] {logging_mixin.py:188} INFO - [2026-05-07T06:18:30.104+0000] {dag.py:3089} INFO - Sync 1 DAGs
[2026-05-07T06:18:30.146+0000] {logging_mixin.py:188} INFO - [2026-05-07T06:18:30.145+0000] {dag.py:3947} INFO - Setting next_dagrun for latest_only_with_trigger to 2026-05-07 00:00:00+00:00, run_after=2026-05-07 04:00:00+00:00
[2026-05-07T06:18:30.320+0000] {processor.py:183} INFO - Processing /home/airflow/.local/lib/python3.12/site-packages/airflow/example_dags/example_latest_only_with_trigger.py took 0.317 seconds
[2026-05-07T06:19:00.462+0000] {processor.py:161} INFO - Started process (PID=13999) to work on /home/airflow/.local/lib/python3.12/site-packages/airflow/example_dags/example_latest_only_with_trigger.py
[2026-05-07T06:19:00.464+0000] {processor.py:830} INFO - Processing file /home/airflow/.local/lib/python3.12/site-packages/airflow/example_dags/example_latest_only_with_trigger.py for tasks to queue
[2026-05-07T06:19:00.466+0000] {logging_mixin.py:188} INFO - [2026-05-07T06:19:00.466+0000] {dagbag.py:545} INFO - Filling up the DagBag from /home/airflow/.local/lib/python3.12/site-packages/airflow/example_dags/example_latest_only_with_trigger.py
[2026-05-07T06:19:00.477+0000] {processor.py:840} INFO - DAG(s) 'latest_only_with_trigger' retrieved from /home/airflow/.local/lib/python3.12/site-packages/airflow/example_dags/example_latest_only_with_trigger.py
[2026-05-07T06:19:00.516+0000] {logging_mixin.py:188} INFO - [2026-05-07T06:19:00.515+0000] {dag.py:3089} INFO - Sync 1 DAGs
[2026-05-07T06:19:00.546+0000] {logging_mixin.py:188} INFO - [2026-05-07T06:19:00.546+0000] {dag.py:3947} INFO - Setting next_dagrun for latest_only_with_trigger to 2026-05-07 00:00:00+00:00, run_after=2026-05-07 04:00:00+00:00
[2026-05-07T06:19:00.580+0000] {processor.py:183} INFO - Processing /home/airflow/.local/lib/python3.12/site-packages/airflow/example_dags/example_latest_only_with_trigger.py took 0.131 seconds
[2026-05-07T06:19:30.925+0000] {processor.py:161} INFO - Started process (PID=14074) to work on /home/airflow/.local/lib/python3.12/site-packages/airflow/example_dags/example_latest_only_with_trigger.py
[2026-05-07T06:19:30.927+0000] {processor.py:830} INFO - Processing file /home/airflow/.local/lib/python3.12/site-packages/airflow/example_dags/example_latest_only_with_trigger.py for tasks to queue
[2026-05-07T06:19:30.928+0000] {logging_mixin.py:188} INFO - [2026-05-07T06:19:30.928+0000] {dagbag.py:545} INFO - Filling up the DagBag from /home/airflow/.local/lib/python3.12/site-packages/airflow/example_dags/example_latest_only_with_trigger.py
[2026-05-07T06:19:30.938+0000] {processor.py:840} INFO - DAG(s) 'latest_only_with_trigger' retrieved from /home/airflow/.local/lib/python3.12/site-packages/airflow/example_dags/example_latest_only_with_trigger.py
[2026-05-07T06:19:30.971+0000] {logging_mixin.py:188} INFO - [2026-05-07T06:19:30.971+0000] {dag.py:3089} INFO - Sync 1 DAGs
[2026-05-07T06:19:31.004+0000] {logging_mixin.py:188} INFO - [2026-05-07T06:19:31.003+0000] {dag.py:3947} INFO - Setting next_dagrun for latest_only_with_trigger to 2026-05-07 00:00:00+00:00, run_after=2026-05-07 04:00:00+00:00
[2026-05-07T06:19:31.070+0000] {processor.py:183} INFO - Processing /home/airflow/.local/lib/python3.12/site-packages/airflow/example_dags/example_latest_only_with_trigger.py took 0.154 seconds
[2026-05-07T06:20:01.769+0000] {processor.py:161} INFO - Started process (PID=14142) to work on /home/airflow/.local/lib/python3.12/site-packages/airflow/example_dags/example_latest_only_with_trigger.py
[2026-05-07T06:20:01.771+0000] {processor.py:830} INFO - Processing file /home/airflow/.local/lib/python3.12/site-packages/airflow/example_dags/example_latest_only_with_trigger.py for tasks to queue
[2026-05-07T06:20:01.772+0000] {logging_mixin.py:188} INFO - [2026-05-07T06:20:01.772+0000] {dagbag.py:545} INFO - Filling up the DagBag from /home/airflow/.local/lib/python3.12/site-packages/airflow/example_dags/example_latest_only_with_trigger.py
[2026-05-07T06:20:01.788+0000] {processor.py:840} INFO - DAG(s) 'latest_only_with_trigger' retrieved from /home/airflow/.local/lib/python3.12/site-packages/airflow/example_dags/example_latest_only_with_trigger.py
[2026-05-07T06:20:01.841+0000] {logging_mixin.py:188} INFO - [2026-05-07T06:20:01.841+0000] {dag.py:3089} INFO - Sync 1 DAGs
[2026-05-07T06:20:01.886+0000] {logging_mixin.py:188} INFO - [2026-05-07T06:20:01.885+0000] {dag.py:3947} INFO - Setting next_dagrun for latest_only_with_trigger to 2026-05-07 00:00:00+00:00, run_after=2026-05-07 04:00:00+00:00
[2026-05-07T06:20:01.952+0000] {processor.py:183} INFO - Processing /home/airflow/.local/lib/python3.12/site-packages/airflow/example_dags/example_latest_only_with_trigger.py took 0.195 seconds
