[2026-05-07T04:50:04.985+0000] {processor.py:161} INFO - Started process (PID=11934) to work on /home/airflow/.local/lib/python3.12/site-packages/airflow/example_dags/example_branch_python_dop_operator_3.py
[2026-05-07T04:50:04.987+0000] {processor.py:830} INFO - Processing file /home/airflow/.local/lib/python3.12/site-packages/airflow/example_dags/example_branch_python_dop_operator_3.py for tasks to queue
[2026-05-07T04:50:04.989+0000] {logging_mixin.py:188} INFO - [2026-05-07T04:50:04.988+0000] {dagbag.py:545} INFO - Filling up the DagBag from /home/airflow/.local/lib/python3.12/site-packages/airflow/example_dags/example_branch_python_dop_operator_3.py
[2026-05-07T04:50:05.001+0000] {processor.py:840} INFO - DAG(s) 'example_branch_dop_operator_v3' retrieved from /home/airflow/.local/lib/python3.12/site-packages/airflow/example_dags/example_branch_python_dop_operator_3.py
[2026-05-07T04:50:05.041+0000] {logging_mixin.py:188} INFO - [2026-05-07T04:50:05.040+0000] {dag.py:3089} INFO - Sync 1 DAGs
[2026-05-07T04:50:05.067+0000] {logging_mixin.py:188} INFO - [2026-05-07T04:50:05.067+0000] {dag.py:3947} INFO - Setting next_dagrun for example_branch_dop_operator_v3 to 2026-05-07 04:49:00+00:00, run_after=2026-05-07 04:50:00+00:00
[2026-05-07T04:50:05.088+0000] {processor.py:183} INFO - Processing /home/airflow/.local/lib/python3.12/site-packages/airflow/example_dags/example_branch_python_dop_operator_3.py took 0.110 seconds
[2026-05-07T04:50:35.650+0000] {processor.py:161} INFO - Started process (PID=12002) to work on /home/airflow/.local/lib/python3.12/site-packages/airflow/example_dags/example_branch_python_dop_operator_3.py
[2026-05-07T04:50:35.652+0000] {processor.py:830} INFO - Processing file /home/airflow/.local/lib/python3.12/site-packages/airflow/example_dags/example_branch_python_dop_operator_3.py for tasks to queue
[2026-05-07T04:50:35.653+0000] {logging_mixin.py:188} INFO - [2026-05-07T04:50:35.653+0000] {dagbag.py:545} INFO - Filling up the DagBag from /home/airflow/.local/lib/python3.12/site-packages/airflow/example_dags/example_branch_python_dop_operator_3.py
[2026-05-07T04:50:35.665+0000] {processor.py:840} INFO - DAG(s) 'example_branch_dop_operator_v3' retrieved from /home/airflow/.local/lib/python3.12/site-packages/airflow/example_dags/example_branch_python_dop_operator_3.py
[2026-05-07T04:50:35.701+0000] {logging_mixin.py:188} INFO - [2026-05-07T04:50:35.700+0000] {dag.py:3089} INFO - Sync 1 DAGs
[2026-05-07T04:50:35.736+0000] {logging_mixin.py:188} INFO - [2026-05-07T04:50:35.736+0000] {dag.py:3947} INFO - Setting next_dagrun for example_branch_dop_operator_v3 to 2026-05-07 04:49:00+00:00, run_after=2026-05-07 04:50:00+00:00
[2026-05-07T04:50:35.765+0000] {processor.py:183} INFO - Processing /home/airflow/.local/lib/python3.12/site-packages/airflow/example_dags/example_branch_python_dop_operator_3.py took 0.123 seconds
[2026-05-07T04:51:06.014+0000] {processor.py:161} INFO - Started process (PID=12077) to work on /home/airflow/.local/lib/python3.12/site-packages/airflow/example_dags/example_branch_python_dop_operator_3.py
[2026-05-07T04:51:06.015+0000] {processor.py:830} INFO - Processing file /home/airflow/.local/lib/python3.12/site-packages/airflow/example_dags/example_branch_python_dop_operator_3.py for tasks to queue
[2026-05-07T04:51:06.016+0000] {logging_mixin.py:188} INFO - [2026-05-07T04:51:06.016+0000] {dagbag.py:545} INFO - Filling up the DagBag from /home/airflow/.local/lib/python3.12/site-packages/airflow/example_dags/example_branch_python_dop_operator_3.py
[2026-05-07T04:51:06.023+0000] {processor.py:840} INFO - DAG(s) 'example_branch_dop_operator_v3' retrieved from /home/airflow/.local/lib/python3.12/site-packages/airflow/example_dags/example_branch_python_dop_operator_3.py
[2026-05-07T04:51:06.048+0000] {logging_mixin.py:188} INFO - [2026-05-07T04:51:06.048+0000] {dag.py:3089} INFO - Sync 1 DAGs
[2026-05-07T04:51:06.073+0000] {logging_mixin.py:188} INFO - [2026-05-07T04:51:06.073+0000] {dag.py:3947} INFO - Setting next_dagrun for example_branch_dop_operator_v3 to 2026-05-07 04:50:00+00:00, run_after=2026-05-07 04:51:00+00:00
[2026-05-07T04:51:06.098+0000] {processor.py:183} INFO - Processing /home/airflow/.local/lib/python3.12/site-packages/airflow/example_dags/example_branch_python_dop_operator_3.py took 0.089 seconds
[2026-05-07T04:51:36.409+0000] {processor.py:161} INFO - Started process (PID=12145) to work on /home/airflow/.local/lib/python3.12/site-packages/airflow/example_dags/example_branch_python_dop_operator_3.py
[2026-05-07T04:51:36.410+0000] {processor.py:830} INFO - Processing file /home/airflow/.local/lib/python3.12/site-packages/airflow/example_dags/example_branch_python_dop_operator_3.py for tasks to queue
[2026-05-07T04:51:36.411+0000] {logging_mixin.py:188} INFO - [2026-05-07T04:51:36.411+0000] {dagbag.py:545} INFO - Filling up the DagBag from /home/airflow/.local/lib/python3.12/site-packages/airflow/example_dags/example_branch_python_dop_operator_3.py
[2026-05-07T04:51:36.420+0000] {processor.py:840} INFO - DAG(s) 'example_branch_dop_operator_v3' retrieved from /home/airflow/.local/lib/python3.12/site-packages/airflow/example_dags/example_branch_python_dop_operator_3.py
[2026-05-07T04:51:36.440+0000] {logging_mixin.py:188} INFO - [2026-05-07T04:51:36.439+0000] {dag.py:3089} INFO - Sync 1 DAGs
[2026-05-07T04:51:36.464+0000] {logging_mixin.py:188} INFO - [2026-05-07T04:51:36.464+0000] {dag.py:3947} INFO - Setting next_dagrun for example_branch_dop_operator_v3 to 2026-05-07 04:50:00+00:00, run_after=2026-05-07 04:51:00+00:00
[2026-05-07T04:51:36.496+0000] {processor.py:183} INFO - Processing /home/airflow/.local/lib/python3.12/site-packages/airflow/example_dags/example_branch_python_dop_operator_3.py took 0.097 seconds
[2026-05-07T04:52:07.105+0000] {processor.py:161} INFO - Started process (PID=12220) to work on /home/airflow/.local/lib/python3.12/site-packages/airflow/example_dags/example_branch_python_dop_operator_3.py
[2026-05-07T04:52:07.106+0000] {processor.py:830} INFO - Processing file /home/airflow/.local/lib/python3.12/site-packages/airflow/example_dags/example_branch_python_dop_operator_3.py for tasks to queue
[2026-05-07T04:52:07.107+0000] {logging_mixin.py:188} INFO - [2026-05-07T04:52:07.107+0000] {dagbag.py:545} INFO - Filling up the DagBag from /home/airflow/.local/lib/python3.12/site-packages/airflow/example_dags/example_branch_python_dop_operator_3.py
[2026-05-07T04:52:07.118+0000] {processor.py:840} INFO - DAG(s) 'example_branch_dop_operator_v3' retrieved from /home/airflow/.local/lib/python3.12/site-packages/airflow/example_dags/example_branch_python_dop_operator_3.py
[2026-05-07T04:52:07.144+0000] {logging_mixin.py:188} INFO - [2026-05-07T04:52:07.143+0000] {dag.py:3089} INFO - Sync 1 DAGs
[2026-05-07T04:52:07.182+0000] {logging_mixin.py:188} INFO - [2026-05-07T04:52:07.181+0000] {dag.py:3947} INFO - Setting next_dagrun for example_branch_dop_operator_v3 to 2026-05-07 04:51:00+00:00, run_after=2026-05-07 04:52:00+00:00
[2026-05-07T04:52:07.212+0000] {processor.py:183} INFO - Processing /home/airflow/.local/lib/python3.12/site-packages/airflow/example_dags/example_branch_python_dop_operator_3.py took 0.114 seconds
[2026-05-07T04:52:37.654+0000] {processor.py:161} INFO - Started process (PID=12288) to work on /home/airflow/.local/lib/python3.12/site-packages/airflow/example_dags/example_branch_python_dop_operator_3.py
[2026-05-07T04:52:37.655+0000] {processor.py:830} INFO - Processing file /home/airflow/.local/lib/python3.12/site-packages/airflow/example_dags/example_branch_python_dop_operator_3.py for tasks to queue
[2026-05-07T04:52:37.656+0000] {logging_mixin.py:188} INFO - [2026-05-07T04:52:37.656+0000] {dagbag.py:545} INFO - Filling up the DagBag from /home/airflow/.local/lib/python3.12/site-packages/airflow/example_dags/example_branch_python_dop_operator_3.py
[2026-05-07T04:52:37.664+0000] {processor.py:840} INFO - DAG(s) 'example_branch_dop_operator_v3' retrieved from /home/airflow/.local/lib/python3.12/site-packages/airflow/example_dags/example_branch_python_dop_operator_3.py
[2026-05-07T04:52:37.685+0000] {logging_mixin.py:188} INFO - [2026-05-07T04:52:37.685+0000] {dag.py:3089} INFO - Sync 1 DAGs
[2026-05-07T04:52:37.708+0000] {logging_mixin.py:188} INFO - [2026-05-07T04:52:37.708+0000] {dag.py:3947} INFO - Setting next_dagrun for example_branch_dop_operator_v3 to 2026-05-07 04:51:00+00:00, run_after=2026-05-07 04:52:00+00:00
[2026-05-07T04:52:37.735+0000] {processor.py:183} INFO - Processing /home/airflow/.local/lib/python3.12/site-packages/airflow/example_dags/example_branch_python_dop_operator_3.py took 0.088 seconds
[2026-05-07T04:53:07.996+0000] {processor.py:161} INFO - Started process (PID=12356) to work on /home/airflow/.local/lib/python3.12/site-packages/airflow/example_dags/example_branch_python_dop_operator_3.py
[2026-05-07T04:53:07.997+0000] {processor.py:830} INFO - Processing file /home/airflow/.local/lib/python3.12/site-packages/airflow/example_dags/example_branch_python_dop_operator_3.py for tasks to queue
[2026-05-07T04:53:08.000+0000] {logging_mixin.py:188} INFO - [2026-05-07T04:53:07.999+0000] {dagbag.py:545} INFO - Filling up the DagBag from /home/airflow/.local/lib/python3.12/site-packages/airflow/example_dags/example_branch_python_dop_operator_3.py
[2026-05-07T04:53:08.008+0000] {processor.py:840} INFO - DAG(s) 'example_branch_dop_operator_v3' retrieved from /home/airflow/.local/lib/python3.12/site-packages/airflow/example_dags/example_branch_python_dop_operator_3.py
[2026-05-07T04:53:08.032+0000] {logging_mixin.py:188} INFO - [2026-05-07T04:53:08.032+0000] {dag.py:3089} INFO - Sync 1 DAGs
[2026-05-07T04:53:08.057+0000] {logging_mixin.py:188} INFO - [2026-05-07T04:53:08.056+0000] {dag.py:3947} INFO - Setting next_dagrun for example_branch_dop_operator_v3 to 2026-05-07 04:52:00+00:00, run_after=2026-05-07 04:53:00+00:00
[2026-05-07T04:53:08.080+0000] {processor.py:183} INFO - Processing /home/airflow/.local/lib/python3.12/site-packages/airflow/example_dags/example_branch_python_dop_operator_3.py took 0.090 seconds
[2026-05-07T05:20:11.365+0000] {processor.py:161} INFO - Started process (PID=12413) to work on /home/airflow/.local/lib/python3.12/site-packages/airflow/example_dags/example_branch_python_dop_operator_3.py
[2026-05-07T05:20:11.366+0000] {processor.py:830} INFO - Processing file /home/airflow/.local/lib/python3.12/site-packages/airflow/example_dags/example_branch_python_dop_operator_3.py for tasks to queue
[2026-05-07T05:20:11.367+0000] {logging_mixin.py:188} INFO - [2026-05-07T05:20:11.367+0000] {dagbag.py:545} INFO - Filling up the DagBag from /home/airflow/.local/lib/python3.12/site-packages/airflow/example_dags/example_branch_python_dop_operator_3.py
[2026-05-07T05:20:11.379+0000] {processor.py:840} INFO - DAG(s) 'example_branch_dop_operator_v3' retrieved from /home/airflow/.local/lib/python3.12/site-packages/airflow/example_dags/example_branch_python_dop_operator_3.py
[2026-05-07T05:20:11.406+0000] {logging_mixin.py:188} INFO - [2026-05-07T05:20:11.406+0000] {dag.py:3089} INFO - Sync 1 DAGs
[2026-05-07T05:20:11.434+0000] {logging_mixin.py:188} INFO - [2026-05-07T05:20:11.433+0000] {dag.py:3947} INFO - Setting next_dagrun for example_branch_dop_operator_v3 to 2026-05-07 05:19:00+00:00, run_after=2026-05-07 05:20:00+00:00
[2026-05-07T05:20:11.460+0000] {processor.py:183} INFO - Processing /home/airflow/.local/lib/python3.12/site-packages/airflow/example_dags/example_branch_python_dop_operator_3.py took 0.101 seconds
[2026-05-07T06:07:45.507+0000] {processor.py:161} INFO - Started process (PID=12488) to work on /home/airflow/.local/lib/python3.12/site-packages/airflow/example_dags/example_branch_python_dop_operator_3.py
[2026-05-07T06:07:45.515+0000] {processor.py:830} INFO - Processing file /home/airflow/.local/lib/python3.12/site-packages/airflow/example_dags/example_branch_python_dop_operator_3.py for tasks to queue
[2026-05-07T06:07:45.517+0000] {logging_mixin.py:188} INFO - [2026-05-07T06:07:45.516+0000] {dagbag.py:545} INFO - Filling up the DagBag from /home/airflow/.local/lib/python3.12/site-packages/airflow/example_dags/example_branch_python_dop_operator_3.py
[2026-05-07T06:07:45.534+0000] {processor.py:840} INFO - DAG(s) 'example_branch_dop_operator_v3' retrieved from /home/airflow/.local/lib/python3.12/site-packages/airflow/example_dags/example_branch_python_dop_operator_3.py
[2026-05-07T06:07:45.567+0000] {logging_mixin.py:188} INFO - [2026-05-07T06:07:45.566+0000] {dag.py:3089} INFO - Sync 1 DAGs
[2026-05-07T06:07:45.612+0000] {logging_mixin.py:188} INFO - [2026-05-07T06:07:45.611+0000] {dag.py:3947} INFO - Setting next_dagrun for example_branch_dop_operator_v3 to 2026-05-07 06:06:00+00:00, run_after=2026-05-07 06:07:00+00:00
[2026-05-07T06:07:45.679+0000] {processor.py:183} INFO - Processing /home/airflow/.local/lib/python3.12/site-packages/airflow/example_dags/example_branch_python_dop_operator_3.py took 0.181 seconds
[2026-05-07T06:08:16.625+0000] {processor.py:161} INFO - Started process (PID=12556) to work on /home/airflow/.local/lib/python3.12/site-packages/airflow/example_dags/example_branch_python_dop_operator_3.py
[2026-05-07T06:08:16.628+0000] {processor.py:830} INFO - Processing file /home/airflow/.local/lib/python3.12/site-packages/airflow/example_dags/example_branch_python_dop_operator_3.py for tasks to queue
[2026-05-07T06:08:16.630+0000] {logging_mixin.py:188} INFO - [2026-05-07T06:08:16.629+0000] {dagbag.py:545} INFO - Filling up the DagBag from /home/airflow/.local/lib/python3.12/site-packages/airflow/example_dags/example_branch_python_dop_operator_3.py
[2026-05-07T06:08:16.644+0000] {processor.py:840} INFO - DAG(s) 'example_branch_dop_operator_v3' retrieved from /home/airflow/.local/lib/python3.12/site-packages/airflow/example_dags/example_branch_python_dop_operator_3.py
[2026-05-07T06:08:16.683+0000] {logging_mixin.py:188} INFO - [2026-05-07T06:08:16.682+0000] {dag.py:3089} INFO - Sync 1 DAGs
[2026-05-07T06:08:16.729+0000] {logging_mixin.py:188} INFO - [2026-05-07T06:08:16.728+0000] {dag.py:3947} INFO - Setting next_dagrun for example_branch_dop_operator_v3 to 2026-05-07 06:07:00+00:00, run_after=2026-05-07 06:08:00+00:00
[2026-05-07T06:08:16.793+0000] {processor.py:183} INFO - Processing /home/airflow/.local/lib/python3.12/site-packages/airflow/example_dags/example_branch_python_dop_operator_3.py took 0.180 seconds
[2026-05-07T06:08:46.991+0000] {processor.py:161} INFO - Started process (PID=12624) to work on /home/airflow/.local/lib/python3.12/site-packages/airflow/example_dags/example_branch_python_dop_operator_3.py
[2026-05-07T06:08:46.992+0000] {processor.py:830} INFO - Processing file /home/airflow/.local/lib/python3.12/site-packages/airflow/example_dags/example_branch_python_dop_operator_3.py for tasks to queue
[2026-05-07T06:08:46.994+0000] {logging_mixin.py:188} INFO - [2026-05-07T06:08:46.994+0000] {dagbag.py:545} INFO - Filling up the DagBag from /home/airflow/.local/lib/python3.12/site-packages/airflow/example_dags/example_branch_python_dop_operator_3.py
[2026-05-07T06:08:47.008+0000] {processor.py:840} INFO - DAG(s) 'example_branch_dop_operator_v3' retrieved from /home/airflow/.local/lib/python3.12/site-packages/airflow/example_dags/example_branch_python_dop_operator_3.py
[2026-05-07T06:08:47.043+0000] {logging_mixin.py:188} INFO - [2026-05-07T06:08:47.043+0000] {dag.py:3089} INFO - Sync 1 DAGs
[2026-05-07T06:08:47.085+0000] {logging_mixin.py:188} INFO - [2026-05-07T06:08:47.085+0000] {dag.py:3947} INFO - Setting next_dagrun for example_branch_dop_operator_v3 to 2026-05-07 06:07:00+00:00, run_after=2026-05-07 06:08:00+00:00
[2026-05-07T06:08:47.126+0000] {processor.py:183} INFO - Processing /home/airflow/.local/lib/python3.12/site-packages/airflow/example_dags/example_branch_python_dop_operator_3.py took 0.144 seconds
[2026-05-07T06:09:18.512+0000] {processor.py:161} INFO - Started process (PID=12692) to work on /home/airflow/.local/lib/python3.12/site-packages/airflow/example_dags/example_branch_python_dop_operator_3.py
[2026-05-07T06:09:18.514+0000] {processor.py:830} INFO - Processing file /home/airflow/.local/lib/python3.12/site-packages/airflow/example_dags/example_branch_python_dop_operator_3.py for tasks to queue
[2026-05-07T06:09:18.516+0000] {logging_mixin.py:188} INFO - [2026-05-07T06:09:18.515+0000] {dagbag.py:545} INFO - Filling up the DagBag from /home/airflow/.local/lib/python3.12/site-packages/airflow/example_dags/example_branch_python_dop_operator_3.py
[2026-05-07T06:09:18.534+0000] {processor.py:840} INFO - DAG(s) 'example_branch_dop_operator_v3' retrieved from /home/airflow/.local/lib/python3.12/site-packages/airflow/example_dags/example_branch_python_dop_operator_3.py
[2026-05-07T06:09:18.579+0000] {logging_mixin.py:188} INFO - [2026-05-07T06:09:18.578+0000] {dag.py:3089} INFO - Sync 1 DAGs
[2026-05-07T06:09:18.630+0000] {logging_mixin.py:188} INFO - [2026-05-07T06:09:18.630+0000] {dag.py:3947} INFO - Setting next_dagrun for example_branch_dop_operator_v3 to 2026-05-07 06:08:00+00:00, run_after=2026-05-07 06:09:00+00:00
[2026-05-07T06:09:18.687+0000] {processor.py:183} INFO - Processing /home/airflow/.local/lib/python3.12/site-packages/airflow/example_dags/example_branch_python_dop_operator_3.py took 0.186 seconds
[2026-05-07T06:09:49.544+0000] {processor.py:161} INFO - Started process (PID=12760) to work on /home/airflow/.local/lib/python3.12/site-packages/airflow/example_dags/example_branch_python_dop_operator_3.py
[2026-05-07T06:09:49.549+0000] {processor.py:830} INFO - Processing file /home/airflow/.local/lib/python3.12/site-packages/airflow/example_dags/example_branch_python_dop_operator_3.py for tasks to queue
[2026-05-07T06:09:49.552+0000] {logging_mixin.py:188} INFO - [2026-05-07T06:09:49.552+0000] {dagbag.py:545} INFO - Filling up the DagBag from /home/airflow/.local/lib/python3.12/site-packages/airflow/example_dags/example_branch_python_dop_operator_3.py
[2026-05-07T06:09:49.572+0000] {processor.py:840} INFO - DAG(s) 'example_branch_dop_operator_v3' retrieved from /home/airflow/.local/lib/python3.12/site-packages/airflow/example_dags/example_branch_python_dop_operator_3.py
[2026-05-07T06:09:49.615+0000] {logging_mixin.py:188} INFO - [2026-05-07T06:09:49.614+0000] {dag.py:3089} INFO - Sync 1 DAGs
[2026-05-07T06:09:49.655+0000] {logging_mixin.py:188} INFO - [2026-05-07T06:09:49.654+0000] {dag.py:3947} INFO - Setting next_dagrun for example_branch_dop_operator_v3 to 2026-05-07 06:08:00+00:00, run_after=2026-05-07 06:09:00+00:00
[2026-05-07T06:09:49.696+0000] {processor.py:183} INFO - Processing /home/airflow/.local/lib/python3.12/site-packages/airflow/example_dags/example_branch_python_dop_operator_3.py took 0.162 seconds
[2026-05-07T06:10:20.047+0000] {processor.py:161} INFO - Started process (PID=12835) to work on /home/airflow/.local/lib/python3.12/site-packages/airflow/example_dags/example_branch_python_dop_operator_3.py
[2026-05-07T06:10:20.049+0000] {processor.py:830} INFO - Processing file /home/airflow/.local/lib/python3.12/site-packages/airflow/example_dags/example_branch_python_dop_operator_3.py for tasks to queue
[2026-05-07T06:10:20.051+0000] {logging_mixin.py:188} INFO - [2026-05-07T06:10:20.050+0000] {dagbag.py:545} INFO - Filling up the DagBag from /home/airflow/.local/lib/python3.12/site-packages/airflow/example_dags/example_branch_python_dop_operator_3.py
[2026-05-07T06:10:20.065+0000] {processor.py:840} INFO - DAG(s) 'example_branch_dop_operator_v3' retrieved from /home/airflow/.local/lib/python3.12/site-packages/airflow/example_dags/example_branch_python_dop_operator_3.py
[2026-05-07T06:10:20.098+0000] {logging_mixin.py:188} INFO - [2026-05-07T06:10:20.098+0000] {dag.py:3089} INFO - Sync 1 DAGs
[2026-05-07T06:10:20.137+0000] {logging_mixin.py:188} INFO - [2026-05-07T06:10:20.137+0000] {dag.py:3947} INFO - Setting next_dagrun for example_branch_dop_operator_v3 to 2026-05-07 06:09:00+00:00, run_after=2026-05-07 06:10:00+00:00
[2026-05-07T06:10:20.200+0000] {processor.py:183} INFO - Processing /home/airflow/.local/lib/python3.12/site-packages/airflow/example_dags/example_branch_python_dop_operator_3.py took 0.162 seconds
[2026-05-07T06:10:50.388+0000] {processor.py:161} INFO - Started process (PID=12903) to work on /home/airflow/.local/lib/python3.12/site-packages/airflow/example_dags/example_branch_python_dop_operator_3.py
[2026-05-07T06:10:50.392+0000] {processor.py:830} INFO - Processing file /home/airflow/.local/lib/python3.12/site-packages/airflow/example_dags/example_branch_python_dop_operator_3.py for tasks to queue
[2026-05-07T06:10:50.394+0000] {logging_mixin.py:188} INFO - [2026-05-07T06:10:50.394+0000] {dagbag.py:545} INFO - Filling up the DagBag from /home/airflow/.local/lib/python3.12/site-packages/airflow/example_dags/example_branch_python_dop_operator_3.py
[2026-05-07T06:10:50.408+0000] {processor.py:840} INFO - DAG(s) 'example_branch_dop_operator_v3' retrieved from /home/airflow/.local/lib/python3.12/site-packages/airflow/example_dags/example_branch_python_dop_operator_3.py
[2026-05-07T06:10:50.452+0000] {logging_mixin.py:188} INFO - [2026-05-07T06:10:50.451+0000] {dag.py:3089} INFO - Sync 1 DAGs
[2026-05-07T06:10:50.498+0000] {logging_mixin.py:188} INFO - [2026-05-07T06:10:50.498+0000] {dag.py:3947} INFO - Setting next_dagrun for example_branch_dop_operator_v3 to 2026-05-07 06:09:00+00:00, run_after=2026-05-07 06:10:00+00:00
[2026-05-07T06:10:50.545+0000] {processor.py:183} INFO - Processing /home/airflow/.local/lib/python3.12/site-packages/airflow/example_dags/example_branch_python_dop_operator_3.py took 0.167 seconds
[2026-05-07T06:11:20.845+0000] {processor.py:161} INFO - Started process (PID=12970) to work on /home/airflow/.local/lib/python3.12/site-packages/airflow/example_dags/example_branch_python_dop_operator_3.py
[2026-05-07T06:11:20.848+0000] {processor.py:830} INFO - Processing file /home/airflow/.local/lib/python3.12/site-packages/airflow/example_dags/example_branch_python_dop_operator_3.py for tasks to queue
[2026-05-07T06:11:20.850+0000] {logging_mixin.py:188} INFO - [2026-05-07T06:11:20.849+0000] {dagbag.py:545} INFO - Filling up the DagBag from /home/airflow/.local/lib/python3.12/site-packages/airflow/example_dags/example_branch_python_dop_operator_3.py
[2026-05-07T06:11:20.865+0000] {processor.py:840} INFO - DAG(s) 'example_branch_dop_operator_v3' retrieved from /home/airflow/.local/lib/python3.12/site-packages/airflow/example_dags/example_branch_python_dop_operator_3.py
[2026-05-07T06:11:20.906+0000] {logging_mixin.py:188} INFO - [2026-05-07T06:11:20.905+0000] {dag.py:3089} INFO - Sync 1 DAGs
[2026-05-07T06:11:20.955+0000] {logging_mixin.py:188} INFO - [2026-05-07T06:11:20.955+0000] {dag.py:3947} INFO - Setting next_dagrun for example_branch_dop_operator_v3 to 2026-05-07 06:10:00+00:00, run_after=2026-05-07 06:11:00+00:00
[2026-05-07T06:11:20.996+0000] {processor.py:183} INFO - Processing /home/airflow/.local/lib/python3.12/site-packages/airflow/example_dags/example_branch_python_dop_operator_3.py took 0.163 seconds
[2026-05-07T06:11:51.822+0000] {processor.py:161} INFO - Started process (PID=13038) to work on /home/airflow/.local/lib/python3.12/site-packages/airflow/example_dags/example_branch_python_dop_operator_3.py
[2026-05-07T06:11:51.826+0000] {processor.py:830} INFO - Processing file /home/airflow/.local/lib/python3.12/site-packages/airflow/example_dags/example_branch_python_dop_operator_3.py for tasks to queue
[2026-05-07T06:11:51.828+0000] {logging_mixin.py:188} INFO - [2026-05-07T06:11:51.827+0000] {dagbag.py:545} INFO - Filling up the DagBag from /home/airflow/.local/lib/python3.12/site-packages/airflow/example_dags/example_branch_python_dop_operator_3.py
[2026-05-07T06:11:51.843+0000] {processor.py:840} INFO - DAG(s) 'example_branch_dop_operator_v3' retrieved from /home/airflow/.local/lib/python3.12/site-packages/airflow/example_dags/example_branch_python_dop_operator_3.py
[2026-05-07T06:11:51.880+0000] {logging_mixin.py:188} INFO - [2026-05-07T06:11:51.880+0000] {dag.py:3089} INFO - Sync 1 DAGs
[2026-05-07T06:11:51.922+0000] {logging_mixin.py:188} INFO - [2026-05-07T06:11:51.922+0000] {dag.py:3947} INFO - Setting next_dagrun for example_branch_dop_operator_v3 to 2026-05-07 06:10:00+00:00, run_after=2026-05-07 06:11:00+00:00
[2026-05-07T06:11:51.957+0000] {processor.py:183} INFO - Processing /home/airflow/.local/lib/python3.12/site-packages/airflow/example_dags/example_branch_python_dop_operator_3.py took 0.151 seconds
[2026-05-07T06:12:22.441+0000] {processor.py:161} INFO - Started process (PID=13106) to work on /home/airflow/.local/lib/python3.12/site-packages/airflow/example_dags/example_branch_python_dop_operator_3.py
[2026-05-07T06:12:22.443+0000] {processor.py:830} INFO - Processing file /home/airflow/.local/lib/python3.12/site-packages/airflow/example_dags/example_branch_python_dop_operator_3.py for tasks to queue
[2026-05-07T06:12:22.445+0000] {logging_mixin.py:188} INFO - [2026-05-07T06:12:22.444+0000] {dagbag.py:545} INFO - Filling up the DagBag from /home/airflow/.local/lib/python3.12/site-packages/airflow/example_dags/example_branch_python_dop_operator_3.py
[2026-05-07T06:12:22.457+0000] {processor.py:840} INFO - DAG(s) 'example_branch_dop_operator_v3' retrieved from /home/airflow/.local/lib/python3.12/site-packages/airflow/example_dags/example_branch_python_dop_operator_3.py
[2026-05-07T06:12:22.493+0000] {logging_mixin.py:188} INFO - [2026-05-07T06:12:22.492+0000] {dag.py:3089} INFO - Sync 1 DAGs
[2026-05-07T06:12:22.525+0000] {logging_mixin.py:188} INFO - [2026-05-07T06:12:22.524+0000] {dag.py:3947} INFO - Setting next_dagrun for example_branch_dop_operator_v3 to 2026-05-07 06:11:00+00:00, run_after=2026-05-07 06:12:00+00:00
[2026-05-07T06:12:22.590+0000] {processor.py:183} INFO - Processing /home/airflow/.local/lib/python3.12/site-packages/airflow/example_dags/example_branch_python_dop_operator_3.py took 0.158 seconds
[2026-05-07T06:12:53.949+0000] {processor.py:161} INFO - Started process (PID=13174) to work on /home/airflow/.local/lib/python3.12/site-packages/airflow/example_dags/example_branch_python_dop_operator_3.py
[2026-05-07T06:12:53.952+0000] {processor.py:830} INFO - Processing file /home/airflow/.local/lib/python3.12/site-packages/airflow/example_dags/example_branch_python_dop_operator_3.py for tasks to queue
[2026-05-07T06:12:53.956+0000] {logging_mixin.py:188} INFO - [2026-05-07T06:12:53.955+0000] {dagbag.py:545} INFO - Filling up the DagBag from /home/airflow/.local/lib/python3.12/site-packages/airflow/example_dags/example_branch_python_dop_operator_3.py
[2026-05-07T06:12:53.977+0000] {processor.py:840} INFO - DAG(s) 'example_branch_dop_operator_v3' retrieved from /home/airflow/.local/lib/python3.12/site-packages/airflow/example_dags/example_branch_python_dop_operator_3.py
[2026-05-07T06:12:54.025+0000] {logging_mixin.py:188} INFO - [2026-05-07T06:12:54.025+0000] {dag.py:3089} INFO - Sync 1 DAGs
[2026-05-07T06:12:54.064+0000] {logging_mixin.py:188} INFO - [2026-05-07T06:12:54.063+0000] {dag.py:3947} INFO - Setting next_dagrun for example_branch_dop_operator_v3 to 2026-05-07 06:11:00+00:00, run_after=2026-05-07 06:12:00+00:00
[2026-05-07T06:12:54.121+0000] {processor.py:183} INFO - Processing /home/airflow/.local/lib/python3.12/site-packages/airflow/example_dags/example_branch_python_dop_operator_3.py took 0.190 seconds
[2026-05-07T06:13:24.197+0000] {processor.py:161} INFO - Started process (PID=13248) to work on /home/airflow/.local/lib/python3.12/site-packages/airflow/example_dags/example_branch_python_dop_operator_3.py
[2026-05-07T06:13:24.200+0000] {processor.py:830} INFO - Processing file /home/airflow/.local/lib/python3.12/site-packages/airflow/example_dags/example_branch_python_dop_operator_3.py for tasks to queue
[2026-05-07T06:13:24.202+0000] {logging_mixin.py:188} INFO - [2026-05-07T06:13:24.201+0000] {dagbag.py:545} INFO - Filling up the DagBag from /home/airflow/.local/lib/python3.12/site-packages/airflow/example_dags/example_branch_python_dop_operator_3.py
[2026-05-07T06:13:24.220+0000] {processor.py:840} INFO - DAG(s) 'example_branch_dop_operator_v3' retrieved from /home/airflow/.local/lib/python3.12/site-packages/airflow/example_dags/example_branch_python_dop_operator_3.py
[2026-05-07T06:13:24.260+0000] {logging_mixin.py:188} INFO - [2026-05-07T06:13:24.259+0000] {dag.py:3089} INFO - Sync 1 DAGs
[2026-05-07T06:13:24.303+0000] {logging_mixin.py:188} INFO - [2026-05-07T06:13:24.303+0000] {dag.py:3947} INFO - Setting next_dagrun for example_branch_dop_operator_v3 to 2026-05-07 06:12:00+00:00, run_after=2026-05-07 06:13:00+00:00
[2026-05-07T06:13:24.479+0000] {processor.py:183} INFO - Processing /home/airflow/.local/lib/python3.12/site-packages/airflow/example_dags/example_branch_python_dop_operator_3.py took 0.294 seconds
[2026-05-07T06:13:54.880+0000] {processor.py:161} INFO - Started process (PID=13316) to work on /home/airflow/.local/lib/python3.12/site-packages/airflow/example_dags/example_branch_python_dop_operator_3.py
[2026-05-07T06:13:54.883+0000] {processor.py:830} INFO - Processing file /home/airflow/.local/lib/python3.12/site-packages/airflow/example_dags/example_branch_python_dop_operator_3.py for tasks to queue
[2026-05-07T06:13:54.886+0000] {logging_mixin.py:188} INFO - [2026-05-07T06:13:54.885+0000] {dagbag.py:545} INFO - Filling up the DagBag from /home/airflow/.local/lib/python3.12/site-packages/airflow/example_dags/example_branch_python_dop_operator_3.py
[2026-05-07T06:13:54.903+0000] {processor.py:840} INFO - DAG(s) 'example_branch_dop_operator_v3' retrieved from /home/airflow/.local/lib/python3.12/site-packages/airflow/example_dags/example_branch_python_dop_operator_3.py
[2026-05-07T06:13:54.946+0000] {logging_mixin.py:188} INFO - [2026-05-07T06:13:54.945+0000] {dag.py:3089} INFO - Sync 1 DAGs
[2026-05-07T06:13:54.986+0000] {logging_mixin.py:188} INFO - [2026-05-07T06:13:54.986+0000] {dag.py:3947} INFO - Setting next_dagrun for example_branch_dop_operator_v3 to 2026-05-07 06:12:00+00:00, run_after=2026-05-07 06:13:00+00:00
[2026-05-07T06:13:55.020+0000] {processor.py:183} INFO - Processing /home/airflow/.local/lib/python3.12/site-packages/airflow/example_dags/example_branch_python_dop_operator_3.py took 0.154 seconds
[2026-05-07T06:14:25.377+0000] {processor.py:161} INFO - Started process (PID=13384) to work on /home/airflow/.local/lib/python3.12/site-packages/airflow/example_dags/example_branch_python_dop_operator_3.py
[2026-05-07T06:14:25.379+0000] {processor.py:830} INFO - Processing file /home/airflow/.local/lib/python3.12/site-packages/airflow/example_dags/example_branch_python_dop_operator_3.py for tasks to queue
[2026-05-07T06:14:25.381+0000] {logging_mixin.py:188} INFO - [2026-05-07T06:14:25.381+0000] {dagbag.py:545} INFO - Filling up the DagBag from /home/airflow/.local/lib/python3.12/site-packages/airflow/example_dags/example_branch_python_dop_operator_3.py
[2026-05-07T06:14:25.398+0000] {processor.py:840} INFO - DAG(s) 'example_branch_dop_operator_v3' retrieved from /home/airflow/.local/lib/python3.12/site-packages/airflow/example_dags/example_branch_python_dop_operator_3.py
[2026-05-07T06:14:25.439+0000] {logging_mixin.py:188} INFO - [2026-05-07T06:14:25.439+0000] {dag.py:3089} INFO - Sync 1 DAGs
[2026-05-07T06:14:25.482+0000] {logging_mixin.py:188} INFO - [2026-05-07T06:14:25.481+0000] {dag.py:3947} INFO - Setting next_dagrun for example_branch_dop_operator_v3 to 2026-05-07 06:13:00+00:00, run_after=2026-05-07 06:14:00+00:00
[2026-05-07T06:14:25.647+0000] {processor.py:183} INFO - Processing /home/airflow/.local/lib/python3.12/site-packages/airflow/example_dags/example_branch_python_dop_operator_3.py took 0.283 seconds
[2026-05-07T06:14:56.692+0000] {processor.py:161} INFO - Started process (PID=13452) to work on /home/airflow/.local/lib/python3.12/site-packages/airflow/example_dags/example_branch_python_dop_operator_3.py
[2026-05-07T06:14:56.694+0000] {processor.py:830} INFO - Processing file /home/airflow/.local/lib/python3.12/site-packages/airflow/example_dags/example_branch_python_dop_operator_3.py for tasks to queue
[2026-05-07T06:14:56.696+0000] {logging_mixin.py:188} INFO - [2026-05-07T06:14:56.695+0000] {dagbag.py:545} INFO - Filling up the DagBag from /home/airflow/.local/lib/python3.12/site-packages/airflow/example_dags/example_branch_python_dop_operator_3.py
[2026-05-07T06:14:56.710+0000] {processor.py:840} INFO - DAG(s) 'example_branch_dop_operator_v3' retrieved from /home/airflow/.local/lib/python3.12/site-packages/airflow/example_dags/example_branch_python_dop_operator_3.py
[2026-05-07T06:14:56.745+0000] {logging_mixin.py:188} INFO - [2026-05-07T06:14:56.744+0000] {dag.py:3089} INFO - Sync 1 DAGs
[2026-05-07T06:14:56.793+0000] {logging_mixin.py:188} INFO - [2026-05-07T06:14:56.793+0000] {dag.py:3947} INFO - Setting next_dagrun for example_branch_dop_operator_v3 to 2026-05-07 06:13:00+00:00, run_after=2026-05-07 06:14:00+00:00
[2026-05-07T06:14:56.829+0000] {processor.py:183} INFO - Processing /home/airflow/.local/lib/python3.12/site-packages/airflow/example_dags/example_branch_python_dop_operator_3.py took 0.151 seconds
[2026-05-07T06:15:27.290+0000] {processor.py:161} INFO - Started process (PID=13519) to work on /home/airflow/.local/lib/python3.12/site-packages/airflow/example_dags/example_branch_python_dop_operator_3.py
[2026-05-07T06:15:27.293+0000] {processor.py:830} INFO - Processing file /home/airflow/.local/lib/python3.12/site-packages/airflow/example_dags/example_branch_python_dop_operator_3.py for tasks to queue
[2026-05-07T06:15:27.295+0000] {logging_mixin.py:188} INFO - [2026-05-07T06:15:27.295+0000] {dagbag.py:545} INFO - Filling up the DagBag from /home/airflow/.local/lib/python3.12/site-packages/airflow/example_dags/example_branch_python_dop_operator_3.py
[2026-05-07T06:15:27.324+0000] {processor.py:840} INFO - DAG(s) 'example_branch_dop_operator_v3' retrieved from /home/airflow/.local/lib/python3.12/site-packages/airflow/example_dags/example_branch_python_dop_operator_3.py
[2026-05-07T06:15:27.386+0000] {logging_mixin.py:188} INFO - [2026-05-07T06:15:27.386+0000] {dag.py:3089} INFO - Sync 1 DAGs
[2026-05-07T06:15:27.437+0000] {logging_mixin.py:188} INFO - [2026-05-07T06:15:27.437+0000] {dag.py:3947} INFO - Setting next_dagrun for example_branch_dop_operator_v3 to 2026-05-07 06:14:00+00:00, run_after=2026-05-07 06:15:00+00:00
[2026-05-07T06:15:27.619+0000] {processor.py:183} INFO - Processing /home/airflow/.local/lib/python3.12/site-packages/airflow/example_dags/example_branch_python_dop_operator_3.py took 0.339 seconds
[2026-05-07T06:15:58.485+0000] {processor.py:161} INFO - Started process (PID=13594) to work on /home/airflow/.local/lib/python3.12/site-packages/airflow/example_dags/example_branch_python_dop_operator_3.py
[2026-05-07T06:15:58.487+0000] {processor.py:830} INFO - Processing file /home/airflow/.local/lib/python3.12/site-packages/airflow/example_dags/example_branch_python_dop_operator_3.py for tasks to queue
[2026-05-07T06:15:58.489+0000] {logging_mixin.py:188} INFO - [2026-05-07T06:15:58.489+0000] {dagbag.py:545} INFO - Filling up the DagBag from /home/airflow/.local/lib/python3.12/site-packages/airflow/example_dags/example_branch_python_dop_operator_3.py
[2026-05-07T06:15:58.503+0000] {processor.py:840} INFO - DAG(s) 'example_branch_dop_operator_v3' retrieved from /home/airflow/.local/lib/python3.12/site-packages/airflow/example_dags/example_branch_python_dop_operator_3.py
[2026-05-07T06:15:58.546+0000] {logging_mixin.py:188} INFO - [2026-05-07T06:15:58.545+0000] {dag.py:3089} INFO - Sync 1 DAGs
[2026-05-07T06:15:58.588+0000] {logging_mixin.py:188} INFO - [2026-05-07T06:15:58.588+0000] {dag.py:3947} INFO - Setting next_dagrun for example_branch_dop_operator_v3 to 2026-05-07 06:14:00+00:00, run_after=2026-05-07 06:15:00+00:00
[2026-05-07T06:15:58.655+0000] {processor.py:183} INFO - Processing /home/airflow/.local/lib/python3.12/site-packages/airflow/example_dags/example_branch_python_dop_operator_3.py took 0.181 seconds
[2026-05-07T06:16:29.668+0000] {processor.py:161} INFO - Started process (PID=13663) to work on /home/airflow/.local/lib/python3.12/site-packages/airflow/example_dags/example_branch_python_dop_operator_3.py
[2026-05-07T06:16:29.708+0000] {processor.py:830} INFO - Processing file /home/airflow/.local/lib/python3.12/site-packages/airflow/example_dags/example_branch_python_dop_operator_3.py for tasks to queue
[2026-05-07T06:16:29.712+0000] {logging_mixin.py:188} INFO - [2026-05-07T06:16:29.711+0000] {dagbag.py:545} INFO - Filling up the DagBag from /home/airflow/.local/lib/python3.12/site-packages/airflow/example_dags/example_branch_python_dop_operator_3.py
[2026-05-07T06:16:29.728+0000] {processor.py:840} INFO - DAG(s) 'example_branch_dop_operator_v3' retrieved from /home/airflow/.local/lib/python3.12/site-packages/airflow/example_dags/example_branch_python_dop_operator_3.py
[2026-05-07T06:16:29.765+0000] {logging_mixin.py:188} INFO - [2026-05-07T06:16:29.764+0000] {dag.py:3089} INFO - Sync 1 DAGs
[2026-05-07T06:16:29.822+0000] {logging_mixin.py:188} INFO - [2026-05-07T06:16:29.822+0000] {dag.py:3947} INFO - Setting next_dagrun for example_branch_dop_operator_v3 to 2026-05-07 06:15:00+00:00, run_after=2026-05-07 06:16:00+00:00
[2026-05-07T06:16:29.862+0000] {processor.py:183} INFO - Processing /home/airflow/.local/lib/python3.12/site-packages/airflow/example_dags/example_branch_python_dop_operator_3.py took 0.205 seconds
[2026-05-07T06:17:00.601+0000] {processor.py:161} INFO - Started process (PID=13731) to work on /home/airflow/.local/lib/python3.12/site-packages/airflow/example_dags/example_branch_python_dop_operator_3.py
[2026-05-07T06:17:00.604+0000] {processor.py:830} INFO - Processing file /home/airflow/.local/lib/python3.12/site-packages/airflow/example_dags/example_branch_python_dop_operator_3.py for tasks to queue
[2026-05-07T06:17:00.606+0000] {logging_mixin.py:188} INFO - [2026-05-07T06:17:00.606+0000] {dagbag.py:545} INFO - Filling up the DagBag from /home/airflow/.local/lib/python3.12/site-packages/airflow/example_dags/example_branch_python_dop_operator_3.py
[2026-05-07T06:17:00.621+0000] {processor.py:840} INFO - DAG(s) 'example_branch_dop_operator_v3' retrieved from /home/airflow/.local/lib/python3.12/site-packages/airflow/example_dags/example_branch_python_dop_operator_3.py
[2026-05-07T06:17:00.656+0000] {logging_mixin.py:188} INFO - [2026-05-07T06:17:00.655+0000] {dag.py:3089} INFO - Sync 1 DAGs
[2026-05-07T06:17:00.689+0000] {logging_mixin.py:188} INFO - [2026-05-07T06:17:00.689+0000] {dag.py:3947} INFO - Setting next_dagrun for example_branch_dop_operator_v3 to 2026-05-07 06:16:00+00:00, run_after=2026-05-07 06:17:00+00:00
[2026-05-07T06:17:00.720+0000] {processor.py:183} INFO - Processing /home/airflow/.local/lib/python3.12/site-packages/airflow/example_dags/example_branch_python_dop_operator_3.py took 0.131 seconds
[2026-05-07T06:17:31.229+0000] {processor.py:161} INFO - Started process (PID=13799) to work on /home/airflow/.local/lib/python3.12/site-packages/airflow/example_dags/example_branch_python_dop_operator_3.py
[2026-05-07T06:17:31.231+0000] {processor.py:830} INFO - Processing file /home/airflow/.local/lib/python3.12/site-packages/airflow/example_dags/example_branch_python_dop_operator_3.py for tasks to queue
[2026-05-07T06:17:31.233+0000] {logging_mixin.py:188} INFO - [2026-05-07T06:17:31.233+0000] {dagbag.py:545} INFO - Filling up the DagBag from /home/airflow/.local/lib/python3.12/site-packages/airflow/example_dags/example_branch_python_dop_operator_3.py
[2026-05-07T06:17:31.253+0000] {processor.py:840} INFO - DAG(s) 'example_branch_dop_operator_v3' retrieved from /home/airflow/.local/lib/python3.12/site-packages/airflow/example_dags/example_branch_python_dop_operator_3.py
[2026-05-07T06:17:31.296+0000] {logging_mixin.py:188} INFO - [2026-05-07T06:17:31.296+0000] {dag.py:3089} INFO - Sync 1 DAGs
[2026-05-07T06:17:31.342+0000] {logging_mixin.py:188} INFO - [2026-05-07T06:17:31.341+0000] {dag.py:3947} INFO - Setting next_dagrun for example_branch_dop_operator_v3 to 2026-05-07 06:16:00+00:00, run_after=2026-05-07 06:17:00+00:00
[2026-05-07T06:17:31.414+0000] {processor.py:183} INFO - Processing /home/airflow/.local/lib/python3.12/site-packages/airflow/example_dags/example_branch_python_dop_operator_3.py took 0.199 seconds
[2026-05-07T06:18:01.674+0000] {processor.py:161} INFO - Started process (PID=13868) to work on /home/airflow/.local/lib/python3.12/site-packages/airflow/example_dags/example_branch_python_dop_operator_3.py
[2026-05-07T06:18:01.677+0000] {processor.py:830} INFO - Processing file /home/airflow/.local/lib/python3.12/site-packages/airflow/example_dags/example_branch_python_dop_operator_3.py for tasks to queue
[2026-05-07T06:18:01.679+0000] {logging_mixin.py:188} INFO - [2026-05-07T06:18:01.678+0000] {dagbag.py:545} INFO - Filling up the DagBag from /home/airflow/.local/lib/python3.12/site-packages/airflow/example_dags/example_branch_python_dop_operator_3.py
[2026-05-07T06:18:01.692+0000] {processor.py:840} INFO - DAG(s) 'example_branch_dop_operator_v3' retrieved from /home/airflow/.local/lib/python3.12/site-packages/airflow/example_dags/example_branch_python_dop_operator_3.py
[2026-05-07T06:18:01.732+0000] {logging_mixin.py:188} INFO - [2026-05-07T06:18:01.732+0000] {dag.py:3089} INFO - Sync 1 DAGs
[2026-05-07T06:18:01.771+0000] {logging_mixin.py:188} INFO - [2026-05-07T06:18:01.771+0000] {dag.py:3947} INFO - Setting next_dagrun for example_branch_dop_operator_v3 to 2026-05-07 06:17:00+00:00, run_after=2026-05-07 06:18:00+00:00
[2026-05-07T06:18:01.804+0000] {processor.py:183} INFO - Processing /home/airflow/.local/lib/python3.12/site-packages/airflow/example_dags/example_branch_python_dop_operator_3.py took 0.141 seconds
[2026-05-07T06:18:32.496+0000] {processor.py:161} INFO - Started process (PID=13935) to work on /home/airflow/.local/lib/python3.12/site-packages/airflow/example_dags/example_branch_python_dop_operator_3.py
[2026-05-07T06:18:32.498+0000] {processor.py:830} INFO - Processing file /home/airflow/.local/lib/python3.12/site-packages/airflow/example_dags/example_branch_python_dop_operator_3.py for tasks to queue
[2026-05-07T06:18:32.500+0000] {logging_mixin.py:188} INFO - [2026-05-07T06:18:32.499+0000] {dagbag.py:545} INFO - Filling up the DagBag from /home/airflow/.local/lib/python3.12/site-packages/airflow/example_dags/example_branch_python_dop_operator_3.py
[2026-05-07T06:18:32.513+0000] {processor.py:840} INFO - DAG(s) 'example_branch_dop_operator_v3' retrieved from /home/airflow/.local/lib/python3.12/site-packages/airflow/example_dags/example_branch_python_dop_operator_3.py
[2026-05-07T06:18:32.549+0000] {logging_mixin.py:188} INFO - [2026-05-07T06:18:32.548+0000] {dag.py:3089} INFO - Sync 1 DAGs
[2026-05-07T06:18:32.579+0000] {logging_mixin.py:188} INFO - [2026-05-07T06:18:32.579+0000] {dag.py:3947} INFO - Setting next_dagrun for example_branch_dop_operator_v3 to 2026-05-07 06:17:00+00:00, run_after=2026-05-07 06:18:00+00:00
[2026-05-07T06:18:32.612+0000] {processor.py:183} INFO - Processing /home/airflow/.local/lib/python3.12/site-packages/airflow/example_dags/example_branch_python_dop_operator_3.py took 0.126 seconds
[2026-05-07T06:19:02.807+0000] {processor.py:161} INFO - Started process (PID=14010) to work on /home/airflow/.local/lib/python3.12/site-packages/airflow/example_dags/example_branch_python_dop_operator_3.py
[2026-05-07T06:19:02.809+0000] {processor.py:830} INFO - Processing file /home/airflow/.local/lib/python3.12/site-packages/airflow/example_dags/example_branch_python_dop_operator_3.py for tasks to queue
[2026-05-07T06:19:02.810+0000] {logging_mixin.py:188} INFO - [2026-05-07T06:19:02.810+0000] {dagbag.py:545} INFO - Filling up the DagBag from /home/airflow/.local/lib/python3.12/site-packages/airflow/example_dags/example_branch_python_dop_operator_3.py
[2026-05-07T06:19:02.827+0000] {processor.py:840} INFO - DAG(s) 'example_branch_dop_operator_v3' retrieved from /home/airflow/.local/lib/python3.12/site-packages/airflow/example_dags/example_branch_python_dop_operator_3.py
[2026-05-07T06:19:02.862+0000] {logging_mixin.py:188} INFO - [2026-05-07T06:19:02.862+0000] {dag.py:3089} INFO - Sync 1 DAGs
[2026-05-07T06:19:02.903+0000] {logging_mixin.py:188} INFO - [2026-05-07T06:19:02.902+0000] {dag.py:3947} INFO - Setting next_dagrun for example_branch_dop_operator_v3 to 2026-05-07 06:18:00+00:00, run_after=2026-05-07 06:19:00+00:00
[2026-05-07T06:19:02.933+0000] {processor.py:183} INFO - Processing /home/airflow/.local/lib/python3.12/site-packages/airflow/example_dags/example_branch_python_dop_operator_3.py took 0.136 seconds
[2026-05-07T06:19:33.488+0000] {processor.py:161} INFO - Started process (PID=14078) to work on /home/airflow/.local/lib/python3.12/site-packages/airflow/example_dags/example_branch_python_dop_operator_3.py
[2026-05-07T06:19:33.500+0000] {processor.py:830} INFO - Processing file /home/airflow/.local/lib/python3.12/site-packages/airflow/example_dags/example_branch_python_dop_operator_3.py for tasks to queue
[2026-05-07T06:19:33.509+0000] {logging_mixin.py:188} INFO - [2026-05-07T06:19:33.508+0000] {dagbag.py:545} INFO - Filling up the DagBag from /home/airflow/.local/lib/python3.12/site-packages/airflow/example_dags/example_branch_python_dop_operator_3.py
[2026-05-07T06:19:33.526+0000] {processor.py:840} INFO - DAG(s) 'example_branch_dop_operator_v3' retrieved from /home/airflow/.local/lib/python3.12/site-packages/airflow/example_dags/example_branch_python_dop_operator_3.py
[2026-05-07T06:19:33.561+0000] {logging_mixin.py:188} INFO - [2026-05-07T06:19:33.561+0000] {dag.py:3089} INFO - Sync 1 DAGs
[2026-05-07T06:19:33.602+0000] {logging_mixin.py:188} INFO - [2026-05-07T06:19:33.602+0000] {dag.py:3947} INFO - Setting next_dagrun for example_branch_dop_operator_v3 to 2026-05-07 06:18:00+00:00, run_after=2026-05-07 06:19:00+00:00
[2026-05-07T06:19:33.628+0000] {processor.py:183} INFO - Processing /home/airflow/.local/lib/python3.12/site-packages/airflow/example_dags/example_branch_python_dop_operator_3.py took 0.150 seconds
[2026-05-07T06:20:04.075+0000] {processor.py:161} INFO - Started process (PID=14146) to work on /home/airflow/.local/lib/python3.12/site-packages/airflow/example_dags/example_branch_python_dop_operator_3.py
[2026-05-07T06:20:04.080+0000] {processor.py:830} INFO - Processing file /home/airflow/.local/lib/python3.12/site-packages/airflow/example_dags/example_branch_python_dop_operator_3.py for tasks to queue
[2026-05-07T06:20:04.083+0000] {logging_mixin.py:188} INFO - [2026-05-07T06:20:04.083+0000] {dagbag.py:545} INFO - Filling up the DagBag from /home/airflow/.local/lib/python3.12/site-packages/airflow/example_dags/example_branch_python_dop_operator_3.py
[2026-05-07T06:20:04.098+0000] {processor.py:840} INFO - DAG(s) 'example_branch_dop_operator_v3' retrieved from /home/airflow/.local/lib/python3.12/site-packages/airflow/example_dags/example_branch_python_dop_operator_3.py
[2026-05-07T06:20:04.137+0000] {logging_mixin.py:188} INFO - [2026-05-07T06:20:04.137+0000] {dag.py:3089} INFO - Sync 1 DAGs
[2026-05-07T06:20:04.173+0000] {logging_mixin.py:188} INFO - [2026-05-07T06:20:04.173+0000] {dag.py:3947} INFO - Setting next_dagrun for example_branch_dop_operator_v3 to 2026-05-07 06:19:00+00:00, run_after=2026-05-07 06:20:00+00:00
[2026-05-07T06:20:04.240+0000] {processor.py:183} INFO - Processing /home/airflow/.local/lib/python3.12/site-packages/airflow/example_dags/example_branch_python_dop_operator_3.py took 0.175 seconds
