[2026-05-07T04:50:06.443+0000] {processor.py:161} INFO - Started process (PID=11959) to work on /home/airflow/.local/lib/python3.12/site-packages/airflow/example_dags/tutorial.py
[2026-05-07T04:50:06.445+0000] {processor.py:830} INFO - Processing file /home/airflow/.local/lib/python3.12/site-packages/airflow/example_dags/tutorial.py for tasks to queue
[2026-05-07T04:50:06.447+0000] {logging_mixin.py:188} INFO - [2026-05-07T04:50:06.446+0000] {dagbag.py:545} INFO - Filling up the DagBag from /home/airflow/.local/lib/python3.12/site-packages/airflow/example_dags/tutorial.py
[2026-05-07T04:50:06.453+0000] {processor.py:840} INFO - DAG(s) 'tutorial' retrieved from /home/airflow/.local/lib/python3.12/site-packages/airflow/example_dags/tutorial.py
[2026-05-07T04:50:06.472+0000] {logging_mixin.py:188} INFO - [2026-05-07T04:50:06.471+0000] {dag.py:3089} INFO - Sync 1 DAGs
[2026-05-07T04:50:06.492+0000] {logging_mixin.py:188} INFO - [2026-05-07T04:50:06.492+0000] {dag.py:3947} INFO - Setting next_dagrun for tutorial to 2026-05-06 00:00:00+00:00, run_after=2026-05-07 00:00:00+00:00
[2026-05-07T04:50:06.510+0000] {processor.py:183} INFO - Processing /home/airflow/.local/lib/python3.12/site-packages/airflow/example_dags/tutorial.py took 0.074 seconds
[2026-05-07T04:50:37.960+0000] {processor.py:161} INFO - Started process (PID=12027) to work on /home/airflow/.local/lib/python3.12/site-packages/airflow/example_dags/tutorial.py
[2026-05-07T04:50:37.961+0000] {processor.py:830} INFO - Processing file /home/airflow/.local/lib/python3.12/site-packages/airflow/example_dags/tutorial.py for tasks to queue
[2026-05-07T04:50:37.962+0000] {logging_mixin.py:188} INFO - [2026-05-07T04:50:37.962+0000] {dagbag.py:545} INFO - Filling up the DagBag from /home/airflow/.local/lib/python3.12/site-packages/airflow/example_dags/tutorial.py
[2026-05-07T04:50:37.970+0000] {processor.py:840} INFO - DAG(s) 'tutorial' retrieved from /home/airflow/.local/lib/python3.12/site-packages/airflow/example_dags/tutorial.py
[2026-05-07T04:50:37.990+0000] {logging_mixin.py:188} INFO - [2026-05-07T04:50:37.989+0000] {dag.py:3089} INFO - Sync 1 DAGs
[2026-05-07T04:50:38.008+0000] {logging_mixin.py:188} INFO - [2026-05-07T04:50:38.008+0000] {dag.py:3947} INFO - Setting next_dagrun for tutorial to 2026-05-06 00:00:00+00:00, run_after=2026-05-07 00:00:00+00:00
[2026-05-07T04:50:38.028+0000] {processor.py:183} INFO - Processing /home/airflow/.local/lib/python3.12/site-packages/airflow/example_dags/tutorial.py took 0.076 seconds
[2026-05-07T04:51:08.428+0000] {processor.py:161} INFO - Started process (PID=12102) to work on /home/airflow/.local/lib/python3.12/site-packages/airflow/example_dags/tutorial.py
[2026-05-07T04:51:08.431+0000] {processor.py:830} INFO - Processing file /home/airflow/.local/lib/python3.12/site-packages/airflow/example_dags/tutorial.py for tasks to queue
[2026-05-07T04:51:08.434+0000] {logging_mixin.py:188} INFO - [2026-05-07T04:51:08.434+0000] {dagbag.py:545} INFO - Filling up the DagBag from /home/airflow/.local/lib/python3.12/site-packages/airflow/example_dags/tutorial.py
[2026-05-07T04:51:08.446+0000] {processor.py:840} INFO - DAG(s) 'tutorial' retrieved from /home/airflow/.local/lib/python3.12/site-packages/airflow/example_dags/tutorial.py
[2026-05-07T04:51:08.471+0000] {logging_mixin.py:188} INFO - [2026-05-07T04:51:08.471+0000] {dag.py:3089} INFO - Sync 1 DAGs
[2026-05-07T04:51:08.491+0000] {logging_mixin.py:188} INFO - [2026-05-07T04:51:08.490+0000] {dag.py:3947} INFO - Setting next_dagrun for tutorial to 2026-05-06 00:00:00+00:00, run_after=2026-05-07 00:00:00+00:00
[2026-05-07T04:51:08.509+0000] {processor.py:183} INFO - Processing /home/airflow/.local/lib/python3.12/site-packages/airflow/example_dags/tutorial.py took 0.091 seconds
[2026-05-07T04:51:38.723+0000] {processor.py:161} INFO - Started process (PID=12170) to work on /home/airflow/.local/lib/python3.12/site-packages/airflow/example_dags/tutorial.py
[2026-05-07T04:51:38.726+0000] {processor.py:830} INFO - Processing file /home/airflow/.local/lib/python3.12/site-packages/airflow/example_dags/tutorial.py for tasks to queue
[2026-05-07T04:51:38.729+0000] {logging_mixin.py:188} INFO - [2026-05-07T04:51:38.728+0000] {dagbag.py:545} INFO - Filling up the DagBag from /home/airflow/.local/lib/python3.12/site-packages/airflow/example_dags/tutorial.py
[2026-05-07T04:51:38.742+0000] {processor.py:840} INFO - DAG(s) 'tutorial' retrieved from /home/airflow/.local/lib/python3.12/site-packages/airflow/example_dags/tutorial.py
[2026-05-07T04:51:38.771+0000] {logging_mixin.py:188} INFO - [2026-05-07T04:51:38.771+0000] {dag.py:3089} INFO - Sync 1 DAGs
[2026-05-07T04:51:38.791+0000] {logging_mixin.py:188} INFO - [2026-05-07T04:51:38.790+0000] {dag.py:3947} INFO - Setting next_dagrun for tutorial to 2026-05-06 00:00:00+00:00, run_after=2026-05-07 00:00:00+00:00
[2026-05-07T04:51:38.819+0000] {processor.py:183} INFO - Processing /home/airflow/.local/lib/python3.12/site-packages/airflow/example_dags/tutorial.py took 0.103 seconds
[2026-05-07T04:52:09.950+0000] {processor.py:161} INFO - Started process (PID=12245) to work on /home/airflow/.local/lib/python3.12/site-packages/airflow/example_dags/tutorial.py
[2026-05-07T04:52:09.951+0000] {processor.py:830} INFO - Processing file /home/airflow/.local/lib/python3.12/site-packages/airflow/example_dags/tutorial.py for tasks to queue
[2026-05-07T04:52:09.952+0000] {logging_mixin.py:188} INFO - [2026-05-07T04:52:09.952+0000] {dagbag.py:545} INFO - Filling up the DagBag from /home/airflow/.local/lib/python3.12/site-packages/airflow/example_dags/tutorial.py
[2026-05-07T04:52:09.963+0000] {processor.py:840} INFO - DAG(s) 'tutorial' retrieved from /home/airflow/.local/lib/python3.12/site-packages/airflow/example_dags/tutorial.py
[2026-05-07T04:52:09.993+0000] {logging_mixin.py:188} INFO - [2026-05-07T04:52:09.992+0000] {dag.py:3089} INFO - Sync 1 DAGs
[2026-05-07T04:52:10.018+0000] {logging_mixin.py:188} INFO - [2026-05-07T04:52:10.017+0000] {dag.py:3947} INFO - Setting next_dagrun for tutorial to 2026-05-06 00:00:00+00:00, run_after=2026-05-07 00:00:00+00:00
[2026-05-07T04:52:10.040+0000] {processor.py:183} INFO - Processing /home/airflow/.local/lib/python3.12/site-packages/airflow/example_dags/tutorial.py took 0.102 seconds
[2026-05-07T04:52:40.610+0000] {processor.py:161} INFO - Started process (PID=12313) to work on /home/airflow/.local/lib/python3.12/site-packages/airflow/example_dags/tutorial.py
[2026-05-07T04:52:40.611+0000] {processor.py:830} INFO - Processing file /home/airflow/.local/lib/python3.12/site-packages/airflow/example_dags/tutorial.py for tasks to queue
[2026-05-07T04:52:40.612+0000] {logging_mixin.py:188} INFO - [2026-05-07T04:52:40.612+0000] {dagbag.py:545} INFO - Filling up the DagBag from /home/airflow/.local/lib/python3.12/site-packages/airflow/example_dags/tutorial.py
[2026-05-07T04:52:40.620+0000] {processor.py:840} INFO - DAG(s) 'tutorial' retrieved from /home/airflow/.local/lib/python3.12/site-packages/airflow/example_dags/tutorial.py
[2026-05-07T04:52:40.652+0000] {logging_mixin.py:188} INFO - [2026-05-07T04:52:40.652+0000] {dag.py:3089} INFO - Sync 1 DAGs
[2026-05-07T04:52:40.677+0000] {logging_mixin.py:188} INFO - [2026-05-07T04:52:40.676+0000] {dag.py:3947} INFO - Setting next_dagrun for tutorial to 2026-05-06 00:00:00+00:00, run_after=2026-05-07 00:00:00+00:00
[2026-05-07T04:52:40.700+0000] {processor.py:183} INFO - Processing /home/airflow/.local/lib/python3.12/site-packages/airflow/example_dags/tutorial.py took 0.096 seconds
[2026-05-07T04:53:11.146+0000] {processor.py:161} INFO - Started process (PID=12388) to work on /home/airflow/.local/lib/python3.12/site-packages/airflow/example_dags/tutorial.py
[2026-05-07T04:53:11.147+0000] {processor.py:830} INFO - Processing file /home/airflow/.local/lib/python3.12/site-packages/airflow/example_dags/tutorial.py for tasks to queue
[2026-05-07T04:53:11.148+0000] {logging_mixin.py:188} INFO - [2026-05-07T04:53:11.148+0000] {dagbag.py:545} INFO - Filling up the DagBag from /home/airflow/.local/lib/python3.12/site-packages/airflow/example_dags/tutorial.py
[2026-05-07T04:53:11.154+0000] {processor.py:840} INFO - DAG(s) 'tutorial' retrieved from /home/airflow/.local/lib/python3.12/site-packages/airflow/example_dags/tutorial.py
[2026-05-07T04:53:11.171+0000] {logging_mixin.py:188} INFO - [2026-05-07T04:53:11.171+0000] {dag.py:3089} INFO - Sync 1 DAGs
[2026-05-07T04:53:11.195+0000] {logging_mixin.py:188} INFO - [2026-05-07T04:53:11.195+0000] {dag.py:3947} INFO - Setting next_dagrun for tutorial to 2026-05-06 00:00:00+00:00, run_after=2026-05-07 00:00:00+00:00
[2026-05-07T04:53:11.217+0000] {processor.py:183} INFO - Processing /home/airflow/.local/lib/python3.12/site-packages/airflow/example_dags/tutorial.py took 0.076 seconds
[2026-05-07T05:20:13.043+0000] {processor.py:161} INFO - Started process (PID=12438) to work on /home/airflow/.local/lib/python3.12/site-packages/airflow/example_dags/tutorial.py
[2026-05-07T05:20:13.045+0000] {processor.py:830} INFO - Processing file /home/airflow/.local/lib/python3.12/site-packages/airflow/example_dags/tutorial.py for tasks to queue
[2026-05-07T05:20:13.047+0000] {logging_mixin.py:188} INFO - [2026-05-07T05:20:13.047+0000] {dagbag.py:545} INFO - Filling up the DagBag from /home/airflow/.local/lib/python3.12/site-packages/airflow/example_dags/tutorial.py
[2026-05-07T05:20:13.053+0000] {processor.py:840} INFO - DAG(s) 'tutorial' retrieved from /home/airflow/.local/lib/python3.12/site-packages/airflow/example_dags/tutorial.py
[2026-05-07T05:20:13.071+0000] {logging_mixin.py:188} INFO - [2026-05-07T05:20:13.071+0000] {dag.py:3089} INFO - Sync 1 DAGs
[2026-05-07T05:20:13.087+0000] {logging_mixin.py:188} INFO - [2026-05-07T05:20:13.086+0000] {dag.py:3947} INFO - Setting next_dagrun for tutorial to 2026-05-06 00:00:00+00:00, run_after=2026-05-07 00:00:00+00:00
[2026-05-07T05:20:13.114+0000] {processor.py:183} INFO - Processing /home/airflow/.local/lib/python3.12/site-packages/airflow/example_dags/tutorial.py took 0.075 seconds
[2026-05-07T06:07:48.187+0000] {processor.py:161} INFO - Started process (PID=12513) to work on /home/airflow/.local/lib/python3.12/site-packages/airflow/example_dags/tutorial.py
[2026-05-07T06:07:48.197+0000] {processor.py:830} INFO - Processing file /home/airflow/.local/lib/python3.12/site-packages/airflow/example_dags/tutorial.py for tasks to queue
[2026-05-07T06:07:48.200+0000] {logging_mixin.py:188} INFO - [2026-05-07T06:07:48.200+0000] {dagbag.py:545} INFO - Filling up the DagBag from /home/airflow/.local/lib/python3.12/site-packages/airflow/example_dags/tutorial.py
[2026-05-07T06:07:48.216+0000] {processor.py:840} INFO - DAG(s) 'tutorial' retrieved from /home/airflow/.local/lib/python3.12/site-packages/airflow/example_dags/tutorial.py
[2026-05-07T06:07:48.262+0000] {logging_mixin.py:188} INFO - [2026-05-07T06:07:48.261+0000] {dag.py:3089} INFO - Sync 1 DAGs
[2026-05-07T06:07:48.296+0000] {logging_mixin.py:188} INFO - [2026-05-07T06:07:48.296+0000] {dag.py:3947} INFO - Setting next_dagrun for tutorial to 2026-05-06 00:00:00+00:00, run_after=2026-05-07 00:00:00+00:00
[2026-05-07T06:07:48.330+0000] {processor.py:183} INFO - Processing /home/airflow/.local/lib/python3.12/site-packages/airflow/example_dags/tutorial.py took 0.157 seconds
[2026-05-07T06:08:19.459+0000] {processor.py:161} INFO - Started process (PID=12581) to work on /home/airflow/.local/lib/python3.12/site-packages/airflow/example_dags/tutorial.py
[2026-05-07T06:08:19.461+0000] {processor.py:830} INFO - Processing file /home/airflow/.local/lib/python3.12/site-packages/airflow/example_dags/tutorial.py for tasks to queue
[2026-05-07T06:08:19.463+0000] {logging_mixin.py:188} INFO - [2026-05-07T06:08:19.462+0000] {dagbag.py:545} INFO - Filling up the DagBag from /home/airflow/.local/lib/python3.12/site-packages/airflow/example_dags/tutorial.py
[2026-05-07T06:08:19.481+0000] {processor.py:840} INFO - DAG(s) 'tutorial' retrieved from /home/airflow/.local/lib/python3.12/site-packages/airflow/example_dags/tutorial.py
[2026-05-07T06:08:19.516+0000] {logging_mixin.py:188} INFO - [2026-05-07T06:08:19.515+0000] {dag.py:3089} INFO - Sync 1 DAGs
[2026-05-07T06:08:19.552+0000] {logging_mixin.py:188} INFO - [2026-05-07T06:08:19.552+0000] {dag.py:3947} INFO - Setting next_dagrun for tutorial to 2026-05-06 00:00:00+00:00, run_after=2026-05-07 00:00:00+00:00
[2026-05-07T06:08:19.594+0000] {processor.py:183} INFO - Processing /home/airflow/.local/lib/python3.12/site-packages/airflow/example_dags/tutorial.py took 0.145 seconds
[2026-05-07T06:08:51.263+0000] {processor.py:161} INFO - Started process (PID=12649) to work on /home/airflow/.local/lib/python3.12/site-packages/airflow/example_dags/tutorial.py
[2026-05-07T06:08:51.266+0000] {processor.py:830} INFO - Processing file /home/airflow/.local/lib/python3.12/site-packages/airflow/example_dags/tutorial.py for tasks to queue
[2026-05-07T06:08:51.272+0000] {logging_mixin.py:188} INFO - [2026-05-07T06:08:51.272+0000] {dagbag.py:545} INFO - Filling up the DagBag from /home/airflow/.local/lib/python3.12/site-packages/airflow/example_dags/tutorial.py
[2026-05-07T06:08:51.291+0000] {processor.py:840} INFO - DAG(s) 'tutorial' retrieved from /home/airflow/.local/lib/python3.12/site-packages/airflow/example_dags/tutorial.py
[2026-05-07T06:08:51.338+0000] {logging_mixin.py:188} INFO - [2026-05-07T06:08:51.337+0000] {dag.py:3089} INFO - Sync 1 DAGs
[2026-05-07T06:08:51.408+0000] {logging_mixin.py:188} INFO - [2026-05-07T06:08:51.408+0000] {dag.py:3947} INFO - Setting next_dagrun for tutorial to 2026-05-06 00:00:00+00:00, run_after=2026-05-07 00:00:00+00:00
[2026-05-07T06:08:51.449+0000] {processor.py:183} INFO - Processing /home/airflow/.local/lib/python3.12/site-packages/airflow/example_dags/tutorial.py took 0.198 seconds
[2026-05-07T06:09:23.059+0000] {processor.py:161} INFO - Started process (PID=12717) to work on /home/airflow/.local/lib/python3.12/site-packages/airflow/example_dags/tutorial.py
[2026-05-07T06:09:23.062+0000] {processor.py:830} INFO - Processing file /home/airflow/.local/lib/python3.12/site-packages/airflow/example_dags/tutorial.py for tasks to queue
[2026-05-07T06:09:23.067+0000] {logging_mixin.py:188} INFO - [2026-05-07T06:09:23.066+0000] {dagbag.py:545} INFO - Filling up the DagBag from /home/airflow/.local/lib/python3.12/site-packages/airflow/example_dags/tutorial.py
[2026-05-07T06:09:23.090+0000] {processor.py:840} INFO - DAG(s) 'tutorial' retrieved from /home/airflow/.local/lib/python3.12/site-packages/airflow/example_dags/tutorial.py
[2026-05-07T06:09:23.129+0000] {logging_mixin.py:188} INFO - [2026-05-07T06:09:23.129+0000] {dag.py:3089} INFO - Sync 1 DAGs
[2026-05-07T06:09:23.180+0000] {logging_mixin.py:188} INFO - [2026-05-07T06:09:23.179+0000] {dag.py:3947} INFO - Setting next_dagrun for tutorial to 2026-05-06 00:00:00+00:00, run_after=2026-05-07 00:00:00+00:00
[2026-05-07T06:09:23.219+0000] {processor.py:183} INFO - Processing /home/airflow/.local/lib/python3.12/site-packages/airflow/example_dags/tutorial.py took 0.170 seconds
[2026-05-07T06:09:53.931+0000] {processor.py:161} INFO - Started process (PID=12792) to work on /home/airflow/.local/lib/python3.12/site-packages/airflow/example_dags/tutorial.py
[2026-05-07T06:09:53.932+0000] {processor.py:830} INFO - Processing file /home/airflow/.local/lib/python3.12/site-packages/airflow/example_dags/tutorial.py for tasks to queue
[2026-05-07T06:09:53.934+0000] {logging_mixin.py:188} INFO - [2026-05-07T06:09:53.933+0000] {dagbag.py:545} INFO - Filling up the DagBag from /home/airflow/.local/lib/python3.12/site-packages/airflow/example_dags/tutorial.py
[2026-05-07T06:09:53.946+0000] {processor.py:840} INFO - DAG(s) 'tutorial' retrieved from /home/airflow/.local/lib/python3.12/site-packages/airflow/example_dags/tutorial.py
[2026-05-07T06:09:53.977+0000] {logging_mixin.py:188} INFO - [2026-05-07T06:09:53.976+0000] {dag.py:3089} INFO - Sync 1 DAGs
[2026-05-07T06:09:54.011+0000] {logging_mixin.py:188} INFO - [2026-05-07T06:09:54.010+0000] {dag.py:3947} INFO - Setting next_dagrun for tutorial to 2026-05-06 00:00:00+00:00, run_after=2026-05-07 00:00:00+00:00
[2026-05-07T06:09:54.045+0000] {processor.py:183} INFO - Processing /home/airflow/.local/lib/python3.12/site-packages/airflow/example_dags/tutorial.py took 0.122 seconds
[2026-05-07T06:10:25.106+0000] {processor.py:161} INFO - Started process (PID=12860) to work on /home/airflow/.local/lib/python3.12/site-packages/airflow/example_dags/tutorial.py
[2026-05-07T06:10:25.109+0000] {processor.py:830} INFO - Processing file /home/airflow/.local/lib/python3.12/site-packages/airflow/example_dags/tutorial.py for tasks to queue
[2026-05-07T06:10:25.111+0000] {logging_mixin.py:188} INFO - [2026-05-07T06:10:25.110+0000] {dagbag.py:545} INFO - Filling up the DagBag from /home/airflow/.local/lib/python3.12/site-packages/airflow/example_dags/tutorial.py
[2026-05-07T06:10:25.123+0000] {processor.py:840} INFO - DAG(s) 'tutorial' retrieved from /home/airflow/.local/lib/python3.12/site-packages/airflow/example_dags/tutorial.py
[2026-05-07T06:10:25.161+0000] {logging_mixin.py:188} INFO - [2026-05-07T06:10:25.160+0000] {dag.py:3089} INFO - Sync 1 DAGs
[2026-05-07T06:10:25.191+0000] {logging_mixin.py:188} INFO - [2026-05-07T06:10:25.190+0000] {dag.py:3947} INFO - Setting next_dagrun for tutorial to 2026-05-06 00:00:00+00:00, run_after=2026-05-07 00:00:00+00:00
[2026-05-07T06:10:25.230+0000] {processor.py:183} INFO - Processing /home/airflow/.local/lib/python3.12/site-packages/airflow/example_dags/tutorial.py took 0.138 seconds
[2026-05-07T06:10:55.594+0000] {processor.py:161} INFO - Started process (PID=12928) to work on /home/airflow/.local/lib/python3.12/site-packages/airflow/example_dags/tutorial.py
[2026-05-07T06:10:55.595+0000] {processor.py:830} INFO - Processing file /home/airflow/.local/lib/python3.12/site-packages/airflow/example_dags/tutorial.py for tasks to queue
[2026-05-07T06:10:55.597+0000] {logging_mixin.py:188} INFO - [2026-05-07T06:10:55.596+0000] {dagbag.py:545} INFO - Filling up the DagBag from /home/airflow/.local/lib/python3.12/site-packages/airflow/example_dags/tutorial.py
[2026-05-07T06:10:55.607+0000] {processor.py:840} INFO - DAG(s) 'tutorial' retrieved from /home/airflow/.local/lib/python3.12/site-packages/airflow/example_dags/tutorial.py
[2026-05-07T06:10:55.641+0000] {logging_mixin.py:188} INFO - [2026-05-07T06:10:55.641+0000] {dag.py:3089} INFO - Sync 1 DAGs
[2026-05-07T06:10:55.672+0000] {logging_mixin.py:188} INFO - [2026-05-07T06:10:55.672+0000] {dag.py:3947} INFO - Setting next_dagrun for tutorial to 2026-05-06 00:00:00+00:00, run_after=2026-05-07 00:00:00+00:00
[2026-05-07T06:10:55.704+0000] {processor.py:183} INFO - Processing /home/airflow/.local/lib/python3.12/site-packages/airflow/example_dags/tutorial.py took 0.120 seconds
[2026-05-07T06:11:25.949+0000] {processor.py:161} INFO - Started process (PID=12996) to work on /home/airflow/.local/lib/python3.12/site-packages/airflow/example_dags/tutorial.py
[2026-05-07T06:11:25.951+0000] {processor.py:830} INFO - Processing file /home/airflow/.local/lib/python3.12/site-packages/airflow/example_dags/tutorial.py for tasks to queue
[2026-05-07T06:11:25.953+0000] {logging_mixin.py:188} INFO - [2026-05-07T06:11:25.953+0000] {dagbag.py:545} INFO - Filling up the DagBag from /home/airflow/.local/lib/python3.12/site-packages/airflow/example_dags/tutorial.py
[2026-05-07T06:11:25.964+0000] {processor.py:840} INFO - DAG(s) 'tutorial' retrieved from /home/airflow/.local/lib/python3.12/site-packages/airflow/example_dags/tutorial.py
[2026-05-07T06:11:25.996+0000] {logging_mixin.py:188} INFO - [2026-05-07T06:11:25.995+0000] {dag.py:3089} INFO - Sync 1 DAGs
[2026-05-07T06:11:26.033+0000] {logging_mixin.py:188} INFO - [2026-05-07T06:11:26.032+0000] {dag.py:3947} INFO - Setting next_dagrun for tutorial to 2026-05-06 00:00:00+00:00, run_after=2026-05-07 00:00:00+00:00
[2026-05-07T06:11:26.066+0000] {processor.py:183} INFO - Processing /home/airflow/.local/lib/python3.12/site-packages/airflow/example_dags/tutorial.py took 0.126 seconds
[2026-05-07T06:11:56.807+0000] {processor.py:161} INFO - Started process (PID=13064) to work on /home/airflow/.local/lib/python3.12/site-packages/airflow/example_dags/tutorial.py
[2026-05-07T06:11:56.809+0000] {processor.py:830} INFO - Processing file /home/airflow/.local/lib/python3.12/site-packages/airflow/example_dags/tutorial.py for tasks to queue
[2026-05-07T06:11:56.811+0000] {logging_mixin.py:188} INFO - [2026-05-07T06:11:56.811+0000] {dagbag.py:545} INFO - Filling up the DagBag from /home/airflow/.local/lib/python3.12/site-packages/airflow/example_dags/tutorial.py
[2026-05-07T06:11:56.828+0000] {processor.py:840} INFO - DAG(s) 'tutorial' retrieved from /home/airflow/.local/lib/python3.12/site-packages/airflow/example_dags/tutorial.py
[2026-05-07T06:11:56.866+0000] {logging_mixin.py:188} INFO - [2026-05-07T06:11:56.865+0000] {dag.py:3089} INFO - Sync 1 DAGs
[2026-05-07T06:11:56.903+0000] {logging_mixin.py:188} INFO - [2026-05-07T06:11:56.902+0000] {dag.py:3947} INFO - Setting next_dagrun for tutorial to 2026-05-06 00:00:00+00:00, run_after=2026-05-07 00:00:00+00:00
[2026-05-07T06:11:56.940+0000] {processor.py:183} INFO - Processing /home/airflow/.local/lib/python3.12/site-packages/airflow/example_dags/tutorial.py took 0.143 seconds
[2026-05-07T06:12:27.565+0000] {processor.py:161} INFO - Started process (PID=13139) to work on /home/airflow/.local/lib/python3.12/site-packages/airflow/example_dags/tutorial.py
[2026-05-07T06:12:27.567+0000] {processor.py:830} INFO - Processing file /home/airflow/.local/lib/python3.12/site-packages/airflow/example_dags/tutorial.py for tasks to queue
[2026-05-07T06:12:27.568+0000] {logging_mixin.py:188} INFO - [2026-05-07T06:12:27.568+0000] {dagbag.py:545} INFO - Filling up the DagBag from /home/airflow/.local/lib/python3.12/site-packages/airflow/example_dags/tutorial.py
[2026-05-07T06:12:27.578+0000] {processor.py:840} INFO - DAG(s) 'tutorial' retrieved from /home/airflow/.local/lib/python3.12/site-packages/airflow/example_dags/tutorial.py
[2026-05-07T06:12:27.612+0000] {logging_mixin.py:188} INFO - [2026-05-07T06:12:27.611+0000] {dag.py:3089} INFO - Sync 1 DAGs
[2026-05-07T06:12:27.641+0000] {logging_mixin.py:188} INFO - [2026-05-07T06:12:27.640+0000] {dag.py:3947} INFO - Setting next_dagrun for tutorial to 2026-05-06 00:00:00+00:00, run_after=2026-05-07 00:00:00+00:00
[2026-05-07T06:12:27.674+0000] {processor.py:183} INFO - Processing /home/airflow/.local/lib/python3.12/site-packages/airflow/example_dags/tutorial.py took 0.119 seconds
[2026-05-07T06:12:58.282+0000] {processor.py:161} INFO - Started process (PID=13207) to work on /home/airflow/.local/lib/python3.12/site-packages/airflow/example_dags/tutorial.py
[2026-05-07T06:12:58.285+0000] {processor.py:830} INFO - Processing file /home/airflow/.local/lib/python3.12/site-packages/airflow/example_dags/tutorial.py for tasks to queue
[2026-05-07T06:12:58.287+0000] {logging_mixin.py:188} INFO - [2026-05-07T06:12:58.286+0000] {dagbag.py:545} INFO - Filling up the DagBag from /home/airflow/.local/lib/python3.12/site-packages/airflow/example_dags/tutorial.py
[2026-05-07T06:12:58.303+0000] {processor.py:840} INFO - DAG(s) 'tutorial' retrieved from /home/airflow/.local/lib/python3.12/site-packages/airflow/example_dags/tutorial.py
[2026-05-07T06:12:58.349+0000] {logging_mixin.py:188} INFO - [2026-05-07T06:12:58.348+0000] {dag.py:3089} INFO - Sync 1 DAGs
[2026-05-07T06:12:58.385+0000] {logging_mixin.py:188} INFO - [2026-05-07T06:12:58.384+0000] {dag.py:3947} INFO - Setting next_dagrun for tutorial to 2026-05-06 00:00:00+00:00, run_after=2026-05-07 00:00:00+00:00
[2026-05-07T06:12:58.440+0000] {processor.py:183} INFO - Processing /home/airflow/.local/lib/python3.12/site-packages/airflow/example_dags/tutorial.py took 0.171 seconds
[2026-05-07T06:13:28.867+0000] {processor.py:161} INFO - Started process (PID=13274) to work on /home/airflow/.local/lib/python3.12/site-packages/airflow/example_dags/tutorial.py
[2026-05-07T06:13:28.869+0000] {processor.py:830} INFO - Processing file /home/airflow/.local/lib/python3.12/site-packages/airflow/example_dags/tutorial.py for tasks to queue
[2026-05-07T06:13:28.872+0000] {logging_mixin.py:188} INFO - [2026-05-07T06:13:28.871+0000] {dagbag.py:545} INFO - Filling up the DagBag from /home/airflow/.local/lib/python3.12/site-packages/airflow/example_dags/tutorial.py
[2026-05-07T06:13:28.885+0000] {processor.py:840} INFO - DAG(s) 'tutorial' retrieved from /home/airflow/.local/lib/python3.12/site-packages/airflow/example_dags/tutorial.py
[2026-05-07T06:13:28.927+0000] {logging_mixin.py:188} INFO - [2026-05-07T06:13:28.926+0000] {dag.py:3089} INFO - Sync 1 DAGs
[2026-05-07T06:13:28.968+0000] {logging_mixin.py:188} INFO - [2026-05-07T06:13:28.967+0000] {dag.py:3947} INFO - Setting next_dagrun for tutorial to 2026-05-06 00:00:00+00:00, run_after=2026-05-07 00:00:00+00:00
[2026-05-07T06:13:29.031+0000] {processor.py:183} INFO - Processing /home/airflow/.local/lib/python3.12/site-packages/airflow/example_dags/tutorial.py took 0.175 seconds
[2026-05-07T06:13:59.928+0000] {processor.py:161} INFO - Started process (PID=13342) to work on /home/airflow/.local/lib/python3.12/site-packages/airflow/example_dags/tutorial.py
[2026-05-07T06:13:59.930+0000] {processor.py:830} INFO - Processing file /home/airflow/.local/lib/python3.12/site-packages/airflow/example_dags/tutorial.py for tasks to queue
[2026-05-07T06:13:59.932+0000] {logging_mixin.py:188} INFO - [2026-05-07T06:13:59.932+0000] {dagbag.py:545} INFO - Filling up the DagBag from /home/airflow/.local/lib/python3.12/site-packages/airflow/example_dags/tutorial.py
[2026-05-07T06:13:59.944+0000] {processor.py:840} INFO - DAG(s) 'tutorial' retrieved from /home/airflow/.local/lib/python3.12/site-packages/airflow/example_dags/tutorial.py
[2026-05-07T06:13:59.987+0000] {logging_mixin.py:188} INFO - [2026-05-07T06:13:59.986+0000] {dag.py:3089} INFO - Sync 1 DAGs
[2026-05-07T06:14:00.024+0000] {logging_mixin.py:188} INFO - [2026-05-07T06:14:00.024+0000] {dag.py:3947} INFO - Setting next_dagrun for tutorial to 2026-05-06 00:00:00+00:00, run_after=2026-05-07 00:00:00+00:00
[2026-05-07T06:14:00.065+0000] {processor.py:183} INFO - Processing /home/airflow/.local/lib/python3.12/site-packages/airflow/example_dags/tutorial.py took 0.148 seconds
[2026-05-07T06:14:30.937+0000] {processor.py:161} INFO - Started process (PID=13410) to work on /home/airflow/.local/lib/python3.12/site-packages/airflow/example_dags/tutorial.py
[2026-05-07T06:14:30.939+0000] {processor.py:830} INFO - Processing file /home/airflow/.local/lib/python3.12/site-packages/airflow/example_dags/tutorial.py for tasks to queue
[2026-05-07T06:14:30.940+0000] {logging_mixin.py:188} INFO - [2026-05-07T06:14:30.940+0000] {dagbag.py:545} INFO - Filling up the DagBag from /home/airflow/.local/lib/python3.12/site-packages/airflow/example_dags/tutorial.py
[2026-05-07T06:14:30.951+0000] {processor.py:840} INFO - DAG(s) 'tutorial' retrieved from /home/airflow/.local/lib/python3.12/site-packages/airflow/example_dags/tutorial.py
[2026-05-07T06:14:30.985+0000] {logging_mixin.py:188} INFO - [2026-05-07T06:14:30.984+0000] {dag.py:3089} INFO - Sync 1 DAGs
[2026-05-07T06:14:31.019+0000] {logging_mixin.py:188} INFO - [2026-05-07T06:14:31.019+0000] {dag.py:3947} INFO - Setting next_dagrun for tutorial to 2026-05-06 00:00:00+00:00, run_after=2026-05-07 00:00:00+00:00
[2026-05-07T06:14:31.097+0000] {processor.py:183} INFO - Processing /home/airflow/.local/lib/python3.12/site-packages/airflow/example_dags/tutorial.py took 0.169 seconds
[2026-05-07T06:15:01.975+0000] {processor.py:161} INFO - Started process (PID=13478) to work on /home/airflow/.local/lib/python3.12/site-packages/airflow/example_dags/tutorial.py
[2026-05-07T06:15:01.978+0000] {processor.py:830} INFO - Processing file /home/airflow/.local/lib/python3.12/site-packages/airflow/example_dags/tutorial.py for tasks to queue
[2026-05-07T06:15:01.981+0000] {logging_mixin.py:188} INFO - [2026-05-07T06:15:01.980+0000] {dagbag.py:545} INFO - Filling up the DagBag from /home/airflow/.local/lib/python3.12/site-packages/airflow/example_dags/tutorial.py
[2026-05-07T06:15:01.998+0000] {processor.py:840} INFO - DAG(s) 'tutorial' retrieved from /home/airflow/.local/lib/python3.12/site-packages/airflow/example_dags/tutorial.py
[2026-05-07T06:15:02.039+0000] {logging_mixin.py:188} INFO - [2026-05-07T06:15:02.039+0000] {dag.py:3089} INFO - Sync 1 DAGs
[2026-05-07T06:15:02.084+0000] {logging_mixin.py:188} INFO - [2026-05-07T06:15:02.084+0000] {dag.py:3947} INFO - Setting next_dagrun for tutorial to 2026-05-06 00:00:00+00:00, run_after=2026-05-07 00:00:00+00:00
[2026-05-07T06:15:02.259+0000] {processor.py:183} INFO - Processing /home/airflow/.local/lib/python3.12/site-packages/airflow/example_dags/tutorial.py took 0.298 seconds
[2026-05-07T06:15:32.560+0000] {processor.py:161} INFO - Started process (PID=13552) to work on /home/airflow/.local/lib/python3.12/site-packages/airflow/example_dags/tutorial.py
[2026-05-07T06:15:32.563+0000] {processor.py:830} INFO - Processing file /home/airflow/.local/lib/python3.12/site-packages/airflow/example_dags/tutorial.py for tasks to queue
[2026-05-07T06:15:32.565+0000] {logging_mixin.py:188} INFO - [2026-05-07T06:15:32.564+0000] {dagbag.py:545} INFO - Filling up the DagBag from /home/airflow/.local/lib/python3.12/site-packages/airflow/example_dags/tutorial.py
[2026-05-07T06:15:32.576+0000] {processor.py:840} INFO - DAG(s) 'tutorial' retrieved from /home/airflow/.local/lib/python3.12/site-packages/airflow/example_dags/tutorial.py
[2026-05-07T06:15:32.610+0000] {logging_mixin.py:188} INFO - [2026-05-07T06:15:32.610+0000] {dag.py:3089} INFO - Sync 1 DAGs
[2026-05-07T06:15:32.654+0000] {logging_mixin.py:188} INFO - [2026-05-07T06:15:32.653+0000] {dag.py:3947} INFO - Setting next_dagrun for tutorial to 2026-05-06 00:00:00+00:00, run_after=2026-05-07 00:00:00+00:00
[2026-05-07T06:15:32.688+0000] {processor.py:183} INFO - Processing /home/airflow/.local/lib/python3.12/site-packages/airflow/example_dags/tutorial.py took 0.137 seconds
[2026-05-07T06:16:04.165+0000] {processor.py:161} INFO - Started process (PID=13621) to work on /home/airflow/.local/lib/python3.12/site-packages/airflow/example_dags/tutorial.py
[2026-05-07T06:16:04.168+0000] {processor.py:830} INFO - Processing file /home/airflow/.local/lib/python3.12/site-packages/airflow/example_dags/tutorial.py for tasks to queue
[2026-05-07T06:16:04.171+0000] {logging_mixin.py:188} INFO - [2026-05-07T06:16:04.170+0000] {dagbag.py:545} INFO - Filling up the DagBag from /home/airflow/.local/lib/python3.12/site-packages/airflow/example_dags/tutorial.py
[2026-05-07T06:16:04.186+0000] {processor.py:840} INFO - DAG(s) 'tutorial' retrieved from /home/airflow/.local/lib/python3.12/site-packages/airflow/example_dags/tutorial.py
[2026-05-07T06:16:04.221+0000] {logging_mixin.py:188} INFO - [2026-05-07T06:16:04.221+0000] {dag.py:3089} INFO - Sync 1 DAGs
[2026-05-07T06:16:04.264+0000] {logging_mixin.py:188} INFO - [2026-05-07T06:16:04.264+0000] {dag.py:3947} INFO - Setting next_dagrun for tutorial to 2026-05-06 00:00:00+00:00, run_after=2026-05-07 00:00:00+00:00
[2026-05-07T06:16:04.304+0000] {processor.py:183} INFO - Processing /home/airflow/.local/lib/python3.12/site-packages/airflow/example_dags/tutorial.py took 0.149 seconds
[2026-05-07T06:16:34.752+0000] {processor.py:161} INFO - Started process (PID=13689) to work on /home/airflow/.local/lib/python3.12/site-packages/airflow/example_dags/tutorial.py
[2026-05-07T06:16:34.754+0000] {processor.py:830} INFO - Processing file /home/airflow/.local/lib/python3.12/site-packages/airflow/example_dags/tutorial.py for tasks to queue
[2026-05-07T06:16:34.757+0000] {logging_mixin.py:188} INFO - [2026-05-07T06:16:34.756+0000] {dagbag.py:545} INFO - Filling up the DagBag from /home/airflow/.local/lib/python3.12/site-packages/airflow/example_dags/tutorial.py
[2026-05-07T06:16:34.768+0000] {processor.py:840} INFO - DAG(s) 'tutorial' retrieved from /home/airflow/.local/lib/python3.12/site-packages/airflow/example_dags/tutorial.py
[2026-05-07T06:16:34.802+0000] {logging_mixin.py:188} INFO - [2026-05-07T06:16:34.802+0000] {dag.py:3089} INFO - Sync 1 DAGs
[2026-05-07T06:16:34.834+0000] {logging_mixin.py:188} INFO - [2026-05-07T06:16:34.834+0000] {dag.py:3947} INFO - Setting next_dagrun for tutorial to 2026-05-06 00:00:00+00:00, run_after=2026-05-07 00:00:00+00:00
[2026-05-07T06:16:34.887+0000] {processor.py:183} INFO - Processing /home/airflow/.local/lib/python3.12/site-packages/airflow/example_dags/tutorial.py took 0.145 seconds
[2026-05-07T06:17:05.582+0000] {processor.py:161} INFO - Started process (PID=13757) to work on /home/airflow/.local/lib/python3.12/site-packages/airflow/example_dags/tutorial.py
[2026-05-07T06:17:05.585+0000] {processor.py:830} INFO - Processing file /home/airflow/.local/lib/python3.12/site-packages/airflow/example_dags/tutorial.py for tasks to queue
[2026-05-07T06:17:05.587+0000] {logging_mixin.py:188} INFO - [2026-05-07T06:17:05.587+0000] {dagbag.py:545} INFO - Filling up the DagBag from /home/airflow/.local/lib/python3.12/site-packages/airflow/example_dags/tutorial.py
[2026-05-07T06:17:05.604+0000] {processor.py:840} INFO - DAG(s) 'tutorial' retrieved from /home/airflow/.local/lib/python3.12/site-packages/airflow/example_dags/tutorial.py
[2026-05-07T06:17:05.650+0000] {logging_mixin.py:188} INFO - [2026-05-07T06:17:05.650+0000] {dag.py:3089} INFO - Sync 1 DAGs
[2026-05-07T06:17:05.689+0000] {logging_mixin.py:188} INFO - [2026-05-07T06:17:05.689+0000] {dag.py:3947} INFO - Setting next_dagrun for tutorial to 2026-05-06 00:00:00+00:00, run_after=2026-05-07 00:00:00+00:00
[2026-05-07T06:17:05.756+0000] {processor.py:183} INFO - Processing /home/airflow/.local/lib/python3.12/site-packages/airflow/example_dags/tutorial.py took 0.189 seconds
[2026-05-07T06:17:36.227+0000] {processor.py:161} INFO - Started process (PID=13825) to work on /home/airflow/.local/lib/python3.12/site-packages/airflow/example_dags/tutorial.py
[2026-05-07T06:17:36.230+0000] {processor.py:830} INFO - Processing file /home/airflow/.local/lib/python3.12/site-packages/airflow/example_dags/tutorial.py for tasks to queue
[2026-05-07T06:17:36.232+0000] {logging_mixin.py:188} INFO - [2026-05-07T06:17:36.232+0000] {dagbag.py:545} INFO - Filling up the DagBag from /home/airflow/.local/lib/python3.12/site-packages/airflow/example_dags/tutorial.py
[2026-05-07T06:17:36.248+0000] {processor.py:840} INFO - DAG(s) 'tutorial' retrieved from /home/airflow/.local/lib/python3.12/site-packages/airflow/example_dags/tutorial.py
[2026-05-07T06:17:36.286+0000] {logging_mixin.py:188} INFO - [2026-05-07T06:17:36.286+0000] {dag.py:3089} INFO - Sync 1 DAGs
[2026-05-07T06:17:36.320+0000] {logging_mixin.py:188} INFO - [2026-05-07T06:17:36.319+0000] {dag.py:3947} INFO - Setting next_dagrun for tutorial to 2026-05-06 00:00:00+00:00, run_after=2026-05-07 00:00:00+00:00
[2026-05-07T06:17:36.377+0000] {processor.py:183} INFO - Processing /home/airflow/.local/lib/python3.12/site-packages/airflow/example_dags/tutorial.py took 0.167 seconds
[2026-05-07T06:18:06.736+0000] {processor.py:161} INFO - Started process (PID=13901) to work on /home/airflow/.local/lib/python3.12/site-packages/airflow/example_dags/tutorial.py
[2026-05-07T06:18:06.737+0000] {processor.py:830} INFO - Processing file /home/airflow/.local/lib/python3.12/site-packages/airflow/example_dags/tutorial.py for tasks to queue
[2026-05-07T06:18:06.739+0000] {logging_mixin.py:188} INFO - [2026-05-07T06:18:06.738+0000] {dagbag.py:545} INFO - Filling up the DagBag from /home/airflow/.local/lib/python3.12/site-packages/airflow/example_dags/tutorial.py
[2026-05-07T06:18:06.750+0000] {processor.py:840} INFO - DAG(s) 'tutorial' retrieved from /home/airflow/.local/lib/python3.12/site-packages/airflow/example_dags/tutorial.py
[2026-05-07T06:18:06.785+0000] {logging_mixin.py:188} INFO - [2026-05-07T06:18:06.785+0000] {dag.py:3089} INFO - Sync 1 DAGs
[2026-05-07T06:18:06.836+0000] {logging_mixin.py:188} INFO - [2026-05-07T06:18:06.835+0000] {dag.py:3947} INFO - Setting next_dagrun for tutorial to 2026-05-06 00:00:00+00:00, run_after=2026-05-07 00:00:00+00:00
[2026-05-07T06:18:07.012+0000] {processor.py:183} INFO - Processing /home/airflow/.local/lib/python3.12/site-packages/airflow/example_dags/tutorial.py took 0.289 seconds
[2026-05-07T06:18:37.183+0000] {processor.py:161} INFO - Started process (PID=13968) to work on /home/airflow/.local/lib/python3.12/site-packages/airflow/example_dags/tutorial.py
[2026-05-07T06:18:37.186+0000] {processor.py:830} INFO - Processing file /home/airflow/.local/lib/python3.12/site-packages/airflow/example_dags/tutorial.py for tasks to queue
[2026-05-07T06:18:37.187+0000] {logging_mixin.py:188} INFO - [2026-05-07T06:18:37.187+0000] {dagbag.py:545} INFO - Filling up the DagBag from /home/airflow/.local/lib/python3.12/site-packages/airflow/example_dags/tutorial.py
[2026-05-07T06:18:37.199+0000] {processor.py:840} INFO - DAG(s) 'tutorial' retrieved from /home/airflow/.local/lib/python3.12/site-packages/airflow/example_dags/tutorial.py
[2026-05-07T06:18:37.234+0000] {logging_mixin.py:188} INFO - [2026-05-07T06:18:37.233+0000] {dag.py:3089} INFO - Sync 1 DAGs
[2026-05-07T06:18:37.266+0000] {logging_mixin.py:188} INFO - [2026-05-07T06:18:37.265+0000] {dag.py:3947} INFO - Setting next_dagrun for tutorial to 2026-05-06 00:00:00+00:00, run_after=2026-05-07 00:00:00+00:00
[2026-05-07T06:18:37.327+0000] {processor.py:183} INFO - Processing /home/airflow/.local/lib/python3.12/site-packages/airflow/example_dags/tutorial.py took 0.154 seconds
[2026-05-07T06:19:08.703+0000] {processor.py:161} INFO - Started process (PID=14036) to work on /home/airflow/.local/lib/python3.12/site-packages/airflow/example_dags/tutorial.py
[2026-05-07T06:19:08.705+0000] {processor.py:830} INFO - Processing file /home/airflow/.local/lib/python3.12/site-packages/airflow/example_dags/tutorial.py for tasks to queue
[2026-05-07T06:19:08.708+0000] {logging_mixin.py:188} INFO - [2026-05-07T06:19:08.708+0000] {dagbag.py:545} INFO - Filling up the DagBag from /home/airflow/.local/lib/python3.12/site-packages/airflow/example_dags/tutorial.py
[2026-05-07T06:19:08.721+0000] {processor.py:840} INFO - DAG(s) 'tutorial' retrieved from /home/airflow/.local/lib/python3.12/site-packages/airflow/example_dags/tutorial.py
[2026-05-07T06:19:08.749+0000] {logging_mixin.py:188} INFO - [2026-05-07T06:19:08.749+0000] {dag.py:3089} INFO - Sync 1 DAGs
[2026-05-07T06:19:08.786+0000] {logging_mixin.py:188} INFO - [2026-05-07T06:19:08.786+0000] {dag.py:3947} INFO - Setting next_dagrun for tutorial to 2026-05-06 00:00:00+00:00, run_after=2026-05-07 00:00:00+00:00
[2026-05-07T06:19:08.821+0000] {processor.py:183} INFO - Processing /home/airflow/.local/lib/python3.12/site-packages/airflow/example_dags/tutorial.py took 0.128 seconds
[2026-05-07T06:19:39.849+0000] {processor.py:161} INFO - Started process (PID=14104) to work on /home/airflow/.local/lib/python3.12/site-packages/airflow/example_dags/tutorial.py
[2026-05-07T06:19:39.851+0000] {processor.py:830} INFO - Processing file /home/airflow/.local/lib/python3.12/site-packages/airflow/example_dags/tutorial.py for tasks to queue
[2026-05-07T06:19:39.853+0000] {logging_mixin.py:188} INFO - [2026-05-07T06:19:39.853+0000] {dagbag.py:545} INFO - Filling up the DagBag from /home/airflow/.local/lib/python3.12/site-packages/airflow/example_dags/tutorial.py
[2026-05-07T06:19:39.865+0000] {processor.py:840} INFO - DAG(s) 'tutorial' retrieved from /home/airflow/.local/lib/python3.12/site-packages/airflow/example_dags/tutorial.py
[2026-05-07T06:19:39.903+0000] {logging_mixin.py:188} INFO - [2026-05-07T06:19:39.903+0000] {dag.py:3089} INFO - Sync 1 DAGs
[2026-05-07T06:19:39.935+0000] {logging_mixin.py:188} INFO - [2026-05-07T06:19:39.934+0000] {dag.py:3947} INFO - Setting next_dagrun for tutorial to 2026-05-06 00:00:00+00:00, run_after=2026-05-07 00:00:00+00:00
[2026-05-07T06:19:39.992+0000] {processor.py:183} INFO - Processing /home/airflow/.local/lib/python3.12/site-packages/airflow/example_dags/tutorial.py took 0.152 seconds
[2026-05-07T06:20:10.854+0000] {processor.py:161} INFO - Started process (PID=14179) to work on /home/airflow/.local/lib/python3.12/site-packages/airflow/example_dags/tutorial.py
[2026-05-07T06:20:10.856+0000] {processor.py:830} INFO - Processing file /home/airflow/.local/lib/python3.12/site-packages/airflow/example_dags/tutorial.py for tasks to queue
[2026-05-07T06:20:10.858+0000] {logging_mixin.py:188} INFO - [2026-05-07T06:20:10.857+0000] {dagbag.py:545} INFO - Filling up the DagBag from /home/airflow/.local/lib/python3.12/site-packages/airflow/example_dags/tutorial.py
[2026-05-07T06:20:10.870+0000] {processor.py:840} INFO - DAG(s) 'tutorial' retrieved from /home/airflow/.local/lib/python3.12/site-packages/airflow/example_dags/tutorial.py
[2026-05-07T06:20:10.906+0000] {logging_mixin.py:188} INFO - [2026-05-07T06:20:10.906+0000] {dag.py:3089} INFO - Sync 1 DAGs
[2026-05-07T06:20:10.940+0000] {logging_mixin.py:188} INFO - [2026-05-07T06:20:10.940+0000] {dag.py:3947} INFO - Setting next_dagrun for tutorial to 2026-05-06 00:00:00+00:00, run_after=2026-05-07 00:00:00+00:00
[2026-05-07T06:20:11.001+0000] {processor.py:183} INFO - Processing /home/airflow/.local/lib/python3.12/site-packages/airflow/example_dags/tutorial.py took 0.155 seconds
