[2026-05-07T04:50:06.798+0000] {processor.py:161} INFO - Started process (PID=11963) to work on /home/airflow/.local/lib/python3.12/site-packages/airflow/example_dags/tutorial_objectstorage.py
[2026-05-07T04:50:06.804+0000] {processor.py:830} INFO - Processing file /home/airflow/.local/lib/python3.12/site-packages/airflow/example_dags/tutorial_objectstorage.py for tasks to queue
[2026-05-07T04:50:06.810+0000] {logging_mixin.py:188} INFO - [2026-05-07T04:50:06.809+0000] {dagbag.py:545} INFO - Filling up the DagBag from /home/airflow/.local/lib/python3.12/site-packages/airflow/example_dags/tutorial_objectstorage.py
[2026-05-07T04:50:06.825+0000] {processor.py:840} INFO - DAG(s) 'tutorial_objectstorage' retrieved from /home/airflow/.local/lib/python3.12/site-packages/airflow/example_dags/tutorial_objectstorage.py
[2026-05-07T04:50:06.849+0000] {logging_mixin.py:188} INFO - [2026-05-07T04:50:06.849+0000] {dag.py:3089} INFO - Sync 1 DAGs
[2026-05-07T04:50:06.865+0000] {logging_mixin.py:188} INFO - [2026-05-07T04:50:06.865+0000] {dag.py:3947} INFO - Setting next_dagrun for tutorial_objectstorage to None, run_after=None
[2026-05-07T04:50:06.889+0000] {processor.py:183} INFO - Processing /home/airflow/.local/lib/python3.12/site-packages/airflow/example_dags/tutorial_objectstorage.py took 0.104 seconds
[2026-05-07T04:50:38.251+0000] {processor.py:161} INFO - Started process (PID=12031) to work on /home/airflow/.local/lib/python3.12/site-packages/airflow/example_dags/tutorial_objectstorage.py
[2026-05-07T04:50:38.253+0000] {processor.py:830} INFO - Processing file /home/airflow/.local/lib/python3.12/site-packages/airflow/example_dags/tutorial_objectstorage.py for tasks to queue
[2026-05-07T04:50:38.254+0000] {logging_mixin.py:188} INFO - [2026-05-07T04:50:38.253+0000] {dagbag.py:545} INFO - Filling up the DagBag from /home/airflow/.local/lib/python3.12/site-packages/airflow/example_dags/tutorial_objectstorage.py
[2026-05-07T04:50:38.261+0000] {processor.py:840} INFO - DAG(s) 'tutorial_objectstorage' retrieved from /home/airflow/.local/lib/python3.12/site-packages/airflow/example_dags/tutorial_objectstorage.py
[2026-05-07T04:50:38.279+0000] {logging_mixin.py:188} INFO - [2026-05-07T04:50:38.279+0000] {dag.py:3089} INFO - Sync 1 DAGs
[2026-05-07T04:50:38.290+0000] {logging_mixin.py:188} INFO - [2026-05-07T04:50:38.289+0000] {dag.py:3947} INFO - Setting next_dagrun for tutorial_objectstorage to None, run_after=None
[2026-05-07T04:50:38.314+0000] {processor.py:183} INFO - Processing /home/airflow/.local/lib/python3.12/site-packages/airflow/example_dags/tutorial_objectstorage.py took 0.069 seconds
[2026-05-07T04:51:09.003+0000] {processor.py:161} INFO - Started process (PID=12106) to work on /home/airflow/.local/lib/python3.12/site-packages/airflow/example_dags/tutorial_objectstorage.py
[2026-05-07T04:51:09.006+0000] {processor.py:830} INFO - Processing file /home/airflow/.local/lib/python3.12/site-packages/airflow/example_dags/tutorial_objectstorage.py for tasks to queue
[2026-05-07T04:51:09.012+0000] {logging_mixin.py:188} INFO - [2026-05-07T04:51:09.011+0000] {dagbag.py:545} INFO - Filling up the DagBag from /home/airflow/.local/lib/python3.12/site-packages/airflow/example_dags/tutorial_objectstorage.py
[2026-05-07T04:51:09.024+0000] {processor.py:840} INFO - DAG(s) 'tutorial_objectstorage' retrieved from /home/airflow/.local/lib/python3.12/site-packages/airflow/example_dags/tutorial_objectstorage.py
[2026-05-07T04:51:09.057+0000] {logging_mixin.py:188} INFO - [2026-05-07T04:51:09.057+0000] {dag.py:3089} INFO - Sync 1 DAGs
[2026-05-07T04:51:09.080+0000] {logging_mixin.py:188} INFO - [2026-05-07T04:51:09.080+0000] {dag.py:3947} INFO - Setting next_dagrun for tutorial_objectstorage to None, run_after=None
[2026-05-07T04:51:09.105+0000] {processor.py:183} INFO - Processing /home/airflow/.local/lib/python3.12/site-packages/airflow/example_dags/tutorial_objectstorage.py took 0.114 seconds
[2026-05-07T04:51:39.159+0000] {processor.py:161} INFO - Started process (PID=12174) to work on /home/airflow/.local/lib/python3.12/site-packages/airflow/example_dags/tutorial_objectstorage.py
[2026-05-07T04:51:39.160+0000] {processor.py:830} INFO - Processing file /home/airflow/.local/lib/python3.12/site-packages/airflow/example_dags/tutorial_objectstorage.py for tasks to queue
[2026-05-07T04:51:39.161+0000] {logging_mixin.py:188} INFO - [2026-05-07T04:51:39.161+0000] {dagbag.py:545} INFO - Filling up the DagBag from /home/airflow/.local/lib/python3.12/site-packages/airflow/example_dags/tutorial_objectstorage.py
[2026-05-07T04:51:39.169+0000] {processor.py:840} INFO - DAG(s) 'tutorial_objectstorage' retrieved from /home/airflow/.local/lib/python3.12/site-packages/airflow/example_dags/tutorial_objectstorage.py
[2026-05-07T04:51:39.187+0000] {logging_mixin.py:188} INFO - [2026-05-07T04:51:39.186+0000] {dag.py:3089} INFO - Sync 1 DAGs
[2026-05-07T04:51:39.205+0000] {logging_mixin.py:188} INFO - [2026-05-07T04:51:39.205+0000] {dag.py:3947} INFO - Setting next_dagrun for tutorial_objectstorage to None, run_after=None
[2026-05-07T04:51:39.230+0000] {processor.py:183} INFO - Processing /home/airflow/.local/lib/python3.12/site-packages/airflow/example_dags/tutorial_objectstorage.py took 0.077 seconds
[2026-05-07T04:52:10.483+0000] {processor.py:161} INFO - Started process (PID=12249) to work on /home/airflow/.local/lib/python3.12/site-packages/airflow/example_dags/tutorial_objectstorage.py
[2026-05-07T04:52:10.484+0000] {processor.py:830} INFO - Processing file /home/airflow/.local/lib/python3.12/site-packages/airflow/example_dags/tutorial_objectstorage.py for tasks to queue
[2026-05-07T04:52:10.485+0000] {logging_mixin.py:188} INFO - [2026-05-07T04:52:10.485+0000] {dagbag.py:545} INFO - Filling up the DagBag from /home/airflow/.local/lib/python3.12/site-packages/airflow/example_dags/tutorial_objectstorage.py
[2026-05-07T04:52:10.494+0000] {processor.py:840} INFO - DAG(s) 'tutorial_objectstorage' retrieved from /home/airflow/.local/lib/python3.12/site-packages/airflow/example_dags/tutorial_objectstorage.py
[2026-05-07T04:52:10.519+0000] {logging_mixin.py:188} INFO - [2026-05-07T04:52:10.519+0000] {dag.py:3089} INFO - Sync 1 DAGs
[2026-05-07T04:52:10.540+0000] {logging_mixin.py:188} INFO - [2026-05-07T04:52:10.540+0000] {dag.py:3947} INFO - Setting next_dagrun for tutorial_objectstorage to None, run_after=None
[2026-05-07T04:52:10.581+0000] {processor.py:183} INFO - Processing /home/airflow/.local/lib/python3.12/site-packages/airflow/example_dags/tutorial_objectstorage.py took 0.104 seconds
[2026-05-07T04:52:41.040+0000] {processor.py:161} INFO - Started process (PID=12317) to work on /home/airflow/.local/lib/python3.12/site-packages/airflow/example_dags/tutorial_objectstorage.py
[2026-05-07T04:52:41.042+0000] {processor.py:830} INFO - Processing file /home/airflow/.local/lib/python3.12/site-packages/airflow/example_dags/tutorial_objectstorage.py for tasks to queue
[2026-05-07T04:52:41.043+0000] {logging_mixin.py:188} INFO - [2026-05-07T04:52:41.043+0000] {dagbag.py:545} INFO - Filling up the DagBag from /home/airflow/.local/lib/python3.12/site-packages/airflow/example_dags/tutorial_objectstorage.py
[2026-05-07T04:52:41.056+0000] {processor.py:840} INFO - DAG(s) 'tutorial_objectstorage' retrieved from /home/airflow/.local/lib/python3.12/site-packages/airflow/example_dags/tutorial_objectstorage.py
[2026-05-07T04:52:41.084+0000] {logging_mixin.py:188} INFO - [2026-05-07T04:52:41.084+0000] {dag.py:3089} INFO - Sync 1 DAGs
[2026-05-07T04:52:41.098+0000] {logging_mixin.py:188} INFO - [2026-05-07T04:52:41.098+0000] {dag.py:3947} INFO - Setting next_dagrun for tutorial_objectstorage to None, run_after=None
[2026-05-07T04:52:41.130+0000] {processor.py:183} INFO - Processing /home/airflow/.local/lib/python3.12/site-packages/airflow/example_dags/tutorial_objectstorage.py took 0.101 seconds
[2026-05-07T04:55:33.162+0000] {processor.py:161} INFO - Started process (PID=12392) to work on /home/airflow/.local/lib/python3.12/site-packages/airflow/example_dags/tutorial_objectstorage.py
[2026-05-07T04:55:33.164+0000] {processor.py:830} INFO - Processing file /home/airflow/.local/lib/python3.12/site-packages/airflow/example_dags/tutorial_objectstorage.py for tasks to queue
[2026-05-07T04:55:33.168+0000] {logging_mixin.py:188} INFO - [2026-05-07T04:55:33.167+0000] {dagbag.py:545} INFO - Filling up the DagBag from /home/airflow/.local/lib/python3.12/site-packages/airflow/example_dags/tutorial_objectstorage.py
[2026-05-07T04:55:33.189+0000] {processor.py:840} INFO - DAG(s) 'tutorial_objectstorage' retrieved from /home/airflow/.local/lib/python3.12/site-packages/airflow/example_dags/tutorial_objectstorage.py
[2026-05-07T04:55:33.221+0000] {logging_mixin.py:188} INFO - [2026-05-07T04:55:33.221+0000] {dag.py:3089} INFO - Sync 1 DAGs
[2026-05-07T04:55:33.240+0000] {logging_mixin.py:188} INFO - [2026-05-07T04:55:33.240+0000] {dag.py:3947} INFO - Setting next_dagrun for tutorial_objectstorage to None, run_after=None
[2026-05-07T04:55:33.272+0000] {processor.py:183} INFO - Processing /home/airflow/.local/lib/python3.12/site-packages/airflow/example_dags/tutorial_objectstorage.py took 0.120 seconds
[2026-05-07T06:07:42.553+0000] {processor.py:161} INFO - Started process (PID=12461) to work on /home/airflow/.local/lib/python3.12/site-packages/airflow/example_dags/tutorial_objectstorage.py
[2026-05-07T06:07:42.556+0000] {processor.py:830} INFO - Processing file /home/airflow/.local/lib/python3.12/site-packages/airflow/example_dags/tutorial_objectstorage.py for tasks to queue
[2026-05-07T06:07:42.559+0000] {logging_mixin.py:188} INFO - [2026-05-07T06:07:42.559+0000] {dagbag.py:545} INFO - Filling up the DagBag from /home/airflow/.local/lib/python3.12/site-packages/airflow/example_dags/tutorial_objectstorage.py
[2026-05-07T06:07:42.575+0000] {processor.py:840} INFO - DAG(s) 'tutorial_objectstorage' retrieved from /home/airflow/.local/lib/python3.12/site-packages/airflow/example_dags/tutorial_objectstorage.py
[2026-05-07T06:07:42.607+0000] {logging_mixin.py:188} INFO - [2026-05-07T06:07:42.606+0000] {dag.py:3089} INFO - Sync 1 DAGs
[2026-05-07T06:07:42.627+0000] {logging_mixin.py:188} INFO - [2026-05-07T06:07:42.627+0000] {dag.py:3947} INFO - Setting next_dagrun for tutorial_objectstorage to None, run_after=None
[2026-05-07T06:07:42.689+0000] {processor.py:183} INFO - Processing /home/airflow/.local/lib/python3.12/site-packages/airflow/example_dags/tutorial_objectstorage.py took 0.146 seconds
[2026-05-07T06:08:12.795+0000] {processor.py:161} INFO - Started process (PID=12535) to work on /home/airflow/.local/lib/python3.12/site-packages/airflow/example_dags/tutorial_objectstorage.py
[2026-05-07T06:08:12.800+0000] {processor.py:830} INFO - Processing file /home/airflow/.local/lib/python3.12/site-packages/airflow/example_dags/tutorial_objectstorage.py for tasks to queue
[2026-05-07T06:08:12.802+0000] {logging_mixin.py:188} INFO - [2026-05-07T06:08:12.801+0000] {dagbag.py:545} INFO - Filling up the DagBag from /home/airflow/.local/lib/python3.12/site-packages/airflow/example_dags/tutorial_objectstorage.py
[2026-05-07T06:08:12.816+0000] {processor.py:840} INFO - DAG(s) 'tutorial_objectstorage' retrieved from /home/airflow/.local/lib/python3.12/site-packages/airflow/example_dags/tutorial_objectstorage.py
[2026-05-07T06:08:12.852+0000] {logging_mixin.py:188} INFO - [2026-05-07T06:08:12.851+0000] {dag.py:3089} INFO - Sync 1 DAGs
[2026-05-07T06:08:12.874+0000] {logging_mixin.py:188} INFO - [2026-05-07T06:08:12.874+0000] {dag.py:3947} INFO - Setting next_dagrun for tutorial_objectstorage to None, run_after=None
[2026-05-07T06:08:12.916+0000] {processor.py:183} INFO - Processing /home/airflow/.local/lib/python3.12/site-packages/airflow/example_dags/tutorial_objectstorage.py took 0.131 seconds
[2026-05-07T06:08:43.259+0000] {processor.py:161} INFO - Started process (PID=12603) to work on /home/airflow/.local/lib/python3.12/site-packages/airflow/example_dags/tutorial_objectstorage.py
[2026-05-07T06:08:43.261+0000] {processor.py:830} INFO - Processing file /home/airflow/.local/lib/python3.12/site-packages/airflow/example_dags/tutorial_objectstorage.py for tasks to queue
[2026-05-07T06:08:43.263+0000] {logging_mixin.py:188} INFO - [2026-05-07T06:08:43.262+0000] {dagbag.py:545} INFO - Filling up the DagBag from /home/airflow/.local/lib/python3.12/site-packages/airflow/example_dags/tutorial_objectstorage.py
[2026-05-07T06:08:43.278+0000] {processor.py:840} INFO - DAG(s) 'tutorial_objectstorage' retrieved from /home/airflow/.local/lib/python3.12/site-packages/airflow/example_dags/tutorial_objectstorage.py
[2026-05-07T06:08:43.311+0000] {logging_mixin.py:188} INFO - [2026-05-07T06:08:43.310+0000] {dag.py:3089} INFO - Sync 1 DAGs
[2026-05-07T06:08:43.332+0000] {logging_mixin.py:188} INFO - [2026-05-07T06:08:43.331+0000] {dag.py:3947} INFO - Setting next_dagrun for tutorial_objectstorage to None, run_after=None
[2026-05-07T06:08:43.366+0000] {processor.py:183} INFO - Processing /home/airflow/.local/lib/python3.12/site-packages/airflow/example_dags/tutorial_objectstorage.py took 0.119 seconds
[2026-05-07T06:09:14.013+0000] {processor.py:161} INFO - Started process (PID=12671) to work on /home/airflow/.local/lib/python3.12/site-packages/airflow/example_dags/tutorial_objectstorage.py
[2026-05-07T06:09:14.015+0000] {processor.py:830} INFO - Processing file /home/airflow/.local/lib/python3.12/site-packages/airflow/example_dags/tutorial_objectstorage.py for tasks to queue
[2026-05-07T06:09:14.018+0000] {logging_mixin.py:188} INFO - [2026-05-07T06:09:14.017+0000] {dagbag.py:545} INFO - Filling up the DagBag from /home/airflow/.local/lib/python3.12/site-packages/airflow/example_dags/tutorial_objectstorage.py
[2026-05-07T06:09:14.034+0000] {processor.py:840} INFO - DAG(s) 'tutorial_objectstorage' retrieved from /home/airflow/.local/lib/python3.12/site-packages/airflow/example_dags/tutorial_objectstorage.py
[2026-05-07T06:09:14.069+0000] {logging_mixin.py:188} INFO - [2026-05-07T06:09:14.068+0000] {dag.py:3089} INFO - Sync 1 DAGs
[2026-05-07T06:09:14.087+0000] {logging_mixin.py:188} INFO - [2026-05-07T06:09:14.086+0000] {dag.py:3947} INFO - Setting next_dagrun for tutorial_objectstorage to None, run_after=None
[2026-05-07T06:09:14.126+0000] {processor.py:183} INFO - Processing /home/airflow/.local/lib/python3.12/site-packages/airflow/example_dags/tutorial_objectstorage.py took 0.125 seconds
[2026-05-07T06:09:44.812+0000] {processor.py:161} INFO - Started process (PID=12739) to work on /home/airflow/.local/lib/python3.12/site-packages/airflow/example_dags/tutorial_objectstorage.py
[2026-05-07T06:09:44.815+0000] {processor.py:830} INFO - Processing file /home/airflow/.local/lib/python3.12/site-packages/airflow/example_dags/tutorial_objectstorage.py for tasks to queue
[2026-05-07T06:09:44.818+0000] {logging_mixin.py:188} INFO - [2026-05-07T06:09:44.817+0000] {dagbag.py:545} INFO - Filling up the DagBag from /home/airflow/.local/lib/python3.12/site-packages/airflow/example_dags/tutorial_objectstorage.py
[2026-05-07T06:09:44.833+0000] {processor.py:840} INFO - DAG(s) 'tutorial_objectstorage' retrieved from /home/airflow/.local/lib/python3.12/site-packages/airflow/example_dags/tutorial_objectstorage.py
[2026-05-07T06:09:44.867+0000] {logging_mixin.py:188} INFO - [2026-05-07T06:09:44.867+0000] {dag.py:3089} INFO - Sync 1 DAGs
[2026-05-07T06:09:44.886+0000] {logging_mixin.py:188} INFO - [2026-05-07T06:09:44.886+0000] {dag.py:3947} INFO - Setting next_dagrun for tutorial_objectstorage to None, run_after=None
[2026-05-07T06:09:44.951+0000] {processor.py:183} INFO - Processing /home/airflow/.local/lib/python3.12/site-packages/airflow/example_dags/tutorial_objectstorage.py took 0.149 seconds
[2026-05-07T06:10:15.611+0000] {processor.py:161} INFO - Started process (PID=12807) to work on /home/airflow/.local/lib/python3.12/site-packages/airflow/example_dags/tutorial_objectstorage.py
[2026-05-07T06:10:15.618+0000] {processor.py:830} INFO - Processing file /home/airflow/.local/lib/python3.12/site-packages/airflow/example_dags/tutorial_objectstorage.py for tasks to queue
[2026-05-07T06:10:15.623+0000] {logging_mixin.py:188} INFO - [2026-05-07T06:10:15.623+0000] {dagbag.py:545} INFO - Filling up the DagBag from /home/airflow/.local/lib/python3.12/site-packages/airflow/example_dags/tutorial_objectstorage.py
[2026-05-07T06:10:15.640+0000] {processor.py:840} INFO - DAG(s) 'tutorial_objectstorage' retrieved from /home/airflow/.local/lib/python3.12/site-packages/airflow/example_dags/tutorial_objectstorage.py
[2026-05-07T06:10:15.680+0000] {logging_mixin.py:188} INFO - [2026-05-07T06:10:15.679+0000] {dag.py:3089} INFO - Sync 1 DAGs
[2026-05-07T06:10:15.705+0000] {logging_mixin.py:188} INFO - [2026-05-07T06:10:15.705+0000] {dag.py:3947} INFO - Setting next_dagrun for tutorial_objectstorage to None, run_after=None
[2026-05-07T06:10:15.747+0000] {processor.py:183} INFO - Processing /home/airflow/.local/lib/python3.12/site-packages/airflow/example_dags/tutorial_objectstorage.py took 0.147 seconds
[2026-05-07T06:10:46.155+0000] {processor.py:161} INFO - Started process (PID=12875) to work on /home/airflow/.local/lib/python3.12/site-packages/airflow/example_dags/tutorial_objectstorage.py
[2026-05-07T06:10:46.159+0000] {processor.py:830} INFO - Processing file /home/airflow/.local/lib/python3.12/site-packages/airflow/example_dags/tutorial_objectstorage.py for tasks to queue
[2026-05-07T06:10:46.161+0000] {logging_mixin.py:188} INFO - [2026-05-07T06:10:46.161+0000] {dagbag.py:545} INFO - Filling up the DagBag from /home/airflow/.local/lib/python3.12/site-packages/airflow/example_dags/tutorial_objectstorage.py
[2026-05-07T06:10:46.180+0000] {processor.py:840} INFO - DAG(s) 'tutorial_objectstorage' retrieved from /home/airflow/.local/lib/python3.12/site-packages/airflow/example_dags/tutorial_objectstorage.py
[2026-05-07T06:10:46.226+0000] {logging_mixin.py:188} INFO - [2026-05-07T06:10:46.226+0000] {dag.py:3089} INFO - Sync 1 DAGs
[2026-05-07T06:10:46.249+0000] {logging_mixin.py:188} INFO - [2026-05-07T06:10:46.249+0000] {dag.py:3947} INFO - Setting next_dagrun for tutorial_objectstorage to None, run_after=None
[2026-05-07T06:10:46.310+0000] {processor.py:183} INFO - Processing /home/airflow/.local/lib/python3.12/site-packages/airflow/example_dags/tutorial_objectstorage.py took 0.168 seconds
[2026-05-07T06:11:16.441+0000] {processor.py:161} INFO - Started process (PID=12950) to work on /home/airflow/.local/lib/python3.12/site-packages/airflow/example_dags/tutorial_objectstorage.py
[2026-05-07T06:11:16.445+0000] {processor.py:830} INFO - Processing file /home/airflow/.local/lib/python3.12/site-packages/airflow/example_dags/tutorial_objectstorage.py for tasks to queue
[2026-05-07T06:11:16.447+0000] {logging_mixin.py:188} INFO - [2026-05-07T06:11:16.446+0000] {dagbag.py:545} INFO - Filling up the DagBag from /home/airflow/.local/lib/python3.12/site-packages/airflow/example_dags/tutorial_objectstorage.py
[2026-05-07T06:11:16.463+0000] {processor.py:840} INFO - DAG(s) 'tutorial_objectstorage' retrieved from /home/airflow/.local/lib/python3.12/site-packages/airflow/example_dags/tutorial_objectstorage.py
[2026-05-07T06:11:16.495+0000] {logging_mixin.py:188} INFO - [2026-05-07T06:11:16.495+0000] {dag.py:3089} INFO - Sync 1 DAGs
[2026-05-07T06:11:16.516+0000] {logging_mixin.py:188} INFO - [2026-05-07T06:11:16.515+0000] {dag.py:3947} INFO - Setting next_dagrun for tutorial_objectstorage to None, run_after=None
[2026-05-07T06:11:16.545+0000] {processor.py:183} INFO - Processing /home/airflow/.local/lib/python3.12/site-packages/airflow/example_dags/tutorial_objectstorage.py took 0.113 seconds
[2026-05-07T06:11:46.620+0000] {processor.py:161} INFO - Started process (PID=13018) to work on /home/airflow/.local/lib/python3.12/site-packages/airflow/example_dags/tutorial_objectstorage.py
[2026-05-07T06:11:46.622+0000] {processor.py:830} INFO - Processing file /home/airflow/.local/lib/python3.12/site-packages/airflow/example_dags/tutorial_objectstorage.py for tasks to queue
[2026-05-07T06:11:46.624+0000] {logging_mixin.py:188} INFO - [2026-05-07T06:11:46.623+0000] {dagbag.py:545} INFO - Filling up the DagBag from /home/airflow/.local/lib/python3.12/site-packages/airflow/example_dags/tutorial_objectstorage.py
[2026-05-07T06:11:46.645+0000] {processor.py:840} INFO - DAG(s) 'tutorial_objectstorage' retrieved from /home/airflow/.local/lib/python3.12/site-packages/airflow/example_dags/tutorial_objectstorage.py
[2026-05-07T06:11:46.690+0000] {logging_mixin.py:188} INFO - [2026-05-07T06:11:46.689+0000] {dag.py:3089} INFO - Sync 1 DAGs
[2026-05-07T06:11:46.712+0000] {logging_mixin.py:188} INFO - [2026-05-07T06:11:46.712+0000] {dag.py:3947} INFO - Setting next_dagrun for tutorial_objectstorage to None, run_after=None
[2026-05-07T06:11:46.788+0000] {processor.py:183} INFO - Processing /home/airflow/.local/lib/python3.12/site-packages/airflow/example_dags/tutorial_objectstorage.py took 0.182 seconds
[2026-05-07T06:12:17.696+0000] {processor.py:161} INFO - Started process (PID=13086) to work on /home/airflow/.local/lib/python3.12/site-packages/airflow/example_dags/tutorial_objectstorage.py
[2026-05-07T06:12:17.698+0000] {processor.py:830} INFO - Processing file /home/airflow/.local/lib/python3.12/site-packages/airflow/example_dags/tutorial_objectstorage.py for tasks to queue
[2026-05-07T06:12:17.701+0000] {logging_mixin.py:188} INFO - [2026-05-07T06:12:17.700+0000] {dagbag.py:545} INFO - Filling up the DagBag from /home/airflow/.local/lib/python3.12/site-packages/airflow/example_dags/tutorial_objectstorage.py
[2026-05-07T06:12:17.716+0000] {processor.py:840} INFO - DAG(s) 'tutorial_objectstorage' retrieved from /home/airflow/.local/lib/python3.12/site-packages/airflow/example_dags/tutorial_objectstorage.py
[2026-05-07T06:12:17.756+0000] {logging_mixin.py:188} INFO - [2026-05-07T06:12:17.755+0000] {dag.py:3089} INFO - Sync 1 DAGs
[2026-05-07T06:12:17.779+0000] {logging_mixin.py:188} INFO - [2026-05-07T06:12:17.778+0000] {dag.py:3947} INFO - Setting next_dagrun for tutorial_objectstorage to None, run_after=None
[2026-05-07T06:12:17.846+0000] {processor.py:183} INFO - Processing /home/airflow/.local/lib/python3.12/site-packages/airflow/example_dags/tutorial_objectstorage.py took 0.165 seconds
[2026-05-07T06:12:48.093+0000] {processor.py:161} INFO - Started process (PID=13154) to work on /home/airflow/.local/lib/python3.12/site-packages/airflow/example_dags/tutorial_objectstorage.py
[2026-05-07T06:12:48.095+0000] {processor.py:830} INFO - Processing file /home/airflow/.local/lib/python3.12/site-packages/airflow/example_dags/tutorial_objectstorage.py for tasks to queue
[2026-05-07T06:12:48.097+0000] {logging_mixin.py:188} INFO - [2026-05-07T06:12:48.096+0000] {dagbag.py:545} INFO - Filling up the DagBag from /home/airflow/.local/lib/python3.12/site-packages/airflow/example_dags/tutorial_objectstorage.py
[2026-05-07T06:12:48.111+0000] {processor.py:840} INFO - DAG(s) 'tutorial_objectstorage' retrieved from /home/airflow/.local/lib/python3.12/site-packages/airflow/example_dags/tutorial_objectstorage.py
[2026-05-07T06:12:48.145+0000] {logging_mixin.py:188} INFO - [2026-05-07T06:12:48.144+0000] {dag.py:3089} INFO - Sync 1 DAGs
[2026-05-07T06:12:48.165+0000] {logging_mixin.py:188} INFO - [2026-05-07T06:12:48.165+0000] {dag.py:3947} INFO - Setting next_dagrun for tutorial_objectstorage to None, run_after=None
[2026-05-07T06:12:48.205+0000] {processor.py:183} INFO - Processing /home/airflow/.local/lib/python3.12/site-packages/airflow/example_dags/tutorial_objectstorage.py took 0.124 seconds
[2026-05-07T06:13:18.474+0000] {processor.py:161} INFO - Started process (PID=13221) to work on /home/airflow/.local/lib/python3.12/site-packages/airflow/example_dags/tutorial_objectstorage.py
[2026-05-07T06:13:18.479+0000] {processor.py:830} INFO - Processing file /home/airflow/.local/lib/python3.12/site-packages/airflow/example_dags/tutorial_objectstorage.py for tasks to queue
[2026-05-07T06:13:18.482+0000] {logging_mixin.py:188} INFO - [2026-05-07T06:13:18.481+0000] {dagbag.py:545} INFO - Filling up the DagBag from /home/airflow/.local/lib/python3.12/site-packages/airflow/example_dags/tutorial_objectstorage.py
[2026-05-07T06:13:18.498+0000] {processor.py:840} INFO - DAG(s) 'tutorial_objectstorage' retrieved from /home/airflow/.local/lib/python3.12/site-packages/airflow/example_dags/tutorial_objectstorage.py
[2026-05-07T06:13:18.550+0000] {logging_mixin.py:188} INFO - [2026-05-07T06:13:18.549+0000] {dag.py:3089} INFO - Sync 1 DAGs
[2026-05-07T06:13:18.570+0000] {logging_mixin.py:188} INFO - [2026-05-07T06:13:18.569+0000] {dag.py:3947} INFO - Setting next_dagrun for tutorial_objectstorage to None, run_after=None
[2026-05-07T06:13:18.613+0000] {processor.py:183} INFO - Processing /home/airflow/.local/lib/python3.12/site-packages/airflow/example_dags/tutorial_objectstorage.py took 0.148 seconds
[2026-05-07T06:13:48.817+0000] {processor.py:161} INFO - Started process (PID=13289) to work on /home/airflow/.local/lib/python3.12/site-packages/airflow/example_dags/tutorial_objectstorage.py
[2026-05-07T06:13:48.825+0000] {processor.py:830} INFO - Processing file /home/airflow/.local/lib/python3.12/site-packages/airflow/example_dags/tutorial_objectstorage.py for tasks to queue
[2026-05-07T06:13:48.833+0000] {logging_mixin.py:188} INFO - [2026-05-07T06:13:48.832+0000] {dagbag.py:545} INFO - Filling up the DagBag from /home/airflow/.local/lib/python3.12/site-packages/airflow/example_dags/tutorial_objectstorage.py
[2026-05-07T06:13:48.852+0000] {processor.py:840} INFO - DAG(s) 'tutorial_objectstorage' retrieved from /home/airflow/.local/lib/python3.12/site-packages/airflow/example_dags/tutorial_objectstorage.py
[2026-05-07T06:13:48.900+0000] {logging_mixin.py:188} INFO - [2026-05-07T06:13:48.899+0000] {dag.py:3089} INFO - Sync 1 DAGs
[2026-05-07T06:13:48.936+0000] {logging_mixin.py:188} INFO - [2026-05-07T06:13:48.935+0000] {dag.py:3947} INFO - Setting next_dagrun for tutorial_objectstorage to None, run_after=None
[2026-05-07T06:13:48.980+0000] {processor.py:183} INFO - Processing /home/airflow/.local/lib/python3.12/site-packages/airflow/example_dags/tutorial_objectstorage.py took 0.176 seconds
[2026-05-07T06:14:19.622+0000] {processor.py:161} INFO - Started process (PID=13357) to work on /home/airflow/.local/lib/python3.12/site-packages/airflow/example_dags/tutorial_objectstorage.py
[2026-05-07T06:14:19.625+0000] {processor.py:830} INFO - Processing file /home/airflow/.local/lib/python3.12/site-packages/airflow/example_dags/tutorial_objectstorage.py for tasks to queue
[2026-05-07T06:14:19.627+0000] {logging_mixin.py:188} INFO - [2026-05-07T06:14:19.626+0000] {dagbag.py:545} INFO - Filling up the DagBag from /home/airflow/.local/lib/python3.12/site-packages/airflow/example_dags/tutorial_objectstorage.py
[2026-05-07T06:14:19.639+0000] {processor.py:840} INFO - DAG(s) 'tutorial_objectstorage' retrieved from /home/airflow/.local/lib/python3.12/site-packages/airflow/example_dags/tutorial_objectstorage.py
[2026-05-07T06:14:19.670+0000] {logging_mixin.py:188} INFO - [2026-05-07T06:14:19.670+0000] {dag.py:3089} INFO - Sync 1 DAGs
[2026-05-07T06:14:19.689+0000] {logging_mixin.py:188} INFO - [2026-05-07T06:14:19.689+0000] {dag.py:3947} INFO - Setting next_dagrun for tutorial_objectstorage to None, run_after=None
[2026-05-07T06:14:19.717+0000] {processor.py:183} INFO - Processing /home/airflow/.local/lib/python3.12/site-packages/airflow/example_dags/tutorial_objectstorage.py took 0.104 seconds
[2026-05-07T06:14:50.003+0000] {processor.py:161} INFO - Started process (PID=13432) to work on /home/airflow/.local/lib/python3.12/site-packages/airflow/example_dags/tutorial_objectstorage.py
[2026-05-07T06:14:50.005+0000] {processor.py:830} INFO - Processing file /home/airflow/.local/lib/python3.12/site-packages/airflow/example_dags/tutorial_objectstorage.py for tasks to queue
[2026-05-07T06:14:50.006+0000] {logging_mixin.py:188} INFO - [2026-05-07T06:14:50.006+0000] {dagbag.py:545} INFO - Filling up the DagBag from /home/airflow/.local/lib/python3.12/site-packages/airflow/example_dags/tutorial_objectstorage.py
[2026-05-07T06:14:50.024+0000] {processor.py:840} INFO - DAG(s) 'tutorial_objectstorage' retrieved from /home/airflow/.local/lib/python3.12/site-packages/airflow/example_dags/tutorial_objectstorage.py
[2026-05-07T06:14:50.058+0000] {logging_mixin.py:188} INFO - [2026-05-07T06:14:50.058+0000] {dag.py:3089} INFO - Sync 1 DAGs
[2026-05-07T06:14:50.080+0000] {logging_mixin.py:188} INFO - [2026-05-07T06:14:50.079+0000] {dag.py:3947} INFO - Setting next_dagrun for tutorial_objectstorage to None, run_after=None
[2026-05-07T06:14:50.116+0000] {processor.py:183} INFO - Processing /home/airflow/.local/lib/python3.12/site-packages/airflow/example_dags/tutorial_objectstorage.py took 0.124 seconds
[2026-05-07T06:15:20.834+0000] {processor.py:161} INFO - Started process (PID=13499) to work on /home/airflow/.local/lib/python3.12/site-packages/airflow/example_dags/tutorial_objectstorage.py
[2026-05-07T06:15:20.836+0000] {processor.py:830} INFO - Processing file /home/airflow/.local/lib/python3.12/site-packages/airflow/example_dags/tutorial_objectstorage.py for tasks to queue
[2026-05-07T06:15:20.837+0000] {logging_mixin.py:188} INFO - [2026-05-07T06:15:20.837+0000] {dagbag.py:545} INFO - Filling up the DagBag from /home/airflow/.local/lib/python3.12/site-packages/airflow/example_dags/tutorial_objectstorage.py
[2026-05-07T06:15:20.851+0000] {processor.py:840} INFO - DAG(s) 'tutorial_objectstorage' retrieved from /home/airflow/.local/lib/python3.12/site-packages/airflow/example_dags/tutorial_objectstorage.py
[2026-05-07T06:15:20.884+0000] {logging_mixin.py:188} INFO - [2026-05-07T06:15:20.883+0000] {dag.py:3089} INFO - Sync 1 DAGs
[2026-05-07T06:15:20.904+0000] {logging_mixin.py:188} INFO - [2026-05-07T06:15:20.904+0000] {dag.py:3947} INFO - Setting next_dagrun for tutorial_objectstorage to None, run_after=None
[2026-05-07T06:15:20.941+0000] {processor.py:183} INFO - Processing /home/airflow/.local/lib/python3.12/site-packages/airflow/example_dags/tutorial_objectstorage.py took 0.122 seconds
[2026-05-07T06:15:51.311+0000] {processor.py:161} INFO - Started process (PID=13568) to work on /home/airflow/.local/lib/python3.12/site-packages/airflow/example_dags/tutorial_objectstorage.py
[2026-05-07T06:15:51.313+0000] {processor.py:830} INFO - Processing file /home/airflow/.local/lib/python3.12/site-packages/airflow/example_dags/tutorial_objectstorage.py for tasks to queue
[2026-05-07T06:15:51.315+0000] {logging_mixin.py:188} INFO - [2026-05-07T06:15:51.314+0000] {dagbag.py:545} INFO - Filling up the DagBag from /home/airflow/.local/lib/python3.12/site-packages/airflow/example_dags/tutorial_objectstorage.py
[2026-05-07T06:15:51.328+0000] {processor.py:840} INFO - DAG(s) 'tutorial_objectstorage' retrieved from /home/airflow/.local/lib/python3.12/site-packages/airflow/example_dags/tutorial_objectstorage.py
[2026-05-07T06:15:51.364+0000] {logging_mixin.py:188} INFO - [2026-05-07T06:15:51.363+0000] {dag.py:3089} INFO - Sync 1 DAGs
[2026-05-07T06:15:51.383+0000] {logging_mixin.py:188} INFO - [2026-05-07T06:15:51.383+0000] {dag.py:3947} INFO - Setting next_dagrun for tutorial_objectstorage to None, run_after=None
[2026-05-07T06:15:51.449+0000] {processor.py:183} INFO - Processing /home/airflow/.local/lib/python3.12/site-packages/airflow/example_dags/tutorial_objectstorage.py took 0.149 seconds
[2026-05-07T06:16:22.144+0000] {processor.py:161} INFO - Started process (PID=13636) to work on /home/airflow/.local/lib/python3.12/site-packages/airflow/example_dags/tutorial_objectstorage.py
[2026-05-07T06:16:22.146+0000] {processor.py:830} INFO - Processing file /home/airflow/.local/lib/python3.12/site-packages/airflow/example_dags/tutorial_objectstorage.py for tasks to queue
[2026-05-07T06:16:22.147+0000] {logging_mixin.py:188} INFO - [2026-05-07T06:16:22.147+0000] {dagbag.py:545} INFO - Filling up the DagBag from /home/airflow/.local/lib/python3.12/site-packages/airflow/example_dags/tutorial_objectstorage.py
[2026-05-07T06:16:22.164+0000] {processor.py:840} INFO - DAG(s) 'tutorial_objectstorage' retrieved from /home/airflow/.local/lib/python3.12/site-packages/airflow/example_dags/tutorial_objectstorage.py
[2026-05-07T06:16:22.200+0000] {logging_mixin.py:188} INFO - [2026-05-07T06:16:22.199+0000] {dag.py:3089} INFO - Sync 1 DAGs
[2026-05-07T06:16:22.219+0000] {logging_mixin.py:188} INFO - [2026-05-07T06:16:22.219+0000] {dag.py:3947} INFO - Setting next_dagrun for tutorial_objectstorage to None, run_after=None
[2026-05-07T06:16:22.286+0000] {processor.py:183} INFO - Processing /home/airflow/.local/lib/python3.12/site-packages/airflow/example_dags/tutorial_objectstorage.py took 0.153 seconds
[2026-05-07T06:16:52.572+0000] {processor.py:161} INFO - Started process (PID=13704) to work on /home/airflow/.local/lib/python3.12/site-packages/airflow/example_dags/tutorial_objectstorage.py
[2026-05-07T06:16:52.574+0000] {processor.py:830} INFO - Processing file /home/airflow/.local/lib/python3.12/site-packages/airflow/example_dags/tutorial_objectstorage.py for tasks to queue
[2026-05-07T06:16:52.576+0000] {logging_mixin.py:188} INFO - [2026-05-07T06:16:52.575+0000] {dagbag.py:545} INFO - Filling up the DagBag from /home/airflow/.local/lib/python3.12/site-packages/airflow/example_dags/tutorial_objectstorage.py
[2026-05-07T06:16:52.589+0000] {processor.py:840} INFO - DAG(s) 'tutorial_objectstorage' retrieved from /home/airflow/.local/lib/python3.12/site-packages/airflow/example_dags/tutorial_objectstorage.py
[2026-05-07T06:16:52.625+0000] {logging_mixin.py:188} INFO - [2026-05-07T06:16:52.624+0000] {dag.py:3089} INFO - Sync 1 DAGs
[2026-05-07T06:16:52.646+0000] {logging_mixin.py:188} INFO - [2026-05-07T06:16:52.646+0000] {dag.py:3947} INFO - Setting next_dagrun for tutorial_objectstorage to None, run_after=None
[2026-05-07T06:16:52.711+0000] {processor.py:183} INFO - Processing /home/airflow/.local/lib/python3.12/site-packages/airflow/example_dags/tutorial_objectstorage.py took 0.150 seconds
[2026-05-07T06:17:23.412+0000] {processor.py:161} INFO - Started process (PID=13779) to work on /home/airflow/.local/lib/python3.12/site-packages/airflow/example_dags/tutorial_objectstorage.py
[2026-05-07T06:17:23.414+0000] {processor.py:830} INFO - Processing file /home/airflow/.local/lib/python3.12/site-packages/airflow/example_dags/tutorial_objectstorage.py for tasks to queue
[2026-05-07T06:17:23.416+0000] {logging_mixin.py:188} INFO - [2026-05-07T06:17:23.415+0000] {dagbag.py:545} INFO - Filling up the DagBag from /home/airflow/.local/lib/python3.12/site-packages/airflow/example_dags/tutorial_objectstorage.py
[2026-05-07T06:17:23.431+0000] {processor.py:840} INFO - DAG(s) 'tutorial_objectstorage' retrieved from /home/airflow/.local/lib/python3.12/site-packages/airflow/example_dags/tutorial_objectstorage.py
[2026-05-07T06:17:23.462+0000] {logging_mixin.py:188} INFO - [2026-05-07T06:17:23.462+0000] {dag.py:3089} INFO - Sync 1 DAGs
[2026-05-07T06:17:23.479+0000] {logging_mixin.py:188} INFO - [2026-05-07T06:17:23.479+0000] {dag.py:3947} INFO - Setting next_dagrun for tutorial_objectstorage to None, run_after=None
[2026-05-07T06:17:23.509+0000] {processor.py:183} INFO - Processing /home/airflow/.local/lib/python3.12/site-packages/airflow/example_dags/tutorial_objectstorage.py took 0.110 seconds
[2026-05-07T06:17:53.794+0000] {processor.py:161} INFO - Started process (PID=13848) to work on /home/airflow/.local/lib/python3.12/site-packages/airflow/example_dags/tutorial_objectstorage.py
[2026-05-07T06:17:53.797+0000] {processor.py:830} INFO - Processing file /home/airflow/.local/lib/python3.12/site-packages/airflow/example_dags/tutorial_objectstorage.py for tasks to queue
[2026-05-07T06:17:53.799+0000] {logging_mixin.py:188} INFO - [2026-05-07T06:17:53.799+0000] {dagbag.py:545} INFO - Filling up the DagBag from /home/airflow/.local/lib/python3.12/site-packages/airflow/example_dags/tutorial_objectstorage.py
[2026-05-07T06:17:53.811+0000] {processor.py:840} INFO - DAG(s) 'tutorial_objectstorage' retrieved from /home/airflow/.local/lib/python3.12/site-packages/airflow/example_dags/tutorial_objectstorage.py
[2026-05-07T06:17:53.841+0000] {logging_mixin.py:188} INFO - [2026-05-07T06:17:53.841+0000] {dag.py:3089} INFO - Sync 1 DAGs
[2026-05-07T06:17:53.863+0000] {logging_mixin.py:188} INFO - [2026-05-07T06:17:53.862+0000] {dag.py:3947} INFO - Setting next_dagrun for tutorial_objectstorage to None, run_after=None
[2026-05-07T06:17:53.928+0000] {processor.py:183} INFO - Processing /home/airflow/.local/lib/python3.12/site-packages/airflow/example_dags/tutorial_objectstorage.py took 0.145 seconds
[2026-05-07T06:18:24.703+0000] {processor.py:161} INFO - Started process (PID=13915) to work on /home/airflow/.local/lib/python3.12/site-packages/airflow/example_dags/tutorial_objectstorage.py
[2026-05-07T06:18:24.705+0000] {processor.py:830} INFO - Processing file /home/airflow/.local/lib/python3.12/site-packages/airflow/example_dags/tutorial_objectstorage.py for tasks to queue
[2026-05-07T06:18:24.706+0000] {logging_mixin.py:188} INFO - [2026-05-07T06:18:24.706+0000] {dagbag.py:545} INFO - Filling up the DagBag from /home/airflow/.local/lib/python3.12/site-packages/airflow/example_dags/tutorial_objectstorage.py
[2026-05-07T06:18:24.724+0000] {processor.py:840} INFO - DAG(s) 'tutorial_objectstorage' retrieved from /home/airflow/.local/lib/python3.12/site-packages/airflow/example_dags/tutorial_objectstorage.py
[2026-05-07T06:18:24.751+0000] {logging_mixin.py:188} INFO - [2026-05-07T06:18:24.751+0000] {dag.py:3089} INFO - Sync 1 DAGs
[2026-05-07T06:18:24.771+0000] {logging_mixin.py:188} INFO - [2026-05-07T06:18:24.770+0000] {dag.py:3947} INFO - Setting next_dagrun for tutorial_objectstorage to None, run_after=None
[2026-05-07T06:18:24.832+0000] {processor.py:183} INFO - Processing /home/airflow/.local/lib/python3.12/site-packages/airflow/example_dags/tutorial_objectstorage.py took 0.148 seconds
[2026-05-07T06:18:55.068+0000] {processor.py:161} INFO - Started process (PID=13983) to work on /home/airflow/.local/lib/python3.12/site-packages/airflow/example_dags/tutorial_objectstorage.py
[2026-05-07T06:18:55.071+0000] {processor.py:830} INFO - Processing file /home/airflow/.local/lib/python3.12/site-packages/airflow/example_dags/tutorial_objectstorage.py for tasks to queue
[2026-05-07T06:18:55.075+0000] {logging_mixin.py:188} INFO - [2026-05-07T06:18:55.074+0000] {dagbag.py:545} INFO - Filling up the DagBag from /home/airflow/.local/lib/python3.12/site-packages/airflow/example_dags/tutorial_objectstorage.py
[2026-05-07T06:18:55.088+0000] {processor.py:840} INFO - DAG(s) 'tutorial_objectstorage' retrieved from /home/airflow/.local/lib/python3.12/site-packages/airflow/example_dags/tutorial_objectstorage.py
[2026-05-07T06:18:55.118+0000] {logging_mixin.py:188} INFO - [2026-05-07T06:18:55.118+0000] {dag.py:3089} INFO - Sync 1 DAGs
[2026-05-07T06:18:55.138+0000] {logging_mixin.py:188} INFO - [2026-05-07T06:18:55.138+0000] {dag.py:3947} INFO - Setting next_dagrun for tutorial_objectstorage to None, run_after=None
[2026-05-07T06:18:55.174+0000] {processor.py:183} INFO - Processing /home/airflow/.local/lib/python3.12/site-packages/airflow/example_dags/tutorial_objectstorage.py took 0.123 seconds
[2026-05-07T06:19:25.359+0000] {processor.py:161} INFO - Started process (PID=14051) to work on /home/airflow/.local/lib/python3.12/site-packages/airflow/example_dags/tutorial_objectstorage.py
[2026-05-07T06:19:25.361+0000] {processor.py:830} INFO - Processing file /home/airflow/.local/lib/python3.12/site-packages/airflow/example_dags/tutorial_objectstorage.py for tasks to queue
[2026-05-07T06:19:25.363+0000] {logging_mixin.py:188} INFO - [2026-05-07T06:19:25.362+0000] {dagbag.py:545} INFO - Filling up the DagBag from /home/airflow/.local/lib/python3.12/site-packages/airflow/example_dags/tutorial_objectstorage.py
[2026-05-07T06:19:25.378+0000] {processor.py:840} INFO - DAG(s) 'tutorial_objectstorage' retrieved from /home/airflow/.local/lib/python3.12/site-packages/airflow/example_dags/tutorial_objectstorage.py
[2026-05-07T06:19:25.410+0000] {logging_mixin.py:188} INFO - [2026-05-07T06:19:25.410+0000] {dag.py:3089} INFO - Sync 1 DAGs
[2026-05-07T06:19:25.432+0000] {logging_mixin.py:188} INFO - [2026-05-07T06:19:25.431+0000] {dag.py:3947} INFO - Setting next_dagrun for tutorial_objectstorage to None, run_after=None
[2026-05-07T06:19:25.465+0000] {processor.py:183} INFO - Processing /home/airflow/.local/lib/python3.12/site-packages/airflow/example_dags/tutorial_objectstorage.py took 0.118 seconds
[2026-05-07T06:19:55.727+0000] {processor.py:161} INFO - Started process (PID=14119) to work on /home/airflow/.local/lib/python3.12/site-packages/airflow/example_dags/tutorial_objectstorage.py
[2026-05-07T06:19:55.730+0000] {processor.py:830} INFO - Processing file /home/airflow/.local/lib/python3.12/site-packages/airflow/example_dags/tutorial_objectstorage.py for tasks to queue
[2026-05-07T06:19:55.733+0000] {logging_mixin.py:188} INFO - [2026-05-07T06:19:55.732+0000] {dagbag.py:545} INFO - Filling up the DagBag from /home/airflow/.local/lib/python3.12/site-packages/airflow/example_dags/tutorial_objectstorage.py
[2026-05-07T06:19:55.752+0000] {processor.py:840} INFO - DAG(s) 'tutorial_objectstorage' retrieved from /home/airflow/.local/lib/python3.12/site-packages/airflow/example_dags/tutorial_objectstorage.py
[2026-05-07T06:19:55.791+0000] {logging_mixin.py:188} INFO - [2026-05-07T06:19:55.791+0000] {dag.py:3089} INFO - Sync 1 DAGs
[2026-05-07T06:19:55.809+0000] {logging_mixin.py:188} INFO - [2026-05-07T06:19:55.809+0000] {dag.py:3947} INFO - Setting next_dagrun for tutorial_objectstorage to None, run_after=None
[2026-05-07T06:19:55.870+0000] {processor.py:183} INFO - Processing /home/airflow/.local/lib/python3.12/site-packages/airflow/example_dags/tutorial_objectstorage.py took 0.156 seconds
[2026-05-07T06:20:26.586+0000] {processor.py:161} INFO - Started process (PID=14194) to work on /home/airflow/.local/lib/python3.12/site-packages/airflow/example_dags/tutorial_objectstorage.py
[2026-05-07T06:20:26.588+0000] {processor.py:830} INFO - Processing file /home/airflow/.local/lib/python3.12/site-packages/airflow/example_dags/tutorial_objectstorage.py for tasks to queue
[2026-05-07T06:20:26.590+0000] {logging_mixin.py:188} INFO - [2026-05-07T06:20:26.589+0000] {dagbag.py:545} INFO - Filling up the DagBag from /home/airflow/.local/lib/python3.12/site-packages/airflow/example_dags/tutorial_objectstorage.py
[2026-05-07T06:20:26.603+0000] {processor.py:840} INFO - DAG(s) 'tutorial_objectstorage' retrieved from /home/airflow/.local/lib/python3.12/site-packages/airflow/example_dags/tutorial_objectstorage.py
[2026-05-07T06:20:26.634+0000] {logging_mixin.py:188} INFO - [2026-05-07T06:20:26.634+0000] {dag.py:3089} INFO - Sync 1 DAGs
[2026-05-07T06:20:26.654+0000] {logging_mixin.py:188} INFO - [2026-05-07T06:20:26.653+0000] {dag.py:3947} INFO - Setting next_dagrun for tutorial_objectstorage to None, run_after=None
[2026-05-07T06:20:26.686+0000] {processor.py:183} INFO - Processing /home/airflow/.local/lib/python3.12/site-packages/airflow/example_dags/tutorial_objectstorage.py took 0.109 seconds
