[2026-05-11T19:58:25.870+0000] {local_task_job_runner.py:120} INFO - ::group::Pre task execution logs
[2026-05-11T19:58:25.908+0000] {taskinstance.py:2076} INFO - Dependencies all met for dep_context=non-requeueable deps ti=<TaskInstance: moex_candles_loader.run_candles_loader manual__2026-05-11T19:58:19.200171+00:00 [queued]>
[2026-05-11T19:58:25.929+0000] {taskinstance.py:2076} INFO - Dependencies all met for dep_context=requeueable deps ti=<TaskInstance: moex_candles_loader.run_candles_loader manual__2026-05-11T19:58:19.200171+00:00 [queued]>
[2026-05-11T19:58:25.930+0000] {taskinstance.py:2306} INFO - Starting attempt 1 of 1
[2026-05-11T19:58:25.965+0000] {taskinstance.py:2330} INFO - Executing <Task(BashOperator): run_candles_loader> on 2026-05-11 19:58:19.200171+00:00
[2026-05-11T19:58:25.985+0000] {warnings.py:112} WARNING - /home/***/.local/lib/python3.12/site-packages/***/task/task_runner/standard_task_runner.py:62: DeprecationWarning: This process (pid=90) is multi-threaded, use of fork() may lead to deadlocks in the child.
  pid = os.fork()

[2026-05-11T19:58:25.988+0000] {standard_task_runner.py:64} INFO - Started process 99 to run task
[2026-05-11T19:58:25.990+0000] {standard_task_runner.py:90} INFO - Running: ['***', 'tasks', 'run', 'moex_candles_loader', 'run_candles_loader', 'manual__2026-05-11T19:58:19.200171+00:00', '--job-id', '47', '--raw', '--subdir', 'DAGS_FOLDER/moex_loader_dag.py', '--cfg-path', '/tmp/tmprx0grgxm']
[2026-05-11T19:58:25.997+0000] {standard_task_runner.py:91} INFO - Job 47: Subtask run_candles_loader
[2026-05-11T19:58:26.139+0000] {task_command.py:426} INFO - Running <TaskInstance: moex_candles_loader.run_candles_loader manual__2026-05-11T19:58:19.200171+00:00 [running]> on host ff96f345a9c6
[2026-05-11T19:58:26.319+0000] {taskinstance.py:2648} INFO - Exporting env vars: AIRFLOW_CTX_DAG_OWNER='***' AIRFLOW_CTX_DAG_ID='moex_candles_loader' AIRFLOW_CTX_TASK_ID='run_candles_loader' AIRFLOW_CTX_EXECUTION_DATE='2026-05-11T19:58:19.200171+00:00' AIRFLOW_CTX_TRY_NUMBER='1' AIRFLOW_CTX_DAG_RUN_ID='manual__2026-05-11T19:58:19.200171+00:00'
[2026-05-11T19:58:26.323+0000] {taskinstance.py:430} INFO - ::endgroup::
[2026-05-11T19:58:26.327+0000] {subprocess.py:63} INFO - Tmp dir root location: /tmp
[2026-05-11T19:58:26.329+0000] {subprocess.py:75} INFO - Running command: ['/usr/bin/bash', '-c', 'python /opt/***/dags/scripts/candles_loader.py']
[2026-05-11T19:58:26.352+0000] {subprocess.py:86} INFO - Output:
[2026-05-11T19:58:36.099+0000] {local_task_job_runner.py:313} WARNING - State of this instance has been externally set to success. Terminating instance.
[2026-05-11T19:58:36.102+0000] {local_task_job_runner.py:222} INFO - ::endgroup::
[2026-05-11T19:58:36.104+0000] {process_utils.py:132} INFO - Sending 15 to group 99. PIDs of all processes in the group: [100, 99]
[2026-05-11T19:58:36.106+0000] {process_utils.py:87} INFO - Sending the signal 15 to group 99
[2026-05-11T19:58:36.109+0000] {taskinstance.py:2611} ERROR - Received SIGTERM. Terminating subprocesses.
[2026-05-11T19:58:36.110+0000] {subprocess.py:104} INFO - Sending SIGTERM signal to process group
[2026-05-11T19:58:36.112+0000] {taskinstance.py:441} INFO - ::group::Post task execution logs
[2026-05-11T19:58:36.161+0000] {process_utils.py:80} INFO - Process psutil.Process(pid=99, status='terminated', exitcode=0, started='19:58:25') (99) terminated with exit code 0
[2026-05-11T19:58:36.163+0000] {process_utils.py:80} INFO - Process psutil.Process(pid=100, status='terminated', started='19:58:25') (100) terminated with exit code None
