[2026-05-04T04:21:04.353+0000] {local_task_job_runner.py:120} INFO - ::group::Pre task execution logs
[2026-05-04T04:21:04.393+0000] {taskinstance.py:2076} INFO - Dependencies all met for dep_context=non-requeueable deps ti=<TaskInstance: moex_candles_loader.run_candles_loader manual__2026-05-04T04:21:01.640793+00:00 [queued]>
[2026-05-04T04:21:04.407+0000] {taskinstance.py:2076} INFO - Dependencies all met for dep_context=requeueable deps ti=<TaskInstance: moex_candles_loader.run_candles_loader manual__2026-05-04T04:21:01.640793+00:00 [queued]>
[2026-05-04T04:21:04.409+0000] {taskinstance.py:2306} INFO - Starting attempt 1 of 1
[2026-05-04T04:21:04.435+0000] {taskinstance.py:2330} INFO - Executing <Task(BashOperator): run_candles_loader> on 2026-05-04 04:21:01.640793+00:00
[2026-05-04T04:21:04.445+0000] {warnings.py:112} WARNING - /home/***/.local/lib/python3.12/site-packages/***/task/task_runner/standard_task_runner.py:62: DeprecationWarning: This process (pid=322) is multi-threaded, use of fork() may lead to deadlocks in the child.
  pid = os.fork()

[2026-05-04T04:21:04.448+0000] {standard_task_runner.py:64} INFO - Started process 324 to run task
[2026-05-04T04:21:04.448+0000] {standard_task_runner.py:90} INFO - Running: ['***', 'tasks', 'run', 'moex_candles_loader', 'run_candles_loader', 'manual__2026-05-04T04:21:01.640793+00:00', '--job-id', '12', '--raw', '--subdir', 'DAGS_FOLDER/moex_loader_dag.py', '--cfg-path', '/tmp/tmpjio2pzge']
[2026-05-04T04:21:04.452+0000] {standard_task_runner.py:91} INFO - Job 12: Subtask run_candles_loader
[2026-05-04T04:21:04.564+0000] {task_command.py:426} INFO - Running <TaskInstance: moex_candles_loader.run_candles_loader manual__2026-05-04T04:21:01.640793+00:00 [running]> on host d079bbdf50af
[2026-05-04T04:21:04.695+0000] {taskinstance.py:2648} INFO - Exporting env vars: AIRFLOW_CTX_DAG_OWNER='***' AIRFLOW_CTX_DAG_ID='moex_candles_loader' AIRFLOW_CTX_TASK_ID='run_candles_loader' AIRFLOW_CTX_EXECUTION_DATE='2026-05-04T04:21:01.640793+00:00' AIRFLOW_CTX_TRY_NUMBER='1' AIRFLOW_CTX_DAG_RUN_ID='manual__2026-05-04T04:21:01.640793+00:00'
[2026-05-04T04:21:04.699+0000] {taskinstance.py:430} INFO - ::endgroup::
[2026-05-04T04:21:04.701+0000] {subprocess.py:63} INFO - Tmp dir root location: /tmp
[2026-05-04T04:21:04.703+0000] {subprocess.py:75} INFO - Running command: ['/usr/bin/bash', '-c', 'python /opt/***/dags/scripts/candles_loader.py']
[2026-05-04T04:21:04.721+0000] {subprocess.py:86} INFO - Output:
[2026-05-04T04:22:28.847+0000] {subprocess.py:93} INFO - 🚀 Старт загрузки свечей | 2026-05-04 04:21:07
[2026-05-04T04:22:28.849+0000] {subprocess.py:93} INFO - 📥 Загружаем GAZP
[2026-05-04T04:22:28.849+0000] {subprocess.py:93} INFO - ✅ [GAZP] сохранен
[2026-05-04T04:22:28.850+0000] {subprocess.py:93} INFO - ☁️ S3: s3://data/moex-data/moex/candles/GAZP/GAZP_1h_20260504_042107.parquet
[2026-05-04T04:22:28.851+0000] {subprocess.py:93} INFO - ------------------------------------------------------------
[2026-05-04T04:22:28.851+0000] {subprocess.py:93} INFO - 📥 Загружаем SBER
[2026-05-04T04:22:28.852+0000] {subprocess.py:93} INFO - ✅ [SBER] сохранен
[2026-05-04T04:22:28.852+0000] {subprocess.py:93} INFO - ☁️ S3: s3://data/moex-data/moex/candles/SBER/SBER_1h_20260504_042107.parquet
[2026-05-04T04:22:28.853+0000] {subprocess.py:93} INFO - ------------------------------------------------------------
[2026-05-04T04:22:28.853+0000] {subprocess.py:93} INFO - 📥 Загружаем LKOH
[2026-05-04T04:22:28.856+0000] {subprocess.py:93} INFO - ✅ [LKOH] сохранен
[2026-05-04T04:22:28.857+0000] {subprocess.py:93} INFO - ☁️ S3: s3://data/moex-data/moex/candles/LKOH/LKOH_1h_20260504_042107.parquet
[2026-05-04T04:22:28.858+0000] {subprocess.py:93} INFO - ------------------------------------------------------------
[2026-05-04T04:22:28.858+0000] {subprocess.py:93} INFO - 
[2026-05-04T04:22:28.859+0000] {subprocess.py:93} INFO - 🎯 Готово. Обработано инструментов: 3
[2026-05-04T04:22:29.234+0000] {subprocess.py:97} INFO - Command exited with return code 0
[2026-05-04T04:22:29.236+0000] {taskinstance.py:441} INFO - ::group::Post task execution logs
[2026-05-04T04:22:29.296+0000] {taskinstance.py:1206} INFO - Marking task as SUCCESS. dag_id=moex_candles_loader, task_id=run_candles_loader, run_id=manual__2026-05-04T04:21:01.640793+00:00, execution_date=20260504T042101, start_date=20260504T042104, end_date=20260504T042229
[2026-05-04T04:22:29.360+0000] {local_task_job_runner.py:243} INFO - Task exited with return code 0
[2026-05-04T04:22:29.389+0000] {taskinstance.py:3503} INFO - 0 downstream tasks scheduled from follow-on schedule check
[2026-05-04T04:22:29.396+0000] {local_task_job_runner.py:222} INFO - ::endgroup::
