[2026-05-04T03:50:48.339+0000] {processor.py:161} INFO - Started process (PID=5647) to work on /opt/airflow/dags/schedule_dag.py
[2026-05-04T03:50:48.348+0000] {processor.py:830} INFO - Processing file /opt/airflow/dags/schedule_dag.py for tasks to queue
[2026-05-04T03:50:48.350+0000] {logging_mixin.py:188} INFO - [2026-05-04T03:50:48.349+0000] {dagbag.py:545} INFO - Filling up the DagBag from /opt/airflow/dags/schedule_dag.py
[2026-05-04T03:50:48.374+0000] {processor.py:840} INFO - DAG(s) 'python_scheduler_dag' retrieved from /opt/airflow/dags/schedule_dag.py
[2026-05-04T03:50:48.418+0000] {logging_mixin.py:188} INFO - [2026-05-04T03:50:48.417+0000] {dag.py:3089} INFO - Sync 1 DAGs
[2026-05-04T03:50:48.461+0000] {logging_mixin.py:188} INFO - [2026-05-04T03:50:48.460+0000] {dag.py:3947} INFO - Setting next_dagrun for python_scheduler_dag to 2026-05-03 00:00:00+00:00, run_after=2026-05-04 00:00:00+00:00
[2026-05-04T03:50:48.512+0000] {processor.py:183} INFO - Processing /opt/airflow/dags/schedule_dag.py took 0.181 seconds
[2026-05-04T03:51:18.614+0000] {processor.py:161} INFO - Started process (PID=5714) to work on /opt/airflow/dags/schedule_dag.py
[2026-05-04T03:51:18.615+0000] {processor.py:830} INFO - Processing file /opt/airflow/dags/schedule_dag.py for tasks to queue
[2026-05-04T03:51:18.616+0000] {logging_mixin.py:188} INFO - [2026-05-04T03:51:18.616+0000] {dagbag.py:545} INFO - Filling up the DagBag from /opt/airflow/dags/schedule_dag.py
[2026-05-04T03:51:18.643+0000] {processor.py:840} INFO - DAG(s) 'python_scheduler_dag' retrieved from /opt/airflow/dags/schedule_dag.py
[2026-05-04T03:51:18.670+0000] {logging_mixin.py:188} INFO - [2026-05-04T03:51:18.670+0000] {dag.py:3089} INFO - Sync 1 DAGs
[2026-05-04T03:51:18.693+0000] {logging_mixin.py:188} INFO - [2026-05-04T03:51:18.693+0000] {dag.py:3947} INFO - Setting next_dagrun for python_scheduler_dag to 2026-05-03 00:00:00+00:00, run_after=2026-05-04 00:00:00+00:00
[2026-05-04T03:51:18.726+0000] {processor.py:183} INFO - Processing /opt/airflow/dags/schedule_dag.py took 0.119 seconds
[2026-05-04T03:51:49.598+0000] {processor.py:161} INFO - Started process (PID=5787) to work on /opt/airflow/dags/schedule_dag.py
[2026-05-04T03:51:49.599+0000] {processor.py:830} INFO - Processing file /opt/airflow/dags/schedule_dag.py for tasks to queue
[2026-05-04T03:51:49.601+0000] {logging_mixin.py:188} INFO - [2026-05-04T03:51:49.601+0000] {dagbag.py:545} INFO - Filling up the DagBag from /opt/airflow/dags/schedule_dag.py
[2026-05-04T03:51:49.664+0000] {processor.py:840} INFO - DAG(s) 'python_scheduler_dag' retrieved from /opt/airflow/dags/schedule_dag.py
[2026-05-04T03:51:49.691+0000] {logging_mixin.py:188} INFO - [2026-05-04T03:51:49.691+0000] {dag.py:3089} INFO - Sync 1 DAGs
[2026-05-04T03:51:49.714+0000] {logging_mixin.py:188} INFO - [2026-05-04T03:51:49.714+0000] {dag.py:3947} INFO - Setting next_dagrun for python_scheduler_dag to 2026-05-03 00:00:00+00:00, run_after=2026-05-04 00:00:00+00:00
[2026-05-04T03:51:49.751+0000] {processor.py:183} INFO - Processing /opt/airflow/dags/schedule_dag.py took 0.159 seconds
[2026-05-04T03:52:19.937+0000] {processor.py:161} INFO - Started process (PID=5852) to work on /opt/airflow/dags/schedule_dag.py
[2026-05-04T03:52:19.939+0000] {processor.py:830} INFO - Processing file /opt/airflow/dags/schedule_dag.py for tasks to queue
[2026-05-04T03:52:19.941+0000] {logging_mixin.py:188} INFO - [2026-05-04T03:52:19.940+0000] {dagbag.py:545} INFO - Filling up the DagBag from /opt/airflow/dags/schedule_dag.py
[2026-05-04T03:52:19.969+0000] {processor.py:840} INFO - DAG(s) 'python_scheduler_dag' retrieved from /opt/airflow/dags/schedule_dag.py
[2026-05-04T03:52:20.001+0000] {logging_mixin.py:188} INFO - [2026-05-04T03:52:20.001+0000] {dag.py:3089} INFO - Sync 1 DAGs
[2026-05-04T03:52:20.033+0000] {logging_mixin.py:188} INFO - [2026-05-04T03:52:20.032+0000] {dag.py:3947} INFO - Setting next_dagrun for python_scheduler_dag to 2026-05-03 00:00:00+00:00, run_after=2026-05-04 00:00:00+00:00
[2026-05-04T03:52:20.068+0000] {processor.py:183} INFO - Processing /opt/airflow/dags/schedule_dag.py took 0.140 seconds
[2026-05-04T03:52:50.541+0000] {processor.py:161} INFO - Started process (PID=5913) to work on /opt/airflow/dags/schedule_dag.py
[2026-05-04T03:52:50.549+0000] {processor.py:830} INFO - Processing file /opt/airflow/dags/schedule_dag.py for tasks to queue
[2026-05-04T03:52:50.552+0000] {logging_mixin.py:188} INFO - [2026-05-04T03:52:50.551+0000] {dagbag.py:545} INFO - Filling up the DagBag from /opt/airflow/dags/schedule_dag.py
[2026-05-04T03:52:50.611+0000] {processor.py:840} INFO - DAG(s) 'python_scheduler_dag' retrieved from /opt/airflow/dags/schedule_dag.py
[2026-05-04T03:52:50.661+0000] {logging_mixin.py:188} INFO - [2026-05-04T03:52:50.660+0000] {dag.py:3089} INFO - Sync 1 DAGs
[2026-05-04T03:52:50.704+0000] {logging_mixin.py:188} INFO - [2026-05-04T03:52:50.704+0000] {dag.py:3947} INFO - Setting next_dagrun for python_scheduler_dag to 2026-05-03 00:00:00+00:00, run_after=2026-05-04 00:00:00+00:00
[2026-05-04T03:52:50.752+0000] {processor.py:183} INFO - Processing /opt/airflow/dags/schedule_dag.py took 0.223 seconds
[2026-05-04T03:53:21.000+0000] {processor.py:161} INFO - Started process (PID=5981) to work on /opt/airflow/dags/schedule_dag.py
[2026-05-04T03:53:21.002+0000] {processor.py:830} INFO - Processing file /opt/airflow/dags/schedule_dag.py for tasks to queue
[2026-05-04T03:53:21.004+0000] {logging_mixin.py:188} INFO - [2026-05-04T03:53:21.004+0000] {dagbag.py:545} INFO - Filling up the DagBag from /opt/airflow/dags/schedule_dag.py
[2026-05-04T03:53:21.056+0000] {processor.py:840} INFO - DAG(s) 'python_scheduler_dag' retrieved from /opt/airflow/dags/schedule_dag.py
[2026-05-04T03:53:21.098+0000] {logging_mixin.py:188} INFO - [2026-05-04T03:53:21.097+0000] {dag.py:3089} INFO - Sync 1 DAGs
[2026-05-04T03:53:21.140+0000] {logging_mixin.py:188} INFO - [2026-05-04T03:53:21.139+0000] {dag.py:3947} INFO - Setting next_dagrun for python_scheduler_dag to 2026-05-03 00:00:00+00:00, run_after=2026-05-04 00:00:00+00:00
[2026-05-04T03:53:21.183+0000] {processor.py:183} INFO - Processing /opt/airflow/dags/schedule_dag.py took 0.195 seconds
[2026-05-04T03:53:52.012+0000] {processor.py:161} INFO - Started process (PID=6056) to work on /opt/airflow/dags/schedule_dag.py
[2026-05-04T03:53:52.014+0000] {processor.py:830} INFO - Processing file /opt/airflow/dags/schedule_dag.py for tasks to queue
[2026-05-04T03:53:52.015+0000] {logging_mixin.py:188} INFO - [2026-05-04T03:53:52.015+0000] {dagbag.py:545} INFO - Filling up the DagBag from /opt/airflow/dags/schedule_dag.py
[2026-05-04T03:53:52.041+0000] {processor.py:840} INFO - DAG(s) 'python_scheduler_dag' retrieved from /opt/airflow/dags/schedule_dag.py
[2026-05-04T03:53:52.077+0000] {logging_mixin.py:188} INFO - [2026-05-04T03:53:52.076+0000] {dag.py:3089} INFO - Sync 1 DAGs
[2026-05-04T03:53:52.112+0000] {logging_mixin.py:188} INFO - [2026-05-04T03:53:52.111+0000] {dag.py:3947} INFO - Setting next_dagrun for python_scheduler_dag to 2026-05-03 00:00:00+00:00, run_after=2026-05-04 00:00:00+00:00
[2026-05-04T03:53:52.175+0000] {processor.py:183} INFO - Processing /opt/airflow/dags/schedule_dag.py took 0.173 seconds
[2026-05-04T03:54:22.463+0000] {processor.py:161} INFO - Started process (PID=6124) to work on /opt/airflow/dags/schedule_dag.py
[2026-05-04T03:54:22.500+0000] {processor.py:830} INFO - Processing file /opt/airflow/dags/schedule_dag.py for tasks to queue
[2026-05-04T03:54:22.504+0000] {logging_mixin.py:188} INFO - [2026-05-04T03:54:22.503+0000] {dagbag.py:545} INFO - Filling up the DagBag from /opt/airflow/dags/schedule_dag.py
[2026-05-04T03:54:22.577+0000] {processor.py:840} INFO - DAG(s) 'python_scheduler_dag' retrieved from /opt/airflow/dags/schedule_dag.py
[2026-05-04T03:54:22.615+0000] {logging_mixin.py:188} INFO - [2026-05-04T03:54:22.615+0000] {dag.py:3089} INFO - Sync 1 DAGs
[2026-05-04T03:54:22.652+0000] {logging_mixin.py:188} INFO - [2026-05-04T03:54:22.651+0000] {dag.py:3947} INFO - Setting next_dagrun for python_scheduler_dag to 2026-05-03 00:00:00+00:00, run_after=2026-05-04 00:00:00+00:00
[2026-05-04T03:54:22.714+0000] {processor.py:183} INFO - Processing /opt/airflow/dags/schedule_dag.py took 0.261 seconds
[2026-05-04T03:54:53.293+0000] {processor.py:161} INFO - Started process (PID=6192) to work on /opt/airflow/dags/schedule_dag.py
[2026-05-04T03:54:53.295+0000] {processor.py:830} INFO - Processing file /opt/airflow/dags/schedule_dag.py for tasks to queue
[2026-05-04T03:54:53.298+0000] {logging_mixin.py:188} INFO - [2026-05-04T03:54:53.298+0000] {dagbag.py:545} INFO - Filling up the DagBag from /opt/airflow/dags/schedule_dag.py
[2026-05-04T03:54:53.441+0000] {processor.py:840} INFO - DAG(s) 'python_scheduler_dag' retrieved from /opt/airflow/dags/schedule_dag.py
[2026-05-04T03:54:53.496+0000] {logging_mixin.py:188} INFO - [2026-05-04T03:54:53.495+0000] {dag.py:3089} INFO - Sync 1 DAGs
[2026-05-04T03:54:53.544+0000] {logging_mixin.py:188} INFO - [2026-05-04T03:54:53.544+0000] {dag.py:3947} INFO - Setting next_dagrun for python_scheduler_dag to 2026-05-03 00:00:00+00:00, run_after=2026-05-04 00:00:00+00:00
[2026-05-04T03:54:53.602+0000] {processor.py:183} INFO - Processing /opt/airflow/dags/schedule_dag.py took 0.321 seconds
[2026-05-04T03:55:24.489+0000] {processor.py:161} INFO - Started process (PID=6260) to work on /opt/airflow/dags/schedule_dag.py
[2026-05-04T03:55:24.491+0000] {processor.py:830} INFO - Processing file /opt/airflow/dags/schedule_dag.py for tasks to queue
[2026-05-04T03:55:24.492+0000] {logging_mixin.py:188} INFO - [2026-05-04T03:55:24.492+0000] {dagbag.py:545} INFO - Filling up the DagBag from /opt/airflow/dags/schedule_dag.py
[2026-05-04T03:55:24.519+0000] {processor.py:840} INFO - DAG(s) 'python_scheduler_dag' retrieved from /opt/airflow/dags/schedule_dag.py
[2026-05-04T03:55:24.556+0000] {logging_mixin.py:188} INFO - [2026-05-04T03:55:24.555+0000] {dag.py:3089} INFO - Sync 1 DAGs
[2026-05-04T03:55:24.591+0000] {logging_mixin.py:188} INFO - [2026-05-04T03:55:24.591+0000] {dag.py:3947} INFO - Setting next_dagrun for python_scheduler_dag to 2026-05-03 00:00:00+00:00, run_after=2026-05-04 00:00:00+00:00
[2026-05-04T03:55:24.645+0000] {processor.py:183} INFO - Processing /opt/airflow/dags/schedule_dag.py took 0.167 seconds
[2026-05-04T03:55:55.497+0000] {processor.py:161} INFO - Started process (PID=6328) to work on /opt/airflow/dags/schedule_dag.py
[2026-05-04T03:55:55.499+0000] {processor.py:830} INFO - Processing file /opt/airflow/dags/schedule_dag.py for tasks to queue
[2026-05-04T03:55:55.502+0000] {logging_mixin.py:188} INFO - [2026-05-04T03:55:55.501+0000] {dagbag.py:545} INFO - Filling up the DagBag from /opt/airflow/dags/schedule_dag.py
[2026-05-04T03:55:55.551+0000] {processor.py:840} INFO - DAG(s) 'python_scheduler_dag' retrieved from /opt/airflow/dags/schedule_dag.py
[2026-05-04T03:55:55.588+0000] {logging_mixin.py:188} INFO - [2026-05-04T03:55:55.588+0000] {dag.py:3089} INFO - Sync 1 DAGs
[2026-05-04T03:55:55.629+0000] {logging_mixin.py:188} INFO - [2026-05-04T03:55:55.629+0000] {dag.py:3947} INFO - Setting next_dagrun for python_scheduler_dag to 2026-05-03 00:00:00+00:00, run_after=2026-05-04 00:00:00+00:00
[2026-05-04T03:55:55.665+0000] {processor.py:183} INFO - Processing /opt/airflow/dags/schedule_dag.py took 0.178 seconds
[2026-05-04T03:56:26.105+0000] {processor.py:161} INFO - Started process (PID=6396) to work on /opt/airflow/dags/schedule_dag.py
[2026-05-04T03:56:26.108+0000] {processor.py:830} INFO - Processing file /opt/airflow/dags/schedule_dag.py for tasks to queue
[2026-05-04T03:56:26.110+0000] {logging_mixin.py:188} INFO - [2026-05-04T03:56:26.109+0000] {dagbag.py:545} INFO - Filling up the DagBag from /opt/airflow/dags/schedule_dag.py
[2026-05-04T03:56:26.170+0000] {processor.py:840} INFO - DAG(s) 'python_scheduler_dag' retrieved from /opt/airflow/dags/schedule_dag.py
[2026-05-04T03:56:26.231+0000] {logging_mixin.py:188} INFO - [2026-05-04T03:56:26.230+0000] {dag.py:3089} INFO - Sync 1 DAGs
[2026-05-04T03:56:26.270+0000] {logging_mixin.py:188} INFO - [2026-05-04T03:56:26.270+0000] {dag.py:3947} INFO - Setting next_dagrun for python_scheduler_dag to 2026-05-03 00:00:00+00:00, run_after=2026-05-04 00:00:00+00:00
[2026-05-04T03:56:26.309+0000] {processor.py:183} INFO - Processing /opt/airflow/dags/schedule_dag.py took 0.214 seconds
[2026-05-04T03:56:56.580+0000] {processor.py:161} INFO - Started process (PID=6464) to work on /opt/airflow/dags/schedule_dag.py
[2026-05-04T03:56:56.581+0000] {processor.py:830} INFO - Processing file /opt/airflow/dags/schedule_dag.py for tasks to queue
[2026-05-04T03:56:56.583+0000] {logging_mixin.py:188} INFO - [2026-05-04T03:56:56.583+0000] {dagbag.py:545} INFO - Filling up the DagBag from /opt/airflow/dags/schedule_dag.py
[2026-05-04T03:56:56.622+0000] {processor.py:840} INFO - DAG(s) 'python_scheduler_dag' retrieved from /opt/airflow/dags/schedule_dag.py
[2026-05-04T03:56:56.664+0000] {logging_mixin.py:188} INFO - [2026-05-04T03:56:56.663+0000] {dag.py:3089} INFO - Sync 1 DAGs
[2026-05-04T03:56:56.703+0000] {logging_mixin.py:188} INFO - [2026-05-04T03:56:56.703+0000] {dag.py:3947} INFO - Setting next_dagrun for python_scheduler_dag to 2026-05-03 00:00:00+00:00, run_after=2026-05-04 00:00:00+00:00
[2026-05-04T03:56:56.747+0000] {processor.py:183} INFO - Processing /opt/airflow/dags/schedule_dag.py took 0.177 seconds
[2026-05-04T03:57:27.441+0000] {processor.py:161} INFO - Started process (PID=6532) to work on /opt/airflow/dags/schedule_dag.py
[2026-05-04T03:57:27.446+0000] {processor.py:830} INFO - Processing file /opt/airflow/dags/schedule_dag.py for tasks to queue
[2026-05-04T03:57:27.448+0000] {logging_mixin.py:188} INFO - [2026-05-04T03:57:27.447+0000] {dagbag.py:545} INFO - Filling up the DagBag from /opt/airflow/dags/schedule_dag.py
[2026-05-04T03:57:27.497+0000] {processor.py:840} INFO - DAG(s) 'python_scheduler_dag' retrieved from /opt/airflow/dags/schedule_dag.py
[2026-05-04T03:57:27.538+0000] {logging_mixin.py:188} INFO - [2026-05-04T03:57:27.537+0000] {dag.py:3089} INFO - Sync 1 DAGs
[2026-05-04T03:57:27.576+0000] {logging_mixin.py:188} INFO - [2026-05-04T03:57:27.576+0000] {dag.py:3947} INFO - Setting next_dagrun for python_scheduler_dag to 2026-05-03 00:00:00+00:00, run_after=2026-05-04 00:00:00+00:00
[2026-05-04T03:57:27.621+0000] {processor.py:183} INFO - Processing /opt/airflow/dags/schedule_dag.py took 0.194 seconds
[2026-05-04T03:57:57.991+0000] {processor.py:161} INFO - Started process (PID=6608) to work on /opt/airflow/dags/schedule_dag.py
[2026-05-04T03:57:57.994+0000] {processor.py:830} INFO - Processing file /opt/airflow/dags/schedule_dag.py for tasks to queue
[2026-05-04T03:57:57.997+0000] {logging_mixin.py:188} INFO - [2026-05-04T03:57:57.996+0000] {dagbag.py:545} INFO - Filling up the DagBag from /opt/airflow/dags/schedule_dag.py
[2026-05-04T03:57:58.089+0000] {processor.py:840} INFO - DAG(s) 'python_scheduler_dag' retrieved from /opt/airflow/dags/schedule_dag.py
[2026-05-04T03:57:58.128+0000] {logging_mixin.py:188} INFO - [2026-05-04T03:57:58.128+0000] {dag.py:3089} INFO - Sync 1 DAGs
[2026-05-04T03:57:58.170+0000] {logging_mixin.py:188} INFO - [2026-05-04T03:57:58.169+0000] {dag.py:3947} INFO - Setting next_dagrun for python_scheduler_dag to 2026-05-03 00:00:00+00:00, run_after=2026-05-04 00:00:00+00:00
[2026-05-04T03:57:58.211+0000] {processor.py:183} INFO - Processing /opt/airflow/dags/schedule_dag.py took 0.230 seconds
[2026-05-04T03:58:28.312+0000] {processor.py:161} INFO - Started process (PID=6676) to work on /opt/airflow/dags/schedule_dag.py
[2026-05-04T03:58:28.315+0000] {processor.py:830} INFO - Processing file /opt/airflow/dags/schedule_dag.py for tasks to queue
[2026-05-04T03:58:28.318+0000] {logging_mixin.py:188} INFO - [2026-05-04T03:58:28.317+0000] {dagbag.py:545} INFO - Filling up the DagBag from /opt/airflow/dags/schedule_dag.py
[2026-05-04T03:58:28.364+0000] {processor.py:840} INFO - DAG(s) 'python_scheduler_dag' retrieved from /opt/airflow/dags/schedule_dag.py
[2026-05-04T03:58:28.408+0000] {logging_mixin.py:188} INFO - [2026-05-04T03:58:28.407+0000] {dag.py:3089} INFO - Sync 1 DAGs
[2026-05-04T03:58:28.448+0000] {logging_mixin.py:188} INFO - [2026-05-04T03:58:28.448+0000] {dag.py:3947} INFO - Setting next_dagrun for python_scheduler_dag to 2026-05-03 00:00:00+00:00, run_after=2026-05-04 00:00:00+00:00
[2026-05-04T03:58:28.498+0000] {processor.py:183} INFO - Processing /opt/airflow/dags/schedule_dag.py took 0.202 seconds
[2026-05-04T03:58:58.952+0000] {processor.py:161} INFO - Started process (PID=6742) to work on /opt/airflow/dags/schedule_dag.py
[2026-05-04T03:58:58.957+0000] {processor.py:830} INFO - Processing file /opt/airflow/dags/schedule_dag.py for tasks to queue
[2026-05-04T03:58:58.962+0000] {logging_mixin.py:188} INFO - [2026-05-04T03:58:58.961+0000] {dagbag.py:545} INFO - Filling up the DagBag from /opt/airflow/dags/schedule_dag.py
[2026-05-04T03:58:59.053+0000] {processor.py:840} INFO - DAG(s) 'python_scheduler_dag' retrieved from /opt/airflow/dags/schedule_dag.py
[2026-05-04T03:58:59.099+0000] {logging_mixin.py:188} INFO - [2026-05-04T03:58:59.098+0000] {dag.py:3089} INFO - Sync 1 DAGs
[2026-05-04T03:58:59.142+0000] {logging_mixin.py:188} INFO - [2026-05-04T03:58:59.141+0000] {dag.py:3947} INFO - Setting next_dagrun for python_scheduler_dag to 2026-05-03 00:00:00+00:00, run_after=2026-05-04 00:00:00+00:00
[2026-05-04T03:58:59.188+0000] {processor.py:183} INFO - Processing /opt/airflow/dags/schedule_dag.py took 0.249 seconds
[2026-05-04T03:59:29.837+0000] {processor.py:161} INFO - Started process (PID=6810) to work on /opt/airflow/dags/schedule_dag.py
[2026-05-04T03:59:29.841+0000] {processor.py:830} INFO - Processing file /opt/airflow/dags/schedule_dag.py for tasks to queue
[2026-05-04T03:59:29.846+0000] {logging_mixin.py:188} INFO - [2026-05-04T03:59:29.845+0000] {dagbag.py:545} INFO - Filling up the DagBag from /opt/airflow/dags/schedule_dag.py
[2026-05-04T03:59:29.921+0000] {processor.py:840} INFO - DAG(s) 'python_scheduler_dag' retrieved from /opt/airflow/dags/schedule_dag.py
[2026-05-04T03:59:29.958+0000] {logging_mixin.py:188} INFO - [2026-05-04T03:59:29.958+0000] {dag.py:3089} INFO - Sync 1 DAGs
[2026-05-04T03:59:29.994+0000] {logging_mixin.py:188} INFO - [2026-05-04T03:59:29.994+0000] {dag.py:3947} INFO - Setting next_dagrun for python_scheduler_dag to 2026-05-03 00:00:00+00:00, run_after=2026-05-04 00:00:00+00:00
[2026-05-04T03:59:30.036+0000] {processor.py:183} INFO - Processing /opt/airflow/dags/schedule_dag.py took 0.209 seconds
[2026-05-04T04:00:00.868+0000] {processor.py:161} INFO - Started process (PID=6878) to work on /opt/airflow/dags/schedule_dag.py
[2026-05-04T04:00:00.870+0000] {processor.py:830} INFO - Processing file /opt/airflow/dags/schedule_dag.py for tasks to queue
[2026-05-04T04:00:00.872+0000] {logging_mixin.py:188} INFO - [2026-05-04T04:00:00.871+0000] {dagbag.py:545} INFO - Filling up the DagBag from /opt/airflow/dags/schedule_dag.py
[2026-05-04T04:00:00.909+0000] {processor.py:840} INFO - DAG(s) 'python_scheduler_dag' retrieved from /opt/airflow/dags/schedule_dag.py
[2026-05-04T04:00:00.943+0000] {logging_mixin.py:188} INFO - [2026-05-04T04:00:00.943+0000] {dag.py:3089} INFO - Sync 1 DAGs
[2026-05-04T04:00:00.984+0000] {logging_mixin.py:188} INFO - [2026-05-04T04:00:00.983+0000] {dag.py:3947} INFO - Setting next_dagrun for python_scheduler_dag to 2026-05-03 00:00:00+00:00, run_after=2026-05-04 00:00:00+00:00
[2026-05-04T04:00:01.025+0000] {processor.py:183} INFO - Processing /opt/airflow/dags/schedule_dag.py took 0.167 seconds
[2026-05-04T04:00:31.785+0000] {processor.py:161} INFO - Started process (PID=6945) to work on /opt/airflow/dags/schedule_dag.py
[2026-05-04T04:00:31.787+0000] {processor.py:830} INFO - Processing file /opt/airflow/dags/schedule_dag.py for tasks to queue
[2026-05-04T04:00:31.789+0000] {logging_mixin.py:188} INFO - [2026-05-04T04:00:31.788+0000] {dagbag.py:545} INFO - Filling up the DagBag from /opt/airflow/dags/schedule_dag.py
[2026-05-04T04:00:31.833+0000] {processor.py:840} INFO - DAG(s) 'python_scheduler_dag' retrieved from /opt/airflow/dags/schedule_dag.py
[2026-05-04T04:00:31.867+0000] {logging_mixin.py:188} INFO - [2026-05-04T04:00:31.867+0000] {dag.py:3089} INFO - Sync 1 DAGs
[2026-05-04T04:00:31.908+0000] {logging_mixin.py:188} INFO - [2026-05-04T04:00:31.908+0000] {dag.py:3947} INFO - Setting next_dagrun for python_scheduler_dag to 2026-05-03 00:00:00+00:00, run_after=2026-05-04 00:00:00+00:00
[2026-05-04T04:00:31.953+0000] {processor.py:183} INFO - Processing /opt/airflow/dags/schedule_dag.py took 0.179 seconds
[2026-05-04T04:01:02.210+0000] {processor.py:161} INFO - Started process (PID=7013) to work on /opt/airflow/dags/schedule_dag.py
[2026-05-04T04:01:02.213+0000] {processor.py:830} INFO - Processing file /opt/airflow/dags/schedule_dag.py for tasks to queue
[2026-05-04T04:01:02.216+0000] {logging_mixin.py:188} INFO - [2026-05-04T04:01:02.215+0000] {dagbag.py:545} INFO - Filling up the DagBag from /opt/airflow/dags/schedule_dag.py
[2026-05-04T04:01:02.263+0000] {processor.py:840} INFO - DAG(s) 'python_scheduler_dag' retrieved from /opt/airflow/dags/schedule_dag.py
[2026-05-04T04:01:02.300+0000] {logging_mixin.py:188} INFO - [2026-05-04T04:01:02.299+0000] {dag.py:3089} INFO - Sync 1 DAGs
[2026-05-04T04:01:02.342+0000] {logging_mixin.py:188} INFO - [2026-05-04T04:01:02.341+0000] {dag.py:3947} INFO - Setting next_dagrun for python_scheduler_dag to 2026-05-03 00:00:00+00:00, run_after=2026-05-04 00:00:00+00:00
[2026-05-04T04:01:02.383+0000] {processor.py:183} INFO - Processing /opt/airflow/dags/schedule_dag.py took 0.187 seconds
[2026-05-04T04:01:32.936+0000] {processor.py:161} INFO - Started process (PID=7081) to work on /opt/airflow/dags/schedule_dag.py
[2026-05-04T04:01:32.938+0000] {processor.py:830} INFO - Processing file /opt/airflow/dags/schedule_dag.py for tasks to queue
[2026-05-04T04:01:32.941+0000] {logging_mixin.py:188} INFO - [2026-05-04T04:01:32.940+0000] {dagbag.py:545} INFO - Filling up the DagBag from /opt/airflow/dags/schedule_dag.py
[2026-05-04T04:01:32.989+0000] {processor.py:840} INFO - DAG(s) 'python_scheduler_dag' retrieved from /opt/airflow/dags/schedule_dag.py
[2026-05-04T04:01:33.034+0000] {logging_mixin.py:188} INFO - [2026-05-04T04:01:33.033+0000] {dag.py:3089} INFO - Sync 1 DAGs
[2026-05-04T04:01:33.073+0000] {logging_mixin.py:188} INFO - [2026-05-04T04:01:33.072+0000] {dag.py:3947} INFO - Setting next_dagrun for python_scheduler_dag to 2026-05-03 00:00:00+00:00, run_after=2026-05-04 00:00:00+00:00
[2026-05-04T04:01:33.121+0000] {processor.py:183} INFO - Processing /opt/airflow/dags/schedule_dag.py took 0.196 seconds
[2026-05-04T04:02:03.666+0000] {processor.py:161} INFO - Started process (PID=7156) to work on /opt/airflow/dags/schedule_dag.py
[2026-05-04T04:02:03.668+0000] {processor.py:830} INFO - Processing file /opt/airflow/dags/schedule_dag.py for tasks to queue
[2026-05-04T04:02:03.669+0000] {logging_mixin.py:188} INFO - [2026-05-04T04:02:03.669+0000] {dagbag.py:545} INFO - Filling up the DagBag from /opt/airflow/dags/schedule_dag.py
[2026-05-04T04:02:03.723+0000] {processor.py:840} INFO - DAG(s) 'python_scheduler_dag' retrieved from /opt/airflow/dags/schedule_dag.py
[2026-05-04T04:02:03.763+0000] {logging_mixin.py:188} INFO - [2026-05-04T04:02:03.762+0000] {dag.py:3089} INFO - Sync 1 DAGs
[2026-05-04T04:02:03.804+0000] {logging_mixin.py:188} INFO - [2026-05-04T04:02:03.803+0000] {dag.py:3947} INFO - Setting next_dagrun for python_scheduler_dag to 2026-05-03 00:00:00+00:00, run_after=2026-05-04 00:00:00+00:00
[2026-05-04T04:02:03.842+0000] {processor.py:183} INFO - Processing /opt/airflow/dags/schedule_dag.py took 0.188 seconds
[2026-05-04T04:13:21.789+0000] {processor.py:161} INFO - Started process (PID=51) to work on /opt/airflow/dags/schedule_dag.py
[2026-05-04T04:13:21.791+0000] {processor.py:830} INFO - Processing file /opt/airflow/dags/schedule_dag.py for tasks to queue
[2026-05-04T04:13:21.795+0000] {logging_mixin.py:188} INFO - [2026-05-04T04:13:21.794+0000] {dagbag.py:545} INFO - Filling up the DagBag from /opt/airflow/dags/schedule_dag.py
[2026-05-04T04:13:21.837+0000] {processor.py:840} INFO - DAG(s) 'python_scheduler_dag' retrieved from /opt/airflow/dags/schedule_dag.py
[2026-05-04T04:13:22.172+0000] {logging_mixin.py:188} INFO - [2026-05-04T04:13:22.171+0000] {dag.py:3089} INFO - Sync 1 DAGs
[2026-05-04T04:13:22.215+0000] {logging_mixin.py:188} INFO - [2026-05-04T04:13:22.214+0000] {dag.py:3947} INFO - Setting next_dagrun for python_scheduler_dag to 2026-05-03 00:00:00+00:00, run_after=2026-05-04 00:00:00+00:00
[2026-05-04T04:13:22.256+0000] {processor.py:183} INFO - Processing /opt/airflow/dags/schedule_dag.py took 0.477 seconds
[2026-05-04T04:13:52.413+0000] {processor.py:161} INFO - Started process (PID=121) to work on /opt/airflow/dags/schedule_dag.py
[2026-05-04T04:13:52.415+0000] {processor.py:830} INFO - Processing file /opt/airflow/dags/schedule_dag.py for tasks to queue
[2026-05-04T04:13:52.419+0000] {logging_mixin.py:188} INFO - [2026-05-04T04:13:52.418+0000] {dagbag.py:545} INFO - Filling up the DagBag from /opt/airflow/dags/schedule_dag.py
[2026-05-04T04:13:52.459+0000] {processor.py:840} INFO - DAG(s) 'python_scheduler_dag' retrieved from /opt/airflow/dags/schedule_dag.py
[2026-05-04T04:13:52.505+0000] {logging_mixin.py:188} INFO - [2026-05-04T04:13:52.505+0000] {dag.py:3089} INFO - Sync 1 DAGs
[2026-05-04T04:13:52.559+0000] {logging_mixin.py:188} INFO - [2026-05-04T04:13:52.559+0000] {dag.py:3947} INFO - Setting next_dagrun for python_scheduler_dag to 2026-05-03 00:00:00+00:00, run_after=2026-05-04 00:00:00+00:00
[2026-05-04T04:13:52.606+0000] {processor.py:183} INFO - Processing /opt/airflow/dags/schedule_dag.py took 0.206 seconds
[2026-05-04T04:14:22.913+0000] {processor.py:161} INFO - Started process (PID=189) to work on /opt/airflow/dags/schedule_dag.py
[2026-05-04T04:14:22.915+0000] {processor.py:830} INFO - Processing file /opt/airflow/dags/schedule_dag.py for tasks to queue
[2026-05-04T04:14:22.920+0000] {logging_mixin.py:188} INFO - [2026-05-04T04:14:22.919+0000] {dagbag.py:545} INFO - Filling up the DagBag from /opt/airflow/dags/schedule_dag.py
[2026-05-04T04:14:22.987+0000] {processor.py:840} INFO - DAG(s) 'python_scheduler_dag' retrieved from /opt/airflow/dags/schedule_dag.py
[2026-05-04T04:14:23.024+0000] {logging_mixin.py:188} INFO - [2026-05-04T04:14:23.023+0000] {dag.py:3089} INFO - Sync 1 DAGs
[2026-05-04T04:14:23.062+0000] {logging_mixin.py:188} INFO - [2026-05-04T04:14:23.062+0000] {dag.py:3947} INFO - Setting next_dagrun for python_scheduler_dag to 2026-05-03 00:00:00+00:00, run_after=2026-05-04 00:00:00+00:00
[2026-05-04T04:14:23.111+0000] {processor.py:183} INFO - Processing /opt/airflow/dags/schedule_dag.py took 0.212 seconds
[2026-05-04T04:14:53.860+0000] {processor.py:161} INFO - Started process (PID=257) to work on /opt/airflow/dags/schedule_dag.py
[2026-05-04T04:14:53.864+0000] {processor.py:830} INFO - Processing file /opt/airflow/dags/schedule_dag.py for tasks to queue
[2026-05-04T04:14:53.873+0000] {logging_mixin.py:188} INFO - [2026-05-04T04:14:53.871+0000] {dagbag.py:545} INFO - Filling up the DagBag from /opt/airflow/dags/schedule_dag.py
[2026-05-04T04:14:53.914+0000] {processor.py:840} INFO - DAG(s) 'python_scheduler_dag' retrieved from /opt/airflow/dags/schedule_dag.py
[2026-05-04T04:14:53.953+0000] {logging_mixin.py:188} INFO - [2026-05-04T04:14:53.952+0000] {dag.py:3089} INFO - Sync 1 DAGs
[2026-05-04T04:14:53.996+0000] {logging_mixin.py:188} INFO - [2026-05-04T04:14:53.995+0000] {dag.py:3947} INFO - Setting next_dagrun for python_scheduler_dag to 2026-05-03 00:00:00+00:00, run_after=2026-05-04 00:00:00+00:00
[2026-05-04T04:14:54.044+0000] {processor.py:183} INFO - Processing /opt/airflow/dags/schedule_dag.py took 0.196 seconds
[2026-05-04T04:15:24.212+0000] {processor.py:161} INFO - Started process (PID=325) to work on /opt/airflow/dags/schedule_dag.py
[2026-05-04T04:15:24.214+0000] {processor.py:830} INFO - Processing file /opt/airflow/dags/schedule_dag.py for tasks to queue
[2026-05-04T04:15:24.219+0000] {logging_mixin.py:188} INFO - [2026-05-04T04:15:24.218+0000] {dagbag.py:545} INFO - Filling up the DagBag from /opt/airflow/dags/schedule_dag.py
[2026-05-04T04:15:24.265+0000] {processor.py:840} INFO - DAG(s) 'python_scheduler_dag' retrieved from /opt/airflow/dags/schedule_dag.py
[2026-05-04T04:15:24.307+0000] {logging_mixin.py:188} INFO - [2026-05-04T04:15:24.307+0000] {dag.py:3089} INFO - Sync 1 DAGs
[2026-05-04T04:15:24.348+0000] {logging_mixin.py:188} INFO - [2026-05-04T04:15:24.348+0000] {dag.py:3947} INFO - Setting next_dagrun for python_scheduler_dag to 2026-05-03 00:00:00+00:00, run_after=2026-05-04 00:00:00+00:00
[2026-05-04T04:15:24.393+0000] {processor.py:183} INFO - Processing /opt/airflow/dags/schedule_dag.py took 0.193 seconds
[2026-05-04T04:15:54.560+0000] {processor.py:161} INFO - Started process (PID=393) to work on /opt/airflow/dags/schedule_dag.py
[2026-05-04T04:15:54.562+0000] {processor.py:830} INFO - Processing file /opt/airflow/dags/schedule_dag.py for tasks to queue
[2026-05-04T04:15:54.566+0000] {logging_mixin.py:188} INFO - [2026-05-04T04:15:54.565+0000] {dagbag.py:545} INFO - Filling up the DagBag from /opt/airflow/dags/schedule_dag.py
[2026-05-04T04:15:54.614+0000] {processor.py:840} INFO - DAG(s) 'python_scheduler_dag' retrieved from /opt/airflow/dags/schedule_dag.py
[2026-05-04T04:15:54.655+0000] {logging_mixin.py:188} INFO - [2026-05-04T04:15:54.654+0000] {dag.py:3089} INFO - Sync 1 DAGs
[2026-05-04T04:15:54.698+0000] {logging_mixin.py:188} INFO - [2026-05-04T04:15:54.698+0000] {dag.py:3947} INFO - Setting next_dagrun for python_scheduler_dag to 2026-05-03 00:00:00+00:00, run_after=2026-05-04 00:00:00+00:00
[2026-05-04T04:15:54.737+0000] {processor.py:183} INFO - Processing /opt/airflow/dags/schedule_dag.py took 0.186 seconds
[2026-05-04T04:16:25.263+0000] {processor.py:161} INFO - Started process (PID=461) to work on /opt/airflow/dags/schedule_dag.py
[2026-05-04T04:16:25.265+0000] {processor.py:830} INFO - Processing file /opt/airflow/dags/schedule_dag.py for tasks to queue
[2026-05-04T04:16:25.268+0000] {logging_mixin.py:188} INFO - [2026-05-04T04:16:25.268+0000] {dagbag.py:545} INFO - Filling up the DagBag from /opt/airflow/dags/schedule_dag.py
[2026-05-04T04:16:25.299+0000] {processor.py:840} INFO - DAG(s) 'python_scheduler_dag' retrieved from /opt/airflow/dags/schedule_dag.py
[2026-05-04T04:16:25.331+0000] {logging_mixin.py:188} INFO - [2026-05-04T04:16:25.331+0000] {dag.py:3089} INFO - Sync 1 DAGs
[2026-05-04T04:16:25.370+0000] {logging_mixin.py:188} INFO - [2026-05-04T04:16:25.369+0000] {dag.py:3947} INFO - Setting next_dagrun for python_scheduler_dag to 2026-05-03 00:00:00+00:00, run_after=2026-05-04 00:00:00+00:00
[2026-05-04T04:16:25.423+0000] {processor.py:183} INFO - Processing /opt/airflow/dags/schedule_dag.py took 0.169 seconds
[2026-05-04T04:16:55.591+0000] {processor.py:161} INFO - Started process (PID=529) to work on /opt/airflow/dags/schedule_dag.py
[2026-05-04T04:16:55.594+0000] {processor.py:830} INFO - Processing file /opt/airflow/dags/schedule_dag.py for tasks to queue
[2026-05-04T04:16:55.599+0000] {logging_mixin.py:188} INFO - [2026-05-04T04:16:55.598+0000] {dagbag.py:545} INFO - Filling up the DagBag from /opt/airflow/dags/schedule_dag.py
[2026-05-04T04:16:55.645+0000] {processor.py:840} INFO - DAG(s) 'python_scheduler_dag' retrieved from /opt/airflow/dags/schedule_dag.py
[2026-05-04T04:16:55.682+0000] {logging_mixin.py:188} INFO - [2026-05-04T04:16:55.681+0000] {dag.py:3089} INFO - Sync 1 DAGs
[2026-05-04T04:16:55.720+0000] {logging_mixin.py:188} INFO - [2026-05-04T04:16:55.719+0000] {dag.py:3947} INFO - Setting next_dagrun for python_scheduler_dag to 2026-05-03 00:00:00+00:00, run_after=2026-05-04 00:00:00+00:00
[2026-05-04T04:16:55.761+0000] {processor.py:183} INFO - Processing /opt/airflow/dags/schedule_dag.py took 0.182 seconds
[2026-05-04T04:17:26.132+0000] {processor.py:161} INFO - Started process (PID=604) to work on /opt/airflow/dags/schedule_dag.py
[2026-05-04T04:17:26.134+0000] {processor.py:830} INFO - Processing file /opt/airflow/dags/schedule_dag.py for tasks to queue
[2026-05-04T04:17:26.138+0000] {logging_mixin.py:188} INFO - [2026-05-04T04:17:26.138+0000] {dagbag.py:545} INFO - Filling up the DagBag from /opt/airflow/dags/schedule_dag.py
[2026-05-04T04:17:26.181+0000] {processor.py:840} INFO - DAG(s) 'python_scheduler_dag' retrieved from /opt/airflow/dags/schedule_dag.py
[2026-05-04T04:17:26.219+0000] {logging_mixin.py:188} INFO - [2026-05-04T04:17:26.219+0000] {dag.py:3089} INFO - Sync 1 DAGs
[2026-05-04T04:17:26.255+0000] {logging_mixin.py:188} INFO - [2026-05-04T04:17:26.255+0000] {dag.py:3947} INFO - Setting next_dagrun for python_scheduler_dag to 2026-05-03 00:00:00+00:00, run_after=2026-05-04 00:00:00+00:00
[2026-05-04T04:17:26.295+0000] {processor.py:183} INFO - Processing /opt/airflow/dags/schedule_dag.py took 0.179 seconds
[2026-05-04T04:17:56.882+0000] {processor.py:161} INFO - Started process (PID=672) to work on /opt/airflow/dags/schedule_dag.py
[2026-05-04T04:17:56.885+0000] {processor.py:830} INFO - Processing file /opt/airflow/dags/schedule_dag.py for tasks to queue
[2026-05-04T04:17:56.890+0000] {logging_mixin.py:188} INFO - [2026-05-04T04:17:56.890+0000] {dagbag.py:545} INFO - Filling up the DagBag from /opt/airflow/dags/schedule_dag.py
[2026-05-04T04:17:56.927+0000] {processor.py:840} INFO - DAG(s) 'python_scheduler_dag' retrieved from /opt/airflow/dags/schedule_dag.py
[2026-05-04T04:17:56.969+0000] {logging_mixin.py:188} INFO - [2026-05-04T04:17:56.968+0000] {dag.py:3089} INFO - Sync 1 DAGs
[2026-05-04T04:17:57.008+0000] {logging_mixin.py:188} INFO - [2026-05-04T04:17:57.008+0000] {dag.py:3947} INFO - Setting next_dagrun for python_scheduler_dag to 2026-05-03 00:00:00+00:00, run_after=2026-05-04 00:00:00+00:00
[2026-05-04T04:17:57.045+0000] {processor.py:183} INFO - Processing /opt/airflow/dags/schedule_dag.py took 0.179 seconds
[2026-05-04T04:18:28.046+0000] {processor.py:161} INFO - Started process (PID=740) to work on /opt/airflow/dags/schedule_dag.py
[2026-05-04T04:18:28.048+0000] {processor.py:830} INFO - Processing file /opt/airflow/dags/schedule_dag.py for tasks to queue
[2026-05-04T04:18:28.053+0000] {logging_mixin.py:188} INFO - [2026-05-04T04:18:28.052+0000] {dagbag.py:545} INFO - Filling up the DagBag from /opt/airflow/dags/schedule_dag.py
[2026-05-04T04:18:28.102+0000] {processor.py:840} INFO - DAG(s) 'python_scheduler_dag' retrieved from /opt/airflow/dags/schedule_dag.py
[2026-05-04T04:18:28.134+0000] {logging_mixin.py:188} INFO - [2026-05-04T04:18:28.133+0000] {dag.py:3089} INFO - Sync 1 DAGs
[2026-05-04T04:18:28.171+0000] {logging_mixin.py:188} INFO - [2026-05-04T04:18:28.170+0000] {dag.py:3947} INFO - Setting next_dagrun for python_scheduler_dag to 2026-05-03 00:00:00+00:00, run_after=2026-05-04 00:00:00+00:00
[2026-05-04T04:18:28.211+0000] {processor.py:183} INFO - Processing /opt/airflow/dags/schedule_dag.py took 0.173 seconds
[2026-05-04T04:18:58.509+0000] {processor.py:161} INFO - Started process (PID=808) to work on /opt/airflow/dags/schedule_dag.py
[2026-05-04T04:18:58.512+0000] {processor.py:830} INFO - Processing file /opt/airflow/dags/schedule_dag.py for tasks to queue
[2026-05-04T04:18:58.515+0000] {logging_mixin.py:188} INFO - [2026-05-04T04:18:58.515+0000] {dagbag.py:545} INFO - Filling up the DagBag from /opt/airflow/dags/schedule_dag.py
[2026-05-04T04:18:58.555+0000] {processor.py:840} INFO - DAG(s) 'python_scheduler_dag' retrieved from /opt/airflow/dags/schedule_dag.py
[2026-05-04T04:18:58.594+0000] {logging_mixin.py:188} INFO - [2026-05-04T04:18:58.593+0000] {dag.py:3089} INFO - Sync 1 DAGs
[2026-05-04T04:18:58.634+0000] {logging_mixin.py:188} INFO - [2026-05-04T04:18:58.633+0000] {dag.py:3947} INFO - Setting next_dagrun for python_scheduler_dag to 2026-05-03 00:00:00+00:00, run_after=2026-05-04 00:00:00+00:00
[2026-05-04T04:18:58.682+0000] {processor.py:183} INFO - Processing /opt/airflow/dags/schedule_dag.py took 0.183 seconds
[2026-05-04T04:19:28.852+0000] {processor.py:161} INFO - Started process (PID=876) to work on /opt/airflow/dags/schedule_dag.py
[2026-05-04T04:19:28.860+0000] {processor.py:830} INFO - Processing file /opt/airflow/dags/schedule_dag.py for tasks to queue
[2026-05-04T04:19:28.866+0000] {logging_mixin.py:188} INFO - [2026-05-04T04:19:28.866+0000] {dagbag.py:545} INFO - Filling up the DagBag from /opt/airflow/dags/schedule_dag.py
[2026-05-04T04:19:28.916+0000] {processor.py:840} INFO - DAG(s) 'python_scheduler_dag' retrieved from /opt/airflow/dags/schedule_dag.py
[2026-05-04T04:19:28.959+0000] {logging_mixin.py:188} INFO - [2026-05-04T04:19:28.958+0000] {dag.py:3089} INFO - Sync 1 DAGs
[2026-05-04T04:19:28.994+0000] {logging_mixin.py:188} INFO - [2026-05-04T04:19:28.993+0000] {dag.py:3947} INFO - Setting next_dagrun for python_scheduler_dag to 2026-05-03 00:00:00+00:00, run_after=2026-05-04 00:00:00+00:00
[2026-05-04T04:19:29.040+0000] {processor.py:183} INFO - Processing /opt/airflow/dags/schedule_dag.py took 0.199 seconds
[2026-05-04T04:19:59.197+0000] {processor.py:161} INFO - Started process (PID=944) to work on /opt/airflow/dags/schedule_dag.py
[2026-05-04T04:19:59.199+0000] {processor.py:830} INFO - Processing file /opt/airflow/dags/schedule_dag.py for tasks to queue
[2026-05-04T04:19:59.202+0000] {logging_mixin.py:188} INFO - [2026-05-04T04:19:59.202+0000] {dagbag.py:545} INFO - Filling up the DagBag from /opt/airflow/dags/schedule_dag.py
[2026-05-04T04:19:59.244+0000] {processor.py:840} INFO - DAG(s) 'python_scheduler_dag' retrieved from /opt/airflow/dags/schedule_dag.py
[2026-05-04T04:19:59.283+0000] {logging_mixin.py:188} INFO - [2026-05-04T04:19:59.282+0000] {dag.py:3089} INFO - Sync 1 DAGs
[2026-05-04T04:19:59.324+0000] {logging_mixin.py:188} INFO - [2026-05-04T04:19:59.324+0000] {dag.py:3947} INFO - Setting next_dagrun for python_scheduler_dag to 2026-05-03 00:00:00+00:00, run_after=2026-05-04 00:00:00+00:00
[2026-05-04T04:19:59.370+0000] {processor.py:183} INFO - Processing /opt/airflow/dags/schedule_dag.py took 0.183 seconds
[2026-05-04T04:20:29.828+0000] {processor.py:161} INFO - Started process (PID=1012) to work on /opt/airflow/dags/schedule_dag.py
[2026-05-04T04:20:29.831+0000] {processor.py:830} INFO - Processing file /opt/airflow/dags/schedule_dag.py for tasks to queue
[2026-05-04T04:20:29.836+0000] {logging_mixin.py:188} INFO - [2026-05-04T04:20:29.835+0000] {dagbag.py:545} INFO - Filling up the DagBag from /opt/airflow/dags/schedule_dag.py
[2026-05-04T04:20:29.878+0000] {processor.py:840} INFO - DAG(s) 'python_scheduler_dag' retrieved from /opt/airflow/dags/schedule_dag.py
[2026-05-04T04:20:29.922+0000] {logging_mixin.py:188} INFO - [2026-05-04T04:20:29.921+0000] {dag.py:3089} INFO - Sync 1 DAGs
[2026-05-04T04:20:29.971+0000] {logging_mixin.py:188} INFO - [2026-05-04T04:20:29.970+0000] {dag.py:3947} INFO - Setting next_dagrun for python_scheduler_dag to 2026-05-03 00:00:00+00:00, run_after=2026-05-04 00:00:00+00:00
[2026-05-04T04:20:30.016+0000] {processor.py:183} INFO - Processing /opt/airflow/dags/schedule_dag.py took 0.200 seconds
[2026-05-04T04:21:00.377+0000] {processor.py:161} INFO - Started process (PID=1087) to work on /opt/airflow/dags/schedule_dag.py
[2026-05-04T04:21:00.380+0000] {processor.py:830} INFO - Processing file /opt/airflow/dags/schedule_dag.py for tasks to queue
[2026-05-04T04:21:00.384+0000] {logging_mixin.py:188} INFO - [2026-05-04T04:21:00.383+0000] {dagbag.py:545} INFO - Filling up the DagBag from /opt/airflow/dags/schedule_dag.py
[2026-05-04T04:21:00.417+0000] {processor.py:840} INFO - DAG(s) 'python_scheduler_dag' retrieved from /opt/airflow/dags/schedule_dag.py
[2026-05-04T04:21:00.451+0000] {logging_mixin.py:188} INFO - [2026-05-04T04:21:00.451+0000] {dag.py:3089} INFO - Sync 1 DAGs
[2026-05-04T04:21:00.487+0000] {logging_mixin.py:188} INFO - [2026-05-04T04:21:00.487+0000] {dag.py:3947} INFO - Setting next_dagrun for python_scheduler_dag to 2026-05-03 00:00:00+00:00, run_after=2026-05-04 00:00:00+00:00
[2026-05-04T04:21:00.525+0000] {processor.py:183} INFO - Processing /opt/airflow/dags/schedule_dag.py took 0.159 seconds
[2026-05-04T04:21:31.349+0000] {processor.py:161} INFO - Started process (PID=1155) to work on /opt/airflow/dags/schedule_dag.py
[2026-05-04T04:21:31.352+0000] {processor.py:830} INFO - Processing file /opt/airflow/dags/schedule_dag.py for tasks to queue
[2026-05-04T04:21:31.357+0000] {logging_mixin.py:188} INFO - [2026-05-04T04:21:31.357+0000] {dagbag.py:545} INFO - Filling up the DagBag from /opt/airflow/dags/schedule_dag.py
[2026-05-04T04:21:31.412+0000] {processor.py:840} INFO - DAG(s) 'python_scheduler_dag' retrieved from /opt/airflow/dags/schedule_dag.py
[2026-05-04T04:21:31.459+0000] {logging_mixin.py:188} INFO - [2026-05-04T04:21:31.458+0000] {dag.py:3089} INFO - Sync 1 DAGs
[2026-05-04T04:21:31.511+0000] {logging_mixin.py:188} INFO - [2026-05-04T04:21:31.511+0000] {dag.py:3947} INFO - Setting next_dagrun for python_scheduler_dag to 2026-05-03 00:00:00+00:00, run_after=2026-05-04 00:00:00+00:00
[2026-05-04T04:21:31.554+0000] {processor.py:183} INFO - Processing /opt/airflow/dags/schedule_dag.py took 0.222 seconds
[2026-05-04T04:22:02.173+0000] {processor.py:161} INFO - Started process (PID=1223) to work on /opt/airflow/dags/schedule_dag.py
[2026-05-04T04:22:02.175+0000] {processor.py:830} INFO - Processing file /opt/airflow/dags/schedule_dag.py for tasks to queue
[2026-05-04T04:22:02.180+0000] {logging_mixin.py:188} INFO - [2026-05-04T04:22:02.179+0000] {dagbag.py:545} INFO - Filling up the DagBag from /opt/airflow/dags/schedule_dag.py
[2026-05-04T04:22:02.243+0000] {processor.py:840} INFO - DAG(s) 'python_scheduler_dag' retrieved from /opt/airflow/dags/schedule_dag.py
[2026-05-04T04:22:02.280+0000] {logging_mixin.py:188} INFO - [2026-05-04T04:22:02.280+0000] {dag.py:3089} INFO - Sync 1 DAGs
[2026-05-04T04:22:02.314+0000] {logging_mixin.py:188} INFO - [2026-05-04T04:22:02.313+0000] {dag.py:3947} INFO - Setting next_dagrun for python_scheduler_dag to 2026-05-03 00:00:00+00:00, run_after=2026-05-04 00:00:00+00:00
[2026-05-04T04:22:02.362+0000] {processor.py:183} INFO - Processing /opt/airflow/dags/schedule_dag.py took 0.199 seconds
[2026-05-04T04:22:32.506+0000] {processor.py:161} INFO - Started process (PID=1290) to work on /opt/airflow/dags/schedule_dag.py
[2026-05-04T04:22:32.510+0000] {processor.py:830} INFO - Processing file /opt/airflow/dags/schedule_dag.py for tasks to queue
[2026-05-04T04:22:32.515+0000] {logging_mixin.py:188} INFO - [2026-05-04T04:22:32.514+0000] {dagbag.py:545} INFO - Filling up the DagBag from /opt/airflow/dags/schedule_dag.py
[2026-05-04T04:22:32.573+0000] {processor.py:840} INFO - DAG(s) 'python_scheduler_dag' retrieved from /opt/airflow/dags/schedule_dag.py
[2026-05-04T04:22:32.613+0000] {logging_mixin.py:188} INFO - [2026-05-04T04:22:32.612+0000] {dag.py:3089} INFO - Sync 1 DAGs
[2026-05-04T04:22:32.653+0000] {logging_mixin.py:188} INFO - [2026-05-04T04:22:32.652+0000] {dag.py:3947} INFO - Setting next_dagrun for python_scheduler_dag to 2026-05-03 00:00:00+00:00, run_after=2026-05-04 00:00:00+00:00
[2026-05-04T04:22:32.695+0000] {processor.py:183} INFO - Processing /opt/airflow/dags/schedule_dag.py took 0.209 seconds
[2026-05-04T04:23:03.498+0000] {processor.py:161} INFO - Started process (PID=1357) to work on /opt/airflow/dags/schedule_dag.py
[2026-05-04T04:23:03.500+0000] {processor.py:830} INFO - Processing file /opt/airflow/dags/schedule_dag.py for tasks to queue
[2026-05-04T04:23:03.504+0000] {logging_mixin.py:188} INFO - [2026-05-04T04:23:03.504+0000] {dagbag.py:545} INFO - Filling up the DagBag from /opt/airflow/dags/schedule_dag.py
[2026-05-04T04:23:03.548+0000] {processor.py:840} INFO - DAG(s) 'python_scheduler_dag' retrieved from /opt/airflow/dags/schedule_dag.py
[2026-05-04T04:23:03.588+0000] {logging_mixin.py:188} INFO - [2026-05-04T04:23:03.588+0000] {dag.py:3089} INFO - Sync 1 DAGs
[2026-05-04T04:23:03.626+0000] {logging_mixin.py:188} INFO - [2026-05-04T04:23:03.625+0000] {dag.py:3947} INFO - Setting next_dagrun for python_scheduler_dag to 2026-05-03 00:00:00+00:00, run_after=2026-05-04 00:00:00+00:00
[2026-05-04T04:23:03.670+0000] {processor.py:183} INFO - Processing /opt/airflow/dags/schedule_dag.py took 0.184 seconds
[2026-05-04T04:23:34.370+0000] {processor.py:161} INFO - Started process (PID=1425) to work on /opt/airflow/dags/schedule_dag.py
[2026-05-04T04:23:34.372+0000] {processor.py:830} INFO - Processing file /opt/airflow/dags/schedule_dag.py for tasks to queue
[2026-05-04T04:23:34.375+0000] {logging_mixin.py:188} INFO - [2026-05-04T04:23:34.374+0000] {dagbag.py:545} INFO - Filling up the DagBag from /opt/airflow/dags/schedule_dag.py
[2026-05-04T04:23:34.407+0000] {processor.py:840} INFO - DAG(s) 'python_scheduler_dag' retrieved from /opt/airflow/dags/schedule_dag.py
[2026-05-04T04:23:34.453+0000] {logging_mixin.py:188} INFO - [2026-05-04T04:23:34.453+0000] {dag.py:3089} INFO - Sync 1 DAGs
[2026-05-04T04:23:34.498+0000] {logging_mixin.py:188} INFO - [2026-05-04T04:23:34.497+0000] {dag.py:3947} INFO - Setting next_dagrun for python_scheduler_dag to 2026-05-03 00:00:00+00:00, run_after=2026-05-04 00:00:00+00:00
[2026-05-04T04:23:34.546+0000] {processor.py:183} INFO - Processing /opt/airflow/dags/schedule_dag.py took 0.187 seconds
[2026-05-04T04:24:05.140+0000] {processor.py:161} INFO - Started process (PID=1492) to work on /opt/airflow/dags/schedule_dag.py
[2026-05-04T04:24:05.142+0000] {processor.py:830} INFO - Processing file /opt/airflow/dags/schedule_dag.py for tasks to queue
[2026-05-04T04:24:05.146+0000] {logging_mixin.py:188} INFO - [2026-05-04T04:24:05.146+0000] {dagbag.py:545} INFO - Filling up the DagBag from /opt/airflow/dags/schedule_dag.py
[2026-05-04T04:24:05.186+0000] {processor.py:840} INFO - DAG(s) 'python_scheduler_dag' retrieved from /opt/airflow/dags/schedule_dag.py
[2026-05-04T04:24:05.223+0000] {logging_mixin.py:188} INFO - [2026-05-04T04:24:05.222+0000] {dag.py:3089} INFO - Sync 1 DAGs
[2026-05-04T04:24:05.266+0000] {logging_mixin.py:188} INFO - [2026-05-04T04:24:05.265+0000] {dag.py:3947} INFO - Setting next_dagrun for python_scheduler_dag to 2026-05-03 00:00:00+00:00, run_after=2026-05-04 00:00:00+00:00
[2026-05-04T04:24:05.312+0000] {processor.py:183} INFO - Processing /opt/airflow/dags/schedule_dag.py took 0.186 seconds
[2026-05-04T04:24:36.111+0000] {processor.py:161} INFO - Started process (PID=1567) to work on /opt/airflow/dags/schedule_dag.py
[2026-05-04T04:24:36.113+0000] {processor.py:830} INFO - Processing file /opt/airflow/dags/schedule_dag.py for tasks to queue
[2026-05-04T04:24:36.118+0000] {logging_mixin.py:188} INFO - [2026-05-04T04:24:36.117+0000] {dagbag.py:545} INFO - Filling up the DagBag from /opt/airflow/dags/schedule_dag.py
[2026-05-04T04:24:36.154+0000] {processor.py:840} INFO - DAG(s) 'python_scheduler_dag' retrieved from /opt/airflow/dags/schedule_dag.py
[2026-05-04T04:24:36.184+0000] {logging_mixin.py:188} INFO - [2026-05-04T04:24:36.183+0000] {dag.py:3089} INFO - Sync 1 DAGs
[2026-05-04T04:24:36.217+0000] {logging_mixin.py:188} INFO - [2026-05-04T04:24:36.217+0000] {dag.py:3947} INFO - Setting next_dagrun for python_scheduler_dag to 2026-05-03 00:00:00+00:00, run_after=2026-05-04 00:00:00+00:00
[2026-05-04T04:24:36.263+0000] {processor.py:183} INFO - Processing /opt/airflow/dags/schedule_dag.py took 0.161 seconds
[2026-05-04T04:25:06.476+0000] {processor.py:161} INFO - Started process (PID=1635) to work on /opt/airflow/dags/schedule_dag.py
[2026-05-04T04:25:06.479+0000] {processor.py:830} INFO - Processing file /opt/airflow/dags/schedule_dag.py for tasks to queue
[2026-05-04T04:25:06.483+0000] {logging_mixin.py:188} INFO - [2026-05-04T04:25:06.482+0000] {dagbag.py:545} INFO - Filling up the DagBag from /opt/airflow/dags/schedule_dag.py
[2026-05-04T04:25:06.515+0000] {processor.py:840} INFO - DAG(s) 'python_scheduler_dag' retrieved from /opt/airflow/dags/schedule_dag.py
[2026-05-04T04:25:06.553+0000] {logging_mixin.py:188} INFO - [2026-05-04T04:25:06.552+0000] {dag.py:3089} INFO - Sync 1 DAGs
[2026-05-04T04:25:06.589+0000] {logging_mixin.py:188} INFO - [2026-05-04T04:25:06.588+0000] {dag.py:3947} INFO - Setting next_dagrun for python_scheduler_dag to 2026-05-03 00:00:00+00:00, run_after=2026-05-04 00:00:00+00:00
[2026-05-04T04:25:06.631+0000] {processor.py:183} INFO - Processing /opt/airflow/dags/schedule_dag.py took 0.165 seconds
[2026-05-04T04:25:37.127+0000] {processor.py:161} INFO - Started process (PID=1703) to work on /opt/airflow/dags/schedule_dag.py
[2026-05-04T04:25:37.130+0000] {processor.py:830} INFO - Processing file /opt/airflow/dags/schedule_dag.py for tasks to queue
[2026-05-04T04:25:37.133+0000] {logging_mixin.py:188} INFO - [2026-05-04T04:25:37.132+0000] {dagbag.py:545} INFO - Filling up the DagBag from /opt/airflow/dags/schedule_dag.py
[2026-05-04T04:25:37.164+0000] {processor.py:840} INFO - DAG(s) 'python_scheduler_dag' retrieved from /opt/airflow/dags/schedule_dag.py
[2026-05-04T04:25:37.207+0000] {logging_mixin.py:188} INFO - [2026-05-04T04:25:37.207+0000] {dag.py:3089} INFO - Sync 1 DAGs
[2026-05-04T04:25:37.246+0000] {logging_mixin.py:188} INFO - [2026-05-04T04:25:37.245+0000] {dag.py:3947} INFO - Setting next_dagrun for python_scheduler_dag to 2026-05-03 00:00:00+00:00, run_after=2026-05-04 00:00:00+00:00
[2026-05-04T04:25:37.285+0000] {processor.py:183} INFO - Processing /opt/airflow/dags/schedule_dag.py took 0.170 seconds
[2026-05-04T04:26:08.057+0000] {processor.py:161} INFO - Started process (PID=1771) to work on /opt/airflow/dags/schedule_dag.py
[2026-05-04T04:26:08.059+0000] {processor.py:830} INFO - Processing file /opt/airflow/dags/schedule_dag.py for tasks to queue
[2026-05-04T04:26:08.063+0000] {logging_mixin.py:188} INFO - [2026-05-04T04:26:08.063+0000] {dagbag.py:545} INFO - Filling up the DagBag from /opt/airflow/dags/schedule_dag.py
[2026-05-04T04:26:08.097+0000] {processor.py:840} INFO - DAG(s) 'python_scheduler_dag' retrieved from /opt/airflow/dags/schedule_dag.py
[2026-05-04T04:26:08.134+0000] {logging_mixin.py:188} INFO - [2026-05-04T04:26:08.134+0000] {dag.py:3089} INFO - Sync 1 DAGs
[2026-05-04T04:26:08.172+0000] {logging_mixin.py:188} INFO - [2026-05-04T04:26:08.171+0000] {dag.py:3947} INFO - Setting next_dagrun for python_scheduler_dag to 2026-05-03 00:00:00+00:00, run_after=2026-05-04 00:00:00+00:00
[2026-05-04T04:26:08.208+0000] {processor.py:183} INFO - Processing /opt/airflow/dags/schedule_dag.py took 0.160 seconds
[2026-05-04T04:26:38.547+0000] {processor.py:161} INFO - Started process (PID=1839) to work on /opt/airflow/dags/schedule_dag.py
[2026-05-04T04:26:38.550+0000] {processor.py:830} INFO - Processing file /opt/airflow/dags/schedule_dag.py for tasks to queue
[2026-05-04T04:26:38.555+0000] {logging_mixin.py:188} INFO - [2026-05-04T04:26:38.554+0000] {dagbag.py:545} INFO - Filling up the DagBag from /opt/airflow/dags/schedule_dag.py
[2026-05-04T04:26:38.653+0000] {processor.py:840} INFO - DAG(s) 'python_scheduler_dag' retrieved from /opt/airflow/dags/schedule_dag.py
[2026-05-04T04:26:38.692+0000] {logging_mixin.py:188} INFO - [2026-05-04T04:26:38.691+0000] {dag.py:3089} INFO - Sync 1 DAGs
[2026-05-04T04:26:38.730+0000] {logging_mixin.py:188} INFO - [2026-05-04T04:26:38.729+0000] {dag.py:3947} INFO - Setting next_dagrun for python_scheduler_dag to 2026-05-03 00:00:00+00:00, run_after=2026-05-04 00:00:00+00:00
[2026-05-04T04:26:38.773+0000] {processor.py:183} INFO - Processing /opt/airflow/dags/schedule_dag.py took 0.240 seconds
[2026-05-04T04:27:09.173+0000] {processor.py:161} INFO - Started process (PID=1906) to work on /opt/airflow/dags/schedule_dag.py
[2026-05-04T04:27:09.176+0000] {processor.py:830} INFO - Processing file /opt/airflow/dags/schedule_dag.py for tasks to queue
[2026-05-04T04:27:09.180+0000] {logging_mixin.py:188} INFO - [2026-05-04T04:27:09.179+0000] {dagbag.py:545} INFO - Filling up the DagBag from /opt/airflow/dags/schedule_dag.py
[2026-05-04T04:27:09.226+0000] {processor.py:840} INFO - DAG(s) 'python_scheduler_dag' retrieved from /opt/airflow/dags/schedule_dag.py
[2026-05-04T04:27:09.265+0000] {logging_mixin.py:188} INFO - [2026-05-04T04:27:09.265+0000] {dag.py:3089} INFO - Sync 1 DAGs
[2026-05-04T04:27:09.304+0000] {logging_mixin.py:188} INFO - [2026-05-04T04:27:09.303+0000] {dag.py:3947} INFO - Setting next_dagrun for python_scheduler_dag to 2026-05-03 00:00:00+00:00, run_after=2026-05-04 00:00:00+00:00
[2026-05-04T04:27:09.344+0000] {processor.py:183} INFO - Processing /opt/airflow/dags/schedule_dag.py took 0.182 seconds
[2026-05-04T04:27:39.523+0000] {processor.py:161} INFO - Started process (PID=1974) to work on /opt/airflow/dags/schedule_dag.py
[2026-05-04T04:27:39.525+0000] {processor.py:830} INFO - Processing file /opt/airflow/dags/schedule_dag.py for tasks to queue
[2026-05-04T04:27:39.531+0000] {logging_mixin.py:188} INFO - [2026-05-04T04:27:39.530+0000] {dagbag.py:545} INFO - Filling up the DagBag from /opt/airflow/dags/schedule_dag.py
[2026-05-04T04:27:39.583+0000] {processor.py:840} INFO - DAG(s) 'python_scheduler_dag' retrieved from /opt/airflow/dags/schedule_dag.py
[2026-05-04T04:27:39.618+0000] {logging_mixin.py:188} INFO - [2026-05-04T04:27:39.617+0000] {dag.py:3089} INFO - Sync 1 DAGs
[2026-05-04T04:27:39.658+0000] {logging_mixin.py:188} INFO - [2026-05-04T04:27:39.657+0000] {dag.py:3947} INFO - Setting next_dagrun for python_scheduler_dag to 2026-05-03 00:00:00+00:00, run_after=2026-05-04 00:00:00+00:00
[2026-05-04T04:27:39.705+0000] {processor.py:183} INFO - Processing /opt/airflow/dags/schedule_dag.py took 0.198 seconds
[2026-05-04T04:28:09.982+0000] {processor.py:161} INFO - Started process (PID=2049) to work on /opt/airflow/dags/schedule_dag.py
[2026-05-04T04:28:10.007+0000] {processor.py:830} INFO - Processing file /opt/airflow/dags/schedule_dag.py for tasks to queue
[2026-05-04T04:28:10.011+0000] {logging_mixin.py:188} INFO - [2026-05-04T04:28:10.011+0000] {dagbag.py:545} INFO - Filling up the DagBag from /opt/airflow/dags/schedule_dag.py
[2026-05-04T04:28:10.048+0000] {processor.py:840} INFO - DAG(s) 'python_scheduler_dag' retrieved from /opt/airflow/dags/schedule_dag.py
[2026-05-04T04:28:10.082+0000] {logging_mixin.py:188} INFO - [2026-05-04T04:28:10.082+0000] {dag.py:3089} INFO - Sync 1 DAGs
[2026-05-04T04:28:10.120+0000] {logging_mixin.py:188} INFO - [2026-05-04T04:28:10.120+0000] {dag.py:3947} INFO - Setting next_dagrun for python_scheduler_dag to 2026-05-03 00:00:00+00:00, run_after=2026-05-04 00:00:00+00:00
[2026-05-04T04:28:10.170+0000] {processor.py:183} INFO - Processing /opt/airflow/dags/schedule_dag.py took 0.208 seconds
[2026-05-04T04:28:40.835+0000] {processor.py:161} INFO - Started process (PID=2117) to work on /opt/airflow/dags/schedule_dag.py
[2026-05-04T04:28:40.838+0000] {processor.py:830} INFO - Processing file /opt/airflow/dags/schedule_dag.py for tasks to queue
[2026-05-04T04:28:40.843+0000] {logging_mixin.py:188} INFO - [2026-05-04T04:28:40.842+0000] {dagbag.py:545} INFO - Filling up the DagBag from /opt/airflow/dags/schedule_dag.py
[2026-05-04T04:28:40.881+0000] {processor.py:840} INFO - DAG(s) 'python_scheduler_dag' retrieved from /opt/airflow/dags/schedule_dag.py
[2026-05-04T04:28:40.919+0000] {logging_mixin.py:188} INFO - [2026-05-04T04:28:40.918+0000] {dag.py:3089} INFO - Sync 1 DAGs
[2026-05-04T04:28:40.957+0000] {logging_mixin.py:188} INFO - [2026-05-04T04:28:40.956+0000] {dag.py:3947} INFO - Setting next_dagrun for python_scheduler_dag to 2026-05-03 00:00:00+00:00, run_after=2026-05-04 00:00:00+00:00
[2026-05-04T04:28:40.996+0000] {processor.py:183} INFO - Processing /opt/airflow/dags/schedule_dag.py took 0.175 seconds
[2026-05-04T04:29:12.045+0000] {processor.py:161} INFO - Started process (PID=2185) to work on /opt/airflow/dags/schedule_dag.py
[2026-05-04T04:29:12.048+0000] {processor.py:830} INFO - Processing file /opt/airflow/dags/schedule_dag.py for tasks to queue
[2026-05-04T04:29:12.052+0000] {logging_mixin.py:188} INFO - [2026-05-04T04:29:12.051+0000] {dagbag.py:545} INFO - Filling up the DagBag from /opt/airflow/dags/schedule_dag.py
[2026-05-04T04:29:12.092+0000] {processor.py:840} INFO - DAG(s) 'python_scheduler_dag' retrieved from /opt/airflow/dags/schedule_dag.py
[2026-05-04T04:29:12.129+0000] {logging_mixin.py:188} INFO - [2026-05-04T04:29:12.129+0000] {dag.py:3089} INFO - Sync 1 DAGs
[2026-05-04T04:29:12.166+0000] {logging_mixin.py:188} INFO - [2026-05-04T04:29:12.166+0000] {dag.py:3947} INFO - Setting next_dagrun for python_scheduler_dag to 2026-05-03 00:00:00+00:00, run_after=2026-05-04 00:00:00+00:00
[2026-05-04T04:29:12.214+0000] {processor.py:183} INFO - Processing /opt/airflow/dags/schedule_dag.py took 0.179 seconds
[2026-05-04T04:29:42.680+0000] {processor.py:161} INFO - Started process (PID=2253) to work on /opt/airflow/dags/schedule_dag.py
[2026-05-04T04:29:42.682+0000] {processor.py:830} INFO - Processing file /opt/airflow/dags/schedule_dag.py for tasks to queue
[2026-05-04T04:29:42.686+0000] {logging_mixin.py:188} INFO - [2026-05-04T04:29:42.686+0000] {dagbag.py:545} INFO - Filling up the DagBag from /opt/airflow/dags/schedule_dag.py
[2026-05-04T04:29:42.728+0000] {processor.py:840} INFO - DAG(s) 'python_scheduler_dag' retrieved from /opt/airflow/dags/schedule_dag.py
[2026-05-04T04:29:42.780+0000] {logging_mixin.py:188} INFO - [2026-05-04T04:29:42.779+0000] {dag.py:3089} INFO - Sync 1 DAGs
[2026-05-04T04:29:42.818+0000] {logging_mixin.py:188} INFO - [2026-05-04T04:29:42.817+0000] {dag.py:3947} INFO - Setting next_dagrun for python_scheduler_dag to 2026-05-03 00:00:00+00:00, run_after=2026-05-04 00:00:00+00:00
[2026-05-04T04:29:42.860+0000] {processor.py:183} INFO - Processing /opt/airflow/dags/schedule_dag.py took 0.191 seconds
[2026-05-04T04:30:13.626+0000] {processor.py:161} INFO - Started process (PID=2321) to work on /opt/airflow/dags/schedule_dag.py
[2026-05-04T04:30:13.628+0000] {processor.py:830} INFO - Processing file /opt/airflow/dags/schedule_dag.py for tasks to queue
[2026-05-04T04:30:13.632+0000] {logging_mixin.py:188} INFO - [2026-05-04T04:30:13.631+0000] {dagbag.py:545} INFO - Filling up the DagBag from /opt/airflow/dags/schedule_dag.py
[2026-05-04T04:30:13.686+0000] {processor.py:840} INFO - DAG(s) 'python_scheduler_dag' retrieved from /opt/airflow/dags/schedule_dag.py
[2026-05-04T04:30:13.721+0000] {logging_mixin.py:188} INFO - [2026-05-04T04:30:13.720+0000] {dag.py:3089} INFO - Sync 1 DAGs
[2026-05-04T04:30:13.766+0000] {logging_mixin.py:188} INFO - [2026-05-04T04:30:13.765+0000] {dag.py:3947} INFO - Setting next_dagrun for python_scheduler_dag to 2026-05-03 00:00:00+00:00, run_after=2026-05-04 00:00:00+00:00
[2026-05-04T04:30:13.827+0000] {processor.py:183} INFO - Processing /opt/airflow/dags/schedule_dag.py took 0.215 seconds
[2026-05-04T04:30:44.502+0000] {processor.py:161} INFO - Started process (PID=2389) to work on /opt/airflow/dags/schedule_dag.py
[2026-05-04T04:30:44.505+0000] {processor.py:830} INFO - Processing file /opt/airflow/dags/schedule_dag.py for tasks to queue
[2026-05-04T04:30:44.510+0000] {logging_mixin.py:188} INFO - [2026-05-04T04:30:44.509+0000] {dagbag.py:545} INFO - Filling up the DagBag from /opt/airflow/dags/schedule_dag.py
[2026-05-04T04:30:44.559+0000] {processor.py:840} INFO - DAG(s) 'python_scheduler_dag' retrieved from /opt/airflow/dags/schedule_dag.py
[2026-05-04T04:30:44.600+0000] {logging_mixin.py:188} INFO - [2026-05-04T04:30:44.599+0000] {dag.py:3089} INFO - Sync 1 DAGs
[2026-05-04T04:30:44.641+0000] {logging_mixin.py:188} INFO - [2026-05-04T04:30:44.641+0000] {dag.py:3947} INFO - Setting next_dagrun for python_scheduler_dag to 2026-05-03 00:00:00+00:00, run_after=2026-05-04 00:00:00+00:00
[2026-05-04T04:30:44.692+0000] {processor.py:183} INFO - Processing /opt/airflow/dags/schedule_dag.py took 0.207 seconds
[2026-05-04T04:31:15.726+0000] {processor.py:161} INFO - Started process (PID=2464) to work on /opt/airflow/dags/schedule_dag.py
[2026-05-04T04:31:15.730+0000] {processor.py:830} INFO - Processing file /opt/airflow/dags/schedule_dag.py for tasks to queue
[2026-05-04T04:31:15.734+0000] {logging_mixin.py:188} INFO - [2026-05-04T04:31:15.733+0000] {dagbag.py:545} INFO - Filling up the DagBag from /opt/airflow/dags/schedule_dag.py
[2026-05-04T04:31:15.770+0000] {processor.py:840} INFO - DAG(s) 'python_scheduler_dag' retrieved from /opt/airflow/dags/schedule_dag.py
[2026-05-04T04:31:15.807+0000] {logging_mixin.py:188} INFO - [2026-05-04T04:31:15.807+0000] {dag.py:3089} INFO - Sync 1 DAGs
[2026-05-04T04:31:15.841+0000] {logging_mixin.py:188} INFO - [2026-05-04T04:31:15.841+0000] {dag.py:3947} INFO - Setting next_dagrun for python_scheduler_dag to 2026-05-03 00:00:00+00:00, run_after=2026-05-04 00:00:00+00:00
[2026-05-04T04:31:15.884+0000] {processor.py:183} INFO - Processing /opt/airflow/dags/schedule_dag.py took 0.170 seconds
[2026-05-04T04:31:46.191+0000] {processor.py:161} INFO - Started process (PID=2532) to work on /opt/airflow/dags/schedule_dag.py
[2026-05-04T04:31:46.194+0000] {processor.py:830} INFO - Processing file /opt/airflow/dags/schedule_dag.py for tasks to queue
[2026-05-04T04:31:46.199+0000] {logging_mixin.py:188} INFO - [2026-05-04T04:31:46.198+0000] {dagbag.py:545} INFO - Filling up the DagBag from /opt/airflow/dags/schedule_dag.py
[2026-05-04T04:31:46.253+0000] {processor.py:840} INFO - DAG(s) 'python_scheduler_dag' retrieved from /opt/airflow/dags/schedule_dag.py
[2026-05-04T04:31:46.292+0000] {logging_mixin.py:188} INFO - [2026-05-04T04:31:46.292+0000] {dag.py:3089} INFO - Sync 1 DAGs
[2026-05-04T04:31:46.337+0000] {logging_mixin.py:188} INFO - [2026-05-04T04:31:46.336+0000] {dag.py:3947} INFO - Setting next_dagrun for python_scheduler_dag to 2026-05-03 00:00:00+00:00, run_after=2026-05-04 00:00:00+00:00
[2026-05-04T04:31:46.385+0000] {processor.py:183} INFO - Processing /opt/airflow/dags/schedule_dag.py took 0.205 seconds
[2026-05-04T04:32:16.995+0000] {processor.py:161} INFO - Started process (PID=2600) to work on /opt/airflow/dags/schedule_dag.py
[2026-05-04T04:32:16.998+0000] {processor.py:830} INFO - Processing file /opt/airflow/dags/schedule_dag.py for tasks to queue
[2026-05-04T04:32:17.005+0000] {logging_mixin.py:188} INFO - [2026-05-04T04:32:17.004+0000] {dagbag.py:545} INFO - Filling up the DagBag from /opt/airflow/dags/schedule_dag.py
[2026-05-04T04:32:17.052+0000] {processor.py:840} INFO - DAG(s) 'python_scheduler_dag' retrieved from /opt/airflow/dags/schedule_dag.py
[2026-05-04T04:32:17.087+0000] {logging_mixin.py:188} INFO - [2026-05-04T04:32:17.086+0000] {dag.py:3089} INFO - Sync 1 DAGs
[2026-05-04T04:32:17.139+0000] {logging_mixin.py:188} INFO - [2026-05-04T04:32:17.139+0000] {dag.py:3947} INFO - Setting next_dagrun for python_scheduler_dag to 2026-05-03 00:00:00+00:00, run_after=2026-05-04 00:00:00+00:00
[2026-05-04T04:32:17.188+0000] {processor.py:183} INFO - Processing /opt/airflow/dags/schedule_dag.py took 0.204 seconds
[2026-05-04T04:32:47.614+0000] {processor.py:161} INFO - Started process (PID=2668) to work on /opt/airflow/dags/schedule_dag.py
[2026-05-04T04:32:47.616+0000] {processor.py:830} INFO - Processing file /opt/airflow/dags/schedule_dag.py for tasks to queue
[2026-05-04T04:32:47.620+0000] {logging_mixin.py:188} INFO - [2026-05-04T04:32:47.620+0000] {dagbag.py:545} INFO - Filling up the DagBag from /opt/airflow/dags/schedule_dag.py
[2026-05-04T04:32:47.662+0000] {processor.py:840} INFO - DAG(s) 'python_scheduler_dag' retrieved from /opt/airflow/dags/schedule_dag.py
[2026-05-04T04:32:47.697+0000] {logging_mixin.py:188} INFO - [2026-05-04T04:32:47.697+0000] {dag.py:3089} INFO - Sync 1 DAGs
[2026-05-04T04:32:47.731+0000] {logging_mixin.py:188} INFO - [2026-05-04T04:32:47.731+0000] {dag.py:3947} INFO - Setting next_dagrun for python_scheduler_dag to 2026-05-03 00:00:00+00:00, run_after=2026-05-04 00:00:00+00:00
[2026-05-04T04:32:47.771+0000] {processor.py:183} INFO - Processing /opt/airflow/dags/schedule_dag.py took 0.172 seconds
[2026-05-04T04:33:18.010+0000] {processor.py:161} INFO - Started process (PID=2736) to work on /opt/airflow/dags/schedule_dag.py
[2026-05-04T04:33:18.013+0000] {processor.py:830} INFO - Processing file /opt/airflow/dags/schedule_dag.py for tasks to queue
[2026-05-04T04:33:18.017+0000] {logging_mixin.py:188} INFO - [2026-05-04T04:33:18.016+0000] {dagbag.py:545} INFO - Filling up the DagBag from /opt/airflow/dags/schedule_dag.py
[2026-05-04T04:33:18.072+0000] {processor.py:840} INFO - DAG(s) 'python_scheduler_dag' retrieved from /opt/airflow/dags/schedule_dag.py
[2026-05-04T04:33:18.113+0000] {logging_mixin.py:188} INFO - [2026-05-04T04:33:18.112+0000] {dag.py:3089} INFO - Sync 1 DAGs
[2026-05-04T04:33:18.152+0000] {logging_mixin.py:188} INFO - [2026-05-04T04:33:18.152+0000] {dag.py:3947} INFO - Setting next_dagrun for python_scheduler_dag to 2026-05-03 00:00:00+00:00, run_after=2026-05-04 00:00:00+00:00
[2026-05-04T04:33:18.195+0000] {processor.py:183} INFO - Processing /opt/airflow/dags/schedule_dag.py took 0.200 seconds
[2026-05-04T04:33:48.375+0000] {processor.py:161} INFO - Started process (PID=2805) to work on /opt/airflow/dags/schedule_dag.py
[2026-05-04T04:33:48.377+0000] {processor.py:830} INFO - Processing file /opt/airflow/dags/schedule_dag.py for tasks to queue
[2026-05-04T04:33:48.381+0000] {logging_mixin.py:188} INFO - [2026-05-04T04:33:48.381+0000] {dagbag.py:545} INFO - Filling up the DagBag from /opt/airflow/dags/schedule_dag.py
[2026-05-04T04:33:48.420+0000] {processor.py:840} INFO - DAG(s) 'python_scheduler_dag' retrieved from /opt/airflow/dags/schedule_dag.py
[2026-05-04T04:33:48.456+0000] {logging_mixin.py:188} INFO - [2026-05-04T04:33:48.455+0000] {dag.py:3089} INFO - Sync 1 DAGs
[2026-05-04T04:33:48.496+0000] {logging_mixin.py:188} INFO - [2026-05-04T04:33:48.496+0000] {dag.py:3947} INFO - Setting next_dagrun for python_scheduler_dag to 2026-05-03 00:00:00+00:00, run_after=2026-05-04 00:00:00+00:00
[2026-05-04T04:33:48.579+0000] {processor.py:183} INFO - Processing /opt/airflow/dags/schedule_dag.py took 0.213 seconds
[2026-05-04T04:34:19.124+0000] {processor.py:161} INFO - Started process (PID=2880) to work on /opt/airflow/dags/schedule_dag.py
[2026-05-04T04:34:19.127+0000] {processor.py:830} INFO - Processing file /opt/airflow/dags/schedule_dag.py for tasks to queue
[2026-05-04T04:34:19.130+0000] {logging_mixin.py:188} INFO - [2026-05-04T04:34:19.130+0000] {dagbag.py:545} INFO - Filling up the DagBag from /opt/airflow/dags/schedule_dag.py
[2026-05-04T04:34:19.174+0000] {processor.py:840} INFO - DAG(s) 'python_scheduler_dag' retrieved from /opt/airflow/dags/schedule_dag.py
[2026-05-04T04:34:19.210+0000] {logging_mixin.py:188} INFO - [2026-05-04T04:34:19.209+0000] {dag.py:3089} INFO - Sync 1 DAGs
[2026-05-04T04:34:19.246+0000] {logging_mixin.py:188} INFO - [2026-05-04T04:34:19.246+0000] {dag.py:3947} INFO - Setting next_dagrun for python_scheduler_dag to 2026-05-03 00:00:00+00:00, run_after=2026-05-04 00:00:00+00:00
[2026-05-04T04:34:19.290+0000] {processor.py:183} INFO - Processing /opt/airflow/dags/schedule_dag.py took 0.176 seconds
[2026-05-04T04:34:49.453+0000] {processor.py:161} INFO - Started process (PID=2948) to work on /opt/airflow/dags/schedule_dag.py
[2026-05-04T04:34:49.455+0000] {processor.py:830} INFO - Processing file /opt/airflow/dags/schedule_dag.py for tasks to queue
[2026-05-04T04:34:49.460+0000] {logging_mixin.py:188} INFO - [2026-05-04T04:34:49.459+0000] {dagbag.py:545} INFO - Filling up the DagBag from /opt/airflow/dags/schedule_dag.py
[2026-05-04T04:34:49.494+0000] {processor.py:840} INFO - DAG(s) 'python_scheduler_dag' retrieved from /opt/airflow/dags/schedule_dag.py
[2026-05-04T04:34:49.534+0000] {logging_mixin.py:188} INFO - [2026-05-04T04:34:49.534+0000] {dag.py:3089} INFO - Sync 1 DAGs
[2026-05-04T04:34:49.572+0000] {logging_mixin.py:188} INFO - [2026-05-04T04:34:49.572+0000] {dag.py:3947} INFO - Setting next_dagrun for python_scheduler_dag to 2026-05-03 00:00:00+00:00, run_after=2026-05-04 00:00:00+00:00
[2026-05-04T04:34:49.615+0000] {processor.py:183} INFO - Processing /opt/airflow/dags/schedule_dag.py took 0.178 seconds
[2026-05-04T04:35:19.721+0000] {processor.py:161} INFO - Started process (PID=3016) to work on /opt/airflow/dags/schedule_dag.py
[2026-05-04T04:35:19.726+0000] {processor.py:830} INFO - Processing file /opt/airflow/dags/schedule_dag.py for tasks to queue
[2026-05-04T04:35:19.730+0000] {logging_mixin.py:188} INFO - [2026-05-04T04:35:19.729+0000] {dagbag.py:545} INFO - Filling up the DagBag from /opt/airflow/dags/schedule_dag.py
[2026-05-04T04:35:19.764+0000] {processor.py:840} INFO - DAG(s) 'python_scheduler_dag' retrieved from /opt/airflow/dags/schedule_dag.py
[2026-05-04T04:35:19.804+0000] {logging_mixin.py:188} INFO - [2026-05-04T04:35:19.803+0000] {dag.py:3089} INFO - Sync 1 DAGs
[2026-05-04T04:35:19.840+0000] {logging_mixin.py:188} INFO - [2026-05-04T04:35:19.840+0000] {dag.py:3947} INFO - Setting next_dagrun for python_scheduler_dag to 2026-05-03 00:00:00+00:00, run_after=2026-05-04 00:00:00+00:00
[2026-05-04T04:35:19.882+0000] {processor.py:183} INFO - Processing /opt/airflow/dags/schedule_dag.py took 0.175 seconds
[2026-05-04T04:35:50.502+0000] {processor.py:161} INFO - Started process (PID=3084) to work on /opt/airflow/dags/schedule_dag.py
[2026-05-04T04:35:50.504+0000] {processor.py:830} INFO - Processing file /opt/airflow/dags/schedule_dag.py for tasks to queue
[2026-05-04T04:35:50.507+0000] {logging_mixin.py:188} INFO - [2026-05-04T04:35:50.506+0000] {dagbag.py:545} INFO - Filling up the DagBag from /opt/airflow/dags/schedule_dag.py
[2026-05-04T04:35:50.537+0000] {processor.py:840} INFO - DAG(s) 'python_scheduler_dag' retrieved from /opt/airflow/dags/schedule_dag.py
[2026-05-04T04:35:50.583+0000] {logging_mixin.py:188} INFO - [2026-05-04T04:35:50.582+0000] {dag.py:3089} INFO - Sync 1 DAGs
[2026-05-04T04:35:50.619+0000] {logging_mixin.py:188} INFO - [2026-05-04T04:35:50.618+0000] {dag.py:3947} INFO - Setting next_dagrun for python_scheduler_dag to 2026-05-03 00:00:00+00:00, run_after=2026-05-04 00:00:00+00:00
[2026-05-04T04:35:50.677+0000] {processor.py:183} INFO - Processing /opt/airflow/dags/schedule_dag.py took 0.186 seconds
[2026-05-04T04:36:21.388+0000] {processor.py:161} INFO - Started process (PID=3151) to work on /opt/airflow/dags/schedule_dag.py
[2026-05-04T04:36:21.391+0000] {processor.py:830} INFO - Processing file /opt/airflow/dags/schedule_dag.py for tasks to queue
[2026-05-04T04:36:21.395+0000] {logging_mixin.py:188} INFO - [2026-05-04T04:36:21.394+0000] {dagbag.py:545} INFO - Filling up the DagBag from /opt/airflow/dags/schedule_dag.py
[2026-05-04T04:36:21.456+0000] {processor.py:840} INFO - DAG(s) 'python_scheduler_dag' retrieved from /opt/airflow/dags/schedule_dag.py
[2026-05-04T04:36:21.490+0000] {logging_mixin.py:188} INFO - [2026-05-04T04:36:21.489+0000] {dag.py:3089} INFO - Sync 1 DAGs
[2026-05-04T04:36:21.526+0000] {logging_mixin.py:188} INFO - [2026-05-04T04:36:21.526+0000] {dag.py:3947} INFO - Setting next_dagrun for python_scheduler_dag to 2026-05-03 00:00:00+00:00, run_after=2026-05-04 00:00:00+00:00
[2026-05-04T04:36:21.567+0000] {processor.py:183} INFO - Processing /opt/airflow/dags/schedule_dag.py took 0.192 seconds
[2026-05-04T04:36:52.000+0000] {processor.py:161} INFO - Started process (PID=3219) to work on /opt/airflow/dags/schedule_dag.py
[2026-05-04T04:36:52.003+0000] {processor.py:830} INFO - Processing file /opt/airflow/dags/schedule_dag.py for tasks to queue
[2026-05-04T04:36:52.007+0000] {logging_mixin.py:188} INFO - [2026-05-04T04:36:52.007+0000] {dagbag.py:545} INFO - Filling up the DagBag from /opt/airflow/dags/schedule_dag.py
[2026-05-04T04:36:52.058+0000] {processor.py:840} INFO - DAG(s) 'python_scheduler_dag' retrieved from /opt/airflow/dags/schedule_dag.py
[2026-05-04T04:36:52.102+0000] {logging_mixin.py:188} INFO - [2026-05-04T04:36:52.101+0000] {dag.py:3089} INFO - Sync 1 DAGs
[2026-05-04T04:36:52.147+0000] {logging_mixin.py:188} INFO - [2026-05-04T04:36:52.146+0000] {dag.py:3947} INFO - Setting next_dagrun for python_scheduler_dag to 2026-05-03 00:00:00+00:00, run_after=2026-05-04 00:00:00+00:00
[2026-05-04T04:36:52.200+0000] {processor.py:183} INFO - Processing /opt/airflow/dags/schedule_dag.py took 0.214 seconds
[2026-05-04T04:37:22.361+0000] {processor.py:161} INFO - Started process (PID=3288) to work on /opt/airflow/dags/schedule_dag.py
[2026-05-04T04:37:22.362+0000] {processor.py:830} INFO - Processing file /opt/airflow/dags/schedule_dag.py for tasks to queue
[2026-05-04T04:37:22.365+0000] {logging_mixin.py:188} INFO - [2026-05-04T04:37:22.365+0000] {dagbag.py:545} INFO - Filling up the DagBag from /opt/airflow/dags/schedule_dag.py
[2026-05-04T04:37:22.401+0000] {processor.py:840} INFO - DAG(s) 'python_scheduler_dag' retrieved from /opt/airflow/dags/schedule_dag.py
[2026-05-04T04:37:22.435+0000] {logging_mixin.py:188} INFO - [2026-05-04T04:37:22.435+0000] {dag.py:3089} INFO - Sync 1 DAGs
[2026-05-04T04:37:22.475+0000] {logging_mixin.py:188} INFO - [2026-05-04T04:37:22.475+0000] {dag.py:3947} INFO - Setting next_dagrun for python_scheduler_dag to 2026-05-03 00:00:00+00:00, run_after=2026-05-04 00:00:00+00:00
[2026-05-04T04:37:22.520+0000] {processor.py:183} INFO - Processing /opt/airflow/dags/schedule_dag.py took 0.170 seconds
[2026-05-04T04:37:52.649+0000] {processor.py:161} INFO - Started process (PID=3363) to work on /opt/airflow/dags/schedule_dag.py
[2026-05-04T04:37:52.651+0000] {processor.py:830} INFO - Processing file /opt/airflow/dags/schedule_dag.py for tasks to queue
[2026-05-04T04:37:52.655+0000] {logging_mixin.py:188} INFO - [2026-05-04T04:37:52.654+0000] {dagbag.py:545} INFO - Filling up the DagBag from /opt/airflow/dags/schedule_dag.py
[2026-05-04T04:37:52.683+0000] {processor.py:840} INFO - DAG(s) 'python_scheduler_dag' retrieved from /opt/airflow/dags/schedule_dag.py
[2026-05-04T04:37:52.721+0000] {logging_mixin.py:188} INFO - [2026-05-04T04:37:52.720+0000] {dag.py:3089} INFO - Sync 1 DAGs
[2026-05-04T04:37:52.763+0000] {logging_mixin.py:188} INFO - [2026-05-04T04:37:52.763+0000] {dag.py:3947} INFO - Setting next_dagrun for python_scheduler_dag to 2026-05-03 00:00:00+00:00, run_after=2026-05-04 00:00:00+00:00
[2026-05-04T04:37:52.803+0000] {processor.py:183} INFO - Processing /opt/airflow/dags/schedule_dag.py took 0.165 seconds
[2026-05-04T04:38:23.200+0000] {processor.py:161} INFO - Started process (PID=3431) to work on /opt/airflow/dags/schedule_dag.py
[2026-05-04T04:38:23.203+0000] {processor.py:830} INFO - Processing file /opt/airflow/dags/schedule_dag.py for tasks to queue
[2026-05-04T04:38:23.206+0000] {logging_mixin.py:188} INFO - [2026-05-04T04:38:23.206+0000] {dagbag.py:545} INFO - Filling up the DagBag from /opt/airflow/dags/schedule_dag.py
[2026-05-04T04:38:23.253+0000] {processor.py:840} INFO - DAG(s) 'python_scheduler_dag' retrieved from /opt/airflow/dags/schedule_dag.py
[2026-05-04T04:38:23.290+0000] {logging_mixin.py:188} INFO - [2026-05-04T04:38:23.289+0000] {dag.py:3089} INFO - Sync 1 DAGs
[2026-05-04T04:38:23.327+0000] {logging_mixin.py:188} INFO - [2026-05-04T04:38:23.327+0000] {dag.py:3947} INFO - Setting next_dagrun for python_scheduler_dag to 2026-05-03 00:00:00+00:00, run_after=2026-05-04 00:00:00+00:00
[2026-05-04T04:38:23.363+0000] {processor.py:183} INFO - Processing /opt/airflow/dags/schedule_dag.py took 0.173 seconds
[2026-05-04T04:38:53.793+0000] {processor.py:161} INFO - Started process (PID=3499) to work on /opt/airflow/dags/schedule_dag.py
[2026-05-04T04:38:53.796+0000] {processor.py:830} INFO - Processing file /opt/airflow/dags/schedule_dag.py for tasks to queue
[2026-05-04T04:38:53.800+0000] {logging_mixin.py:188} INFO - [2026-05-04T04:38:53.799+0000] {dagbag.py:545} INFO - Filling up the DagBag from /opt/airflow/dags/schedule_dag.py
[2026-05-04T04:38:53.834+0000] {processor.py:840} INFO - DAG(s) 'python_scheduler_dag' retrieved from /opt/airflow/dags/schedule_dag.py
[2026-05-04T04:38:53.875+0000] {logging_mixin.py:188} INFO - [2026-05-04T04:38:53.875+0000] {dag.py:3089} INFO - Sync 1 DAGs
[2026-05-04T04:38:53.917+0000] {logging_mixin.py:188} INFO - [2026-05-04T04:38:53.917+0000] {dag.py:3947} INFO - Setting next_dagrun for python_scheduler_dag to 2026-05-03 00:00:00+00:00, run_after=2026-05-04 00:00:00+00:00
[2026-05-04T04:38:53.963+0000] {processor.py:183} INFO - Processing /opt/airflow/dags/schedule_dag.py took 0.182 seconds
[2026-05-04T04:39:24.185+0000] {processor.py:161} INFO - Started process (PID=3568) to work on /opt/airflow/dags/schedule_dag.py
[2026-05-04T04:39:24.188+0000] {processor.py:830} INFO - Processing file /opt/airflow/dags/schedule_dag.py for tasks to queue
[2026-05-04T04:39:24.192+0000] {logging_mixin.py:188} INFO - [2026-05-04T04:39:24.192+0000] {dagbag.py:545} INFO - Filling up the DagBag from /opt/airflow/dags/schedule_dag.py
[2026-05-04T04:39:24.243+0000] {processor.py:840} INFO - DAG(s) 'python_scheduler_dag' retrieved from /opt/airflow/dags/schedule_dag.py
[2026-05-04T04:39:24.282+0000] {logging_mixin.py:188} INFO - [2026-05-04T04:39:24.282+0000] {dag.py:3089} INFO - Sync 1 DAGs
[2026-05-04T04:39:24.316+0000] {logging_mixin.py:188} INFO - [2026-05-04T04:39:24.316+0000] {dag.py:3947} INFO - Setting next_dagrun for python_scheduler_dag to 2026-05-03 00:00:00+00:00, run_after=2026-05-04 00:00:00+00:00
[2026-05-04T04:39:24.352+0000] {processor.py:183} INFO - Processing /opt/airflow/dags/schedule_dag.py took 0.186 seconds
[2026-05-04T04:39:54.660+0000] {processor.py:161} INFO - Started process (PID=3636) to work on /opt/airflow/dags/schedule_dag.py
[2026-05-04T04:39:54.662+0000] {processor.py:830} INFO - Processing file /opt/airflow/dags/schedule_dag.py for tasks to queue
[2026-05-04T04:39:54.666+0000] {logging_mixin.py:188} INFO - [2026-05-04T04:39:54.666+0000] {dagbag.py:545} INFO - Filling up the DagBag from /opt/airflow/dags/schedule_dag.py
[2026-05-04T04:39:54.734+0000] {processor.py:840} INFO - DAG(s) 'python_scheduler_dag' retrieved from /opt/airflow/dags/schedule_dag.py
[2026-05-04T04:39:54.780+0000] {logging_mixin.py:188} INFO - [2026-05-04T04:39:54.779+0000] {dag.py:3089} INFO - Sync 1 DAGs
[2026-05-04T04:39:54.824+0000] {logging_mixin.py:188} INFO - [2026-05-04T04:39:54.824+0000] {dag.py:3947} INFO - Setting next_dagrun for python_scheduler_dag to 2026-05-03 00:00:00+00:00, run_after=2026-05-04 00:00:00+00:00
[2026-05-04T04:39:54.869+0000] {processor.py:183} INFO - Processing /opt/airflow/dags/schedule_dag.py took 0.219 seconds
[2026-05-04T04:40:25.278+0000] {processor.py:161} INFO - Started process (PID=3704) to work on /opt/airflow/dags/schedule_dag.py
[2026-05-04T04:40:25.282+0000] {processor.py:830} INFO - Processing file /opt/airflow/dags/schedule_dag.py for tasks to queue
[2026-05-04T04:40:25.286+0000] {logging_mixin.py:188} INFO - [2026-05-04T04:40:25.286+0000] {dagbag.py:545} INFO - Filling up the DagBag from /opt/airflow/dags/schedule_dag.py
[2026-05-04T04:40:25.334+0000] {processor.py:840} INFO - DAG(s) 'python_scheduler_dag' retrieved from /opt/airflow/dags/schedule_dag.py
[2026-05-04T04:40:25.382+0000] {logging_mixin.py:188} INFO - [2026-05-04T04:40:25.381+0000] {dag.py:3089} INFO - Sync 1 DAGs
[2026-05-04T04:40:25.425+0000] {logging_mixin.py:188} INFO - [2026-05-04T04:40:25.424+0000] {dag.py:3947} INFO - Setting next_dagrun for python_scheduler_dag to 2026-05-03 00:00:00+00:00, run_after=2026-05-04 00:00:00+00:00
[2026-05-04T04:40:25.470+0000] {processor.py:183} INFO - Processing /opt/airflow/dags/schedule_dag.py took 0.205 seconds
[2026-05-04T04:40:55.812+0000] {processor.py:161} INFO - Started process (PID=3772) to work on /opt/airflow/dags/schedule_dag.py
[2026-05-04T04:40:55.814+0000] {processor.py:830} INFO - Processing file /opt/airflow/dags/schedule_dag.py for tasks to queue
[2026-05-04T04:40:55.818+0000] {logging_mixin.py:188} INFO - [2026-05-04T04:40:55.817+0000] {dagbag.py:545} INFO - Filling up the DagBag from /opt/airflow/dags/schedule_dag.py
[2026-05-04T04:40:55.878+0000] {processor.py:840} INFO - DAG(s) 'python_scheduler_dag' retrieved from /opt/airflow/dags/schedule_dag.py
[2026-05-04T04:40:55.914+0000] {logging_mixin.py:188} INFO - [2026-05-04T04:40:55.914+0000] {dag.py:3089} INFO - Sync 1 DAGs
[2026-05-04T04:40:55.963+0000] {logging_mixin.py:188} INFO - [2026-05-04T04:40:55.962+0000] {dag.py:3947} INFO - Setting next_dagrun for python_scheduler_dag to 2026-05-03 00:00:00+00:00, run_after=2026-05-04 00:00:00+00:00
[2026-05-04T04:40:55.998+0000] {processor.py:183} INFO - Processing /opt/airflow/dags/schedule_dag.py took 0.198 seconds
[2026-05-04T04:41:26.259+0000] {processor.py:161} INFO - Started process (PID=3840) to work on /opt/airflow/dags/schedule_dag.py
[2026-05-04T04:41:26.263+0000] {processor.py:830} INFO - Processing file /opt/airflow/dags/schedule_dag.py for tasks to queue
[2026-05-04T04:41:26.268+0000] {logging_mixin.py:188} INFO - [2026-05-04T04:41:26.267+0000] {dagbag.py:545} INFO - Filling up the DagBag from /opt/airflow/dags/schedule_dag.py
[2026-05-04T04:41:26.325+0000] {processor.py:840} INFO - DAG(s) 'python_scheduler_dag' retrieved from /opt/airflow/dags/schedule_dag.py
[2026-05-04T04:41:26.368+0000] {logging_mixin.py:188} INFO - [2026-05-04T04:41:26.367+0000] {dag.py:3089} INFO - Sync 1 DAGs
[2026-05-04T04:41:26.408+0000] {logging_mixin.py:188} INFO - [2026-05-04T04:41:26.407+0000] {dag.py:3947} INFO - Setting next_dagrun for python_scheduler_dag to 2026-05-03 00:00:00+00:00, run_after=2026-05-04 00:00:00+00:00
[2026-05-04T04:41:26.526+0000] {processor.py:183} INFO - Processing /opt/airflow/dags/schedule_dag.py took 0.280 seconds
[2026-05-04T04:41:56.923+0000] {processor.py:161} INFO - Started process (PID=3915) to work on /opt/airflow/dags/schedule_dag.py
[2026-05-04T04:41:56.926+0000] {processor.py:830} INFO - Processing file /opt/airflow/dags/schedule_dag.py for tasks to queue
[2026-05-04T04:41:56.933+0000] {logging_mixin.py:188} INFO - [2026-05-04T04:41:56.932+0000] {dagbag.py:545} INFO - Filling up the DagBag from /opt/airflow/dags/schedule_dag.py
[2026-05-04T04:41:56.966+0000] {processor.py:840} INFO - DAG(s) 'python_scheduler_dag' retrieved from /opt/airflow/dags/schedule_dag.py
[2026-05-04T04:41:57.007+0000] {logging_mixin.py:188} INFO - [2026-05-04T04:41:57.006+0000] {dag.py:3089} INFO - Sync 1 DAGs
[2026-05-04T04:41:57.047+0000] {logging_mixin.py:188} INFO - [2026-05-04T04:41:57.046+0000] {dag.py:3947} INFO - Setting next_dagrun for python_scheduler_dag to 2026-05-03 00:00:00+00:00, run_after=2026-05-04 00:00:00+00:00
[2026-05-04T04:41:57.095+0000] {processor.py:183} INFO - Processing /opt/airflow/dags/schedule_dag.py took 0.182 seconds
[2026-05-04T04:42:28.156+0000] {processor.py:161} INFO - Started process (PID=3983) to work on /opt/airflow/dags/schedule_dag.py
[2026-05-04T04:42:28.158+0000] {processor.py:830} INFO - Processing file /opt/airflow/dags/schedule_dag.py for tasks to queue
[2026-05-04T04:42:28.161+0000] {logging_mixin.py:188} INFO - [2026-05-04T04:42:28.161+0000] {dagbag.py:545} INFO - Filling up the DagBag from /opt/airflow/dags/schedule_dag.py
[2026-05-04T04:42:28.204+0000] {processor.py:840} INFO - DAG(s) 'python_scheduler_dag' retrieved from /opt/airflow/dags/schedule_dag.py
[2026-05-04T04:42:28.244+0000] {logging_mixin.py:188} INFO - [2026-05-04T04:42:28.244+0000] {dag.py:3089} INFO - Sync 1 DAGs
[2026-05-04T04:42:28.284+0000] {logging_mixin.py:188} INFO - [2026-05-04T04:42:28.284+0000] {dag.py:3947} INFO - Setting next_dagrun for python_scheduler_dag to 2026-05-03 00:00:00+00:00, run_after=2026-05-04 00:00:00+00:00
[2026-05-04T04:42:28.323+0000] {processor.py:183} INFO - Processing /opt/airflow/dags/schedule_dag.py took 0.175 seconds
[2026-05-04T04:42:58.767+0000] {processor.py:161} INFO - Started process (PID=4051) to work on /opt/airflow/dags/schedule_dag.py
[2026-05-04T04:42:58.770+0000] {processor.py:830} INFO - Processing file /opt/airflow/dags/schedule_dag.py for tasks to queue
[2026-05-04T04:42:58.775+0000] {logging_mixin.py:188} INFO - [2026-05-04T04:42:58.774+0000] {dagbag.py:545} INFO - Filling up the DagBag from /opt/airflow/dags/schedule_dag.py
[2026-05-04T04:42:58.828+0000] {processor.py:840} INFO - DAG(s) 'python_scheduler_dag' retrieved from /opt/airflow/dags/schedule_dag.py
[2026-05-04T04:42:58.868+0000] {logging_mixin.py:188} INFO - [2026-05-04T04:42:58.868+0000] {dag.py:3089} INFO - Sync 1 DAGs
[2026-05-04T04:42:58.908+0000] {logging_mixin.py:188} INFO - [2026-05-04T04:42:58.908+0000] {dag.py:3947} INFO - Setting next_dagrun for python_scheduler_dag to 2026-05-03 00:00:00+00:00, run_after=2026-05-04 00:00:00+00:00
[2026-05-04T04:42:58.948+0000] {processor.py:183} INFO - Processing /opt/airflow/dags/schedule_dag.py took 0.191 seconds
[2026-05-04T04:43:29.481+0000] {processor.py:161} INFO - Started process (PID=4119) to work on /opt/airflow/dags/schedule_dag.py
[2026-05-04T04:43:29.483+0000] {processor.py:830} INFO - Processing file /opt/airflow/dags/schedule_dag.py for tasks to queue
[2026-05-04T04:43:29.489+0000] {logging_mixin.py:188} INFO - [2026-05-04T04:43:29.488+0000] {dagbag.py:545} INFO - Filling up the DagBag from /opt/airflow/dags/schedule_dag.py
[2026-05-04T04:43:29.537+0000] {processor.py:840} INFO - DAG(s) 'python_scheduler_dag' retrieved from /opt/airflow/dags/schedule_dag.py
[2026-05-04T04:43:29.576+0000] {logging_mixin.py:188} INFO - [2026-05-04T04:43:29.575+0000] {dag.py:3089} INFO - Sync 1 DAGs
[2026-05-04T04:43:29.620+0000] {logging_mixin.py:188} INFO - [2026-05-04T04:43:29.619+0000] {dag.py:3947} INFO - Setting next_dagrun for python_scheduler_dag to 2026-05-03 00:00:00+00:00, run_after=2026-05-04 00:00:00+00:00
[2026-05-04T04:43:29.668+0000] {processor.py:183} INFO - Processing /opt/airflow/dags/schedule_dag.py took 0.199 seconds
[2026-05-04T04:43:59.781+0000] {processor.py:161} INFO - Started process (PID=4186) to work on /opt/airflow/dags/schedule_dag.py
[2026-05-04T04:43:59.784+0000] {processor.py:830} INFO - Processing file /opt/airflow/dags/schedule_dag.py for tasks to queue
[2026-05-04T04:43:59.789+0000] {logging_mixin.py:188} INFO - [2026-05-04T04:43:59.788+0000] {dagbag.py:545} INFO - Filling up the DagBag from /opt/airflow/dags/schedule_dag.py
[2026-05-04T04:43:59.827+0000] {processor.py:840} INFO - DAG(s) 'python_scheduler_dag' retrieved from /opt/airflow/dags/schedule_dag.py
[2026-05-04T04:43:59.877+0000] {logging_mixin.py:188} INFO - [2026-05-04T04:43:59.876+0000] {dag.py:3089} INFO - Sync 1 DAGs
[2026-05-04T04:43:59.919+0000] {logging_mixin.py:188} INFO - [2026-05-04T04:43:59.918+0000] {dag.py:3947} INFO - Setting next_dagrun for python_scheduler_dag to 2026-05-03 00:00:00+00:00, run_after=2026-05-04 00:00:00+00:00
[2026-05-04T04:43:59.966+0000] {processor.py:183} INFO - Processing /opt/airflow/dags/schedule_dag.py took 0.196 seconds
[2026-05-04T04:44:30.150+0000] {processor.py:161} INFO - Started process (PID=4254) to work on /opt/airflow/dags/schedule_dag.py
[2026-05-04T04:44:30.153+0000] {processor.py:830} INFO - Processing file /opt/airflow/dags/schedule_dag.py for tasks to queue
[2026-05-04T04:44:30.157+0000] {logging_mixin.py:188} INFO - [2026-05-04T04:44:30.157+0000] {dagbag.py:545} INFO - Filling up the DagBag from /opt/airflow/dags/schedule_dag.py
[2026-05-04T04:44:30.195+0000] {processor.py:840} INFO - DAG(s) 'python_scheduler_dag' retrieved from /opt/airflow/dags/schedule_dag.py
[2026-05-04T04:44:30.234+0000] {logging_mixin.py:188} INFO - [2026-05-04T04:44:30.233+0000] {dag.py:3089} INFO - Sync 1 DAGs
[2026-05-04T04:44:30.271+0000] {logging_mixin.py:188} INFO - [2026-05-04T04:44:30.270+0000] {dag.py:3947} INFO - Setting next_dagrun for python_scheduler_dag to 2026-05-03 00:00:00+00:00, run_after=2026-05-04 00:00:00+00:00
[2026-05-04T04:44:30.310+0000] {processor.py:183} INFO - Processing /opt/airflow/dags/schedule_dag.py took 0.175 seconds
[2026-05-04T04:45:00.520+0000] {processor.py:161} INFO - Started process (PID=4322) to work on /opt/airflow/dags/schedule_dag.py
[2026-05-04T04:45:00.523+0000] {processor.py:830} INFO - Processing file /opt/airflow/dags/schedule_dag.py for tasks to queue
[2026-05-04T04:45:00.527+0000] {logging_mixin.py:188} INFO - [2026-05-04T04:45:00.527+0000] {dagbag.py:545} INFO - Filling up the DagBag from /opt/airflow/dags/schedule_dag.py
[2026-05-04T04:45:00.570+0000] {processor.py:840} INFO - DAG(s) 'python_scheduler_dag' retrieved from /opt/airflow/dags/schedule_dag.py
[2026-05-04T04:45:00.608+0000] {logging_mixin.py:188} INFO - [2026-05-04T04:45:00.607+0000] {dag.py:3089} INFO - Sync 1 DAGs
[2026-05-04T04:45:00.648+0000] {logging_mixin.py:188} INFO - [2026-05-04T04:45:00.648+0000] {dag.py:3947} INFO - Setting next_dagrun for python_scheduler_dag to 2026-05-03 00:00:00+00:00, run_after=2026-05-04 00:00:00+00:00
[2026-05-04T04:45:00.689+0000] {processor.py:183} INFO - Processing /opt/airflow/dags/schedule_dag.py took 0.183 seconds
[2026-05-04T04:45:30.903+0000] {processor.py:161} INFO - Started process (PID=4390) to work on /opt/airflow/dags/schedule_dag.py
[2026-05-04T04:45:30.906+0000] {processor.py:830} INFO - Processing file /opt/airflow/dags/schedule_dag.py for tasks to queue
[2026-05-04T04:45:30.911+0000] {logging_mixin.py:188} INFO - [2026-05-04T04:45:30.910+0000] {dagbag.py:545} INFO - Filling up the DagBag from /opt/airflow/dags/schedule_dag.py
[2026-05-04T04:45:30.974+0000] {processor.py:840} INFO - DAG(s) 'python_scheduler_dag' retrieved from /opt/airflow/dags/schedule_dag.py
[2026-05-04T04:45:31.015+0000] {logging_mixin.py:188} INFO - [2026-05-04T04:45:31.014+0000] {dag.py:3089} INFO - Sync 1 DAGs
[2026-05-04T04:45:31.053+0000] {logging_mixin.py:188} INFO - [2026-05-04T04:45:31.053+0000] {dag.py:3947} INFO - Setting next_dagrun for python_scheduler_dag to 2026-05-03 00:00:00+00:00, run_after=2026-05-04 00:00:00+00:00
[2026-05-04T04:45:31.094+0000] {processor.py:183} INFO - Processing /opt/airflow/dags/schedule_dag.py took 0.203 seconds
[2026-05-04T04:46:01.566+0000] {processor.py:161} INFO - Started process (PID=4465) to work on /opt/airflow/dags/schedule_dag.py
[2026-05-04T04:46:01.569+0000] {processor.py:830} INFO - Processing file /opt/airflow/dags/schedule_dag.py for tasks to queue
[2026-05-04T04:46:01.573+0000] {logging_mixin.py:188} INFO - [2026-05-04T04:46:01.572+0000] {dagbag.py:545} INFO - Filling up the DagBag from /opt/airflow/dags/schedule_dag.py
[2026-05-04T04:46:01.640+0000] {processor.py:840} INFO - DAG(s) 'python_scheduler_dag' retrieved from /opt/airflow/dags/schedule_dag.py
[2026-05-04T04:46:01.682+0000] {logging_mixin.py:188} INFO - [2026-05-04T04:46:01.681+0000] {dag.py:3089} INFO - Sync 1 DAGs
[2026-05-04T04:46:01.721+0000] {logging_mixin.py:188} INFO - [2026-05-04T04:46:01.720+0000] {dag.py:3947} INFO - Setting next_dagrun for python_scheduler_dag to 2026-05-03 00:00:00+00:00, run_after=2026-05-04 00:00:00+00:00
[2026-05-04T04:46:01.794+0000] {processor.py:183} INFO - Processing /opt/airflow/dags/schedule_dag.py took 0.240 seconds
[2026-05-04T04:46:32.099+0000] {processor.py:161} INFO - Started process (PID=4533) to work on /opt/airflow/dags/schedule_dag.py
[2026-05-04T04:46:32.102+0000] {processor.py:830} INFO - Processing file /opt/airflow/dags/schedule_dag.py for tasks to queue
[2026-05-04T04:46:32.107+0000] {logging_mixin.py:188} INFO - [2026-05-04T04:46:32.106+0000] {dagbag.py:545} INFO - Filling up the DagBag from /opt/airflow/dags/schedule_dag.py
[2026-05-04T04:46:32.146+0000] {processor.py:840} INFO - DAG(s) 'python_scheduler_dag' retrieved from /opt/airflow/dags/schedule_dag.py
[2026-05-04T04:46:32.199+0000] {logging_mixin.py:188} INFO - [2026-05-04T04:46:32.199+0000] {dag.py:3089} INFO - Sync 1 DAGs
[2026-05-04T04:46:32.267+0000] {logging_mixin.py:188} INFO - [2026-05-04T04:46:32.267+0000] {dag.py:3947} INFO - Setting next_dagrun for python_scheduler_dag to 2026-05-03 00:00:00+00:00, run_after=2026-05-04 00:00:00+00:00
[2026-05-04T04:46:32.312+0000] {processor.py:183} INFO - Processing /opt/airflow/dags/schedule_dag.py took 0.224 seconds
[2026-05-04T04:47:02.979+0000] {processor.py:161} INFO - Started process (PID=4601) to work on /opt/airflow/dags/schedule_dag.py
[2026-05-04T04:47:02.981+0000] {processor.py:830} INFO - Processing file /opt/airflow/dags/schedule_dag.py for tasks to queue
[2026-05-04T04:47:02.987+0000] {logging_mixin.py:188} INFO - [2026-05-04T04:47:02.987+0000] {dagbag.py:545} INFO - Filling up the DagBag from /opt/airflow/dags/schedule_dag.py
[2026-05-04T04:47:03.023+0000] {processor.py:840} INFO - DAG(s) 'python_scheduler_dag' retrieved from /opt/airflow/dags/schedule_dag.py
[2026-05-04T04:47:03.060+0000] {logging_mixin.py:188} INFO - [2026-05-04T04:47:03.060+0000] {dag.py:3089} INFO - Sync 1 DAGs
[2026-05-04T04:47:03.098+0000] {logging_mixin.py:188} INFO - [2026-05-04T04:47:03.098+0000] {dag.py:3947} INFO - Setting next_dagrun for python_scheduler_dag to 2026-05-03 00:00:00+00:00, run_after=2026-05-04 00:00:00+00:00
[2026-05-04T04:47:03.135+0000] {processor.py:183} INFO - Processing /opt/airflow/dags/schedule_dag.py took 0.166 seconds
[2026-05-04T04:47:33.512+0000] {processor.py:161} INFO - Started process (PID=4669) to work on /opt/airflow/dags/schedule_dag.py
[2026-05-04T04:47:33.514+0000] {processor.py:830} INFO - Processing file /opt/airflow/dags/schedule_dag.py for tasks to queue
[2026-05-04T04:47:33.519+0000] {logging_mixin.py:188} INFO - [2026-05-04T04:47:33.518+0000] {dagbag.py:545} INFO - Filling up the DagBag from /opt/airflow/dags/schedule_dag.py
[2026-05-04T04:47:33.583+0000] {processor.py:840} INFO - DAG(s) 'python_scheduler_dag' retrieved from /opt/airflow/dags/schedule_dag.py
[2026-05-04T04:47:33.625+0000] {logging_mixin.py:188} INFO - [2026-05-04T04:47:33.624+0000] {dag.py:3089} INFO - Sync 1 DAGs
[2026-05-04T04:47:33.664+0000] {logging_mixin.py:188} INFO - [2026-05-04T04:47:33.664+0000] {dag.py:3947} INFO - Setting next_dagrun for python_scheduler_dag to 2026-05-03 00:00:00+00:00, run_after=2026-05-04 00:00:00+00:00
[2026-05-04T04:47:33.704+0000] {processor.py:183} INFO - Processing /opt/airflow/dags/schedule_dag.py took 0.202 seconds
[2026-05-04T04:48:04.577+0000] {processor.py:161} INFO - Started process (PID=4737) to work on /opt/airflow/dags/schedule_dag.py
[2026-05-04T04:48:04.580+0000] {processor.py:830} INFO - Processing file /opt/airflow/dags/schedule_dag.py for tasks to queue
[2026-05-04T04:48:04.584+0000] {logging_mixin.py:188} INFO - [2026-05-04T04:48:04.584+0000] {dagbag.py:545} INFO - Filling up the DagBag from /opt/airflow/dags/schedule_dag.py
[2026-05-04T04:48:04.657+0000] {processor.py:840} INFO - DAG(s) 'python_scheduler_dag' retrieved from /opt/airflow/dags/schedule_dag.py
[2026-05-04T04:48:04.705+0000] {logging_mixin.py:188} INFO - [2026-05-04T04:48:04.705+0000] {dag.py:3089} INFO - Sync 1 DAGs
[2026-05-04T04:48:04.741+0000] {logging_mixin.py:188} INFO - [2026-05-04T04:48:04.741+0000] {dag.py:3947} INFO - Setting next_dagrun for python_scheduler_dag to 2026-05-03 00:00:00+00:00, run_after=2026-05-04 00:00:00+00:00
[2026-05-04T04:48:04.781+0000] {processor.py:183} INFO - Processing /opt/airflow/dags/schedule_dag.py took 0.215 seconds
[2026-05-04T04:49:26.308+0000] {processor.py:161} INFO - Started process (PID=45) to work on /opt/airflow/dags/schedule_dag.py
[2026-05-04T04:49:26.310+0000] {processor.py:830} INFO - Processing file /opt/airflow/dags/schedule_dag.py for tasks to queue
[2026-05-04T04:49:26.312+0000] {logging_mixin.py:188} INFO - [2026-05-04T04:49:26.312+0000] {dagbag.py:545} INFO - Filling up the DagBag from /opt/airflow/dags/schedule_dag.py
[2026-05-04T04:49:26.339+0000] {processor.py:840} INFO - DAG(s) 'python_scheduler_dag' retrieved from /opt/airflow/dags/schedule_dag.py
[2026-05-04T04:49:26.372+0000] {logging_mixin.py:188} INFO - [2026-05-04T04:49:26.372+0000] {dag.py:3089} INFO - Sync 1 DAGs
[2026-05-04T04:49:26.391+0000] {logging_mixin.py:188} INFO - [2026-05-04T04:49:26.391+0000] {dag.py:3947} INFO - Setting next_dagrun for python_scheduler_dag to 2026-05-03 00:00:00+00:00, run_after=2026-05-04 00:00:00+00:00
[2026-05-04T04:49:26.415+0000] {processor.py:183} INFO - Processing /opt/airflow/dags/schedule_dag.py took 0.112 seconds
