[2026-04-21T09:22:34.338+0000] {taskinstance.py:1083} INFO - Dependencies all met for <TaskInstance: python_scheduler_dag.run_python_logic scheduled__2026-04-20T00:00:00+00:00 [queued]>
[2026-04-21T09:22:34.345+0000] {taskinstance.py:1083} INFO - Dependencies all met for <TaskInstance: python_scheduler_dag.run_python_logic scheduled__2026-04-20T00:00:00+00:00 [queued]>
[2026-04-21T09:22:34.346+0000] {taskinstance.py:1279} INFO - 
--------------------------------------------------------------------------------
[2026-04-21T09:22:34.346+0000] {taskinstance.py:1280} INFO - Starting attempt 1 of 4
[2026-04-21T09:22:34.346+0000] {taskinstance.py:1281} INFO - 
--------------------------------------------------------------------------------
[2026-04-21T09:22:34.360+0000] {taskinstance.py:1300} INFO - Executing <Task(_PythonDecoratedOperator): run_python_logic> on 2026-04-20 00:00:00+00:00
[2026-04-21T09:22:34.364+0000] {standard_task_runner.py:55} INFO - Started process 2373 to run task
[2026-04-21T09:22:34.367+0000] {standard_task_runner.py:82} INFO - Running: ['***', 'tasks', 'run', 'python_scheduler_dag', 'run_python_logic', 'scheduled__2026-04-20T00:00:00+00:00', '--job-id', '5', '--raw', '--subdir', 'DAGS_FOLDER/schedule_dag.py', '--cfg-path', '/tmp/tmp0uoshb90']
[2026-04-21T09:22:34.368+0000] {standard_task_runner.py:83} INFO - Job 5: Subtask run_python_logic
[2026-04-21T09:22:34.451+0000] {task_command.py:388} INFO - Running <TaskInstance: python_scheduler_dag.run_python_logic scheduled__2026-04-20T00:00:00+00:00 [running]> on host f0cb804c8e87
[2026-04-21T09:22:34.533+0000] {taskinstance.py:1509} INFO - Exporting the following env vars:
AIRFLOW_CTX_DAG_OWNER=***
AIRFLOW_CTX_DAG_ID=python_scheduler_dag
AIRFLOW_CTX_TASK_ID=run_python_logic
AIRFLOW_CTX_EXECUTION_DATE=2026-04-20T00:00:00+00:00
AIRFLOW_CTX_TRY_NUMBER=1
AIRFLOW_CTX_DAG_RUN_ID=scheduled__2026-04-20T00:00:00+00:00
[2026-04-21T09:22:34.536+0000] {logging_mixin.py:137} INFO - 🚀 Запуск задачи...
[2026-04-21T09:22:34.536+0000] {logging_mixin.py:137} INFO - Python version: 3.7.16 (default, Jan 18 2023, 03:29:28) 
[GCC 10.2.1 20210110]
[2026-04-21T09:22:34.537+0000] {logging_mixin.py:137} INFO - Working directory: /opt/***
[2026-04-21T09:22:34.538+0000] {logging_mixin.py:137} INFO - ✅ Результат: {'status': 'success', 'timestamp': '2026-04-21T09:22:34.538314'}
[2026-04-21T09:22:34.538+0000] {python.py:177} INFO - Done. Returned value was: {'status': 'success', 'timestamp': '2026-04-21T09:22:34.538314'}
[2026-04-21T09:22:34.562+0000] {taskinstance.py:1323} INFO - Marking task as SUCCESS. dag_id=python_scheduler_dag, task_id=run_python_logic, execution_date=20260420T000000, start_date=20260421T092234, end_date=20260421T092234
[2026-04-21T09:22:34.580+0000] {local_task_job.py:208} INFO - Task exited with return code 0
[2026-04-21T09:22:34.607+0000] {taskinstance.py:2578} INFO - 0 downstream tasks scheduled from follow-on schedule check
