[2026-05-03T11:04:15.531+0000] {taskinstance.py:1083} INFO - Dependencies all met for <TaskInstance: moex_candles_loader.run_candles_loader manual__2026-05-03T11:04:14.514496+00:00 [queued]>
[2026-05-03T11:04:15.545+0000] {taskinstance.py:1083} INFO - Dependencies all met for <TaskInstance: moex_candles_loader.run_candles_loader manual__2026-05-03T11:04:14.514496+00:00 [queued]>
[2026-05-03T11:04:15.547+0000] {taskinstance.py:1279} INFO - 
--------------------------------------------------------------------------------
[2026-05-03T11:04:15.548+0000] {taskinstance.py:1280} INFO - Starting attempt 1 of 1
[2026-05-03T11:04:15.549+0000] {taskinstance.py:1281} INFO - 
--------------------------------------------------------------------------------
[2026-05-03T11:04:15.576+0000] {taskinstance.py:1300} INFO - Executing <Task(BashOperator): run_candles_loader> on 2026-05-03 11:04:14.514496+00:00
[2026-05-03T11:04:15.587+0000] {standard_task_runner.py:55} INFO - Started process 232 to run task
[2026-05-03T11:04:15.593+0000] {standard_task_runner.py:82} INFO - Running: ['***', 'tasks', 'run', 'moex_candles_loader', 'run_candles_loader', 'manual__2026-05-03T11:04:14.514496+00:00', '--job-id', '22', '--raw', '--subdir', 'DAGS_FOLDER/moex_loader_dag.py', '--cfg-path', '/tmp/tmpt5jyrcey']
[2026-05-03T11:04:15.595+0000] {standard_task_runner.py:83} INFO - Job 22: Subtask run_candles_loader
[2026-05-03T11:04:15.772+0000] {task_command.py:388} INFO - Running <TaskInstance: moex_candles_loader.run_candles_loader manual__2026-05-03T11:04:14.514496+00:00 [running]> on host 3345e40a56b0
[2026-05-03T11:04:15.915+0000] {taskinstance.py:1509} INFO - Exporting the following env vars:
AIRFLOW_CTX_DAG_OWNER=***
AIRFLOW_CTX_DAG_ID=moex_candles_loader
AIRFLOW_CTX_TASK_ID=run_candles_loader
AIRFLOW_CTX_EXECUTION_DATE=2026-05-03T11:04:14.514496+00:00
AIRFLOW_CTX_TRY_NUMBER=1
AIRFLOW_CTX_DAG_RUN_ID=manual__2026-05-03T11:04:14.514496+00:00
[2026-05-03T11:04:15.921+0000] {subprocess.py:63} INFO - Tmp dir root location: 
 /tmp
[2026-05-03T11:04:15.924+0000] {subprocess.py:75} INFO - Running command: ['/bin/bash', '-c', 'python /opt/***/dags/scripts/candles_loader.py']
[2026-05-03T11:04:15.942+0000] {subprocess.py:86} INFO - Output:
[2026-05-03T11:04:17.805+0000] {subprocess.py:93} INFO - Traceback (most recent call last):
[2026-05-03T11:04:17.806+0000] {subprocess.py:93} INFO -   File "/opt/***/dags/scripts/candles_loader.py", line 8, in <module>
[2026-05-03T11:04:17.807+0000] {subprocess.py:93} INFO -     from moexalgo import Ticker
[2026-05-03T11:04:17.807+0000] {subprocess.py:93} INFO - ModuleNotFoundError: No module named 'moexalgo'
[2026-05-03T11:04:17.966+0000] {subprocess.py:97} INFO - Command exited with return code 1
[2026-05-03T11:04:17.987+0000] {taskinstance.py:1768} ERROR - Task failed with exception
Traceback (most recent call last):
  File "/home/airflow/.local/lib/python3.7/site-packages/airflow/operators/bash.py", line 197, in execute
    f"Bash command failed. The command returned a non-zero exit code {result.exit_code}."
airflow.exceptions.AirflowException: Bash command failed. The command returned a non-zero exit code 1.
[2026-05-03T11:04:17.993+0000] {taskinstance.py:1323} INFO - Marking task as FAILED. dag_id=moex_candles_loader, task_id=run_candles_loader, execution_date=20260503T110414, start_date=20260503T110415, end_date=20260503T110417
[2026-05-03T11:04:18.023+0000] {standard_task_runner.py:105} ERROR - Failed to execute job 22 for task run_candles_loader (Bash command failed. The command returned a non-zero exit code 1.; 232)
[2026-05-03T11:04:18.059+0000] {local_task_job.py:208} INFO - Task exited with return code 1
[2026-05-03T11:04:18.079+0000] {taskinstance.py:2578} INFO - 0 downstream tasks scheduled from follow-on schedule check
