[2026-05-13T21:04:35.374+0000] {local_task_job_runner.py:120} INFO - ::group::Pre task execution logs
[2026-05-13T21:04:35.411+0000] {taskinstance.py:2076} INFO - Dependencies all met for dep_context=non-requeueable deps ti=<TaskInstance: moex_candles_loader.run_dashboard_create manual__2026-05-13T20:55:06.402874+00:00 [queued]>
[2026-05-13T21:04:35.424+0000] {taskinstance.py:2076} INFO - Dependencies all met for dep_context=requeueable deps ti=<TaskInstance: moex_candles_loader.run_dashboard_create manual__2026-05-13T20:55:06.402874+00:00 [queued]>
[2026-05-13T21:04:35.425+0000] {taskinstance.py:2306} INFO - Starting attempt 2 of 2
[2026-05-13T21:04:35.451+0000] {taskinstance.py:2330} INFO - Executing <Task(BashOperator): run_dashboard_create> on 2026-05-13 20:55:06.402874+00:00
[2026-05-13T21:04:35.464+0000] {warnings.py:112} WARNING - /home/***/.local/lib/python3.12/site-packages/***/task/task_runner/standard_task_runner.py:62: DeprecationWarning: This process (pid=488) is multi-threaded, use of fork() may lead to deadlocks in the child.
  pid = os.fork()

[2026-05-13T21:04:35.467+0000] {standard_task_runner.py:64} INFO - Started process 490 to run task
[2026-05-13T21:04:35.467+0000] {standard_task_runner.py:90} INFO - Running: ['***', 'tasks', 'run', 'moex_candles_loader', 'run_dashboard_create', 'manual__2026-05-13T20:55:06.402874+00:00', '--job-id', '97', '--raw', '--subdir', 'DAGS_FOLDER/moex_loader_dag.py', '--cfg-path', '/tmp/tmp_i4fyfcn']
[2026-05-13T21:04:35.471+0000] {standard_task_runner.py:91} INFO - Job 97: Subtask run_dashboard_create
[2026-05-13T21:04:35.577+0000] {task_command.py:426} INFO - Running <TaskInstance: moex_candles_loader.run_dashboard_create manual__2026-05-13T20:55:06.402874+00:00 [running]> on host ef4f4778eb40
[2026-05-13T21:04:35.738+0000] {taskinstance.py:2648} INFO - Exporting env vars: AIRFLOW_CTX_DAG_OWNER='***' AIRFLOW_CTX_DAG_ID='moex_candles_loader' AIRFLOW_CTX_TASK_ID='run_dashboard_create' AIRFLOW_CTX_EXECUTION_DATE='2026-05-13T20:55:06.402874+00:00' AIRFLOW_CTX_TRY_NUMBER='2' AIRFLOW_CTX_DAG_RUN_ID='manual__2026-05-13T20:55:06.402874+00:00'
[2026-05-13T21:04:35.746+0000] {taskinstance.py:430} INFO - ::endgroup::
[2026-05-13T21:04:35.749+0000] {subprocess.py:63} INFO - Tmp dir root location: /tmp
[2026-05-13T21:04:35.754+0000] {subprocess.py:75} INFO - Running command: ['/usr/bin/bash', '-c', 'python /opt/***/dags/scripts/create_superset_view.py']
[2026-05-13T21:04:35.789+0000] {subprocess.py:86} INFO - Output:
[2026-05-13T21:04:44.761+0000] {subprocess.py:93} INFO - 
[2026-05-13T21:04:44.788+0000] {subprocess.py:93} INFO - =======================================================
[2026-05-13T21:04:44.795+0000] {subprocess.py:93} INFO -   Создание v_superset_dashboard
[2026-05-13T21:04:44.799+0000] {subprocess.py:93} INFO - =======================================================
[2026-05-13T21:04:44.802+0000] {subprocess.py:93} INFO - 
[2026-05-13T21:04:44.808+0000] {subprocess.py:93} INFO -     ✓ Старый VIEW удалён
[2026-05-13T21:04:44.820+0000] {subprocess.py:93} INFO - [1/2] Создание v_superset_dashboard...
[2026-05-13T21:04:44.825+0000] {subprocess.py:93} INFO -     ✓ OK
[2026-05-13T21:04:44.832+0000] {subprocess.py:93} INFO - [2/2] Проверка VIEW...
[2026-05-13T21:04:44.839+0000] {subprocess.py:93} INFO - 
[2026-05-13T21:04:44.844+0000] {subprocess.py:93} INFO -     Результат:
[2026-05-13T21:04:44.851+0000] {subprocess.py:93} INFO -       total_rows             24767
[2026-05-13T21:04:44.854+0000] {subprocess.py:93} INFO -       date_from              2020-01-03 09:00:00
[2026-05-13T21:04:44.865+0000] {subprocess.py:93} INFO -       date_to                2026-05-13 20:00:00
[2026-05-13T21:04:44.866+0000] {subprocess.py:93} INFO -       rsi_not_null           24766
[2026-05-13T21:04:44.881+0000] {subprocess.py:93} INFO -       macd_not_null          24767
[2026-05-13T21:04:44.883+0000] {subprocess.py:93} INFO -       bb_not_null            24766
[2026-05-13T21:04:44.885+0000] {subprocess.py:93} INFO -       signals_not_null       24767
[2026-05-13T21:04:44.886+0000] {subprocess.py:93} INFO - 
[2026-05-13T21:04:44.887+0000] {subprocess.py:93} INFO - ✓ VIEW готов: minio.feature_data_gazp_agg.v_superset_dashboard
[2026-05-13T21:04:44.888+0000] {subprocess.py:93} INFO - 
[2026-05-13T21:04:44.889+0000] {subprocess.py:93} INFO - Подключи в Superset:
[2026-05-13T21:04:44.890+0000] {subprocess.py:93} INFO -   Dataset → + Dataset → Database: Trino
[2026-05-13T21:04:44.891+0000] {subprocess.py:93} INFO -   Schema: feature_data_gazp_agg
[2026-05-13T21:04:44.892+0000] {subprocess.py:93} INFO -   Table:  v_superset_dashboard
[2026-05-13T21:04:44.901+0000] {subprocess.py:97} INFO - Command exited with return code 0
[2026-05-13T21:04:44.903+0000] {taskinstance.py:441} INFO - ::group::Post task execution logs
[2026-05-13T21:04:44.976+0000] {taskinstance.py:1206} INFO - Marking task as SUCCESS. dag_id=moex_candles_loader, task_id=run_dashboard_create, run_id=manual__2026-05-13T20:55:06.402874+00:00, execution_date=20260513T205506, start_date=20260513T210435, end_date=20260513T210444
[2026-05-13T21:04:45.036+0000] {local_task_job_runner.py:243} INFO - Task exited with return code 0
[2026-05-13T21:04:45.062+0000] {taskinstance.py:3503} INFO - 0 downstream tasks scheduled from follow-on schedule check
[2026-05-13T21:04:45.068+0000] {local_task_job_runner.py:222} INFO - ::endgroup::
