[2026-05-05T04:12:50.499+0000] {processor.py:161} INFO - Started process (PID=44) to work on /opt/airflow/dags/moex_loader_dag.py
[2026-05-05T04:12:50.502+0000] {processor.py:830} INFO - Processing file /opt/airflow/dags/moex_loader_dag.py for tasks to queue
[2026-05-05T04:12:50.507+0000] {logging_mixin.py:188} INFO - [2026-05-05T04:12:50.507+0000] {dagbag.py:545} INFO - Filling up the DagBag from /opt/airflow/dags/moex_loader_dag.py
[2026-05-05T04:12:50.543+0000] {processor.py:840} INFO - DAG(s) 'moex_candles_loader' retrieved from /opt/airflow/dags/moex_loader_dag.py
[2026-05-05T04:12:50.659+0000] {logging_mixin.py:188} INFO - [2026-05-05T04:12:50.658+0000] {dag.py:3089} INFO - Sync 1 DAGs
[2026-05-05T04:12:50.694+0000] {logging_mixin.py:188} INFO - [2026-05-05T04:12:50.693+0000] {dag.py:3947} INFO - Setting next_dagrun for moex_candles_loader to None, run_after=None
[2026-05-05T04:12:50.739+0000] {processor.py:183} INFO - Processing /opt/airflow/dags/moex_loader_dag.py took 0.250 seconds
[2026-05-05T04:13:20.888+0000] {processor.py:161} INFO - Started process (PID=113) to work on /opt/airflow/dags/moex_loader_dag.py
[2026-05-05T04:13:20.892+0000] {processor.py:830} INFO - Processing file /opt/airflow/dags/moex_loader_dag.py for tasks to queue
[2026-05-05T04:13:20.905+0000] {logging_mixin.py:188} INFO - [2026-05-05T04:13:20.905+0000] {dagbag.py:545} INFO - Filling up the DagBag from /opt/airflow/dags/moex_loader_dag.py
[2026-05-05T04:13:20.968+0000] {processor.py:840} INFO - DAG(s) 'moex_candles_loader' retrieved from /opt/airflow/dags/moex_loader_dag.py
[2026-05-05T04:13:21.235+0000] {logging_mixin.py:188} INFO - [2026-05-05T04:13:21.234+0000] {dag.py:3089} INFO - Sync 1 DAGs
[2026-05-05T04:13:21.280+0000] {logging_mixin.py:188} INFO - [2026-05-05T04:13:21.280+0000] {dag.py:3947} INFO - Setting next_dagrun for moex_candles_loader to None, run_after=None
[2026-05-05T04:13:21.346+0000] {processor.py:183} INFO - Processing /opt/airflow/dags/moex_loader_dag.py took 0.473 seconds
[2026-05-05T04:13:51.763+0000] {processor.py:161} INFO - Started process (PID=180) to work on /opt/airflow/dags/moex_loader_dag.py
[2026-05-05T04:13:51.787+0000] {processor.py:830} INFO - Processing file /opt/airflow/dags/moex_loader_dag.py for tasks to queue
[2026-05-05T04:13:51.795+0000] {logging_mixin.py:188} INFO - [2026-05-05T04:13:51.795+0000] {dagbag.py:545} INFO - Filling up the DagBag from /opt/airflow/dags/moex_loader_dag.py
[2026-05-05T04:13:51.898+0000] {processor.py:840} INFO - DAG(s) 'moex_candles_loader' retrieved from /opt/airflow/dags/moex_loader_dag.py
[2026-05-05T04:13:51.940+0000] {logging_mixin.py:188} INFO - [2026-05-05T04:13:51.939+0000] {dag.py:3089} INFO - Sync 1 DAGs
[2026-05-05T04:13:51.960+0000] {logging_mixin.py:188} INFO - [2026-05-05T04:13:51.959+0000] {dag.py:3947} INFO - Setting next_dagrun for moex_candles_loader to None, run_after=None
[2026-05-05T04:13:52.008+0000] {processor.py:183} INFO - Processing /opt/airflow/dags/moex_loader_dag.py took 0.255 seconds
[2026-05-05T04:14:22.308+0000] {processor.py:161} INFO - Started process (PID=256) to work on /opt/airflow/dags/moex_loader_dag.py
[2026-05-05T04:14:22.309+0000] {processor.py:830} INFO - Processing file /opt/airflow/dags/moex_loader_dag.py for tasks to queue
[2026-05-05T04:14:22.316+0000] {logging_mixin.py:188} INFO - [2026-05-05T04:14:22.315+0000] {dagbag.py:545} INFO - Filling up the DagBag from /opt/airflow/dags/moex_loader_dag.py
[2026-05-05T04:14:22.365+0000] {processor.py:840} INFO - DAG(s) 'moex_candles_loader' retrieved from /opt/airflow/dags/moex_loader_dag.py
[2026-05-05T04:14:22.396+0000] {logging_mixin.py:188} INFO - [2026-05-05T04:14:22.396+0000] {dag.py:3089} INFO - Sync 1 DAGs
[2026-05-05T04:14:22.416+0000] {logging_mixin.py:188} INFO - [2026-05-05T04:14:22.416+0000] {dag.py:3947} INFO - Setting next_dagrun for moex_candles_loader to None, run_after=None
[2026-05-05T04:14:22.448+0000] {processor.py:183} INFO - Processing /opt/airflow/dags/moex_loader_dag.py took 0.149 seconds
[2026-05-05T04:14:53.101+0000] {processor.py:161} INFO - Started process (PID=324) to work on /opt/airflow/dags/moex_loader_dag.py
[2026-05-05T04:14:53.105+0000] {processor.py:830} INFO - Processing file /opt/airflow/dags/moex_loader_dag.py for tasks to queue
[2026-05-05T04:14:53.110+0000] {logging_mixin.py:188} INFO - [2026-05-05T04:14:53.110+0000] {dagbag.py:545} INFO - Filling up the DagBag from /opt/airflow/dags/moex_loader_dag.py
[2026-05-05T04:14:53.172+0000] {processor.py:840} INFO - DAG(s) 'moex_candles_loader' retrieved from /opt/airflow/dags/moex_loader_dag.py
[2026-05-05T04:14:53.216+0000] {logging_mixin.py:188} INFO - [2026-05-05T04:14:53.216+0000] {dag.py:3089} INFO - Sync 1 DAGs
[2026-05-05T04:14:53.241+0000] {logging_mixin.py:188} INFO - [2026-05-05T04:14:53.240+0000] {dag.py:3947} INFO - Setting next_dagrun for moex_candles_loader to None, run_after=None
[2026-05-05T04:14:53.288+0000] {processor.py:183} INFO - Processing /opt/airflow/dags/moex_loader_dag.py took 0.203 seconds
[2026-05-05T04:15:24.159+0000] {processor.py:161} INFO - Started process (PID=392) to work on /opt/airflow/dags/moex_loader_dag.py
[2026-05-05T04:15:24.162+0000] {processor.py:830} INFO - Processing file /opt/airflow/dags/moex_loader_dag.py for tasks to queue
[2026-05-05T04:15:24.166+0000] {logging_mixin.py:188} INFO - [2026-05-05T04:15:24.166+0000] {dagbag.py:545} INFO - Filling up the DagBag from /opt/airflow/dags/moex_loader_dag.py
[2026-05-05T04:15:24.197+0000] {processor.py:840} INFO - DAG(s) 'moex_candles_loader' retrieved from /opt/airflow/dags/moex_loader_dag.py
[2026-05-05T04:15:24.232+0000] {logging_mixin.py:188} INFO - [2026-05-05T04:15:24.231+0000] {dag.py:3089} INFO - Sync 1 DAGs
[2026-05-05T04:15:24.253+0000] {logging_mixin.py:188} INFO - [2026-05-05T04:15:24.253+0000] {dag.py:3947} INFO - Setting next_dagrun for moex_candles_loader to None, run_after=None
[2026-05-05T04:15:24.415+0000] {processor.py:183} INFO - Processing /opt/airflow/dags/moex_loader_dag.py took 0.266 seconds
[2026-05-05T04:15:55.225+0000] {processor.py:161} INFO - Started process (PID=460) to work on /opt/airflow/dags/moex_loader_dag.py
[2026-05-05T04:15:55.229+0000] {processor.py:830} INFO - Processing file /opt/airflow/dags/moex_loader_dag.py for tasks to queue
[2026-05-05T04:15:55.236+0000] {logging_mixin.py:188} INFO - [2026-05-05T04:15:55.236+0000] {dagbag.py:545} INFO - Filling up the DagBag from /opt/airflow/dags/moex_loader_dag.py
[2026-05-05T04:15:55.313+0000] {processor.py:840} INFO - DAG(s) 'moex_candles_loader' retrieved from /opt/airflow/dags/moex_loader_dag.py
[2026-05-05T04:15:55.360+0000] {logging_mixin.py:188} INFO - [2026-05-05T04:15:55.360+0000] {dag.py:3089} INFO - Sync 1 DAGs
[2026-05-05T04:15:55.394+0000] {logging_mixin.py:188} INFO - [2026-05-05T04:15:55.393+0000] {dag.py:3947} INFO - Setting next_dagrun for moex_candles_loader to None, run_after=None
[2026-05-05T04:15:55.450+0000] {processor.py:183} INFO - Processing /opt/airflow/dags/moex_loader_dag.py took 0.239 seconds
[2026-05-05T04:16:25.992+0000] {processor.py:161} INFO - Started process (PID=528) to work on /opt/airflow/dags/moex_loader_dag.py
[2026-05-05T04:16:25.994+0000] {processor.py:830} INFO - Processing file /opt/airflow/dags/moex_loader_dag.py for tasks to queue
[2026-05-05T04:16:25.997+0000] {logging_mixin.py:188} INFO - [2026-05-05T04:16:25.997+0000] {dagbag.py:545} INFO - Filling up the DagBag from /opt/airflow/dags/moex_loader_dag.py
[2026-05-05T04:16:26.029+0000] {processor.py:840} INFO - DAG(s) 'moex_candles_loader' retrieved from /opt/airflow/dags/moex_loader_dag.py
[2026-05-05T04:16:26.059+0000] {logging_mixin.py:188} INFO - [2026-05-05T04:16:26.058+0000] {dag.py:3089} INFO - Sync 1 DAGs
[2026-05-05T04:16:26.078+0000] {logging_mixin.py:188} INFO - [2026-05-05T04:16:26.077+0000] {dag.py:3947} INFO - Setting next_dagrun for moex_candles_loader to None, run_after=None
[2026-05-05T04:16:26.135+0000] {processor.py:183} INFO - Processing /opt/airflow/dags/moex_loader_dag.py took 0.154 seconds
[2026-05-05T04:16:56.677+0000] {processor.py:161} INFO - Started process (PID=596) to work on /opt/airflow/dags/moex_loader_dag.py
[2026-05-05T04:16:56.680+0000] {processor.py:830} INFO - Processing file /opt/airflow/dags/moex_loader_dag.py for tasks to queue
[2026-05-05T04:16:56.684+0000] {logging_mixin.py:188} INFO - [2026-05-05T04:16:56.683+0000] {dagbag.py:545} INFO - Filling up the DagBag from /opt/airflow/dags/moex_loader_dag.py
[2026-05-05T04:16:56.764+0000] {processor.py:840} INFO - DAG(s) 'moex_candles_loader' retrieved from /opt/airflow/dags/moex_loader_dag.py
[2026-05-05T04:16:56.802+0000] {logging_mixin.py:188} INFO - [2026-05-05T04:16:56.801+0000] {dag.py:3089} INFO - Sync 1 DAGs
[2026-05-05T04:16:56.847+0000] {logging_mixin.py:188} INFO - [2026-05-05T04:16:56.847+0000] {dag.py:3947} INFO - Setting next_dagrun for moex_candles_loader to None, run_after=None
[2026-05-05T04:16:56.912+0000] {processor.py:183} INFO - Processing /opt/airflow/dags/moex_loader_dag.py took 0.253 seconds
[2026-05-05T04:17:27.250+0000] {processor.py:161} INFO - Started process (PID=672) to work on /opt/airflow/dags/moex_loader_dag.py
[2026-05-05T04:17:27.254+0000] {processor.py:830} INFO - Processing file /opt/airflow/dags/moex_loader_dag.py for tasks to queue
[2026-05-05T04:17:27.258+0000] {logging_mixin.py:188} INFO - [2026-05-05T04:17:27.257+0000] {dagbag.py:545} INFO - Filling up the DagBag from /opt/airflow/dags/moex_loader_dag.py
[2026-05-05T04:17:27.322+0000] {processor.py:840} INFO - DAG(s) 'moex_candles_loader' retrieved from /opt/airflow/dags/moex_loader_dag.py
[2026-05-05T04:17:27.367+0000] {logging_mixin.py:188} INFO - [2026-05-05T04:17:27.366+0000] {dag.py:3089} INFO - Sync 1 DAGs
[2026-05-05T04:17:27.392+0000] {logging_mixin.py:188} INFO - [2026-05-05T04:17:27.392+0000] {dag.py:3947} INFO - Setting next_dagrun for moex_candles_loader to None, run_after=None
[2026-05-05T04:17:27.435+0000] {processor.py:183} INFO - Processing /opt/airflow/dags/moex_loader_dag.py took 0.203 seconds
[2026-05-05T04:17:57.842+0000] {processor.py:161} INFO - Started process (PID=740) to work on /opt/airflow/dags/moex_loader_dag.py
[2026-05-05T04:17:57.844+0000] {processor.py:830} INFO - Processing file /opt/airflow/dags/moex_loader_dag.py for tasks to queue
[2026-05-05T04:17:57.848+0000] {logging_mixin.py:188} INFO - [2026-05-05T04:17:57.847+0000] {dagbag.py:545} INFO - Filling up the DagBag from /opt/airflow/dags/moex_loader_dag.py
[2026-05-05T04:17:57.902+0000] {processor.py:840} INFO - DAG(s) 'moex_candles_loader' retrieved from /opt/airflow/dags/moex_loader_dag.py
[2026-05-05T04:17:57.939+0000] {logging_mixin.py:188} INFO - [2026-05-05T04:17:57.938+0000] {dag.py:3089} INFO - Sync 1 DAGs
[2026-05-05T04:17:57.958+0000] {logging_mixin.py:188} INFO - [2026-05-05T04:17:57.958+0000] {dag.py:3947} INFO - Setting next_dagrun for moex_candles_loader to None, run_after=None
[2026-05-05T04:17:57.992+0000] {processor.py:183} INFO - Processing /opt/airflow/dags/moex_loader_dag.py took 0.161 seconds
[2026-05-05T04:18:28.582+0000] {processor.py:161} INFO - Started process (PID=808) to work on /opt/airflow/dags/moex_loader_dag.py
[2026-05-05T04:18:28.586+0000] {processor.py:830} INFO - Processing file /opt/airflow/dags/moex_loader_dag.py for tasks to queue
[2026-05-05T04:18:28.591+0000] {logging_mixin.py:188} INFO - [2026-05-05T04:18:28.590+0000] {dagbag.py:545} INFO - Filling up the DagBag from /opt/airflow/dags/moex_loader_dag.py
[2026-05-05T04:18:28.644+0000] {processor.py:840} INFO - DAG(s) 'moex_candles_loader' retrieved from /opt/airflow/dags/moex_loader_dag.py
[2026-05-05T04:18:28.684+0000] {logging_mixin.py:188} INFO - [2026-05-05T04:18:28.684+0000] {dag.py:3089} INFO - Sync 1 DAGs
[2026-05-05T04:18:28.708+0000] {logging_mixin.py:188} INFO - [2026-05-05T04:18:28.708+0000] {dag.py:3947} INFO - Setting next_dagrun for moex_candles_loader to None, run_after=None
[2026-05-05T04:18:28.751+0000] {processor.py:183} INFO - Processing /opt/airflow/dags/moex_loader_dag.py took 0.181 seconds
[2026-05-05T04:18:59.344+0000] {processor.py:161} INFO - Started process (PID=875) to work on /opt/airflow/dags/moex_loader_dag.py
[2026-05-05T04:18:59.349+0000] {processor.py:830} INFO - Processing file /opt/airflow/dags/moex_loader_dag.py for tasks to queue
[2026-05-05T04:18:59.357+0000] {logging_mixin.py:188} INFO - [2026-05-05T04:18:59.353+0000] {dagbag.py:545} INFO - Filling up the DagBag from /opt/airflow/dags/moex_loader_dag.py
[2026-05-05T04:18:59.390+0000] {processor.py:840} INFO - DAG(s) 'moex_candles_loader' retrieved from /opt/airflow/dags/moex_loader_dag.py
[2026-05-05T04:18:59.431+0000] {logging_mixin.py:188} INFO - [2026-05-05T04:18:59.431+0000] {dag.py:3089} INFO - Sync 1 DAGs
[2026-05-05T04:18:59.455+0000] {logging_mixin.py:188} INFO - [2026-05-05T04:18:59.455+0000] {dag.py:3947} INFO - Setting next_dagrun for moex_candles_loader to None, run_after=None
[2026-05-05T04:18:59.494+0000] {processor.py:183} INFO - Processing /opt/airflow/dags/moex_loader_dag.py took 0.169 seconds
[2026-05-05T04:24:25.229+0000] {processor.py:161} INFO - Started process (PID=44) to work on /opt/airflow/dags/moex_loader_dag.py
[2026-05-05T04:24:25.232+0000] {processor.py:830} INFO - Processing file /opt/airflow/dags/moex_loader_dag.py for tasks to queue
[2026-05-05T04:24:25.236+0000] {logging_mixin.py:188} INFO - [2026-05-05T04:24:25.236+0000] {dagbag.py:545} INFO - Filling up the DagBag from /opt/airflow/dags/moex_loader_dag.py
[2026-05-05T04:24:25.280+0000] {processor.py:840} INFO - DAG(s) 'moex_candles_loader' retrieved from /opt/airflow/dags/moex_loader_dag.py
[2026-05-05T04:24:25.621+0000] {logging_mixin.py:188} INFO - [2026-05-05T04:24:25.619+0000] {override.py:1858} INFO - Created Permission View: can edit on DAG:moex_candles_loader
[2026-05-05T04:24:25.636+0000] {logging_mixin.py:188} INFO - [2026-05-05T04:24:25.635+0000] {override.py:1858} INFO - Created Permission View: can delete on DAG:moex_candles_loader
[2026-05-05T04:24:25.647+0000] {logging_mixin.py:188} INFO - [2026-05-05T04:24:25.646+0000] {override.py:1858} INFO - Created Permission View: can read on DAG:moex_candles_loader
[2026-05-05T04:24:25.648+0000] {logging_mixin.py:188} INFO - [2026-05-05T04:24:25.648+0000] {dag.py:3089} INFO - Sync 1 DAGs
[2026-05-05T04:24:25.667+0000] {logging_mixin.py:188} INFO - [2026-05-05T04:24:25.667+0000] {dag.py:3111} INFO - Creating ORM DAG for moex_candles_loader
[2026-05-05T04:24:25.672+0000] {logging_mixin.py:188} INFO - [2026-05-05T04:24:25.672+0000] {dag.py:3947} INFO - Setting next_dagrun for moex_candles_loader to None, run_after=None
[2026-05-05T04:24:25.708+0000] {processor.py:183} INFO - Processing /opt/airflow/dags/moex_loader_dag.py took 0.494 seconds
[2026-05-05T04:24:56.421+0000] {processor.py:161} INFO - Started process (PID=119) to work on /opt/airflow/dags/moex_loader_dag.py
[2026-05-05T04:24:56.426+0000] {processor.py:830} INFO - Processing file /opt/airflow/dags/moex_loader_dag.py for tasks to queue
[2026-05-05T04:24:56.431+0000] {logging_mixin.py:188} INFO - [2026-05-05T04:24:56.431+0000] {dagbag.py:545} INFO - Filling up the DagBag from /opt/airflow/dags/moex_loader_dag.py
[2026-05-05T04:24:56.475+0000] {processor.py:840} INFO - DAG(s) 'moex_candles_loader' retrieved from /opt/airflow/dags/moex_loader_dag.py
[2026-05-05T04:24:56.513+0000] {logging_mixin.py:188} INFO - [2026-05-05T04:24:56.513+0000] {dag.py:3089} INFO - Sync 1 DAGs
[2026-05-05T04:24:56.540+0000] {logging_mixin.py:188} INFO - [2026-05-05T04:24:56.540+0000] {dag.py:3947} INFO - Setting next_dagrun for moex_candles_loader to None, run_after=None
[2026-05-05T04:24:56.582+0000] {processor.py:183} INFO - Processing /opt/airflow/dags/moex_loader_dag.py took 0.176 seconds
[2026-05-05T04:25:26.821+0000] {processor.py:161} INFO - Started process (PID=188) to work on /opt/airflow/dags/moex_loader_dag.py
[2026-05-05T04:25:26.823+0000] {processor.py:830} INFO - Processing file /opt/airflow/dags/moex_loader_dag.py for tasks to queue
[2026-05-05T04:25:26.827+0000] {logging_mixin.py:188} INFO - [2026-05-05T04:25:26.826+0000] {dagbag.py:545} INFO - Filling up the DagBag from /opt/airflow/dags/moex_loader_dag.py
[2026-05-05T04:25:26.858+0000] {processor.py:840} INFO - DAG(s) 'moex_candles_loader' retrieved from /opt/airflow/dags/moex_loader_dag.py
[2026-05-05T04:25:26.891+0000] {logging_mixin.py:188} INFO - [2026-05-05T04:25:26.891+0000] {dag.py:3089} INFO - Sync 1 DAGs
[2026-05-05T04:25:26.910+0000] {logging_mixin.py:188} INFO - [2026-05-05T04:25:26.910+0000] {dag.py:3947} INFO - Setting next_dagrun for moex_candles_loader to None, run_after=None
[2026-05-05T04:25:27.383+0000] {processor.py:183} INFO - Processing /opt/airflow/dags/moex_loader_dag.py took 0.574 seconds
[2026-05-05T04:25:57.805+0000] {processor.py:161} INFO - Started process (PID=256) to work on /opt/airflow/dags/moex_loader_dag.py
[2026-05-05T04:25:57.808+0000] {processor.py:830} INFO - Processing file /opt/airflow/dags/moex_loader_dag.py for tasks to queue
[2026-05-05T04:25:57.813+0000] {logging_mixin.py:188} INFO - [2026-05-05T04:25:57.812+0000] {dagbag.py:545} INFO - Filling up the DagBag from /opt/airflow/dags/moex_loader_dag.py
[2026-05-05T04:25:57.856+0000] {processor.py:840} INFO - DAG(s) 'moex_candles_loader' retrieved from /opt/airflow/dags/moex_loader_dag.py
[2026-05-05T04:25:57.895+0000] {logging_mixin.py:188} INFO - [2026-05-05T04:25:57.894+0000] {dag.py:3089} INFO - Sync 1 DAGs
[2026-05-05T04:25:57.914+0000] {logging_mixin.py:188} INFO - [2026-05-05T04:25:57.914+0000] {dag.py:3947} INFO - Setting next_dagrun for moex_candles_loader to None, run_after=None
[2026-05-05T04:25:57.955+0000] {processor.py:183} INFO - Processing /opt/airflow/dags/moex_loader_dag.py took 0.160 seconds
[2026-05-05T04:26:28.208+0000] {processor.py:161} INFO - Started process (PID=324) to work on /opt/airflow/dags/moex_loader_dag.py
[2026-05-05T04:26:28.211+0000] {processor.py:830} INFO - Processing file /opt/airflow/dags/moex_loader_dag.py for tasks to queue
[2026-05-05T04:26:28.216+0000] {logging_mixin.py:188} INFO - [2026-05-05T04:26:28.215+0000] {dagbag.py:545} INFO - Filling up the DagBag from /opt/airflow/dags/moex_loader_dag.py
[2026-05-05T04:26:28.273+0000] {processor.py:840} INFO - DAG(s) 'moex_candles_loader' retrieved from /opt/airflow/dags/moex_loader_dag.py
[2026-05-05T04:26:28.322+0000] {logging_mixin.py:188} INFO - [2026-05-05T04:26:28.321+0000] {dag.py:3089} INFO - Sync 1 DAGs
[2026-05-05T04:26:28.348+0000] {logging_mixin.py:188} INFO - [2026-05-05T04:26:28.347+0000] {dag.py:3947} INFO - Setting next_dagrun for moex_candles_loader to None, run_after=None
[2026-05-05T04:26:28.423+0000] {processor.py:183} INFO - Processing /opt/airflow/dags/moex_loader_dag.py took 0.228 seconds
[2026-05-05T04:26:59.174+0000] {processor.py:161} INFO - Started process (PID=392) to work on /opt/airflow/dags/moex_loader_dag.py
[2026-05-05T04:26:59.177+0000] {processor.py:830} INFO - Processing file /opt/airflow/dags/moex_loader_dag.py for tasks to queue
[2026-05-05T04:26:59.189+0000] {logging_mixin.py:188} INFO - [2026-05-05T04:26:59.189+0000] {dagbag.py:545} INFO - Filling up the DagBag from /opt/airflow/dags/moex_loader_dag.py
[2026-05-05T04:26:59.239+0000] {processor.py:840} INFO - DAG(s) 'moex_candles_loader' retrieved from /opt/airflow/dags/moex_loader_dag.py
[2026-05-05T04:26:59.284+0000] {logging_mixin.py:188} INFO - [2026-05-05T04:26:59.283+0000] {dag.py:3089} INFO - Sync 1 DAGs
[2026-05-05T04:26:59.310+0000] {logging_mixin.py:188} INFO - [2026-05-05T04:26:59.310+0000] {dag.py:3947} INFO - Setting next_dagrun for moex_candles_loader to None, run_after=None
[2026-05-05T04:26:59.359+0000] {processor.py:183} INFO - Processing /opt/airflow/dags/moex_loader_dag.py took 0.196 seconds
[2026-05-05T04:27:29.653+0000] {processor.py:161} INFO - Started process (PID=459) to work on /opt/airflow/dags/moex_loader_dag.py
[2026-05-05T04:27:29.656+0000] {processor.py:830} INFO - Processing file /opt/airflow/dags/moex_loader_dag.py for tasks to queue
[2026-05-05T04:27:29.662+0000] {logging_mixin.py:188} INFO - [2026-05-05T04:27:29.662+0000] {dagbag.py:545} INFO - Filling up the DagBag from /opt/airflow/dags/moex_loader_dag.py
[2026-05-05T04:27:29.717+0000] {processor.py:840} INFO - DAG(s) 'moex_candles_loader' retrieved from /opt/airflow/dags/moex_loader_dag.py
[2026-05-05T04:27:29.762+0000] {logging_mixin.py:188} INFO - [2026-05-05T04:27:29.761+0000] {dag.py:3089} INFO - Sync 1 DAGs
[2026-05-05T04:27:29.787+0000] {logging_mixin.py:188} INFO - [2026-05-05T04:27:29.787+0000] {dag.py:3947} INFO - Setting next_dagrun for moex_candles_loader to None, run_after=None
[2026-05-05T04:27:29.855+0000] {processor.py:183} INFO - Processing /opt/airflow/dags/moex_loader_dag.py took 0.212 seconds
[2026-05-05T04:27:59.945+0000] {processor.py:161} INFO - Started process (PID=534) to work on /opt/airflow/dags/moex_loader_dag.py
[2026-05-05T04:27:59.947+0000] {processor.py:830} INFO - Processing file /opt/airflow/dags/moex_loader_dag.py for tasks to queue
[2026-05-05T04:27:59.951+0000] {logging_mixin.py:188} INFO - [2026-05-05T04:27:59.950+0000] {dagbag.py:545} INFO - Filling up the DagBag from /opt/airflow/dags/moex_loader_dag.py
[2026-05-05T04:27:59.994+0000] {processor.py:840} INFO - DAG(s) 'moex_candles_loader' retrieved from /opt/airflow/dags/moex_loader_dag.py
[2026-05-05T04:28:00.032+0000] {logging_mixin.py:188} INFO - [2026-05-05T04:28:00.031+0000] {dag.py:3089} INFO - Sync 1 DAGs
[2026-05-05T04:28:00.056+0000] {logging_mixin.py:188} INFO - [2026-05-05T04:28:00.055+0000] {dag.py:3947} INFO - Setting next_dagrun for moex_candles_loader to None, run_after=None
[2026-05-05T04:28:00.119+0000] {processor.py:183} INFO - Processing /opt/airflow/dags/moex_loader_dag.py took 0.187 seconds
[2026-05-05T04:28:30.339+0000] {processor.py:161} INFO - Started process (PID=602) to work on /opt/airflow/dags/moex_loader_dag.py
[2026-05-05T04:28:30.341+0000] {processor.py:830} INFO - Processing file /opt/airflow/dags/moex_loader_dag.py for tasks to queue
[2026-05-05T04:28:30.349+0000] {logging_mixin.py:188} INFO - [2026-05-05T04:28:30.349+0000] {dagbag.py:545} INFO - Filling up the DagBag from /opt/airflow/dags/moex_loader_dag.py
[2026-05-05T04:28:30.402+0000] {processor.py:840} INFO - DAG(s) 'moex_candles_loader' retrieved from /opt/airflow/dags/moex_loader_dag.py
[2026-05-05T04:28:30.432+0000] {logging_mixin.py:188} INFO - [2026-05-05T04:28:30.431+0000] {dag.py:3089} INFO - Sync 1 DAGs
[2026-05-05T04:28:30.452+0000] {logging_mixin.py:188} INFO - [2026-05-05T04:28:30.451+0000] {dag.py:3947} INFO - Setting next_dagrun for moex_candles_loader to None, run_after=None
[2026-05-05T04:28:30.642+0000] {processor.py:183} INFO - Processing /opt/airflow/dags/moex_loader_dag.py took 0.319 seconds
[2026-05-05T04:29:01.003+0000] {processor.py:161} INFO - Started process (PID=670) to work on /opt/airflow/dags/moex_loader_dag.py
[2026-05-05T04:29:01.009+0000] {processor.py:830} INFO - Processing file /opt/airflow/dags/moex_loader_dag.py for tasks to queue
[2026-05-05T04:29:01.024+0000] {logging_mixin.py:188} INFO - [2026-05-05T04:29:01.023+0000] {dagbag.py:545} INFO - Filling up the DagBag from /opt/airflow/dags/moex_loader_dag.py
[2026-05-05T04:29:01.110+0000] {processor.py:840} INFO - DAG(s) 'moex_candles_loader' retrieved from /opt/airflow/dags/moex_loader_dag.py
[2026-05-05T04:29:01.145+0000] {logging_mixin.py:188} INFO - [2026-05-05T04:29:01.145+0000] {dag.py:3089} INFO - Sync 1 DAGs
[2026-05-05T04:29:01.163+0000] {logging_mixin.py:188} INFO - [2026-05-05T04:29:01.163+0000] {dag.py:3947} INFO - Setting next_dagrun for moex_candles_loader to None, run_after=None
[2026-05-05T04:29:01.206+0000] {processor.py:183} INFO - Processing /opt/airflow/dags/moex_loader_dag.py took 0.216 seconds
[2026-05-05T04:29:32.052+0000] {processor.py:161} INFO - Started process (PID=738) to work on /opt/airflow/dags/moex_loader_dag.py
[2026-05-05T04:29:32.054+0000] {processor.py:830} INFO - Processing file /opt/airflow/dags/moex_loader_dag.py for tasks to queue
[2026-05-05T04:29:32.058+0000] {logging_mixin.py:188} INFO - [2026-05-05T04:29:32.057+0000] {dagbag.py:545} INFO - Filling up the DagBag from /opt/airflow/dags/moex_loader_dag.py
[2026-05-05T04:29:32.107+0000] {processor.py:840} INFO - DAG(s) 'moex_candles_loader' retrieved from /opt/airflow/dags/moex_loader_dag.py
[2026-05-05T04:29:32.138+0000] {logging_mixin.py:188} INFO - [2026-05-05T04:29:32.138+0000] {dag.py:3089} INFO - Sync 1 DAGs
[2026-05-05T04:29:32.157+0000] {logging_mixin.py:188} INFO - [2026-05-05T04:29:32.156+0000] {dag.py:3947} INFO - Setting next_dagrun for moex_candles_loader to None, run_after=None
[2026-05-05T04:29:32.224+0000] {processor.py:183} INFO - Processing /opt/airflow/dags/moex_loader_dag.py took 0.182 seconds
[2026-05-05T04:30:02.759+0000] {processor.py:161} INFO - Started process (PID=806) to work on /opt/airflow/dags/moex_loader_dag.py
[2026-05-05T04:30:02.761+0000] {processor.py:830} INFO - Processing file /opt/airflow/dags/moex_loader_dag.py for tasks to queue
[2026-05-05T04:30:02.765+0000] {logging_mixin.py:188} INFO - [2026-05-05T04:30:02.765+0000] {dagbag.py:545} INFO - Filling up the DagBag from /opt/airflow/dags/moex_loader_dag.py
[2026-05-05T04:30:02.784+0000] {processor.py:840} INFO - DAG(s) 'moex_candles_loader' retrieved from /opt/airflow/dags/moex_loader_dag.py
[2026-05-05T04:30:02.815+0000] {logging_mixin.py:188} INFO - [2026-05-05T04:30:02.815+0000] {dag.py:3089} INFO - Sync 1 DAGs
[2026-05-05T04:30:02.833+0000] {logging_mixin.py:188} INFO - [2026-05-05T04:30:02.833+0000] {dag.py:3947} INFO - Setting next_dagrun for moex_candles_loader to None, run_after=None
[2026-05-05T04:30:02.869+0000] {processor.py:183} INFO - Processing /opt/airflow/dags/moex_loader_dag.py took 0.121 seconds
[2026-05-05T04:30:33.494+0000] {processor.py:161} INFO - Started process (PID=881) to work on /opt/airflow/dags/moex_loader_dag.py
[2026-05-05T04:30:33.496+0000] {processor.py:830} INFO - Processing file /opt/airflow/dags/moex_loader_dag.py for tasks to queue
[2026-05-05T04:30:33.501+0000] {logging_mixin.py:188} INFO - [2026-05-05T04:30:33.501+0000] {dagbag.py:545} INFO - Filling up the DagBag from /opt/airflow/dags/moex_loader_dag.py
[2026-05-05T04:30:33.537+0000] {processor.py:840} INFO - DAG(s) 'moex_candles_loader' retrieved from /opt/airflow/dags/moex_loader_dag.py
[2026-05-05T04:30:33.571+0000] {logging_mixin.py:188} INFO - [2026-05-05T04:30:33.571+0000] {dag.py:3089} INFO - Sync 1 DAGs
[2026-05-05T04:30:33.591+0000] {logging_mixin.py:188} INFO - [2026-05-05T04:30:33.591+0000] {dag.py:3947} INFO - Setting next_dagrun for moex_candles_loader to None, run_after=None
[2026-05-05T04:30:33.624+0000] {processor.py:183} INFO - Processing /opt/airflow/dags/moex_loader_dag.py took 0.141 seconds
[2026-05-05T04:31:04.155+0000] {processor.py:161} INFO - Started process (PID=949) to work on /opt/airflow/dags/moex_loader_dag.py
[2026-05-05T04:31:04.157+0000] {processor.py:830} INFO - Processing file /opt/airflow/dags/moex_loader_dag.py for tasks to queue
[2026-05-05T04:31:04.161+0000] {logging_mixin.py:188} INFO - [2026-05-05T04:31:04.160+0000] {dagbag.py:545} INFO - Filling up the DagBag from /opt/airflow/dags/moex_loader_dag.py
[2026-05-05T04:31:04.196+0000] {processor.py:840} INFO - DAG(s) 'moex_candles_loader' retrieved from /opt/airflow/dags/moex_loader_dag.py
[2026-05-05T04:31:04.241+0000] {logging_mixin.py:188} INFO - [2026-05-05T04:31:04.240+0000] {dag.py:3089} INFO - Sync 1 DAGs
[2026-05-05T04:31:04.266+0000] {logging_mixin.py:188} INFO - [2026-05-05T04:31:04.266+0000] {dag.py:3947} INFO - Setting next_dagrun for moex_candles_loader to None, run_after=None
[2026-05-05T04:31:04.314+0000] {processor.py:183} INFO - Processing /opt/airflow/dags/moex_loader_dag.py took 0.170 seconds
[2026-05-05T04:31:35.242+0000] {processor.py:161} INFO - Started process (PID=1017) to work on /opt/airflow/dags/moex_loader_dag.py
[2026-05-05T04:31:35.244+0000] {processor.py:830} INFO - Processing file /opt/airflow/dags/moex_loader_dag.py for tasks to queue
[2026-05-05T04:31:35.252+0000] {logging_mixin.py:188} INFO - [2026-05-05T04:31:35.251+0000] {dagbag.py:545} INFO - Filling up the DagBag from /opt/airflow/dags/moex_loader_dag.py
[2026-05-05T04:31:35.344+0000] {processor.py:840} INFO - DAG(s) 'moex_candles_loader' retrieved from /opt/airflow/dags/moex_loader_dag.py
[2026-05-05T04:31:35.395+0000] {logging_mixin.py:188} INFO - [2026-05-05T04:31:35.394+0000] {dag.py:3089} INFO - Sync 1 DAGs
[2026-05-05T04:31:35.419+0000] {logging_mixin.py:188} INFO - [2026-05-05T04:31:35.419+0000] {dag.py:3947} INFO - Setting next_dagrun for moex_candles_loader to None, run_after=None
[2026-05-05T04:31:35.469+0000] {processor.py:183} INFO - Processing /opt/airflow/dags/moex_loader_dag.py took 0.242 seconds
[2026-05-05T04:32:05.588+0000] {processor.py:161} INFO - Started process (PID=1085) to work on /opt/airflow/dags/moex_loader_dag.py
[2026-05-05T04:32:05.591+0000] {processor.py:830} INFO - Processing file /opt/airflow/dags/moex_loader_dag.py for tasks to queue
[2026-05-05T04:32:05.599+0000] {logging_mixin.py:188} INFO - [2026-05-05T04:32:05.598+0000] {dagbag.py:545} INFO - Filling up the DagBag from /opt/airflow/dags/moex_loader_dag.py
[2026-05-05T04:32:05.671+0000] {processor.py:840} INFO - DAG(s) 'moex_candles_loader' retrieved from /opt/airflow/dags/moex_loader_dag.py
[2026-05-05T04:32:05.720+0000] {logging_mixin.py:188} INFO - [2026-05-05T04:32:05.720+0000] {dag.py:3089} INFO - Sync 1 DAGs
[2026-05-05T04:32:05.742+0000] {logging_mixin.py:188} INFO - [2026-05-05T04:32:05.742+0000] {dag.py:3947} INFO - Setting next_dagrun for moex_candles_loader to None, run_after=None
[2026-05-05T04:32:05.785+0000] {processor.py:183} INFO - Processing /opt/airflow/dags/moex_loader_dag.py took 0.212 seconds
[2026-05-05T04:32:36.056+0000] {processor.py:161} INFO - Started process (PID=1153) to work on /opt/airflow/dags/moex_loader_dag.py
[2026-05-05T04:32:36.058+0000] {processor.py:830} INFO - Processing file /opt/airflow/dags/moex_loader_dag.py for tasks to queue
[2026-05-05T04:32:36.061+0000] {logging_mixin.py:188} INFO - [2026-05-05T04:32:36.061+0000] {dagbag.py:545} INFO - Filling up the DagBag from /opt/airflow/dags/moex_loader_dag.py
[2026-05-05T04:32:36.101+0000] {processor.py:840} INFO - DAG(s) 'moex_candles_loader' retrieved from /opt/airflow/dags/moex_loader_dag.py
[2026-05-05T04:32:36.135+0000] {logging_mixin.py:188} INFO - [2026-05-05T04:32:36.135+0000] {dag.py:3089} INFO - Sync 1 DAGs
[2026-05-05T04:32:36.155+0000] {logging_mixin.py:188} INFO - [2026-05-05T04:32:36.154+0000] {dag.py:3947} INFO - Setting next_dagrun for moex_candles_loader to None, run_after=None
[2026-05-05T04:32:36.214+0000] {processor.py:183} INFO - Processing /opt/airflow/dags/moex_loader_dag.py took 0.167 seconds
[2026-05-05T04:33:06.909+0000] {processor.py:161} INFO - Started process (PID=1221) to work on /opt/airflow/dags/moex_loader_dag.py
[2026-05-05T04:33:06.911+0000] {processor.py:830} INFO - Processing file /opt/airflow/dags/moex_loader_dag.py for tasks to queue
[2026-05-05T04:33:06.915+0000] {logging_mixin.py:188} INFO - [2026-05-05T04:33:06.914+0000] {dagbag.py:545} INFO - Filling up the DagBag from /opt/airflow/dags/moex_loader_dag.py
[2026-05-05T04:33:06.959+0000] {processor.py:840} INFO - DAG(s) 'moex_candles_loader' retrieved from /opt/airflow/dags/moex_loader_dag.py
[2026-05-05T04:33:06.992+0000] {logging_mixin.py:188} INFO - [2026-05-05T04:33:06.991+0000] {dag.py:3089} INFO - Sync 1 DAGs
[2026-05-05T04:33:07.012+0000] {logging_mixin.py:188} INFO - [2026-05-05T04:33:07.012+0000] {dag.py:3947} INFO - Setting next_dagrun for moex_candles_loader to None, run_after=None
[2026-05-05T04:33:07.047+0000] {processor.py:183} INFO - Processing /opt/airflow/dags/moex_loader_dag.py took 0.149 seconds
[2026-05-05T04:33:37.178+0000] {processor.py:161} INFO - Started process (PID=1296) to work on /opt/airflow/dags/moex_loader_dag.py
[2026-05-05T04:33:37.181+0000] {processor.py:830} INFO - Processing file /opt/airflow/dags/moex_loader_dag.py for tasks to queue
[2026-05-05T04:33:37.184+0000] {logging_mixin.py:188} INFO - [2026-05-05T04:33:37.183+0000] {dagbag.py:545} INFO - Filling up the DagBag from /opt/airflow/dags/moex_loader_dag.py
[2026-05-05T04:33:37.228+0000] {processor.py:840} INFO - DAG(s) 'moex_candles_loader' retrieved from /opt/airflow/dags/moex_loader_dag.py
[2026-05-05T04:33:37.266+0000] {logging_mixin.py:188} INFO - [2026-05-05T04:33:37.266+0000] {dag.py:3089} INFO - Sync 1 DAGs
[2026-05-05T04:33:37.286+0000] {logging_mixin.py:188} INFO - [2026-05-05T04:33:37.286+0000] {dag.py:3947} INFO - Setting next_dagrun for moex_candles_loader to None, run_after=None
[2026-05-05T04:33:37.356+0000] {processor.py:183} INFO - Processing /opt/airflow/dags/moex_loader_dag.py took 0.188 seconds
[2026-05-05T04:34:07.902+0000] {processor.py:161} INFO - Started process (PID=1365) to work on /opt/airflow/dags/moex_loader_dag.py
[2026-05-05T04:34:07.904+0000] {processor.py:830} INFO - Processing file /opt/airflow/dags/moex_loader_dag.py for tasks to queue
[2026-05-05T04:34:07.908+0000] {logging_mixin.py:188} INFO - [2026-05-05T04:34:07.908+0000] {dagbag.py:545} INFO - Filling up the DagBag from /opt/airflow/dags/moex_loader_dag.py
[2026-05-05T04:34:07.941+0000] {processor.py:840} INFO - DAG(s) 'moex_candles_loader' retrieved from /opt/airflow/dags/moex_loader_dag.py
[2026-05-05T04:34:07.980+0000] {logging_mixin.py:188} INFO - [2026-05-05T04:34:07.979+0000] {dag.py:3089} INFO - Sync 1 DAGs
[2026-05-05T04:34:08.007+0000] {logging_mixin.py:188} INFO - [2026-05-05T04:34:08.007+0000] {dag.py:3947} INFO - Setting next_dagrun for moex_candles_loader to None, run_after=None
[2026-05-05T04:34:08.079+0000] {processor.py:183} INFO - Processing /opt/airflow/dags/moex_loader_dag.py took 0.189 seconds
[2026-05-05T04:34:38.193+0000] {processor.py:161} INFO - Started process (PID=1433) to work on /opt/airflow/dags/moex_loader_dag.py
[2026-05-05T04:34:38.196+0000] {processor.py:830} INFO - Processing file /opt/airflow/dags/moex_loader_dag.py for tasks to queue
[2026-05-05T04:34:38.199+0000] {logging_mixin.py:188} INFO - [2026-05-05T04:34:38.199+0000] {dagbag.py:545} INFO - Filling up the DagBag from /opt/airflow/dags/moex_loader_dag.py
[2026-05-05T04:34:38.232+0000] {processor.py:840} INFO - DAG(s) 'moex_candles_loader' retrieved from /opt/airflow/dags/moex_loader_dag.py
[2026-05-05T04:34:38.272+0000] {logging_mixin.py:188} INFO - [2026-05-05T04:34:38.272+0000] {dag.py:3089} INFO - Sync 1 DAGs
[2026-05-05T04:34:38.295+0000] {logging_mixin.py:188} INFO - [2026-05-05T04:34:38.295+0000] {dag.py:3947} INFO - Setting next_dagrun for moex_candles_loader to None, run_after=None
[2026-05-05T04:34:38.375+0000] {processor.py:183} INFO - Processing /opt/airflow/dags/moex_loader_dag.py took 0.194 seconds
[2026-05-05T04:35:08.825+0000] {processor.py:161} INFO - Started process (PID=1500) to work on /opt/airflow/dags/moex_loader_dag.py
[2026-05-05T04:35:08.827+0000] {processor.py:830} INFO - Processing file /opt/airflow/dags/moex_loader_dag.py for tasks to queue
[2026-05-05T04:35:08.830+0000] {logging_mixin.py:188} INFO - [2026-05-05T04:35:08.829+0000] {dagbag.py:545} INFO - Filling up the DagBag from /opt/airflow/dags/moex_loader_dag.py
[2026-05-05T04:35:08.854+0000] {processor.py:840} INFO - DAG(s) 'moex_candles_loader' retrieved from /opt/airflow/dags/moex_loader_dag.py
[2026-05-05T04:35:08.889+0000] {logging_mixin.py:188} INFO - [2026-05-05T04:35:08.888+0000] {dag.py:3089} INFO - Sync 1 DAGs
[2026-05-05T04:35:08.909+0000] {logging_mixin.py:188} INFO - [2026-05-05T04:35:08.909+0000] {dag.py:3947} INFO - Setting next_dagrun for moex_candles_loader to None, run_after=None
[2026-05-05T04:35:08.975+0000] {processor.py:183} INFO - Processing /opt/airflow/dags/moex_loader_dag.py took 0.160 seconds
[2026-05-05T04:35:39.657+0000] {processor.py:161} INFO - Started process (PID=1568) to work on /opt/airflow/dags/moex_loader_dag.py
[2026-05-05T04:35:39.659+0000] {processor.py:830} INFO - Processing file /opt/airflow/dags/moex_loader_dag.py for tasks to queue
[2026-05-05T04:35:39.662+0000] {logging_mixin.py:188} INFO - [2026-05-05T04:35:39.662+0000] {dagbag.py:545} INFO - Filling up the DagBag from /opt/airflow/dags/moex_loader_dag.py
[2026-05-05T04:35:39.701+0000] {processor.py:840} INFO - DAG(s) 'moex_candles_loader' retrieved from /opt/airflow/dags/moex_loader_dag.py
[2026-05-05T04:35:39.737+0000] {logging_mixin.py:188} INFO - [2026-05-05T04:35:39.737+0000] {dag.py:3089} INFO - Sync 1 DAGs
[2026-05-05T04:35:39.760+0000] {logging_mixin.py:188} INFO - [2026-05-05T04:35:39.760+0000] {dag.py:3947} INFO - Setting next_dagrun for moex_candles_loader to None, run_after=None
[2026-05-05T04:35:39.826+0000] {processor.py:183} INFO - Processing /opt/airflow/dags/moex_loader_dag.py took 0.178 seconds
[2026-05-05T04:36:10.553+0000] {processor.py:161} INFO - Started process (PID=1635) to work on /opt/airflow/dags/moex_loader_dag.py
[2026-05-05T04:36:10.558+0000] {processor.py:830} INFO - Processing file /opt/airflow/dags/moex_loader_dag.py for tasks to queue
[2026-05-05T04:36:10.562+0000] {logging_mixin.py:188} INFO - [2026-05-05T04:36:10.561+0000] {dagbag.py:545} INFO - Filling up the DagBag from /opt/airflow/dags/moex_loader_dag.py
[2026-05-05T04:36:10.597+0000] {processor.py:840} INFO - DAG(s) 'moex_candles_loader' retrieved from /opt/airflow/dags/moex_loader_dag.py
[2026-05-05T04:36:10.645+0000] {logging_mixin.py:188} INFO - [2026-05-05T04:36:10.644+0000] {dag.py:3089} INFO - Sync 1 DAGs
[2026-05-05T04:36:10.678+0000] {logging_mixin.py:188} INFO - [2026-05-05T04:36:10.678+0000] {dag.py:3947} INFO - Setting next_dagrun for moex_candles_loader to None, run_after=None
[2026-05-05T04:36:10.717+0000] {processor.py:183} INFO - Processing /opt/airflow/dags/moex_loader_dag.py took 0.173 seconds
[2026-05-05T04:36:41.093+0000] {processor.py:161} INFO - Started process (PID=1703) to work on /opt/airflow/dags/moex_loader_dag.py
[2026-05-05T04:36:41.098+0000] {processor.py:830} INFO - Processing file /opt/airflow/dags/moex_loader_dag.py for tasks to queue
[2026-05-05T04:36:41.107+0000] {logging_mixin.py:188} INFO - [2026-05-05T04:36:41.106+0000] {dagbag.py:545} INFO - Filling up the DagBag from /opt/airflow/dags/moex_loader_dag.py
[2026-05-05T04:36:41.167+0000] {processor.py:840} INFO - DAG(s) 'moex_candles_loader' retrieved from /opt/airflow/dags/moex_loader_dag.py
[2026-05-05T04:36:41.201+0000] {logging_mixin.py:188} INFO - [2026-05-05T04:36:41.201+0000] {dag.py:3089} INFO - Sync 1 DAGs
[2026-05-05T04:36:41.221+0000] {logging_mixin.py:188} INFO - [2026-05-05T04:36:41.221+0000] {dag.py:3947} INFO - Setting next_dagrun for moex_candles_loader to None, run_after=None
[2026-05-05T04:36:41.285+0000] {processor.py:183} INFO - Processing /opt/airflow/dags/moex_loader_dag.py took 0.201 seconds
[2026-05-05T04:37:11.605+0000] {processor.py:161} INFO - Started process (PID=1778) to work on /opt/airflow/dags/moex_loader_dag.py
[2026-05-05T04:37:11.607+0000] {processor.py:830} INFO - Processing file /opt/airflow/dags/moex_loader_dag.py for tasks to queue
[2026-05-05T04:37:11.611+0000] {logging_mixin.py:188} INFO - [2026-05-05T04:37:11.611+0000] {dagbag.py:545} INFO - Filling up the DagBag from /opt/airflow/dags/moex_loader_dag.py
[2026-05-05T04:37:11.651+0000] {processor.py:840} INFO - DAG(s) 'moex_candles_loader' retrieved from /opt/airflow/dags/moex_loader_dag.py
[2026-05-05T04:37:11.685+0000] {logging_mixin.py:188} INFO - [2026-05-05T04:37:11.684+0000] {dag.py:3089} INFO - Sync 1 DAGs
[2026-05-05T04:37:11.710+0000] {logging_mixin.py:188} INFO - [2026-05-05T04:37:11.709+0000] {dag.py:3947} INFO - Setting next_dagrun for moex_candles_loader to None, run_after=None
[2026-05-05T04:37:11.771+0000] {processor.py:183} INFO - Processing /opt/airflow/dags/moex_loader_dag.py took 0.176 seconds
[2026-05-05T04:37:42.517+0000] {processor.py:161} INFO - Started process (PID=1844) to work on /opt/airflow/dags/moex_loader_dag.py
[2026-05-05T04:37:42.520+0000] {processor.py:830} INFO - Processing file /opt/airflow/dags/moex_loader_dag.py for tasks to queue
[2026-05-05T04:37:42.524+0000] {logging_mixin.py:188} INFO - [2026-05-05T04:37:42.523+0000] {dagbag.py:545} INFO - Filling up the DagBag from /opt/airflow/dags/moex_loader_dag.py
[2026-05-05T04:37:42.567+0000] {processor.py:840} INFO - DAG(s) 'moex_candles_loader' retrieved from /opt/airflow/dags/moex_loader_dag.py
[2026-05-05T04:37:42.603+0000] {logging_mixin.py:188} INFO - [2026-05-05T04:37:42.602+0000] {dag.py:3089} INFO - Sync 1 DAGs
[2026-05-05T04:37:42.639+0000] {logging_mixin.py:188} INFO - [2026-05-05T04:37:42.638+0000] {dag.py:3947} INFO - Setting next_dagrun for moex_candles_loader to None, run_after=None
[2026-05-05T04:37:42.719+0000] {processor.py:183} INFO - Processing /opt/airflow/dags/moex_loader_dag.py took 0.214 seconds
[2026-05-05T04:38:13.123+0000] {processor.py:161} INFO - Started process (PID=1912) to work on /opt/airflow/dags/moex_loader_dag.py
[2026-05-05T04:38:13.124+0000] {processor.py:830} INFO - Processing file /opt/airflow/dags/moex_loader_dag.py for tasks to queue
[2026-05-05T04:38:13.128+0000] {logging_mixin.py:188} INFO - [2026-05-05T04:38:13.127+0000] {dagbag.py:545} INFO - Filling up the DagBag from /opt/airflow/dags/moex_loader_dag.py
[2026-05-05T04:38:13.154+0000] {processor.py:840} INFO - DAG(s) 'moex_candles_loader' retrieved from /opt/airflow/dags/moex_loader_dag.py
[2026-05-05T04:38:13.184+0000] {logging_mixin.py:188} INFO - [2026-05-05T04:38:13.184+0000] {dag.py:3089} INFO - Sync 1 DAGs
[2026-05-05T04:38:13.202+0000] {logging_mixin.py:188} INFO - [2026-05-05T04:38:13.202+0000] {dag.py:3947} INFO - Setting next_dagrun for moex_candles_loader to None, run_after=None
[2026-05-05T04:38:13.281+0000] {processor.py:183} INFO - Processing /opt/airflow/dags/moex_loader_dag.py took 0.167 seconds
[2026-05-05T04:38:44.076+0000] {processor.py:161} INFO - Started process (PID=1980) to work on /opt/airflow/dags/moex_loader_dag.py
[2026-05-05T04:38:44.079+0000] {processor.py:830} INFO - Processing file /opt/airflow/dags/moex_loader_dag.py for tasks to queue
[2026-05-05T04:38:44.084+0000] {logging_mixin.py:188} INFO - [2026-05-05T04:38:44.083+0000] {dagbag.py:545} INFO - Filling up the DagBag from /opt/airflow/dags/moex_loader_dag.py
[2026-05-05T04:38:44.140+0000] {processor.py:840} INFO - DAG(s) 'moex_candles_loader' retrieved from /opt/airflow/dags/moex_loader_dag.py
[2026-05-05T04:38:44.173+0000] {logging_mixin.py:188} INFO - [2026-05-05T04:38:44.173+0000] {dag.py:3089} INFO - Sync 1 DAGs
[2026-05-05T04:38:44.194+0000] {logging_mixin.py:188} INFO - [2026-05-05T04:38:44.194+0000] {dag.py:3947} INFO - Setting next_dagrun for moex_candles_loader to None, run_after=None
[2026-05-05T04:38:44.226+0000] {processor.py:183} INFO - Processing /opt/airflow/dags/moex_loader_dag.py took 0.160 seconds
[2026-05-05T04:39:15.127+0000] {processor.py:161} INFO - Started process (PID=2048) to work on /opt/airflow/dags/moex_loader_dag.py
[2026-05-05T04:39:15.129+0000] {processor.py:830} INFO - Processing file /opt/airflow/dags/moex_loader_dag.py for tasks to queue
[2026-05-05T04:39:15.134+0000] {logging_mixin.py:188} INFO - [2026-05-05T04:39:15.133+0000] {dagbag.py:545} INFO - Filling up the DagBag from /opt/airflow/dags/moex_loader_dag.py
[2026-05-05T04:39:15.168+0000] {processor.py:840} INFO - DAG(s) 'moex_candles_loader' retrieved from /opt/airflow/dags/moex_loader_dag.py
[2026-05-05T04:39:15.202+0000] {logging_mixin.py:188} INFO - [2026-05-05T04:39:15.201+0000] {dag.py:3089} INFO - Sync 1 DAGs
[2026-05-05T04:39:15.221+0000] {logging_mixin.py:188} INFO - [2026-05-05T04:39:15.221+0000] {dag.py:3947} INFO - Setting next_dagrun for moex_candles_loader to None, run_after=None
[2026-05-05T04:39:15.282+0000] {processor.py:183} INFO - Processing /opt/airflow/dags/moex_loader_dag.py took 0.165 seconds
[2026-05-05T04:39:45.624+0000] {processor.py:161} INFO - Started process (PID=2116) to work on /opt/airflow/dags/moex_loader_dag.py
[2026-05-05T04:39:45.626+0000] {processor.py:830} INFO - Processing file /opt/airflow/dags/moex_loader_dag.py for tasks to queue
[2026-05-05T04:39:45.629+0000] {logging_mixin.py:188} INFO - [2026-05-05T04:39:45.628+0000] {dagbag.py:545} INFO - Filling up the DagBag from /opt/airflow/dags/moex_loader_dag.py
[2026-05-05T04:39:45.672+0000] {processor.py:840} INFO - DAG(s) 'moex_candles_loader' retrieved from /opt/airflow/dags/moex_loader_dag.py
[2026-05-05T04:39:45.705+0000] {logging_mixin.py:188} INFO - [2026-05-05T04:39:45.705+0000] {dag.py:3089} INFO - Sync 1 DAGs
[2026-05-05T04:39:45.724+0000] {logging_mixin.py:188} INFO - [2026-05-05T04:39:45.724+0000] {dag.py:3947} INFO - Setting next_dagrun for moex_candles_loader to None, run_after=None
[2026-05-05T04:39:45.984+0000] {processor.py:183} INFO - Processing /opt/airflow/dags/moex_loader_dag.py took 0.372 seconds
[2026-05-05T04:40:16.491+0000] {processor.py:161} INFO - Started process (PID=2191) to work on /opt/airflow/dags/moex_loader_dag.py
[2026-05-05T04:40:16.497+0000] {processor.py:830} INFO - Processing file /opt/airflow/dags/moex_loader_dag.py for tasks to queue
[2026-05-05T04:40:16.502+0000] {logging_mixin.py:188} INFO - [2026-05-05T04:40:16.501+0000] {dagbag.py:545} INFO - Filling up the DagBag from /opt/airflow/dags/moex_loader_dag.py
[2026-05-05T04:40:16.545+0000] {processor.py:840} INFO - DAG(s) 'moex_candles_loader' retrieved from /opt/airflow/dags/moex_loader_dag.py
[2026-05-05T04:40:16.593+0000] {logging_mixin.py:188} INFO - [2026-05-05T04:40:16.592+0000] {dag.py:3089} INFO - Sync 1 DAGs
[2026-05-05T04:40:16.623+0000] {logging_mixin.py:188} INFO - [2026-05-05T04:40:16.622+0000] {dag.py:3947} INFO - Setting next_dagrun for moex_candles_loader to None, run_after=None
[2026-05-05T04:40:16.691+0000] {processor.py:183} INFO - Processing /opt/airflow/dags/moex_loader_dag.py took 0.210 seconds
[2026-05-05T04:40:46.997+0000] {processor.py:161} INFO - Started process (PID=2260) to work on /opt/airflow/dags/moex_loader_dag.py
[2026-05-05T04:40:47.000+0000] {processor.py:830} INFO - Processing file /opt/airflow/dags/moex_loader_dag.py for tasks to queue
[2026-05-05T04:40:47.004+0000] {logging_mixin.py:188} INFO - [2026-05-05T04:40:47.003+0000] {dagbag.py:545} INFO - Filling up the DagBag from /opt/airflow/dags/moex_loader_dag.py
[2026-05-05T04:40:47.041+0000] {processor.py:840} INFO - DAG(s) 'moex_candles_loader' retrieved from /opt/airflow/dags/moex_loader_dag.py
[2026-05-05T04:40:47.082+0000] {logging_mixin.py:188} INFO - [2026-05-05T04:40:47.081+0000] {dag.py:3089} INFO - Sync 1 DAGs
[2026-05-05T04:40:47.103+0000] {logging_mixin.py:188} INFO - [2026-05-05T04:40:47.103+0000] {dag.py:3947} INFO - Setting next_dagrun for moex_candles_loader to None, run_after=None
[2026-05-05T04:40:47.173+0000] {processor.py:183} INFO - Processing /opt/airflow/dags/moex_loader_dag.py took 0.187 seconds
[2026-05-05T04:41:17.665+0000] {processor.py:161} INFO - Started process (PID=2328) to work on /opt/airflow/dags/moex_loader_dag.py
[2026-05-05T04:41:17.667+0000] {processor.py:830} INFO - Processing file /opt/airflow/dags/moex_loader_dag.py for tasks to queue
[2026-05-05T04:41:17.671+0000] {logging_mixin.py:188} INFO - [2026-05-05T04:41:17.671+0000] {dagbag.py:545} INFO - Filling up the DagBag from /opt/airflow/dags/moex_loader_dag.py
[2026-05-05T04:41:17.708+0000] {processor.py:840} INFO - DAG(s) 'moex_candles_loader' retrieved from /opt/airflow/dags/moex_loader_dag.py
[2026-05-05T04:41:17.744+0000] {logging_mixin.py:188} INFO - [2026-05-05T04:41:17.744+0000] {dag.py:3089} INFO - Sync 1 DAGs
[2026-05-05T04:41:17.766+0000] {logging_mixin.py:188} INFO - [2026-05-05T04:41:17.765+0000] {dag.py:3947} INFO - Setting next_dagrun for moex_candles_loader to None, run_after=None
[2026-05-05T04:41:17.825+0000] {processor.py:183} INFO - Processing /opt/airflow/dags/moex_loader_dag.py took 0.172 seconds
[2026-05-05T04:41:48.015+0000] {processor.py:161} INFO - Started process (PID=2396) to work on /opt/airflow/dags/moex_loader_dag.py
[2026-05-05T04:41:48.018+0000] {processor.py:830} INFO - Processing file /opt/airflow/dags/moex_loader_dag.py for tasks to queue
[2026-05-05T04:41:48.023+0000] {logging_mixin.py:188} INFO - [2026-05-05T04:41:48.022+0000] {dagbag.py:545} INFO - Filling up the DagBag from /opt/airflow/dags/moex_loader_dag.py
[2026-05-05T04:41:48.064+0000] {processor.py:840} INFO - DAG(s) 'moex_candles_loader' retrieved from /opt/airflow/dags/moex_loader_dag.py
[2026-05-05T04:41:48.102+0000] {logging_mixin.py:188} INFO - [2026-05-05T04:41:48.101+0000] {dag.py:3089} INFO - Sync 1 DAGs
[2026-05-05T04:41:48.402+0000] {logging_mixin.py:188} INFO - [2026-05-05T04:41:48.402+0000] {dag.py:3947} INFO - Setting next_dagrun for moex_candles_loader to None, run_after=None
[2026-05-05T04:41:48.444+0000] {processor.py:183} INFO - Processing /opt/airflow/dags/moex_loader_dag.py took 0.440 seconds
[2026-05-05T04:42:18.869+0000] {processor.py:161} INFO - Started process (PID=2465) to work on /opt/airflow/dags/moex_loader_dag.py
[2026-05-05T04:42:18.872+0000] {processor.py:830} INFO - Processing file /opt/airflow/dags/moex_loader_dag.py for tasks to queue
[2026-05-05T04:42:18.876+0000] {logging_mixin.py:188} INFO - [2026-05-05T04:42:18.875+0000] {dagbag.py:545} INFO - Filling up the DagBag from /opt/airflow/dags/moex_loader_dag.py
[2026-05-05T04:42:18.905+0000] {processor.py:840} INFO - DAG(s) 'moex_candles_loader' retrieved from /opt/airflow/dags/moex_loader_dag.py
[2026-05-05T04:42:18.938+0000] {logging_mixin.py:188} INFO - [2026-05-05T04:42:18.937+0000] {dag.py:3089} INFO - Sync 1 DAGs
[2026-05-05T04:42:18.957+0000] {logging_mixin.py:188} INFO - [2026-05-05T04:42:18.957+0000] {dag.py:3947} INFO - Setting next_dagrun for moex_candles_loader to None, run_after=None
[2026-05-05T04:42:18.998+0000] {processor.py:183} INFO - Processing /opt/airflow/dags/moex_loader_dag.py took 0.138 seconds
[2026-05-05T04:42:49.143+0000] {processor.py:161} INFO - Started process (PID=2534) to work on /opt/airflow/dags/moex_loader_dag.py
[2026-05-05T04:42:49.146+0000] {processor.py:830} INFO - Processing file /opt/airflow/dags/moex_loader_dag.py for tasks to queue
[2026-05-05T04:42:49.150+0000] {logging_mixin.py:188} INFO - [2026-05-05T04:42:49.149+0000] {dagbag.py:545} INFO - Filling up the DagBag from /opt/airflow/dags/moex_loader_dag.py
[2026-05-05T04:42:49.182+0000] {processor.py:840} INFO - DAG(s) 'moex_candles_loader' retrieved from /opt/airflow/dags/moex_loader_dag.py
[2026-05-05T04:42:49.222+0000] {logging_mixin.py:188} INFO - [2026-05-05T04:42:49.222+0000] {dag.py:3089} INFO - Sync 1 DAGs
[2026-05-05T04:42:49.246+0000] {logging_mixin.py:188} INFO - [2026-05-05T04:42:49.246+0000] {dag.py:3947} INFO - Setting next_dagrun for moex_candles_loader to None, run_after=None
[2026-05-05T04:42:49.319+0000] {processor.py:183} INFO - Processing /opt/airflow/dags/moex_loader_dag.py took 0.189 seconds
[2026-05-05T04:43:19.797+0000] {processor.py:161} INFO - Started process (PID=2602) to work on /opt/airflow/dags/moex_loader_dag.py
[2026-05-05T04:43:19.799+0000] {processor.py:830} INFO - Processing file /opt/airflow/dags/moex_loader_dag.py for tasks to queue
[2026-05-05T04:43:19.803+0000] {logging_mixin.py:188} INFO - [2026-05-05T04:43:19.802+0000] {dagbag.py:545} INFO - Filling up the DagBag from /opt/airflow/dags/moex_loader_dag.py
[2026-05-05T04:43:19.835+0000] {processor.py:840} INFO - DAG(s) 'moex_candles_loader' retrieved from /opt/airflow/dags/moex_loader_dag.py
[2026-05-05T04:43:19.873+0000] {logging_mixin.py:188} INFO - [2026-05-05T04:43:19.872+0000] {dag.py:3089} INFO - Sync 1 DAGs
[2026-05-05T04:43:19.895+0000] {logging_mixin.py:188} INFO - [2026-05-05T04:43:19.895+0000] {dag.py:3947} INFO - Setting next_dagrun for moex_candles_loader to None, run_after=None
[2026-05-05T04:43:19.951+0000] {processor.py:183} INFO - Processing /opt/airflow/dags/moex_loader_dag.py took 0.165 seconds
[2026-05-05T04:43:50.529+0000] {processor.py:161} INFO - Started process (PID=2676) to work on /opt/airflow/dags/moex_loader_dag.py
[2026-05-05T04:43:50.530+0000] {processor.py:830} INFO - Processing file /opt/airflow/dags/moex_loader_dag.py for tasks to queue
[2026-05-05T04:43:50.535+0000] {logging_mixin.py:188} INFO - [2026-05-05T04:43:50.534+0000] {dagbag.py:545} INFO - Filling up the DagBag from /opt/airflow/dags/moex_loader_dag.py
[2026-05-05T04:43:50.566+0000] {processor.py:840} INFO - DAG(s) 'moex_candles_loader' retrieved from /opt/airflow/dags/moex_loader_dag.py
[2026-05-05T04:43:50.600+0000] {logging_mixin.py:188} INFO - [2026-05-05T04:43:50.600+0000] {dag.py:3089} INFO - Sync 1 DAGs
[2026-05-05T04:43:50.620+0000] {logging_mixin.py:188} INFO - [2026-05-05T04:43:50.619+0000] {dag.py:3947} INFO - Setting next_dagrun for moex_candles_loader to None, run_after=None
[2026-05-05T04:43:50.662+0000] {processor.py:183} INFO - Processing /opt/airflow/dags/moex_loader_dag.py took 0.143 seconds
[2026-05-05T04:44:20.767+0000] {processor.py:161} INFO - Started process (PID=2745) to work on /opt/airflow/dags/moex_loader_dag.py
[2026-05-05T04:44:20.769+0000] {processor.py:830} INFO - Processing file /opt/airflow/dags/moex_loader_dag.py for tasks to queue
[2026-05-05T04:44:20.773+0000] {logging_mixin.py:188} INFO - [2026-05-05T04:44:20.772+0000] {dagbag.py:545} INFO - Filling up the DagBag from /opt/airflow/dags/moex_loader_dag.py
[2026-05-05T04:44:20.796+0000] {processor.py:840} INFO - DAG(s) 'moex_candles_loader' retrieved from /opt/airflow/dags/moex_loader_dag.py
[2026-05-05T04:44:20.828+0000] {logging_mixin.py:188} INFO - [2026-05-05T04:44:20.827+0000] {dag.py:3089} INFO - Sync 1 DAGs
[2026-05-05T04:44:20.848+0000] {logging_mixin.py:188} INFO - [2026-05-05T04:44:20.847+0000] {dag.py:3947} INFO - Setting next_dagrun for moex_candles_loader to None, run_after=None
[2026-05-05T04:44:20.884+0000] {processor.py:183} INFO - Processing /opt/airflow/dags/moex_loader_dag.py took 0.131 seconds
[2026-05-05T04:44:50.987+0000] {processor.py:161} INFO - Started process (PID=2813) to work on /opt/airflow/dags/moex_loader_dag.py
[2026-05-05T04:44:50.989+0000] {processor.py:830} INFO - Processing file /opt/airflow/dags/moex_loader_dag.py for tasks to queue
[2026-05-05T04:44:50.994+0000] {logging_mixin.py:188} INFO - [2026-05-05T04:44:50.994+0000] {dagbag.py:545} INFO - Filling up the DagBag from /opt/airflow/dags/moex_loader_dag.py
[2026-05-05T04:44:51.064+0000] {processor.py:840} INFO - DAG(s) 'moex_candles_loader' retrieved from /opt/airflow/dags/moex_loader_dag.py
[2026-05-05T04:44:51.109+0000] {logging_mixin.py:188} INFO - [2026-05-05T04:44:51.109+0000] {dag.py:3089} INFO - Sync 1 DAGs
[2026-05-05T04:44:51.138+0000] {logging_mixin.py:188} INFO - [2026-05-05T04:44:51.138+0000] {dag.py:3947} INFO - Setting next_dagrun for moex_candles_loader to None, run_after=None
[2026-05-05T04:44:51.196+0000] {processor.py:183} INFO - Processing /opt/airflow/dags/moex_loader_dag.py took 0.220 seconds
[2026-05-05T04:45:21.873+0000] {processor.py:161} INFO - Started process (PID=2881) to work on /opt/airflow/dags/moex_loader_dag.py
[2026-05-05T04:45:21.875+0000] {processor.py:830} INFO - Processing file /opt/airflow/dags/moex_loader_dag.py for tasks to queue
[2026-05-05T04:45:21.878+0000] {logging_mixin.py:188} INFO - [2026-05-05T04:45:21.878+0000] {dagbag.py:545} INFO - Filling up the DagBag from /opt/airflow/dags/moex_loader_dag.py
[2026-05-05T04:45:21.906+0000] {processor.py:840} INFO - DAG(s) 'moex_candles_loader' retrieved from /opt/airflow/dags/moex_loader_dag.py
[2026-05-05T04:45:21.940+0000] {logging_mixin.py:188} INFO - [2026-05-05T04:45:21.939+0000] {dag.py:3089} INFO - Sync 1 DAGs
[2026-05-05T04:45:21.965+0000] {logging_mixin.py:188} INFO - [2026-05-05T04:45:21.964+0000] {dag.py:3947} INFO - Setting next_dagrun for moex_candles_loader to None, run_after=None
[2026-05-05T04:45:22.029+0000] {processor.py:183} INFO - Processing /opt/airflow/dags/moex_loader_dag.py took 0.166 seconds
[2026-05-05T04:45:52.169+0000] {processor.py:161} INFO - Started process (PID=2949) to work on /opt/airflow/dags/moex_loader_dag.py
[2026-05-05T04:45:52.174+0000] {processor.py:830} INFO - Processing file /opt/airflow/dags/moex_loader_dag.py for tasks to queue
[2026-05-05T04:45:52.178+0000] {logging_mixin.py:188} INFO - [2026-05-05T04:45:52.177+0000] {dagbag.py:545} INFO - Filling up the DagBag from /opt/airflow/dags/moex_loader_dag.py
[2026-05-05T04:45:52.222+0000] {processor.py:840} INFO - DAG(s) 'moex_candles_loader' retrieved from /opt/airflow/dags/moex_loader_dag.py
[2026-05-05T04:45:52.257+0000] {logging_mixin.py:188} INFO - [2026-05-05T04:45:52.257+0000] {dag.py:3089} INFO - Sync 1 DAGs
[2026-05-05T04:45:52.279+0000] {logging_mixin.py:188} INFO - [2026-05-05T04:45:52.278+0000] {dag.py:3947} INFO - Setting next_dagrun for moex_candles_loader to None, run_after=None
[2026-05-05T04:45:52.321+0000] {processor.py:183} INFO - Processing /opt/airflow/dags/moex_loader_dag.py took 0.162 seconds
[2026-05-05T04:46:22.803+0000] {processor.py:161} INFO - Started process (PID=3017) to work on /opt/airflow/dags/moex_loader_dag.py
[2026-05-05T04:46:22.806+0000] {processor.py:830} INFO - Processing file /opt/airflow/dags/moex_loader_dag.py for tasks to queue
[2026-05-05T04:46:22.811+0000] {logging_mixin.py:188} INFO - [2026-05-05T04:46:22.810+0000] {dagbag.py:545} INFO - Filling up the DagBag from /opt/airflow/dags/moex_loader_dag.py
[2026-05-05T04:46:22.902+0000] {processor.py:840} INFO - DAG(s) 'moex_candles_loader' retrieved from /opt/airflow/dags/moex_loader_dag.py
[2026-05-05T04:46:22.935+0000] {logging_mixin.py:188} INFO - [2026-05-05T04:46:22.935+0000] {dag.py:3089} INFO - Sync 1 DAGs
[2026-05-05T04:46:22.957+0000] {logging_mixin.py:188} INFO - [2026-05-05T04:46:22.956+0000] {dag.py:3947} INFO - Setting next_dagrun for moex_candles_loader to None, run_after=None
[2026-05-05T04:46:22.999+0000] {processor.py:183} INFO - Processing /opt/airflow/dags/moex_loader_dag.py took 0.206 seconds
[2026-05-05T04:46:53.540+0000] {processor.py:161} INFO - Started process (PID=3085) to work on /opt/airflow/dags/moex_loader_dag.py
[2026-05-05T04:46:53.542+0000] {processor.py:830} INFO - Processing file /opt/airflow/dags/moex_loader_dag.py for tasks to queue
[2026-05-05T04:46:53.545+0000] {logging_mixin.py:188} INFO - [2026-05-05T04:46:53.544+0000] {dagbag.py:545} INFO - Filling up the DagBag from /opt/airflow/dags/moex_loader_dag.py
[2026-05-05T04:46:53.569+0000] {processor.py:840} INFO - DAG(s) 'moex_candles_loader' retrieved from /opt/airflow/dags/moex_loader_dag.py
[2026-05-05T04:46:53.605+0000] {logging_mixin.py:188} INFO - [2026-05-05T04:46:53.605+0000] {dag.py:3089} INFO - Sync 1 DAGs
[2026-05-05T04:46:53.628+0000] {logging_mixin.py:188} INFO - [2026-05-05T04:46:53.628+0000] {dag.py:3947} INFO - Setting next_dagrun for moex_candles_loader to None, run_after=None
[2026-05-05T04:46:53.670+0000] {processor.py:183} INFO - Processing /opt/airflow/dags/moex_loader_dag.py took 0.139 seconds
[2026-05-05T04:47:24.210+0000] {processor.py:161} INFO - Started process (PID=3153) to work on /opt/airflow/dags/moex_loader_dag.py
[2026-05-05T04:47:24.213+0000] {processor.py:830} INFO - Processing file /opt/airflow/dags/moex_loader_dag.py for tasks to queue
[2026-05-05T04:47:24.216+0000] {logging_mixin.py:188} INFO - [2026-05-05T04:47:24.215+0000] {dagbag.py:545} INFO - Filling up the DagBag from /opt/airflow/dags/moex_loader_dag.py
[2026-05-05T04:47:24.290+0000] {processor.py:840} INFO - DAG(s) 'moex_candles_loader' retrieved from /opt/airflow/dags/moex_loader_dag.py
[2026-05-05T04:47:24.323+0000] {logging_mixin.py:188} INFO - [2026-05-05T04:47:24.322+0000] {dag.py:3089} INFO - Sync 1 DAGs
[2026-05-05T04:47:24.346+0000] {logging_mixin.py:188} INFO - [2026-05-05T04:47:24.346+0000] {dag.py:3947} INFO - Setting next_dagrun for moex_candles_loader to None, run_after=None
[2026-05-05T04:47:24.428+0000] {processor.py:183} INFO - Processing /opt/airflow/dags/moex_loader_dag.py took 0.229 seconds
