[2026-05-13T23:37:11.954+0000] {local_task_job_runner.py:120} INFO - ::group::Pre task execution logs
[2026-05-13T23:37:11.987+0000] {taskinstance.py:2076} INFO - Dependencies all met for dep_context=non-requeueable deps ti=<TaskInstance: moex_candles_loader.run_feature_engineering manual__2026-05-13T23:35:43.498341+00:00 [queued]>
[2026-05-13T23:37:11.999+0000] {taskinstance.py:2076} INFO - Dependencies all met for dep_context=requeueable deps ti=<TaskInstance: moex_candles_loader.run_feature_engineering manual__2026-05-13T23:35:43.498341+00:00 [queued]>
[2026-05-13T23:37:12.001+0000] {taskinstance.py:2306} INFO - Starting attempt 1 of 1
[2026-05-13T23:37:12.026+0000] {taskinstance.py:2330} INFO - Executing <Task(BashOperator): run_feature_engineering> on 2026-05-13 23:35:43.498341+00:00
[2026-05-13T23:37:12.042+0000] {warnings.py:112} WARNING - /home/***/.local/lib/python3.12/site-packages/***/task/task_runner/standard_task_runner.py:62: DeprecationWarning: This process (pid=3191) is multi-threaded, use of fork() may lead to deadlocks in the child.
  pid = os.fork()

[2026-05-13T23:37:12.046+0000] {standard_task_runner.py:64} INFO - Started process 3193 to run task
[2026-05-13T23:37:12.047+0000] {standard_task_runner.py:90} INFO - Running: ['***', 'tasks', 'run', 'moex_candles_loader', 'run_feature_engineering', 'manual__2026-05-13T23:35:43.498341+00:00', '--job-id', '131', '--raw', '--subdir', 'DAGS_FOLDER/moex_loader_dag.py', '--cfg-path', '/tmp/tmpr4g__jxm']
[2026-05-13T23:37:12.053+0000] {standard_task_runner.py:91} INFO - Job 131: Subtask run_feature_engineering
[2026-05-13T23:37:12.184+0000] {task_command.py:426} INFO - Running <TaskInstance: moex_candles_loader.run_feature_engineering manual__2026-05-13T23:35:43.498341+00:00 [running]> on host ef4f4778eb40
[2026-05-13T23:37:12.345+0000] {taskinstance.py:2648} INFO - Exporting env vars: AIRFLOW_CTX_DAG_OWNER='***' AIRFLOW_CTX_DAG_ID='moex_candles_loader' AIRFLOW_CTX_TASK_ID='run_feature_engineering' AIRFLOW_CTX_EXECUTION_DATE='2026-05-13T23:35:43.498341+00:00' AIRFLOW_CTX_TRY_NUMBER='1' AIRFLOW_CTX_DAG_RUN_ID='manual__2026-05-13T23:35:43.498341+00:00'
[2026-05-13T23:37:12.350+0000] {taskinstance.py:430} INFO - ::endgroup::
[2026-05-13T23:37:12.352+0000] {subprocess.py:63} INFO - Tmp dir root location: /tmp
[2026-05-13T23:37:12.356+0000] {subprocess.py:75} INFO - Running command: ['/usr/bin/bash', '-c', 'python /opt/***/dags/scripts/feature_engineering_loader.py']
[2026-05-13T23:37:12.378+0000] {subprocess.py:86} INFO - Output:
[2026-05-13T23:37:20.869+0000] {subprocess.py:93} INFO - [1/7] Очистка старых объектов...
[2026-05-13T23:37:20.870+0000] {subprocess.py:93} INFO -     ✓ DROP VIEW minio.feature_data_gazp_agg.v_candle_features
[2026-05-13T23:37:20.871+0000] {subprocess.py:93} INFO -     ✓ DROP VIEW minio.feature_data_gazp_agg.v_rsi
[2026-05-13T23:37:20.872+0000] {subprocess.py:93} INFO -     ✓ DROP VIEW minio.feature_data_gazp_agg.v_macd
[2026-05-13T23:37:20.873+0000] {subprocess.py:93} INFO -     ✓ DROP VIEW minio.feature_data_gazp_agg.v_volume_bb_atr
[2026-05-13T23:37:20.874+0000] {subprocess.py:93} INFO -     ✓ DROP VIEW minio.feature_data_gazp_agg.v_superset_dashboard
[2026-05-13T23:37:20.875+0000] {subprocess.py:93} INFO -     ✓ DROP TABLE minio.feature_data_gazp_agg.features
[2026-05-13T23:37:20.876+0000] {subprocess.py:93} INFO -     ✓ DROP TABLE minio.feature_data_gazp_agg.predictions
[2026-05-13T23:37:20.876+0000] {subprocess.py:93} INFO -     ✓ DROP TABLE minio.feature_data_gazp_agg.feature_importance
[2026-05-13T23:37:20.878+0000] {subprocess.py:93} INFO -     ✓ DROP TABLE minio.feature_data_gazp_agg.model_metrics
[2026-05-13T23:37:20.879+0000] {subprocess.py:93} INFO -     ✓ Старые объекты удалены
[2026-05-13T23:37:20.880+0000] {subprocess.py:93} INFO - [2/7] Создание схемы...
[2026-05-13T23:37:20.881+0000] {subprocess.py:93} INFO -     ✓ OK
[2026-05-13T23:37:20.881+0000] {subprocess.py:93} INFO - [3/7] Создание v_candle_features...
[2026-05-13T23:37:20.882+0000] {subprocess.py:93} INFO -     ✓ OK
[2026-05-13T23:37:20.884+0000] {subprocess.py:93} INFO - [4/7] Создание v_rsi...
[2026-05-13T23:37:20.884+0000] {subprocess.py:93} INFO -     ✓ OK
[2026-05-13T23:37:20.885+0000] {subprocess.py:93} INFO - [5/7] Создание v_macd...
[2026-05-13T23:37:20.886+0000] {subprocess.py:93} INFO -     ✓ OK
[2026-05-13T23:37:20.887+0000] {subprocess.py:93} INFO - [6/7] Создание v_volume_bb_atr...
[2026-05-13T23:37:20.887+0000] {subprocess.py:93} INFO -     ✓ OK
[2026-05-13T23:37:20.888+0000] {subprocess.py:93} INFO - [7/7] Создание финальной features...
[2026-05-13T23:37:20.889+0000] {subprocess.py:93} INFO -     ✓ OK
[2026-05-13T23:37:20.890+0000] {subprocess.py:93} INFO - Создание predictions...
[2026-05-13T23:37:20.891+0000] {subprocess.py:93} INFO -     ✓ OK
[2026-05-13T23:37:20.892+0000] {subprocess.py:93} INFO - Создание feature_importance...
[2026-05-13T23:37:20.893+0000] {subprocess.py:93} INFO -     ✓ OK
[2026-05-13T23:37:20.894+0000] {subprocess.py:93} INFO - Создание model_metrics...
[2026-05-13T23:37:20.895+0000] {subprocess.py:93} INFO -     ✓ OK
[2026-05-13T23:37:20.896+0000] {subprocess.py:93} INFO - 
[2026-05-13T23:37:20.898+0000] {subprocess.py:93} INFO - ✓ Готово. Таблицы:
[2026-05-13T23:37:20.899+0000] {subprocess.py:93} INFO -   minio.feature_data_gazp_agg.features
[2026-05-13T23:37:20.900+0000] {subprocess.py:93} INFO -   minio.feature_data_gazp_agg.predictions
[2026-05-13T23:37:20.901+0000] {subprocess.py:93} INFO -   minio.feature_data_gazp_agg.feature_importance
[2026-05-13T23:37:20.902+0000] {subprocess.py:93} INFO -   minio.feature_data_gazp_agg.model_metrics
[2026-05-13T23:37:20.919+0000] {subprocess.py:97} INFO - Command exited with return code 0
[2026-05-13T23:37:20.922+0000] {taskinstance.py:441} INFO - ::group::Post task execution logs
[2026-05-13T23:37:20.976+0000] {taskinstance.py:1206} INFO - Marking task as SUCCESS. dag_id=moex_candles_loader, task_id=run_feature_engineering, run_id=manual__2026-05-13T23:35:43.498341+00:00, execution_date=20260513T233543, start_date=20260513T233711, end_date=20260513T233720
[2026-05-13T23:37:21.025+0000] {local_task_job_runner.py:243} INFO - Task exited with return code 0
[2026-05-13T23:37:21.077+0000] {taskinstance.py:3503} INFO - 1 downstream tasks scheduled from follow-on schedule check
[2026-05-13T23:37:21.087+0000] {local_task_job_runner.py:222} INFO - ::endgroup::
