[2026-05-13T20:27:52.734+0000] {local_task_job_runner.py:120} INFO - ::group::Pre task execution logs
[2026-05-13T20:27:52.770+0000] {taskinstance.py:2076} INFO - Dependencies all met for dep_context=non-requeueable deps ti=<TaskInstance: moex_candles_loader.run_candles_loader manual__2026-05-13T20:27:50.066978+00:00 [queued]>
[2026-05-13T20:27:52.784+0000] {taskinstance.py:2076} INFO - Dependencies all met for dep_context=requeueable deps ti=<TaskInstance: moex_candles_loader.run_candles_loader manual__2026-05-13T20:27:50.066978+00:00 [queued]>
[2026-05-13T20:27:52.786+0000] {taskinstance.py:2306} INFO - Starting attempt 1 of 1
[2026-05-13T20:27:52.818+0000] {taskinstance.py:2330} INFO - Executing <Task(BashOperator): run_candles_loader> on 2026-05-13 20:27:50.066978+00:00
[2026-05-13T20:27:52.832+0000] {warnings.py:112} WARNING - /home/***/.local/lib/python3.12/site-packages/***/task/task_runner/standard_task_runner.py:62: DeprecationWarning: This process (pid=344) is multi-threaded, use of fork() may lead to deadlocks in the child.
  pid = os.fork()

[2026-05-13T20:27:52.835+0000] {standard_task_runner.py:64} INFO - Started process 346 to run task
[2026-05-13T20:27:52.836+0000] {standard_task_runner.py:90} INFO - Running: ['***', 'tasks', 'run', 'moex_candles_loader', 'run_candles_loader', 'manual__2026-05-13T20:27:50.066978+00:00', '--job-id', '85', '--raw', '--subdir', 'DAGS_FOLDER/moex_loader_dag.py', '--cfg-path', '/tmp/tmp_i94fnah']
[2026-05-13T20:27:52.841+0000] {standard_task_runner.py:91} INFO - Job 85: Subtask run_candles_loader
[2026-05-13T20:27:52.955+0000] {task_command.py:426} INFO - Running <TaskInstance: moex_candles_loader.run_candles_loader manual__2026-05-13T20:27:50.066978+00:00 [running]> on host ef4f4778eb40
[2026-05-13T20:27:53.109+0000] {taskinstance.py:2648} INFO - Exporting env vars: AIRFLOW_CTX_DAG_OWNER='***' AIRFLOW_CTX_DAG_ID='moex_candles_loader' AIRFLOW_CTX_TASK_ID='run_candles_loader' AIRFLOW_CTX_EXECUTION_DATE='2026-05-13T20:27:50.066978+00:00' AIRFLOW_CTX_TRY_NUMBER='1' AIRFLOW_CTX_DAG_RUN_ID='manual__2026-05-13T20:27:50.066978+00:00'
[2026-05-13T20:27:53.115+0000] {taskinstance.py:430} INFO - ::endgroup::
[2026-05-13T20:27:53.120+0000] {subprocess.py:63} INFO - Tmp dir root location: /tmp
[2026-05-13T20:27:53.133+0000] {subprocess.py:75} INFO - Running command: ['/usr/bin/bash', '-c', 'python /opt/***/dags/scripts/candles_loader.py']
[2026-05-13T20:27:53.161+0000] {subprocess.py:86} INFO - Output:
[2026-05-13T20:29:23.697+0000] {subprocess.py:93} INFO - 🚀 Старт загрузки свечей | 2026-05-13 20:27:55
[2026-05-13T20:29:23.698+0000] {subprocess.py:93} INFO - 📥 Загружаем GAZP
[2026-05-13T20:29:23.704+0000] {subprocess.py:93} INFO - ✅ [GAZP] сохранен
[2026-05-13T20:29:23.706+0000] {subprocess.py:93} INFO - ☁️ S3: s3://data/moex-data/moex/candles/GAZP/GAZP_1h_20260513_202755.parquet
[2026-05-13T20:29:23.708+0000] {subprocess.py:93} INFO - ------------------------------------------------------------
[2026-05-13T20:29:23.709+0000] {subprocess.py:93} INFO - 📥 Загружаем SBER
[2026-05-13T20:29:23.710+0000] {subprocess.py:93} INFO - ✅ [SBER] сохранен
[2026-05-13T20:29:23.711+0000] {subprocess.py:93} INFO - ☁️ S3: s3://data/moex-data/moex/candles/SBER/SBER_1h_20260513_202755.parquet
[2026-05-13T20:29:23.713+0000] {subprocess.py:93} INFO - ------------------------------------------------------------
[2026-05-13T20:29:23.714+0000] {subprocess.py:93} INFO - 📥 Загружаем LKOH
[2026-05-13T20:29:23.716+0000] {subprocess.py:93} INFO - ✅ [LKOH] сохранен
[2026-05-13T20:29:23.717+0000] {subprocess.py:93} INFO - ☁️ S3: s3://data/moex-data/moex/candles/LKOH/LKOH_1h_20260513_202755.parquet
[2026-05-13T20:29:23.717+0000] {subprocess.py:93} INFO - ------------------------------------------------------------
[2026-05-13T20:29:23.718+0000] {subprocess.py:93} INFO - 
[2026-05-13T20:29:23.719+0000] {subprocess.py:93} INFO - 🎯 Готово. Обработано инструментов: 3
[2026-05-13T20:29:24.063+0000] {subprocess.py:97} INFO - Command exited with return code 0
[2026-05-13T20:29:24.065+0000] {taskinstance.py:441} INFO - ::group::Post task execution logs
[2026-05-13T20:29:24.121+0000] {taskinstance.py:1206} INFO - Marking task as SUCCESS. dag_id=moex_candles_loader, task_id=run_candles_loader, run_id=manual__2026-05-13T20:27:50.066978+00:00, execution_date=20260513T202750, start_date=20260513T202752, end_date=20260513T202924
[2026-05-13T20:29:24.190+0000] {local_task_job_runner.py:243} INFO - Task exited with return code 0
[2026-05-13T20:29:24.232+0000] {taskinstance.py:3503} INFO - 1 downstream tasks scheduled from follow-on schedule check
[2026-05-13T20:29:24.239+0000] {local_task_job_runner.py:222} INFO - ::endgroup::
