[2026-05-07T04:50:02.732+0000] {processor.py:161} INFO - Started process (PID=11916) to work on /opt/airflow/dags/moex_loader_dag.py
[2026-05-07T04:50:02.733+0000] {processor.py:830} INFO - Processing file /opt/airflow/dags/moex_loader_dag.py for tasks to queue
[2026-05-07T04:50:02.734+0000] {logging_mixin.py:188} INFO - [2026-05-07T04:50:02.734+0000] {dagbag.py:545} INFO - Filling up the DagBag from /opt/airflow/dags/moex_loader_dag.py
[2026-05-07T04:50:02.755+0000] {processor.py:840} INFO - DAG(s) 'moex_candles_loader' retrieved from /opt/airflow/dags/moex_loader_dag.py
[2026-05-07T04:50:02.790+0000] {logging_mixin.py:188} INFO - [2026-05-07T04:50:02.789+0000] {dag.py:3089} INFO - Sync 1 DAGs
[2026-05-07T04:50:02.803+0000] {logging_mixin.py:188} INFO - [2026-05-07T04:50:02.803+0000] {dag.py:3947} INFO - Setting next_dagrun for moex_candles_loader to None, run_after=None
[2026-05-07T04:50:02.841+0000] {processor.py:183} INFO - Processing /opt/airflow/dags/moex_loader_dag.py took 0.115 seconds
[2026-05-07T04:50:33.879+0000] {processor.py:161} INFO - Started process (PID=11984) to work on /opt/airflow/dags/moex_loader_dag.py
[2026-05-07T04:50:33.882+0000] {processor.py:830} INFO - Processing file /opt/airflow/dags/moex_loader_dag.py for tasks to queue
[2026-05-07T04:50:33.884+0000] {logging_mixin.py:188} INFO - [2026-05-07T04:50:33.883+0000] {dagbag.py:545} INFO - Filling up the DagBag from /opt/airflow/dags/moex_loader_dag.py
[2026-05-07T04:50:33.938+0000] {processor.py:840} INFO - DAG(s) 'moex_candles_loader' retrieved from /opt/airflow/dags/moex_loader_dag.py
[2026-05-07T04:50:33.972+0000] {logging_mixin.py:188} INFO - [2026-05-07T04:50:33.971+0000] {dag.py:3089} INFO - Sync 1 DAGs
[2026-05-07T04:50:33.989+0000] {logging_mixin.py:188} INFO - [2026-05-07T04:50:33.988+0000] {dag.py:3947} INFO - Setting next_dagrun for moex_candles_loader to None, run_after=None
[2026-05-07T04:50:34.014+0000] {processor.py:183} INFO - Processing /opt/airflow/dags/moex_loader_dag.py took 0.150 seconds
[2026-05-07T04:51:04.133+0000] {processor.py:161} INFO - Started process (PID=12052) to work on /opt/airflow/dags/moex_loader_dag.py
[2026-05-07T04:51:04.136+0000] {processor.py:830} INFO - Processing file /opt/airflow/dags/moex_loader_dag.py for tasks to queue
[2026-05-07T04:51:04.138+0000] {logging_mixin.py:188} INFO - [2026-05-07T04:51:04.137+0000] {dagbag.py:545} INFO - Filling up the DagBag from /opt/airflow/dags/moex_loader_dag.py
[2026-05-07T04:51:04.169+0000] {processor.py:840} INFO - DAG(s) 'moex_candles_loader' retrieved from /opt/airflow/dags/moex_loader_dag.py
[2026-05-07T04:51:04.191+0000] {logging_mixin.py:188} INFO - [2026-05-07T04:51:04.191+0000] {dag.py:3089} INFO - Sync 1 DAGs
[2026-05-07T04:51:04.208+0000] {logging_mixin.py:188} INFO - [2026-05-07T04:51:04.208+0000] {dag.py:3947} INFO - Setting next_dagrun for moex_candles_loader to None, run_after=None
[2026-05-07T04:51:04.230+0000] {processor.py:183} INFO - Processing /opt/airflow/dags/moex_loader_dag.py took 0.103 seconds
[2026-05-07T04:51:34.322+0000] {processor.py:161} INFO - Started process (PID=12127) to work on /opt/airflow/dags/moex_loader_dag.py
[2026-05-07T04:51:34.325+0000] {processor.py:830} INFO - Processing file /opt/airflow/dags/moex_loader_dag.py for tasks to queue
[2026-05-07T04:51:34.326+0000] {logging_mixin.py:188} INFO - [2026-05-07T04:51:34.326+0000] {dagbag.py:545} INFO - Filling up the DagBag from /opt/airflow/dags/moex_loader_dag.py
[2026-05-07T04:51:34.354+0000] {processor.py:840} INFO - DAG(s) 'moex_candles_loader' retrieved from /opt/airflow/dags/moex_loader_dag.py
[2026-05-07T04:51:34.387+0000] {logging_mixin.py:188} INFO - [2026-05-07T04:51:34.386+0000] {dag.py:3089} INFO - Sync 1 DAGs
[2026-05-07T04:51:34.402+0000] {logging_mixin.py:188} INFO - [2026-05-07T04:51:34.402+0000] {dag.py:3947} INFO - Setting next_dagrun for moex_candles_loader to None, run_after=None
[2026-05-07T04:51:34.444+0000] {processor.py:183} INFO - Processing /opt/airflow/dags/moex_loader_dag.py took 0.130 seconds
[2026-05-07T04:52:04.708+0000] {processor.py:161} INFO - Started process (PID=12195) to work on /opt/airflow/dags/moex_loader_dag.py
[2026-05-07T04:52:04.709+0000] {processor.py:830} INFO - Processing file /opt/airflow/dags/moex_loader_dag.py for tasks to queue
[2026-05-07T04:52:04.710+0000] {logging_mixin.py:188} INFO - [2026-05-07T04:52:04.710+0000] {dagbag.py:545} INFO - Filling up the DagBag from /opt/airflow/dags/moex_loader_dag.py
[2026-05-07T04:52:04.736+0000] {processor.py:840} INFO - DAG(s) 'moex_candles_loader' retrieved from /opt/airflow/dags/moex_loader_dag.py
[2026-05-07T04:52:04.757+0000] {logging_mixin.py:188} INFO - [2026-05-07T04:52:04.756+0000] {dag.py:3089} INFO - Sync 1 DAGs
[2026-05-07T04:52:04.769+0000] {logging_mixin.py:188} INFO - [2026-05-07T04:52:04.768+0000] {dag.py:3947} INFO - Setting next_dagrun for moex_candles_loader to None, run_after=None
[2026-05-07T04:52:04.791+0000] {processor.py:183} INFO - Processing /opt/airflow/dags/moex_loader_dag.py took 0.089 seconds
[2026-05-07T04:52:34.867+0000] {processor.py:161} INFO - Started process (PID=12270) to work on /opt/airflow/dags/moex_loader_dag.py
[2026-05-07T04:52:34.868+0000] {processor.py:830} INFO - Processing file /opt/airflow/dags/moex_loader_dag.py for tasks to queue
[2026-05-07T04:52:34.870+0000] {logging_mixin.py:188} INFO - [2026-05-07T04:52:34.869+0000] {dagbag.py:545} INFO - Filling up the DagBag from /opt/airflow/dags/moex_loader_dag.py
[2026-05-07T04:52:34.885+0000] {processor.py:840} INFO - DAG(s) 'moex_candles_loader' retrieved from /opt/airflow/dags/moex_loader_dag.py
[2026-05-07T04:52:34.903+0000] {logging_mixin.py:188} INFO - [2026-05-07T04:52:34.903+0000] {dag.py:3089} INFO - Sync 1 DAGs
[2026-05-07T04:52:34.914+0000] {logging_mixin.py:188} INFO - [2026-05-07T04:52:34.914+0000] {dag.py:3947} INFO - Setting next_dagrun for moex_candles_loader to None, run_after=None
[2026-05-07T04:52:34.939+0000] {processor.py:183} INFO - Processing /opt/airflow/dags/moex_loader_dag.py took 0.079 seconds
[2026-05-07T04:53:05.251+0000] {processor.py:161} INFO - Started process (PID=12338) to work on /opt/airflow/dags/moex_loader_dag.py
[2026-05-07T04:53:05.252+0000] {processor.py:830} INFO - Processing file /opt/airflow/dags/moex_loader_dag.py for tasks to queue
[2026-05-07T04:53:05.254+0000] {logging_mixin.py:188} INFO - [2026-05-07T04:53:05.253+0000] {dagbag.py:545} INFO - Filling up the DagBag from /opt/airflow/dags/moex_loader_dag.py
[2026-05-07T04:53:05.279+0000] {processor.py:840} INFO - DAG(s) 'moex_candles_loader' retrieved from /opt/airflow/dags/moex_loader_dag.py
[2026-05-07T04:53:05.311+0000] {logging_mixin.py:188} INFO - [2026-05-07T04:53:05.311+0000] {dag.py:3089} INFO - Sync 1 DAGs
[2026-05-07T04:53:05.330+0000] {logging_mixin.py:188} INFO - [2026-05-07T04:53:05.330+0000] {dag.py:3947} INFO - Setting next_dagrun for moex_candles_loader to None, run_after=None
[2026-05-07T04:53:05.359+0000] {processor.py:183} INFO - Processing /opt/airflow/dags/moex_loader_dag.py took 0.116 seconds
[2026-05-07T04:55:33.553+0000] {processor.py:161} INFO - Started process (PID=12395) to work on /opt/airflow/dags/moex_loader_dag.py
[2026-05-07T04:55:33.554+0000] {processor.py:830} INFO - Processing file /opt/airflow/dags/moex_loader_dag.py for tasks to queue
[2026-05-07T04:55:33.556+0000] {logging_mixin.py:188} INFO - [2026-05-07T04:55:33.555+0000] {dagbag.py:545} INFO - Filling up the DagBag from /opt/airflow/dags/moex_loader_dag.py
[2026-05-07T04:55:33.585+0000] {processor.py:840} INFO - DAG(s) 'moex_candles_loader' retrieved from /opt/airflow/dags/moex_loader_dag.py
[2026-05-07T04:55:33.616+0000] {logging_mixin.py:188} INFO - [2026-05-07T04:55:33.616+0000] {dag.py:3089} INFO - Sync 1 DAGs
[2026-05-07T04:55:33.637+0000] {logging_mixin.py:188} INFO - [2026-05-07T04:55:33.637+0000] {dag.py:3947} INFO - Setting next_dagrun for moex_candles_loader to None, run_after=None
[2026-05-07T04:55:33.675+0000] {processor.py:183} INFO - Processing /opt/airflow/dags/moex_loader_dag.py took 0.132 seconds
[2026-05-07T05:20:13.328+0000] {processor.py:161} INFO - Started process (PID=12443) to work on /opt/airflow/dags/moex_loader_dag.py
[2026-05-07T05:20:13.329+0000] {processor.py:830} INFO - Processing file /opt/airflow/dags/moex_loader_dag.py for tasks to queue
[2026-05-07T05:20:13.331+0000] {logging_mixin.py:188} INFO - [2026-05-07T05:20:13.330+0000] {dagbag.py:545} INFO - Filling up the DagBag from /opt/airflow/dags/moex_loader_dag.py
[2026-05-07T05:20:13.368+0000] {processor.py:840} INFO - DAG(s) 'moex_candles_loader' retrieved from /opt/airflow/dags/moex_loader_dag.py
[2026-05-07T05:20:13.388+0000] {logging_mixin.py:188} INFO - [2026-05-07T05:20:13.387+0000] {dag.py:3089} INFO - Sync 1 DAGs
[2026-05-07T05:20:13.397+0000] {logging_mixin.py:188} INFO - [2026-05-07T05:20:13.397+0000] {dag.py:3947} INFO - Setting next_dagrun for moex_candles_loader to None, run_after=None
[2026-05-07T05:20:13.427+0000] {processor.py:183} INFO - Processing /opt/airflow/dags/moex_loader_dag.py took 0.104 seconds
[2026-05-07T06:07:42.809+0000] {processor.py:161} INFO - Started process (PID=12470) to work on /opt/airflow/dags/moex_loader_dag.py
[2026-05-07T06:07:42.811+0000] {processor.py:830} INFO - Processing file /opt/airflow/dags/moex_loader_dag.py for tasks to queue
[2026-05-07T06:07:42.812+0000] {logging_mixin.py:188} INFO - [2026-05-07T06:07:42.812+0000] {dagbag.py:545} INFO - Filling up the DagBag from /opt/airflow/dags/moex_loader_dag.py
[2026-05-07T06:07:42.870+0000] {processor.py:840} INFO - DAG(s) 'moex_candles_loader' retrieved from /opt/airflow/dags/moex_loader_dag.py
[2026-05-07T06:07:42.939+0000] {logging_mixin.py:188} INFO - [2026-05-07T06:07:42.938+0000] {dag.py:3089} INFO - Sync 1 DAGs
[2026-05-07T06:07:42.965+0000] {logging_mixin.py:188} INFO - [2026-05-07T06:07:42.964+0000] {dag.py:3947} INFO - Setting next_dagrun for moex_candles_loader to None, run_after=None
[2026-05-07T06:07:43.035+0000] {processor.py:183} INFO - Processing /opt/airflow/dags/moex_loader_dag.py took 0.238 seconds
[2026-05-07T06:08:13.987+0000] {processor.py:161} INFO - Started process (PID=12538) to work on /opt/airflow/dags/moex_loader_dag.py
[2026-05-07T06:08:13.991+0000] {processor.py:830} INFO - Processing file /opt/airflow/dags/moex_loader_dag.py for tasks to queue
[2026-05-07T06:08:13.993+0000] {logging_mixin.py:188} INFO - [2026-05-07T06:08:13.993+0000] {dagbag.py:545} INFO - Filling up the DagBag from /opt/airflow/dags/moex_loader_dag.py
[2026-05-07T06:08:14.044+0000] {processor.py:840} INFO - DAG(s) 'moex_candles_loader' retrieved from /opt/airflow/dags/moex_loader_dag.py
[2026-05-07T06:08:14.079+0000] {logging_mixin.py:188} INFO - [2026-05-07T06:08:14.078+0000] {dag.py:3089} INFO - Sync 1 DAGs
[2026-05-07T06:08:14.117+0000] {logging_mixin.py:188} INFO - [2026-05-07T06:08:14.117+0000] {dag.py:3947} INFO - Setting next_dagrun for moex_candles_loader to None, run_after=None
[2026-05-07T06:08:14.198+0000] {processor.py:183} INFO - Processing /opt/airflow/dags/moex_loader_dag.py took 0.224 seconds
[2026-05-07T06:08:44.567+0000] {processor.py:161} INFO - Started process (PID=12606) to work on /opt/airflow/dags/moex_loader_dag.py
[2026-05-07T06:08:44.571+0000] {processor.py:830} INFO - Processing file /opt/airflow/dags/moex_loader_dag.py for tasks to queue
[2026-05-07T06:08:44.573+0000] {logging_mixin.py:188} INFO - [2026-05-07T06:08:44.573+0000] {dagbag.py:545} INFO - Filling up the DagBag from /opt/airflow/dags/moex_loader_dag.py
[2026-05-07T06:08:44.617+0000] {processor.py:840} INFO - DAG(s) 'moex_candles_loader' retrieved from /opt/airflow/dags/moex_loader_dag.py
[2026-05-07T06:08:44.654+0000] {logging_mixin.py:188} INFO - [2026-05-07T06:08:44.654+0000] {dag.py:3089} INFO - Sync 1 DAGs
[2026-05-07T06:08:44.674+0000] {logging_mixin.py:188} INFO - [2026-05-07T06:08:44.673+0000] {dag.py:3947} INFO - Setting next_dagrun for moex_candles_loader to None, run_after=None
[2026-05-07T06:08:44.737+0000] {processor.py:183} INFO - Processing /opt/airflow/dags/moex_loader_dag.py took 0.185 seconds
[2026-05-07T06:09:15.403+0000] {processor.py:161} INFO - Started process (PID=12674) to work on /opt/airflow/dags/moex_loader_dag.py
[2026-05-07T06:09:15.406+0000] {processor.py:830} INFO - Processing file /opt/airflow/dags/moex_loader_dag.py for tasks to queue
[2026-05-07T06:09:15.408+0000] {logging_mixin.py:188} INFO - [2026-05-07T06:09:15.407+0000] {dagbag.py:545} INFO - Filling up the DagBag from /opt/airflow/dags/moex_loader_dag.py
[2026-05-07T06:09:15.460+0000] {processor.py:840} INFO - DAG(s) 'moex_candles_loader' retrieved from /opt/airflow/dags/moex_loader_dag.py
[2026-05-07T06:09:15.494+0000] {logging_mixin.py:188} INFO - [2026-05-07T06:09:15.494+0000] {dag.py:3089} INFO - Sync 1 DAGs
[2026-05-07T06:09:15.516+0000] {logging_mixin.py:188} INFO - [2026-05-07T06:09:15.515+0000] {dag.py:3947} INFO - Setting next_dagrun for moex_candles_loader to None, run_after=None
[2026-05-07T06:09:15.575+0000] {processor.py:183} INFO - Processing /opt/airflow/dags/moex_loader_dag.py took 0.184 seconds
[2026-05-07T06:09:46.093+0000] {processor.py:161} INFO - Started process (PID=12742) to work on /opt/airflow/dags/moex_loader_dag.py
[2026-05-07T06:09:46.095+0000] {processor.py:830} INFO - Processing file /opt/airflow/dags/moex_loader_dag.py for tasks to queue
[2026-05-07T06:09:46.097+0000] {logging_mixin.py:188} INFO - [2026-05-07T06:09:46.096+0000] {dagbag.py:545} INFO - Filling up the DagBag from /opt/airflow/dags/moex_loader_dag.py
[2026-05-07T06:09:46.143+0000] {processor.py:840} INFO - DAG(s) 'moex_candles_loader' retrieved from /opt/airflow/dags/moex_loader_dag.py
[2026-05-07T06:09:46.178+0000] {logging_mixin.py:188} INFO - [2026-05-07T06:09:46.177+0000] {dag.py:3089} INFO - Sync 1 DAGs
[2026-05-07T06:09:46.196+0000] {logging_mixin.py:188} INFO - [2026-05-07T06:09:46.196+0000] {dag.py:3947} INFO - Setting next_dagrun for moex_candles_loader to None, run_after=None
[2026-05-07T06:09:46.249+0000] {processor.py:183} INFO - Processing /opt/airflow/dags/moex_loader_dag.py took 0.165 seconds
[2026-05-07T06:10:16.965+0000] {processor.py:161} INFO - Started process (PID=12810) to work on /opt/airflow/dags/moex_loader_dag.py
[2026-05-07T06:10:16.968+0000] {processor.py:830} INFO - Processing file /opt/airflow/dags/moex_loader_dag.py for tasks to queue
[2026-05-07T06:10:16.970+0000] {logging_mixin.py:188} INFO - [2026-05-07T06:10:16.970+0000] {dagbag.py:545} INFO - Filling up the DagBag from /opt/airflow/dags/moex_loader_dag.py
[2026-05-07T06:10:17.016+0000] {processor.py:840} INFO - DAG(s) 'moex_candles_loader' retrieved from /opt/airflow/dags/moex_loader_dag.py
[2026-05-07T06:10:17.057+0000] {logging_mixin.py:188} INFO - [2026-05-07T06:10:17.056+0000] {dag.py:3089} INFO - Sync 1 DAGs
[2026-05-07T06:10:17.078+0000] {logging_mixin.py:188} INFO - [2026-05-07T06:10:17.077+0000] {dag.py:3947} INFO - Setting next_dagrun for moex_candles_loader to None, run_after=None
[2026-05-07T06:10:17.114+0000] {processor.py:183} INFO - Processing /opt/airflow/dags/moex_loader_dag.py took 0.162 seconds
[2026-05-07T06:10:47.464+0000] {processor.py:161} INFO - Started process (PID=12878) to work on /opt/airflow/dags/moex_loader_dag.py
[2026-05-07T06:10:47.467+0000] {processor.py:830} INFO - Processing file /opt/airflow/dags/moex_loader_dag.py for tasks to queue
[2026-05-07T06:10:47.469+0000] {logging_mixin.py:188} INFO - [2026-05-07T06:10:47.468+0000] {dagbag.py:545} INFO - Filling up the DagBag from /opt/airflow/dags/moex_loader_dag.py
[2026-05-07T06:10:47.526+0000] {processor.py:840} INFO - DAG(s) 'moex_candles_loader' retrieved from /opt/airflow/dags/moex_loader_dag.py
[2026-05-07T06:10:47.566+0000] {logging_mixin.py:188} INFO - [2026-05-07T06:10:47.565+0000] {dag.py:3089} INFO - Sync 1 DAGs
[2026-05-07T06:10:47.594+0000] {logging_mixin.py:188} INFO - [2026-05-07T06:10:47.594+0000] {dag.py:3947} INFO - Setting next_dagrun for moex_candles_loader to None, run_after=None
[2026-05-07T06:10:47.666+0000] {processor.py:183} INFO - Processing /opt/airflow/dags/moex_loader_dag.py took 0.213 seconds
[2026-05-07T06:11:18.713+0000] {processor.py:161} INFO - Started process (PID=12953) to work on /opt/airflow/dags/moex_loader_dag.py
[2026-05-07T06:11:18.716+0000] {processor.py:830} INFO - Processing file /opt/airflow/dags/moex_loader_dag.py for tasks to queue
[2026-05-07T06:11:18.718+0000] {logging_mixin.py:188} INFO - [2026-05-07T06:11:18.718+0000] {dagbag.py:545} INFO - Filling up the DagBag from /opt/airflow/dags/moex_loader_dag.py
[2026-05-07T06:11:18.781+0000] {processor.py:840} INFO - DAG(s) 'moex_candles_loader' retrieved from /opt/airflow/dags/moex_loader_dag.py
[2026-05-07T06:11:18.836+0000] {logging_mixin.py:188} INFO - [2026-05-07T06:11:18.835+0000] {dag.py:3089} INFO - Sync 1 DAGs
[2026-05-07T06:11:18.861+0000] {logging_mixin.py:188} INFO - [2026-05-07T06:11:18.861+0000] {dag.py:3947} INFO - Setting next_dagrun for moex_candles_loader to None, run_after=None
[2026-05-07T06:11:18.902+0000] {processor.py:183} INFO - Processing /opt/airflow/dags/moex_loader_dag.py took 0.204 seconds
[2026-05-07T06:11:49.045+0000] {processor.py:161} INFO - Started process (PID=13021) to work on /opt/airflow/dags/moex_loader_dag.py
[2026-05-07T06:11:49.048+0000] {processor.py:830} INFO - Processing file /opt/airflow/dags/moex_loader_dag.py for tasks to queue
[2026-05-07T06:11:49.050+0000] {logging_mixin.py:188} INFO - [2026-05-07T06:11:49.049+0000] {dagbag.py:545} INFO - Filling up the DagBag from /opt/airflow/dags/moex_loader_dag.py
[2026-05-07T06:11:49.075+0000] {processor.py:840} INFO - DAG(s) 'moex_candles_loader' retrieved from /opt/airflow/dags/moex_loader_dag.py
[2026-05-07T06:11:49.114+0000] {logging_mixin.py:188} INFO - [2026-05-07T06:11:49.113+0000] {dag.py:3089} INFO - Sync 1 DAGs
[2026-05-07T06:11:49.147+0000] {logging_mixin.py:188} INFO - [2026-05-07T06:11:49.146+0000] {dag.py:3947} INFO - Setting next_dagrun for moex_candles_loader to None, run_after=None
[2026-05-07T06:11:49.224+0000] {processor.py:183} INFO - Processing /opt/airflow/dags/moex_loader_dag.py took 0.194 seconds
[2026-05-07T06:12:20.187+0000] {processor.py:161} INFO - Started process (PID=13089) to work on /opt/airflow/dags/moex_loader_dag.py
[2026-05-07T06:12:20.199+0000] {processor.py:830} INFO - Processing file /opt/airflow/dags/moex_loader_dag.py for tasks to queue
[2026-05-07T06:12:20.202+0000] {logging_mixin.py:188} INFO - [2026-05-07T06:12:20.201+0000] {dagbag.py:545} INFO - Filling up the DagBag from /opt/airflow/dags/moex_loader_dag.py
[2026-05-07T06:12:20.274+0000] {processor.py:840} INFO - DAG(s) 'moex_candles_loader' retrieved from /opt/airflow/dags/moex_loader_dag.py
[2026-05-07T06:12:20.314+0000] {logging_mixin.py:188} INFO - [2026-05-07T06:12:20.314+0000] {dag.py:3089} INFO - Sync 1 DAGs
[2026-05-07T06:12:20.339+0000] {logging_mixin.py:188} INFO - [2026-05-07T06:12:20.339+0000] {dag.py:3947} INFO - Setting next_dagrun for moex_candles_loader to None, run_after=None
[2026-05-07T06:12:20.387+0000] {processor.py:183} INFO - Processing /opt/airflow/dags/moex_loader_dag.py took 0.215 seconds
[2026-05-07T06:12:51.365+0000] {processor.py:161} INFO - Started process (PID=13157) to work on /opt/airflow/dags/moex_loader_dag.py
[2026-05-07T06:12:51.367+0000] {processor.py:830} INFO - Processing file /opt/airflow/dags/moex_loader_dag.py for tasks to queue
[2026-05-07T06:12:51.369+0000] {logging_mixin.py:188} INFO - [2026-05-07T06:12:51.369+0000] {dagbag.py:545} INFO - Filling up the DagBag from /opt/airflow/dags/moex_loader_dag.py
[2026-05-07T06:12:51.402+0000] {processor.py:840} INFO - DAG(s) 'moex_candles_loader' retrieved from /opt/airflow/dags/moex_loader_dag.py
[2026-05-07T06:12:51.446+0000] {logging_mixin.py:188} INFO - [2026-05-07T06:12:51.445+0000] {dag.py:3089} INFO - Sync 1 DAGs
[2026-05-07T06:12:51.473+0000] {logging_mixin.py:188} INFO - [2026-05-07T06:12:51.472+0000] {dag.py:3947} INFO - Setting next_dagrun for moex_candles_loader to None, run_after=None
[2026-05-07T06:12:51.544+0000] {processor.py:183} INFO - Processing /opt/airflow/dags/moex_loader_dag.py took 0.190 seconds
[2026-05-07T06:13:21.914+0000] {processor.py:161} INFO - Started process (PID=13224) to work on /opt/airflow/dags/moex_loader_dag.py
[2026-05-07T06:13:21.916+0000] {processor.py:830} INFO - Processing file /opt/airflow/dags/moex_loader_dag.py for tasks to queue
[2026-05-07T06:13:21.918+0000] {logging_mixin.py:188} INFO - [2026-05-07T06:13:21.917+0000] {dagbag.py:545} INFO - Filling up the DagBag from /opt/airflow/dags/moex_loader_dag.py
[2026-05-07T06:13:21.961+0000] {processor.py:840} INFO - DAG(s) 'moex_candles_loader' retrieved from /opt/airflow/dags/moex_loader_dag.py
[2026-05-07T06:13:22.000+0000] {logging_mixin.py:188} INFO - [2026-05-07T06:13:22.000+0000] {dag.py:3089} INFO - Sync 1 DAGs
[2026-05-07T06:13:22.021+0000] {logging_mixin.py:188} INFO - [2026-05-07T06:13:22.021+0000] {dag.py:3947} INFO - Setting next_dagrun for moex_candles_loader to None, run_after=None
[2026-05-07T06:13:22.065+0000] {processor.py:183} INFO - Processing /opt/airflow/dags/moex_loader_dag.py took 0.164 seconds
[2026-05-07T06:13:52.359+0000] {processor.py:161} INFO - Started process (PID=13299) to work on /opt/airflow/dags/moex_loader_dag.py
[2026-05-07T06:13:52.361+0000] {processor.py:830} INFO - Processing file /opt/airflow/dags/moex_loader_dag.py for tasks to queue
[2026-05-07T06:13:52.363+0000] {logging_mixin.py:188} INFO - [2026-05-07T06:13:52.363+0000] {dagbag.py:545} INFO - Filling up the DagBag from /opt/airflow/dags/moex_loader_dag.py
[2026-05-07T06:13:52.409+0000] {processor.py:840} INFO - DAG(s) 'moex_candles_loader' retrieved from /opt/airflow/dags/moex_loader_dag.py
[2026-05-07T06:13:52.449+0000] {logging_mixin.py:188} INFO - [2026-05-07T06:13:52.448+0000] {dag.py:3089} INFO - Sync 1 DAGs
[2026-05-07T06:13:52.472+0000] {logging_mixin.py:188} INFO - [2026-05-07T06:13:52.472+0000] {dag.py:3947} INFO - Setting next_dagrun for moex_candles_loader to None, run_after=None
[2026-05-07T06:13:52.537+0000] {processor.py:183} INFO - Processing /opt/airflow/dags/moex_loader_dag.py took 0.195 seconds
[2026-05-07T06:14:22.974+0000] {processor.py:161} INFO - Started process (PID=13367) to work on /opt/airflow/dags/moex_loader_dag.py
[2026-05-07T06:14:22.977+0000] {processor.py:830} INFO - Processing file /opt/airflow/dags/moex_loader_dag.py for tasks to queue
[2026-05-07T06:14:22.979+0000] {logging_mixin.py:188} INFO - [2026-05-07T06:14:22.979+0000] {dagbag.py:545} INFO - Filling up the DagBag from /opt/airflow/dags/moex_loader_dag.py
[2026-05-07T06:14:23.025+0000] {processor.py:840} INFO - DAG(s) 'moex_candles_loader' retrieved from /opt/airflow/dags/moex_loader_dag.py
[2026-05-07T06:14:23.075+0000] {logging_mixin.py:188} INFO - [2026-05-07T06:14:23.074+0000] {dag.py:3089} INFO - Sync 1 DAGs
[2026-05-07T06:14:23.096+0000] {logging_mixin.py:188} INFO - [2026-05-07T06:14:23.096+0000] {dag.py:3947} INFO - Setting next_dagrun for moex_candles_loader to None, run_after=None
[2026-05-07T06:14:23.161+0000] {processor.py:183} INFO - Processing /opt/airflow/dags/moex_loader_dag.py took 0.200 seconds
[2026-05-07T06:14:53.475+0000] {processor.py:161} INFO - Started process (PID=13435) to work on /opt/airflow/dags/moex_loader_dag.py
[2026-05-07T06:14:53.477+0000] {processor.py:830} INFO - Processing file /opt/airflow/dags/moex_loader_dag.py for tasks to queue
[2026-05-07T06:14:53.479+0000] {logging_mixin.py:188} INFO - [2026-05-07T06:14:53.478+0000] {dagbag.py:545} INFO - Filling up the DagBag from /opt/airflow/dags/moex_loader_dag.py
[2026-05-07T06:14:53.514+0000] {processor.py:840} INFO - DAG(s) 'moex_candles_loader' retrieved from /opt/airflow/dags/moex_loader_dag.py
[2026-05-07T06:14:53.549+0000] {logging_mixin.py:188} INFO - [2026-05-07T06:14:53.549+0000] {dag.py:3089} INFO - Sync 1 DAGs
[2026-05-07T06:14:53.572+0000] {logging_mixin.py:188} INFO - [2026-05-07T06:14:53.572+0000] {dag.py:3947} INFO - Setting next_dagrun for moex_candles_loader to None, run_after=None
[2026-05-07T06:14:53.738+0000] {processor.py:183} INFO - Processing /opt/airflow/dags/moex_loader_dag.py took 0.273 seconds
[2026-05-07T06:15:24.129+0000] {processor.py:161} INFO - Started process (PID=13502) to work on /opt/airflow/dags/moex_loader_dag.py
[2026-05-07T06:15:24.136+0000] {processor.py:830} INFO - Processing file /opt/airflow/dags/moex_loader_dag.py for tasks to queue
[2026-05-07T06:15:24.138+0000] {logging_mixin.py:188} INFO - [2026-05-07T06:15:24.137+0000] {dagbag.py:545} INFO - Filling up the DagBag from /opt/airflow/dags/moex_loader_dag.py
[2026-05-07T06:15:24.189+0000] {processor.py:840} INFO - DAG(s) 'moex_candles_loader' retrieved from /opt/airflow/dags/moex_loader_dag.py
[2026-05-07T06:15:24.220+0000] {logging_mixin.py:188} INFO - [2026-05-07T06:15:24.219+0000] {dag.py:3089} INFO - Sync 1 DAGs
[2026-05-07T06:15:24.243+0000] {logging_mixin.py:188} INFO - [2026-05-07T06:15:24.243+0000] {dag.py:3947} INFO - Setting next_dagrun for moex_candles_loader to None, run_after=None
[2026-05-07T06:15:24.286+0000] {processor.py:183} INFO - Processing /opt/airflow/dags/moex_loader_dag.py took 0.170 seconds
[2026-05-07T06:15:54.708+0000] {processor.py:161} INFO - Started process (PID=13571) to work on /opt/airflow/dags/moex_loader_dag.py
[2026-05-07T06:15:54.711+0000] {processor.py:830} INFO - Processing file /opt/airflow/dags/moex_loader_dag.py for tasks to queue
[2026-05-07T06:15:54.714+0000] {logging_mixin.py:188} INFO - [2026-05-07T06:15:54.713+0000] {dagbag.py:545} INFO - Filling up the DagBag from /opt/airflow/dags/moex_loader_dag.py
[2026-05-07T06:15:54.751+0000] {processor.py:840} INFO - DAG(s) 'moex_candles_loader' retrieved from /opt/airflow/dags/moex_loader_dag.py
[2026-05-07T06:15:54.789+0000] {logging_mixin.py:188} INFO - [2026-05-07T06:15:54.788+0000] {dag.py:3089} INFO - Sync 1 DAGs
[2026-05-07T06:15:54.811+0000] {logging_mixin.py:188} INFO - [2026-05-07T06:15:54.810+0000] {dag.py:3947} INFO - Setting next_dagrun for moex_candles_loader to None, run_after=None
[2026-05-07T06:15:54.876+0000] {processor.py:183} INFO - Processing /opt/airflow/dags/moex_loader_dag.py took 0.179 seconds
[2026-05-07T06:16:25.607+0000] {processor.py:161} INFO - Started process (PID=13639) to work on /opt/airflow/dags/moex_loader_dag.py
[2026-05-07T06:16:25.610+0000] {processor.py:830} INFO - Processing file /opt/airflow/dags/moex_loader_dag.py for tasks to queue
[2026-05-07T06:16:25.613+0000] {logging_mixin.py:188} INFO - [2026-05-07T06:16:25.612+0000] {dagbag.py:545} INFO - Filling up the DagBag from /opt/airflow/dags/moex_loader_dag.py
[2026-05-07T06:16:25.674+0000] {processor.py:840} INFO - DAG(s) 'moex_candles_loader' retrieved from /opt/airflow/dags/moex_loader_dag.py
[2026-05-07T06:16:25.714+0000] {logging_mixin.py:188} INFO - [2026-05-07T06:16:25.714+0000] {dag.py:3089} INFO - Sync 1 DAGs
[2026-05-07T06:16:25.734+0000] {logging_mixin.py:188} INFO - [2026-05-07T06:16:25.733+0000] {dag.py:3947} INFO - Setting next_dagrun for moex_candles_loader to None, run_after=None
[2026-05-07T06:16:25.771+0000] {processor.py:183} INFO - Processing /opt/airflow/dags/moex_loader_dag.py took 0.178 seconds
[2026-05-07T06:16:56.117+0000] {processor.py:161} INFO - Started process (PID=13714) to work on /opt/airflow/dags/moex_loader_dag.py
[2026-05-07T06:16:56.120+0000] {processor.py:830} INFO - Processing file /opt/airflow/dags/moex_loader_dag.py for tasks to queue
[2026-05-07T06:16:56.121+0000] {logging_mixin.py:188} INFO - [2026-05-07T06:16:56.121+0000] {dagbag.py:545} INFO - Filling up the DagBag from /opt/airflow/dags/moex_loader_dag.py
[2026-05-07T06:16:56.166+0000] {processor.py:840} INFO - DAG(s) 'moex_candles_loader' retrieved from /opt/airflow/dags/moex_loader_dag.py
[2026-05-07T06:16:56.196+0000] {logging_mixin.py:188} INFO - [2026-05-07T06:16:56.196+0000] {dag.py:3089} INFO - Sync 1 DAGs
[2026-05-07T06:16:56.218+0000] {logging_mixin.py:188} INFO - [2026-05-07T06:16:56.218+0000] {dag.py:3947} INFO - Setting next_dagrun for moex_candles_loader to None, run_after=None
[2026-05-07T06:16:56.370+0000] {processor.py:183} INFO - Processing /opt/airflow/dags/moex_loader_dag.py took 0.270 seconds
[2026-05-07T06:17:26.805+0000] {processor.py:161} INFO - Started process (PID=13782) to work on /opt/airflow/dags/moex_loader_dag.py
[2026-05-07T06:17:26.807+0000] {processor.py:830} INFO - Processing file /opt/airflow/dags/moex_loader_dag.py for tasks to queue
[2026-05-07T06:17:26.808+0000] {logging_mixin.py:188} INFO - [2026-05-07T06:17:26.808+0000] {dagbag.py:545} INFO - Filling up the DagBag from /opt/airflow/dags/moex_loader_dag.py
[2026-05-07T06:17:26.843+0000] {processor.py:840} INFO - DAG(s) 'moex_candles_loader' retrieved from /opt/airflow/dags/moex_loader_dag.py
[2026-05-07T06:17:26.878+0000] {logging_mixin.py:188} INFO - [2026-05-07T06:17:26.877+0000] {dag.py:3089} INFO - Sync 1 DAGs
[2026-05-07T06:17:26.897+0000] {logging_mixin.py:188} INFO - [2026-05-07T06:17:26.897+0000] {dag.py:3947} INFO - Setting next_dagrun for moex_candles_loader to None, run_after=None
[2026-05-07T06:17:26.956+0000] {processor.py:183} INFO - Processing /opt/airflow/dags/moex_loader_dag.py took 0.171 seconds
[2026-05-07T06:17:57.241+0000] {processor.py:161} INFO - Started process (PID=13851) to work on /opt/airflow/dags/moex_loader_dag.py
[2026-05-07T06:17:57.242+0000] {processor.py:830} INFO - Processing file /opt/airflow/dags/moex_loader_dag.py for tasks to queue
[2026-05-07T06:17:57.244+0000] {logging_mixin.py:188} INFO - [2026-05-07T06:17:57.244+0000] {dagbag.py:545} INFO - Filling up the DagBag from /opt/airflow/dags/moex_loader_dag.py
[2026-05-07T06:17:57.277+0000] {processor.py:840} INFO - DAG(s) 'moex_candles_loader' retrieved from /opt/airflow/dags/moex_loader_dag.py
[2026-05-07T06:17:57.319+0000] {logging_mixin.py:188} INFO - [2026-05-07T06:17:57.319+0000] {dag.py:3089} INFO - Sync 1 DAGs
[2026-05-07T06:17:57.341+0000] {logging_mixin.py:188} INFO - [2026-05-07T06:17:57.341+0000] {dag.py:3947} INFO - Setting next_dagrun for moex_candles_loader to None, run_after=None
[2026-05-07T06:17:57.513+0000] {processor.py:183} INFO - Processing /opt/airflow/dags/moex_loader_dag.py took 0.281 seconds
[2026-05-07T06:18:28.085+0000] {processor.py:161} INFO - Started process (PID=13918) to work on /opt/airflow/dags/moex_loader_dag.py
[2026-05-07T06:18:28.087+0000] {processor.py:830} INFO - Processing file /opt/airflow/dags/moex_loader_dag.py for tasks to queue
[2026-05-07T06:18:28.090+0000] {logging_mixin.py:188} INFO - [2026-05-07T06:18:28.089+0000] {dagbag.py:545} INFO - Filling up the DagBag from /opt/airflow/dags/moex_loader_dag.py
[2026-05-07T06:18:28.116+0000] {processor.py:840} INFO - DAG(s) 'moex_candles_loader' retrieved from /opt/airflow/dags/moex_loader_dag.py
[2026-05-07T06:18:28.148+0000] {logging_mixin.py:188} INFO - [2026-05-07T06:18:28.148+0000] {dag.py:3089} INFO - Sync 1 DAGs
[2026-05-07T06:18:28.168+0000] {logging_mixin.py:188} INFO - [2026-05-07T06:18:28.167+0000] {dag.py:3947} INFO - Setting next_dagrun for moex_candles_loader to None, run_after=None
[2026-05-07T06:18:28.429+0000] {processor.py:183} INFO - Processing /opt/airflow/dags/moex_loader_dag.py took 0.354 seconds
[2026-05-07T06:18:58.639+0000] {processor.py:161} INFO - Started process (PID=13986) to work on /opt/airflow/dags/moex_loader_dag.py
[2026-05-07T06:18:58.641+0000] {processor.py:830} INFO - Processing file /opt/airflow/dags/moex_loader_dag.py for tasks to queue
[2026-05-07T06:18:58.643+0000] {logging_mixin.py:188} INFO - [2026-05-07T06:18:58.643+0000] {dagbag.py:545} INFO - Filling up the DagBag from /opt/airflow/dags/moex_loader_dag.py
[2026-05-07T06:18:58.688+0000] {processor.py:840} INFO - DAG(s) 'moex_candles_loader' retrieved from /opt/airflow/dags/moex_loader_dag.py
[2026-05-07T06:18:58.731+0000] {logging_mixin.py:188} INFO - [2026-05-07T06:18:58.731+0000] {dag.py:3089} INFO - Sync 1 DAGs
[2026-05-07T06:18:58.763+0000] {logging_mixin.py:188} INFO - [2026-05-07T06:18:58.763+0000] {dag.py:3947} INFO - Setting next_dagrun for moex_candles_loader to None, run_after=None
[2026-05-07T06:18:58.801+0000] {processor.py:183} INFO - Processing /opt/airflow/dags/moex_loader_dag.py took 0.179 seconds
[2026-05-07T06:19:28.930+0000] {processor.py:161} INFO - Started process (PID=14061) to work on /opt/airflow/dags/moex_loader_dag.py
[2026-05-07T06:19:28.932+0000] {processor.py:830} INFO - Processing file /opt/airflow/dags/moex_loader_dag.py for tasks to queue
[2026-05-07T06:19:28.934+0000] {logging_mixin.py:188} INFO - [2026-05-07T06:19:28.933+0000] {dagbag.py:545} INFO - Filling up the DagBag from /opt/airflow/dags/moex_loader_dag.py
[2026-05-07T06:19:28.971+0000] {processor.py:840} INFO - DAG(s) 'moex_candles_loader' retrieved from /opt/airflow/dags/moex_loader_dag.py
[2026-05-07T06:19:29.004+0000] {logging_mixin.py:188} INFO - [2026-05-07T06:19:29.003+0000] {dag.py:3089} INFO - Sync 1 DAGs
[2026-05-07T06:19:29.022+0000] {logging_mixin.py:188} INFO - [2026-05-07T06:19:29.021+0000] {dag.py:3947} INFO - Setting next_dagrun for moex_candles_loader to None, run_after=None
[2026-05-07T06:19:29.075+0000] {processor.py:183} INFO - Processing /opt/airflow/dags/moex_loader_dag.py took 0.154 seconds
[2026-05-07T06:20:00.077+0000] {processor.py:161} INFO - Started process (PID=14129) to work on /opt/airflow/dags/moex_loader_dag.py
[2026-05-07T06:20:00.080+0000] {processor.py:830} INFO - Processing file /opt/airflow/dags/moex_loader_dag.py for tasks to queue
[2026-05-07T06:20:00.083+0000] {logging_mixin.py:188} INFO - [2026-05-07T06:20:00.083+0000] {dagbag.py:545} INFO - Filling up the DagBag from /opt/airflow/dags/moex_loader_dag.py
[2026-05-07T06:20:00.120+0000] {processor.py:840} INFO - DAG(s) 'moex_candles_loader' retrieved from /opt/airflow/dags/moex_loader_dag.py
[2026-05-07T06:20:00.156+0000] {logging_mixin.py:188} INFO - [2026-05-07T06:20:00.156+0000] {dag.py:3089} INFO - Sync 1 DAGs
[2026-05-07T06:20:00.177+0000] {logging_mixin.py:188} INFO - [2026-05-07T06:20:00.176+0000] {dag.py:3947} INFO - Setting next_dagrun for moex_candles_loader to None, run_after=None
[2026-05-07T06:20:00.210+0000] {processor.py:183} INFO - Processing /opt/airflow/dags/moex_loader_dag.py took 0.147 seconds
