[2026-05-05T04:12:52.678+0000] {processor.py:161} INFO - Started process (PID=61) to work on /home/airflow/.local/lib/python3.12/site-packages/airflow/example_dags/example_nested_branch_dag.py
[2026-05-05T04:12:52.681+0000] {processor.py:830} INFO - Processing file /home/airflow/.local/lib/python3.12/site-packages/airflow/example_dags/example_nested_branch_dag.py for tasks to queue
[2026-05-05T04:12:52.684+0000] {logging_mixin.py:188} INFO - [2026-05-05T04:12:52.683+0000] {dagbag.py:545} INFO - Filling up the DagBag from /home/airflow/.local/lib/python3.12/site-packages/airflow/example_dags/example_nested_branch_dag.py
[2026-05-05T04:12:52.701+0000] {processor.py:840} INFO - DAG(s) 'example_nested_branch_dag' retrieved from /home/airflow/.local/lib/python3.12/site-packages/airflow/example_dags/example_nested_branch_dag.py
[2026-05-05T04:12:52.744+0000] {logging_mixin.py:188} INFO - [2026-05-05T04:12:52.743+0000] {dag.py:3089} INFO - Sync 1 DAGs
[2026-05-05T04:12:52.780+0000] {logging_mixin.py:188} INFO - [2026-05-05T04:12:52.779+0000] {dag.py:3947} INFO - Setting next_dagrun for example_nested_branch_dag to 2026-05-04 00:00:00+00:00, run_after=2026-05-05 00:00:00+00:00
[2026-05-05T04:12:52.811+0000] {processor.py:183} INFO - Processing /home/airflow/.local/lib/python3.12/site-packages/airflow/example_dags/example_nested_branch_dag.py took 0.143 seconds
[2026-05-05T04:13:23.908+0000] {processor.py:161} INFO - Started process (PID=136) to work on /home/airflow/.local/lib/python3.12/site-packages/airflow/example_dags/example_nested_branch_dag.py
[2026-05-05T04:13:23.910+0000] {processor.py:830} INFO - Processing file /home/airflow/.local/lib/python3.12/site-packages/airflow/example_dags/example_nested_branch_dag.py for tasks to queue
[2026-05-05T04:13:23.914+0000] {logging_mixin.py:188} INFO - [2026-05-05T04:13:23.913+0000] {dagbag.py:545} INFO - Filling up the DagBag from /home/airflow/.local/lib/python3.12/site-packages/airflow/example_dags/example_nested_branch_dag.py
[2026-05-05T04:13:23.934+0000] {processor.py:840} INFO - DAG(s) 'example_nested_branch_dag' retrieved from /home/airflow/.local/lib/python3.12/site-packages/airflow/example_dags/example_nested_branch_dag.py
[2026-05-05T04:13:23.972+0000] {logging_mixin.py:188} INFO - [2026-05-05T04:13:23.971+0000] {dag.py:3089} INFO - Sync 1 DAGs
[2026-05-05T04:13:24.047+0000] {logging_mixin.py:188} INFO - [2026-05-05T04:13:24.046+0000] {dag.py:3947} INFO - Setting next_dagrun for example_nested_branch_dag to 2026-05-04 00:00:00+00:00, run_after=2026-05-05 00:00:00+00:00
[2026-05-05T04:13:24.107+0000] {processor.py:183} INFO - Processing /home/airflow/.local/lib/python3.12/site-packages/airflow/example_dags/example_nested_branch_dag.py took 0.214 seconds
[2026-05-05T04:13:55.101+0000] {processor.py:161} INFO - Started process (PID=204) to work on /home/airflow/.local/lib/python3.12/site-packages/airflow/example_dags/example_nested_branch_dag.py
[2026-05-05T04:13:55.105+0000] {processor.py:830} INFO - Processing file /home/airflow/.local/lib/python3.12/site-packages/airflow/example_dags/example_nested_branch_dag.py for tasks to queue
[2026-05-05T04:13:55.108+0000] {logging_mixin.py:188} INFO - [2026-05-05T04:13:55.108+0000] {dagbag.py:545} INFO - Filling up the DagBag from /home/airflow/.local/lib/python3.12/site-packages/airflow/example_dags/example_nested_branch_dag.py
[2026-05-05T04:13:55.124+0000] {processor.py:840} INFO - DAG(s) 'example_nested_branch_dag' retrieved from /home/airflow/.local/lib/python3.12/site-packages/airflow/example_dags/example_nested_branch_dag.py
[2026-05-05T04:13:55.282+0000] {logging_mixin.py:188} INFO - [2026-05-05T04:13:55.282+0000] {dag.py:3089} INFO - Sync 1 DAGs
[2026-05-05T04:13:55.315+0000] {logging_mixin.py:188} INFO - [2026-05-05T04:13:55.314+0000] {dag.py:3947} INFO - Setting next_dagrun for example_nested_branch_dag to 2026-05-04 00:00:00+00:00, run_after=2026-05-05 00:00:00+00:00
[2026-05-05T04:13:55.400+0000] {processor.py:183} INFO - Processing /home/airflow/.local/lib/python3.12/site-packages/airflow/example_dags/example_nested_branch_dag.py took 0.308 seconds
[2026-05-05T04:14:25.972+0000] {processor.py:161} INFO - Started process (PID=273) to work on /home/airflow/.local/lib/python3.12/site-packages/airflow/example_dags/example_nested_branch_dag.py
[2026-05-05T04:14:25.975+0000] {processor.py:830} INFO - Processing file /home/airflow/.local/lib/python3.12/site-packages/airflow/example_dags/example_nested_branch_dag.py for tasks to queue
[2026-05-05T04:14:25.982+0000] {logging_mixin.py:188} INFO - [2026-05-05T04:14:25.981+0000] {dagbag.py:545} INFO - Filling up the DagBag from /home/airflow/.local/lib/python3.12/site-packages/airflow/example_dags/example_nested_branch_dag.py
[2026-05-05T04:14:26.007+0000] {processor.py:840} INFO - DAG(s) 'example_nested_branch_dag' retrieved from /home/airflow/.local/lib/python3.12/site-packages/airflow/example_dags/example_nested_branch_dag.py
[2026-05-05T04:14:26.054+0000] {logging_mixin.py:188} INFO - [2026-05-05T04:14:26.053+0000] {dag.py:3089} INFO - Sync 1 DAGs
[2026-05-05T04:14:26.109+0000] {logging_mixin.py:188} INFO - [2026-05-05T04:14:26.108+0000] {dag.py:3947} INFO - Setting next_dagrun for example_nested_branch_dag to 2026-05-04 00:00:00+00:00, run_after=2026-05-05 00:00:00+00:00
[2026-05-05T04:14:26.200+0000] {processor.py:183} INFO - Processing /home/airflow/.local/lib/python3.12/site-packages/airflow/example_dags/example_nested_branch_dag.py took 0.242 seconds
[2026-05-05T04:14:57.013+0000] {processor.py:161} INFO - Started process (PID=341) to work on /home/airflow/.local/lib/python3.12/site-packages/airflow/example_dags/example_nested_branch_dag.py
[2026-05-05T04:14:57.016+0000] {processor.py:830} INFO - Processing file /home/airflow/.local/lib/python3.12/site-packages/airflow/example_dags/example_nested_branch_dag.py for tasks to queue
[2026-05-05T04:14:57.019+0000] {logging_mixin.py:188} INFO - [2026-05-05T04:14:57.018+0000] {dagbag.py:545} INFO - Filling up the DagBag from /home/airflow/.local/lib/python3.12/site-packages/airflow/example_dags/example_nested_branch_dag.py
[2026-05-05T04:14:57.033+0000] {processor.py:840} INFO - DAG(s) 'example_nested_branch_dag' retrieved from /home/airflow/.local/lib/python3.12/site-packages/airflow/example_dags/example_nested_branch_dag.py
[2026-05-05T04:14:57.070+0000] {logging_mixin.py:188} INFO - [2026-05-05T04:14:57.068+0000] {dag.py:3089} INFO - Sync 1 DAGs
[2026-05-05T04:14:57.106+0000] {logging_mixin.py:188} INFO - [2026-05-05T04:14:57.105+0000] {dag.py:3947} INFO - Setting next_dagrun for example_nested_branch_dag to 2026-05-04 00:00:00+00:00, run_after=2026-05-05 00:00:00+00:00
[2026-05-05T04:14:57.174+0000] {processor.py:183} INFO - Processing /home/airflow/.local/lib/python3.12/site-packages/airflow/example_dags/example_nested_branch_dag.py took 0.170 seconds
[2026-05-05T04:15:27.388+0000] {processor.py:161} INFO - Started process (PID=409) to work on /home/airflow/.local/lib/python3.12/site-packages/airflow/example_dags/example_nested_branch_dag.py
[2026-05-05T04:15:27.392+0000] {processor.py:830} INFO - Processing file /home/airflow/.local/lib/python3.12/site-packages/airflow/example_dags/example_nested_branch_dag.py for tasks to queue
[2026-05-05T04:15:27.397+0000] {logging_mixin.py:188} INFO - [2026-05-05T04:15:27.395+0000] {dagbag.py:545} INFO - Filling up the DagBag from /home/airflow/.local/lib/python3.12/site-packages/airflow/example_dags/example_nested_branch_dag.py
[2026-05-05T04:15:27.415+0000] {processor.py:840} INFO - DAG(s) 'example_nested_branch_dag' retrieved from /home/airflow/.local/lib/python3.12/site-packages/airflow/example_dags/example_nested_branch_dag.py
[2026-05-05T04:15:27.454+0000] {logging_mixin.py:188} INFO - [2026-05-05T04:15:27.454+0000] {dag.py:3089} INFO - Sync 1 DAGs
[2026-05-05T04:15:27.488+0000] {logging_mixin.py:188} INFO - [2026-05-05T04:15:27.487+0000] {dag.py:3947} INFO - Setting next_dagrun for example_nested_branch_dag to 2026-05-04 00:00:00+00:00, run_after=2026-05-05 00:00:00+00:00
[2026-05-05T04:15:27.531+0000] {processor.py:183} INFO - Processing /home/airflow/.local/lib/python3.12/site-packages/airflow/example_dags/example_nested_branch_dag.py took 0.152 seconds
[2026-05-05T04:15:58.410+0000] {processor.py:161} INFO - Started process (PID=477) to work on /home/airflow/.local/lib/python3.12/site-packages/airflow/example_dags/example_nested_branch_dag.py
[2026-05-05T04:15:58.412+0000] {processor.py:830} INFO - Processing file /home/airflow/.local/lib/python3.12/site-packages/airflow/example_dags/example_nested_branch_dag.py for tasks to queue
[2026-05-05T04:15:58.416+0000] {logging_mixin.py:188} INFO - [2026-05-05T04:15:58.415+0000] {dagbag.py:545} INFO - Filling up the DagBag from /home/airflow/.local/lib/python3.12/site-packages/airflow/example_dags/example_nested_branch_dag.py
[2026-05-05T04:15:58.436+0000] {processor.py:840} INFO - DAG(s) 'example_nested_branch_dag' retrieved from /home/airflow/.local/lib/python3.12/site-packages/airflow/example_dags/example_nested_branch_dag.py
[2026-05-05T04:15:58.478+0000] {logging_mixin.py:188} INFO - [2026-05-05T04:15:58.478+0000] {dag.py:3089} INFO - Sync 1 DAGs
[2026-05-05T04:15:58.513+0000] {logging_mixin.py:188} INFO - [2026-05-05T04:15:58.513+0000] {dag.py:3947} INFO - Setting next_dagrun for example_nested_branch_dag to 2026-05-04 00:00:00+00:00, run_after=2026-05-05 00:00:00+00:00
[2026-05-05T04:15:58.552+0000] {processor.py:183} INFO - Processing /home/airflow/.local/lib/python3.12/site-packages/airflow/example_dags/example_nested_branch_dag.py took 0.151 seconds
[2026-05-05T04:16:29.628+0000] {processor.py:161} INFO - Started process (PID=552) to work on /home/airflow/.local/lib/python3.12/site-packages/airflow/example_dags/example_nested_branch_dag.py
[2026-05-05T04:16:29.630+0000] {processor.py:830} INFO - Processing file /home/airflow/.local/lib/python3.12/site-packages/airflow/example_dags/example_nested_branch_dag.py for tasks to queue
[2026-05-05T04:16:29.634+0000] {logging_mixin.py:188} INFO - [2026-05-05T04:16:29.634+0000] {dagbag.py:545} INFO - Filling up the DagBag from /home/airflow/.local/lib/python3.12/site-packages/airflow/example_dags/example_nested_branch_dag.py
[2026-05-05T04:16:29.651+0000] {processor.py:840} INFO - DAG(s) 'example_nested_branch_dag' retrieved from /home/airflow/.local/lib/python3.12/site-packages/airflow/example_dags/example_nested_branch_dag.py
[2026-05-05T04:16:29.685+0000] {logging_mixin.py:188} INFO - [2026-05-05T04:16:29.685+0000] {dag.py:3089} INFO - Sync 1 DAGs
[2026-05-05T04:16:29.719+0000] {logging_mixin.py:188} INFO - [2026-05-05T04:16:29.719+0000] {dag.py:3947} INFO - Setting next_dagrun for example_nested_branch_dag to 2026-05-04 00:00:00+00:00, run_after=2026-05-05 00:00:00+00:00
[2026-05-05T04:16:29.779+0000] {processor.py:183} INFO - Processing /home/airflow/.local/lib/python3.12/site-packages/airflow/example_dags/example_nested_branch_dag.py took 0.160 seconds
[2026-05-05T04:16:59.861+0000] {processor.py:161} INFO - Started process (PID=620) to work on /home/airflow/.local/lib/python3.12/site-packages/airflow/example_dags/example_nested_branch_dag.py
[2026-05-05T04:16:59.864+0000] {processor.py:830} INFO - Processing file /home/airflow/.local/lib/python3.12/site-packages/airflow/example_dags/example_nested_branch_dag.py for tasks to queue
[2026-05-05T04:16:59.869+0000] {logging_mixin.py:188} INFO - [2026-05-05T04:16:59.868+0000] {dagbag.py:545} INFO - Filling up the DagBag from /home/airflow/.local/lib/python3.12/site-packages/airflow/example_dags/example_nested_branch_dag.py
[2026-05-05T04:16:59.898+0000] {processor.py:840} INFO - DAG(s) 'example_nested_branch_dag' retrieved from /home/airflow/.local/lib/python3.12/site-packages/airflow/example_dags/example_nested_branch_dag.py
[2026-05-05T04:16:59.933+0000] {logging_mixin.py:188} INFO - [2026-05-05T04:16:59.933+0000] {dag.py:3089} INFO - Sync 1 DAGs
[2026-05-05T04:16:59.966+0000] {logging_mixin.py:188} INFO - [2026-05-05T04:16:59.966+0000] {dag.py:3947} INFO - Setting next_dagrun for example_nested_branch_dag to 2026-05-04 00:00:00+00:00, run_after=2026-05-05 00:00:00+00:00
[2026-05-05T04:16:59.996+0000] {processor.py:183} INFO - Processing /home/airflow/.local/lib/python3.12/site-packages/airflow/example_dags/example_nested_branch_dag.py took 0.143 seconds
[2026-05-05T04:17:30.205+0000] {processor.py:161} INFO - Started process (PID=688) to work on /home/airflow/.local/lib/python3.12/site-packages/airflow/example_dags/example_nested_branch_dag.py
[2026-05-05T04:17:30.214+0000] {processor.py:830} INFO - Processing file /home/airflow/.local/lib/python3.12/site-packages/airflow/example_dags/example_nested_branch_dag.py for tasks to queue
[2026-05-05T04:17:30.220+0000] {logging_mixin.py:188} INFO - [2026-05-05T04:17:30.219+0000] {dagbag.py:545} INFO - Filling up the DagBag from /home/airflow/.local/lib/python3.12/site-packages/airflow/example_dags/example_nested_branch_dag.py
[2026-05-05T04:17:30.234+0000] {processor.py:840} INFO - DAG(s) 'example_nested_branch_dag' retrieved from /home/airflow/.local/lib/python3.12/site-packages/airflow/example_dags/example_nested_branch_dag.py
[2026-05-05T04:17:30.267+0000] {logging_mixin.py:188} INFO - [2026-05-05T04:17:30.267+0000] {dag.py:3089} INFO - Sync 1 DAGs
[2026-05-05T04:17:30.298+0000] {logging_mixin.py:188} INFO - [2026-05-05T04:17:30.298+0000] {dag.py:3947} INFO - Setting next_dagrun for example_nested_branch_dag to 2026-05-04 00:00:00+00:00, run_after=2026-05-05 00:00:00+00:00
[2026-05-05T04:17:30.336+0000] {processor.py:183} INFO - Processing /home/airflow/.local/lib/python3.12/site-packages/airflow/example_dags/example_nested_branch_dag.py took 0.142 seconds
[2026-05-05T04:18:00.396+0000] {processor.py:161} INFO - Started process (PID=756) to work on /home/airflow/.local/lib/python3.12/site-packages/airflow/example_dags/example_nested_branch_dag.py
[2026-05-05T04:18:00.398+0000] {processor.py:830} INFO - Processing file /home/airflow/.local/lib/python3.12/site-packages/airflow/example_dags/example_nested_branch_dag.py for tasks to queue
[2026-05-05T04:18:00.402+0000] {logging_mixin.py:188} INFO - [2026-05-05T04:18:00.402+0000] {dagbag.py:545} INFO - Filling up the DagBag from /home/airflow/.local/lib/python3.12/site-packages/airflow/example_dags/example_nested_branch_dag.py
[2026-05-05T04:18:00.418+0000] {processor.py:840} INFO - DAG(s) 'example_nested_branch_dag' retrieved from /home/airflow/.local/lib/python3.12/site-packages/airflow/example_dags/example_nested_branch_dag.py
[2026-05-05T04:18:00.450+0000] {logging_mixin.py:188} INFO - [2026-05-05T04:18:00.450+0000] {dag.py:3089} INFO - Sync 1 DAGs
[2026-05-05T04:18:00.486+0000] {logging_mixin.py:188} INFO - [2026-05-05T04:18:00.486+0000] {dag.py:3947} INFO - Setting next_dagrun for example_nested_branch_dag to 2026-05-04 00:00:00+00:00, run_after=2026-05-05 00:00:00+00:00
[2026-05-05T04:18:00.518+0000] {processor.py:183} INFO - Processing /home/airflow/.local/lib/python3.12/site-packages/airflow/example_dags/example_nested_branch_dag.py took 0.131 seconds
[2026-05-05T04:18:31.332+0000] {processor.py:161} INFO - Started process (PID=824) to work on /home/airflow/.local/lib/python3.12/site-packages/airflow/example_dags/example_nested_branch_dag.py
[2026-05-05T04:18:31.335+0000] {processor.py:830} INFO - Processing file /home/airflow/.local/lib/python3.12/site-packages/airflow/example_dags/example_nested_branch_dag.py for tasks to queue
[2026-05-05T04:18:31.338+0000] {logging_mixin.py:188} INFO - [2026-05-05T04:18:31.337+0000] {dagbag.py:545} INFO - Filling up the DagBag from /home/airflow/.local/lib/python3.12/site-packages/airflow/example_dags/example_nested_branch_dag.py
[2026-05-05T04:18:31.356+0000] {processor.py:840} INFO - DAG(s) 'example_nested_branch_dag' retrieved from /home/airflow/.local/lib/python3.12/site-packages/airflow/example_dags/example_nested_branch_dag.py
[2026-05-05T04:18:31.392+0000] {logging_mixin.py:188} INFO - [2026-05-05T04:18:31.391+0000] {dag.py:3089} INFO - Sync 1 DAGs
[2026-05-05T04:18:31.425+0000] {logging_mixin.py:188} INFO - [2026-05-05T04:18:31.425+0000] {dag.py:3947} INFO - Setting next_dagrun for example_nested_branch_dag to 2026-05-04 00:00:00+00:00, run_after=2026-05-05 00:00:00+00:00
[2026-05-05T04:18:31.460+0000] {processor.py:183} INFO - Processing /home/airflow/.local/lib/python3.12/site-packages/airflow/example_dags/example_nested_branch_dag.py took 0.140 seconds
[2026-05-05T04:24:29.505+0000] {processor.py:161} INFO - Started process (PID=68) to work on /home/airflow/.local/lib/python3.12/site-packages/airflow/example_dags/example_nested_branch_dag.py
[2026-05-05T04:24:29.507+0000] {processor.py:830} INFO - Processing file /home/airflow/.local/lib/python3.12/site-packages/airflow/example_dags/example_nested_branch_dag.py for tasks to queue
[2026-05-05T04:24:29.510+0000] {logging_mixin.py:188} INFO - [2026-05-05T04:24:29.510+0000] {dagbag.py:545} INFO - Filling up the DagBag from /home/airflow/.local/lib/python3.12/site-packages/airflow/example_dags/example_nested_branch_dag.py
[2026-05-05T04:24:29.528+0000] {processor.py:840} INFO - DAG(s) 'example_nested_branch_dag' retrieved from /home/airflow/.local/lib/python3.12/site-packages/airflow/example_dags/example_nested_branch_dag.py
[2026-05-05T04:24:29.709+0000] {logging_mixin.py:188} INFO - [2026-05-05T04:24:29.708+0000] {override.py:1858} INFO - Created Permission View: can edit on DAG:example_nested_branch_dag
[2026-05-05T04:24:29.726+0000] {logging_mixin.py:188} INFO - [2026-05-05T04:24:29.725+0000] {override.py:1858} INFO - Created Permission View: can delete on DAG:example_nested_branch_dag
[2026-05-05T04:24:29.741+0000] {logging_mixin.py:188} INFO - [2026-05-05T04:24:29.740+0000] {override.py:1858} INFO - Created Permission View: can read on DAG:example_nested_branch_dag
[2026-05-05T04:24:29.742+0000] {logging_mixin.py:188} INFO - [2026-05-05T04:24:29.742+0000] {dag.py:3089} INFO - Sync 1 DAGs
[2026-05-05T04:24:29.758+0000] {logging_mixin.py:188} INFO - [2026-05-05T04:24:29.758+0000] {dag.py:3111} INFO - Creating ORM DAG for example_nested_branch_dag
[2026-05-05T04:24:29.780+0000] {logging_mixin.py:188} INFO - [2026-05-05T04:24:29.779+0000] {dag.py:3947} INFO - Setting next_dagrun for example_nested_branch_dag to 2026-05-04 00:00:00+00:00, run_after=2026-05-05 00:00:00+00:00
[2026-05-05T04:24:29.811+0000] {processor.py:183} INFO - Processing /home/airflow/.local/lib/python3.12/site-packages/airflow/example_dags/example_nested_branch_dag.py took 0.315 seconds
[2026-05-05T04:25:00.368+0000] {processor.py:161} INFO - Started process (PID=136) to work on /home/airflow/.local/lib/python3.12/site-packages/airflow/example_dags/example_nested_branch_dag.py
[2026-05-05T04:25:00.371+0000] {processor.py:830} INFO - Processing file /home/airflow/.local/lib/python3.12/site-packages/airflow/example_dags/example_nested_branch_dag.py for tasks to queue
[2026-05-05T04:25:00.375+0000] {logging_mixin.py:188} INFO - [2026-05-05T04:25:00.374+0000] {dagbag.py:545} INFO - Filling up the DagBag from /home/airflow/.local/lib/python3.12/site-packages/airflow/example_dags/example_nested_branch_dag.py
[2026-05-05T04:25:00.395+0000] {processor.py:840} INFO - DAG(s) 'example_nested_branch_dag' retrieved from /home/airflow/.local/lib/python3.12/site-packages/airflow/example_dags/example_nested_branch_dag.py
[2026-05-05T04:25:00.428+0000] {logging_mixin.py:188} INFO - [2026-05-05T04:25:00.428+0000] {dag.py:3089} INFO - Sync 1 DAGs
[2026-05-05T04:25:00.463+0000] {logging_mixin.py:188} INFO - [2026-05-05T04:25:00.462+0000] {dag.py:3947} INFO - Setting next_dagrun for example_nested_branch_dag to 2026-05-04 00:00:00+00:00, run_after=2026-05-05 00:00:00+00:00
[2026-05-05T04:25:00.511+0000] {processor.py:183} INFO - Processing /home/airflow/.local/lib/python3.12/site-packages/airflow/example_dags/example_nested_branch_dag.py took 0.153 seconds
[2026-05-05T04:25:30.906+0000] {processor.py:161} INFO - Started process (PID=205) to work on /home/airflow/.local/lib/python3.12/site-packages/airflow/example_dags/example_nested_branch_dag.py
[2026-05-05T04:25:30.907+0000] {processor.py:830} INFO - Processing file /home/airflow/.local/lib/python3.12/site-packages/airflow/example_dags/example_nested_branch_dag.py for tasks to queue
[2026-05-05T04:25:30.912+0000] {logging_mixin.py:188} INFO - [2026-05-05T04:25:30.912+0000] {dagbag.py:545} INFO - Filling up the DagBag from /home/airflow/.local/lib/python3.12/site-packages/airflow/example_dags/example_nested_branch_dag.py
[2026-05-05T04:25:30.930+0000] {processor.py:840} INFO - DAG(s) 'example_nested_branch_dag' retrieved from /home/airflow/.local/lib/python3.12/site-packages/airflow/example_dags/example_nested_branch_dag.py
[2026-05-05T04:25:30.972+0000] {logging_mixin.py:188} INFO - [2026-05-05T04:25:30.971+0000] {dag.py:3089} INFO - Sync 1 DAGs
[2026-05-05T04:25:31.015+0000] {logging_mixin.py:188} INFO - [2026-05-05T04:25:31.014+0000] {dag.py:3947} INFO - Setting next_dagrun for example_nested_branch_dag to 2026-05-04 00:00:00+00:00, run_after=2026-05-05 00:00:00+00:00
[2026-05-05T04:25:31.056+0000] {processor.py:183} INFO - Processing /home/airflow/.local/lib/python3.12/site-packages/airflow/example_dags/example_nested_branch_dag.py took 0.162 seconds
[2026-05-05T04:26:01.222+0000] {processor.py:161} INFO - Started process (PID=272) to work on /home/airflow/.local/lib/python3.12/site-packages/airflow/example_dags/example_nested_branch_dag.py
[2026-05-05T04:26:01.225+0000] {processor.py:830} INFO - Processing file /home/airflow/.local/lib/python3.12/site-packages/airflow/example_dags/example_nested_branch_dag.py for tasks to queue
[2026-05-05T04:26:01.228+0000] {logging_mixin.py:188} INFO - [2026-05-05T04:26:01.228+0000] {dagbag.py:545} INFO - Filling up the DagBag from /home/airflow/.local/lib/python3.12/site-packages/airflow/example_dags/example_nested_branch_dag.py
[2026-05-05T04:26:01.250+0000] {processor.py:840} INFO - DAG(s) 'example_nested_branch_dag' retrieved from /home/airflow/.local/lib/python3.12/site-packages/airflow/example_dags/example_nested_branch_dag.py
[2026-05-05T04:26:01.292+0000] {logging_mixin.py:188} INFO - [2026-05-05T04:26:01.291+0000] {dag.py:3089} INFO - Sync 1 DAGs
[2026-05-05T04:26:01.335+0000] {logging_mixin.py:188} INFO - [2026-05-05T04:26:01.335+0000] {dag.py:3947} INFO - Setting next_dagrun for example_nested_branch_dag to 2026-05-04 00:00:00+00:00, run_after=2026-05-05 00:00:00+00:00
[2026-05-05T04:26:01.406+0000] {processor.py:183} INFO - Processing /home/airflow/.local/lib/python3.12/site-packages/airflow/example_dags/example_nested_branch_dag.py took 0.197 seconds
[2026-05-05T04:26:32.020+0000] {processor.py:161} INFO - Started process (PID=341) to work on /home/airflow/.local/lib/python3.12/site-packages/airflow/example_dags/example_nested_branch_dag.py
[2026-05-05T04:26:32.023+0000] {processor.py:830} INFO - Processing file /home/airflow/.local/lib/python3.12/site-packages/airflow/example_dags/example_nested_branch_dag.py for tasks to queue
[2026-05-05T04:26:32.027+0000] {logging_mixin.py:188} INFO - [2026-05-05T04:26:32.027+0000] {dagbag.py:545} INFO - Filling up the DagBag from /home/airflow/.local/lib/python3.12/site-packages/airflow/example_dags/example_nested_branch_dag.py
[2026-05-05T04:26:32.043+0000] {processor.py:840} INFO - DAG(s) 'example_nested_branch_dag' retrieved from /home/airflow/.local/lib/python3.12/site-packages/airflow/example_dags/example_nested_branch_dag.py
[2026-05-05T04:26:32.094+0000] {logging_mixin.py:188} INFO - [2026-05-05T04:26:32.093+0000] {dag.py:3089} INFO - Sync 1 DAGs
[2026-05-05T04:26:32.144+0000] {logging_mixin.py:188} INFO - [2026-05-05T04:26:32.143+0000] {dag.py:3947} INFO - Setting next_dagrun for example_nested_branch_dag to 2026-05-04 00:00:00+00:00, run_after=2026-05-05 00:00:00+00:00
[2026-05-05T04:26:32.207+0000] {processor.py:183} INFO - Processing /home/airflow/.local/lib/python3.12/site-packages/airflow/example_dags/example_nested_branch_dag.py took 0.196 seconds
[2026-05-05T04:27:02.991+0000] {processor.py:161} INFO - Started process (PID=416) to work on /home/airflow/.local/lib/python3.12/site-packages/airflow/example_dags/example_nested_branch_dag.py
[2026-05-05T04:27:02.996+0000] {processor.py:830} INFO - Processing file /home/airflow/.local/lib/python3.12/site-packages/airflow/example_dags/example_nested_branch_dag.py for tasks to queue
[2026-05-05T04:27:03.000+0000] {logging_mixin.py:188} INFO - [2026-05-05T04:27:02.999+0000] {dagbag.py:545} INFO - Filling up the DagBag from /home/airflow/.local/lib/python3.12/site-packages/airflow/example_dags/example_nested_branch_dag.py
[2026-05-05T04:27:03.022+0000] {processor.py:840} INFO - DAG(s) 'example_nested_branch_dag' retrieved from /home/airflow/.local/lib/python3.12/site-packages/airflow/example_dags/example_nested_branch_dag.py
[2026-05-05T04:27:03.065+0000] {logging_mixin.py:188} INFO - [2026-05-05T04:27:03.065+0000] {dag.py:3089} INFO - Sync 1 DAGs
[2026-05-05T04:27:03.109+0000] {logging_mixin.py:188} INFO - [2026-05-05T04:27:03.109+0000] {dag.py:3947} INFO - Setting next_dagrun for example_nested_branch_dag to 2026-05-04 00:00:00+00:00, run_after=2026-05-05 00:00:00+00:00
[2026-05-05T04:27:03.174+0000] {processor.py:183} INFO - Processing /home/airflow/.local/lib/python3.12/site-packages/airflow/example_dags/example_nested_branch_dag.py took 0.197 seconds
[2026-05-05T04:27:33.764+0000] {processor.py:161} INFO - Started process (PID=483) to work on /home/airflow/.local/lib/python3.12/site-packages/airflow/example_dags/example_nested_branch_dag.py
[2026-05-05T04:27:33.766+0000] {processor.py:830} INFO - Processing file /home/airflow/.local/lib/python3.12/site-packages/airflow/example_dags/example_nested_branch_dag.py for tasks to queue
[2026-05-05T04:27:33.770+0000] {logging_mixin.py:188} INFO - [2026-05-05T04:27:33.769+0000] {dagbag.py:545} INFO - Filling up the DagBag from /home/airflow/.local/lib/python3.12/site-packages/airflow/example_dags/example_nested_branch_dag.py
[2026-05-05T04:27:33.788+0000] {processor.py:840} INFO - DAG(s) 'example_nested_branch_dag' retrieved from /home/airflow/.local/lib/python3.12/site-packages/airflow/example_dags/example_nested_branch_dag.py
[2026-05-05T04:27:33.826+0000] {logging_mixin.py:188} INFO - [2026-05-05T04:27:33.826+0000] {dag.py:3089} INFO - Sync 1 DAGs
[2026-05-05T04:27:33.865+0000] {logging_mixin.py:188} INFO - [2026-05-05T04:27:33.864+0000] {dag.py:3947} INFO - Setting next_dagrun for example_nested_branch_dag to 2026-05-04 00:00:00+00:00, run_after=2026-05-05 00:00:00+00:00
[2026-05-05T04:27:33.929+0000] {processor.py:183} INFO - Processing /home/airflow/.local/lib/python3.12/site-packages/airflow/example_dags/example_nested_branch_dag.py took 0.174 seconds
[2026-05-05T04:28:04.364+0000] {processor.py:161} INFO - Started process (PID=551) to work on /home/airflow/.local/lib/python3.12/site-packages/airflow/example_dags/example_nested_branch_dag.py
[2026-05-05T04:28:04.366+0000] {processor.py:830} INFO - Processing file /home/airflow/.local/lib/python3.12/site-packages/airflow/example_dags/example_nested_branch_dag.py for tasks to queue
[2026-05-05T04:28:04.370+0000] {logging_mixin.py:188} INFO - [2026-05-05T04:28:04.370+0000] {dagbag.py:545} INFO - Filling up the DagBag from /home/airflow/.local/lib/python3.12/site-packages/airflow/example_dags/example_nested_branch_dag.py
[2026-05-05T04:28:04.390+0000] {processor.py:840} INFO - DAG(s) 'example_nested_branch_dag' retrieved from /home/airflow/.local/lib/python3.12/site-packages/airflow/example_dags/example_nested_branch_dag.py
[2026-05-05T04:28:04.433+0000] {logging_mixin.py:188} INFO - [2026-05-05T04:28:04.432+0000] {dag.py:3089} INFO - Sync 1 DAGs
[2026-05-05T04:28:04.469+0000] {logging_mixin.py:188} INFO - [2026-05-05T04:28:04.469+0000] {dag.py:3947} INFO - Setting next_dagrun for example_nested_branch_dag to 2026-05-04 00:00:00+00:00, run_after=2026-05-05 00:00:00+00:00
[2026-05-05T04:28:04.532+0000] {processor.py:183} INFO - Processing /home/airflow/.local/lib/python3.12/site-packages/airflow/example_dags/example_nested_branch_dag.py took 0.183 seconds
[2026-05-05T04:28:34.788+0000] {processor.py:161} INFO - Started process (PID=618) to work on /home/airflow/.local/lib/python3.12/site-packages/airflow/example_dags/example_nested_branch_dag.py
[2026-05-05T04:28:34.791+0000] {processor.py:830} INFO - Processing file /home/airflow/.local/lib/python3.12/site-packages/airflow/example_dags/example_nested_branch_dag.py for tasks to queue
[2026-05-05T04:28:34.796+0000] {logging_mixin.py:188} INFO - [2026-05-05T04:28:34.795+0000] {dagbag.py:545} INFO - Filling up the DagBag from /home/airflow/.local/lib/python3.12/site-packages/airflow/example_dags/example_nested_branch_dag.py
[2026-05-05T04:28:34.813+0000] {processor.py:840} INFO - DAG(s) 'example_nested_branch_dag' retrieved from /home/airflow/.local/lib/python3.12/site-packages/airflow/example_dags/example_nested_branch_dag.py
[2026-05-05T04:28:34.854+0000] {logging_mixin.py:188} INFO - [2026-05-05T04:28:34.854+0000] {dag.py:3089} INFO - Sync 1 DAGs
[2026-05-05T04:28:34.896+0000] {logging_mixin.py:188} INFO - [2026-05-05T04:28:34.896+0000] {dag.py:3947} INFO - Setting next_dagrun for example_nested_branch_dag to 2026-05-04 00:00:00+00:00, run_after=2026-05-05 00:00:00+00:00
[2026-05-05T04:28:34.964+0000] {processor.py:183} INFO - Processing /home/airflow/.local/lib/python3.12/site-packages/airflow/example_dags/example_nested_branch_dag.py took 0.190 seconds
[2026-05-05T04:29:05.094+0000] {processor.py:161} INFO - Started process (PID=686) to work on /home/airflow/.local/lib/python3.12/site-packages/airflow/example_dags/example_nested_branch_dag.py
[2026-05-05T04:29:05.095+0000] {processor.py:830} INFO - Processing file /home/airflow/.local/lib/python3.12/site-packages/airflow/example_dags/example_nested_branch_dag.py for tasks to queue
[2026-05-05T04:29:05.099+0000] {logging_mixin.py:188} INFO - [2026-05-05T04:29:05.098+0000] {dagbag.py:545} INFO - Filling up the DagBag from /home/airflow/.local/lib/python3.12/site-packages/airflow/example_dags/example_nested_branch_dag.py
[2026-05-05T04:29:05.116+0000] {processor.py:840} INFO - DAG(s) 'example_nested_branch_dag' retrieved from /home/airflow/.local/lib/python3.12/site-packages/airflow/example_dags/example_nested_branch_dag.py
[2026-05-05T04:29:05.154+0000] {logging_mixin.py:188} INFO - [2026-05-05T04:29:05.153+0000] {dag.py:3089} INFO - Sync 1 DAGs
[2026-05-05T04:29:05.194+0000] {logging_mixin.py:188} INFO - [2026-05-05T04:29:05.193+0000] {dag.py:3947} INFO - Setting next_dagrun for example_nested_branch_dag to 2026-05-04 00:00:00+00:00, run_after=2026-05-05 00:00:00+00:00
[2026-05-05T04:29:05.269+0000] {processor.py:183} INFO - Processing /home/airflow/.local/lib/python3.12/site-packages/airflow/example_dags/example_nested_branch_dag.py took 0.185 seconds
[2026-05-05T04:29:36.139+0000] {processor.py:161} INFO - Started process (PID=761) to work on /home/airflow/.local/lib/python3.12/site-packages/airflow/example_dags/example_nested_branch_dag.py
[2026-05-05T04:29:36.141+0000] {processor.py:830} INFO - Processing file /home/airflow/.local/lib/python3.12/site-packages/airflow/example_dags/example_nested_branch_dag.py for tasks to queue
[2026-05-05T04:29:36.145+0000] {logging_mixin.py:188} INFO - [2026-05-05T04:29:36.145+0000] {dagbag.py:545} INFO - Filling up the DagBag from /home/airflow/.local/lib/python3.12/site-packages/airflow/example_dags/example_nested_branch_dag.py
[2026-05-05T04:29:36.162+0000] {processor.py:840} INFO - DAG(s) 'example_nested_branch_dag' retrieved from /home/airflow/.local/lib/python3.12/site-packages/airflow/example_dags/example_nested_branch_dag.py
[2026-05-05T04:29:36.197+0000] {logging_mixin.py:188} INFO - [2026-05-05T04:29:36.197+0000] {dag.py:3089} INFO - Sync 1 DAGs
[2026-05-05T04:29:36.235+0000] {logging_mixin.py:188} INFO - [2026-05-05T04:29:36.235+0000] {dag.py:3947} INFO - Setting next_dagrun for example_nested_branch_dag to 2026-05-04 00:00:00+00:00, run_after=2026-05-05 00:00:00+00:00
[2026-05-05T04:29:36.269+0000] {processor.py:183} INFO - Processing /home/airflow/.local/lib/python3.12/site-packages/airflow/example_dags/example_nested_branch_dag.py took 0.139 seconds
[2026-05-05T04:30:06.731+0000] {processor.py:161} INFO - Started process (PID=829) to work on /home/airflow/.local/lib/python3.12/site-packages/airflow/example_dags/example_nested_branch_dag.py
[2026-05-05T04:30:06.733+0000] {processor.py:830} INFO - Processing file /home/airflow/.local/lib/python3.12/site-packages/airflow/example_dags/example_nested_branch_dag.py for tasks to queue
[2026-05-05T04:30:06.736+0000] {logging_mixin.py:188} INFO - [2026-05-05T04:30:06.735+0000] {dagbag.py:545} INFO - Filling up the DagBag from /home/airflow/.local/lib/python3.12/site-packages/airflow/example_dags/example_nested_branch_dag.py
[2026-05-05T04:30:06.751+0000] {processor.py:840} INFO - DAG(s) 'example_nested_branch_dag' retrieved from /home/airflow/.local/lib/python3.12/site-packages/airflow/example_dags/example_nested_branch_dag.py
[2026-05-05T04:30:06.782+0000] {logging_mixin.py:188} INFO - [2026-05-05T04:30:06.782+0000] {dag.py:3089} INFO - Sync 1 DAGs
[2026-05-05T04:30:06.815+0000] {logging_mixin.py:188} INFO - [2026-05-05T04:30:06.814+0000] {dag.py:3947} INFO - Setting next_dagrun for example_nested_branch_dag to 2026-05-04 00:00:00+00:00, run_after=2026-05-05 00:00:00+00:00
[2026-05-05T04:30:06.876+0000] {processor.py:183} INFO - Processing /home/airflow/.local/lib/python3.12/site-packages/airflow/example_dags/example_nested_branch_dag.py took 0.153 seconds
[2026-05-05T04:30:37.240+0000] {processor.py:161} INFO - Started process (PID=897) to work on /home/airflow/.local/lib/python3.12/site-packages/airflow/example_dags/example_nested_branch_dag.py
[2026-05-05T04:30:37.244+0000] {processor.py:830} INFO - Processing file /home/airflow/.local/lib/python3.12/site-packages/airflow/example_dags/example_nested_branch_dag.py for tasks to queue
[2026-05-05T04:30:37.249+0000] {logging_mixin.py:188} INFO - [2026-05-05T04:30:37.249+0000] {dagbag.py:545} INFO - Filling up the DagBag from /home/airflow/.local/lib/python3.12/site-packages/airflow/example_dags/example_nested_branch_dag.py
[2026-05-05T04:30:37.270+0000] {processor.py:840} INFO - DAG(s) 'example_nested_branch_dag' retrieved from /home/airflow/.local/lib/python3.12/site-packages/airflow/example_dags/example_nested_branch_dag.py
[2026-05-05T04:30:37.305+0000] {logging_mixin.py:188} INFO - [2026-05-05T04:30:37.305+0000] {dag.py:3089} INFO - Sync 1 DAGs
[2026-05-05T04:30:37.342+0000] {logging_mixin.py:188} INFO - [2026-05-05T04:30:37.341+0000] {dag.py:3947} INFO - Setting next_dagrun for example_nested_branch_dag to 2026-05-04 00:00:00+00:00, run_after=2026-05-05 00:00:00+00:00
[2026-05-05T04:30:37.378+0000] {processor.py:183} INFO - Processing /home/airflow/.local/lib/python3.12/site-packages/airflow/example_dags/example_nested_branch_dag.py took 0.149 seconds
[2026-05-05T04:31:07.928+0000] {processor.py:161} INFO - Started process (PID=965) to work on /home/airflow/.local/lib/python3.12/site-packages/airflow/example_dags/example_nested_branch_dag.py
[2026-05-05T04:31:07.933+0000] {processor.py:830} INFO - Processing file /home/airflow/.local/lib/python3.12/site-packages/airflow/example_dags/example_nested_branch_dag.py for tasks to queue
[2026-05-05T04:31:07.938+0000] {logging_mixin.py:188} INFO - [2026-05-05T04:31:07.937+0000] {dagbag.py:545} INFO - Filling up the DagBag from /home/airflow/.local/lib/python3.12/site-packages/airflow/example_dags/example_nested_branch_dag.py
[2026-05-05T04:31:07.957+0000] {processor.py:840} INFO - DAG(s) 'example_nested_branch_dag' retrieved from /home/airflow/.local/lib/python3.12/site-packages/airflow/example_dags/example_nested_branch_dag.py
[2026-05-05T04:31:07.996+0000] {logging_mixin.py:188} INFO - [2026-05-05T04:31:07.996+0000] {dag.py:3089} INFO - Sync 1 DAGs
[2026-05-05T04:31:08.028+0000] {logging_mixin.py:188} INFO - [2026-05-05T04:31:08.028+0000] {dag.py:3947} INFO - Setting next_dagrun for example_nested_branch_dag to 2026-05-04 00:00:00+00:00, run_after=2026-05-05 00:00:00+00:00
[2026-05-05T04:31:08.068+0000] {processor.py:183} INFO - Processing /home/airflow/.local/lib/python3.12/site-packages/airflow/example_dags/example_nested_branch_dag.py took 0.153 seconds
[2026-05-05T04:31:38.554+0000] {processor.py:161} INFO - Started process (PID=1033) to work on /home/airflow/.local/lib/python3.12/site-packages/airflow/example_dags/example_nested_branch_dag.py
[2026-05-05T04:31:38.557+0000] {processor.py:830} INFO - Processing file /home/airflow/.local/lib/python3.12/site-packages/airflow/example_dags/example_nested_branch_dag.py for tasks to queue
[2026-05-05T04:31:38.560+0000] {logging_mixin.py:188} INFO - [2026-05-05T04:31:38.560+0000] {dagbag.py:545} INFO - Filling up the DagBag from /home/airflow/.local/lib/python3.12/site-packages/airflow/example_dags/example_nested_branch_dag.py
[2026-05-05T04:31:38.578+0000] {processor.py:840} INFO - DAG(s) 'example_nested_branch_dag' retrieved from /home/airflow/.local/lib/python3.12/site-packages/airflow/example_dags/example_nested_branch_dag.py
[2026-05-05T04:31:38.610+0000] {logging_mixin.py:188} INFO - [2026-05-05T04:31:38.610+0000] {dag.py:3089} INFO - Sync 1 DAGs
[2026-05-05T04:31:38.643+0000] {logging_mixin.py:188} INFO - [2026-05-05T04:31:38.642+0000] {dag.py:3947} INFO - Setting next_dagrun for example_nested_branch_dag to 2026-05-04 00:00:00+00:00, run_after=2026-05-05 00:00:00+00:00
[2026-05-05T04:31:38.703+0000] {processor.py:183} INFO - Processing /home/airflow/.local/lib/python3.12/site-packages/airflow/example_dags/example_nested_branch_dag.py took 0.160 seconds
[2026-05-05T04:32:08.785+0000] {processor.py:161} INFO - Started process (PID=1101) to work on /home/airflow/.local/lib/python3.12/site-packages/airflow/example_dags/example_nested_branch_dag.py
[2026-05-05T04:32:08.787+0000] {processor.py:830} INFO - Processing file /home/airflow/.local/lib/python3.12/site-packages/airflow/example_dags/example_nested_branch_dag.py for tasks to queue
[2026-05-05T04:32:08.791+0000] {logging_mixin.py:188} INFO - [2026-05-05T04:32:08.790+0000] {dagbag.py:545} INFO - Filling up the DagBag from /home/airflow/.local/lib/python3.12/site-packages/airflow/example_dags/example_nested_branch_dag.py
[2026-05-05T04:32:08.811+0000] {processor.py:840} INFO - DAG(s) 'example_nested_branch_dag' retrieved from /home/airflow/.local/lib/python3.12/site-packages/airflow/example_dags/example_nested_branch_dag.py
[2026-05-05T04:32:08.866+0000] {logging_mixin.py:188} INFO - [2026-05-05T04:32:08.865+0000] {dag.py:3089} INFO - Sync 1 DAGs
[2026-05-05T04:32:08.905+0000] {logging_mixin.py:188} INFO - [2026-05-05T04:32:08.904+0000] {dag.py:3947} INFO - Setting next_dagrun for example_nested_branch_dag to 2026-05-04 00:00:00+00:00, run_after=2026-05-05 00:00:00+00:00
[2026-05-05T04:32:08.941+0000] {processor.py:183} INFO - Processing /home/airflow/.local/lib/python3.12/site-packages/airflow/example_dags/example_nested_branch_dag.py took 0.168 seconds
[2026-05-05T04:32:39.094+0000] {processor.py:161} INFO - Started process (PID=1169) to work on /home/airflow/.local/lib/python3.12/site-packages/airflow/example_dags/example_nested_branch_dag.py
[2026-05-05T04:32:39.096+0000] {processor.py:830} INFO - Processing file /home/airflow/.local/lib/python3.12/site-packages/airflow/example_dags/example_nested_branch_dag.py for tasks to queue
[2026-05-05T04:32:39.100+0000] {logging_mixin.py:188} INFO - [2026-05-05T04:32:39.099+0000] {dagbag.py:545} INFO - Filling up the DagBag from /home/airflow/.local/lib/python3.12/site-packages/airflow/example_dags/example_nested_branch_dag.py
[2026-05-05T04:32:39.123+0000] {processor.py:840} INFO - DAG(s) 'example_nested_branch_dag' retrieved from /home/airflow/.local/lib/python3.12/site-packages/airflow/example_dags/example_nested_branch_dag.py
[2026-05-05T04:32:39.172+0000] {logging_mixin.py:188} INFO - [2026-05-05T04:32:39.171+0000] {dag.py:3089} INFO - Sync 1 DAGs
[2026-05-05T04:32:39.207+0000] {logging_mixin.py:188} INFO - [2026-05-05T04:32:39.207+0000] {dag.py:3947} INFO - Setting next_dagrun for example_nested_branch_dag to 2026-05-04 00:00:00+00:00, run_after=2026-05-05 00:00:00+00:00
[2026-05-05T04:32:39.263+0000] {processor.py:183} INFO - Processing /home/airflow/.local/lib/python3.12/site-packages/airflow/example_dags/example_nested_branch_dag.py took 0.183 seconds
[2026-05-05T04:33:09.524+0000] {processor.py:161} INFO - Started process (PID=1244) to work on /home/airflow/.local/lib/python3.12/site-packages/airflow/example_dags/example_nested_branch_dag.py
[2026-05-05T04:33:09.526+0000] {processor.py:830} INFO - Processing file /home/airflow/.local/lib/python3.12/site-packages/airflow/example_dags/example_nested_branch_dag.py for tasks to queue
[2026-05-05T04:33:09.531+0000] {logging_mixin.py:188} INFO - [2026-05-05T04:33:09.530+0000] {dagbag.py:545} INFO - Filling up the DagBag from /home/airflow/.local/lib/python3.12/site-packages/airflow/example_dags/example_nested_branch_dag.py
[2026-05-05T04:33:09.556+0000] {processor.py:840} INFO - DAG(s) 'example_nested_branch_dag' retrieved from /home/airflow/.local/lib/python3.12/site-packages/airflow/example_dags/example_nested_branch_dag.py
[2026-05-05T04:33:09.596+0000] {logging_mixin.py:188} INFO - [2026-05-05T04:33:09.596+0000] {dag.py:3089} INFO - Sync 1 DAGs
[2026-05-05T04:33:09.635+0000] {logging_mixin.py:188} INFO - [2026-05-05T04:33:09.635+0000] {dag.py:3947} INFO - Setting next_dagrun for example_nested_branch_dag to 2026-05-04 00:00:00+00:00, run_after=2026-05-05 00:00:00+00:00
[2026-05-05T04:33:09.771+0000] {processor.py:183} INFO - Processing /home/airflow/.local/lib/python3.12/site-packages/airflow/example_dags/example_nested_branch_dag.py took 0.259 seconds
[2026-05-05T04:33:40.275+0000] {processor.py:161} INFO - Started process (PID=1312) to work on /home/airflow/.local/lib/python3.12/site-packages/airflow/example_dags/example_nested_branch_dag.py
[2026-05-05T04:33:40.278+0000] {processor.py:830} INFO - Processing file /home/airflow/.local/lib/python3.12/site-packages/airflow/example_dags/example_nested_branch_dag.py for tasks to queue
[2026-05-05T04:33:40.283+0000] {logging_mixin.py:188} INFO - [2026-05-05T04:33:40.282+0000] {dagbag.py:545} INFO - Filling up the DagBag from /home/airflow/.local/lib/python3.12/site-packages/airflow/example_dags/example_nested_branch_dag.py
[2026-05-05T04:33:40.305+0000] {processor.py:840} INFO - DAG(s) 'example_nested_branch_dag' retrieved from /home/airflow/.local/lib/python3.12/site-packages/airflow/example_dags/example_nested_branch_dag.py
[2026-05-05T04:33:40.362+0000] {logging_mixin.py:188} INFO - [2026-05-05T04:33:40.361+0000] {dag.py:3089} INFO - Sync 1 DAGs
[2026-05-05T04:33:40.409+0000] {logging_mixin.py:188} INFO - [2026-05-05T04:33:40.409+0000] {dag.py:3947} INFO - Setting next_dagrun for example_nested_branch_dag to 2026-05-04 00:00:00+00:00, run_after=2026-05-05 00:00:00+00:00
[2026-05-05T04:33:40.454+0000] {processor.py:183} INFO - Processing /home/airflow/.local/lib/python3.12/site-packages/airflow/example_dags/example_nested_branch_dag.py took 0.193 seconds
[2026-05-05T04:34:11.318+0000] {processor.py:161} INFO - Started process (PID=1381) to work on /home/airflow/.local/lib/python3.12/site-packages/airflow/example_dags/example_nested_branch_dag.py
[2026-05-05T04:34:11.324+0000] {processor.py:830} INFO - Processing file /home/airflow/.local/lib/python3.12/site-packages/airflow/example_dags/example_nested_branch_dag.py for tasks to queue
[2026-05-05T04:34:11.328+0000] {logging_mixin.py:188} INFO - [2026-05-05T04:34:11.327+0000] {dagbag.py:545} INFO - Filling up the DagBag from /home/airflow/.local/lib/python3.12/site-packages/airflow/example_dags/example_nested_branch_dag.py
[2026-05-05T04:34:11.345+0000] {processor.py:840} INFO - DAG(s) 'example_nested_branch_dag' retrieved from /home/airflow/.local/lib/python3.12/site-packages/airflow/example_dags/example_nested_branch_dag.py
[2026-05-05T04:34:11.382+0000] {logging_mixin.py:188} INFO - [2026-05-05T04:34:11.380+0000] {dag.py:3089} INFO - Sync 1 DAGs
[2026-05-05T04:34:11.417+0000] {logging_mixin.py:188} INFO - [2026-05-05T04:34:11.416+0000] {dag.py:3947} INFO - Setting next_dagrun for example_nested_branch_dag to 2026-05-04 00:00:00+00:00, run_after=2026-05-05 00:00:00+00:00
[2026-05-05T04:34:11.489+0000] {processor.py:183} INFO - Processing /home/airflow/.local/lib/python3.12/site-packages/airflow/example_dags/example_nested_branch_dag.py took 0.190 seconds
[2026-05-05T04:34:42.552+0000] {processor.py:161} INFO - Started process (PID=1449) to work on /home/airflow/.local/lib/python3.12/site-packages/airflow/example_dags/example_nested_branch_dag.py
[2026-05-05T04:34:42.555+0000] {processor.py:830} INFO - Processing file /home/airflow/.local/lib/python3.12/site-packages/airflow/example_dags/example_nested_branch_dag.py for tasks to queue
[2026-05-05T04:34:42.559+0000] {logging_mixin.py:188} INFO - [2026-05-05T04:34:42.559+0000] {dagbag.py:545} INFO - Filling up the DagBag from /home/airflow/.local/lib/python3.12/site-packages/airflow/example_dags/example_nested_branch_dag.py
[2026-05-05T04:34:42.582+0000] {processor.py:840} INFO - DAG(s) 'example_nested_branch_dag' retrieved from /home/airflow/.local/lib/python3.12/site-packages/airflow/example_dags/example_nested_branch_dag.py
[2026-05-05T04:34:42.633+0000] {logging_mixin.py:188} INFO - [2026-05-05T04:34:42.632+0000] {dag.py:3089} INFO - Sync 1 DAGs
[2026-05-05T04:34:42.683+0000] {logging_mixin.py:188} INFO - [2026-05-05T04:34:42.682+0000] {dag.py:3947} INFO - Setting next_dagrun for example_nested_branch_dag to 2026-05-04 00:00:00+00:00, run_after=2026-05-05 00:00:00+00:00
[2026-05-05T04:34:42.737+0000] {processor.py:183} INFO - Processing /home/airflow/.local/lib/python3.12/site-packages/airflow/example_dags/example_nested_branch_dag.py took 0.198 seconds
[2026-05-05T04:35:12.867+0000] {processor.py:161} INFO - Started process (PID=1516) to work on /home/airflow/.local/lib/python3.12/site-packages/airflow/example_dags/example_nested_branch_dag.py
[2026-05-05T04:35:12.871+0000] {processor.py:830} INFO - Processing file /home/airflow/.local/lib/python3.12/site-packages/airflow/example_dags/example_nested_branch_dag.py for tasks to queue
[2026-05-05T04:35:12.874+0000] {logging_mixin.py:188} INFO - [2026-05-05T04:35:12.874+0000] {dagbag.py:545} INFO - Filling up the DagBag from /home/airflow/.local/lib/python3.12/site-packages/airflow/example_dags/example_nested_branch_dag.py
[2026-05-05T04:35:12.892+0000] {processor.py:840} INFO - DAG(s) 'example_nested_branch_dag' retrieved from /home/airflow/.local/lib/python3.12/site-packages/airflow/example_dags/example_nested_branch_dag.py
[2026-05-05T04:35:12.926+0000] {logging_mixin.py:188} INFO - [2026-05-05T04:35:12.925+0000] {dag.py:3089} INFO - Sync 1 DAGs
[2026-05-05T04:35:12.963+0000] {logging_mixin.py:188} INFO - [2026-05-05T04:35:12.962+0000] {dag.py:3947} INFO - Setting next_dagrun for example_nested_branch_dag to 2026-05-04 00:00:00+00:00, run_after=2026-05-05 00:00:00+00:00
[2026-05-05T04:35:13.124+0000] {processor.py:183} INFO - Processing /home/airflow/.local/lib/python3.12/site-packages/airflow/example_dags/example_nested_branch_dag.py took 0.268 seconds
[2026-05-05T04:35:43.953+0000] {processor.py:161} INFO - Started process (PID=1584) to work on /home/airflow/.local/lib/python3.12/site-packages/airflow/example_dags/example_nested_branch_dag.py
[2026-05-05T04:35:43.955+0000] {processor.py:830} INFO - Processing file /home/airflow/.local/lib/python3.12/site-packages/airflow/example_dags/example_nested_branch_dag.py for tasks to queue
[2026-05-05T04:35:43.960+0000] {logging_mixin.py:188} INFO - [2026-05-05T04:35:43.959+0000] {dagbag.py:545} INFO - Filling up the DagBag from /home/airflow/.local/lib/python3.12/site-packages/airflow/example_dags/example_nested_branch_dag.py
[2026-05-05T04:35:43.978+0000] {processor.py:840} INFO - DAG(s) 'example_nested_branch_dag' retrieved from /home/airflow/.local/lib/python3.12/site-packages/airflow/example_dags/example_nested_branch_dag.py
[2026-05-05T04:35:44.015+0000] {logging_mixin.py:188} INFO - [2026-05-05T04:35:44.015+0000] {dag.py:3089} INFO - Sync 1 DAGs
[2026-05-05T04:35:44.051+0000] {logging_mixin.py:188} INFO - [2026-05-05T04:35:44.050+0000] {dag.py:3947} INFO - Setting next_dagrun for example_nested_branch_dag to 2026-05-04 00:00:00+00:00, run_after=2026-05-05 00:00:00+00:00
[2026-05-05T04:35:44.114+0000] {processor.py:183} INFO - Processing /home/airflow/.local/lib/python3.12/site-packages/airflow/example_dags/example_nested_branch_dag.py took 0.170 seconds
[2026-05-05T04:36:14.930+0000] {processor.py:161} INFO - Started process (PID=1658) to work on /home/airflow/.local/lib/python3.12/site-packages/airflow/example_dags/example_nested_branch_dag.py
[2026-05-05T04:36:14.932+0000] {processor.py:830} INFO - Processing file /home/airflow/.local/lib/python3.12/site-packages/airflow/example_dags/example_nested_branch_dag.py for tasks to queue
[2026-05-05T04:36:14.935+0000] {logging_mixin.py:188} INFO - [2026-05-05T04:36:14.934+0000] {dagbag.py:545} INFO - Filling up the DagBag from /home/airflow/.local/lib/python3.12/site-packages/airflow/example_dags/example_nested_branch_dag.py
[2026-05-05T04:36:14.954+0000] {processor.py:840} INFO - DAG(s) 'example_nested_branch_dag' retrieved from /home/airflow/.local/lib/python3.12/site-packages/airflow/example_dags/example_nested_branch_dag.py
[2026-05-05T04:36:14.990+0000] {logging_mixin.py:188} INFO - [2026-05-05T04:36:14.990+0000] {dag.py:3089} INFO - Sync 1 DAGs
[2026-05-05T04:36:15.026+0000] {logging_mixin.py:188} INFO - [2026-05-05T04:36:15.026+0000] {dag.py:3947} INFO - Setting next_dagrun for example_nested_branch_dag to 2026-05-04 00:00:00+00:00, run_after=2026-05-05 00:00:00+00:00
[2026-05-05T04:36:15.089+0000] {processor.py:183} INFO - Processing /home/airflow/.local/lib/python3.12/site-packages/airflow/example_dags/example_nested_branch_dag.py took 0.171 seconds
[2026-05-05T04:36:45.254+0000] {processor.py:161} INFO - Started process (PID=1726) to work on /home/airflow/.local/lib/python3.12/site-packages/airflow/example_dags/example_nested_branch_dag.py
[2026-05-05T04:36:45.257+0000] {processor.py:830} INFO - Processing file /home/airflow/.local/lib/python3.12/site-packages/airflow/example_dags/example_nested_branch_dag.py for tasks to queue
[2026-05-05T04:36:45.261+0000] {logging_mixin.py:188} INFO - [2026-05-05T04:36:45.260+0000] {dagbag.py:545} INFO - Filling up the DagBag from /home/airflow/.local/lib/python3.12/site-packages/airflow/example_dags/example_nested_branch_dag.py
[2026-05-05T04:36:45.279+0000] {processor.py:840} INFO - DAG(s) 'example_nested_branch_dag' retrieved from /home/airflow/.local/lib/python3.12/site-packages/airflow/example_dags/example_nested_branch_dag.py
[2026-05-05T04:36:45.322+0000] {logging_mixin.py:188} INFO - [2026-05-05T04:36:45.321+0000] {dag.py:3089} INFO - Sync 1 DAGs
[2026-05-05T04:36:45.357+0000] {logging_mixin.py:188} INFO - [2026-05-05T04:36:45.356+0000] {dag.py:3947} INFO - Setting next_dagrun for example_nested_branch_dag to 2026-05-04 00:00:00+00:00, run_after=2026-05-05 00:00:00+00:00
[2026-05-05T04:36:45.425+0000] {processor.py:183} INFO - Processing /home/airflow/.local/lib/python3.12/site-packages/airflow/example_dags/example_nested_branch_dag.py took 0.180 seconds
[2026-05-05T04:37:15.861+0000] {processor.py:161} INFO - Started process (PID=1794) to work on /home/airflow/.local/lib/python3.12/site-packages/airflow/example_dags/example_nested_branch_dag.py
[2026-05-05T04:37:15.863+0000] {processor.py:830} INFO - Processing file /home/airflow/.local/lib/python3.12/site-packages/airflow/example_dags/example_nested_branch_dag.py for tasks to queue
[2026-05-05T04:37:15.866+0000] {logging_mixin.py:188} INFO - [2026-05-05T04:37:15.866+0000] {dagbag.py:545} INFO - Filling up the DagBag from /home/airflow/.local/lib/python3.12/site-packages/airflow/example_dags/example_nested_branch_dag.py
[2026-05-05T04:37:15.882+0000] {processor.py:840} INFO - DAG(s) 'example_nested_branch_dag' retrieved from /home/airflow/.local/lib/python3.12/site-packages/airflow/example_dags/example_nested_branch_dag.py
[2026-05-05T04:37:15.914+0000] {logging_mixin.py:188} INFO - [2026-05-05T04:37:15.914+0000] {dag.py:3089} INFO - Sync 1 DAGs
[2026-05-05T04:37:15.947+0000] {logging_mixin.py:188} INFO - [2026-05-05T04:37:15.946+0000] {dag.py:3947} INFO - Setting next_dagrun for example_nested_branch_dag to 2026-05-04 00:00:00+00:00, run_after=2026-05-05 00:00:00+00:00
[2026-05-05T04:37:16.016+0000] {processor.py:183} INFO - Processing /home/airflow/.local/lib/python3.12/site-packages/airflow/example_dags/example_nested_branch_dag.py took 0.165 seconds
[2026-05-05T04:37:46.170+0000] {processor.py:161} INFO - Started process (PID=1862) to work on /home/airflow/.local/lib/python3.12/site-packages/airflow/example_dags/example_nested_branch_dag.py
[2026-05-05T04:37:46.174+0000] {processor.py:830} INFO - Processing file /home/airflow/.local/lib/python3.12/site-packages/airflow/example_dags/example_nested_branch_dag.py for tasks to queue
[2026-05-05T04:37:46.177+0000] {logging_mixin.py:188} INFO - [2026-05-05T04:37:46.176+0000] {dagbag.py:545} INFO - Filling up the DagBag from /home/airflow/.local/lib/python3.12/site-packages/airflow/example_dags/example_nested_branch_dag.py
[2026-05-05T04:37:46.198+0000] {processor.py:840} INFO - DAG(s) 'example_nested_branch_dag' retrieved from /home/airflow/.local/lib/python3.12/site-packages/airflow/example_dags/example_nested_branch_dag.py
[2026-05-05T04:37:46.238+0000] {logging_mixin.py:188} INFO - [2026-05-05T04:37:46.237+0000] {dag.py:3089} INFO - Sync 1 DAGs
[2026-05-05T04:37:46.298+0000] {logging_mixin.py:188} INFO - [2026-05-05T04:37:46.298+0000] {dag.py:3947} INFO - Setting next_dagrun for example_nested_branch_dag to 2026-05-04 00:00:00+00:00, run_after=2026-05-05 00:00:00+00:00
[2026-05-05T04:37:46.337+0000] {processor.py:183} INFO - Processing /home/airflow/.local/lib/python3.12/site-packages/airflow/example_dags/example_nested_branch_dag.py took 0.177 seconds
[2026-05-05T04:38:17.090+0000] {processor.py:161} INFO - Started process (PID=1930) to work on /home/airflow/.local/lib/python3.12/site-packages/airflow/example_dags/example_nested_branch_dag.py
[2026-05-05T04:38:17.092+0000] {processor.py:830} INFO - Processing file /home/airflow/.local/lib/python3.12/site-packages/airflow/example_dags/example_nested_branch_dag.py for tasks to queue
[2026-05-05T04:38:17.097+0000] {logging_mixin.py:188} INFO - [2026-05-05T04:38:17.096+0000] {dagbag.py:545} INFO - Filling up the DagBag from /home/airflow/.local/lib/python3.12/site-packages/airflow/example_dags/example_nested_branch_dag.py
[2026-05-05T04:38:17.118+0000] {processor.py:840} INFO - DAG(s) 'example_nested_branch_dag' retrieved from /home/airflow/.local/lib/python3.12/site-packages/airflow/example_dags/example_nested_branch_dag.py
[2026-05-05T04:38:17.161+0000] {logging_mixin.py:188} INFO - [2026-05-05T04:38:17.160+0000] {dag.py:3089} INFO - Sync 1 DAGs
[2026-05-05T04:38:17.200+0000] {logging_mixin.py:188} INFO - [2026-05-05T04:38:17.200+0000] {dag.py:3947} INFO - Setting next_dagrun for example_nested_branch_dag to 2026-05-04 00:00:00+00:00, run_after=2026-05-05 00:00:00+00:00
[2026-05-05T04:38:17.277+0000] {processor.py:183} INFO - Processing /home/airflow/.local/lib/python3.12/site-packages/airflow/example_dags/example_nested_branch_dag.py took 0.201 seconds
[2026-05-05T04:38:47.424+0000] {processor.py:161} INFO - Started process (PID=1998) to work on /home/airflow/.local/lib/python3.12/site-packages/airflow/example_dags/example_nested_branch_dag.py
[2026-05-05T04:38:47.426+0000] {processor.py:830} INFO - Processing file /home/airflow/.local/lib/python3.12/site-packages/airflow/example_dags/example_nested_branch_dag.py for tasks to queue
[2026-05-05T04:38:47.430+0000] {logging_mixin.py:188} INFO - [2026-05-05T04:38:47.429+0000] {dagbag.py:545} INFO - Filling up the DagBag from /home/airflow/.local/lib/python3.12/site-packages/airflow/example_dags/example_nested_branch_dag.py
[2026-05-05T04:38:47.446+0000] {processor.py:840} INFO - DAG(s) 'example_nested_branch_dag' retrieved from /home/airflow/.local/lib/python3.12/site-packages/airflow/example_dags/example_nested_branch_dag.py
[2026-05-05T04:38:47.478+0000] {logging_mixin.py:188} INFO - [2026-05-05T04:38:47.478+0000] {dag.py:3089} INFO - Sync 1 DAGs
[2026-05-05T04:38:47.517+0000] {logging_mixin.py:188} INFO - [2026-05-05T04:38:47.517+0000] {dag.py:3947} INFO - Setting next_dagrun for example_nested_branch_dag to 2026-05-04 00:00:00+00:00, run_after=2026-05-05 00:00:00+00:00
[2026-05-05T04:38:47.587+0000] {processor.py:183} INFO - Processing /home/airflow/.local/lib/python3.12/site-packages/airflow/example_dags/example_nested_branch_dag.py took 0.173 seconds
[2026-05-05T04:39:18.158+0000] {processor.py:161} INFO - Started process (PID=2066) to work on /home/airflow/.local/lib/python3.12/site-packages/airflow/example_dags/example_nested_branch_dag.py
[2026-05-05T04:39:18.164+0000] {processor.py:830} INFO - Processing file /home/airflow/.local/lib/python3.12/site-packages/airflow/example_dags/example_nested_branch_dag.py for tasks to queue
[2026-05-05T04:39:18.169+0000] {logging_mixin.py:188} INFO - [2026-05-05T04:39:18.168+0000] {dagbag.py:545} INFO - Filling up the DagBag from /home/airflow/.local/lib/python3.12/site-packages/airflow/example_dags/example_nested_branch_dag.py
[2026-05-05T04:39:18.192+0000] {processor.py:840} INFO - DAG(s) 'example_nested_branch_dag' retrieved from /home/airflow/.local/lib/python3.12/site-packages/airflow/example_dags/example_nested_branch_dag.py
[2026-05-05T04:39:18.238+0000] {logging_mixin.py:188} INFO - [2026-05-05T04:39:18.238+0000] {dag.py:3089} INFO - Sync 1 DAGs
[2026-05-05T04:39:18.288+0000] {logging_mixin.py:188} INFO - [2026-05-05T04:39:18.287+0000] {dag.py:3947} INFO - Setting next_dagrun for example_nested_branch_dag to 2026-05-04 00:00:00+00:00, run_after=2026-05-05 00:00:00+00:00
[2026-05-05T04:39:18.326+0000] {processor.py:183} INFO - Processing /home/airflow/.local/lib/python3.12/site-packages/airflow/example_dags/example_nested_branch_dag.py took 0.178 seconds
[2026-05-05T04:39:49.010+0000] {processor.py:161} INFO - Started process (PID=2139) to work on /home/airflow/.local/lib/python3.12/site-packages/airflow/example_dags/example_nested_branch_dag.py
[2026-05-05T04:39:49.013+0000] {processor.py:830} INFO - Processing file /home/airflow/.local/lib/python3.12/site-packages/airflow/example_dags/example_nested_branch_dag.py for tasks to queue
[2026-05-05T04:39:49.016+0000] {logging_mixin.py:188} INFO - [2026-05-05T04:39:49.015+0000] {dagbag.py:545} INFO - Filling up the DagBag from /home/airflow/.local/lib/python3.12/site-packages/airflow/example_dags/example_nested_branch_dag.py
[2026-05-05T04:39:49.031+0000] {processor.py:840} INFO - DAG(s) 'example_nested_branch_dag' retrieved from /home/airflow/.local/lib/python3.12/site-packages/airflow/example_dags/example_nested_branch_dag.py
[2026-05-05T04:39:49.068+0000] {logging_mixin.py:188} INFO - [2026-05-05T04:39:49.068+0000] {dag.py:3089} INFO - Sync 1 DAGs
[2026-05-05T04:39:49.103+0000] {logging_mixin.py:188} INFO - [2026-05-05T04:39:49.102+0000] {dag.py:3947} INFO - Setting next_dagrun for example_nested_branch_dag to 2026-05-04 00:00:00+00:00, run_after=2026-05-05 00:00:00+00:00
[2026-05-05T04:39:49.165+0000] {processor.py:183} INFO - Processing /home/airflow/.local/lib/python3.12/site-packages/airflow/example_dags/example_nested_branch_dag.py took 0.164 seconds
[2026-05-05T04:40:19.581+0000] {processor.py:161} INFO - Started process (PID=2207) to work on /home/airflow/.local/lib/python3.12/site-packages/airflow/example_dags/example_nested_branch_dag.py
[2026-05-05T04:40:19.583+0000] {processor.py:830} INFO - Processing file /home/airflow/.local/lib/python3.12/site-packages/airflow/example_dags/example_nested_branch_dag.py for tasks to queue
[2026-05-05T04:40:19.587+0000] {logging_mixin.py:188} INFO - [2026-05-05T04:40:19.587+0000] {dagbag.py:545} INFO - Filling up the DagBag from /home/airflow/.local/lib/python3.12/site-packages/airflow/example_dags/example_nested_branch_dag.py
[2026-05-05T04:40:19.604+0000] {processor.py:840} INFO - DAG(s) 'example_nested_branch_dag' retrieved from /home/airflow/.local/lib/python3.12/site-packages/airflow/example_dags/example_nested_branch_dag.py
[2026-05-05T04:40:19.639+0000] {logging_mixin.py:188} INFO - [2026-05-05T04:40:19.639+0000] {dag.py:3089} INFO - Sync 1 DAGs
[2026-05-05T04:40:19.674+0000] {logging_mixin.py:188} INFO - [2026-05-05T04:40:19.674+0000] {dag.py:3947} INFO - Setting next_dagrun for example_nested_branch_dag to 2026-05-04 00:00:00+00:00, run_after=2026-05-05 00:00:00+00:00
[2026-05-05T04:40:19.942+0000] {processor.py:183} INFO - Processing /home/airflow/.local/lib/python3.12/site-packages/airflow/example_dags/example_nested_branch_dag.py took 0.371 seconds
[2026-05-05T04:40:50.036+0000] {processor.py:161} INFO - Started process (PID=2276) to work on /home/airflow/.local/lib/python3.12/site-packages/airflow/example_dags/example_nested_branch_dag.py
[2026-05-05T04:40:50.039+0000] {processor.py:830} INFO - Processing file /home/airflow/.local/lib/python3.12/site-packages/airflow/example_dags/example_nested_branch_dag.py for tasks to queue
[2026-05-05T04:40:50.043+0000] {logging_mixin.py:188} INFO - [2026-05-05T04:40:50.043+0000] {dagbag.py:545} INFO - Filling up the DagBag from /home/airflow/.local/lib/python3.12/site-packages/airflow/example_dags/example_nested_branch_dag.py
[2026-05-05T04:40:50.062+0000] {processor.py:840} INFO - DAG(s) 'example_nested_branch_dag' retrieved from /home/airflow/.local/lib/python3.12/site-packages/airflow/example_dags/example_nested_branch_dag.py
[2026-05-05T04:40:50.103+0000] {logging_mixin.py:188} INFO - [2026-05-05T04:40:50.102+0000] {dag.py:3089} INFO - Sync 1 DAGs
[2026-05-05T04:40:50.142+0000] {logging_mixin.py:188} INFO - [2026-05-05T04:40:50.142+0000] {dag.py:3947} INFO - Setting next_dagrun for example_nested_branch_dag to 2026-05-04 00:00:00+00:00, run_after=2026-05-05 00:00:00+00:00
[2026-05-05T04:40:50.211+0000] {processor.py:183} INFO - Processing /home/airflow/.local/lib/python3.12/site-packages/airflow/example_dags/example_nested_branch_dag.py took 0.189 seconds
[2026-05-05T04:41:21.078+0000] {processor.py:161} INFO - Started process (PID=2344) to work on /home/airflow/.local/lib/python3.12/site-packages/airflow/example_dags/example_nested_branch_dag.py
[2026-05-05T04:41:21.080+0000] {processor.py:830} INFO - Processing file /home/airflow/.local/lib/python3.12/site-packages/airflow/example_dags/example_nested_branch_dag.py for tasks to queue
[2026-05-05T04:41:21.084+0000] {logging_mixin.py:188} INFO - [2026-05-05T04:41:21.083+0000] {dagbag.py:545} INFO - Filling up the DagBag from /home/airflow/.local/lib/python3.12/site-packages/airflow/example_dags/example_nested_branch_dag.py
[2026-05-05T04:41:21.102+0000] {processor.py:840} INFO - DAG(s) 'example_nested_branch_dag' retrieved from /home/airflow/.local/lib/python3.12/site-packages/airflow/example_dags/example_nested_branch_dag.py
[2026-05-05T04:41:21.139+0000] {logging_mixin.py:188} INFO - [2026-05-05T04:41:21.139+0000] {dag.py:3089} INFO - Sync 1 DAGs
[2026-05-05T04:41:21.187+0000] {logging_mixin.py:188} INFO - [2026-05-05T04:41:21.186+0000] {dag.py:3947} INFO - Setting next_dagrun for example_nested_branch_dag to 2026-05-04 00:00:00+00:00, run_after=2026-05-05 00:00:00+00:00
[2026-05-05T04:41:21.254+0000] {processor.py:183} INFO - Processing /home/airflow/.local/lib/python3.12/site-packages/airflow/example_dags/example_nested_branch_dag.py took 0.188 seconds
[2026-05-05T04:41:52.773+0000] {processor.py:161} INFO - Started process (PID=2412) to work on /home/airflow/.local/lib/python3.12/site-packages/airflow/example_dags/example_nested_branch_dag.py
[2026-05-05T04:41:52.775+0000] {processor.py:830} INFO - Processing file /home/airflow/.local/lib/python3.12/site-packages/airflow/example_dags/example_nested_branch_dag.py for tasks to queue
[2026-05-05T04:41:52.779+0000] {logging_mixin.py:188} INFO - [2026-05-05T04:41:52.778+0000] {dagbag.py:545} INFO - Filling up the DagBag from /home/airflow/.local/lib/python3.12/site-packages/airflow/example_dags/example_nested_branch_dag.py
[2026-05-05T04:41:52.796+0000] {processor.py:840} INFO - DAG(s) 'example_nested_branch_dag' retrieved from /home/airflow/.local/lib/python3.12/site-packages/airflow/example_dags/example_nested_branch_dag.py
[2026-05-05T04:41:53.123+0000] {logging_mixin.py:188} INFO - [2026-05-05T04:41:53.122+0000] {dag.py:3089} INFO - Sync 1 DAGs
[2026-05-05T04:41:53.170+0000] {logging_mixin.py:188} INFO - [2026-05-05T04:41:53.169+0000] {dag.py:3947} INFO - Setting next_dagrun for example_nested_branch_dag to 2026-05-04 00:00:00+00:00, run_after=2026-05-05 00:00:00+00:00
[2026-05-05T04:41:53.221+0000] {processor.py:183} INFO - Processing /home/airflow/.local/lib/python3.12/site-packages/airflow/example_dags/example_nested_branch_dag.py took 0.464 seconds
[2026-05-05T04:42:23.527+0000] {processor.py:161} INFO - Started process (PID=2489) to work on /home/airflow/.local/lib/python3.12/site-packages/airflow/example_dags/example_nested_branch_dag.py
[2026-05-05T04:42:23.529+0000] {processor.py:830} INFO - Processing file /home/airflow/.local/lib/python3.12/site-packages/airflow/example_dags/example_nested_branch_dag.py for tasks to queue
[2026-05-05T04:42:23.533+0000] {logging_mixin.py:188} INFO - [2026-05-05T04:42:23.532+0000] {dagbag.py:545} INFO - Filling up the DagBag from /home/airflow/.local/lib/python3.12/site-packages/airflow/example_dags/example_nested_branch_dag.py
[2026-05-05T04:42:23.551+0000] {processor.py:840} INFO - DAG(s) 'example_nested_branch_dag' retrieved from /home/airflow/.local/lib/python3.12/site-packages/airflow/example_dags/example_nested_branch_dag.py
[2026-05-05T04:42:23.596+0000] {logging_mixin.py:188} INFO - [2026-05-05T04:42:23.596+0000] {dag.py:3089} INFO - Sync 1 DAGs
[2026-05-05T04:42:23.638+0000] {logging_mixin.py:188} INFO - [2026-05-05T04:42:23.637+0000] {dag.py:3947} INFO - Setting next_dagrun for example_nested_branch_dag to 2026-05-04 00:00:00+00:00, run_after=2026-05-05 00:00:00+00:00
[2026-05-05T04:42:23.675+0000] {processor.py:183} INFO - Processing /home/airflow/.local/lib/python3.12/site-packages/airflow/example_dags/example_nested_branch_dag.py took 0.158 seconds
[2026-05-05T04:42:53.996+0000] {processor.py:161} INFO - Started process (PID=2557) to work on /home/airflow/.local/lib/python3.12/site-packages/airflow/example_dags/example_nested_branch_dag.py
[2026-05-05T04:42:53.998+0000] {processor.py:830} INFO - Processing file /home/airflow/.local/lib/python3.12/site-packages/airflow/example_dags/example_nested_branch_dag.py for tasks to queue
[2026-05-05T04:42:54.001+0000] {logging_mixin.py:188} INFO - [2026-05-05T04:42:54.000+0000] {dagbag.py:545} INFO - Filling up the DagBag from /home/airflow/.local/lib/python3.12/site-packages/airflow/example_dags/example_nested_branch_dag.py
[2026-05-05T04:42:54.016+0000] {processor.py:840} INFO - DAG(s) 'example_nested_branch_dag' retrieved from /home/airflow/.local/lib/python3.12/site-packages/airflow/example_dags/example_nested_branch_dag.py
[2026-05-05T04:42:54.050+0000] {logging_mixin.py:188} INFO - [2026-05-05T04:42:54.050+0000] {dag.py:3089} INFO - Sync 1 DAGs
[2026-05-05T04:42:54.092+0000] {logging_mixin.py:188} INFO - [2026-05-05T04:42:54.091+0000] {dag.py:3947} INFO - Setting next_dagrun for example_nested_branch_dag to 2026-05-04 00:00:00+00:00, run_after=2026-05-05 00:00:00+00:00
[2026-05-05T04:42:54.131+0000] {processor.py:183} INFO - Processing /home/airflow/.local/lib/python3.12/site-packages/airflow/example_dags/example_nested_branch_dag.py took 0.148 seconds
[2026-05-05T04:43:24.506+0000] {processor.py:161} INFO - Started process (PID=2624) to work on /home/airflow/.local/lib/python3.12/site-packages/airflow/example_dags/example_nested_branch_dag.py
[2026-05-05T04:43:24.509+0000] {processor.py:830} INFO - Processing file /home/airflow/.local/lib/python3.12/site-packages/airflow/example_dags/example_nested_branch_dag.py for tasks to queue
[2026-05-05T04:43:24.513+0000] {logging_mixin.py:188} INFO - [2026-05-05T04:43:24.513+0000] {dagbag.py:545} INFO - Filling up the DagBag from /home/airflow/.local/lib/python3.12/site-packages/airflow/example_dags/example_nested_branch_dag.py
[2026-05-05T04:43:24.531+0000] {processor.py:840} INFO - DAG(s) 'example_nested_branch_dag' retrieved from /home/airflow/.local/lib/python3.12/site-packages/airflow/example_dags/example_nested_branch_dag.py
[2026-05-05T04:43:24.566+0000] {logging_mixin.py:188} INFO - [2026-05-05T04:43:24.565+0000] {dag.py:3089} INFO - Sync 1 DAGs
[2026-05-05T04:43:24.604+0000] {logging_mixin.py:188} INFO - [2026-05-05T04:43:24.603+0000] {dag.py:3947} INFO - Setting next_dagrun for example_nested_branch_dag to 2026-05-04 00:00:00+00:00, run_after=2026-05-05 00:00:00+00:00
[2026-05-05T04:43:24.655+0000] {processor.py:183} INFO - Processing /home/airflow/.local/lib/python3.12/site-packages/airflow/example_dags/example_nested_branch_dag.py took 0.160 seconds
[2026-05-05T04:43:55.382+0000] {processor.py:161} INFO - Started process (PID=2692) to work on /home/airflow/.local/lib/python3.12/site-packages/airflow/example_dags/example_nested_branch_dag.py
[2026-05-05T04:43:55.384+0000] {processor.py:830} INFO - Processing file /home/airflow/.local/lib/python3.12/site-packages/airflow/example_dags/example_nested_branch_dag.py for tasks to queue
[2026-05-05T04:43:55.389+0000] {logging_mixin.py:188} INFO - [2026-05-05T04:43:55.388+0000] {dagbag.py:545} INFO - Filling up the DagBag from /home/airflow/.local/lib/python3.12/site-packages/airflow/example_dags/example_nested_branch_dag.py
[2026-05-05T04:43:55.404+0000] {processor.py:840} INFO - DAG(s) 'example_nested_branch_dag' retrieved from /home/airflow/.local/lib/python3.12/site-packages/airflow/example_dags/example_nested_branch_dag.py
[2026-05-05T04:43:55.440+0000] {logging_mixin.py:188} INFO - [2026-05-05T04:43:55.440+0000] {dag.py:3089} INFO - Sync 1 DAGs
[2026-05-05T04:43:55.477+0000] {logging_mixin.py:188} INFO - [2026-05-05T04:43:55.477+0000] {dag.py:3947} INFO - Setting next_dagrun for example_nested_branch_dag to 2026-05-04 00:00:00+00:00, run_after=2026-05-05 00:00:00+00:00
[2026-05-05T04:43:55.513+0000] {processor.py:183} INFO - Processing /home/airflow/.local/lib/python3.12/site-packages/airflow/example_dags/example_nested_branch_dag.py took 0.141 seconds
[2026-05-05T04:44:25.662+0000] {processor.py:161} INFO - Started process (PID=2761) to work on /home/airflow/.local/lib/python3.12/site-packages/airflow/example_dags/example_nested_branch_dag.py
[2026-05-05T04:44:25.664+0000] {processor.py:830} INFO - Processing file /home/airflow/.local/lib/python3.12/site-packages/airflow/example_dags/example_nested_branch_dag.py for tasks to queue
[2026-05-05T04:44:25.669+0000] {logging_mixin.py:188} INFO - [2026-05-05T04:44:25.668+0000] {dagbag.py:545} INFO - Filling up the DagBag from /home/airflow/.local/lib/python3.12/site-packages/airflow/example_dags/example_nested_branch_dag.py
[2026-05-05T04:44:25.686+0000] {processor.py:840} INFO - DAG(s) 'example_nested_branch_dag' retrieved from /home/airflow/.local/lib/python3.12/site-packages/airflow/example_dags/example_nested_branch_dag.py
[2026-05-05T04:44:25.719+0000] {logging_mixin.py:188} INFO - [2026-05-05T04:44:25.719+0000] {dag.py:3089} INFO - Sync 1 DAGs
[2026-05-05T04:44:25.757+0000] {logging_mixin.py:188} INFO - [2026-05-05T04:44:25.756+0000] {dag.py:3947} INFO - Setting next_dagrun for example_nested_branch_dag to 2026-05-04 00:00:00+00:00, run_after=2026-05-05 00:00:00+00:00
[2026-05-05T04:44:25.790+0000] {processor.py:183} INFO - Processing /home/airflow/.local/lib/python3.12/site-packages/airflow/example_dags/example_nested_branch_dag.py took 0.138 seconds
[2026-05-05T04:44:56.056+0000] {processor.py:161} INFO - Started process (PID=2829) to work on /home/airflow/.local/lib/python3.12/site-packages/airflow/example_dags/example_nested_branch_dag.py
[2026-05-05T04:44:56.058+0000] {processor.py:830} INFO - Processing file /home/airflow/.local/lib/python3.12/site-packages/airflow/example_dags/example_nested_branch_dag.py for tasks to queue
[2026-05-05T04:44:56.061+0000] {logging_mixin.py:188} INFO - [2026-05-05T04:44:56.060+0000] {dagbag.py:545} INFO - Filling up the DagBag from /home/airflow/.local/lib/python3.12/site-packages/airflow/example_dags/example_nested_branch_dag.py
[2026-05-05T04:44:56.074+0000] {processor.py:840} INFO - DAG(s) 'example_nested_branch_dag' retrieved from /home/airflow/.local/lib/python3.12/site-packages/airflow/example_dags/example_nested_branch_dag.py
[2026-05-05T04:44:56.108+0000] {logging_mixin.py:188} INFO - [2026-05-05T04:44:56.107+0000] {dag.py:3089} INFO - Sync 1 DAGs
[2026-05-05T04:44:56.142+0000] {logging_mixin.py:188} INFO - [2026-05-05T04:44:56.141+0000] {dag.py:3947} INFO - Setting next_dagrun for example_nested_branch_dag to 2026-05-04 00:00:00+00:00, run_after=2026-05-05 00:00:00+00:00
[2026-05-05T04:44:56.176+0000] {processor.py:183} INFO - Processing /home/airflow/.local/lib/python3.12/site-packages/airflow/example_dags/example_nested_branch_dag.py took 0.132 seconds
[2026-05-05T04:45:26.564+0000] {processor.py:161} INFO - Started process (PID=2897) to work on /home/airflow/.local/lib/python3.12/site-packages/airflow/example_dags/example_nested_branch_dag.py
[2026-05-05T04:45:26.566+0000] {processor.py:830} INFO - Processing file /home/airflow/.local/lib/python3.12/site-packages/airflow/example_dags/example_nested_branch_dag.py for tasks to queue
[2026-05-05T04:45:26.569+0000] {logging_mixin.py:188} INFO - [2026-05-05T04:45:26.569+0000] {dagbag.py:545} INFO - Filling up the DagBag from /home/airflow/.local/lib/python3.12/site-packages/airflow/example_dags/example_nested_branch_dag.py
[2026-05-05T04:45:26.584+0000] {processor.py:840} INFO - DAG(s) 'example_nested_branch_dag' retrieved from /home/airflow/.local/lib/python3.12/site-packages/airflow/example_dags/example_nested_branch_dag.py
[2026-05-05T04:45:26.618+0000] {logging_mixin.py:188} INFO - [2026-05-05T04:45:26.618+0000] {dag.py:3089} INFO - Sync 1 DAGs
[2026-05-05T04:45:26.662+0000] {logging_mixin.py:188} INFO - [2026-05-05T04:45:26.662+0000] {dag.py:3947} INFO - Setting next_dagrun for example_nested_branch_dag to 2026-05-04 00:00:00+00:00, run_after=2026-05-05 00:00:00+00:00
[2026-05-05T04:45:26.705+0000] {processor.py:183} INFO - Processing /home/airflow/.local/lib/python3.12/site-packages/airflow/example_dags/example_nested_branch_dag.py took 0.150 seconds
[2026-05-05T04:45:57.303+0000] {processor.py:161} INFO - Started process (PID=2965) to work on /home/airflow/.local/lib/python3.12/site-packages/airflow/example_dags/example_nested_branch_dag.py
[2026-05-05T04:45:57.305+0000] {processor.py:830} INFO - Processing file /home/airflow/.local/lib/python3.12/site-packages/airflow/example_dags/example_nested_branch_dag.py for tasks to queue
[2026-05-05T04:45:57.309+0000] {logging_mixin.py:188} INFO - [2026-05-05T04:45:57.308+0000] {dagbag.py:545} INFO - Filling up the DagBag from /home/airflow/.local/lib/python3.12/site-packages/airflow/example_dags/example_nested_branch_dag.py
[2026-05-05T04:45:57.325+0000] {processor.py:840} INFO - DAG(s) 'example_nested_branch_dag' retrieved from /home/airflow/.local/lib/python3.12/site-packages/airflow/example_dags/example_nested_branch_dag.py
[2026-05-05T04:45:57.363+0000] {logging_mixin.py:188} INFO - [2026-05-05T04:45:57.362+0000] {dag.py:3089} INFO - Sync 1 DAGs
[2026-05-05T04:45:57.405+0000] {logging_mixin.py:188} INFO - [2026-05-05T04:45:57.405+0000] {dag.py:3947} INFO - Setting next_dagrun for example_nested_branch_dag to 2026-05-04 00:00:00+00:00, run_after=2026-05-05 00:00:00+00:00
[2026-05-05T04:45:57.444+0000] {processor.py:183} INFO - Processing /home/airflow/.local/lib/python3.12/site-packages/airflow/example_dags/example_nested_branch_dag.py took 0.151 seconds
[2026-05-05T04:46:27.625+0000] {processor.py:161} INFO - Started process (PID=3033) to work on /home/airflow/.local/lib/python3.12/site-packages/airflow/example_dags/example_nested_branch_dag.py
[2026-05-05T04:46:27.628+0000] {processor.py:830} INFO - Processing file /home/airflow/.local/lib/python3.12/site-packages/airflow/example_dags/example_nested_branch_dag.py for tasks to queue
[2026-05-05T04:46:27.633+0000] {logging_mixin.py:188} INFO - [2026-05-05T04:46:27.632+0000] {dagbag.py:545} INFO - Filling up the DagBag from /home/airflow/.local/lib/python3.12/site-packages/airflow/example_dags/example_nested_branch_dag.py
[2026-05-05T04:46:27.655+0000] {processor.py:840} INFO - DAG(s) 'example_nested_branch_dag' retrieved from /home/airflow/.local/lib/python3.12/site-packages/airflow/example_dags/example_nested_branch_dag.py
[2026-05-05T04:46:27.704+0000] {logging_mixin.py:188} INFO - [2026-05-05T04:46:27.704+0000] {dag.py:3089} INFO - Sync 1 DAGs
[2026-05-05T04:46:27.782+0000] {logging_mixin.py:188} INFO - [2026-05-05T04:46:27.781+0000] {dag.py:3947} INFO - Setting next_dagrun for example_nested_branch_dag to 2026-05-04 00:00:00+00:00, run_after=2026-05-05 00:00:00+00:00
[2026-05-05T04:46:27.933+0000] {processor.py:183} INFO - Processing /home/airflow/.local/lib/python3.12/site-packages/airflow/example_dags/example_nested_branch_dag.py took 0.322 seconds
[2026-05-05T04:46:58.393+0000] {processor.py:161} INFO - Started process (PID=3108) to work on /home/airflow/.local/lib/python3.12/site-packages/airflow/example_dags/example_nested_branch_dag.py
[2026-05-05T04:46:58.396+0000] {processor.py:830} INFO - Processing file /home/airflow/.local/lib/python3.12/site-packages/airflow/example_dags/example_nested_branch_dag.py for tasks to queue
[2026-05-05T04:46:58.400+0000] {logging_mixin.py:188} INFO - [2026-05-05T04:46:58.400+0000] {dagbag.py:545} INFO - Filling up the DagBag from /home/airflow/.local/lib/python3.12/site-packages/airflow/example_dags/example_nested_branch_dag.py
[2026-05-05T04:46:58.420+0000] {processor.py:840} INFO - DAG(s) 'example_nested_branch_dag' retrieved from /home/airflow/.local/lib/python3.12/site-packages/airflow/example_dags/example_nested_branch_dag.py
[2026-05-05T04:46:58.456+0000] {logging_mixin.py:188} INFO - [2026-05-05T04:46:58.455+0000] {dag.py:3089} INFO - Sync 1 DAGs
[2026-05-05T04:46:58.494+0000] {logging_mixin.py:188} INFO - [2026-05-05T04:46:58.494+0000] {dag.py:3947} INFO - Setting next_dagrun for example_nested_branch_dag to 2026-05-04 00:00:00+00:00, run_after=2026-05-05 00:00:00+00:00
[2026-05-05T04:46:58.604+0000] {processor.py:183} INFO - Processing /home/airflow/.local/lib/python3.12/site-packages/airflow/example_dags/example_nested_branch_dag.py took 0.221 seconds
