[2026-05-05T04:12:54.751+0000] {processor.py:161} INFO - Started process (PID=86) to work on /home/airflow/.local/lib/python3.12/site-packages/airflow/example_dags/example_sensor_decorator.py
[2026-05-05T04:12:54.753+0000] {processor.py:830} INFO - Processing file /home/airflow/.local/lib/python3.12/site-packages/airflow/example_dags/example_sensor_decorator.py for tasks to queue
[2026-05-05T04:12:54.758+0000] {logging_mixin.py:188} INFO - [2026-05-05T04:12:54.757+0000] {dagbag.py:545} INFO - Filling up the DagBag from /home/airflow/.local/lib/python3.12/site-packages/airflow/example_dags/example_sensor_decorator.py
[2026-05-05T04:12:54.770+0000] {processor.py:840} INFO - DAG(s) 'example_sensor_decorator' retrieved from /home/airflow/.local/lib/python3.12/site-packages/airflow/example_dags/example_sensor_decorator.py
[2026-05-05T04:12:54.807+0000] {logging_mixin.py:188} INFO - [2026-05-05T04:12:54.806+0000] {dag.py:3089} INFO - Sync 1 DAGs
[2026-05-05T04:12:54.826+0000] {logging_mixin.py:188} INFO - [2026-05-05T04:12:54.825+0000] {dag.py:3947} INFO - Setting next_dagrun for example_sensor_decorator to None, run_after=None
[2026-05-05T04:12:54.866+0000] {processor.py:183} INFO - Processing /home/airflow/.local/lib/python3.12/site-packages/airflow/example_dags/example_sensor_decorator.py took 0.125 seconds
[2026-05-05T04:13:26.768+0000] {processor.py:161} INFO - Started process (PID=154) to work on /home/airflow/.local/lib/python3.12/site-packages/airflow/example_dags/example_sensor_decorator.py
[2026-05-05T04:13:26.770+0000] {processor.py:830} INFO - Processing file /home/airflow/.local/lib/python3.12/site-packages/airflow/example_dags/example_sensor_decorator.py for tasks to queue
[2026-05-05T04:13:26.773+0000] {logging_mixin.py:188} INFO - [2026-05-05T04:13:26.772+0000] {dagbag.py:545} INFO - Filling up the DagBag from /home/airflow/.local/lib/python3.12/site-packages/airflow/example_dags/example_sensor_decorator.py
[2026-05-05T04:13:26.786+0000] {processor.py:840} INFO - DAG(s) 'example_sensor_decorator' retrieved from /home/airflow/.local/lib/python3.12/site-packages/airflow/example_dags/example_sensor_decorator.py
[2026-05-05T04:13:26.811+0000] {logging_mixin.py:188} INFO - [2026-05-05T04:13:26.810+0000] {dag.py:3089} INFO - Sync 1 DAGs
[2026-05-05T04:13:26.835+0000] {logging_mixin.py:188} INFO - [2026-05-05T04:13:26.834+0000] {dag.py:3947} INFO - Setting next_dagrun for example_sensor_decorator to None, run_after=None
[2026-05-05T04:13:26.901+0000] {processor.py:183} INFO - Processing /home/airflow/.local/lib/python3.12/site-packages/airflow/example_dags/example_sensor_decorator.py took 0.142 seconds
[2026-05-05T04:13:59.573+0000] {processor.py:161} INFO - Started process (PID=222) to work on /home/airflow/.local/lib/python3.12/site-packages/airflow/example_dags/example_sensor_decorator.py
[2026-05-05T04:13:59.577+0000] {processor.py:830} INFO - Processing file /home/airflow/.local/lib/python3.12/site-packages/airflow/example_dags/example_sensor_decorator.py for tasks to queue
[2026-05-05T04:13:59.584+0000] {logging_mixin.py:188} INFO - [2026-05-05T04:13:59.583+0000] {dagbag.py:545} INFO - Filling up the DagBag from /home/airflow/.local/lib/python3.12/site-packages/airflow/example_dags/example_sensor_decorator.py
[2026-05-05T04:13:59.603+0000] {processor.py:840} INFO - DAG(s) 'example_sensor_decorator' retrieved from /home/airflow/.local/lib/python3.12/site-packages/airflow/example_dags/example_sensor_decorator.py
[2026-05-05T04:13:59.795+0000] {logging_mixin.py:188} INFO - [2026-05-05T04:13:59.794+0000] {dag.py:3089} INFO - Sync 1 DAGs
[2026-05-05T04:13:59.819+0000] {logging_mixin.py:188} INFO - [2026-05-05T04:13:59.818+0000] {dag.py:3947} INFO - Setting next_dagrun for example_sensor_decorator to None, run_after=None
[2026-05-05T04:13:59.890+0000] {processor.py:183} INFO - Processing /home/airflow/.local/lib/python3.12/site-packages/airflow/example_dags/example_sensor_decorator.py took 0.335 seconds
[2026-05-05T04:14:30.465+0000] {processor.py:161} INFO - Started process (PID=291) to work on /home/airflow/.local/lib/python3.12/site-packages/airflow/example_dags/example_sensor_decorator.py
[2026-05-05T04:14:30.467+0000] {processor.py:830} INFO - Processing file /home/airflow/.local/lib/python3.12/site-packages/airflow/example_dags/example_sensor_decorator.py for tasks to queue
[2026-05-05T04:14:30.471+0000] {logging_mixin.py:188} INFO - [2026-05-05T04:14:30.470+0000] {dagbag.py:545} INFO - Filling up the DagBag from /home/airflow/.local/lib/python3.12/site-packages/airflow/example_dags/example_sensor_decorator.py
[2026-05-05T04:14:30.484+0000] {processor.py:840} INFO - DAG(s) 'example_sensor_decorator' retrieved from /home/airflow/.local/lib/python3.12/site-packages/airflow/example_dags/example_sensor_decorator.py
[2026-05-05T04:14:30.528+0000] {logging_mixin.py:188} INFO - [2026-05-05T04:14:30.527+0000] {dag.py:3089} INFO - Sync 1 DAGs
[2026-05-05T04:14:30.554+0000] {logging_mixin.py:188} INFO - [2026-05-05T04:14:30.553+0000] {dag.py:3947} INFO - Setting next_dagrun for example_sensor_decorator to None, run_after=None
[2026-05-05T04:14:30.610+0000] {processor.py:183} INFO - Processing /home/airflow/.local/lib/python3.12/site-packages/airflow/example_dags/example_sensor_decorator.py took 0.155 seconds
[2026-05-05T04:15:00.825+0000] {processor.py:161} INFO - Started process (PID=359) to work on /home/airflow/.local/lib/python3.12/site-packages/airflow/example_dags/example_sensor_decorator.py
[2026-05-05T04:15:00.828+0000] {processor.py:830} INFO - Processing file /home/airflow/.local/lib/python3.12/site-packages/airflow/example_dags/example_sensor_decorator.py for tasks to queue
[2026-05-05T04:15:00.833+0000] {logging_mixin.py:188} INFO - [2026-05-05T04:15:00.832+0000] {dagbag.py:545} INFO - Filling up the DagBag from /home/airflow/.local/lib/python3.12/site-packages/airflow/example_dags/example_sensor_decorator.py
[2026-05-05T04:15:00.849+0000] {processor.py:840} INFO - DAG(s) 'example_sensor_decorator' retrieved from /home/airflow/.local/lib/python3.12/site-packages/airflow/example_dags/example_sensor_decorator.py
[2026-05-05T04:15:00.899+0000] {logging_mixin.py:188} INFO - [2026-05-05T04:15:00.899+0000] {dag.py:3089} INFO - Sync 1 DAGs
[2026-05-05T04:15:00.926+0000] {logging_mixin.py:188} INFO - [2026-05-05T04:15:00.925+0000] {dag.py:3947} INFO - Setting next_dagrun for example_sensor_decorator to None, run_after=None
[2026-05-05T04:15:00.971+0000] {processor.py:183} INFO - Processing /home/airflow/.local/lib/python3.12/site-packages/airflow/example_dags/example_sensor_decorator.py took 0.160 seconds
[2026-05-05T04:15:31.127+0000] {processor.py:161} INFO - Started process (PID=427) to work on /home/airflow/.local/lib/python3.12/site-packages/airflow/example_dags/example_sensor_decorator.py
[2026-05-05T04:15:31.129+0000] {processor.py:830} INFO - Processing file /home/airflow/.local/lib/python3.12/site-packages/airflow/example_dags/example_sensor_decorator.py for tasks to queue
[2026-05-05T04:15:31.132+0000] {logging_mixin.py:188} INFO - [2026-05-05T04:15:31.132+0000] {dagbag.py:545} INFO - Filling up the DagBag from /home/airflow/.local/lib/python3.12/site-packages/airflow/example_dags/example_sensor_decorator.py
[2026-05-05T04:15:31.143+0000] {processor.py:840} INFO - DAG(s) 'example_sensor_decorator' retrieved from /home/airflow/.local/lib/python3.12/site-packages/airflow/example_dags/example_sensor_decorator.py
[2026-05-05T04:15:31.178+0000] {logging_mixin.py:188} INFO - [2026-05-05T04:15:31.177+0000] {dag.py:3089} INFO - Sync 1 DAGs
[2026-05-05T04:15:31.200+0000] {logging_mixin.py:188} INFO - [2026-05-05T04:15:31.200+0000] {dag.py:3947} INFO - Setting next_dagrun for example_sensor_decorator to None, run_after=None
[2026-05-05T04:15:31.238+0000] {processor.py:183} INFO - Processing /home/airflow/.local/lib/python3.12/site-packages/airflow/example_dags/example_sensor_decorator.py took 0.120 seconds
[2026-05-05T04:16:01.684+0000] {processor.py:161} INFO - Started process (PID=502) to work on /home/airflow/.local/lib/python3.12/site-packages/airflow/example_dags/example_sensor_decorator.py
[2026-05-05T04:16:01.686+0000] {processor.py:830} INFO - Processing file /home/airflow/.local/lib/python3.12/site-packages/airflow/example_dags/example_sensor_decorator.py for tasks to queue
[2026-05-05T04:16:01.690+0000] {logging_mixin.py:188} INFO - [2026-05-05T04:16:01.690+0000] {dagbag.py:545} INFO - Filling up the DagBag from /home/airflow/.local/lib/python3.12/site-packages/airflow/example_dags/example_sensor_decorator.py
[2026-05-05T04:16:01.703+0000] {processor.py:840} INFO - DAG(s) 'example_sensor_decorator' retrieved from /home/airflow/.local/lib/python3.12/site-packages/airflow/example_dags/example_sensor_decorator.py
[2026-05-05T04:16:01.737+0000] {logging_mixin.py:188} INFO - [2026-05-05T04:16:01.736+0000] {dag.py:3089} INFO - Sync 1 DAGs
[2026-05-05T04:16:01.756+0000] {logging_mixin.py:188} INFO - [2026-05-05T04:16:01.756+0000] {dag.py:3947} INFO - Setting next_dagrun for example_sensor_decorator to None, run_after=None
[2026-05-05T04:16:01.816+0000] {processor.py:183} INFO - Processing /home/airflow/.local/lib/python3.12/site-packages/airflow/example_dags/example_sensor_decorator.py took 0.140 seconds
[2026-05-05T04:16:32.258+0000] {processor.py:161} INFO - Started process (PID=570) to work on /home/airflow/.local/lib/python3.12/site-packages/airflow/example_dags/example_sensor_decorator.py
[2026-05-05T04:16:32.261+0000] {processor.py:830} INFO - Processing file /home/airflow/.local/lib/python3.12/site-packages/airflow/example_dags/example_sensor_decorator.py for tasks to queue
[2026-05-05T04:16:32.266+0000] {logging_mixin.py:188} INFO - [2026-05-05T04:16:32.265+0000] {dagbag.py:545} INFO - Filling up the DagBag from /home/airflow/.local/lib/python3.12/site-packages/airflow/example_dags/example_sensor_decorator.py
[2026-05-05T04:16:32.277+0000] {processor.py:840} INFO - DAG(s) 'example_sensor_decorator' retrieved from /home/airflow/.local/lib/python3.12/site-packages/airflow/example_dags/example_sensor_decorator.py
[2026-05-05T04:16:32.310+0000] {logging_mixin.py:188} INFO - [2026-05-05T04:16:32.310+0000] {dag.py:3089} INFO - Sync 1 DAGs
[2026-05-05T04:16:32.329+0000] {logging_mixin.py:188} INFO - [2026-05-05T04:16:32.329+0000] {dag.py:3947} INFO - Setting next_dagrun for example_sensor_decorator to None, run_after=None
[2026-05-05T04:16:32.368+0000] {processor.py:183} INFO - Processing /home/airflow/.local/lib/python3.12/site-packages/airflow/example_dags/example_sensor_decorator.py took 0.118 seconds
[2026-05-05T04:17:02.866+0000] {processor.py:161} INFO - Started process (PID=639) to work on /home/airflow/.local/lib/python3.12/site-packages/airflow/example_dags/example_sensor_decorator.py
[2026-05-05T04:17:02.868+0000] {processor.py:830} INFO - Processing file /home/airflow/.local/lib/python3.12/site-packages/airflow/example_dags/example_sensor_decorator.py for tasks to queue
[2026-05-05T04:17:02.872+0000] {logging_mixin.py:188} INFO - [2026-05-05T04:17:02.871+0000] {dagbag.py:545} INFO - Filling up the DagBag from /home/airflow/.local/lib/python3.12/site-packages/airflow/example_dags/example_sensor_decorator.py
[2026-05-05T04:17:02.883+0000] {processor.py:840} INFO - DAG(s) 'example_sensor_decorator' retrieved from /home/airflow/.local/lib/python3.12/site-packages/airflow/example_dags/example_sensor_decorator.py
[2026-05-05T04:17:02.926+0000] {logging_mixin.py:188} INFO - [2026-05-05T04:17:02.925+0000] {dag.py:3089} INFO - Sync 1 DAGs
[2026-05-05T04:17:02.954+0000] {logging_mixin.py:188} INFO - [2026-05-05T04:17:02.953+0000] {dag.py:3947} INFO - Setting next_dagrun for example_sensor_decorator to None, run_after=None
[2026-05-05T04:17:02.999+0000] {processor.py:183} INFO - Processing /home/airflow/.local/lib/python3.12/site-packages/airflow/example_dags/example_sensor_decorator.py took 0.142 seconds
[2026-05-05T04:17:34.061+0000] {processor.py:161} INFO - Started process (PID=707) to work on /home/airflow/.local/lib/python3.12/site-packages/airflow/example_dags/example_sensor_decorator.py
[2026-05-05T04:17:34.062+0000] {processor.py:830} INFO - Processing file /home/airflow/.local/lib/python3.12/site-packages/airflow/example_dags/example_sensor_decorator.py for tasks to queue
[2026-05-05T04:17:34.067+0000] {logging_mixin.py:188} INFO - [2026-05-05T04:17:34.066+0000] {dagbag.py:545} INFO - Filling up the DagBag from /home/airflow/.local/lib/python3.12/site-packages/airflow/example_dags/example_sensor_decorator.py
[2026-05-05T04:17:34.080+0000] {processor.py:840} INFO - DAG(s) 'example_sensor_decorator' retrieved from /home/airflow/.local/lib/python3.12/site-packages/airflow/example_dags/example_sensor_decorator.py
[2026-05-05T04:17:34.116+0000] {logging_mixin.py:188} INFO - [2026-05-05T04:17:34.116+0000] {dag.py:3089} INFO - Sync 1 DAGs
[2026-05-05T04:17:34.139+0000] {logging_mixin.py:188} INFO - [2026-05-05T04:17:34.139+0000] {dag.py:3947} INFO - Setting next_dagrun for example_sensor_decorator to None, run_after=None
[2026-05-05T04:17:34.178+0000] {processor.py:183} INFO - Processing /home/airflow/.local/lib/python3.12/site-packages/airflow/example_dags/example_sensor_decorator.py took 0.130 seconds
[2026-05-05T04:18:05.420+0000] {processor.py:161} INFO - Started process (PID=775) to work on /home/airflow/.local/lib/python3.12/site-packages/airflow/example_dags/example_sensor_decorator.py
[2026-05-05T04:18:05.422+0000] {processor.py:830} INFO - Processing file /home/airflow/.local/lib/python3.12/site-packages/airflow/example_dags/example_sensor_decorator.py for tasks to queue
[2026-05-05T04:18:05.425+0000] {logging_mixin.py:188} INFO - [2026-05-05T04:18:05.425+0000] {dagbag.py:545} INFO - Filling up the DagBag from /home/airflow/.local/lib/python3.12/site-packages/airflow/example_dags/example_sensor_decorator.py
[2026-05-05T04:18:05.435+0000] {processor.py:840} INFO - DAG(s) 'example_sensor_decorator' retrieved from /home/airflow/.local/lib/python3.12/site-packages/airflow/example_dags/example_sensor_decorator.py
[2026-05-05T04:18:05.468+0000] {logging_mixin.py:188} INFO - [2026-05-05T04:18:05.467+0000] {dag.py:3089} INFO - Sync 1 DAGs
[2026-05-05T04:18:05.490+0000] {logging_mixin.py:188} INFO - [2026-05-05T04:18:05.489+0000] {dag.py:3947} INFO - Setting next_dagrun for example_sensor_decorator to None, run_after=None
[2026-05-05T04:18:05.526+0000] {processor.py:183} INFO - Processing /home/airflow/.local/lib/python3.12/site-packages/airflow/example_dags/example_sensor_decorator.py took 0.114 seconds
[2026-05-05T04:18:36.277+0000] {processor.py:161} INFO - Started process (PID=850) to work on /home/airflow/.local/lib/python3.12/site-packages/airflow/example_dags/example_sensor_decorator.py
[2026-05-05T04:18:36.281+0000] {processor.py:830} INFO - Processing file /home/airflow/.local/lib/python3.12/site-packages/airflow/example_dags/example_sensor_decorator.py for tasks to queue
[2026-05-05T04:18:36.285+0000] {logging_mixin.py:188} INFO - [2026-05-05T04:18:36.285+0000] {dagbag.py:545} INFO - Filling up the DagBag from /home/airflow/.local/lib/python3.12/site-packages/airflow/example_dags/example_sensor_decorator.py
[2026-05-05T04:18:36.297+0000] {processor.py:840} INFO - DAG(s) 'example_sensor_decorator' retrieved from /home/airflow/.local/lib/python3.12/site-packages/airflow/example_dags/example_sensor_decorator.py
[2026-05-05T04:18:36.326+0000] {logging_mixin.py:188} INFO - [2026-05-05T04:18:36.325+0000] {dag.py:3089} INFO - Sync 1 DAGs
[2026-05-05T04:18:36.344+0000] {logging_mixin.py:188} INFO - [2026-05-05T04:18:36.344+0000] {dag.py:3947} INFO - Setting next_dagrun for example_sensor_decorator to None, run_after=None
[2026-05-05T04:18:36.376+0000] {processor.py:183} INFO - Processing /home/airflow/.local/lib/python3.12/site-packages/airflow/example_dags/example_sensor_decorator.py took 0.108 seconds
[2026-05-05T04:24:33.339+0000] {processor.py:161} INFO - Started process (PID=86) to work on /home/airflow/.local/lib/python3.12/site-packages/airflow/example_dags/example_sensor_decorator.py
[2026-05-05T04:24:33.342+0000] {processor.py:830} INFO - Processing file /home/airflow/.local/lib/python3.12/site-packages/airflow/example_dags/example_sensor_decorator.py for tasks to queue
[2026-05-05T04:24:33.345+0000] {logging_mixin.py:188} INFO - [2026-05-05T04:24:33.345+0000] {dagbag.py:545} INFO - Filling up the DagBag from /home/airflow/.local/lib/python3.12/site-packages/airflow/example_dags/example_sensor_decorator.py
[2026-05-05T04:24:33.356+0000] {processor.py:840} INFO - DAG(s) 'example_sensor_decorator' retrieved from /home/airflow/.local/lib/python3.12/site-packages/airflow/example_dags/example_sensor_decorator.py
[2026-05-05T04:24:33.551+0000] {logging_mixin.py:188} INFO - [2026-05-05T04:24:33.550+0000] {override.py:1858} INFO - Created Permission View: can edit on DAG:example_sensor_decorator
[2026-05-05T04:24:33.572+0000] {logging_mixin.py:188} INFO - [2026-05-05T04:24:33.571+0000] {override.py:1858} INFO - Created Permission View: can delete on DAG:example_sensor_decorator
[2026-05-05T04:24:33.587+0000] {logging_mixin.py:188} INFO - [2026-05-05T04:24:33.586+0000] {override.py:1858} INFO - Created Permission View: can read on DAG:example_sensor_decorator
[2026-05-05T04:24:33.589+0000] {logging_mixin.py:188} INFO - [2026-05-05T04:24:33.589+0000] {dag.py:3089} INFO - Sync 1 DAGs
[2026-05-05T04:24:33.609+0000] {logging_mixin.py:188} INFO - [2026-05-05T04:24:33.609+0000] {dag.py:3111} INFO - Creating ORM DAG for example_sensor_decorator
[2026-05-05T04:24:33.611+0000] {logging_mixin.py:188} INFO - [2026-05-05T04:24:33.610+0000] {dag.py:3947} INFO - Setting next_dagrun for example_sensor_decorator to None, run_after=None
[2026-05-05T04:24:33.645+0000] {processor.py:183} INFO - Processing /home/airflow/.local/lib/python3.12/site-packages/airflow/example_dags/example_sensor_decorator.py took 0.314 seconds
[2026-05-05T04:25:03.739+0000] {processor.py:161} INFO - Started process (PID=154) to work on /home/airflow/.local/lib/python3.12/site-packages/airflow/example_dags/example_sensor_decorator.py
[2026-05-05T04:25:03.742+0000] {processor.py:830} INFO - Processing file /home/airflow/.local/lib/python3.12/site-packages/airflow/example_dags/example_sensor_decorator.py for tasks to queue
[2026-05-05T04:25:03.745+0000] {logging_mixin.py:188} INFO - [2026-05-05T04:25:03.745+0000] {dagbag.py:545} INFO - Filling up the DagBag from /home/airflow/.local/lib/python3.12/site-packages/airflow/example_dags/example_sensor_decorator.py
[2026-05-05T04:25:03.758+0000] {processor.py:840} INFO - DAG(s) 'example_sensor_decorator' retrieved from /home/airflow/.local/lib/python3.12/site-packages/airflow/example_dags/example_sensor_decorator.py
[2026-05-05T04:25:03.795+0000] {logging_mixin.py:188} INFO - [2026-05-05T04:25:03.795+0000] {dag.py:3089} INFO - Sync 1 DAGs
[2026-05-05T04:25:03.824+0000] {logging_mixin.py:188} INFO - [2026-05-05T04:25:03.823+0000] {dag.py:3947} INFO - Setting next_dagrun for example_sensor_decorator to None, run_after=None
[2026-05-05T04:25:03.994+0000] {processor.py:183} INFO - Processing /home/airflow/.local/lib/python3.12/site-packages/airflow/example_dags/example_sensor_decorator.py took 0.267 seconds
[2026-05-05T04:25:34.217+0000] {processor.py:161} INFO - Started process (PID=223) to work on /home/airflow/.local/lib/python3.12/site-packages/airflow/example_dags/example_sensor_decorator.py
[2026-05-05T04:25:34.221+0000] {processor.py:830} INFO - Processing file /home/airflow/.local/lib/python3.12/site-packages/airflow/example_dags/example_sensor_decorator.py for tasks to queue
[2026-05-05T04:25:34.225+0000] {logging_mixin.py:188} INFO - [2026-05-05T04:25:34.224+0000] {dagbag.py:545} INFO - Filling up the DagBag from /home/airflow/.local/lib/python3.12/site-packages/airflow/example_dags/example_sensor_decorator.py
[2026-05-05T04:25:34.243+0000] {processor.py:840} INFO - DAG(s) 'example_sensor_decorator' retrieved from /home/airflow/.local/lib/python3.12/site-packages/airflow/example_dags/example_sensor_decorator.py
[2026-05-05T04:25:34.282+0000] {logging_mixin.py:188} INFO - [2026-05-05T04:25:34.281+0000] {dag.py:3089} INFO - Sync 1 DAGs
[2026-05-05T04:25:34.303+0000] {logging_mixin.py:188} INFO - [2026-05-05T04:25:34.302+0000] {dag.py:3947} INFO - Setting next_dagrun for example_sensor_decorator to None, run_after=None
[2026-05-05T04:25:34.361+0000] {processor.py:183} INFO - Processing /home/airflow/.local/lib/python3.12/site-packages/airflow/example_dags/example_sensor_decorator.py took 0.158 seconds
[2026-05-05T04:26:04.559+0000] {processor.py:161} INFO - Started process (PID=291) to work on /home/airflow/.local/lib/python3.12/site-packages/airflow/example_dags/example_sensor_decorator.py
[2026-05-05T04:26:04.562+0000] {processor.py:830} INFO - Processing file /home/airflow/.local/lib/python3.12/site-packages/airflow/example_dags/example_sensor_decorator.py for tasks to queue
[2026-05-05T04:26:04.569+0000] {logging_mixin.py:188} INFO - [2026-05-05T04:26:04.568+0000] {dagbag.py:545} INFO - Filling up the DagBag from /home/airflow/.local/lib/python3.12/site-packages/airflow/example_dags/example_sensor_decorator.py
[2026-05-05T04:26:04.584+0000] {processor.py:840} INFO - DAG(s) 'example_sensor_decorator' retrieved from /home/airflow/.local/lib/python3.12/site-packages/airflow/example_dags/example_sensor_decorator.py
[2026-05-05T04:26:04.634+0000] {logging_mixin.py:188} INFO - [2026-05-05T04:26:04.634+0000] {dag.py:3089} INFO - Sync 1 DAGs
[2026-05-05T04:26:04.659+0000] {logging_mixin.py:188} INFO - [2026-05-05T04:26:04.658+0000] {dag.py:3947} INFO - Setting next_dagrun for example_sensor_decorator to None, run_after=None
[2026-05-05T04:26:04.699+0000] {processor.py:183} INFO - Processing /home/airflow/.local/lib/python3.12/site-packages/airflow/example_dags/example_sensor_decorator.py took 0.157 seconds
[2026-05-05T04:26:35.591+0000] {processor.py:161} INFO - Started process (PID=366) to work on /home/airflow/.local/lib/python3.12/site-packages/airflow/example_dags/example_sensor_decorator.py
[2026-05-05T04:26:35.593+0000] {processor.py:830} INFO - Processing file /home/airflow/.local/lib/python3.12/site-packages/airflow/example_dags/example_sensor_decorator.py for tasks to queue
[2026-05-05T04:26:35.596+0000] {logging_mixin.py:188} INFO - [2026-05-05T04:26:35.595+0000] {dagbag.py:545} INFO - Filling up the DagBag from /home/airflow/.local/lib/python3.12/site-packages/airflow/example_dags/example_sensor_decorator.py
[2026-05-05T04:26:35.607+0000] {processor.py:840} INFO - DAG(s) 'example_sensor_decorator' retrieved from /home/airflow/.local/lib/python3.12/site-packages/airflow/example_dags/example_sensor_decorator.py
[2026-05-05T04:26:35.643+0000] {logging_mixin.py:188} INFO - [2026-05-05T04:26:35.643+0000] {dag.py:3089} INFO - Sync 1 DAGs
[2026-05-05T04:26:35.667+0000] {logging_mixin.py:188} INFO - [2026-05-05T04:26:35.667+0000] {dag.py:3947} INFO - Setting next_dagrun for example_sensor_decorator to None, run_after=None
[2026-05-05T04:26:35.732+0000] {processor.py:183} INFO - Processing /home/airflow/.local/lib/python3.12/site-packages/airflow/example_dags/example_sensor_decorator.py took 0.151 seconds
[2026-05-05T04:27:05.936+0000] {processor.py:161} INFO - Started process (PID=434) to work on /home/airflow/.local/lib/python3.12/site-packages/airflow/example_dags/example_sensor_decorator.py
[2026-05-05T04:27:05.939+0000] {processor.py:830} INFO - Processing file /home/airflow/.local/lib/python3.12/site-packages/airflow/example_dags/example_sensor_decorator.py for tasks to queue
[2026-05-05T04:27:05.942+0000] {logging_mixin.py:188} INFO - [2026-05-05T04:27:05.942+0000] {dagbag.py:545} INFO - Filling up the DagBag from /home/airflow/.local/lib/python3.12/site-packages/airflow/example_dags/example_sensor_decorator.py
[2026-05-05T04:27:05.957+0000] {processor.py:840} INFO - DAG(s) 'example_sensor_decorator' retrieved from /home/airflow/.local/lib/python3.12/site-packages/airflow/example_dags/example_sensor_decorator.py
[2026-05-05T04:27:05.995+0000] {logging_mixin.py:188} INFO - [2026-05-05T04:27:05.995+0000] {dag.py:3089} INFO - Sync 1 DAGs
[2026-05-05T04:27:06.018+0000] {logging_mixin.py:188} INFO - [2026-05-05T04:27:06.017+0000] {dag.py:3947} INFO - Setting next_dagrun for example_sensor_decorator to None, run_after=None
[2026-05-05T04:27:06.085+0000] {processor.py:183} INFO - Processing /home/airflow/.local/lib/python3.12/site-packages/airflow/example_dags/example_sensor_decorator.py took 0.160 seconds
[2026-05-05T04:27:37.024+0000] {processor.py:161} INFO - Started process (PID=501) to work on /home/airflow/.local/lib/python3.12/site-packages/airflow/example_dags/example_sensor_decorator.py
[2026-05-05T04:27:37.027+0000] {processor.py:830} INFO - Processing file /home/airflow/.local/lib/python3.12/site-packages/airflow/example_dags/example_sensor_decorator.py for tasks to queue
[2026-05-05T04:27:37.031+0000] {logging_mixin.py:188} INFO - [2026-05-05T04:27:37.031+0000] {dagbag.py:545} INFO - Filling up the DagBag from /home/airflow/.local/lib/python3.12/site-packages/airflow/example_dags/example_sensor_decorator.py
[2026-05-05T04:27:37.044+0000] {processor.py:840} INFO - DAG(s) 'example_sensor_decorator' retrieved from /home/airflow/.local/lib/python3.12/site-packages/airflow/example_dags/example_sensor_decorator.py
[2026-05-05T04:27:37.086+0000] {logging_mixin.py:188} INFO - [2026-05-05T04:27:37.086+0000] {dag.py:3089} INFO - Sync 1 DAGs
[2026-05-05T04:27:37.104+0000] {logging_mixin.py:188} INFO - [2026-05-05T04:27:37.104+0000] {dag.py:3947} INFO - Setting next_dagrun for example_sensor_decorator to None, run_after=None
[2026-05-05T04:27:37.165+0000] {processor.py:183} INFO - Processing /home/airflow/.local/lib/python3.12/site-packages/airflow/example_dags/example_sensor_decorator.py took 0.153 seconds
[2026-05-05T04:28:07.641+0000] {processor.py:161} INFO - Started process (PID=569) to work on /home/airflow/.local/lib/python3.12/site-packages/airflow/example_dags/example_sensor_decorator.py
[2026-05-05T04:28:07.644+0000] {processor.py:830} INFO - Processing file /home/airflow/.local/lib/python3.12/site-packages/airflow/example_dags/example_sensor_decorator.py for tasks to queue
[2026-05-05T04:28:07.649+0000] {logging_mixin.py:188} INFO - [2026-05-05T04:28:07.648+0000] {dagbag.py:545} INFO - Filling up the DagBag from /home/airflow/.local/lib/python3.12/site-packages/airflow/example_dags/example_sensor_decorator.py
[2026-05-05T04:28:07.664+0000] {processor.py:840} INFO - DAG(s) 'example_sensor_decorator' retrieved from /home/airflow/.local/lib/python3.12/site-packages/airflow/example_dags/example_sensor_decorator.py
[2026-05-05T04:28:07.702+0000] {logging_mixin.py:188} INFO - [2026-05-05T04:28:07.702+0000] {dag.py:3089} INFO - Sync 1 DAGs
[2026-05-05T04:28:07.723+0000] {logging_mixin.py:188} INFO - [2026-05-05T04:28:07.723+0000] {dag.py:3947} INFO - Setting next_dagrun for example_sensor_decorator to None, run_after=None
[2026-05-05T04:28:07.752+0000] {processor.py:183} INFO - Processing /home/airflow/.local/lib/python3.12/site-packages/airflow/example_dags/example_sensor_decorator.py took 0.125 seconds
[2026-05-05T04:28:38.221+0000] {processor.py:161} INFO - Started process (PID=637) to work on /home/airflow/.local/lib/python3.12/site-packages/airflow/example_dags/example_sensor_decorator.py
[2026-05-05T04:28:38.223+0000] {processor.py:830} INFO - Processing file /home/airflow/.local/lib/python3.12/site-packages/airflow/example_dags/example_sensor_decorator.py for tasks to queue
[2026-05-05T04:28:38.226+0000] {logging_mixin.py:188} INFO - [2026-05-05T04:28:38.226+0000] {dagbag.py:545} INFO - Filling up the DagBag from /home/airflow/.local/lib/python3.12/site-packages/airflow/example_dags/example_sensor_decorator.py
[2026-05-05T04:28:38.237+0000] {processor.py:840} INFO - DAG(s) 'example_sensor_decorator' retrieved from /home/airflow/.local/lib/python3.12/site-packages/airflow/example_dags/example_sensor_decorator.py
[2026-05-05T04:28:38.275+0000] {logging_mixin.py:188} INFO - [2026-05-05T04:28:38.274+0000] {dag.py:3089} INFO - Sync 1 DAGs
[2026-05-05T04:28:38.296+0000] {logging_mixin.py:188} INFO - [2026-05-05T04:28:38.296+0000] {dag.py:3947} INFO - Setting next_dagrun for example_sensor_decorator to None, run_after=None
[2026-05-05T04:28:38.471+0000] {processor.py:183} INFO - Processing /home/airflow/.local/lib/python3.12/site-packages/airflow/example_dags/example_sensor_decorator.py took 0.261 seconds
[2026-05-05T04:29:09.470+0000] {processor.py:161} INFO - Started process (PID=712) to work on /home/airflow/.local/lib/python3.12/site-packages/airflow/example_dags/example_sensor_decorator.py
[2026-05-05T04:29:09.472+0000] {processor.py:830} INFO - Processing file /home/airflow/.local/lib/python3.12/site-packages/airflow/example_dags/example_sensor_decorator.py for tasks to queue
[2026-05-05T04:29:09.476+0000] {logging_mixin.py:188} INFO - [2026-05-05T04:29:09.476+0000] {dagbag.py:545} INFO - Filling up the DagBag from /home/airflow/.local/lib/python3.12/site-packages/airflow/example_dags/example_sensor_decorator.py
[2026-05-05T04:29:09.488+0000] {processor.py:840} INFO - DAG(s) 'example_sensor_decorator' retrieved from /home/airflow/.local/lib/python3.12/site-packages/airflow/example_dags/example_sensor_decorator.py
[2026-05-05T04:29:09.525+0000] {logging_mixin.py:188} INFO - [2026-05-05T04:29:09.524+0000] {dag.py:3089} INFO - Sync 1 DAGs
[2026-05-05T04:29:09.546+0000] {logging_mixin.py:188} INFO - [2026-05-05T04:29:09.546+0000] {dag.py:3947} INFO - Setting next_dagrun for example_sensor_decorator to None, run_after=None
[2026-05-05T04:29:09.614+0000] {processor.py:183} INFO - Processing /home/airflow/.local/lib/python3.12/site-packages/airflow/example_dags/example_sensor_decorator.py took 0.158 seconds
[2026-05-05T04:29:39.906+0000] {processor.py:161} INFO - Started process (PID=780) to work on /home/airflow/.local/lib/python3.12/site-packages/airflow/example_dags/example_sensor_decorator.py
[2026-05-05T04:29:39.908+0000] {processor.py:830} INFO - Processing file /home/airflow/.local/lib/python3.12/site-packages/airflow/example_dags/example_sensor_decorator.py for tasks to queue
[2026-05-05T04:29:39.912+0000] {logging_mixin.py:188} INFO - [2026-05-05T04:29:39.912+0000] {dagbag.py:545} INFO - Filling up the DagBag from /home/airflow/.local/lib/python3.12/site-packages/airflow/example_dags/example_sensor_decorator.py
[2026-05-05T04:29:39.924+0000] {processor.py:840} INFO - DAG(s) 'example_sensor_decorator' retrieved from /home/airflow/.local/lib/python3.12/site-packages/airflow/example_dags/example_sensor_decorator.py
[2026-05-05T04:29:39.963+0000] {logging_mixin.py:188} INFO - [2026-05-05T04:29:39.962+0000] {dag.py:3089} INFO - Sync 1 DAGs
[2026-05-05T04:29:39.984+0000] {logging_mixin.py:188} INFO - [2026-05-05T04:29:39.983+0000] {dag.py:3947} INFO - Setting next_dagrun for example_sensor_decorator to None, run_after=None
[2026-05-05T04:29:40.062+0000] {processor.py:183} INFO - Processing /home/airflow/.local/lib/python3.12/site-packages/airflow/example_dags/example_sensor_decorator.py took 0.169 seconds
[2026-05-05T04:30:10.194+0000] {processor.py:161} INFO - Started process (PID=848) to work on /home/airflow/.local/lib/python3.12/site-packages/airflow/example_dags/example_sensor_decorator.py
[2026-05-05T04:30:10.196+0000] {processor.py:830} INFO - Processing file /home/airflow/.local/lib/python3.12/site-packages/airflow/example_dags/example_sensor_decorator.py for tasks to queue
[2026-05-05T04:30:10.198+0000] {logging_mixin.py:188} INFO - [2026-05-05T04:30:10.198+0000] {dagbag.py:545} INFO - Filling up the DagBag from /home/airflow/.local/lib/python3.12/site-packages/airflow/example_dags/example_sensor_decorator.py
[2026-05-05T04:30:10.208+0000] {processor.py:840} INFO - DAG(s) 'example_sensor_decorator' retrieved from /home/airflow/.local/lib/python3.12/site-packages/airflow/example_dags/example_sensor_decorator.py
[2026-05-05T04:30:10.242+0000] {logging_mixin.py:188} INFO - [2026-05-05T04:30:10.241+0000] {dag.py:3089} INFO - Sync 1 DAGs
[2026-05-05T04:30:10.264+0000] {logging_mixin.py:188} INFO - [2026-05-05T04:30:10.263+0000] {dag.py:3947} INFO - Setting next_dagrun for example_sensor_decorator to None, run_after=None
[2026-05-05T04:30:10.335+0000] {processor.py:183} INFO - Processing /home/airflow/.local/lib/python3.12/site-packages/airflow/example_dags/example_sensor_decorator.py took 0.151 seconds
[2026-05-05T04:30:40.627+0000] {processor.py:161} INFO - Started process (PID=916) to work on /home/airflow/.local/lib/python3.12/site-packages/airflow/example_dags/example_sensor_decorator.py
[2026-05-05T04:30:40.629+0000] {processor.py:830} INFO - Processing file /home/airflow/.local/lib/python3.12/site-packages/airflow/example_dags/example_sensor_decorator.py for tasks to queue
[2026-05-05T04:30:40.632+0000] {logging_mixin.py:188} INFO - [2026-05-05T04:30:40.632+0000] {dagbag.py:545} INFO - Filling up the DagBag from /home/airflow/.local/lib/python3.12/site-packages/airflow/example_dags/example_sensor_decorator.py
[2026-05-05T04:30:40.643+0000] {processor.py:840} INFO - DAG(s) 'example_sensor_decorator' retrieved from /home/airflow/.local/lib/python3.12/site-packages/airflow/example_dags/example_sensor_decorator.py
[2026-05-05T04:30:40.679+0000] {logging_mixin.py:188} INFO - [2026-05-05T04:30:40.679+0000] {dag.py:3089} INFO - Sync 1 DAGs
[2026-05-05T04:30:40.699+0000] {logging_mixin.py:188} INFO - [2026-05-05T04:30:40.698+0000] {dag.py:3947} INFO - Setting next_dagrun for example_sensor_decorator to None, run_after=None
[2026-05-05T04:30:40.730+0000] {processor.py:183} INFO - Processing /home/airflow/.local/lib/python3.12/site-packages/airflow/example_dags/example_sensor_decorator.py took 0.115 seconds
[2026-05-05T04:31:11.416+0000] {processor.py:161} INFO - Started process (PID=984) to work on /home/airflow/.local/lib/python3.12/site-packages/airflow/example_dags/example_sensor_decorator.py
[2026-05-05T04:31:11.418+0000] {processor.py:830} INFO - Processing file /home/airflow/.local/lib/python3.12/site-packages/airflow/example_dags/example_sensor_decorator.py for tasks to queue
[2026-05-05T04:31:11.421+0000] {logging_mixin.py:188} INFO - [2026-05-05T04:31:11.421+0000] {dagbag.py:545} INFO - Filling up the DagBag from /home/airflow/.local/lib/python3.12/site-packages/airflow/example_dags/example_sensor_decorator.py
[2026-05-05T04:31:11.435+0000] {processor.py:840} INFO - DAG(s) 'example_sensor_decorator' retrieved from /home/airflow/.local/lib/python3.12/site-packages/airflow/example_dags/example_sensor_decorator.py
[2026-05-05T04:31:11.470+0000] {logging_mixin.py:188} INFO - [2026-05-05T04:31:11.469+0000] {dag.py:3089} INFO - Sync 1 DAGs
[2026-05-05T04:31:11.488+0000] {logging_mixin.py:188} INFO - [2026-05-05T04:31:11.487+0000] {dag.py:3947} INFO - Setting next_dagrun for example_sensor_decorator to None, run_after=None
[2026-05-05T04:31:11.519+0000] {processor.py:183} INFO - Processing /home/airflow/.local/lib/python3.12/site-packages/airflow/example_dags/example_sensor_decorator.py took 0.116 seconds
[2026-05-05T04:31:41.965+0000] {processor.py:161} INFO - Started process (PID=1052) to work on /home/airflow/.local/lib/python3.12/site-packages/airflow/example_dags/example_sensor_decorator.py
[2026-05-05T04:31:41.967+0000] {processor.py:830} INFO - Processing file /home/airflow/.local/lib/python3.12/site-packages/airflow/example_dags/example_sensor_decorator.py for tasks to queue
[2026-05-05T04:31:41.970+0000] {logging_mixin.py:188} INFO - [2026-05-05T04:31:41.969+0000] {dagbag.py:545} INFO - Filling up the DagBag from /home/airflow/.local/lib/python3.12/site-packages/airflow/example_dags/example_sensor_decorator.py
[2026-05-05T04:31:41.980+0000] {processor.py:840} INFO - DAG(s) 'example_sensor_decorator' retrieved from /home/airflow/.local/lib/python3.12/site-packages/airflow/example_dags/example_sensor_decorator.py
[2026-05-05T04:31:42.018+0000] {logging_mixin.py:188} INFO - [2026-05-05T04:31:42.018+0000] {dag.py:3089} INFO - Sync 1 DAGs
[2026-05-05T04:31:42.040+0000] {logging_mixin.py:188} INFO - [2026-05-05T04:31:42.039+0000] {dag.py:3947} INFO - Setting next_dagrun for example_sensor_decorator to None, run_after=None
[2026-05-05T04:31:42.084+0000] {processor.py:183} INFO - Processing /home/airflow/.local/lib/python3.12/site-packages/airflow/example_dags/example_sensor_decorator.py took 0.129 seconds
[2026-05-05T04:32:13.079+0000] {processor.py:161} INFO - Started process (PID=1127) to work on /home/airflow/.local/lib/python3.12/site-packages/airflow/example_dags/example_sensor_decorator.py
[2026-05-05T04:32:13.080+0000] {processor.py:830} INFO - Processing file /home/airflow/.local/lib/python3.12/site-packages/airflow/example_dags/example_sensor_decorator.py for tasks to queue
[2026-05-05T04:32:13.084+0000] {logging_mixin.py:188} INFO - [2026-05-05T04:32:13.083+0000] {dagbag.py:545} INFO - Filling up the DagBag from /home/airflow/.local/lib/python3.12/site-packages/airflow/example_dags/example_sensor_decorator.py
[2026-05-05T04:32:13.094+0000] {processor.py:840} INFO - DAG(s) 'example_sensor_decorator' retrieved from /home/airflow/.local/lib/python3.12/site-packages/airflow/example_dags/example_sensor_decorator.py
[2026-05-05T04:32:13.126+0000] {logging_mixin.py:188} INFO - [2026-05-05T04:32:13.124+0000] {dag.py:3089} INFO - Sync 1 DAGs
[2026-05-05T04:32:13.145+0000] {logging_mixin.py:188} INFO - [2026-05-05T04:32:13.144+0000] {dag.py:3947} INFO - Setting next_dagrun for example_sensor_decorator to None, run_after=None
[2026-05-05T04:32:13.179+0000] {processor.py:183} INFO - Processing /home/airflow/.local/lib/python3.12/site-packages/airflow/example_dags/example_sensor_decorator.py took 0.109 seconds
[2026-05-05T04:32:44.079+0000] {processor.py:161} INFO - Started process (PID=1195) to work on /home/airflow/.local/lib/python3.12/site-packages/airflow/example_dags/example_sensor_decorator.py
[2026-05-05T04:32:44.082+0000] {processor.py:830} INFO - Processing file /home/airflow/.local/lib/python3.12/site-packages/airflow/example_dags/example_sensor_decorator.py for tasks to queue
[2026-05-05T04:32:44.088+0000] {logging_mixin.py:188} INFO - [2026-05-05T04:32:44.087+0000] {dagbag.py:545} INFO - Filling up the DagBag from /home/airflow/.local/lib/python3.12/site-packages/airflow/example_dags/example_sensor_decorator.py
[2026-05-05T04:32:44.100+0000] {processor.py:840} INFO - DAG(s) 'example_sensor_decorator' retrieved from /home/airflow/.local/lib/python3.12/site-packages/airflow/example_dags/example_sensor_decorator.py
[2026-05-05T04:32:44.142+0000] {logging_mixin.py:188} INFO - [2026-05-05T04:32:44.141+0000] {dag.py:3089} INFO - Sync 1 DAGs
[2026-05-05T04:32:44.165+0000] {logging_mixin.py:188} INFO - [2026-05-05T04:32:44.165+0000] {dag.py:3947} INFO - Setting next_dagrun for example_sensor_decorator to None, run_after=None
[2026-05-05T04:32:44.243+0000] {processor.py:183} INFO - Processing /home/airflow/.local/lib/python3.12/site-packages/airflow/example_dags/example_sensor_decorator.py took 0.178 seconds
[2026-05-05T04:33:14.855+0000] {processor.py:161} INFO - Started process (PID=1263) to work on /home/airflow/.local/lib/python3.12/site-packages/airflow/example_dags/example_sensor_decorator.py
[2026-05-05T04:33:14.857+0000] {processor.py:830} INFO - Processing file /home/airflow/.local/lib/python3.12/site-packages/airflow/example_dags/example_sensor_decorator.py for tasks to queue
[2026-05-05T04:33:14.860+0000] {logging_mixin.py:188} INFO - [2026-05-05T04:33:14.860+0000] {dagbag.py:545} INFO - Filling up the DagBag from /home/airflow/.local/lib/python3.12/site-packages/airflow/example_dags/example_sensor_decorator.py
[2026-05-05T04:33:14.871+0000] {processor.py:840} INFO - DAG(s) 'example_sensor_decorator' retrieved from /home/airflow/.local/lib/python3.12/site-packages/airflow/example_dags/example_sensor_decorator.py
[2026-05-05T04:33:14.904+0000] {logging_mixin.py:188} INFO - [2026-05-05T04:33:14.903+0000] {dag.py:3089} INFO - Sync 1 DAGs
[2026-05-05T04:33:14.925+0000] {logging_mixin.py:188} INFO - [2026-05-05T04:33:14.924+0000] {dag.py:3947} INFO - Setting next_dagrun for example_sensor_decorator to None, run_after=None
[2026-05-05T04:33:14.972+0000] {processor.py:183} INFO - Processing /home/airflow/.local/lib/python3.12/site-packages/airflow/example_dags/example_sensor_decorator.py took 0.125 seconds
[2026-05-05T04:33:45.310+0000] {processor.py:161} INFO - Started process (PID=1331) to work on /home/airflow/.local/lib/python3.12/site-packages/airflow/example_dags/example_sensor_decorator.py
[2026-05-05T04:33:45.312+0000] {processor.py:830} INFO - Processing file /home/airflow/.local/lib/python3.12/site-packages/airflow/example_dags/example_sensor_decorator.py for tasks to queue
[2026-05-05T04:33:45.316+0000] {logging_mixin.py:188} INFO - [2026-05-05T04:33:45.315+0000] {dagbag.py:545} INFO - Filling up the DagBag from /home/airflow/.local/lib/python3.12/site-packages/airflow/example_dags/example_sensor_decorator.py
[2026-05-05T04:33:45.329+0000] {processor.py:840} INFO - DAG(s) 'example_sensor_decorator' retrieved from /home/airflow/.local/lib/python3.12/site-packages/airflow/example_dags/example_sensor_decorator.py
[2026-05-05T04:33:45.361+0000] {logging_mixin.py:188} INFO - [2026-05-05T04:33:45.360+0000] {dag.py:3089} INFO - Sync 1 DAGs
[2026-05-05T04:33:45.386+0000] {logging_mixin.py:188} INFO - [2026-05-05T04:33:45.386+0000] {dag.py:3947} INFO - Setting next_dagrun for example_sensor_decorator to None, run_after=None
[2026-05-05T04:33:45.444+0000] {processor.py:183} INFO - Processing /home/airflow/.local/lib/python3.12/site-packages/airflow/example_dags/example_sensor_decorator.py took 0.143 seconds
[2026-05-05T04:34:16.188+0000] {processor.py:161} INFO - Started process (PID=1400) to work on /home/airflow/.local/lib/python3.12/site-packages/airflow/example_dags/example_sensor_decorator.py
[2026-05-05T04:34:16.190+0000] {processor.py:830} INFO - Processing file /home/airflow/.local/lib/python3.12/site-packages/airflow/example_dags/example_sensor_decorator.py for tasks to queue
[2026-05-05T04:34:16.194+0000] {logging_mixin.py:188} INFO - [2026-05-05T04:34:16.193+0000] {dagbag.py:545} INFO - Filling up the DagBag from /home/airflow/.local/lib/python3.12/site-packages/airflow/example_dags/example_sensor_decorator.py
[2026-05-05T04:34:16.203+0000] {processor.py:840} INFO - DAG(s) 'example_sensor_decorator' retrieved from /home/airflow/.local/lib/python3.12/site-packages/airflow/example_dags/example_sensor_decorator.py
[2026-05-05T04:34:16.246+0000] {logging_mixin.py:188} INFO - [2026-05-05T04:34:16.245+0000] {dag.py:3089} INFO - Sync 1 DAGs
[2026-05-05T04:34:16.269+0000] {logging_mixin.py:188} INFO - [2026-05-05T04:34:16.268+0000] {dag.py:3947} INFO - Setting next_dagrun for example_sensor_decorator to None, run_after=None
[2026-05-05T04:34:16.307+0000] {processor.py:183} INFO - Processing /home/airflow/.local/lib/python3.12/site-packages/airflow/example_dags/example_sensor_decorator.py took 0.128 seconds
[2026-05-05T04:34:46.982+0000] {processor.py:161} INFO - Started process (PID=1468) to work on /home/airflow/.local/lib/python3.12/site-packages/airflow/example_dags/example_sensor_decorator.py
[2026-05-05T04:34:46.984+0000] {processor.py:830} INFO - Processing file /home/airflow/.local/lib/python3.12/site-packages/airflow/example_dags/example_sensor_decorator.py for tasks to queue
[2026-05-05T04:34:46.992+0000] {logging_mixin.py:188} INFO - [2026-05-05T04:34:46.991+0000] {dagbag.py:545} INFO - Filling up the DagBag from /home/airflow/.local/lib/python3.12/site-packages/airflow/example_dags/example_sensor_decorator.py
[2026-05-05T04:34:47.008+0000] {processor.py:840} INFO - DAG(s) 'example_sensor_decorator' retrieved from /home/airflow/.local/lib/python3.12/site-packages/airflow/example_dags/example_sensor_decorator.py
[2026-05-05T04:34:47.046+0000] {logging_mixin.py:188} INFO - [2026-05-05T04:34:47.045+0000] {dag.py:3089} INFO - Sync 1 DAGs
[2026-05-05T04:34:47.067+0000] {logging_mixin.py:188} INFO - [2026-05-05T04:34:47.066+0000] {dag.py:3947} INFO - Setting next_dagrun for example_sensor_decorator to None, run_after=None
[2026-05-05T04:34:47.102+0000] {processor.py:183} INFO - Processing /home/airflow/.local/lib/python3.12/site-packages/airflow/example_dags/example_sensor_decorator.py took 0.131 seconds
[2026-05-05T04:35:17.626+0000] {processor.py:161} INFO - Started process (PID=1541) to work on /home/airflow/.local/lib/python3.12/site-packages/airflow/example_dags/example_sensor_decorator.py
[2026-05-05T04:35:17.629+0000] {processor.py:830} INFO - Processing file /home/airflow/.local/lib/python3.12/site-packages/airflow/example_dags/example_sensor_decorator.py for tasks to queue
[2026-05-05T04:35:17.634+0000] {logging_mixin.py:188} INFO - [2026-05-05T04:35:17.633+0000] {dagbag.py:545} INFO - Filling up the DagBag from /home/airflow/.local/lib/python3.12/site-packages/airflow/example_dags/example_sensor_decorator.py
[2026-05-05T04:35:17.646+0000] {processor.py:840} INFO - DAG(s) 'example_sensor_decorator' retrieved from /home/airflow/.local/lib/python3.12/site-packages/airflow/example_dags/example_sensor_decorator.py
[2026-05-05T04:35:17.687+0000] {logging_mixin.py:188} INFO - [2026-05-05T04:35:17.687+0000] {dag.py:3089} INFO - Sync 1 DAGs
[2026-05-05T04:35:17.710+0000] {logging_mixin.py:188} INFO - [2026-05-05T04:35:17.710+0000] {dag.py:3947} INFO - Setting next_dagrun for example_sensor_decorator to None, run_after=None
[2026-05-05T04:35:17.778+0000] {processor.py:183} INFO - Processing /home/airflow/.local/lib/python3.12/site-packages/airflow/example_dags/example_sensor_decorator.py took 0.163 seconds
[2026-05-05T04:35:48.278+0000] {processor.py:161} INFO - Started process (PID=1609) to work on /home/airflow/.local/lib/python3.12/site-packages/airflow/example_dags/example_sensor_decorator.py
[2026-05-05T04:35:48.280+0000] {processor.py:830} INFO - Processing file /home/airflow/.local/lib/python3.12/site-packages/airflow/example_dags/example_sensor_decorator.py for tasks to queue
[2026-05-05T04:35:48.283+0000] {logging_mixin.py:188} INFO - [2026-05-05T04:35:48.282+0000] {dagbag.py:545} INFO - Filling up the DagBag from /home/airflow/.local/lib/python3.12/site-packages/airflow/example_dags/example_sensor_decorator.py
[2026-05-05T04:35:48.295+0000] {processor.py:840} INFO - DAG(s) 'example_sensor_decorator' retrieved from /home/airflow/.local/lib/python3.12/site-packages/airflow/example_dags/example_sensor_decorator.py
[2026-05-05T04:35:48.326+0000] {logging_mixin.py:188} INFO - [2026-05-05T04:35:48.326+0000] {dag.py:3089} INFO - Sync 1 DAGs
[2026-05-05T04:35:48.353+0000] {logging_mixin.py:188} INFO - [2026-05-05T04:35:48.352+0000] {dag.py:3947} INFO - Setting next_dagrun for example_sensor_decorator to None, run_after=None
[2026-05-05T04:35:48.412+0000] {processor.py:183} INFO - Processing /home/airflow/.local/lib/python3.12/site-packages/airflow/example_dags/example_sensor_decorator.py took 0.143 seconds
[2026-05-05T04:36:18.579+0000] {processor.py:161} INFO - Started process (PID=1676) to work on /home/airflow/.local/lib/python3.12/site-packages/airflow/example_dags/example_sensor_decorator.py
[2026-05-05T04:36:18.581+0000] {processor.py:830} INFO - Processing file /home/airflow/.local/lib/python3.12/site-packages/airflow/example_dags/example_sensor_decorator.py for tasks to queue
[2026-05-05T04:36:18.585+0000] {logging_mixin.py:188} INFO - [2026-05-05T04:36:18.584+0000] {dagbag.py:545} INFO - Filling up the DagBag from /home/airflow/.local/lib/python3.12/site-packages/airflow/example_dags/example_sensor_decorator.py
[2026-05-05T04:36:18.596+0000] {processor.py:840} INFO - DAG(s) 'example_sensor_decorator' retrieved from /home/airflow/.local/lib/python3.12/site-packages/airflow/example_dags/example_sensor_decorator.py
[2026-05-05T04:36:18.628+0000] {logging_mixin.py:188} INFO - [2026-05-05T04:36:18.627+0000] {dag.py:3089} INFO - Sync 1 DAGs
[2026-05-05T04:36:18.648+0000] {logging_mixin.py:188} INFO - [2026-05-05T04:36:18.647+0000] {dag.py:3947} INFO - Setting next_dagrun for example_sensor_decorator to None, run_after=None
[2026-05-05T04:36:18.713+0000] {processor.py:183} INFO - Processing /home/airflow/.local/lib/python3.12/site-packages/airflow/example_dags/example_sensor_decorator.py took 0.145 seconds
[2026-05-05T04:36:48.941+0000] {processor.py:161} INFO - Started process (PID=1744) to work on /home/airflow/.local/lib/python3.12/site-packages/airflow/example_dags/example_sensor_decorator.py
[2026-05-05T04:36:48.943+0000] {processor.py:830} INFO - Processing file /home/airflow/.local/lib/python3.12/site-packages/airflow/example_dags/example_sensor_decorator.py for tasks to queue
[2026-05-05T04:36:48.947+0000] {logging_mixin.py:188} INFO - [2026-05-05T04:36:48.947+0000] {dagbag.py:545} INFO - Filling up the DagBag from /home/airflow/.local/lib/python3.12/site-packages/airflow/example_dags/example_sensor_decorator.py
[2026-05-05T04:36:48.957+0000] {processor.py:840} INFO - DAG(s) 'example_sensor_decorator' retrieved from /home/airflow/.local/lib/python3.12/site-packages/airflow/example_dags/example_sensor_decorator.py
[2026-05-05T04:36:48.992+0000] {logging_mixin.py:188} INFO - [2026-05-05T04:36:48.992+0000] {dag.py:3089} INFO - Sync 1 DAGs
[2026-05-05T04:36:49.013+0000] {logging_mixin.py:188} INFO - [2026-05-05T04:36:49.012+0000] {dag.py:3947} INFO - Setting next_dagrun for example_sensor_decorator to None, run_after=None
[2026-05-05T04:36:49.051+0000] {processor.py:183} INFO - Processing /home/airflow/.local/lib/python3.12/site-packages/airflow/example_dags/example_sensor_decorator.py took 0.119 seconds
[2026-05-05T04:37:19.955+0000] {processor.py:161} INFO - Started process (PID=1812) to work on /home/airflow/.local/lib/python3.12/site-packages/airflow/example_dags/example_sensor_decorator.py
[2026-05-05T04:37:19.957+0000] {processor.py:830} INFO - Processing file /home/airflow/.local/lib/python3.12/site-packages/airflow/example_dags/example_sensor_decorator.py for tasks to queue
[2026-05-05T04:37:19.962+0000] {logging_mixin.py:188} INFO - [2026-05-05T04:37:19.962+0000] {dagbag.py:545} INFO - Filling up the DagBag from /home/airflow/.local/lib/python3.12/site-packages/airflow/example_dags/example_sensor_decorator.py
[2026-05-05T04:37:19.975+0000] {processor.py:840} INFO - DAG(s) 'example_sensor_decorator' retrieved from /home/airflow/.local/lib/python3.12/site-packages/airflow/example_dags/example_sensor_decorator.py
[2026-05-05T04:37:20.020+0000] {logging_mixin.py:188} INFO - [2026-05-05T04:37:20.020+0000] {dag.py:3089} INFO - Sync 1 DAGs
[2026-05-05T04:37:20.045+0000] {logging_mixin.py:188} INFO - [2026-05-05T04:37:20.045+0000] {dag.py:3947} INFO - Setting next_dagrun for example_sensor_decorator to None, run_after=None
[2026-05-05T04:37:20.116+0000] {processor.py:183} INFO - Processing /home/airflow/.local/lib/python3.12/site-packages/airflow/example_dags/example_sensor_decorator.py took 0.175 seconds
[2026-05-05T04:37:50.540+0000] {processor.py:161} INFO - Started process (PID=1880) to work on /home/airflow/.local/lib/python3.12/site-packages/airflow/example_dags/example_sensor_decorator.py
[2026-05-05T04:37:50.544+0000] {processor.py:830} INFO - Processing file /home/airflow/.local/lib/python3.12/site-packages/airflow/example_dags/example_sensor_decorator.py for tasks to queue
[2026-05-05T04:37:50.549+0000] {logging_mixin.py:188} INFO - [2026-05-05T04:37:50.548+0000] {dagbag.py:545} INFO - Filling up the DagBag from /home/airflow/.local/lib/python3.12/site-packages/airflow/example_dags/example_sensor_decorator.py
[2026-05-05T04:37:50.564+0000] {processor.py:840} INFO - DAG(s) 'example_sensor_decorator' retrieved from /home/airflow/.local/lib/python3.12/site-packages/airflow/example_dags/example_sensor_decorator.py
[2026-05-05T04:37:50.614+0000] {logging_mixin.py:188} INFO - [2026-05-05T04:37:50.614+0000] {dag.py:3089} INFO - Sync 1 DAGs
[2026-05-05T04:37:50.643+0000] {logging_mixin.py:188} INFO - [2026-05-05T04:37:50.642+0000] {dag.py:3947} INFO - Setting next_dagrun for example_sensor_decorator to None, run_after=None
[2026-05-05T04:37:50.717+0000] {processor.py:183} INFO - Processing /home/airflow/.local/lib/python3.12/site-packages/airflow/example_dags/example_sensor_decorator.py took 0.192 seconds
[2026-05-05T04:38:20.793+0000] {processor.py:161} INFO - Started process (PID=1948) to work on /home/airflow/.local/lib/python3.12/site-packages/airflow/example_dags/example_sensor_decorator.py
[2026-05-05T04:38:20.795+0000] {processor.py:830} INFO - Processing file /home/airflow/.local/lib/python3.12/site-packages/airflow/example_dags/example_sensor_decorator.py for tasks to queue
[2026-05-05T04:38:20.798+0000] {logging_mixin.py:188} INFO - [2026-05-05T04:38:20.798+0000] {dagbag.py:545} INFO - Filling up the DagBag from /home/airflow/.local/lib/python3.12/site-packages/airflow/example_dags/example_sensor_decorator.py
[2026-05-05T04:38:20.809+0000] {processor.py:840} INFO - DAG(s) 'example_sensor_decorator' retrieved from /home/airflow/.local/lib/python3.12/site-packages/airflow/example_dags/example_sensor_decorator.py
[2026-05-05T04:38:20.843+0000] {logging_mixin.py:188} INFO - [2026-05-05T04:38:20.843+0000] {dag.py:3089} INFO - Sync 1 DAGs
[2026-05-05T04:38:20.868+0000] {logging_mixin.py:188} INFO - [2026-05-05T04:38:20.868+0000] {dag.py:3947} INFO - Setting next_dagrun for example_sensor_decorator to None, run_after=None
[2026-05-05T04:38:20.913+0000] {processor.py:183} INFO - Processing /home/airflow/.local/lib/python3.12/site-packages/airflow/example_dags/example_sensor_decorator.py took 0.130 seconds
[2026-05-05T04:38:51.340+0000] {processor.py:161} INFO - Started process (PID=2023) to work on /home/airflow/.local/lib/python3.12/site-packages/airflow/example_dags/example_sensor_decorator.py
[2026-05-05T04:38:51.345+0000] {processor.py:830} INFO - Processing file /home/airflow/.local/lib/python3.12/site-packages/airflow/example_dags/example_sensor_decorator.py for tasks to queue
[2026-05-05T04:38:51.350+0000] {logging_mixin.py:188} INFO - [2026-05-05T04:38:51.349+0000] {dagbag.py:545} INFO - Filling up the DagBag from /home/airflow/.local/lib/python3.12/site-packages/airflow/example_dags/example_sensor_decorator.py
[2026-05-05T04:38:51.360+0000] {processor.py:840} INFO - DAG(s) 'example_sensor_decorator' retrieved from /home/airflow/.local/lib/python3.12/site-packages/airflow/example_dags/example_sensor_decorator.py
[2026-05-05T04:38:51.394+0000] {logging_mixin.py:188} INFO - [2026-05-05T04:38:51.394+0000] {dag.py:3089} INFO - Sync 1 DAGs
[2026-05-05T04:38:51.415+0000] {logging_mixin.py:188} INFO - [2026-05-05T04:38:51.414+0000] {dag.py:3947} INFO - Setting next_dagrun for example_sensor_decorator to None, run_after=None
[2026-05-05T04:38:51.455+0000] {processor.py:183} INFO - Processing /home/airflow/.local/lib/python3.12/site-packages/airflow/example_dags/example_sensor_decorator.py took 0.124 seconds
[2026-05-05T04:39:22.016+0000] {processor.py:161} INFO - Started process (PID=2091) to work on /home/airflow/.local/lib/python3.12/site-packages/airflow/example_dags/example_sensor_decorator.py
[2026-05-05T04:39:22.018+0000] {processor.py:830} INFO - Processing file /home/airflow/.local/lib/python3.12/site-packages/airflow/example_dags/example_sensor_decorator.py for tasks to queue
[2026-05-05T04:39:22.031+0000] {logging_mixin.py:188} INFO - [2026-05-05T04:39:22.030+0000] {dagbag.py:545} INFO - Filling up the DagBag from /home/airflow/.local/lib/python3.12/site-packages/airflow/example_dags/example_sensor_decorator.py
[2026-05-05T04:39:22.052+0000] {processor.py:840} INFO - DAG(s) 'example_sensor_decorator' retrieved from /home/airflow/.local/lib/python3.12/site-packages/airflow/example_dags/example_sensor_decorator.py
[2026-05-05T04:39:22.090+0000] {logging_mixin.py:188} INFO - [2026-05-05T04:39:22.090+0000] {dag.py:3089} INFO - Sync 1 DAGs
[2026-05-05T04:39:22.113+0000] {logging_mixin.py:188} INFO - [2026-05-05T04:39:22.112+0000] {dag.py:3947} INFO - Setting next_dagrun for example_sensor_decorator to None, run_after=None
[2026-05-05T04:39:22.152+0000] {processor.py:183} INFO - Processing /home/airflow/.local/lib/python3.12/site-packages/airflow/example_dags/example_sensor_decorator.py took 0.145 seconds
[2026-05-05T04:39:53.040+0000] {processor.py:161} INFO - Started process (PID=2159) to work on /home/airflow/.local/lib/python3.12/site-packages/airflow/example_dags/example_sensor_decorator.py
[2026-05-05T04:39:53.044+0000] {processor.py:830} INFO - Processing file /home/airflow/.local/lib/python3.12/site-packages/airflow/example_dags/example_sensor_decorator.py for tasks to queue
[2026-05-05T04:39:53.049+0000] {logging_mixin.py:188} INFO - [2026-05-05T04:39:53.048+0000] {dagbag.py:545} INFO - Filling up the DagBag from /home/airflow/.local/lib/python3.12/site-packages/airflow/example_dags/example_sensor_decorator.py
[2026-05-05T04:39:53.065+0000] {processor.py:840} INFO - DAG(s) 'example_sensor_decorator' retrieved from /home/airflow/.local/lib/python3.12/site-packages/airflow/example_dags/example_sensor_decorator.py
[2026-05-05T04:39:53.104+0000] {logging_mixin.py:188} INFO - [2026-05-05T04:39:53.103+0000] {dag.py:3089} INFO - Sync 1 DAGs
[2026-05-05T04:39:53.131+0000] {logging_mixin.py:188} INFO - [2026-05-05T04:39:53.131+0000] {dag.py:3947} INFO - Setting next_dagrun for example_sensor_decorator to None, run_after=None
[2026-05-05T04:39:53.167+0000] {processor.py:183} INFO - Processing /home/airflow/.local/lib/python3.12/site-packages/airflow/example_dags/example_sensor_decorator.py took 0.141 seconds
[2026-05-05T04:40:24.761+0000] {processor.py:161} INFO - Started process (PID=2227) to work on /home/airflow/.local/lib/python3.12/site-packages/airflow/example_dags/example_sensor_decorator.py
[2026-05-05T04:40:24.764+0000] {processor.py:830} INFO - Processing file /home/airflow/.local/lib/python3.12/site-packages/airflow/example_dags/example_sensor_decorator.py for tasks to queue
[2026-05-05T04:40:24.770+0000] {logging_mixin.py:188} INFO - [2026-05-05T04:40:24.769+0000] {dagbag.py:545} INFO - Filling up the DagBag from /home/airflow/.local/lib/python3.12/site-packages/airflow/example_dags/example_sensor_decorator.py
[2026-05-05T04:40:24.782+0000] {processor.py:840} INFO - DAG(s) 'example_sensor_decorator' retrieved from /home/airflow/.local/lib/python3.12/site-packages/airflow/example_dags/example_sensor_decorator.py
[2026-05-05T04:40:24.818+0000] {logging_mixin.py:188} INFO - [2026-05-05T04:40:24.818+0000] {dag.py:3089} INFO - Sync 1 DAGs
[2026-05-05T04:40:25.106+0000] {logging_mixin.py:188} INFO - [2026-05-05T04:40:25.106+0000] {dag.py:3947} INFO - Setting next_dagrun for example_sensor_decorator to None, run_after=None
[2026-05-05T04:40:25.161+0000] {processor.py:183} INFO - Processing /home/airflow/.local/lib/python3.12/site-packages/airflow/example_dags/example_sensor_decorator.py took 0.410 seconds
[2026-05-05T04:40:55.534+0000] {processor.py:161} INFO - Started process (PID=2296) to work on /home/airflow/.local/lib/python3.12/site-packages/airflow/example_dags/example_sensor_decorator.py
[2026-05-05T04:40:55.536+0000] {processor.py:830} INFO - Processing file /home/airflow/.local/lib/python3.12/site-packages/airflow/example_dags/example_sensor_decorator.py for tasks to queue
[2026-05-05T04:40:55.539+0000] {logging_mixin.py:188} INFO - [2026-05-05T04:40:55.538+0000] {dagbag.py:545} INFO - Filling up the DagBag from /home/airflow/.local/lib/python3.12/site-packages/airflow/example_dags/example_sensor_decorator.py
[2026-05-05T04:40:55.549+0000] {processor.py:840} INFO - DAG(s) 'example_sensor_decorator' retrieved from /home/airflow/.local/lib/python3.12/site-packages/airflow/example_dags/example_sensor_decorator.py
[2026-05-05T04:40:55.583+0000] {logging_mixin.py:188} INFO - [2026-05-05T04:40:55.583+0000] {dag.py:3089} INFO - Sync 1 DAGs
[2026-05-05T04:40:55.607+0000] {logging_mixin.py:188} INFO - [2026-05-05T04:40:55.607+0000] {dag.py:3947} INFO - Setting next_dagrun for example_sensor_decorator to None, run_after=None
[2026-05-05T04:40:55.644+0000] {processor.py:183} INFO - Processing /home/airflow/.local/lib/python3.12/site-packages/airflow/example_dags/example_sensor_decorator.py took 0.120 seconds
[2026-05-05T04:41:26.245+0000] {processor.py:161} INFO - Started process (PID=2364) to work on /home/airflow/.local/lib/python3.12/site-packages/airflow/example_dags/example_sensor_decorator.py
[2026-05-05T04:41:26.247+0000] {processor.py:830} INFO - Processing file /home/airflow/.local/lib/python3.12/site-packages/airflow/example_dags/example_sensor_decorator.py for tasks to queue
[2026-05-05T04:41:26.251+0000] {logging_mixin.py:188} INFO - [2026-05-05T04:41:26.250+0000] {dagbag.py:545} INFO - Filling up the DagBag from /home/airflow/.local/lib/python3.12/site-packages/airflow/example_dags/example_sensor_decorator.py
[2026-05-05T04:41:26.261+0000] {processor.py:840} INFO - DAG(s) 'example_sensor_decorator' retrieved from /home/airflow/.local/lib/python3.12/site-packages/airflow/example_dags/example_sensor_decorator.py
[2026-05-05T04:41:26.304+0000] {logging_mixin.py:188} INFO - [2026-05-05T04:41:26.303+0000] {dag.py:3089} INFO - Sync 1 DAGs
[2026-05-05T04:41:26.323+0000] {logging_mixin.py:188} INFO - [2026-05-05T04:41:26.322+0000] {dag.py:3947} INFO - Setting next_dagrun for example_sensor_decorator to None, run_after=None
[2026-05-05T04:41:26.384+0000] {processor.py:183} INFO - Processing /home/airflow/.local/lib/python3.12/site-packages/airflow/example_dags/example_sensor_decorator.py took 0.148 seconds
[2026-05-05T04:41:57.447+0000] {processor.py:161} INFO - Started process (PID=2439) to work on /home/airflow/.local/lib/python3.12/site-packages/airflow/example_dags/example_sensor_decorator.py
[2026-05-05T04:41:57.450+0000] {processor.py:830} INFO - Processing file /home/airflow/.local/lib/python3.12/site-packages/airflow/example_dags/example_sensor_decorator.py for tasks to queue
[2026-05-05T04:41:57.454+0000] {logging_mixin.py:188} INFO - [2026-05-05T04:41:57.454+0000] {dagbag.py:545} INFO - Filling up the DagBag from /home/airflow/.local/lib/python3.12/site-packages/airflow/example_dags/example_sensor_decorator.py
[2026-05-05T04:41:57.466+0000] {processor.py:840} INFO - DAG(s) 'example_sensor_decorator' retrieved from /home/airflow/.local/lib/python3.12/site-packages/airflow/example_dags/example_sensor_decorator.py
[2026-05-05T04:41:57.503+0000] {logging_mixin.py:188} INFO - [2026-05-05T04:41:57.503+0000] {dag.py:3089} INFO - Sync 1 DAGs
[2026-05-05T04:41:57.526+0000] {logging_mixin.py:188} INFO - [2026-05-05T04:41:57.525+0000] {dag.py:3947} INFO - Setting next_dagrun for example_sensor_decorator to None, run_after=None
[2026-05-05T04:41:57.563+0000] {processor.py:183} INFO - Processing /home/airflow/.local/lib/python3.12/site-packages/airflow/example_dags/example_sensor_decorator.py took 0.127 seconds
[2026-05-05T04:42:28.319+0000] {processor.py:161} INFO - Started process (PID=2509) to work on /home/airflow/.local/lib/python3.12/site-packages/airflow/example_dags/example_sensor_decorator.py
[2026-05-05T04:42:28.322+0000] {processor.py:830} INFO - Processing file /home/airflow/.local/lib/python3.12/site-packages/airflow/example_dags/example_sensor_decorator.py for tasks to queue
[2026-05-05T04:42:28.327+0000] {logging_mixin.py:188} INFO - [2026-05-05T04:42:28.326+0000] {dagbag.py:545} INFO - Filling up the DagBag from /home/airflow/.local/lib/python3.12/site-packages/airflow/example_dags/example_sensor_decorator.py
[2026-05-05T04:42:28.340+0000] {processor.py:840} INFO - DAG(s) 'example_sensor_decorator' retrieved from /home/airflow/.local/lib/python3.12/site-packages/airflow/example_dags/example_sensor_decorator.py
[2026-05-05T04:42:28.393+0000] {logging_mixin.py:188} INFO - [2026-05-05T04:42:28.392+0000] {dag.py:3089} INFO - Sync 1 DAGs
[2026-05-05T04:42:28.420+0000] {logging_mixin.py:188} INFO - [2026-05-05T04:42:28.420+0000] {dag.py:3947} INFO - Setting next_dagrun for example_sensor_decorator to None, run_after=None
[2026-05-05T04:42:28.468+0000] {processor.py:183} INFO - Processing /home/airflow/.local/lib/python3.12/site-packages/airflow/example_dags/example_sensor_decorator.py took 0.165 seconds
[2026-05-05T04:42:58.763+0000] {processor.py:161} INFO - Started process (PID=2577) to work on /home/airflow/.local/lib/python3.12/site-packages/airflow/example_dags/example_sensor_decorator.py
[2026-05-05T04:42:58.765+0000] {processor.py:830} INFO - Processing file /home/airflow/.local/lib/python3.12/site-packages/airflow/example_dags/example_sensor_decorator.py for tasks to queue
[2026-05-05T04:42:58.769+0000] {logging_mixin.py:188} INFO - [2026-05-05T04:42:58.768+0000] {dagbag.py:545} INFO - Filling up the DagBag from /home/airflow/.local/lib/python3.12/site-packages/airflow/example_dags/example_sensor_decorator.py
[2026-05-05T04:42:58.785+0000] {processor.py:840} INFO - DAG(s) 'example_sensor_decorator' retrieved from /home/airflow/.local/lib/python3.12/site-packages/airflow/example_dags/example_sensor_decorator.py
[2026-05-05T04:42:58.827+0000] {logging_mixin.py:188} INFO - [2026-05-05T04:42:58.827+0000] {dag.py:3089} INFO - Sync 1 DAGs
[2026-05-05T04:42:58.860+0000] {logging_mixin.py:188} INFO - [2026-05-05T04:42:58.859+0000] {dag.py:3947} INFO - Setting next_dagrun for example_sensor_decorator to None, run_after=None
[2026-05-05T04:42:58.916+0000] {processor.py:183} INFO - Processing /home/airflow/.local/lib/python3.12/site-packages/airflow/example_dags/example_sensor_decorator.py took 0.165 seconds
[2026-05-05T04:43:29.637+0000] {processor.py:161} INFO - Started process (PID=2644) to work on /home/airflow/.local/lib/python3.12/site-packages/airflow/example_dags/example_sensor_decorator.py
[2026-05-05T04:43:29.641+0000] {processor.py:830} INFO - Processing file /home/airflow/.local/lib/python3.12/site-packages/airflow/example_dags/example_sensor_decorator.py for tasks to queue
[2026-05-05T04:43:29.645+0000] {logging_mixin.py:188} INFO - [2026-05-05T04:43:29.644+0000] {dagbag.py:545} INFO - Filling up the DagBag from /home/airflow/.local/lib/python3.12/site-packages/airflow/example_dags/example_sensor_decorator.py
[2026-05-05T04:43:29.656+0000] {processor.py:840} INFO - DAG(s) 'example_sensor_decorator' retrieved from /home/airflow/.local/lib/python3.12/site-packages/airflow/example_dags/example_sensor_decorator.py
[2026-05-05T04:43:29.695+0000] {logging_mixin.py:188} INFO - [2026-05-05T04:43:29.694+0000] {dag.py:3089} INFO - Sync 1 DAGs
[2026-05-05T04:43:29.715+0000] {logging_mixin.py:188} INFO - [2026-05-05T04:43:29.715+0000] {dag.py:3947} INFO - Setting next_dagrun for example_sensor_decorator to None, run_after=None
[2026-05-05T04:43:29.777+0000] {processor.py:183} INFO - Processing /home/airflow/.local/lib/python3.12/site-packages/airflow/example_dags/example_sensor_decorator.py took 0.152 seconds
[2026-05-05T04:43:59.941+0000] {processor.py:161} INFO - Started process (PID=2710) to work on /home/airflow/.local/lib/python3.12/site-packages/airflow/example_dags/example_sensor_decorator.py
[2026-05-05T04:43:59.943+0000] {processor.py:830} INFO - Processing file /home/airflow/.local/lib/python3.12/site-packages/airflow/example_dags/example_sensor_decorator.py for tasks to queue
[2026-05-05T04:43:59.947+0000] {logging_mixin.py:188} INFO - [2026-05-05T04:43:59.946+0000] {dagbag.py:545} INFO - Filling up the DagBag from /home/airflow/.local/lib/python3.12/site-packages/airflow/example_dags/example_sensor_decorator.py
[2026-05-05T04:43:59.958+0000] {processor.py:840} INFO - DAG(s) 'example_sensor_decorator' retrieved from /home/airflow/.local/lib/python3.12/site-packages/airflow/example_dags/example_sensor_decorator.py
[2026-05-05T04:43:59.995+0000] {logging_mixin.py:188} INFO - [2026-05-05T04:43:59.994+0000] {dag.py:3089} INFO - Sync 1 DAGs
[2026-05-05T04:44:00.017+0000] {logging_mixin.py:188} INFO - [2026-05-05T04:44:00.016+0000] {dag.py:3947} INFO - Setting next_dagrun for example_sensor_decorator to None, run_after=None
[2026-05-05T04:44:00.052+0000] {processor.py:183} INFO - Processing /home/airflow/.local/lib/python3.12/site-packages/airflow/example_dags/example_sensor_decorator.py took 0.121 seconds
[2026-05-05T04:44:30.815+0000] {processor.py:161} INFO - Started process (PID=2779) to work on /home/airflow/.local/lib/python3.12/site-packages/airflow/example_dags/example_sensor_decorator.py
[2026-05-05T04:44:30.817+0000] {processor.py:830} INFO - Processing file /home/airflow/.local/lib/python3.12/site-packages/airflow/example_dags/example_sensor_decorator.py for tasks to queue
[2026-05-05T04:44:30.825+0000] {logging_mixin.py:188} INFO - [2026-05-05T04:44:30.824+0000] {dagbag.py:545} INFO - Filling up the DagBag from /home/airflow/.local/lib/python3.12/site-packages/airflow/example_dags/example_sensor_decorator.py
[2026-05-05T04:44:30.841+0000] {processor.py:840} INFO - DAG(s) 'example_sensor_decorator' retrieved from /home/airflow/.local/lib/python3.12/site-packages/airflow/example_dags/example_sensor_decorator.py
[2026-05-05T04:44:30.876+0000] {logging_mixin.py:188} INFO - [2026-05-05T04:44:30.876+0000] {dag.py:3089} INFO - Sync 1 DAGs
[2026-05-05T04:44:30.897+0000] {logging_mixin.py:188} INFO - [2026-05-05T04:44:30.896+0000] {dag.py:3947} INFO - Setting next_dagrun for example_sensor_decorator to None, run_after=None
[2026-05-05T04:44:30.936+0000] {processor.py:183} INFO - Processing /home/airflow/.local/lib/python3.12/site-packages/airflow/example_dags/example_sensor_decorator.py took 0.131 seconds
[2026-05-05T04:45:01.456+0000] {processor.py:161} INFO - Started process (PID=2847) to work on /home/airflow/.local/lib/python3.12/site-packages/airflow/example_dags/example_sensor_decorator.py
[2026-05-05T04:45:01.467+0000] {processor.py:830} INFO - Processing file /home/airflow/.local/lib/python3.12/site-packages/airflow/example_dags/example_sensor_decorator.py for tasks to queue
[2026-05-05T04:45:01.475+0000] {logging_mixin.py:188} INFO - [2026-05-05T04:45:01.474+0000] {dagbag.py:545} INFO - Filling up the DagBag from /home/airflow/.local/lib/python3.12/site-packages/airflow/example_dags/example_sensor_decorator.py
[2026-05-05T04:45:01.492+0000] {processor.py:840} INFO - DAG(s) 'example_sensor_decorator' retrieved from /home/airflow/.local/lib/python3.12/site-packages/airflow/example_dags/example_sensor_decorator.py
[2026-05-05T04:45:01.535+0000] {logging_mixin.py:188} INFO - [2026-05-05T04:45:01.534+0000] {dag.py:3089} INFO - Sync 1 DAGs
[2026-05-05T04:45:01.566+0000] {logging_mixin.py:188} INFO - [2026-05-05T04:45:01.566+0000] {dag.py:3947} INFO - Setting next_dagrun for example_sensor_decorator to None, run_after=None
[2026-05-05T04:45:01.643+0000] {processor.py:183} INFO - Processing /home/airflow/.local/lib/python3.12/site-packages/airflow/example_dags/example_sensor_decorator.py took 0.203 seconds
[2026-05-05T04:45:32.481+0000] {processor.py:161} INFO - Started process (PID=2922) to work on /home/airflow/.local/lib/python3.12/site-packages/airflow/example_dags/example_sensor_decorator.py
[2026-05-05T04:45:32.484+0000] {processor.py:830} INFO - Processing file /home/airflow/.local/lib/python3.12/site-packages/airflow/example_dags/example_sensor_decorator.py for tasks to queue
[2026-05-05T04:45:32.490+0000] {logging_mixin.py:188} INFO - [2026-05-05T04:45:32.490+0000] {dagbag.py:545} INFO - Filling up the DagBag from /home/airflow/.local/lib/python3.12/site-packages/airflow/example_dags/example_sensor_decorator.py
[2026-05-05T04:45:32.501+0000] {processor.py:840} INFO - DAG(s) 'example_sensor_decorator' retrieved from /home/airflow/.local/lib/python3.12/site-packages/airflow/example_dags/example_sensor_decorator.py
[2026-05-05T04:45:32.535+0000] {logging_mixin.py:188} INFO - [2026-05-05T04:45:32.535+0000] {dag.py:3089} INFO - Sync 1 DAGs
[2026-05-05T04:45:32.555+0000] {logging_mixin.py:188} INFO - [2026-05-05T04:45:32.554+0000] {dag.py:3947} INFO - Setting next_dagrun for example_sensor_decorator to None, run_after=None
[2026-05-05T04:45:32.613+0000] {processor.py:183} INFO - Processing /home/airflow/.local/lib/python3.12/site-packages/airflow/example_dags/example_sensor_decorator.py took 0.143 seconds
[2026-05-05T04:46:02.899+0000] {processor.py:161} INFO - Started process (PID=2990) to work on /home/airflow/.local/lib/python3.12/site-packages/airflow/example_dags/example_sensor_decorator.py
[2026-05-05T04:46:02.902+0000] {processor.py:830} INFO - Processing file /home/airflow/.local/lib/python3.12/site-packages/airflow/example_dags/example_sensor_decorator.py for tasks to queue
[2026-05-05T04:46:02.905+0000] {logging_mixin.py:188} INFO - [2026-05-05T04:46:02.905+0000] {dagbag.py:545} INFO - Filling up the DagBag from /home/airflow/.local/lib/python3.12/site-packages/airflow/example_dags/example_sensor_decorator.py
[2026-05-05T04:46:02.916+0000] {processor.py:840} INFO - DAG(s) 'example_sensor_decorator' retrieved from /home/airflow/.local/lib/python3.12/site-packages/airflow/example_dags/example_sensor_decorator.py
[2026-05-05T04:46:02.964+0000] {logging_mixin.py:188} INFO - [2026-05-05T04:46:02.963+0000] {dag.py:3089} INFO - Sync 1 DAGs
[2026-05-05T04:46:02.989+0000] {logging_mixin.py:188} INFO - [2026-05-05T04:46:02.989+0000] {dag.py:3947} INFO - Setting next_dagrun for example_sensor_decorator to None, run_after=None
[2026-05-05T04:46:03.029+0000] {processor.py:183} INFO - Processing /home/airflow/.local/lib/python3.12/site-packages/airflow/example_dags/example_sensor_decorator.py took 0.140 seconds
[2026-05-05T04:46:33.512+0000] {processor.py:161} INFO - Started process (PID=3058) to work on /home/airflow/.local/lib/python3.12/site-packages/airflow/example_dags/example_sensor_decorator.py
[2026-05-05T04:46:33.515+0000] {processor.py:830} INFO - Processing file /home/airflow/.local/lib/python3.12/site-packages/airflow/example_dags/example_sensor_decorator.py for tasks to queue
[2026-05-05T04:46:33.518+0000] {logging_mixin.py:188} INFO - [2026-05-05T04:46:33.517+0000] {dagbag.py:545} INFO - Filling up the DagBag from /home/airflow/.local/lib/python3.12/site-packages/airflow/example_dags/example_sensor_decorator.py
[2026-05-05T04:46:33.528+0000] {processor.py:840} INFO - DAG(s) 'example_sensor_decorator' retrieved from /home/airflow/.local/lib/python3.12/site-packages/airflow/example_dags/example_sensor_decorator.py
[2026-05-05T04:46:33.563+0000] {logging_mixin.py:188} INFO - [2026-05-05T04:46:33.563+0000] {dag.py:3089} INFO - Sync 1 DAGs
[2026-05-05T04:46:33.584+0000] {logging_mixin.py:188} INFO - [2026-05-05T04:46:33.584+0000] {dag.py:3947} INFO - Setting next_dagrun for example_sensor_decorator to None, run_after=None
[2026-05-05T04:46:33.656+0000] {processor.py:183} INFO - Processing /home/airflow/.local/lib/python3.12/site-packages/airflow/example_dags/example_sensor_decorator.py took 0.155 seconds
[2026-05-05T04:47:04.003+0000] {processor.py:161} INFO - Started process (PID=3126) to work on /home/airflow/.local/lib/python3.12/site-packages/airflow/example_dags/example_sensor_decorator.py
[2026-05-05T04:47:04.006+0000] {processor.py:830} INFO - Processing file /home/airflow/.local/lib/python3.12/site-packages/airflow/example_dags/example_sensor_decorator.py for tasks to queue
[2026-05-05T04:47:04.010+0000] {logging_mixin.py:188} INFO - [2026-05-05T04:47:04.009+0000] {dagbag.py:545} INFO - Filling up the DagBag from /home/airflow/.local/lib/python3.12/site-packages/airflow/example_dags/example_sensor_decorator.py
[2026-05-05T04:47:04.024+0000] {processor.py:840} INFO - DAG(s) 'example_sensor_decorator' retrieved from /home/airflow/.local/lib/python3.12/site-packages/airflow/example_dags/example_sensor_decorator.py
[2026-05-05T04:47:04.071+0000] {logging_mixin.py:188} INFO - [2026-05-05T04:47:04.071+0000] {dag.py:3089} INFO - Sync 1 DAGs
[2026-05-05T04:47:04.099+0000] {logging_mixin.py:188} INFO - [2026-05-05T04:47:04.099+0000] {dag.py:3947} INFO - Setting next_dagrun for example_sensor_decorator to None, run_after=None
[2026-05-05T04:47:04.181+0000] {processor.py:183} INFO - Processing /home/airflow/.local/lib/python3.12/site-packages/airflow/example_dags/example_sensor_decorator.py took 0.192 seconds
