[2026-05-05T04:12:55.115+0000] {processor.py:161} INFO - Started process (PID=90) to work on /home/airflow/.local/lib/python3.12/site-packages/airflow/example_dags/example_short_circuit_decorator.py
[2026-05-05T04:12:55.117+0000] {processor.py:830} INFO - Processing file /home/airflow/.local/lib/python3.12/site-packages/airflow/example_dags/example_short_circuit_decorator.py for tasks to queue
[2026-05-05T04:12:55.121+0000] {logging_mixin.py:188} INFO - [2026-05-05T04:12:55.120+0000] {dagbag.py:545} INFO - Filling up the DagBag from /home/airflow/.local/lib/python3.12/site-packages/airflow/example_dags/example_short_circuit_decorator.py
[2026-05-05T04:12:55.136+0000] {processor.py:840} INFO - DAG(s) 'example_short_circuit_decorator' retrieved from /home/airflow/.local/lib/python3.12/site-packages/airflow/example_dags/example_short_circuit_decorator.py
[2026-05-05T04:12:55.178+0000] {logging_mixin.py:188} INFO - [2026-05-05T04:12:55.178+0000] {dag.py:3089} INFO - Sync 1 DAGs
[2026-05-05T04:12:55.218+0000] {logging_mixin.py:188} INFO - [2026-05-05T04:12:55.217+0000] {dag.py:3947} INFO - Setting next_dagrun for example_short_circuit_decorator to 2026-05-04 00:00:00+00:00, run_after=2026-05-05 00:00:00+00:00
[2026-05-05T04:12:55.262+0000] {processor.py:183} INFO - Processing /home/airflow/.local/lib/python3.12/site-packages/airflow/example_dags/example_short_circuit_decorator.py took 0.156 seconds
[2026-05-05T04:13:27.333+0000] {processor.py:161} INFO - Started process (PID=158) to work on /home/airflow/.local/lib/python3.12/site-packages/airflow/example_dags/example_short_circuit_decorator.py
[2026-05-05T04:13:27.335+0000] {processor.py:830} INFO - Processing file /home/airflow/.local/lib/python3.12/site-packages/airflow/example_dags/example_short_circuit_decorator.py for tasks to queue
[2026-05-05T04:13:27.339+0000] {logging_mixin.py:188} INFO - [2026-05-05T04:13:27.339+0000] {dagbag.py:545} INFO - Filling up the DagBag from /home/airflow/.local/lib/python3.12/site-packages/airflow/example_dags/example_short_circuit_decorator.py
[2026-05-05T04:13:27.408+0000] {processor.py:840} INFO - DAG(s) 'example_short_circuit_decorator' retrieved from /home/airflow/.local/lib/python3.12/site-packages/airflow/example_dags/example_short_circuit_decorator.py
[2026-05-05T04:13:27.435+0000] {logging_mixin.py:188} INFO - [2026-05-05T04:13:27.435+0000] {dag.py:3089} INFO - Sync 1 DAGs
[2026-05-05T04:13:27.469+0000] {logging_mixin.py:188} INFO - [2026-05-05T04:13:27.468+0000] {dag.py:3947} INFO - Setting next_dagrun for example_short_circuit_decorator to 2026-05-04 00:00:00+00:00, run_after=2026-05-05 00:00:00+00:00
[2026-05-05T04:13:27.506+0000] {processor.py:183} INFO - Processing /home/airflow/.local/lib/python3.12/site-packages/airflow/example_dags/example_short_circuit_decorator.py took 0.182 seconds
[2026-05-05T04:14:00.354+0000] {processor.py:161} INFO - Started process (PID=226) to work on /home/airflow/.local/lib/python3.12/site-packages/airflow/example_dags/example_short_circuit_decorator.py
[2026-05-05T04:14:00.357+0000] {processor.py:830} INFO - Processing file /home/airflow/.local/lib/python3.12/site-packages/airflow/example_dags/example_short_circuit_decorator.py for tasks to queue
[2026-05-05T04:14:00.360+0000] {logging_mixin.py:188} INFO - [2026-05-05T04:14:00.360+0000] {dagbag.py:545} INFO - Filling up the DagBag from /home/airflow/.local/lib/python3.12/site-packages/airflow/example_dags/example_short_circuit_decorator.py
[2026-05-05T04:14:00.377+0000] {processor.py:840} INFO - DAG(s) 'example_short_circuit_decorator' retrieved from /home/airflow/.local/lib/python3.12/site-packages/airflow/example_dags/example_short_circuit_decorator.py
[2026-05-05T04:14:00.542+0000] {logging_mixin.py:188} INFO - [2026-05-05T04:14:00.542+0000] {dag.py:3089} INFO - Sync 1 DAGs
[2026-05-05T04:14:00.575+0000] {logging_mixin.py:188} INFO - [2026-05-05T04:14:00.575+0000] {dag.py:3947} INFO - Setting next_dagrun for example_short_circuit_decorator to 2026-05-04 00:00:00+00:00, run_after=2026-05-05 00:00:00+00:00
[2026-05-05T04:14:00.613+0000] {processor.py:183} INFO - Processing /home/airflow/.local/lib/python3.12/site-packages/airflow/example_dags/example_short_circuit_decorator.py took 0.271 seconds
[2026-05-05T04:14:31.128+0000] {processor.py:161} INFO - Started process (PID=295) to work on /home/airflow/.local/lib/python3.12/site-packages/airflow/example_dags/example_short_circuit_decorator.py
[2026-05-05T04:14:31.130+0000] {processor.py:830} INFO - Processing file /home/airflow/.local/lib/python3.12/site-packages/airflow/example_dags/example_short_circuit_decorator.py for tasks to queue
[2026-05-05T04:14:31.133+0000] {logging_mixin.py:188} INFO - [2026-05-05T04:14:31.132+0000] {dagbag.py:545} INFO - Filling up the DagBag from /home/airflow/.local/lib/python3.12/site-packages/airflow/example_dags/example_short_circuit_decorator.py
[2026-05-05T04:14:31.146+0000] {processor.py:840} INFO - DAG(s) 'example_short_circuit_decorator' retrieved from /home/airflow/.local/lib/python3.12/site-packages/airflow/example_dags/example_short_circuit_decorator.py
[2026-05-05T04:14:31.182+0000] {logging_mixin.py:188} INFO - [2026-05-05T04:14:31.181+0000] {dag.py:3089} INFO - Sync 1 DAGs
[2026-05-05T04:14:31.218+0000] {logging_mixin.py:188} INFO - [2026-05-05T04:14:31.217+0000] {dag.py:3947} INFO - Setting next_dagrun for example_short_circuit_decorator to 2026-05-04 00:00:00+00:00, run_after=2026-05-05 00:00:00+00:00
[2026-05-05T04:14:31.249+0000] {processor.py:183} INFO - Processing /home/airflow/.local/lib/python3.12/site-packages/airflow/example_dags/example_short_circuit_decorator.py took 0.130 seconds
[2026-05-05T04:15:01.533+0000] {processor.py:161} INFO - Started process (PID=363) to work on /home/airflow/.local/lib/python3.12/site-packages/airflow/example_dags/example_short_circuit_decorator.py
[2026-05-05T04:15:01.536+0000] {processor.py:830} INFO - Processing file /home/airflow/.local/lib/python3.12/site-packages/airflow/example_dags/example_short_circuit_decorator.py for tasks to queue
[2026-05-05T04:15:01.540+0000] {logging_mixin.py:188} INFO - [2026-05-05T04:15:01.539+0000] {dagbag.py:545} INFO - Filling up the DagBag from /home/airflow/.local/lib/python3.12/site-packages/airflow/example_dags/example_short_circuit_decorator.py
[2026-05-05T04:15:01.556+0000] {processor.py:840} INFO - DAG(s) 'example_short_circuit_decorator' retrieved from /home/airflow/.local/lib/python3.12/site-packages/airflow/example_dags/example_short_circuit_decorator.py
[2026-05-05T04:15:01.600+0000] {logging_mixin.py:188} INFO - [2026-05-05T04:15:01.600+0000] {dag.py:3089} INFO - Sync 1 DAGs
[2026-05-05T04:15:01.636+0000] {logging_mixin.py:188} INFO - [2026-05-05T04:15:01.636+0000] {dag.py:3947} INFO - Setting next_dagrun for example_short_circuit_decorator to 2026-05-04 00:00:00+00:00, run_after=2026-05-05 00:00:00+00:00
[2026-05-05T04:15:01.698+0000] {processor.py:183} INFO - Processing /home/airflow/.local/lib/python3.12/site-packages/airflow/example_dags/example_short_circuit_decorator.py took 0.176 seconds
[2026-05-05T04:15:32.615+0000] {processor.py:161} INFO - Started process (PID=438) to work on /home/airflow/.local/lib/python3.12/site-packages/airflow/example_dags/example_short_circuit_decorator.py
[2026-05-05T04:15:32.620+0000] {processor.py:830} INFO - Processing file /home/airflow/.local/lib/python3.12/site-packages/airflow/example_dags/example_short_circuit_decorator.py for tasks to queue
[2026-05-05T04:15:32.627+0000] {logging_mixin.py:188} INFO - [2026-05-05T04:15:32.626+0000] {dagbag.py:545} INFO - Filling up the DagBag from /home/airflow/.local/lib/python3.12/site-packages/airflow/example_dags/example_short_circuit_decorator.py
[2026-05-05T04:15:32.646+0000] {processor.py:840} INFO - DAG(s) 'example_short_circuit_decorator' retrieved from /home/airflow/.local/lib/python3.12/site-packages/airflow/example_dags/example_short_circuit_decorator.py
[2026-05-05T04:15:32.687+0000] {logging_mixin.py:188} INFO - [2026-05-05T04:15:32.686+0000] {dag.py:3089} INFO - Sync 1 DAGs
[2026-05-05T04:15:32.723+0000] {logging_mixin.py:188} INFO - [2026-05-05T04:15:32.722+0000] {dag.py:3947} INFO - Setting next_dagrun for example_short_circuit_decorator to 2026-05-04 00:00:00+00:00, run_after=2026-05-05 00:00:00+00:00
[2026-05-05T04:15:32.783+0000] {processor.py:183} INFO - Processing /home/airflow/.local/lib/python3.12/site-packages/airflow/example_dags/example_short_circuit_decorator.py took 0.178 seconds
[2026-05-05T04:16:03.074+0000] {processor.py:161} INFO - Started process (PID=506) to work on /home/airflow/.local/lib/python3.12/site-packages/airflow/example_dags/example_short_circuit_decorator.py
[2026-05-05T04:16:03.077+0000] {processor.py:830} INFO - Processing file /home/airflow/.local/lib/python3.12/site-packages/airflow/example_dags/example_short_circuit_decorator.py for tasks to queue
[2026-05-05T04:16:03.082+0000] {logging_mixin.py:188} INFO - [2026-05-05T04:16:03.081+0000] {dagbag.py:545} INFO - Filling up the DagBag from /home/airflow/.local/lib/python3.12/site-packages/airflow/example_dags/example_short_circuit_decorator.py
[2026-05-05T04:16:03.101+0000] {processor.py:840} INFO - DAG(s) 'example_short_circuit_decorator' retrieved from /home/airflow/.local/lib/python3.12/site-packages/airflow/example_dags/example_short_circuit_decorator.py
[2026-05-05T04:16:03.145+0000] {logging_mixin.py:188} INFO - [2026-05-05T04:16:03.145+0000] {dag.py:3089} INFO - Sync 1 DAGs
[2026-05-05T04:16:03.193+0000] {logging_mixin.py:188} INFO - [2026-05-05T04:16:03.193+0000] {dag.py:3947} INFO - Setting next_dagrun for example_short_circuit_decorator to 2026-05-04 00:00:00+00:00, run_after=2026-05-05 00:00:00+00:00
[2026-05-05T04:16:03.247+0000] {processor.py:183} INFO - Processing /home/airflow/.local/lib/python3.12/site-packages/airflow/example_dags/example_short_circuit_decorator.py took 0.183 seconds
[2026-05-05T04:16:33.682+0000] {processor.py:161} INFO - Started process (PID=574) to work on /home/airflow/.local/lib/python3.12/site-packages/airflow/example_dags/example_short_circuit_decorator.py
[2026-05-05T04:16:33.683+0000] {processor.py:830} INFO - Processing file /home/airflow/.local/lib/python3.12/site-packages/airflow/example_dags/example_short_circuit_decorator.py for tasks to queue
[2026-05-05T04:16:33.686+0000] {logging_mixin.py:188} INFO - [2026-05-05T04:16:33.686+0000] {dagbag.py:545} INFO - Filling up the DagBag from /home/airflow/.local/lib/python3.12/site-packages/airflow/example_dags/example_short_circuit_decorator.py
[2026-05-05T04:16:33.708+0000] {processor.py:840} INFO - DAG(s) 'example_short_circuit_decorator' retrieved from /home/airflow/.local/lib/python3.12/site-packages/airflow/example_dags/example_short_circuit_decorator.py
[2026-05-05T04:16:33.745+0000] {logging_mixin.py:188} INFO - [2026-05-05T04:16:33.744+0000] {dag.py:3089} INFO - Sync 1 DAGs
[2026-05-05T04:16:33.775+0000] {logging_mixin.py:188} INFO - [2026-05-05T04:16:33.775+0000] {dag.py:3947} INFO - Setting next_dagrun for example_short_circuit_decorator to 2026-05-04 00:00:00+00:00, run_after=2026-05-05 00:00:00+00:00
[2026-05-05T04:16:33.806+0000] {processor.py:183} INFO - Processing /home/airflow/.local/lib/python3.12/site-packages/airflow/example_dags/example_short_circuit_decorator.py took 0.136 seconds
[2026-05-05T04:17:04.338+0000] {processor.py:161} INFO - Started process (PID=643) to work on /home/airflow/.local/lib/python3.12/site-packages/airflow/example_dags/example_short_circuit_decorator.py
[2026-05-05T04:17:04.341+0000] {processor.py:830} INFO - Processing file /home/airflow/.local/lib/python3.12/site-packages/airflow/example_dags/example_short_circuit_decorator.py for tasks to queue
[2026-05-05T04:17:04.345+0000] {logging_mixin.py:188} INFO - [2026-05-05T04:17:04.345+0000] {dagbag.py:545} INFO - Filling up the DagBag from /home/airflow/.local/lib/python3.12/site-packages/airflow/example_dags/example_short_circuit_decorator.py
[2026-05-05T04:17:04.358+0000] {processor.py:840} INFO - DAG(s) 'example_short_circuit_decorator' retrieved from /home/airflow/.local/lib/python3.12/site-packages/airflow/example_dags/example_short_circuit_decorator.py
[2026-05-05T04:17:04.399+0000] {logging_mixin.py:188} INFO - [2026-05-05T04:17:04.399+0000] {dag.py:3089} INFO - Sync 1 DAGs
[2026-05-05T04:17:04.432+0000] {logging_mixin.py:188} INFO - [2026-05-05T04:17:04.432+0000] {dag.py:3947} INFO - Setting next_dagrun for example_short_circuit_decorator to 2026-05-04 00:00:00+00:00, run_after=2026-05-05 00:00:00+00:00
[2026-05-05T04:17:04.496+0000] {processor.py:183} INFO - Processing /home/airflow/.local/lib/python3.12/site-packages/airflow/example_dags/example_short_circuit_decorator.py took 0.167 seconds
[2026-05-05T04:17:34.832+0000] {processor.py:161} INFO - Started process (PID=712) to work on /home/airflow/.local/lib/python3.12/site-packages/airflow/example_dags/example_short_circuit_decorator.py
[2026-05-05T04:17:34.834+0000] {processor.py:830} INFO - Processing file /home/airflow/.local/lib/python3.12/site-packages/airflow/example_dags/example_short_circuit_decorator.py for tasks to queue
[2026-05-05T04:17:34.839+0000] {logging_mixin.py:188} INFO - [2026-05-05T04:17:34.838+0000] {dagbag.py:545} INFO - Filling up the DagBag from /home/airflow/.local/lib/python3.12/site-packages/airflow/example_dags/example_short_circuit_decorator.py
[2026-05-05T04:17:34.853+0000] {processor.py:840} INFO - DAG(s) 'example_short_circuit_decorator' retrieved from /home/airflow/.local/lib/python3.12/site-packages/airflow/example_dags/example_short_circuit_decorator.py
[2026-05-05T04:17:34.889+0000] {logging_mixin.py:188} INFO - [2026-05-05T04:17:34.888+0000] {dag.py:3089} INFO - Sync 1 DAGs
[2026-05-05T04:17:34.920+0000] {logging_mixin.py:188} INFO - [2026-05-05T04:17:34.920+0000] {dag.py:3947} INFO - Setting next_dagrun for example_short_circuit_decorator to 2026-05-04 00:00:00+00:00, run_after=2026-05-05 00:00:00+00:00
[2026-05-05T04:17:34.950+0000] {processor.py:183} INFO - Processing /home/airflow/.local/lib/python3.12/site-packages/airflow/example_dags/example_short_circuit_decorator.py took 0.128 seconds
[2026-05-05T04:18:05.829+0000] {processor.py:161} INFO - Started process (PID=779) to work on /home/airflow/.local/lib/python3.12/site-packages/airflow/example_dags/example_short_circuit_decorator.py
[2026-05-05T04:18:05.836+0000] {processor.py:830} INFO - Processing file /home/airflow/.local/lib/python3.12/site-packages/airflow/example_dags/example_short_circuit_decorator.py for tasks to queue
[2026-05-05T04:18:05.840+0000] {logging_mixin.py:188} INFO - [2026-05-05T04:18:05.839+0000] {dagbag.py:545} INFO - Filling up the DagBag from /home/airflow/.local/lib/python3.12/site-packages/airflow/example_dags/example_short_circuit_decorator.py
[2026-05-05T04:18:05.853+0000] {processor.py:840} INFO - DAG(s) 'example_short_circuit_decorator' retrieved from /home/airflow/.local/lib/python3.12/site-packages/airflow/example_dags/example_short_circuit_decorator.py
[2026-05-05T04:18:05.892+0000] {logging_mixin.py:188} INFO - [2026-05-05T04:18:05.892+0000] {dag.py:3089} INFO - Sync 1 DAGs
[2026-05-05T04:18:05.929+0000] {logging_mixin.py:188} INFO - [2026-05-05T04:18:05.929+0000] {dag.py:3947} INFO - Setting next_dagrun for example_short_circuit_decorator to 2026-05-04 00:00:00+00:00, run_after=2026-05-05 00:00:00+00:00
[2026-05-05T04:18:05.968+0000] {processor.py:183} INFO - Processing /home/airflow/.local/lib/python3.12/site-packages/airflow/example_dags/example_short_circuit_decorator.py took 0.148 seconds
[2026-05-05T04:18:36.603+0000] {processor.py:161} INFO - Started process (PID=854) to work on /home/airflow/.local/lib/python3.12/site-packages/airflow/example_dags/example_short_circuit_decorator.py
[2026-05-05T04:18:36.607+0000] {processor.py:830} INFO - Processing file /home/airflow/.local/lib/python3.12/site-packages/airflow/example_dags/example_short_circuit_decorator.py for tasks to queue
[2026-05-05T04:18:36.612+0000] {logging_mixin.py:188} INFO - [2026-05-05T04:18:36.612+0000] {dagbag.py:545} INFO - Filling up the DagBag from /home/airflow/.local/lib/python3.12/site-packages/airflow/example_dags/example_short_circuit_decorator.py
[2026-05-05T04:18:36.627+0000] {processor.py:840} INFO - DAG(s) 'example_short_circuit_decorator' retrieved from /home/airflow/.local/lib/python3.12/site-packages/airflow/example_dags/example_short_circuit_decorator.py
[2026-05-05T04:18:36.659+0000] {logging_mixin.py:188} INFO - [2026-05-05T04:18:36.658+0000] {dag.py:3089} INFO - Sync 1 DAGs
[2026-05-05T04:18:36.689+0000] {logging_mixin.py:188} INFO - [2026-05-05T04:18:36.688+0000] {dag.py:3947} INFO - Setting next_dagrun for example_short_circuit_decorator to 2026-05-04 00:00:00+00:00, run_after=2026-05-05 00:00:00+00:00
[2026-05-05T04:18:36.728+0000] {processor.py:183} INFO - Processing /home/airflow/.local/lib/python3.12/site-packages/airflow/example_dags/example_short_circuit_decorator.py took 0.133 seconds
[2026-05-05T04:24:34.120+0000] {processor.py:161} INFO - Started process (PID=90) to work on /home/airflow/.local/lib/python3.12/site-packages/airflow/example_dags/example_short_circuit_decorator.py
[2026-05-05T04:24:34.122+0000] {processor.py:830} INFO - Processing file /home/airflow/.local/lib/python3.12/site-packages/airflow/example_dags/example_short_circuit_decorator.py for tasks to queue
[2026-05-05T04:24:34.127+0000] {logging_mixin.py:188} INFO - [2026-05-05T04:24:34.126+0000] {dagbag.py:545} INFO - Filling up the DagBag from /home/airflow/.local/lib/python3.12/site-packages/airflow/example_dags/example_short_circuit_decorator.py
[2026-05-05T04:24:34.146+0000] {processor.py:840} INFO - DAG(s) 'example_short_circuit_decorator' retrieved from /home/airflow/.local/lib/python3.12/site-packages/airflow/example_dags/example_short_circuit_decorator.py
[2026-05-05T04:24:34.334+0000] {logging_mixin.py:188} INFO - [2026-05-05T04:24:34.333+0000] {override.py:1858} INFO - Created Permission View: can edit on DAG:example_short_circuit_decorator
[2026-05-05T04:24:34.373+0000] {logging_mixin.py:188} INFO - [2026-05-05T04:24:34.372+0000] {override.py:1858} INFO - Created Permission View: can delete on DAG:example_short_circuit_decorator
[2026-05-05T04:24:34.391+0000] {logging_mixin.py:188} INFO - [2026-05-05T04:24:34.390+0000] {override.py:1858} INFO - Created Permission View: can read on DAG:example_short_circuit_decorator
[2026-05-05T04:24:34.392+0000] {logging_mixin.py:188} INFO - [2026-05-05T04:24:34.392+0000] {dag.py:3089} INFO - Sync 1 DAGs
[2026-05-05T04:24:34.409+0000] {logging_mixin.py:188} INFO - [2026-05-05T04:24:34.409+0000] {dag.py:3111} INFO - Creating ORM DAG for example_short_circuit_decorator
[2026-05-05T04:24:34.425+0000] {logging_mixin.py:188} INFO - [2026-05-05T04:24:34.425+0000] {dag.py:3947} INFO - Setting next_dagrun for example_short_circuit_decorator to 2026-05-04 00:00:00+00:00, run_after=2026-05-05 00:00:00+00:00
[2026-05-05T04:24:34.462+0000] {processor.py:183} INFO - Processing /home/airflow/.local/lib/python3.12/site-packages/airflow/example_dags/example_short_circuit_decorator.py took 0.353 seconds
[2026-05-05T04:25:04.615+0000] {processor.py:161} INFO - Started process (PID=158) to work on /home/airflow/.local/lib/python3.12/site-packages/airflow/example_dags/example_short_circuit_decorator.py
[2026-05-05T04:25:04.618+0000] {processor.py:830} INFO - Processing file /home/airflow/.local/lib/python3.12/site-packages/airflow/example_dags/example_short_circuit_decorator.py for tasks to queue
[2026-05-05T04:25:04.622+0000] {logging_mixin.py:188} INFO - [2026-05-05T04:25:04.621+0000] {dagbag.py:545} INFO - Filling up the DagBag from /home/airflow/.local/lib/python3.12/site-packages/airflow/example_dags/example_short_circuit_decorator.py
[2026-05-05T04:25:04.639+0000] {processor.py:840} INFO - DAG(s) 'example_short_circuit_decorator' retrieved from /home/airflow/.local/lib/python3.12/site-packages/airflow/example_dags/example_short_circuit_decorator.py
[2026-05-05T04:25:04.687+0000] {logging_mixin.py:188} INFO - [2026-05-05T04:25:04.686+0000] {dag.py:3089} INFO - Sync 1 DAGs
[2026-05-05T04:25:04.729+0000] {logging_mixin.py:188} INFO - [2026-05-05T04:25:04.728+0000] {dag.py:3947} INFO - Setting next_dagrun for example_short_circuit_decorator to 2026-05-04 00:00:00+00:00, run_after=2026-05-05 00:00:00+00:00
[2026-05-05T04:25:04.773+0000] {processor.py:183} INFO - Processing /home/airflow/.local/lib/python3.12/site-packages/airflow/example_dags/example_short_circuit_decorator.py took 0.172 seconds
[2026-05-05T04:25:35.009+0000] {processor.py:161} INFO - Started process (PID=227) to work on /home/airflow/.local/lib/python3.12/site-packages/airflow/example_dags/example_short_circuit_decorator.py
[2026-05-05T04:25:35.012+0000] {processor.py:830} INFO - Processing file /home/airflow/.local/lib/python3.12/site-packages/airflow/example_dags/example_short_circuit_decorator.py for tasks to queue
[2026-05-05T04:25:35.017+0000] {logging_mixin.py:188} INFO - [2026-05-05T04:25:35.016+0000] {dagbag.py:545} INFO - Filling up the DagBag from /home/airflow/.local/lib/python3.12/site-packages/airflow/example_dags/example_short_circuit_decorator.py
[2026-05-05T04:25:35.036+0000] {processor.py:840} INFO - DAG(s) 'example_short_circuit_decorator' retrieved from /home/airflow/.local/lib/python3.12/site-packages/airflow/example_dags/example_short_circuit_decorator.py
[2026-05-05T04:25:35.084+0000] {logging_mixin.py:188} INFO - [2026-05-05T04:25:35.083+0000] {dag.py:3089} INFO - Sync 1 DAGs
[2026-05-05T04:25:35.119+0000] {logging_mixin.py:188} INFO - [2026-05-05T04:25:35.119+0000] {dag.py:3947} INFO - Setting next_dagrun for example_short_circuit_decorator to 2026-05-04 00:00:00+00:00, run_after=2026-05-05 00:00:00+00:00
[2026-05-05T04:25:35.158+0000] {processor.py:183} INFO - Processing /home/airflow/.local/lib/python3.12/site-packages/airflow/example_dags/example_short_circuit_decorator.py took 0.164 seconds
[2026-05-05T04:26:05.337+0000] {processor.py:161} INFO - Started process (PID=302) to work on /home/airflow/.local/lib/python3.12/site-packages/airflow/example_dags/example_short_circuit_decorator.py
[2026-05-05T04:26:05.339+0000] {processor.py:830} INFO - Processing file /home/airflow/.local/lib/python3.12/site-packages/airflow/example_dags/example_short_circuit_decorator.py for tasks to queue
[2026-05-05T04:26:05.343+0000] {logging_mixin.py:188} INFO - [2026-05-05T04:26:05.342+0000] {dagbag.py:545} INFO - Filling up the DagBag from /home/airflow/.local/lib/python3.12/site-packages/airflow/example_dags/example_short_circuit_decorator.py
[2026-05-05T04:26:05.358+0000] {processor.py:840} INFO - DAG(s) 'example_short_circuit_decorator' retrieved from /home/airflow/.local/lib/python3.12/site-packages/airflow/example_dags/example_short_circuit_decorator.py
[2026-05-05T04:26:05.397+0000] {logging_mixin.py:188} INFO - [2026-05-05T04:26:05.397+0000] {dag.py:3089} INFO - Sync 1 DAGs
[2026-05-05T04:26:05.433+0000] {logging_mixin.py:188} INFO - [2026-05-05T04:26:05.433+0000] {dag.py:3947} INFO - Setting next_dagrun for example_short_circuit_decorator to 2026-05-04 00:00:00+00:00, run_after=2026-05-05 00:00:00+00:00
[2026-05-05T04:26:05.468+0000] {processor.py:183} INFO - Processing /home/airflow/.local/lib/python3.12/site-packages/airflow/example_dags/example_short_circuit_decorator.py took 0.143 seconds
[2026-05-05T04:26:36.002+0000] {processor.py:161} INFO - Started process (PID=370) to work on /home/airflow/.local/lib/python3.12/site-packages/airflow/example_dags/example_short_circuit_decorator.py
[2026-05-05T04:26:36.004+0000] {processor.py:830} INFO - Processing file /home/airflow/.local/lib/python3.12/site-packages/airflow/example_dags/example_short_circuit_decorator.py for tasks to queue
[2026-05-05T04:26:36.009+0000] {logging_mixin.py:188} INFO - [2026-05-05T04:26:36.009+0000] {dagbag.py:545} INFO - Filling up the DagBag from /home/airflow/.local/lib/python3.12/site-packages/airflow/example_dags/example_short_circuit_decorator.py
[2026-05-05T04:26:36.030+0000] {processor.py:840} INFO - DAG(s) 'example_short_circuit_decorator' retrieved from /home/airflow/.local/lib/python3.12/site-packages/airflow/example_dags/example_short_circuit_decorator.py
[2026-05-05T04:26:36.071+0000] {logging_mixin.py:188} INFO - [2026-05-05T04:26:36.070+0000] {dag.py:3089} INFO - Sync 1 DAGs
[2026-05-05T04:26:36.107+0000] {logging_mixin.py:188} INFO - [2026-05-05T04:26:36.107+0000] {dag.py:3947} INFO - Setting next_dagrun for example_short_circuit_decorator to 2026-05-04 00:00:00+00:00, run_after=2026-05-05 00:00:00+00:00
[2026-05-05T04:26:36.150+0000] {processor.py:183} INFO - Processing /home/airflow/.local/lib/python3.12/site-packages/airflow/example_dags/example_short_circuit_decorator.py took 0.158 seconds
[2026-05-05T04:27:06.495+0000] {processor.py:161} INFO - Started process (PID=438) to work on /home/airflow/.local/lib/python3.12/site-packages/airflow/example_dags/example_short_circuit_decorator.py
[2026-05-05T04:27:06.498+0000] {processor.py:830} INFO - Processing file /home/airflow/.local/lib/python3.12/site-packages/airflow/example_dags/example_short_circuit_decorator.py for tasks to queue
[2026-05-05T04:27:06.504+0000] {logging_mixin.py:188} INFO - [2026-05-05T04:27:06.503+0000] {dagbag.py:545} INFO - Filling up the DagBag from /home/airflow/.local/lib/python3.12/site-packages/airflow/example_dags/example_short_circuit_decorator.py
[2026-05-05T04:27:06.524+0000] {processor.py:840} INFO - DAG(s) 'example_short_circuit_decorator' retrieved from /home/airflow/.local/lib/python3.12/site-packages/airflow/example_dags/example_short_circuit_decorator.py
[2026-05-05T04:27:06.572+0000] {logging_mixin.py:188} INFO - [2026-05-05T04:27:06.571+0000] {dag.py:3089} INFO - Sync 1 DAGs
[2026-05-05T04:27:06.613+0000] {logging_mixin.py:188} INFO - [2026-05-05T04:27:06.613+0000] {dag.py:3947} INFO - Setting next_dagrun for example_short_circuit_decorator to 2026-05-04 00:00:00+00:00, run_after=2026-05-05 00:00:00+00:00
[2026-05-05T04:27:06.664+0000] {processor.py:183} INFO - Processing /home/airflow/.local/lib/python3.12/site-packages/airflow/example_dags/example_short_circuit_decorator.py took 0.185 seconds
[2026-05-05T04:27:37.717+0000] {processor.py:161} INFO - Started process (PID=505) to work on /home/airflow/.local/lib/python3.12/site-packages/airflow/example_dags/example_short_circuit_decorator.py
[2026-05-05T04:27:37.720+0000] {processor.py:830} INFO - Processing file /home/airflow/.local/lib/python3.12/site-packages/airflow/example_dags/example_short_circuit_decorator.py for tasks to queue
[2026-05-05T04:27:37.725+0000] {logging_mixin.py:188} INFO - [2026-05-05T04:27:37.724+0000] {dagbag.py:545} INFO - Filling up the DagBag from /home/airflow/.local/lib/python3.12/site-packages/airflow/example_dags/example_short_circuit_decorator.py
[2026-05-05T04:27:37.745+0000] {processor.py:840} INFO - DAG(s) 'example_short_circuit_decorator' retrieved from /home/airflow/.local/lib/python3.12/site-packages/airflow/example_dags/example_short_circuit_decorator.py
[2026-05-05T04:27:37.800+0000] {logging_mixin.py:188} INFO - [2026-05-05T04:27:37.799+0000] {dag.py:3089} INFO - Sync 1 DAGs
[2026-05-05T04:27:37.836+0000] {logging_mixin.py:188} INFO - [2026-05-05T04:27:37.836+0000] {dag.py:3947} INFO - Setting next_dagrun for example_short_circuit_decorator to 2026-05-04 00:00:00+00:00, run_after=2026-05-05 00:00:00+00:00
[2026-05-05T04:27:37.897+0000] {processor.py:183} INFO - Processing /home/airflow/.local/lib/python3.12/site-packages/airflow/example_dags/example_short_circuit_decorator.py took 0.194 seconds
[2026-05-05T04:28:08.351+0000] {processor.py:161} INFO - Started process (PID=573) to work on /home/airflow/.local/lib/python3.12/site-packages/airflow/example_dags/example_short_circuit_decorator.py
[2026-05-05T04:28:08.353+0000] {processor.py:830} INFO - Processing file /home/airflow/.local/lib/python3.12/site-packages/airflow/example_dags/example_short_circuit_decorator.py for tasks to queue
[2026-05-05T04:28:08.359+0000] {logging_mixin.py:188} INFO - [2026-05-05T04:28:08.359+0000] {dagbag.py:545} INFO - Filling up the DagBag from /home/airflow/.local/lib/python3.12/site-packages/airflow/example_dags/example_short_circuit_decorator.py
[2026-05-05T04:28:08.375+0000] {processor.py:840} INFO - DAG(s) 'example_short_circuit_decorator' retrieved from /home/airflow/.local/lib/python3.12/site-packages/airflow/example_dags/example_short_circuit_decorator.py
[2026-05-05T04:28:08.420+0000] {logging_mixin.py:188} INFO - [2026-05-05T04:28:08.419+0000] {dag.py:3089} INFO - Sync 1 DAGs
[2026-05-05T04:28:08.453+0000] {logging_mixin.py:188} INFO - [2026-05-05T04:28:08.452+0000] {dag.py:3947} INFO - Setting next_dagrun for example_short_circuit_decorator to 2026-05-04 00:00:00+00:00, run_after=2026-05-05 00:00:00+00:00
[2026-05-05T04:28:08.507+0000] {processor.py:183} INFO - Processing /home/airflow/.local/lib/python3.12/site-packages/airflow/example_dags/example_short_circuit_decorator.py took 0.165 seconds
[2026-05-05T04:28:39.226+0000] {processor.py:161} INFO - Started process (PID=641) to work on /home/airflow/.local/lib/python3.12/site-packages/airflow/example_dags/example_short_circuit_decorator.py
[2026-05-05T04:28:39.229+0000] {processor.py:830} INFO - Processing file /home/airflow/.local/lib/python3.12/site-packages/airflow/example_dags/example_short_circuit_decorator.py for tasks to queue
[2026-05-05T04:28:39.232+0000] {logging_mixin.py:188} INFO - [2026-05-05T04:28:39.232+0000] {dagbag.py:545} INFO - Filling up the DagBag from /home/airflow/.local/lib/python3.12/site-packages/airflow/example_dags/example_short_circuit_decorator.py
[2026-05-05T04:28:39.245+0000] {processor.py:840} INFO - DAG(s) 'example_short_circuit_decorator' retrieved from /home/airflow/.local/lib/python3.12/site-packages/airflow/example_dags/example_short_circuit_decorator.py
[2026-05-05T04:28:39.282+0000] {logging_mixin.py:188} INFO - [2026-05-05T04:28:39.282+0000] {dag.py:3089} INFO - Sync 1 DAGs
[2026-05-05T04:28:39.315+0000] {logging_mixin.py:188} INFO - [2026-05-05T04:28:39.314+0000] {dag.py:3947} INFO - Setting next_dagrun for example_short_circuit_decorator to 2026-05-04 00:00:00+00:00, run_after=2026-05-05 00:00:00+00:00
[2026-05-05T04:28:39.343+0000] {processor.py:183} INFO - Processing /home/airflow/.local/lib/python3.12/site-packages/airflow/example_dags/example_short_circuit_decorator.py took 0.126 seconds
[2026-05-05T04:29:09.870+0000] {processor.py:161} INFO - Started process (PID=716) to work on /home/airflow/.local/lib/python3.12/site-packages/airflow/example_dags/example_short_circuit_decorator.py
[2026-05-05T04:29:09.872+0000] {processor.py:830} INFO - Processing file /home/airflow/.local/lib/python3.12/site-packages/airflow/example_dags/example_short_circuit_decorator.py for tasks to queue
[2026-05-05T04:29:09.875+0000] {logging_mixin.py:188} INFO - [2026-05-05T04:29:09.874+0000] {dagbag.py:545} INFO - Filling up the DagBag from /home/airflow/.local/lib/python3.12/site-packages/airflow/example_dags/example_short_circuit_decorator.py
[2026-05-05T04:29:09.892+0000] {processor.py:840} INFO - DAG(s) 'example_short_circuit_decorator' retrieved from /home/airflow/.local/lib/python3.12/site-packages/airflow/example_dags/example_short_circuit_decorator.py
[2026-05-05T04:29:09.939+0000] {logging_mixin.py:188} INFO - [2026-05-05T04:29:09.939+0000] {dag.py:3089} INFO - Sync 1 DAGs
[2026-05-05T04:29:09.976+0000] {logging_mixin.py:188} INFO - [2026-05-05T04:29:09.975+0000] {dag.py:3947} INFO - Setting next_dagrun for example_short_circuit_decorator to 2026-05-04 00:00:00+00:00, run_after=2026-05-05 00:00:00+00:00
[2026-05-05T04:29:10.035+0000] {processor.py:183} INFO - Processing /home/airflow/.local/lib/python3.12/site-packages/airflow/example_dags/example_short_circuit_decorator.py took 0.175 seconds
[2026-05-05T04:29:40.455+0000] {processor.py:161} INFO - Started process (PID=784) to work on /home/airflow/.local/lib/python3.12/site-packages/airflow/example_dags/example_short_circuit_decorator.py
[2026-05-05T04:29:40.458+0000] {processor.py:830} INFO - Processing file /home/airflow/.local/lib/python3.12/site-packages/airflow/example_dags/example_short_circuit_decorator.py for tasks to queue
[2026-05-05T04:29:40.462+0000] {logging_mixin.py:188} INFO - [2026-05-05T04:29:40.461+0000] {dagbag.py:545} INFO - Filling up the DagBag from /home/airflow/.local/lib/python3.12/site-packages/airflow/example_dags/example_short_circuit_decorator.py
[2026-05-05T04:29:40.476+0000] {processor.py:840} INFO - DAG(s) 'example_short_circuit_decorator' retrieved from /home/airflow/.local/lib/python3.12/site-packages/airflow/example_dags/example_short_circuit_decorator.py
[2026-05-05T04:29:40.520+0000] {logging_mixin.py:188} INFO - [2026-05-05T04:29:40.519+0000] {dag.py:3089} INFO - Sync 1 DAGs
[2026-05-05T04:29:40.557+0000] {logging_mixin.py:188} INFO - [2026-05-05T04:29:40.556+0000] {dag.py:3947} INFO - Setting next_dagrun for example_short_circuit_decorator to 2026-05-04 00:00:00+00:00, run_after=2026-05-05 00:00:00+00:00
[2026-05-05T04:29:40.627+0000] {processor.py:183} INFO - Processing /home/airflow/.local/lib/python3.12/site-packages/airflow/example_dags/example_short_circuit_decorator.py took 0.183 seconds
[2026-05-05T04:30:11.495+0000] {processor.py:161} INFO - Started process (PID=852) to work on /home/airflow/.local/lib/python3.12/site-packages/airflow/example_dags/example_short_circuit_decorator.py
[2026-05-05T04:30:11.498+0000] {processor.py:830} INFO - Processing file /home/airflow/.local/lib/python3.12/site-packages/airflow/example_dags/example_short_circuit_decorator.py for tasks to queue
[2026-05-05T04:30:11.502+0000] {logging_mixin.py:188} INFO - [2026-05-05T04:30:11.501+0000] {dagbag.py:545} INFO - Filling up the DagBag from /home/airflow/.local/lib/python3.12/site-packages/airflow/example_dags/example_short_circuit_decorator.py
[2026-05-05T04:30:11.518+0000] {processor.py:840} INFO - DAG(s) 'example_short_circuit_decorator' retrieved from /home/airflow/.local/lib/python3.12/site-packages/airflow/example_dags/example_short_circuit_decorator.py
[2026-05-05T04:30:11.559+0000] {logging_mixin.py:188} INFO - [2026-05-05T04:30:11.559+0000] {dag.py:3089} INFO - Sync 1 DAGs
[2026-05-05T04:30:11.589+0000] {logging_mixin.py:188} INFO - [2026-05-05T04:30:11.588+0000] {dag.py:3947} INFO - Setting next_dagrun for example_short_circuit_decorator to 2026-05-04 00:00:00+00:00, run_after=2026-05-05 00:00:00+00:00
[2026-05-05T04:30:11.670+0000] {processor.py:183} INFO - Processing /home/airflow/.local/lib/python3.12/site-packages/airflow/example_dags/example_short_circuit_decorator.py took 0.186 seconds
[2026-05-05T04:30:42.091+0000] {processor.py:161} INFO - Started process (PID=920) to work on /home/airflow/.local/lib/python3.12/site-packages/airflow/example_dags/example_short_circuit_decorator.py
[2026-05-05T04:30:42.094+0000] {processor.py:830} INFO - Processing file /home/airflow/.local/lib/python3.12/site-packages/airflow/example_dags/example_short_circuit_decorator.py for tasks to queue
[2026-05-05T04:30:42.098+0000] {logging_mixin.py:188} INFO - [2026-05-05T04:30:42.098+0000] {dagbag.py:545} INFO - Filling up the DagBag from /home/airflow/.local/lib/python3.12/site-packages/airflow/example_dags/example_short_circuit_decorator.py
[2026-05-05T04:30:42.119+0000] {processor.py:840} INFO - DAG(s) 'example_short_circuit_decorator' retrieved from /home/airflow/.local/lib/python3.12/site-packages/airflow/example_dags/example_short_circuit_decorator.py
[2026-05-05T04:30:42.170+0000] {logging_mixin.py:188} INFO - [2026-05-05T04:30:42.169+0000] {dag.py:3089} INFO - Sync 1 DAGs
[2026-05-05T04:30:42.212+0000] {logging_mixin.py:188} INFO - [2026-05-05T04:30:42.212+0000] {dag.py:3947} INFO - Setting next_dagrun for example_short_circuit_decorator to 2026-05-04 00:00:00+00:00, run_after=2026-05-05 00:00:00+00:00
[2026-05-05T04:30:42.256+0000] {processor.py:183} INFO - Processing /home/airflow/.local/lib/python3.12/site-packages/airflow/example_dags/example_short_circuit_decorator.py took 0.179 seconds
[2026-05-05T04:31:12.890+0000] {processor.py:161} INFO - Started process (PID=988) to work on /home/airflow/.local/lib/python3.12/site-packages/airflow/example_dags/example_short_circuit_decorator.py
[2026-05-05T04:31:12.893+0000] {processor.py:830} INFO - Processing file /home/airflow/.local/lib/python3.12/site-packages/airflow/example_dags/example_short_circuit_decorator.py for tasks to queue
[2026-05-05T04:31:12.897+0000] {logging_mixin.py:188} INFO - [2026-05-05T04:31:12.896+0000] {dagbag.py:545} INFO - Filling up the DagBag from /home/airflow/.local/lib/python3.12/site-packages/airflow/example_dags/example_short_circuit_decorator.py
[2026-05-05T04:31:12.912+0000] {processor.py:840} INFO - DAG(s) 'example_short_circuit_decorator' retrieved from /home/airflow/.local/lib/python3.12/site-packages/airflow/example_dags/example_short_circuit_decorator.py
[2026-05-05T04:31:12.951+0000] {logging_mixin.py:188} INFO - [2026-05-05T04:31:12.950+0000] {dag.py:3089} INFO - Sync 1 DAGs
[2026-05-05T04:31:12.990+0000] {logging_mixin.py:188} INFO - [2026-05-05T04:31:12.990+0000] {dag.py:3947} INFO - Setting next_dagrun for example_short_circuit_decorator to 2026-05-04 00:00:00+00:00, run_after=2026-05-05 00:00:00+00:00
[2026-05-05T04:31:13.060+0000] {processor.py:183} INFO - Processing /home/airflow/.local/lib/python3.12/site-packages/airflow/example_dags/example_short_circuit_decorator.py took 0.179 seconds
[2026-05-05T04:31:43.360+0000] {processor.py:161} INFO - Started process (PID=1063) to work on /home/airflow/.local/lib/python3.12/site-packages/airflow/example_dags/example_short_circuit_decorator.py
[2026-05-05T04:31:43.362+0000] {processor.py:830} INFO - Processing file /home/airflow/.local/lib/python3.12/site-packages/airflow/example_dags/example_short_circuit_decorator.py for tasks to queue
[2026-05-05T04:31:43.365+0000] {logging_mixin.py:188} INFO - [2026-05-05T04:31:43.365+0000] {dagbag.py:545} INFO - Filling up the DagBag from /home/airflow/.local/lib/python3.12/site-packages/airflow/example_dags/example_short_circuit_decorator.py
[2026-05-05T04:31:43.380+0000] {processor.py:840} INFO - DAG(s) 'example_short_circuit_decorator' retrieved from /home/airflow/.local/lib/python3.12/site-packages/airflow/example_dags/example_short_circuit_decorator.py
[2026-05-05T04:31:43.416+0000] {logging_mixin.py:188} INFO - [2026-05-05T04:31:43.416+0000] {dag.py:3089} INFO - Sync 1 DAGs
[2026-05-05T04:31:43.452+0000] {logging_mixin.py:188} INFO - [2026-05-05T04:31:43.451+0000] {dag.py:3947} INFO - Setting next_dagrun for example_short_circuit_decorator to 2026-05-04 00:00:00+00:00, run_after=2026-05-05 00:00:00+00:00
[2026-05-05T04:31:43.512+0000] {processor.py:183} INFO - Processing /home/airflow/.local/lib/python3.12/site-packages/airflow/example_dags/example_short_circuit_decorator.py took 0.162 seconds
[2026-05-05T04:32:13.787+0000] {processor.py:161} INFO - Started process (PID=1131) to work on /home/airflow/.local/lib/python3.12/site-packages/airflow/example_dags/example_short_circuit_decorator.py
[2026-05-05T04:32:13.789+0000] {processor.py:830} INFO - Processing file /home/airflow/.local/lib/python3.12/site-packages/airflow/example_dags/example_short_circuit_decorator.py for tasks to queue
[2026-05-05T04:32:13.793+0000] {logging_mixin.py:188} INFO - [2026-05-05T04:32:13.792+0000] {dagbag.py:545} INFO - Filling up the DagBag from /home/airflow/.local/lib/python3.12/site-packages/airflow/example_dags/example_short_circuit_decorator.py
[2026-05-05T04:32:13.806+0000] {processor.py:840} INFO - DAG(s) 'example_short_circuit_decorator' retrieved from /home/airflow/.local/lib/python3.12/site-packages/airflow/example_dags/example_short_circuit_decorator.py
[2026-05-05T04:32:13.842+0000] {logging_mixin.py:188} INFO - [2026-05-05T04:32:13.842+0000] {dag.py:3089} INFO - Sync 1 DAGs
[2026-05-05T04:32:13.879+0000] {logging_mixin.py:188} INFO - [2026-05-05T04:32:13.878+0000] {dag.py:3947} INFO - Setting next_dagrun for example_short_circuit_decorator to 2026-05-04 00:00:00+00:00, run_after=2026-05-05 00:00:00+00:00
[2026-05-05T04:32:13.928+0000] {processor.py:183} INFO - Processing /home/airflow/.local/lib/python3.12/site-packages/airflow/example_dags/example_short_circuit_decorator.py took 0.151 seconds
[2026-05-05T04:32:44.763+0000] {processor.py:161} INFO - Started process (PID=1199) to work on /home/airflow/.local/lib/python3.12/site-packages/airflow/example_dags/example_short_circuit_decorator.py
[2026-05-05T04:32:44.766+0000] {processor.py:830} INFO - Processing file /home/airflow/.local/lib/python3.12/site-packages/airflow/example_dags/example_short_circuit_decorator.py for tasks to queue
[2026-05-05T04:32:44.769+0000] {logging_mixin.py:188} INFO - [2026-05-05T04:32:44.769+0000] {dagbag.py:545} INFO - Filling up the DagBag from /home/airflow/.local/lib/python3.12/site-packages/airflow/example_dags/example_short_circuit_decorator.py
[2026-05-05T04:32:44.789+0000] {processor.py:840} INFO - DAG(s) 'example_short_circuit_decorator' retrieved from /home/airflow/.local/lib/python3.12/site-packages/airflow/example_dags/example_short_circuit_decorator.py
[2026-05-05T04:32:44.840+0000] {logging_mixin.py:188} INFO - [2026-05-05T04:32:44.840+0000] {dag.py:3089} INFO - Sync 1 DAGs
[2026-05-05T04:32:44.882+0000] {logging_mixin.py:188} INFO - [2026-05-05T04:32:44.881+0000] {dag.py:3947} INFO - Setting next_dagrun for example_short_circuit_decorator to 2026-05-04 00:00:00+00:00, run_after=2026-05-05 00:00:00+00:00
[2026-05-05T04:32:44.926+0000] {processor.py:183} INFO - Processing /home/airflow/.local/lib/python3.12/site-packages/airflow/example_dags/example_short_circuit_decorator.py took 0.178 seconds
[2026-05-05T04:33:15.233+0000] {processor.py:161} INFO - Started process (PID=1267) to work on /home/airflow/.local/lib/python3.12/site-packages/airflow/example_dags/example_short_circuit_decorator.py
[2026-05-05T04:33:15.234+0000] {processor.py:830} INFO - Processing file /home/airflow/.local/lib/python3.12/site-packages/airflow/example_dags/example_short_circuit_decorator.py for tasks to queue
[2026-05-05T04:33:15.238+0000] {logging_mixin.py:188} INFO - [2026-05-05T04:33:15.237+0000] {dagbag.py:545} INFO - Filling up the DagBag from /home/airflow/.local/lib/python3.12/site-packages/airflow/example_dags/example_short_circuit_decorator.py
[2026-05-05T04:33:15.251+0000] {processor.py:840} INFO - DAG(s) 'example_short_circuit_decorator' retrieved from /home/airflow/.local/lib/python3.12/site-packages/airflow/example_dags/example_short_circuit_decorator.py
[2026-05-05T04:33:15.288+0000] {logging_mixin.py:188} INFO - [2026-05-05T04:33:15.287+0000] {dag.py:3089} INFO - Sync 1 DAGs
[2026-05-05T04:33:15.326+0000] {logging_mixin.py:188} INFO - [2026-05-05T04:33:15.326+0000] {dag.py:3947} INFO - Setting next_dagrun for example_short_circuit_decorator to 2026-05-04 00:00:00+00:00, run_after=2026-05-05 00:00:00+00:00
[2026-05-05T04:33:15.369+0000] {processor.py:183} INFO - Processing /home/airflow/.local/lib/python3.12/site-packages/airflow/example_dags/example_short_circuit_decorator.py took 0.147 seconds
[2026-05-05T04:33:45.827+0000] {processor.py:161} INFO - Started process (PID=1335) to work on /home/airflow/.local/lib/python3.12/site-packages/airflow/example_dags/example_short_circuit_decorator.py
[2026-05-05T04:33:45.829+0000] {processor.py:830} INFO - Processing file /home/airflow/.local/lib/python3.12/site-packages/airflow/example_dags/example_short_circuit_decorator.py for tasks to queue
[2026-05-05T04:33:45.832+0000] {logging_mixin.py:188} INFO - [2026-05-05T04:33:45.831+0000] {dagbag.py:545} INFO - Filling up the DagBag from /home/airflow/.local/lib/python3.12/site-packages/airflow/example_dags/example_short_circuit_decorator.py
[2026-05-05T04:33:45.852+0000] {processor.py:840} INFO - DAG(s) 'example_short_circuit_decorator' retrieved from /home/airflow/.local/lib/python3.12/site-packages/airflow/example_dags/example_short_circuit_decorator.py
[2026-05-05T04:33:45.890+0000] {logging_mixin.py:188} INFO - [2026-05-05T04:33:45.889+0000] {dag.py:3089} INFO - Sync 1 DAGs
[2026-05-05T04:33:45.923+0000] {logging_mixin.py:188} INFO - [2026-05-05T04:33:45.923+0000] {dag.py:3947} INFO - Setting next_dagrun for example_short_circuit_decorator to 2026-05-04 00:00:00+00:00, run_after=2026-05-05 00:00:00+00:00
[2026-05-05T04:33:45.959+0000] {processor.py:183} INFO - Processing /home/airflow/.local/lib/python3.12/site-packages/airflow/example_dags/example_short_circuit_decorator.py took 0.142 seconds
[2026-05-05T04:34:16.846+0000] {processor.py:161} INFO - Started process (PID=1404) to work on /home/airflow/.local/lib/python3.12/site-packages/airflow/example_dags/example_short_circuit_decorator.py
[2026-05-05T04:34:16.848+0000] {processor.py:830} INFO - Processing file /home/airflow/.local/lib/python3.12/site-packages/airflow/example_dags/example_short_circuit_decorator.py for tasks to queue
[2026-05-05T04:34:16.852+0000] {logging_mixin.py:188} INFO - [2026-05-05T04:34:16.852+0000] {dagbag.py:545} INFO - Filling up the DagBag from /home/airflow/.local/lib/python3.12/site-packages/airflow/example_dags/example_short_circuit_decorator.py
[2026-05-05T04:34:16.868+0000] {processor.py:840} INFO - DAG(s) 'example_short_circuit_decorator' retrieved from /home/airflow/.local/lib/python3.12/site-packages/airflow/example_dags/example_short_circuit_decorator.py
[2026-05-05T04:34:16.904+0000] {logging_mixin.py:188} INFO - [2026-05-05T04:34:16.904+0000] {dag.py:3089} INFO - Sync 1 DAGs
[2026-05-05T04:34:16.944+0000] {logging_mixin.py:188} INFO - [2026-05-05T04:34:16.944+0000] {dag.py:3947} INFO - Setting next_dagrun for example_short_circuit_decorator to 2026-05-04 00:00:00+00:00, run_after=2026-05-05 00:00:00+00:00
[2026-05-05T04:34:16.986+0000] {processor.py:183} INFO - Processing /home/airflow/.local/lib/python3.12/site-packages/airflow/example_dags/example_short_circuit_decorator.py took 0.149 seconds
[2026-05-05T04:34:47.658+0000] {processor.py:161} INFO - Started process (PID=1472) to work on /home/airflow/.local/lib/python3.12/site-packages/airflow/example_dags/example_short_circuit_decorator.py
[2026-05-05T04:34:47.660+0000] {processor.py:830} INFO - Processing file /home/airflow/.local/lib/python3.12/site-packages/airflow/example_dags/example_short_circuit_decorator.py for tasks to queue
[2026-05-05T04:34:47.663+0000] {logging_mixin.py:188} INFO - [2026-05-05T04:34:47.663+0000] {dagbag.py:545} INFO - Filling up the DagBag from /home/airflow/.local/lib/python3.12/site-packages/airflow/example_dags/example_short_circuit_decorator.py
[2026-05-05T04:34:47.679+0000] {processor.py:840} INFO - DAG(s) 'example_short_circuit_decorator' retrieved from /home/airflow/.local/lib/python3.12/site-packages/airflow/example_dags/example_short_circuit_decorator.py
[2026-05-05T04:34:47.715+0000] {logging_mixin.py:188} INFO - [2026-05-05T04:34:47.714+0000] {dag.py:3089} INFO - Sync 1 DAGs
[2026-05-05T04:34:47.747+0000] {logging_mixin.py:188} INFO - [2026-05-05T04:34:47.746+0000] {dag.py:3947} INFO - Setting next_dagrun for example_short_circuit_decorator to 2026-05-04 00:00:00+00:00, run_after=2026-05-05 00:00:00+00:00
[2026-05-05T04:34:47.776+0000] {processor.py:183} INFO - Processing /home/airflow/.local/lib/python3.12/site-packages/airflow/example_dags/example_short_circuit_decorator.py took 0.129 seconds
[2026-05-05T04:35:18.527+0000] {processor.py:161} INFO - Started process (PID=1546) to work on /home/airflow/.local/lib/python3.12/site-packages/airflow/example_dags/example_short_circuit_decorator.py
[2026-05-05T04:35:18.529+0000] {processor.py:830} INFO - Processing file /home/airflow/.local/lib/python3.12/site-packages/airflow/example_dags/example_short_circuit_decorator.py for tasks to queue
[2026-05-05T04:35:18.532+0000] {logging_mixin.py:188} INFO - [2026-05-05T04:35:18.532+0000] {dagbag.py:545} INFO - Filling up the DagBag from /home/airflow/.local/lib/python3.12/site-packages/airflow/example_dags/example_short_circuit_decorator.py
[2026-05-05T04:35:18.546+0000] {processor.py:840} INFO - DAG(s) 'example_short_circuit_decorator' retrieved from /home/airflow/.local/lib/python3.12/site-packages/airflow/example_dags/example_short_circuit_decorator.py
[2026-05-05T04:35:18.588+0000] {logging_mixin.py:188} INFO - [2026-05-05T04:35:18.588+0000] {dag.py:3089} INFO - Sync 1 DAGs
[2026-05-05T04:35:18.624+0000] {logging_mixin.py:188} INFO - [2026-05-05T04:35:18.624+0000] {dag.py:3947} INFO - Setting next_dagrun for example_short_circuit_decorator to 2026-05-04 00:00:00+00:00, run_after=2026-05-05 00:00:00+00:00
[2026-05-05T04:35:18.688+0000] {processor.py:183} INFO - Processing /home/airflow/.local/lib/python3.12/site-packages/airflow/example_dags/example_short_circuit_decorator.py took 0.171 seconds
[2026-05-05T04:35:49.043+0000] {processor.py:161} INFO - Started process (PID=1614) to work on /home/airflow/.local/lib/python3.12/site-packages/airflow/example_dags/example_short_circuit_decorator.py
[2026-05-05T04:35:49.046+0000] {processor.py:830} INFO - Processing file /home/airflow/.local/lib/python3.12/site-packages/airflow/example_dags/example_short_circuit_decorator.py for tasks to queue
[2026-05-05T04:35:49.052+0000] {logging_mixin.py:188} INFO - [2026-05-05T04:35:49.051+0000] {dagbag.py:545} INFO - Filling up the DagBag from /home/airflow/.local/lib/python3.12/site-packages/airflow/example_dags/example_short_circuit_decorator.py
[2026-05-05T04:35:49.069+0000] {processor.py:840} INFO - DAG(s) 'example_short_circuit_decorator' retrieved from /home/airflow/.local/lib/python3.12/site-packages/airflow/example_dags/example_short_circuit_decorator.py
[2026-05-05T04:35:49.111+0000] {logging_mixin.py:188} INFO - [2026-05-05T04:35:49.110+0000] {dag.py:3089} INFO - Sync 1 DAGs
[2026-05-05T04:35:49.149+0000] {logging_mixin.py:188} INFO - [2026-05-05T04:35:49.149+0000] {dag.py:3947} INFO - Setting next_dagrun for example_short_circuit_decorator to 2026-05-04 00:00:00+00:00, run_after=2026-05-05 00:00:00+00:00
[2026-05-05T04:35:49.218+0000] {processor.py:183} INFO - Processing /home/airflow/.local/lib/python3.12/site-packages/airflow/example_dags/example_short_circuit_decorator.py took 0.191 seconds
[2026-05-05T04:36:20.103+0000] {processor.py:161} INFO - Started process (PID=1681) to work on /home/airflow/.local/lib/python3.12/site-packages/airflow/example_dags/example_short_circuit_decorator.py
[2026-05-05T04:36:20.109+0000] {processor.py:830} INFO - Processing file /home/airflow/.local/lib/python3.12/site-packages/airflow/example_dags/example_short_circuit_decorator.py for tasks to queue
[2026-05-05T04:36:20.114+0000] {logging_mixin.py:188} INFO - [2026-05-05T04:36:20.114+0000] {dagbag.py:545} INFO - Filling up the DagBag from /home/airflow/.local/lib/python3.12/site-packages/airflow/example_dags/example_short_circuit_decorator.py
[2026-05-05T04:36:20.132+0000] {processor.py:840} INFO - DAG(s) 'example_short_circuit_decorator' retrieved from /home/airflow/.local/lib/python3.12/site-packages/airflow/example_dags/example_short_circuit_decorator.py
[2026-05-05T04:36:20.175+0000] {logging_mixin.py:188} INFO - [2026-05-05T04:36:20.174+0000] {dag.py:3089} INFO - Sync 1 DAGs
[2026-05-05T04:36:20.216+0000] {logging_mixin.py:188} INFO - [2026-05-05T04:36:20.216+0000] {dag.py:3947} INFO - Setting next_dagrun for example_short_circuit_decorator to 2026-05-04 00:00:00+00:00, run_after=2026-05-05 00:00:00+00:00
[2026-05-05T04:36:20.254+0000] {processor.py:183} INFO - Processing /home/airflow/.local/lib/python3.12/site-packages/airflow/example_dags/example_short_circuit_decorator.py took 0.163 seconds
[2026-05-05T04:36:50.438+0000] {processor.py:161} INFO - Started process (PID=1748) to work on /home/airflow/.local/lib/python3.12/site-packages/airflow/example_dags/example_short_circuit_decorator.py
[2026-05-05T04:36:50.441+0000] {processor.py:830} INFO - Processing file /home/airflow/.local/lib/python3.12/site-packages/airflow/example_dags/example_short_circuit_decorator.py for tasks to queue
[2026-05-05T04:36:50.446+0000] {logging_mixin.py:188} INFO - [2026-05-05T04:36:50.444+0000] {dagbag.py:545} INFO - Filling up the DagBag from /home/airflow/.local/lib/python3.12/site-packages/airflow/example_dags/example_short_circuit_decorator.py
[2026-05-05T04:36:50.464+0000] {processor.py:840} INFO - DAG(s) 'example_short_circuit_decorator' retrieved from /home/airflow/.local/lib/python3.12/site-packages/airflow/example_dags/example_short_circuit_decorator.py
[2026-05-05T04:36:50.509+0000] {logging_mixin.py:188} INFO - [2026-05-05T04:36:50.509+0000] {dag.py:3089} INFO - Sync 1 DAGs
[2026-05-05T04:36:50.551+0000] {logging_mixin.py:188} INFO - [2026-05-05T04:36:50.550+0000] {dag.py:3947} INFO - Setting next_dagrun for example_short_circuit_decorator to 2026-05-04 00:00:00+00:00, run_after=2026-05-05 00:00:00+00:00
[2026-05-05T04:36:50.591+0000] {processor.py:183} INFO - Processing /home/airflow/.local/lib/python3.12/site-packages/airflow/example_dags/example_short_circuit_decorator.py took 0.166 seconds
[2026-05-05T04:37:21.125+0000] {processor.py:161} INFO - Started process (PID=1816) to work on /home/airflow/.local/lib/python3.12/site-packages/airflow/example_dags/example_short_circuit_decorator.py
[2026-05-05T04:37:21.129+0000] {processor.py:830} INFO - Processing file /home/airflow/.local/lib/python3.12/site-packages/airflow/example_dags/example_short_circuit_decorator.py for tasks to queue
[2026-05-05T04:37:21.133+0000] {logging_mixin.py:188} INFO - [2026-05-05T04:37:21.133+0000] {dagbag.py:545} INFO - Filling up the DagBag from /home/airflow/.local/lib/python3.12/site-packages/airflow/example_dags/example_short_circuit_decorator.py
[2026-05-05T04:37:21.148+0000] {processor.py:840} INFO - DAG(s) 'example_short_circuit_decorator' retrieved from /home/airflow/.local/lib/python3.12/site-packages/airflow/example_dags/example_short_circuit_decorator.py
[2026-05-05T04:37:21.193+0000] {logging_mixin.py:188} INFO - [2026-05-05T04:37:21.192+0000] {dag.py:3089} INFO - Sync 1 DAGs
[2026-05-05T04:37:21.234+0000] {logging_mixin.py:188} INFO - [2026-05-05T04:37:21.234+0000] {dag.py:3947} INFO - Setting next_dagrun for example_short_circuit_decorator to 2026-05-04 00:00:00+00:00, run_after=2026-05-05 00:00:00+00:00
[2026-05-05T04:37:21.305+0000] {processor.py:183} INFO - Processing /home/airflow/.local/lib/python3.12/site-packages/airflow/example_dags/example_short_circuit_decorator.py took 0.191 seconds
[2026-05-05T04:37:51.838+0000] {processor.py:161} INFO - Started process (PID=1884) to work on /home/airflow/.local/lib/python3.12/site-packages/airflow/example_dags/example_short_circuit_decorator.py
[2026-05-05T04:37:51.841+0000] {processor.py:830} INFO - Processing file /home/airflow/.local/lib/python3.12/site-packages/airflow/example_dags/example_short_circuit_decorator.py for tasks to queue
[2026-05-05T04:37:51.844+0000] {logging_mixin.py:188} INFO - [2026-05-05T04:37:51.843+0000] {dagbag.py:545} INFO - Filling up the DagBag from /home/airflow/.local/lib/python3.12/site-packages/airflow/example_dags/example_short_circuit_decorator.py
[2026-05-05T04:37:51.862+0000] {processor.py:840} INFO - DAG(s) 'example_short_circuit_decorator' retrieved from /home/airflow/.local/lib/python3.12/site-packages/airflow/example_dags/example_short_circuit_decorator.py
[2026-05-05T04:37:51.907+0000] {logging_mixin.py:188} INFO - [2026-05-05T04:37:51.907+0000] {dag.py:3089} INFO - Sync 1 DAGs
[2026-05-05T04:37:51.942+0000] {logging_mixin.py:188} INFO - [2026-05-05T04:37:51.942+0000] {dag.py:3947} INFO - Setting next_dagrun for example_short_circuit_decorator to 2026-05-04 00:00:00+00:00, run_after=2026-05-05 00:00:00+00:00
[2026-05-05T04:37:51.977+0000] {processor.py:183} INFO - Processing /home/airflow/.local/lib/python3.12/site-packages/airflow/example_dags/example_short_circuit_decorator.py took 0.151 seconds
[2026-05-05T04:38:22.338+0000] {processor.py:161} INFO - Started process (PID=1952) to work on /home/airflow/.local/lib/python3.12/site-packages/airflow/example_dags/example_short_circuit_decorator.py
[2026-05-05T04:38:22.340+0000] {processor.py:830} INFO - Processing file /home/airflow/.local/lib/python3.12/site-packages/airflow/example_dags/example_short_circuit_decorator.py for tasks to queue
[2026-05-05T04:38:22.344+0000] {logging_mixin.py:188} INFO - [2026-05-05T04:38:22.343+0000] {dagbag.py:545} INFO - Filling up the DagBag from /home/airflow/.local/lib/python3.12/site-packages/airflow/example_dags/example_short_circuit_decorator.py
[2026-05-05T04:38:22.361+0000] {processor.py:840} INFO - DAG(s) 'example_short_circuit_decorator' retrieved from /home/airflow/.local/lib/python3.12/site-packages/airflow/example_dags/example_short_circuit_decorator.py
[2026-05-05T04:38:22.404+0000] {logging_mixin.py:188} INFO - [2026-05-05T04:38:22.404+0000] {dag.py:3089} INFO - Sync 1 DAGs
[2026-05-05T04:38:22.445+0000] {logging_mixin.py:188} INFO - [2026-05-05T04:38:22.442+0000] {dag.py:3947} INFO - Setting next_dagrun for example_short_circuit_decorator to 2026-05-04 00:00:00+00:00, run_after=2026-05-05 00:00:00+00:00
[2026-05-05T04:38:22.503+0000] {processor.py:183} INFO - Processing /home/airflow/.local/lib/python3.12/site-packages/airflow/example_dags/example_short_circuit_decorator.py took 0.179 seconds
[2026-05-05T04:38:52.974+0000] {processor.py:161} INFO - Started process (PID=2027) to work on /home/airflow/.local/lib/python3.12/site-packages/airflow/example_dags/example_short_circuit_decorator.py
[2026-05-05T04:38:52.976+0000] {processor.py:830} INFO - Processing file /home/airflow/.local/lib/python3.12/site-packages/airflow/example_dags/example_short_circuit_decorator.py for tasks to queue
[2026-05-05T04:38:52.980+0000] {logging_mixin.py:188} INFO - [2026-05-05T04:38:52.980+0000] {dagbag.py:545} INFO - Filling up the DagBag from /home/airflow/.local/lib/python3.12/site-packages/airflow/example_dags/example_short_circuit_decorator.py
[2026-05-05T04:38:52.995+0000] {processor.py:840} INFO - DAG(s) 'example_short_circuit_decorator' retrieved from /home/airflow/.local/lib/python3.12/site-packages/airflow/example_dags/example_short_circuit_decorator.py
[2026-05-05T04:38:53.038+0000] {logging_mixin.py:188} INFO - [2026-05-05T04:38:53.037+0000] {dag.py:3089} INFO - Sync 1 DAGs
[2026-05-05T04:38:53.075+0000] {logging_mixin.py:188} INFO - [2026-05-05T04:38:53.074+0000] {dag.py:3947} INFO - Setting next_dagrun for example_short_circuit_decorator to 2026-05-04 00:00:00+00:00, run_after=2026-05-05 00:00:00+00:00
[2026-05-05T04:38:53.128+0000] {processor.py:183} INFO - Processing /home/airflow/.local/lib/python3.12/site-packages/airflow/example_dags/example_short_circuit_decorator.py took 0.169 seconds
[2026-05-05T04:39:23.623+0000] {processor.py:161} INFO - Started process (PID=2095) to work on /home/airflow/.local/lib/python3.12/site-packages/airflow/example_dags/example_short_circuit_decorator.py
[2026-05-05T04:39:23.625+0000] {processor.py:830} INFO - Processing file /home/airflow/.local/lib/python3.12/site-packages/airflow/example_dags/example_short_circuit_decorator.py for tasks to queue
[2026-05-05T04:39:23.630+0000] {logging_mixin.py:188} INFO - [2026-05-05T04:39:23.629+0000] {dagbag.py:545} INFO - Filling up the DagBag from /home/airflow/.local/lib/python3.12/site-packages/airflow/example_dags/example_short_circuit_decorator.py
[2026-05-05T04:39:23.647+0000] {processor.py:840} INFO - DAG(s) 'example_short_circuit_decorator' retrieved from /home/airflow/.local/lib/python3.12/site-packages/airflow/example_dags/example_short_circuit_decorator.py
[2026-05-05T04:39:23.688+0000] {logging_mixin.py:188} INFO - [2026-05-05T04:39:23.687+0000] {dag.py:3089} INFO - Sync 1 DAGs
[2026-05-05T04:39:23.724+0000] {logging_mixin.py:188} INFO - [2026-05-05T04:39:23.723+0000] {dag.py:3947} INFO - Setting next_dagrun for example_short_circuit_decorator to 2026-05-04 00:00:00+00:00, run_after=2026-05-05 00:00:00+00:00
[2026-05-05T04:39:23.776+0000] {processor.py:183} INFO - Processing /home/airflow/.local/lib/python3.12/site-packages/airflow/example_dags/example_short_circuit_decorator.py took 0.167 seconds
[2026-05-05T04:39:54.737+0000] {processor.py:161} INFO - Started process (PID=2163) to work on /home/airflow/.local/lib/python3.12/site-packages/airflow/example_dags/example_short_circuit_decorator.py
[2026-05-05T04:39:54.739+0000] {processor.py:830} INFO - Processing file /home/airflow/.local/lib/python3.12/site-packages/airflow/example_dags/example_short_circuit_decorator.py for tasks to queue
[2026-05-05T04:39:54.743+0000] {logging_mixin.py:188} INFO - [2026-05-05T04:39:54.742+0000] {dagbag.py:545} INFO - Filling up the DagBag from /home/airflow/.local/lib/python3.12/site-packages/airflow/example_dags/example_short_circuit_decorator.py
[2026-05-05T04:39:54.758+0000] {processor.py:840} INFO - DAG(s) 'example_short_circuit_decorator' retrieved from /home/airflow/.local/lib/python3.12/site-packages/airflow/example_dags/example_short_circuit_decorator.py
[2026-05-05T04:39:54.799+0000] {logging_mixin.py:188} INFO - [2026-05-05T04:39:54.798+0000] {dag.py:3089} INFO - Sync 1 DAGs
[2026-05-05T04:39:54.837+0000] {logging_mixin.py:188} INFO - [2026-05-05T04:39:54.836+0000] {dag.py:3947} INFO - Setting next_dagrun for example_short_circuit_decorator to 2026-05-04 00:00:00+00:00, run_after=2026-05-05 00:00:00+00:00
[2026-05-05T04:39:54.868+0000] {processor.py:183} INFO - Processing /home/airflow/.local/lib/python3.12/site-packages/airflow/example_dags/example_short_circuit_decorator.py took 0.142 seconds
[2026-05-05T04:40:26.023+0000] {processor.py:161} INFO - Started process (PID=2231) to work on /home/airflow/.local/lib/python3.12/site-packages/airflow/example_dags/example_short_circuit_decorator.py
[2026-05-05T04:40:26.025+0000] {processor.py:830} INFO - Processing file /home/airflow/.local/lib/python3.12/site-packages/airflow/example_dags/example_short_circuit_decorator.py for tasks to queue
[2026-05-05T04:40:26.029+0000] {logging_mixin.py:188} INFO - [2026-05-05T04:40:26.028+0000] {dagbag.py:545} INFO - Filling up the DagBag from /home/airflow/.local/lib/python3.12/site-packages/airflow/example_dags/example_short_circuit_decorator.py
[2026-05-05T04:40:26.045+0000] {processor.py:840} INFO - DAG(s) 'example_short_circuit_decorator' retrieved from /home/airflow/.local/lib/python3.12/site-packages/airflow/example_dags/example_short_circuit_decorator.py
[2026-05-05T04:40:26.083+0000] {logging_mixin.py:188} INFO - [2026-05-05T04:40:26.083+0000] {dag.py:3089} INFO - Sync 1 DAGs
[2026-05-05T04:40:26.337+0000] {logging_mixin.py:188} INFO - [2026-05-05T04:40:26.336+0000] {dag.py:3947} INFO - Setting next_dagrun for example_short_circuit_decorator to 2026-05-04 00:00:00+00:00, run_after=2026-05-05 00:00:00+00:00
[2026-05-05T04:40:26.394+0000] {processor.py:183} INFO - Processing /home/airflow/.local/lib/python3.12/site-packages/airflow/example_dags/example_short_circuit_decorator.py took 0.384 seconds
[2026-05-05T04:40:56.679+0000] {processor.py:161} INFO - Started process (PID=2300) to work on /home/airflow/.local/lib/python3.12/site-packages/airflow/example_dags/example_short_circuit_decorator.py
[2026-05-05T04:40:56.681+0000] {processor.py:830} INFO - Processing file /home/airflow/.local/lib/python3.12/site-packages/airflow/example_dags/example_short_circuit_decorator.py for tasks to queue
[2026-05-05T04:40:56.686+0000] {logging_mixin.py:188} INFO - [2026-05-05T04:40:56.685+0000] {dagbag.py:545} INFO - Filling up the DagBag from /home/airflow/.local/lib/python3.12/site-packages/airflow/example_dags/example_short_circuit_decorator.py
[2026-05-05T04:40:56.702+0000] {processor.py:840} INFO - DAG(s) 'example_short_circuit_decorator' retrieved from /home/airflow/.local/lib/python3.12/site-packages/airflow/example_dags/example_short_circuit_decorator.py
[2026-05-05T04:40:56.739+0000] {logging_mixin.py:188} INFO - [2026-05-05T04:40:56.739+0000] {dag.py:3089} INFO - Sync 1 DAGs
[2026-05-05T04:40:56.785+0000] {logging_mixin.py:188} INFO - [2026-05-05T04:40:56.784+0000] {dag.py:3947} INFO - Setting next_dagrun for example_short_circuit_decorator to 2026-05-04 00:00:00+00:00, run_after=2026-05-05 00:00:00+00:00
[2026-05-05T04:40:57.041+0000] {processor.py:183} INFO - Processing /home/airflow/.local/lib/python3.12/site-packages/airflow/example_dags/example_short_circuit_decorator.py took 0.373 seconds
[2026-05-05T04:41:27.474+0000] {processor.py:161} INFO - Started process (PID=2375) to work on /home/airflow/.local/lib/python3.12/site-packages/airflow/example_dags/example_short_circuit_decorator.py
[2026-05-05T04:41:27.479+0000] {processor.py:830} INFO - Processing file /home/airflow/.local/lib/python3.12/site-packages/airflow/example_dags/example_short_circuit_decorator.py for tasks to queue
[2026-05-05T04:41:27.484+0000] {logging_mixin.py:188} INFO - [2026-05-05T04:41:27.483+0000] {dagbag.py:545} INFO - Filling up the DagBag from /home/airflow/.local/lib/python3.12/site-packages/airflow/example_dags/example_short_circuit_decorator.py
[2026-05-05T04:41:27.502+0000] {processor.py:840} INFO - DAG(s) 'example_short_circuit_decorator' retrieved from /home/airflow/.local/lib/python3.12/site-packages/airflow/example_dags/example_short_circuit_decorator.py
[2026-05-05T04:41:27.543+0000] {logging_mixin.py:188} INFO - [2026-05-05T04:41:27.542+0000] {dag.py:3089} INFO - Sync 1 DAGs
[2026-05-05T04:41:27.579+0000] {logging_mixin.py:188} INFO - [2026-05-05T04:41:27.579+0000] {dag.py:3947} INFO - Setting next_dagrun for example_short_circuit_decorator to 2026-05-04 00:00:00+00:00, run_after=2026-05-05 00:00:00+00:00
[2026-05-05T04:41:27.640+0000] {processor.py:183} INFO - Processing /home/airflow/.local/lib/python3.12/site-packages/airflow/example_dags/example_short_circuit_decorator.py took 0.179 seconds
[2026-05-05T04:41:58.175+0000] {processor.py:161} INFO - Started process (PID=2443) to work on /home/airflow/.local/lib/python3.12/site-packages/airflow/example_dags/example_short_circuit_decorator.py
[2026-05-05T04:41:58.178+0000] {processor.py:830} INFO - Processing file /home/airflow/.local/lib/python3.12/site-packages/airflow/example_dags/example_short_circuit_decorator.py for tasks to queue
[2026-05-05T04:41:58.183+0000] {logging_mixin.py:188} INFO - [2026-05-05T04:41:58.182+0000] {dagbag.py:545} INFO - Filling up the DagBag from /home/airflow/.local/lib/python3.12/site-packages/airflow/example_dags/example_short_circuit_decorator.py
[2026-05-05T04:41:58.198+0000] {processor.py:840} INFO - DAG(s) 'example_short_circuit_decorator' retrieved from /home/airflow/.local/lib/python3.12/site-packages/airflow/example_dags/example_short_circuit_decorator.py
[2026-05-05T04:41:58.238+0000] {logging_mixin.py:188} INFO - [2026-05-05T04:41:58.237+0000] {dag.py:3089} INFO - Sync 1 DAGs
[2026-05-05T04:41:58.281+0000] {logging_mixin.py:188} INFO - [2026-05-05T04:41:58.280+0000] {dag.py:3947} INFO - Setting next_dagrun for example_short_circuit_decorator to 2026-05-04 00:00:00+00:00, run_after=2026-05-05 00:00:00+00:00
[2026-05-05T04:41:58.329+0000] {processor.py:183} INFO - Processing /home/airflow/.local/lib/python3.12/site-packages/airflow/example_dags/example_short_circuit_decorator.py took 0.166 seconds
[2026-05-05T04:42:29.079+0000] {processor.py:161} INFO - Started process (PID=2513) to work on /home/airflow/.local/lib/python3.12/site-packages/airflow/example_dags/example_short_circuit_decorator.py
[2026-05-05T04:42:29.081+0000] {processor.py:830} INFO - Processing file /home/airflow/.local/lib/python3.12/site-packages/airflow/example_dags/example_short_circuit_decorator.py for tasks to queue
[2026-05-05T04:42:29.085+0000] {logging_mixin.py:188} INFO - [2026-05-05T04:42:29.085+0000] {dagbag.py:545} INFO - Filling up the DagBag from /home/airflow/.local/lib/python3.12/site-packages/airflow/example_dags/example_short_circuit_decorator.py
[2026-05-05T04:42:29.105+0000] {processor.py:840} INFO - DAG(s) 'example_short_circuit_decorator' retrieved from /home/airflow/.local/lib/python3.12/site-packages/airflow/example_dags/example_short_circuit_decorator.py
[2026-05-05T04:42:29.150+0000] {logging_mixin.py:188} INFO - [2026-05-05T04:42:29.149+0000] {dag.py:3089} INFO - Sync 1 DAGs
[2026-05-05T04:42:29.191+0000] {logging_mixin.py:188} INFO - [2026-05-05T04:42:29.190+0000] {dag.py:3947} INFO - Setting next_dagrun for example_short_circuit_decorator to 2026-05-04 00:00:00+00:00, run_after=2026-05-05 00:00:00+00:00
[2026-05-05T04:42:29.259+0000] {processor.py:183} INFO - Processing /home/airflow/.local/lib/python3.12/site-packages/airflow/example_dags/example_short_circuit_decorator.py took 0.194 seconds
[2026-05-05T04:42:59.526+0000] {processor.py:161} INFO - Started process (PID=2581) to work on /home/airflow/.local/lib/python3.12/site-packages/airflow/example_dags/example_short_circuit_decorator.py
[2026-05-05T04:42:59.528+0000] {processor.py:830} INFO - Processing file /home/airflow/.local/lib/python3.12/site-packages/airflow/example_dags/example_short_circuit_decorator.py for tasks to queue
[2026-05-05T04:42:59.533+0000] {logging_mixin.py:188} INFO - [2026-05-05T04:42:59.532+0000] {dagbag.py:545} INFO - Filling up the DagBag from /home/airflow/.local/lib/python3.12/site-packages/airflow/example_dags/example_short_circuit_decorator.py
[2026-05-05T04:42:59.551+0000] {processor.py:840} INFO - DAG(s) 'example_short_circuit_decorator' retrieved from /home/airflow/.local/lib/python3.12/site-packages/airflow/example_dags/example_short_circuit_decorator.py
[2026-05-05T04:42:59.595+0000] {logging_mixin.py:188} INFO - [2026-05-05T04:42:59.595+0000] {dag.py:3089} INFO - Sync 1 DAGs
[2026-05-05T04:42:59.631+0000] {logging_mixin.py:188} INFO - [2026-05-05T04:42:59.631+0000] {dag.py:3947} INFO - Setting next_dagrun for example_short_circuit_decorator to 2026-05-04 00:00:00+00:00, run_after=2026-05-05 00:00:00+00:00
[2026-05-05T04:42:59.700+0000] {processor.py:183} INFO - Processing /home/airflow/.local/lib/python3.12/site-packages/airflow/example_dags/example_short_circuit_decorator.py took 0.184 seconds
[2026-05-05T04:43:30.216+0000] {processor.py:161} INFO - Started process (PID=2648) to work on /home/airflow/.local/lib/python3.12/site-packages/airflow/example_dags/example_short_circuit_decorator.py
[2026-05-05T04:43:30.219+0000] {processor.py:830} INFO - Processing file /home/airflow/.local/lib/python3.12/site-packages/airflow/example_dags/example_short_circuit_decorator.py for tasks to queue
[2026-05-05T04:43:30.222+0000] {logging_mixin.py:188} INFO - [2026-05-05T04:43:30.222+0000] {dagbag.py:545} INFO - Filling up the DagBag from /home/airflow/.local/lib/python3.12/site-packages/airflow/example_dags/example_short_circuit_decorator.py
[2026-05-05T04:43:30.236+0000] {processor.py:840} INFO - DAG(s) 'example_short_circuit_decorator' retrieved from /home/airflow/.local/lib/python3.12/site-packages/airflow/example_dags/example_short_circuit_decorator.py
[2026-05-05T04:43:30.274+0000] {logging_mixin.py:188} INFO - [2026-05-05T04:43:30.273+0000] {dag.py:3089} INFO - Sync 1 DAGs
[2026-05-05T04:43:30.309+0000] {logging_mixin.py:188} INFO - [2026-05-05T04:43:30.308+0000] {dag.py:3947} INFO - Setting next_dagrun for example_short_circuit_decorator to 2026-05-04 00:00:00+00:00, run_after=2026-05-05 00:00:00+00:00
[2026-05-05T04:43:30.344+0000] {processor.py:183} INFO - Processing /home/airflow/.local/lib/python3.12/site-packages/airflow/example_dags/example_short_circuit_decorator.py took 0.137 seconds
[2026-05-05T04:44:00.655+0000] {processor.py:161} INFO - Started process (PID=2716) to work on /home/airflow/.local/lib/python3.12/site-packages/airflow/example_dags/example_short_circuit_decorator.py
[2026-05-05T04:44:00.658+0000] {processor.py:830} INFO - Processing file /home/airflow/.local/lib/python3.12/site-packages/airflow/example_dags/example_short_circuit_decorator.py for tasks to queue
[2026-05-05T04:44:00.661+0000] {logging_mixin.py:188} INFO - [2026-05-05T04:44:00.661+0000] {dagbag.py:545} INFO - Filling up the DagBag from /home/airflow/.local/lib/python3.12/site-packages/airflow/example_dags/example_short_circuit_decorator.py
[2026-05-05T04:44:00.678+0000] {processor.py:840} INFO - DAG(s) 'example_short_circuit_decorator' retrieved from /home/airflow/.local/lib/python3.12/site-packages/airflow/example_dags/example_short_circuit_decorator.py
[2026-05-05T04:44:00.718+0000] {logging_mixin.py:188} INFO - [2026-05-05T04:44:00.717+0000] {dag.py:3089} INFO - Sync 1 DAGs
[2026-05-05T04:44:00.750+0000] {logging_mixin.py:188} INFO - [2026-05-05T04:44:00.750+0000] {dag.py:3947} INFO - Setting next_dagrun for example_short_circuit_decorator to 2026-05-04 00:00:00+00:00, run_after=2026-05-05 00:00:00+00:00
[2026-05-05T04:44:00.784+0000] {processor.py:183} INFO - Processing /home/airflow/.local/lib/python3.12/site-packages/airflow/example_dags/example_short_circuit_decorator.py took 0.140 seconds
[2026-05-05T04:44:31.544+0000] {processor.py:161} INFO - Started process (PID=2785) to work on /home/airflow/.local/lib/python3.12/site-packages/airflow/example_dags/example_short_circuit_decorator.py
[2026-05-05T04:44:31.547+0000] {processor.py:830} INFO - Processing file /home/airflow/.local/lib/python3.12/site-packages/airflow/example_dags/example_short_circuit_decorator.py for tasks to queue
[2026-05-05T04:44:31.551+0000] {logging_mixin.py:188} INFO - [2026-05-05T04:44:31.550+0000] {dagbag.py:545} INFO - Filling up the DagBag from /home/airflow/.local/lib/python3.12/site-packages/airflow/example_dags/example_short_circuit_decorator.py
[2026-05-05T04:44:31.574+0000] {processor.py:840} INFO - DAG(s) 'example_short_circuit_decorator' retrieved from /home/airflow/.local/lib/python3.12/site-packages/airflow/example_dags/example_short_circuit_decorator.py
[2026-05-05T04:44:31.618+0000] {logging_mixin.py:188} INFO - [2026-05-05T04:44:31.617+0000] {dag.py:3089} INFO - Sync 1 DAGs
[2026-05-05T04:44:31.655+0000] {logging_mixin.py:188} INFO - [2026-05-05T04:44:31.654+0000] {dag.py:3947} INFO - Setting next_dagrun for example_short_circuit_decorator to 2026-05-04 00:00:00+00:00, run_after=2026-05-05 00:00:00+00:00
[2026-05-05T04:44:31.830+0000] {processor.py:183} INFO - Processing /home/airflow/.local/lib/python3.12/site-packages/airflow/example_dags/example_short_circuit_decorator.py took 0.296 seconds
[2026-05-05T04:45:01.985+0000] {processor.py:161} INFO - Started process (PID=2858) to work on /home/airflow/.local/lib/python3.12/site-packages/airflow/example_dags/example_short_circuit_decorator.py
[2026-05-05T04:45:01.991+0000] {processor.py:830} INFO - Processing file /home/airflow/.local/lib/python3.12/site-packages/airflow/example_dags/example_short_circuit_decorator.py for tasks to queue
[2026-05-05T04:45:02.009+0000] {logging_mixin.py:188} INFO - [2026-05-05T04:45:02.009+0000] {dagbag.py:545} INFO - Filling up the DagBag from /home/airflow/.local/lib/python3.12/site-packages/airflow/example_dags/example_short_circuit_decorator.py
[2026-05-05T04:45:02.026+0000] {processor.py:840} INFO - DAG(s) 'example_short_circuit_decorator' retrieved from /home/airflow/.local/lib/python3.12/site-packages/airflow/example_dags/example_short_circuit_decorator.py
[2026-05-05T04:45:02.064+0000] {logging_mixin.py:188} INFO - [2026-05-05T04:45:02.063+0000] {dag.py:3089} INFO - Sync 1 DAGs
[2026-05-05T04:45:02.104+0000] {logging_mixin.py:188} INFO - [2026-05-05T04:45:02.103+0000] {dag.py:3947} INFO - Setting next_dagrun for example_short_circuit_decorator to 2026-05-04 00:00:00+00:00, run_after=2026-05-05 00:00:00+00:00
[2026-05-05T04:45:02.137+0000] {processor.py:183} INFO - Processing /home/airflow/.local/lib/python3.12/site-packages/airflow/example_dags/example_short_circuit_decorator.py took 0.161 seconds
[2026-05-05T04:45:33.143+0000] {processor.py:161} INFO - Started process (PID=2926) to work on /home/airflow/.local/lib/python3.12/site-packages/airflow/example_dags/example_short_circuit_decorator.py
[2026-05-05T04:45:33.145+0000] {processor.py:830} INFO - Processing file /home/airflow/.local/lib/python3.12/site-packages/airflow/example_dags/example_short_circuit_decorator.py for tasks to queue
[2026-05-05T04:45:33.150+0000] {logging_mixin.py:188} INFO - [2026-05-05T04:45:33.149+0000] {dagbag.py:545} INFO - Filling up the DagBag from /home/airflow/.local/lib/python3.12/site-packages/airflow/example_dags/example_short_circuit_decorator.py
[2026-05-05T04:45:33.170+0000] {processor.py:840} INFO - DAG(s) 'example_short_circuit_decorator' retrieved from /home/airflow/.local/lib/python3.12/site-packages/airflow/example_dags/example_short_circuit_decorator.py
[2026-05-05T04:45:33.216+0000] {logging_mixin.py:188} INFO - [2026-05-05T04:45:33.215+0000] {dag.py:3089} INFO - Sync 1 DAGs
[2026-05-05T04:45:33.263+0000] {logging_mixin.py:188} INFO - [2026-05-05T04:45:33.263+0000] {dag.py:3947} INFO - Setting next_dagrun for example_short_circuit_decorator to 2026-05-04 00:00:00+00:00, run_after=2026-05-05 00:00:00+00:00
[2026-05-05T04:45:33.332+0000] {processor.py:183} INFO - Processing /home/airflow/.local/lib/python3.12/site-packages/airflow/example_dags/example_short_circuit_decorator.py took 0.200 seconds
[2026-05-05T04:46:03.580+0000] {processor.py:161} INFO - Started process (PID=2994) to work on /home/airflow/.local/lib/python3.12/site-packages/airflow/example_dags/example_short_circuit_decorator.py
[2026-05-05T04:46:03.582+0000] {processor.py:830} INFO - Processing file /home/airflow/.local/lib/python3.12/site-packages/airflow/example_dags/example_short_circuit_decorator.py for tasks to queue
[2026-05-05T04:46:03.586+0000] {logging_mixin.py:188} INFO - [2026-05-05T04:46:03.585+0000] {dagbag.py:545} INFO - Filling up the DagBag from /home/airflow/.local/lib/python3.12/site-packages/airflow/example_dags/example_short_circuit_decorator.py
[2026-05-05T04:46:03.608+0000] {processor.py:840} INFO - DAG(s) 'example_short_circuit_decorator' retrieved from /home/airflow/.local/lib/python3.12/site-packages/airflow/example_dags/example_short_circuit_decorator.py
[2026-05-05T04:46:03.652+0000] {logging_mixin.py:188} INFO - [2026-05-05T04:46:03.651+0000] {dag.py:3089} INFO - Sync 1 DAGs
[2026-05-05T04:46:03.691+0000] {logging_mixin.py:188} INFO - [2026-05-05T04:46:03.690+0000] {dag.py:3947} INFO - Setting next_dagrun for example_short_circuit_decorator to 2026-05-04 00:00:00+00:00, run_after=2026-05-05 00:00:00+00:00
[2026-05-05T04:46:03.727+0000] {processor.py:183} INFO - Processing /home/airflow/.local/lib/python3.12/site-packages/airflow/example_dags/example_short_circuit_decorator.py took 0.157 seconds
[2026-05-05T04:46:34.230+0000] {processor.py:161} INFO - Started process (PID=3062) to work on /home/airflow/.local/lib/python3.12/site-packages/airflow/example_dags/example_short_circuit_decorator.py
[2026-05-05T04:46:34.231+0000] {processor.py:830} INFO - Processing file /home/airflow/.local/lib/python3.12/site-packages/airflow/example_dags/example_short_circuit_decorator.py for tasks to queue
[2026-05-05T04:46:34.237+0000] {logging_mixin.py:188} INFO - [2026-05-05T04:46:34.234+0000] {dagbag.py:545} INFO - Filling up the DagBag from /home/airflow/.local/lib/python3.12/site-packages/airflow/example_dags/example_short_circuit_decorator.py
[2026-05-05T04:46:34.260+0000] {processor.py:840} INFO - DAG(s) 'example_short_circuit_decorator' retrieved from /home/airflow/.local/lib/python3.12/site-packages/airflow/example_dags/example_short_circuit_decorator.py
[2026-05-05T04:46:34.314+0000] {logging_mixin.py:188} INFO - [2026-05-05T04:46:34.313+0000] {dag.py:3089} INFO - Sync 1 DAGs
[2026-05-05T04:46:34.363+0000] {logging_mixin.py:188} INFO - [2026-05-05T04:46:34.362+0000] {dag.py:3947} INFO - Setting next_dagrun for example_short_circuit_decorator to 2026-05-04 00:00:00+00:00, run_after=2026-05-05 00:00:00+00:00
[2026-05-05T04:46:34.405+0000] {processor.py:183} INFO - Processing /home/airflow/.local/lib/python3.12/site-packages/airflow/example_dags/example_short_circuit_decorator.py took 0.188 seconds
[2026-05-05T04:47:04.828+0000] {processor.py:161} INFO - Started process (PID=3130) to work on /home/airflow/.local/lib/python3.12/site-packages/airflow/example_dags/example_short_circuit_decorator.py
[2026-05-05T04:47:04.830+0000] {processor.py:830} INFO - Processing file /home/airflow/.local/lib/python3.12/site-packages/airflow/example_dags/example_short_circuit_decorator.py for tasks to queue
[2026-05-05T04:47:04.834+0000] {logging_mixin.py:188} INFO - [2026-05-05T04:47:04.833+0000] {dagbag.py:545} INFO - Filling up the DagBag from /home/airflow/.local/lib/python3.12/site-packages/airflow/example_dags/example_short_circuit_decorator.py
[2026-05-05T04:47:04.854+0000] {processor.py:840} INFO - DAG(s) 'example_short_circuit_decorator' retrieved from /home/airflow/.local/lib/python3.12/site-packages/airflow/example_dags/example_short_circuit_decorator.py
[2026-05-05T04:47:04.907+0000] {logging_mixin.py:188} INFO - [2026-05-05T04:47:04.907+0000] {dag.py:3089} INFO - Sync 1 DAGs
[2026-05-05T04:47:04.959+0000] {logging_mixin.py:188} INFO - [2026-05-05T04:47:04.958+0000] {dag.py:3947} INFO - Setting next_dagrun for example_short_circuit_decorator to 2026-05-04 00:00:00+00:00, run_after=2026-05-05 00:00:00+00:00
[2026-05-05T04:47:05.044+0000] {processor.py:183} INFO - Processing /home/airflow/.local/lib/python3.12/site-packages/airflow/example_dags/example_short_circuit_decorator.py took 0.227 seconds
