[2026-05-05T04:12:51.490+0000] {processor.py:161} INFO - Started process (PID=53) to work on /home/airflow/.local/lib/python3.12/site-packages/airflow/example_dags/example_xcomargs.py
[2026-05-05T04:12:51.492+0000] {processor.py:830} INFO - Processing file /home/airflow/.local/lib/python3.12/site-packages/airflow/example_dags/example_xcomargs.py for tasks to queue
[2026-05-05T04:12:51.496+0000] {logging_mixin.py:188} INFO - [2026-05-05T04:12:51.495+0000] {dagbag.py:545} INFO - Filling up the DagBag from /home/airflow/.local/lib/python3.12/site-packages/airflow/example_dags/example_xcomargs.py
[2026-05-05T04:12:51.512+0000] {processor.py:840} INFO - DAG(s) 'example_xcom_args', 'example_xcom_args_with_operators' retrieved from /home/airflow/.local/lib/python3.12/site-packages/airflow/example_dags/example_xcomargs.py
[2026-05-05T04:12:51.559+0000] {logging_mixin.py:188} INFO - [2026-05-05T04:12:51.559+0000] {dag.py:3089} INFO - Sync 2 DAGs
[2026-05-05T04:12:51.581+0000] {logging_mixin.py:188} INFO - [2026-05-05T04:12:51.580+0000] {dag.py:3947} INFO - Setting next_dagrun for example_xcom_args to None, run_after=None
[2026-05-05T04:12:51.586+0000] {logging_mixin.py:188} INFO - [2026-05-05T04:12:51.586+0000] {dag.py:3947} INFO - Setting next_dagrun for example_xcom_args_with_operators to None, run_after=None
[2026-05-05T04:12:51.617+0000] {processor.py:183} INFO - Processing /home/airflow/.local/lib/python3.12/site-packages/airflow/example_dags/example_xcomargs.py took 0.140 seconds
[2026-05-05T04:13:22.428+0000] {processor.py:161} INFO - Started process (PID=122) to work on /home/airflow/.local/lib/python3.12/site-packages/airflow/example_dags/example_xcomargs.py
[2026-05-05T04:13:22.432+0000] {processor.py:830} INFO - Processing file /home/airflow/.local/lib/python3.12/site-packages/airflow/example_dags/example_xcomargs.py for tasks to queue
[2026-05-05T04:13:22.439+0000] {logging_mixin.py:188} INFO - [2026-05-05T04:13:22.438+0000] {dagbag.py:545} INFO - Filling up the DagBag from /home/airflow/.local/lib/python3.12/site-packages/airflow/example_dags/example_xcomargs.py
[2026-05-05T04:13:22.454+0000] {processor.py:840} INFO - DAG(s) 'example_xcom_args', 'example_xcom_args_with_operators' retrieved from /home/airflow/.local/lib/python3.12/site-packages/airflow/example_dags/example_xcomargs.py
[2026-05-05T04:13:22.479+0000] {logging_mixin.py:188} INFO - [2026-05-05T04:13:22.478+0000] {dag.py:3089} INFO - Sync 2 DAGs
[2026-05-05T04:13:22.504+0000] {logging_mixin.py:188} INFO - [2026-05-05T04:13:22.503+0000] {dag.py:3947} INFO - Setting next_dagrun for example_xcom_args to None, run_after=None
[2026-05-05T04:13:22.511+0000] {logging_mixin.py:188} INFO - [2026-05-05T04:13:22.510+0000] {dag.py:3947} INFO - Setting next_dagrun for example_xcom_args_with_operators to None, run_after=None
[2026-05-05T04:13:22.572+0000] {processor.py:183} INFO - Processing /home/airflow/.local/lib/python3.12/site-packages/airflow/example_dags/example_xcomargs.py took 0.154 seconds
[2026-05-05T04:13:53.715+0000] {processor.py:161} INFO - Started process (PID=196) to work on /home/airflow/.local/lib/python3.12/site-packages/airflow/example_dags/example_xcomargs.py
[2026-05-05T04:13:53.718+0000] {processor.py:830} INFO - Processing file /home/airflow/.local/lib/python3.12/site-packages/airflow/example_dags/example_xcomargs.py for tasks to queue
[2026-05-05T04:13:53.725+0000] {logging_mixin.py:188} INFO - [2026-05-05T04:13:53.723+0000] {dagbag.py:545} INFO - Filling up the DagBag from /home/airflow/.local/lib/python3.12/site-packages/airflow/example_dags/example_xcomargs.py
[2026-05-05T04:13:53.739+0000] {processor.py:840} INFO - DAG(s) 'example_xcom_args_with_operators', 'example_xcom_args' retrieved from /home/airflow/.local/lib/python3.12/site-packages/airflow/example_dags/example_xcomargs.py
[2026-05-05T04:13:53.908+0000] {logging_mixin.py:188} INFO - [2026-05-05T04:13:53.907+0000] {dag.py:3089} INFO - Sync 2 DAGs
[2026-05-05T04:13:53.927+0000] {logging_mixin.py:188} INFO - [2026-05-05T04:13:53.927+0000] {dag.py:3947} INFO - Setting next_dagrun for example_xcom_args to None, run_after=None
[2026-05-05T04:13:53.933+0000] {logging_mixin.py:188} INFO - [2026-05-05T04:13:53.932+0000] {dag.py:3947} INFO - Setting next_dagrun for example_xcom_args_with_operators to None, run_after=None
[2026-05-05T04:13:53.966+0000] {processor.py:183} INFO - Processing /home/airflow/.local/lib/python3.12/site-packages/airflow/example_dags/example_xcomargs.py took 0.268 seconds
[2026-05-05T04:14:24.345+0000] {processor.py:161} INFO - Started process (PID=265) to work on /home/airflow/.local/lib/python3.12/site-packages/airflow/example_dags/example_xcomargs.py
[2026-05-05T04:14:24.348+0000] {processor.py:830} INFO - Processing file /home/airflow/.local/lib/python3.12/site-packages/airflow/example_dags/example_xcomargs.py for tasks to queue
[2026-05-05T04:14:24.351+0000] {logging_mixin.py:188} INFO - [2026-05-05T04:14:24.351+0000] {dagbag.py:545} INFO - Filling up the DagBag from /home/airflow/.local/lib/python3.12/site-packages/airflow/example_dags/example_xcomargs.py
[2026-05-05T04:14:24.364+0000] {processor.py:840} INFO - DAG(s) 'example_xcom_args', 'example_xcom_args_with_operators' retrieved from /home/airflow/.local/lib/python3.12/site-packages/airflow/example_dags/example_xcomargs.py
[2026-05-05T04:14:24.407+0000] {logging_mixin.py:188} INFO - [2026-05-05T04:14:24.406+0000] {dag.py:3089} INFO - Sync 2 DAGs
[2026-05-05T04:14:24.431+0000] {logging_mixin.py:188} INFO - [2026-05-05T04:14:24.430+0000] {dag.py:3947} INFO - Setting next_dagrun for example_xcom_args to None, run_after=None
[2026-05-05T04:14:24.439+0000] {logging_mixin.py:188} INFO - [2026-05-05T04:14:24.439+0000] {dag.py:3947} INFO - Setting next_dagrun for example_xcom_args_with_operators to None, run_after=None
[2026-05-05T04:14:24.510+0000] {processor.py:183} INFO - Processing /home/airflow/.local/lib/python3.12/site-packages/airflow/example_dags/example_xcomargs.py took 0.175 seconds
[2026-05-05T04:14:55.164+0000] {processor.py:161} INFO - Started process (PID=333) to work on /home/airflow/.local/lib/python3.12/site-packages/airflow/example_dags/example_xcomargs.py
[2026-05-05T04:14:55.166+0000] {processor.py:830} INFO - Processing file /home/airflow/.local/lib/python3.12/site-packages/airflow/example_dags/example_xcomargs.py for tasks to queue
[2026-05-05T04:14:55.170+0000] {logging_mixin.py:188} INFO - [2026-05-05T04:14:55.169+0000] {dagbag.py:545} INFO - Filling up the DagBag from /home/airflow/.local/lib/python3.12/site-packages/airflow/example_dags/example_xcomargs.py
[2026-05-05T04:14:55.189+0000] {processor.py:840} INFO - DAG(s) 'example_xcom_args_with_operators', 'example_xcom_args' retrieved from /home/airflow/.local/lib/python3.12/site-packages/airflow/example_dags/example_xcomargs.py
[2026-05-05T04:14:55.231+0000] {logging_mixin.py:188} INFO - [2026-05-05T04:14:55.230+0000] {dag.py:3089} INFO - Sync 2 DAGs
[2026-05-05T04:14:55.261+0000] {logging_mixin.py:188} INFO - [2026-05-05T04:14:55.260+0000] {dag.py:3947} INFO - Setting next_dagrun for example_xcom_args to None, run_after=None
[2026-05-05T04:14:55.268+0000] {logging_mixin.py:188} INFO - [2026-05-05T04:14:55.268+0000] {dag.py:3947} INFO - Setting next_dagrun for example_xcom_args_with_operators to None, run_after=None
[2026-05-05T04:14:55.303+0000] {processor.py:183} INFO - Processing /home/airflow/.local/lib/python3.12/site-packages/airflow/example_dags/example_xcomargs.py took 0.151 seconds
[2026-05-05T04:15:26.365+0000] {processor.py:161} INFO - Started process (PID=401) to work on /home/airflow/.local/lib/python3.12/site-packages/airflow/example_dags/example_xcomargs.py
[2026-05-05T04:15:26.367+0000] {processor.py:830} INFO - Processing file /home/airflow/.local/lib/python3.12/site-packages/airflow/example_dags/example_xcomargs.py for tasks to queue
[2026-05-05T04:15:26.370+0000] {logging_mixin.py:188} INFO - [2026-05-05T04:15:26.370+0000] {dagbag.py:545} INFO - Filling up the DagBag from /home/airflow/.local/lib/python3.12/site-packages/airflow/example_dags/example_xcomargs.py
[2026-05-05T04:15:26.383+0000] {processor.py:840} INFO - DAG(s) 'example_xcom_args_with_operators', 'example_xcom_args' retrieved from /home/airflow/.local/lib/python3.12/site-packages/airflow/example_dags/example_xcomargs.py
[2026-05-05T04:15:26.421+0000] {logging_mixin.py:188} INFO - [2026-05-05T04:15:26.421+0000] {dag.py:3089} INFO - Sync 2 DAGs
[2026-05-05T04:15:26.440+0000] {logging_mixin.py:188} INFO - [2026-05-05T04:15:26.440+0000] {dag.py:3947} INFO - Setting next_dagrun for example_xcom_args to None, run_after=None
[2026-05-05T04:15:26.447+0000] {logging_mixin.py:188} INFO - [2026-05-05T04:15:26.446+0000] {dag.py:3947} INFO - Setting next_dagrun for example_xcom_args_with_operators to None, run_after=None
[2026-05-05T04:15:26.480+0000] {processor.py:183} INFO - Processing /home/airflow/.local/lib/python3.12/site-packages/airflow/example_dags/example_xcomargs.py took 0.126 seconds
[2026-05-05T04:15:57.394+0000] {processor.py:161} INFO - Started process (PID=469) to work on /home/airflow/.local/lib/python3.12/site-packages/airflow/example_dags/example_xcomargs.py
[2026-05-05T04:15:57.396+0000] {processor.py:830} INFO - Processing file /home/airflow/.local/lib/python3.12/site-packages/airflow/example_dags/example_xcomargs.py for tasks to queue
[2026-05-05T04:15:57.400+0000] {logging_mixin.py:188} INFO - [2026-05-05T04:15:57.399+0000] {dagbag.py:545} INFO - Filling up the DagBag from /home/airflow/.local/lib/python3.12/site-packages/airflow/example_dags/example_xcomargs.py
[2026-05-05T04:15:57.416+0000] {processor.py:840} INFO - DAG(s) 'example_xcom_args_with_operators', 'example_xcom_args' retrieved from /home/airflow/.local/lib/python3.12/site-packages/airflow/example_dags/example_xcomargs.py
[2026-05-05T04:15:57.462+0000] {logging_mixin.py:188} INFO - [2026-05-05T04:15:57.460+0000] {dag.py:3089} INFO - Sync 2 DAGs
[2026-05-05T04:15:57.487+0000] {logging_mixin.py:188} INFO - [2026-05-05T04:15:57.486+0000] {dag.py:3947} INFO - Setting next_dagrun for example_xcom_args to None, run_after=None
[2026-05-05T04:15:57.493+0000] {logging_mixin.py:188} INFO - [2026-05-05T04:15:57.493+0000] {dag.py:3947} INFO - Setting next_dagrun for example_xcom_args_with_operators to None, run_after=None
[2026-05-05T04:15:57.529+0000] {processor.py:183} INFO - Processing /home/airflow/.local/lib/python3.12/site-packages/airflow/example_dags/example_xcomargs.py took 0.148 seconds
[2026-05-05T04:16:28.184+0000] {processor.py:161} INFO - Started process (PID=537) to work on /home/airflow/.local/lib/python3.12/site-packages/airflow/example_dags/example_xcomargs.py
[2026-05-05T04:16:28.185+0000] {processor.py:830} INFO - Processing file /home/airflow/.local/lib/python3.12/site-packages/airflow/example_dags/example_xcomargs.py for tasks to queue
[2026-05-05T04:16:28.189+0000] {logging_mixin.py:188} INFO - [2026-05-05T04:16:28.188+0000] {dagbag.py:545} INFO - Filling up the DagBag from /home/airflow/.local/lib/python3.12/site-packages/airflow/example_dags/example_xcomargs.py
[2026-05-05T04:16:28.200+0000] {processor.py:840} INFO - DAG(s) 'example_xcom_args', 'example_xcom_args_with_operators' retrieved from /home/airflow/.local/lib/python3.12/site-packages/airflow/example_dags/example_xcomargs.py
[2026-05-05T04:16:28.244+0000] {logging_mixin.py:188} INFO - [2026-05-05T04:16:28.244+0000] {dag.py:3089} INFO - Sync 2 DAGs
[2026-05-05T04:16:28.267+0000] {logging_mixin.py:188} INFO - [2026-05-05T04:16:28.266+0000] {dag.py:3947} INFO - Setting next_dagrun for example_xcom_args to None, run_after=None
[2026-05-05T04:16:28.273+0000] {logging_mixin.py:188} INFO - [2026-05-05T04:16:28.273+0000] {dag.py:3947} INFO - Setting next_dagrun for example_xcom_args_with_operators to None, run_after=None
[2026-05-05T04:16:28.558+0000] {processor.py:183} INFO - Processing /home/airflow/.local/lib/python3.12/site-packages/airflow/example_dags/example_xcomargs.py took 0.384 seconds
[2026-05-05T04:16:58.935+0000] {processor.py:161} INFO - Started process (PID=613) to work on /home/airflow/.local/lib/python3.12/site-packages/airflow/example_dags/example_xcomargs.py
[2026-05-05T04:16:58.937+0000] {processor.py:830} INFO - Processing file /home/airflow/.local/lib/python3.12/site-packages/airflow/example_dags/example_xcomargs.py for tasks to queue
[2026-05-05T04:16:58.942+0000] {logging_mixin.py:188} INFO - [2026-05-05T04:16:58.942+0000] {dagbag.py:545} INFO - Filling up the DagBag from /home/airflow/.local/lib/python3.12/site-packages/airflow/example_dags/example_xcomargs.py
[2026-05-05T04:16:58.955+0000] {processor.py:840} INFO - DAG(s) 'example_xcom_args_with_operators', 'example_xcom_args' retrieved from /home/airflow/.local/lib/python3.12/site-packages/airflow/example_dags/example_xcomargs.py
[2026-05-05T04:16:58.998+0000] {logging_mixin.py:188} INFO - [2026-05-05T04:16:58.997+0000] {dag.py:3089} INFO - Sync 2 DAGs
[2026-05-05T04:16:59.019+0000] {logging_mixin.py:188} INFO - [2026-05-05T04:16:59.019+0000] {dag.py:3947} INFO - Setting next_dagrun for example_xcom_args to None, run_after=None
[2026-05-05T04:16:59.025+0000] {logging_mixin.py:188} INFO - [2026-05-05T04:16:59.024+0000] {dag.py:3947} INFO - Setting next_dagrun for example_xcom_args_with_operators to None, run_after=None
[2026-05-05T04:16:59.084+0000] {processor.py:183} INFO - Processing /home/airflow/.local/lib/python3.12/site-packages/airflow/example_dags/example_xcomargs.py took 0.158 seconds
[2026-05-05T04:17:29.277+0000] {processor.py:161} INFO - Started process (PID=681) to work on /home/airflow/.local/lib/python3.12/site-packages/airflow/example_dags/example_xcomargs.py
[2026-05-05T04:17:29.280+0000] {processor.py:830} INFO - Processing file /home/airflow/.local/lib/python3.12/site-packages/airflow/example_dags/example_xcomargs.py for tasks to queue
[2026-05-05T04:17:29.283+0000] {logging_mixin.py:188} INFO - [2026-05-05T04:17:29.283+0000] {dagbag.py:545} INFO - Filling up the DagBag from /home/airflow/.local/lib/python3.12/site-packages/airflow/example_dags/example_xcomargs.py
[2026-05-05T04:17:29.296+0000] {processor.py:840} INFO - DAG(s) 'example_xcom_args', 'example_xcom_args_with_operators' retrieved from /home/airflow/.local/lib/python3.12/site-packages/airflow/example_dags/example_xcomargs.py
[2026-05-05T04:17:29.338+0000] {logging_mixin.py:188} INFO - [2026-05-05T04:17:29.338+0000] {dag.py:3089} INFO - Sync 2 DAGs
[2026-05-05T04:17:29.356+0000] {logging_mixin.py:188} INFO - [2026-05-05T04:17:29.355+0000] {dag.py:3947} INFO - Setting next_dagrun for example_xcom_args to None, run_after=None
[2026-05-05T04:17:29.362+0000] {logging_mixin.py:188} INFO - [2026-05-05T04:17:29.361+0000] {dag.py:3947} INFO - Setting next_dagrun for example_xcom_args_with_operators to None, run_after=None
[2026-05-05T04:17:29.391+0000] {processor.py:183} INFO - Processing /home/airflow/.local/lib/python3.12/site-packages/airflow/example_dags/example_xcomargs.py took 0.123 seconds
[2026-05-05T04:17:59.686+0000] {processor.py:161} INFO - Started process (PID=749) to work on /home/airflow/.local/lib/python3.12/site-packages/airflow/example_dags/example_xcomargs.py
[2026-05-05T04:17:59.688+0000] {processor.py:830} INFO - Processing file /home/airflow/.local/lib/python3.12/site-packages/airflow/example_dags/example_xcomargs.py for tasks to queue
[2026-05-05T04:17:59.691+0000] {logging_mixin.py:188} INFO - [2026-05-05T04:17:59.691+0000] {dagbag.py:545} INFO - Filling up the DagBag from /home/airflow/.local/lib/python3.12/site-packages/airflow/example_dags/example_xcomargs.py
[2026-05-05T04:17:59.704+0000] {processor.py:840} INFO - DAG(s) 'example_xcom_args_with_operators', 'example_xcom_args' retrieved from /home/airflow/.local/lib/python3.12/site-packages/airflow/example_dags/example_xcomargs.py
[2026-05-05T04:17:59.743+0000] {logging_mixin.py:188} INFO - [2026-05-05T04:17:59.742+0000] {dag.py:3089} INFO - Sync 2 DAGs
[2026-05-05T04:17:59.762+0000] {logging_mixin.py:188} INFO - [2026-05-05T04:17:59.761+0000] {dag.py:3947} INFO - Setting next_dagrun for example_xcom_args to None, run_after=None
[2026-05-05T04:17:59.768+0000] {logging_mixin.py:188} INFO - [2026-05-05T04:17:59.767+0000] {dag.py:3947} INFO - Setting next_dagrun for example_xcom_args_with_operators to None, run_after=None
[2026-05-05T04:17:59.802+0000] {processor.py:183} INFO - Processing /home/airflow/.local/lib/python3.12/site-packages/airflow/example_dags/example_xcomargs.py took 0.125 seconds
[2026-05-05T04:18:30.493+0000] {processor.py:161} INFO - Started process (PID=817) to work on /home/airflow/.local/lib/python3.12/site-packages/airflow/example_dags/example_xcomargs.py
[2026-05-05T04:18:30.496+0000] {processor.py:830} INFO - Processing file /home/airflow/.local/lib/python3.12/site-packages/airflow/example_dags/example_xcomargs.py for tasks to queue
[2026-05-05T04:18:30.500+0000] {logging_mixin.py:188} INFO - [2026-05-05T04:18:30.499+0000] {dagbag.py:545} INFO - Filling up the DagBag from /home/airflow/.local/lib/python3.12/site-packages/airflow/example_dags/example_xcomargs.py
[2026-05-05T04:18:30.519+0000] {processor.py:840} INFO - DAG(s) 'example_xcom_args_with_operators', 'example_xcom_args' retrieved from /home/airflow/.local/lib/python3.12/site-packages/airflow/example_dags/example_xcomargs.py
[2026-05-05T04:18:30.564+0000] {logging_mixin.py:188} INFO - [2026-05-05T04:18:30.564+0000] {dag.py:3089} INFO - Sync 2 DAGs
[2026-05-05T04:18:30.594+0000] {logging_mixin.py:188} INFO - [2026-05-05T04:18:30.593+0000] {dag.py:3947} INFO - Setting next_dagrun for example_xcom_args to None, run_after=None
[2026-05-05T04:18:30.602+0000] {logging_mixin.py:188} INFO - [2026-05-05T04:18:30.602+0000] {dag.py:3947} INFO - Setting next_dagrun for example_xcom_args_with_operators to None, run_after=None
[2026-05-05T04:18:30.643+0000] {processor.py:183} INFO - Processing /home/airflow/.local/lib/python3.12/site-packages/airflow/example_dags/example_xcomargs.py took 0.161 seconds
[2026-05-05T04:24:27.404+0000] {processor.py:161} INFO - Started process (PID=60) to work on /home/airflow/.local/lib/python3.12/site-packages/airflow/example_dags/example_xcomargs.py
[2026-05-05T04:24:27.406+0000] {processor.py:830} INFO - Processing file /home/airflow/.local/lib/python3.12/site-packages/airflow/example_dags/example_xcomargs.py for tasks to queue
[2026-05-05T04:24:27.410+0000] {logging_mixin.py:188} INFO - [2026-05-05T04:24:27.410+0000] {dagbag.py:545} INFO - Filling up the DagBag from /home/airflow/.local/lib/python3.12/site-packages/airflow/example_dags/example_xcomargs.py
[2026-05-05T04:24:27.425+0000] {processor.py:840} INFO - DAG(s) 'example_xcom_args', 'example_xcom_args_with_operators' retrieved from /home/airflow/.local/lib/python3.12/site-packages/airflow/example_dags/example_xcomargs.py
[2026-05-05T04:24:27.599+0000] {logging_mixin.py:188} INFO - [2026-05-05T04:24:27.598+0000] {override.py:1858} INFO - Created Permission View: can edit on DAG:example_xcom_args
[2026-05-05T04:24:27.621+0000] {logging_mixin.py:188} INFO - [2026-05-05T04:24:27.620+0000] {override.py:1858} INFO - Created Permission View: can delete on DAG:example_xcom_args
[2026-05-05T04:24:27.634+0000] {logging_mixin.py:188} INFO - [2026-05-05T04:24:27.633+0000] {override.py:1858} INFO - Created Permission View: can read on DAG:example_xcom_args
[2026-05-05T04:24:27.659+0000] {logging_mixin.py:188} INFO - [2026-05-05T04:24:27.659+0000] {override.py:1858} INFO - Created Permission View: can edit on DAG:example_xcom_args_with_operators
[2026-05-05T04:24:27.674+0000] {logging_mixin.py:188} INFO - [2026-05-05T04:24:27.674+0000] {override.py:1858} INFO - Created Permission View: can delete on DAG:example_xcom_args_with_operators
[2026-05-05T04:24:27.688+0000] {logging_mixin.py:188} INFO - [2026-05-05T04:24:27.687+0000] {override.py:1858} INFO - Created Permission View: can read on DAG:example_xcom_args_with_operators
[2026-05-05T04:24:27.690+0000] {logging_mixin.py:188} INFO - [2026-05-05T04:24:27.690+0000] {dag.py:3089} INFO - Sync 2 DAGs
[2026-05-05T04:24:27.707+0000] {logging_mixin.py:188} INFO - [2026-05-05T04:24:27.706+0000] {dag.py:3111} INFO - Creating ORM DAG for example_xcom_args
[2026-05-05T04:24:27.710+0000] {logging_mixin.py:188} INFO - [2026-05-05T04:24:27.710+0000] {dag.py:3111} INFO - Creating ORM DAG for example_xcom_args_with_operators
[2026-05-05T04:24:27.711+0000] {logging_mixin.py:188} INFO - [2026-05-05T04:24:27.711+0000] {dag.py:3947} INFO - Setting next_dagrun for example_xcom_args to None, run_after=None
[2026-05-05T04:24:27.713+0000] {logging_mixin.py:188} INFO - [2026-05-05T04:24:27.713+0000] {dag.py:3947} INFO - Setting next_dagrun for example_xcom_args_with_operators to None, run_after=None
[2026-05-05T04:24:27.743+0000] {processor.py:183} INFO - Processing /home/airflow/.local/lib/python3.12/site-packages/airflow/example_dags/example_xcomargs.py took 0.348 seconds
[2026-05-05T04:24:58.393+0000] {processor.py:161} INFO - Started process (PID=128) to work on /home/airflow/.local/lib/python3.12/site-packages/airflow/example_dags/example_xcomargs.py
[2026-05-05T04:24:58.396+0000] {processor.py:830} INFO - Processing file /home/airflow/.local/lib/python3.12/site-packages/airflow/example_dags/example_xcomargs.py for tasks to queue
[2026-05-05T04:24:58.399+0000] {logging_mixin.py:188} INFO - [2026-05-05T04:24:58.399+0000] {dagbag.py:545} INFO - Filling up the DagBag from /home/airflow/.local/lib/python3.12/site-packages/airflow/example_dags/example_xcomargs.py
[2026-05-05T04:24:58.415+0000] {processor.py:840} INFO - DAG(s) 'example_xcom_args', 'example_xcom_args_with_operators' retrieved from /home/airflow/.local/lib/python3.12/site-packages/airflow/example_dags/example_xcomargs.py
[2026-05-05T04:24:58.462+0000] {logging_mixin.py:188} INFO - [2026-05-05T04:24:58.461+0000] {dag.py:3089} INFO - Sync 2 DAGs
[2026-05-05T04:24:58.487+0000] {logging_mixin.py:188} INFO - [2026-05-05T04:24:58.487+0000] {dag.py:3947} INFO - Setting next_dagrun for example_xcom_args to None, run_after=None
[2026-05-05T04:24:58.494+0000] {logging_mixin.py:188} INFO - [2026-05-05T04:24:58.494+0000] {dag.py:3947} INFO - Setting next_dagrun for example_xcom_args_with_operators to None, run_after=None
[2026-05-05T04:24:58.556+0000] {processor.py:183} INFO - Processing /home/airflow/.local/lib/python3.12/site-packages/airflow/example_dags/example_xcomargs.py took 0.177 seconds
[2026-05-05T04:25:28.739+0000] {processor.py:161} INFO - Started process (PID=197) to work on /home/airflow/.local/lib/python3.12/site-packages/airflow/example_dags/example_xcomargs.py
[2026-05-05T04:25:28.741+0000] {processor.py:830} INFO - Processing file /home/airflow/.local/lib/python3.12/site-packages/airflow/example_dags/example_xcomargs.py for tasks to queue
[2026-05-05T04:25:28.745+0000] {logging_mixin.py:188} INFO - [2026-05-05T04:25:28.745+0000] {dagbag.py:545} INFO - Filling up the DagBag from /home/airflow/.local/lib/python3.12/site-packages/airflow/example_dags/example_xcomargs.py
[2026-05-05T04:25:28.769+0000] {processor.py:840} INFO - DAG(s) 'example_xcom_args', 'example_xcom_args_with_operators' retrieved from /home/airflow/.local/lib/python3.12/site-packages/airflow/example_dags/example_xcomargs.py
[2026-05-05T04:25:28.821+0000] {logging_mixin.py:188} INFO - [2026-05-05T04:25:28.820+0000] {dag.py:3089} INFO - Sync 2 DAGs
[2026-05-05T04:25:28.849+0000] {logging_mixin.py:188} INFO - [2026-05-05T04:25:28.849+0000] {dag.py:3947} INFO - Setting next_dagrun for example_xcom_args to None, run_after=None
[2026-05-05T04:25:28.856+0000] {logging_mixin.py:188} INFO - [2026-05-05T04:25:28.856+0000] {dag.py:3947} INFO - Setting next_dagrun for example_xcom_args_with_operators to None, run_after=None
[2026-05-05T04:25:28.887+0000] {processor.py:183} INFO - Processing /home/airflow/.local/lib/python3.12/site-packages/airflow/example_dags/example_xcomargs.py took 0.162 seconds
[2026-05-05T04:25:59.145+0000] {processor.py:161} INFO - Started process (PID=265) to work on /home/airflow/.local/lib/python3.12/site-packages/airflow/example_dags/example_xcomargs.py
[2026-05-05T04:25:59.147+0000] {processor.py:830} INFO - Processing file /home/airflow/.local/lib/python3.12/site-packages/airflow/example_dags/example_xcomargs.py for tasks to queue
[2026-05-05T04:25:59.151+0000] {logging_mixin.py:188} INFO - [2026-05-05T04:25:59.150+0000] {dagbag.py:545} INFO - Filling up the DagBag from /home/airflow/.local/lib/python3.12/site-packages/airflow/example_dags/example_xcomargs.py
[2026-05-05T04:25:59.165+0000] {processor.py:840} INFO - DAG(s) 'example_xcom_args', 'example_xcom_args_with_operators' retrieved from /home/airflow/.local/lib/python3.12/site-packages/airflow/example_dags/example_xcomargs.py
[2026-05-05T04:25:59.206+0000] {logging_mixin.py:188} INFO - [2026-05-05T04:25:59.206+0000] {dag.py:3089} INFO - Sync 2 DAGs
[2026-05-05T04:25:59.236+0000] {logging_mixin.py:188} INFO - [2026-05-05T04:25:59.235+0000] {dag.py:3947} INFO - Setting next_dagrun for example_xcom_args to None, run_after=None
[2026-05-05T04:25:59.247+0000] {logging_mixin.py:188} INFO - [2026-05-05T04:25:59.246+0000] {dag.py:3947} INFO - Setting next_dagrun for example_xcom_args_with_operators to None, run_after=None
[2026-05-05T04:25:59.278+0000] {processor.py:183} INFO - Processing /home/airflow/.local/lib/python3.12/site-packages/airflow/example_dags/example_xcomargs.py took 0.148 seconds
[2026-05-05T04:26:29.591+0000] {processor.py:161} INFO - Started process (PID=333) to work on /home/airflow/.local/lib/python3.12/site-packages/airflow/example_dags/example_xcomargs.py
[2026-05-05T04:26:29.593+0000] {processor.py:830} INFO - Processing file /home/airflow/.local/lib/python3.12/site-packages/airflow/example_dags/example_xcomargs.py for tasks to queue
[2026-05-05T04:26:29.598+0000] {logging_mixin.py:188} INFO - [2026-05-05T04:26:29.597+0000] {dagbag.py:545} INFO - Filling up the DagBag from /home/airflow/.local/lib/python3.12/site-packages/airflow/example_dags/example_xcomargs.py
[2026-05-05T04:26:29.613+0000] {processor.py:840} INFO - DAG(s) 'example_xcom_args', 'example_xcom_args_with_operators' retrieved from /home/airflow/.local/lib/python3.12/site-packages/airflow/example_dags/example_xcomargs.py
[2026-05-05T04:26:29.656+0000] {logging_mixin.py:188} INFO - [2026-05-05T04:26:29.656+0000] {dag.py:3089} INFO - Sync 2 DAGs
[2026-05-05T04:26:29.675+0000] {logging_mixin.py:188} INFO - [2026-05-05T04:26:29.675+0000] {dag.py:3947} INFO - Setting next_dagrun for example_xcom_args to None, run_after=None
[2026-05-05T04:26:29.682+0000] {logging_mixin.py:188} INFO - [2026-05-05T04:26:29.682+0000] {dag.py:3947} INFO - Setting next_dagrun for example_xcom_args_with_operators to None, run_after=None
[2026-05-05T04:26:29.713+0000] {processor.py:183} INFO - Processing /home/airflow/.local/lib/python3.12/site-packages/airflow/example_dags/example_xcomargs.py took 0.133 seconds
[2026-05-05T04:27:00.610+0000] {processor.py:161} INFO - Started process (PID=401) to work on /home/airflow/.local/lib/python3.12/site-packages/airflow/example_dags/example_xcomargs.py
[2026-05-05T04:27:00.613+0000] {processor.py:830} INFO - Processing file /home/airflow/.local/lib/python3.12/site-packages/airflow/example_dags/example_xcomargs.py for tasks to queue
[2026-05-05T04:27:00.617+0000] {logging_mixin.py:188} INFO - [2026-05-05T04:27:00.617+0000] {dagbag.py:545} INFO - Filling up the DagBag from /home/airflow/.local/lib/python3.12/site-packages/airflow/example_dags/example_xcomargs.py
[2026-05-05T04:27:00.636+0000] {processor.py:840} INFO - DAG(s) 'example_xcom_args', 'example_xcom_args_with_operators' retrieved from /home/airflow/.local/lib/python3.12/site-packages/airflow/example_dags/example_xcomargs.py
[2026-05-05T04:27:00.683+0000] {logging_mixin.py:188} INFO - [2026-05-05T04:27:00.683+0000] {dag.py:3089} INFO - Sync 2 DAGs
[2026-05-05T04:27:00.707+0000] {logging_mixin.py:188} INFO - [2026-05-05T04:27:00.707+0000] {dag.py:3947} INFO - Setting next_dagrun for example_xcom_args to None, run_after=None
[2026-05-05T04:27:00.716+0000] {logging_mixin.py:188} INFO - [2026-05-05T04:27:00.715+0000] {dag.py:3947} INFO - Setting next_dagrun for example_xcom_args_with_operators to None, run_after=None
[2026-05-05T04:27:00.786+0000] {processor.py:183} INFO - Processing /home/airflow/.local/lib/python3.12/site-packages/airflow/example_dags/example_xcomargs.py took 0.189 seconds
[2026-05-05T04:27:31.654+0000] {processor.py:161} INFO - Started process (PID=475) to work on /home/airflow/.local/lib/python3.12/site-packages/airflow/example_dags/example_xcomargs.py
[2026-05-05T04:27:31.657+0000] {processor.py:830} INFO - Processing file /home/airflow/.local/lib/python3.12/site-packages/airflow/example_dags/example_xcomargs.py for tasks to queue
[2026-05-05T04:27:31.662+0000] {logging_mixin.py:188} INFO - [2026-05-05T04:27:31.662+0000] {dagbag.py:545} INFO - Filling up the DagBag from /home/airflow/.local/lib/python3.12/site-packages/airflow/example_dags/example_xcomargs.py
[2026-05-05T04:27:31.675+0000] {processor.py:840} INFO - DAG(s) 'example_xcom_args', 'example_xcom_args_with_operators' retrieved from /home/airflow/.local/lib/python3.12/site-packages/airflow/example_dags/example_xcomargs.py
[2026-05-05T04:27:31.713+0000] {logging_mixin.py:188} INFO - [2026-05-05T04:27:31.712+0000] {dag.py:3089} INFO - Sync 2 DAGs
[2026-05-05T04:27:31.730+0000] {logging_mixin.py:188} INFO - [2026-05-05T04:27:31.730+0000] {dag.py:3947} INFO - Setting next_dagrun for example_xcom_args to None, run_after=None
[2026-05-05T04:27:31.736+0000] {logging_mixin.py:188} INFO - [2026-05-05T04:27:31.736+0000] {dag.py:3947} INFO - Setting next_dagrun for example_xcom_args_with_operators to None, run_after=None
[2026-05-05T04:27:31.794+0000] {processor.py:183} INFO - Processing /home/airflow/.local/lib/python3.12/site-packages/airflow/example_dags/example_xcomargs.py took 0.150 seconds
[2026-05-05T04:28:02.184+0000] {processor.py:161} INFO - Started process (PID=543) to work on /home/airflow/.local/lib/python3.12/site-packages/airflow/example_dags/example_xcomargs.py
[2026-05-05T04:28:02.189+0000] {processor.py:830} INFO - Processing file /home/airflow/.local/lib/python3.12/site-packages/airflow/example_dags/example_xcomargs.py for tasks to queue
[2026-05-05T04:28:02.192+0000] {logging_mixin.py:188} INFO - [2026-05-05T04:28:02.192+0000] {dagbag.py:545} INFO - Filling up the DagBag from /home/airflow/.local/lib/python3.12/site-packages/airflow/example_dags/example_xcomargs.py
[2026-05-05T04:28:02.205+0000] {processor.py:840} INFO - DAG(s) 'example_xcom_args', 'example_xcom_args_with_operators' retrieved from /home/airflow/.local/lib/python3.12/site-packages/airflow/example_dags/example_xcomargs.py
[2026-05-05T04:28:02.240+0000] {logging_mixin.py:188} INFO - [2026-05-05T04:28:02.240+0000] {dag.py:3089} INFO - Sync 2 DAGs
[2026-05-05T04:28:02.267+0000] {logging_mixin.py:188} INFO - [2026-05-05T04:28:02.266+0000] {dag.py:3947} INFO - Setting next_dagrun for example_xcom_args to None, run_after=None
[2026-05-05T04:28:02.276+0000] {logging_mixin.py:188} INFO - [2026-05-05T04:28:02.275+0000] {dag.py:3947} INFO - Setting next_dagrun for example_xcom_args_with_operators to None, run_after=None
[2026-05-05T04:28:02.444+0000] {processor.py:183} INFO - Processing /home/airflow/.local/lib/python3.12/site-packages/airflow/example_dags/example_xcomargs.py took 0.276 seconds
[2026-05-05T04:28:32.768+0000] {processor.py:161} INFO - Started process (PID=611) to work on /home/airflow/.local/lib/python3.12/site-packages/airflow/example_dags/example_xcomargs.py
[2026-05-05T04:28:32.770+0000] {processor.py:830} INFO - Processing file /home/airflow/.local/lib/python3.12/site-packages/airflow/example_dags/example_xcomargs.py for tasks to queue
[2026-05-05T04:28:32.774+0000] {logging_mixin.py:188} INFO - [2026-05-05T04:28:32.773+0000] {dagbag.py:545} INFO - Filling up the DagBag from /home/airflow/.local/lib/python3.12/site-packages/airflow/example_dags/example_xcomargs.py
[2026-05-05T04:28:32.789+0000] {processor.py:840} INFO - DAG(s) 'example_xcom_args', 'example_xcom_args_with_operators' retrieved from /home/airflow/.local/lib/python3.12/site-packages/airflow/example_dags/example_xcomargs.py
[2026-05-05T04:28:32.822+0000] {logging_mixin.py:188} INFO - [2026-05-05T04:28:32.822+0000] {dag.py:3089} INFO - Sync 2 DAGs
[2026-05-05T04:28:32.839+0000] {logging_mixin.py:188} INFO - [2026-05-05T04:28:32.839+0000] {dag.py:3947} INFO - Setting next_dagrun for example_xcom_args to None, run_after=None
[2026-05-05T04:28:32.847+0000] {logging_mixin.py:188} INFO - [2026-05-05T04:28:32.847+0000] {dag.py:3947} INFO - Setting next_dagrun for example_xcom_args_with_operators to None, run_after=None
[2026-05-05T04:28:32.907+0000] {processor.py:183} INFO - Processing /home/airflow/.local/lib/python3.12/site-packages/airflow/example_dags/example_xcomargs.py took 0.149 seconds
[2026-05-05T04:29:03.139+0000] {processor.py:161} INFO - Started process (PID=679) to work on /home/airflow/.local/lib/python3.12/site-packages/airflow/example_dags/example_xcomargs.py
[2026-05-05T04:29:03.141+0000] {processor.py:830} INFO - Processing file /home/airflow/.local/lib/python3.12/site-packages/airflow/example_dags/example_xcomargs.py for tasks to queue
[2026-05-05T04:29:03.146+0000] {logging_mixin.py:188} INFO - [2026-05-05T04:29:03.146+0000] {dagbag.py:545} INFO - Filling up the DagBag from /home/airflow/.local/lib/python3.12/site-packages/airflow/example_dags/example_xcomargs.py
[2026-05-05T04:29:03.161+0000] {processor.py:840} INFO - DAG(s) 'example_xcom_args', 'example_xcom_args_with_operators' retrieved from /home/airflow/.local/lib/python3.12/site-packages/airflow/example_dags/example_xcomargs.py
[2026-05-05T04:29:03.204+0000] {logging_mixin.py:188} INFO - [2026-05-05T04:29:03.203+0000] {dag.py:3089} INFO - Sync 2 DAGs
[2026-05-05T04:29:03.224+0000] {logging_mixin.py:188} INFO - [2026-05-05T04:29:03.224+0000] {dag.py:3947} INFO - Setting next_dagrun for example_xcom_args to None, run_after=None
[2026-05-05T04:29:03.231+0000] {logging_mixin.py:188} INFO - [2026-05-05T04:29:03.231+0000] {dag.py:3947} INFO - Setting next_dagrun for example_xcom_args_with_operators to None, run_after=None
[2026-05-05T04:29:03.261+0000] {processor.py:183} INFO - Processing /home/airflow/.local/lib/python3.12/site-packages/airflow/example_dags/example_xcomargs.py took 0.134 seconds
[2026-05-05T04:29:34.113+0000] {processor.py:161} INFO - Started process (PID=747) to work on /home/airflow/.local/lib/python3.12/site-packages/airflow/example_dags/example_xcomargs.py
[2026-05-05T04:29:34.115+0000] {processor.py:830} INFO - Processing file /home/airflow/.local/lib/python3.12/site-packages/airflow/example_dags/example_xcomargs.py for tasks to queue
[2026-05-05T04:29:34.120+0000] {logging_mixin.py:188} INFO - [2026-05-05T04:29:34.119+0000] {dagbag.py:545} INFO - Filling up the DagBag from /home/airflow/.local/lib/python3.12/site-packages/airflow/example_dags/example_xcomargs.py
[2026-05-05T04:29:34.132+0000] {processor.py:840} INFO - DAG(s) 'example_xcom_args_with_operators', 'example_xcom_args' retrieved from /home/airflow/.local/lib/python3.12/site-packages/airflow/example_dags/example_xcomargs.py
[2026-05-05T04:29:34.167+0000] {logging_mixin.py:188} INFO - [2026-05-05T04:29:34.166+0000] {dag.py:3089} INFO - Sync 2 DAGs
[2026-05-05T04:29:34.183+0000] {logging_mixin.py:188} INFO - [2026-05-05T04:29:34.183+0000] {dag.py:3947} INFO - Setting next_dagrun for example_xcom_args to None, run_after=None
[2026-05-05T04:29:34.191+0000] {logging_mixin.py:188} INFO - [2026-05-05T04:29:34.191+0000] {dag.py:3947} INFO - Setting next_dagrun for example_xcom_args_with_operators to None, run_after=None
[2026-05-05T04:29:34.259+0000] {processor.py:183} INFO - Processing /home/airflow/.local/lib/python3.12/site-packages/airflow/example_dags/example_xcomargs.py took 0.157 seconds
[2026-05-05T04:30:04.517+0000] {processor.py:161} INFO - Started process (PID=822) to work on /home/airflow/.local/lib/python3.12/site-packages/airflow/example_dags/example_xcomargs.py
[2026-05-05T04:30:04.519+0000] {processor.py:830} INFO - Processing file /home/airflow/.local/lib/python3.12/site-packages/airflow/example_dags/example_xcomargs.py for tasks to queue
[2026-05-05T04:30:04.524+0000] {logging_mixin.py:188} INFO - [2026-05-05T04:30:04.523+0000] {dagbag.py:545} INFO - Filling up the DagBag from /home/airflow/.local/lib/python3.12/site-packages/airflow/example_dags/example_xcomargs.py
[2026-05-05T04:30:04.541+0000] {processor.py:840} INFO - DAG(s) 'example_xcom_args', 'example_xcom_args_with_operators' retrieved from /home/airflow/.local/lib/python3.12/site-packages/airflow/example_dags/example_xcomargs.py
[2026-05-05T04:30:04.584+0000] {logging_mixin.py:188} INFO - [2026-05-05T04:30:04.583+0000] {dag.py:3089} INFO - Sync 2 DAGs
[2026-05-05T04:30:04.606+0000] {logging_mixin.py:188} INFO - [2026-05-05T04:30:04.605+0000] {dag.py:3947} INFO - Setting next_dagrun for example_xcom_args to None, run_after=None
[2026-05-05T04:30:04.613+0000] {logging_mixin.py:188} INFO - [2026-05-05T04:30:04.613+0000] {dag.py:3947} INFO - Setting next_dagrun for example_xcom_args_with_operators to None, run_after=None
[2026-05-05T04:30:04.681+0000] {processor.py:183} INFO - Processing /home/airflow/.local/lib/python3.12/site-packages/airflow/example_dags/example_xcomargs.py took 0.176 seconds
[2026-05-05T04:30:35.288+0000] {processor.py:161} INFO - Started process (PID=890) to work on /home/airflow/.local/lib/python3.12/site-packages/airflow/example_dags/example_xcomargs.py
[2026-05-05T04:30:35.291+0000] {processor.py:830} INFO - Processing file /home/airflow/.local/lib/python3.12/site-packages/airflow/example_dags/example_xcomargs.py for tasks to queue
[2026-05-05T04:30:35.297+0000] {logging_mixin.py:188} INFO - [2026-05-05T04:30:35.296+0000] {dagbag.py:545} INFO - Filling up the DagBag from /home/airflow/.local/lib/python3.12/site-packages/airflow/example_dags/example_xcomargs.py
[2026-05-05T04:30:35.321+0000] {processor.py:840} INFO - DAG(s) 'example_xcom_args', 'example_xcom_args_with_operators' retrieved from /home/airflow/.local/lib/python3.12/site-packages/airflow/example_dags/example_xcomargs.py
[2026-05-05T04:30:35.371+0000] {logging_mixin.py:188} INFO - [2026-05-05T04:30:35.371+0000] {dag.py:3089} INFO - Sync 2 DAGs
[2026-05-05T04:30:35.399+0000] {logging_mixin.py:188} INFO - [2026-05-05T04:30:35.399+0000] {dag.py:3947} INFO - Setting next_dagrun for example_xcom_args to None, run_after=None
[2026-05-05T04:30:35.406+0000] {logging_mixin.py:188} INFO - [2026-05-05T04:30:35.406+0000] {dag.py:3947} INFO - Setting next_dagrun for example_xcom_args_with_operators to None, run_after=None
[2026-05-05T04:30:35.446+0000] {processor.py:183} INFO - Processing /home/airflow/.local/lib/python3.12/site-packages/airflow/example_dags/example_xcomargs.py took 0.170 seconds
[2026-05-05T04:31:06.044+0000] {processor.py:161} INFO - Started process (PID=958) to work on /home/airflow/.local/lib/python3.12/site-packages/airflow/example_dags/example_xcomargs.py
[2026-05-05T04:31:06.047+0000] {processor.py:830} INFO - Processing file /home/airflow/.local/lib/python3.12/site-packages/airflow/example_dags/example_xcomargs.py for tasks to queue
[2026-05-05T04:31:06.051+0000] {logging_mixin.py:188} INFO - [2026-05-05T04:31:06.050+0000] {dagbag.py:545} INFO - Filling up the DagBag from /home/airflow/.local/lib/python3.12/site-packages/airflow/example_dags/example_xcomargs.py
[2026-05-05T04:31:06.064+0000] {processor.py:840} INFO - DAG(s) 'example_xcom_args_with_operators', 'example_xcom_args' retrieved from /home/airflow/.local/lib/python3.12/site-packages/airflow/example_dags/example_xcomargs.py
[2026-05-05T04:31:06.107+0000] {logging_mixin.py:188} INFO - [2026-05-05T04:31:06.106+0000] {dag.py:3089} INFO - Sync 2 DAGs
[2026-05-05T04:31:06.129+0000] {logging_mixin.py:188} INFO - [2026-05-05T04:31:06.128+0000] {dag.py:3947} INFO - Setting next_dagrun for example_xcom_args to None, run_after=None
[2026-05-05T04:31:06.136+0000] {logging_mixin.py:188} INFO - [2026-05-05T04:31:06.136+0000] {dag.py:3947} INFO - Setting next_dagrun for example_xcom_args_with_operators to None, run_after=None
[2026-05-05T04:31:06.173+0000] {processor.py:183} INFO - Processing /home/airflow/.local/lib/python3.12/site-packages/airflow/example_dags/example_xcomargs.py took 0.138 seconds
[2026-05-05T04:31:36.428+0000] {processor.py:161} INFO - Started process (PID=1026) to work on /home/airflow/.local/lib/python3.12/site-packages/airflow/example_dags/example_xcomargs.py
[2026-05-05T04:31:36.430+0000] {processor.py:830} INFO - Processing file /home/airflow/.local/lib/python3.12/site-packages/airflow/example_dags/example_xcomargs.py for tasks to queue
[2026-05-05T04:31:36.434+0000] {logging_mixin.py:188} INFO - [2026-05-05T04:31:36.434+0000] {dagbag.py:545} INFO - Filling up the DagBag from /home/airflow/.local/lib/python3.12/site-packages/airflow/example_dags/example_xcomargs.py
[2026-05-05T04:31:36.451+0000] {processor.py:840} INFO - DAG(s) 'example_xcom_args_with_operators', 'example_xcom_args' retrieved from /home/airflow/.local/lib/python3.12/site-packages/airflow/example_dags/example_xcomargs.py
[2026-05-05T04:31:36.494+0000] {logging_mixin.py:188} INFO - [2026-05-05T04:31:36.493+0000] {dag.py:3089} INFO - Sync 2 DAGs
[2026-05-05T04:31:36.519+0000] {logging_mixin.py:188} INFO - [2026-05-05T04:31:36.519+0000] {dag.py:3947} INFO - Setting next_dagrun for example_xcom_args to None, run_after=None
[2026-05-05T04:31:36.527+0000] {logging_mixin.py:188} INFO - [2026-05-05T04:31:36.526+0000] {dag.py:3947} INFO - Setting next_dagrun for example_xcom_args_with_operators to None, run_after=None
[2026-05-05T04:31:36.566+0000] {processor.py:183} INFO - Processing /home/airflow/.local/lib/python3.12/site-packages/airflow/example_dags/example_xcomargs.py took 0.150 seconds
[2026-05-05T04:32:06.822+0000] {processor.py:161} INFO - Started process (PID=1094) to work on /home/airflow/.local/lib/python3.12/site-packages/airflow/example_dags/example_xcomargs.py
[2026-05-05T04:32:06.824+0000] {processor.py:830} INFO - Processing file /home/airflow/.local/lib/python3.12/site-packages/airflow/example_dags/example_xcomargs.py for tasks to queue
[2026-05-05T04:32:06.828+0000] {logging_mixin.py:188} INFO - [2026-05-05T04:32:06.827+0000] {dagbag.py:545} INFO - Filling up the DagBag from /home/airflow/.local/lib/python3.12/site-packages/airflow/example_dags/example_xcomargs.py
[2026-05-05T04:32:06.842+0000] {processor.py:840} INFO - DAG(s) 'example_xcom_args', 'example_xcom_args_with_operators' retrieved from /home/airflow/.local/lib/python3.12/site-packages/airflow/example_dags/example_xcomargs.py
[2026-05-05T04:32:06.890+0000] {logging_mixin.py:188} INFO - [2026-05-05T04:32:06.890+0000] {dag.py:3089} INFO - Sync 2 DAGs
[2026-05-05T04:32:06.912+0000] {logging_mixin.py:188} INFO - [2026-05-05T04:32:06.911+0000] {dag.py:3947} INFO - Setting next_dagrun for example_xcom_args to None, run_after=None
[2026-05-05T04:32:06.924+0000] {logging_mixin.py:188} INFO - [2026-05-05T04:32:06.923+0000] {dag.py:3947} INFO - Setting next_dagrun for example_xcom_args_with_operators to None, run_after=None
[2026-05-05T04:32:06.965+0000] {processor.py:183} INFO - Processing /home/airflow/.local/lib/python3.12/site-packages/airflow/example_dags/example_xcomargs.py took 0.153 seconds
[2026-05-05T04:32:37.444+0000] {processor.py:161} INFO - Started process (PID=1162) to work on /home/airflow/.local/lib/python3.12/site-packages/airflow/example_dags/example_xcomargs.py
[2026-05-05T04:32:37.446+0000] {processor.py:830} INFO - Processing file /home/airflow/.local/lib/python3.12/site-packages/airflow/example_dags/example_xcomargs.py for tasks to queue
[2026-05-05T04:32:37.450+0000] {logging_mixin.py:188} INFO - [2026-05-05T04:32:37.449+0000] {dagbag.py:545} INFO - Filling up the DagBag from /home/airflow/.local/lib/python3.12/site-packages/airflow/example_dags/example_xcomargs.py
[2026-05-05T04:32:37.463+0000] {processor.py:840} INFO - DAG(s) 'example_xcom_args', 'example_xcom_args_with_operators' retrieved from /home/airflow/.local/lib/python3.12/site-packages/airflow/example_dags/example_xcomargs.py
[2026-05-05T04:32:37.504+0000] {logging_mixin.py:188} INFO - [2026-05-05T04:32:37.504+0000] {dag.py:3089} INFO - Sync 2 DAGs
[2026-05-05T04:32:37.529+0000] {logging_mixin.py:188} INFO - [2026-05-05T04:32:37.528+0000] {dag.py:3947} INFO - Setting next_dagrun for example_xcom_args to None, run_after=None
[2026-05-05T04:32:37.536+0000] {logging_mixin.py:188} INFO - [2026-05-05T04:32:37.535+0000] {dag.py:3947} INFO - Setting next_dagrun for example_xcom_args_with_operators to None, run_after=None
[2026-05-05T04:32:37.573+0000] {processor.py:183} INFO - Processing /home/airflow/.local/lib/python3.12/site-packages/airflow/example_dags/example_xcomargs.py took 0.140 seconds
[2026-05-05T04:33:07.687+0000] {processor.py:161} INFO - Started process (PID=1230) to work on /home/airflow/.local/lib/python3.12/site-packages/airflow/example_dags/example_xcomargs.py
[2026-05-05T04:33:07.689+0000] {processor.py:830} INFO - Processing file /home/airflow/.local/lib/python3.12/site-packages/airflow/example_dags/example_xcomargs.py for tasks to queue
[2026-05-05T04:33:07.693+0000] {logging_mixin.py:188} INFO - [2026-05-05T04:33:07.692+0000] {dagbag.py:545} INFO - Filling up the DagBag from /home/airflow/.local/lib/python3.12/site-packages/airflow/example_dags/example_xcomargs.py
[2026-05-05T04:33:07.706+0000] {processor.py:840} INFO - DAG(s) 'example_xcom_args_with_operators', 'example_xcom_args' retrieved from /home/airflow/.local/lib/python3.12/site-packages/airflow/example_dags/example_xcomargs.py
[2026-05-05T04:33:07.750+0000] {logging_mixin.py:188} INFO - [2026-05-05T04:33:07.749+0000] {dag.py:3089} INFO - Sync 2 DAGs
[2026-05-05T04:33:07.773+0000] {logging_mixin.py:188} INFO - [2026-05-05T04:33:07.773+0000] {dag.py:3947} INFO - Setting next_dagrun for example_xcom_args to None, run_after=None
[2026-05-05T04:33:07.781+0000] {logging_mixin.py:188} INFO - [2026-05-05T04:33:07.781+0000] {dag.py:3947} INFO - Setting next_dagrun for example_xcom_args_with_operators to None, run_after=None
[2026-05-05T04:33:07.817+0000] {processor.py:183} INFO - Processing /home/airflow/.local/lib/python3.12/site-packages/airflow/example_dags/example_xcomargs.py took 0.140 seconds
[2026-05-05T04:33:38.568+0000] {processor.py:161} INFO - Started process (PID=1305) to work on /home/airflow/.local/lib/python3.12/site-packages/airflow/example_dags/example_xcomargs.py
[2026-05-05T04:33:38.570+0000] {processor.py:830} INFO - Processing file /home/airflow/.local/lib/python3.12/site-packages/airflow/example_dags/example_xcomargs.py for tasks to queue
[2026-05-05T04:33:38.574+0000] {logging_mixin.py:188} INFO - [2026-05-05T04:33:38.573+0000] {dagbag.py:545} INFO - Filling up the DagBag from /home/airflow/.local/lib/python3.12/site-packages/airflow/example_dags/example_xcomargs.py
[2026-05-05T04:33:38.587+0000] {processor.py:840} INFO - DAG(s) 'example_xcom_args', 'example_xcom_args_with_operators' retrieved from /home/airflow/.local/lib/python3.12/site-packages/airflow/example_dags/example_xcomargs.py
[2026-05-05T04:33:38.625+0000] {logging_mixin.py:188} INFO - [2026-05-05T04:33:38.624+0000] {dag.py:3089} INFO - Sync 2 DAGs
[2026-05-05T04:33:38.646+0000] {logging_mixin.py:188} INFO - [2026-05-05T04:33:38.646+0000] {dag.py:3947} INFO - Setting next_dagrun for example_xcom_args to None, run_after=None
[2026-05-05T04:33:38.654+0000] {logging_mixin.py:188} INFO - [2026-05-05T04:33:38.654+0000] {dag.py:3947} INFO - Setting next_dagrun for example_xcom_args_with_operators to None, run_after=None
[2026-05-05T04:33:38.724+0000] {processor.py:183} INFO - Processing /home/airflow/.local/lib/python3.12/site-packages/airflow/example_dags/example_xcomargs.py took 0.166 seconds
[2026-05-05T04:34:09.489+0000] {processor.py:161} INFO - Started process (PID=1374) to work on /home/airflow/.local/lib/python3.12/site-packages/airflow/example_dags/example_xcomargs.py
[2026-05-05T04:34:09.492+0000] {processor.py:830} INFO - Processing file /home/airflow/.local/lib/python3.12/site-packages/airflow/example_dags/example_xcomargs.py for tasks to queue
[2026-05-05T04:34:09.496+0000] {logging_mixin.py:188} INFO - [2026-05-05T04:34:09.495+0000] {dagbag.py:545} INFO - Filling up the DagBag from /home/airflow/.local/lib/python3.12/site-packages/airflow/example_dags/example_xcomargs.py
[2026-05-05T04:34:09.516+0000] {processor.py:840} INFO - DAG(s) 'example_xcom_args', 'example_xcom_args_with_operators' retrieved from /home/airflow/.local/lib/python3.12/site-packages/airflow/example_dags/example_xcomargs.py
[2026-05-05T04:34:09.572+0000] {logging_mixin.py:188} INFO - [2026-05-05T04:34:09.571+0000] {dag.py:3089} INFO - Sync 2 DAGs
[2026-05-05T04:34:09.603+0000] {logging_mixin.py:188} INFO - [2026-05-05T04:34:09.602+0000] {dag.py:3947} INFO - Setting next_dagrun for example_xcom_args to None, run_after=None
[2026-05-05T04:34:09.614+0000] {logging_mixin.py:188} INFO - [2026-05-05T04:34:09.612+0000] {dag.py:3947} INFO - Setting next_dagrun for example_xcom_args_with_operators to None, run_after=None
[2026-05-05T04:34:09.664+0000] {processor.py:183} INFO - Processing /home/airflow/.local/lib/python3.12/site-packages/airflow/example_dags/example_xcomargs.py took 0.192 seconds
[2026-05-05T04:34:39.854+0000] {processor.py:161} INFO - Started process (PID=1442) to work on /home/airflow/.local/lib/python3.12/site-packages/airflow/example_dags/example_xcomargs.py
[2026-05-05T04:34:39.856+0000] {processor.py:830} INFO - Processing file /home/airflow/.local/lib/python3.12/site-packages/airflow/example_dags/example_xcomargs.py for tasks to queue
[2026-05-05T04:34:39.860+0000] {logging_mixin.py:188} INFO - [2026-05-05T04:34:39.859+0000] {dagbag.py:545} INFO - Filling up the DagBag from /home/airflow/.local/lib/python3.12/site-packages/airflow/example_dags/example_xcomargs.py
[2026-05-05T04:34:39.881+0000] {processor.py:840} INFO - DAG(s) 'example_xcom_args_with_operators', 'example_xcom_args' retrieved from /home/airflow/.local/lib/python3.12/site-packages/airflow/example_dags/example_xcomargs.py
[2026-05-05T04:34:39.927+0000] {logging_mixin.py:188} INFO - [2026-05-05T04:34:39.927+0000] {dag.py:3089} INFO - Sync 2 DAGs
[2026-05-05T04:34:39.950+0000] {logging_mixin.py:188} INFO - [2026-05-05T04:34:39.950+0000] {dag.py:3947} INFO - Setting next_dagrun for example_xcom_args to None, run_after=None
[2026-05-05T04:34:39.959+0000] {logging_mixin.py:188} INFO - [2026-05-05T04:34:39.958+0000] {dag.py:3947} INFO - Setting next_dagrun for example_xcom_args_with_operators to None, run_after=None
[2026-05-05T04:34:39.996+0000] {processor.py:183} INFO - Processing /home/airflow/.local/lib/python3.12/site-packages/airflow/example_dags/example_xcomargs.py took 0.152 seconds
[2026-05-05T04:35:10.116+0000] {processor.py:161} INFO - Started process (PID=1509) to work on /home/airflow/.local/lib/python3.12/site-packages/airflow/example_dags/example_xcomargs.py
[2026-05-05T04:35:10.118+0000] {processor.py:830} INFO - Processing file /home/airflow/.local/lib/python3.12/site-packages/airflow/example_dags/example_xcomargs.py for tasks to queue
[2026-05-05T04:35:10.122+0000] {logging_mixin.py:188} INFO - [2026-05-05T04:35:10.121+0000] {dagbag.py:545} INFO - Filling up the DagBag from /home/airflow/.local/lib/python3.12/site-packages/airflow/example_dags/example_xcomargs.py
[2026-05-05T04:35:10.148+0000] {processor.py:840} INFO - DAG(s) 'example_xcom_args', 'example_xcom_args_with_operators' retrieved from /home/airflow/.local/lib/python3.12/site-packages/airflow/example_dags/example_xcomargs.py
[2026-05-05T04:35:10.190+0000] {logging_mixin.py:188} INFO - [2026-05-05T04:35:10.190+0000] {dag.py:3089} INFO - Sync 2 DAGs
[2026-05-05T04:35:10.218+0000] {logging_mixin.py:188} INFO - [2026-05-05T04:35:10.217+0000] {dag.py:3947} INFO - Setting next_dagrun for example_xcom_args to None, run_after=None
[2026-05-05T04:35:10.225+0000] {logging_mixin.py:188} INFO - [2026-05-05T04:35:10.225+0000] {dag.py:3947} INFO - Setting next_dagrun for example_xcom_args_with_operators to None, run_after=None
[2026-05-05T04:35:10.265+0000] {processor.py:183} INFO - Processing /home/airflow/.local/lib/python3.12/site-packages/airflow/example_dags/example_xcomargs.py took 0.169 seconds
[2026-05-05T04:35:41.175+0000] {processor.py:161} INFO - Started process (PID=1577) to work on /home/airflow/.local/lib/python3.12/site-packages/airflow/example_dags/example_xcomargs.py
[2026-05-05T04:35:41.177+0000] {processor.py:830} INFO - Processing file /home/airflow/.local/lib/python3.12/site-packages/airflow/example_dags/example_xcomargs.py for tasks to queue
[2026-05-05T04:35:41.181+0000] {logging_mixin.py:188} INFO - [2026-05-05T04:35:41.181+0000] {dagbag.py:545} INFO - Filling up the DagBag from /home/airflow/.local/lib/python3.12/site-packages/airflow/example_dags/example_xcomargs.py
[2026-05-05T04:35:41.198+0000] {processor.py:840} INFO - DAG(s) 'example_xcom_args_with_operators', 'example_xcom_args' retrieved from /home/airflow/.local/lib/python3.12/site-packages/airflow/example_dags/example_xcomargs.py
[2026-05-05T04:35:41.250+0000] {logging_mixin.py:188} INFO - [2026-05-05T04:35:41.250+0000] {dag.py:3089} INFO - Sync 2 DAGs
[2026-05-05T04:35:41.273+0000] {logging_mixin.py:188} INFO - [2026-05-05T04:35:41.272+0000] {dag.py:3947} INFO - Setting next_dagrun for example_xcom_args to None, run_after=None
[2026-05-05T04:35:41.280+0000] {logging_mixin.py:188} INFO - [2026-05-05T04:35:41.280+0000] {dag.py:3947} INFO - Setting next_dagrun for example_xcom_args_with_operators to None, run_after=None
[2026-05-05T04:35:41.316+0000] {processor.py:183} INFO - Processing /home/airflow/.local/lib/python3.12/site-packages/airflow/example_dags/example_xcomargs.py took 0.151 seconds
[2026-05-05T04:36:11.962+0000] {processor.py:161} INFO - Started process (PID=1644) to work on /home/airflow/.local/lib/python3.12/site-packages/airflow/example_dags/example_xcomargs.py
[2026-05-05T04:36:11.965+0000] {processor.py:830} INFO - Processing file /home/airflow/.local/lib/python3.12/site-packages/airflow/example_dags/example_xcomargs.py for tasks to queue
[2026-05-05T04:36:11.970+0000] {logging_mixin.py:188} INFO - [2026-05-05T04:36:11.969+0000] {dagbag.py:545} INFO - Filling up the DagBag from /home/airflow/.local/lib/python3.12/site-packages/airflow/example_dags/example_xcomargs.py
[2026-05-05T04:36:11.988+0000] {processor.py:840} INFO - DAG(s) 'example_xcom_args', 'example_xcom_args_with_operators' retrieved from /home/airflow/.local/lib/python3.12/site-packages/airflow/example_dags/example_xcomargs.py
[2026-05-05T04:36:12.034+0000] {logging_mixin.py:188} INFO - [2026-05-05T04:36:12.034+0000] {dag.py:3089} INFO - Sync 2 DAGs
[2026-05-05T04:36:12.061+0000] {logging_mixin.py:188} INFO - [2026-05-05T04:36:12.060+0000] {dag.py:3947} INFO - Setting next_dagrun for example_xcom_args to None, run_after=None
[2026-05-05T04:36:12.068+0000] {logging_mixin.py:188} INFO - [2026-05-05T04:36:12.068+0000] {dag.py:3947} INFO - Setting next_dagrun for example_xcom_args_with_operators to None, run_after=None
[2026-05-05T04:36:12.110+0000] {processor.py:183} INFO - Processing /home/airflow/.local/lib/python3.12/site-packages/airflow/example_dags/example_xcomargs.py took 0.159 seconds
[2026-05-05T04:36:42.558+0000] {processor.py:161} INFO - Started process (PID=1712) to work on /home/airflow/.local/lib/python3.12/site-packages/airflow/example_dags/example_xcomargs.py
[2026-05-05T04:36:42.562+0000] {processor.py:830} INFO - Processing file /home/airflow/.local/lib/python3.12/site-packages/airflow/example_dags/example_xcomargs.py for tasks to queue
[2026-05-05T04:36:42.565+0000] {logging_mixin.py:188} INFO - [2026-05-05T04:36:42.565+0000] {dagbag.py:545} INFO - Filling up the DagBag from /home/airflow/.local/lib/python3.12/site-packages/airflow/example_dags/example_xcomargs.py
[2026-05-05T04:36:42.580+0000] {processor.py:840} INFO - DAG(s) 'example_xcom_args', 'example_xcom_args_with_operators' retrieved from /home/airflow/.local/lib/python3.12/site-packages/airflow/example_dags/example_xcomargs.py
[2026-05-05T04:36:42.623+0000] {logging_mixin.py:188} INFO - [2026-05-05T04:36:42.623+0000] {dag.py:3089} INFO - Sync 2 DAGs
[2026-05-05T04:36:42.654+0000] {logging_mixin.py:188} INFO - [2026-05-05T04:36:42.653+0000] {dag.py:3947} INFO - Setting next_dagrun for example_xcom_args to None, run_after=None
[2026-05-05T04:36:42.665+0000] {logging_mixin.py:188} INFO - [2026-05-05T04:36:42.664+0000] {dag.py:3947} INFO - Setting next_dagrun for example_xcom_args_with_operators to None, run_after=None
[2026-05-05T04:36:42.729+0000] {processor.py:183} INFO - Processing /home/airflow/.local/lib/python3.12/site-packages/airflow/example_dags/example_xcomargs.py took 0.182 seconds
[2026-05-05T04:37:12.992+0000] {processor.py:161} INFO - Started process (PID=1787) to work on /home/airflow/.local/lib/python3.12/site-packages/airflow/example_dags/example_xcomargs.py
[2026-05-05T04:37:12.994+0000] {processor.py:830} INFO - Processing file /home/airflow/.local/lib/python3.12/site-packages/airflow/example_dags/example_xcomargs.py for tasks to queue
[2026-05-05T04:37:12.998+0000] {logging_mixin.py:188} INFO - [2026-05-05T04:37:12.997+0000] {dagbag.py:545} INFO - Filling up the DagBag from /home/airflow/.local/lib/python3.12/site-packages/airflow/example_dags/example_xcomargs.py
[2026-05-05T04:37:13.012+0000] {processor.py:840} INFO - DAG(s) 'example_xcom_args_with_operators', 'example_xcom_args' retrieved from /home/airflow/.local/lib/python3.12/site-packages/airflow/example_dags/example_xcomargs.py
[2026-05-05T04:37:13.054+0000] {logging_mixin.py:188} INFO - [2026-05-05T04:37:13.053+0000] {dag.py:3089} INFO - Sync 2 DAGs
[2026-05-05T04:37:13.075+0000] {logging_mixin.py:188} INFO - [2026-05-05T04:37:13.074+0000] {dag.py:3947} INFO - Setting next_dagrun for example_xcom_args to None, run_after=None
[2026-05-05T04:37:13.083+0000] {logging_mixin.py:188} INFO - [2026-05-05T04:37:13.082+0000] {dag.py:3947} INFO - Setting next_dagrun for example_xcom_args_with_operators to None, run_after=None
[2026-05-05T04:37:13.119+0000] {processor.py:183} INFO - Processing /home/airflow/.local/lib/python3.12/site-packages/airflow/example_dags/example_xcomargs.py took 0.137 seconds
[2026-05-05T04:37:44.319+0000] {processor.py:161} INFO - Started process (PID=1855) to work on /home/airflow/.local/lib/python3.12/site-packages/airflow/example_dags/example_xcomargs.py
[2026-05-05T04:37:44.321+0000] {processor.py:830} INFO - Processing file /home/airflow/.local/lib/python3.12/site-packages/airflow/example_dags/example_xcomargs.py for tasks to queue
[2026-05-05T04:37:44.324+0000] {logging_mixin.py:188} INFO - [2026-05-05T04:37:44.324+0000] {dagbag.py:545} INFO - Filling up the DagBag from /home/airflow/.local/lib/python3.12/site-packages/airflow/example_dags/example_xcomargs.py
[2026-05-05T04:37:44.341+0000] {processor.py:840} INFO - DAG(s) 'example_xcom_args_with_operators', 'example_xcom_args' retrieved from /home/airflow/.local/lib/python3.12/site-packages/airflow/example_dags/example_xcomargs.py
[2026-05-05T04:37:44.384+0000] {logging_mixin.py:188} INFO - [2026-05-05T04:37:44.383+0000] {dag.py:3089} INFO - Sync 2 DAGs
[2026-05-05T04:37:44.405+0000] {logging_mixin.py:188} INFO - [2026-05-05T04:37:44.405+0000] {dag.py:3947} INFO - Setting next_dagrun for example_xcom_args to None, run_after=None
[2026-05-05T04:37:44.412+0000] {logging_mixin.py:188} INFO - [2026-05-05T04:37:44.412+0000] {dag.py:3947} INFO - Setting next_dagrun for example_xcom_args_with_operators to None, run_after=None
[2026-05-05T04:37:44.442+0000] {processor.py:183} INFO - Processing /home/airflow/.local/lib/python3.12/site-packages/airflow/example_dags/example_xcomargs.py took 0.132 seconds
[2026-05-05T04:38:15.333+0000] {processor.py:161} INFO - Started process (PID=1923) to work on /home/airflow/.local/lib/python3.12/site-packages/airflow/example_dags/example_xcomargs.py
[2026-05-05T04:38:15.335+0000] {processor.py:830} INFO - Processing file /home/airflow/.local/lib/python3.12/site-packages/airflow/example_dags/example_xcomargs.py for tasks to queue
[2026-05-05T04:38:15.339+0000] {logging_mixin.py:188} INFO - [2026-05-05T04:38:15.338+0000] {dagbag.py:545} INFO - Filling up the DagBag from /home/airflow/.local/lib/python3.12/site-packages/airflow/example_dags/example_xcomargs.py
[2026-05-05T04:38:15.353+0000] {processor.py:840} INFO - DAG(s) 'example_xcom_args', 'example_xcom_args_with_operators' retrieved from /home/airflow/.local/lib/python3.12/site-packages/airflow/example_dags/example_xcomargs.py
[2026-05-05T04:38:15.398+0000] {logging_mixin.py:188} INFO - [2026-05-05T04:38:15.397+0000] {dag.py:3089} INFO - Sync 2 DAGs
[2026-05-05T04:38:15.421+0000] {logging_mixin.py:188} INFO - [2026-05-05T04:38:15.421+0000] {dag.py:3947} INFO - Setting next_dagrun for example_xcom_args to None, run_after=None
[2026-05-05T04:38:15.429+0000] {logging_mixin.py:188} INFO - [2026-05-05T04:38:15.429+0000] {dag.py:3947} INFO - Setting next_dagrun for example_xcom_args_with_operators to None, run_after=None
[2026-05-05T04:38:15.484+0000] {processor.py:183} INFO - Processing /home/airflow/.local/lib/python3.12/site-packages/airflow/example_dags/example_xcomargs.py took 0.161 seconds
[2026-05-05T04:38:46.112+0000] {processor.py:161} INFO - Started process (PID=1989) to work on /home/airflow/.local/lib/python3.12/site-packages/airflow/example_dags/example_xcomargs.py
[2026-05-05T04:38:46.114+0000] {processor.py:830} INFO - Processing file /home/airflow/.local/lib/python3.12/site-packages/airflow/example_dags/example_xcomargs.py for tasks to queue
[2026-05-05T04:38:46.118+0000] {logging_mixin.py:188} INFO - [2026-05-05T04:38:46.117+0000] {dagbag.py:545} INFO - Filling up the DagBag from /home/airflow/.local/lib/python3.12/site-packages/airflow/example_dags/example_xcomargs.py
[2026-05-05T04:38:46.131+0000] {processor.py:840} INFO - DAG(s) 'example_xcom_args', 'example_xcom_args_with_operators' retrieved from /home/airflow/.local/lib/python3.12/site-packages/airflow/example_dags/example_xcomargs.py
[2026-05-05T04:38:46.177+0000] {logging_mixin.py:188} INFO - [2026-05-05T04:38:46.177+0000] {dag.py:3089} INFO - Sync 2 DAGs
[2026-05-05T04:38:46.199+0000] {logging_mixin.py:188} INFO - [2026-05-05T04:38:46.198+0000] {dag.py:3947} INFO - Setting next_dagrun for example_xcom_args to None, run_after=None
[2026-05-05T04:38:46.206+0000] {logging_mixin.py:188} INFO - [2026-05-05T04:38:46.205+0000] {dag.py:3947} INFO - Setting next_dagrun for example_xcom_args_with_operators to None, run_after=None
[2026-05-05T04:38:46.271+0000] {processor.py:183} INFO - Processing /home/airflow/.local/lib/python3.12/site-packages/airflow/example_dags/example_xcomargs.py took 0.169 seconds
[2026-05-05T04:39:17.170+0000] {processor.py:161} INFO - Started process (PID=2057) to work on /home/airflow/.local/lib/python3.12/site-packages/airflow/example_dags/example_xcomargs.py
[2026-05-05T04:39:17.172+0000] {processor.py:830} INFO - Processing file /home/airflow/.local/lib/python3.12/site-packages/airflow/example_dags/example_xcomargs.py for tasks to queue
[2026-05-05T04:39:17.176+0000] {logging_mixin.py:188} INFO - [2026-05-05T04:39:17.175+0000] {dagbag.py:545} INFO - Filling up the DagBag from /home/airflow/.local/lib/python3.12/site-packages/airflow/example_dags/example_xcomargs.py
[2026-05-05T04:39:17.190+0000] {processor.py:840} INFO - DAG(s) 'example_xcom_args', 'example_xcom_args_with_operators' retrieved from /home/airflow/.local/lib/python3.12/site-packages/airflow/example_dags/example_xcomargs.py
[2026-05-05T04:39:17.229+0000] {logging_mixin.py:188} INFO - [2026-05-05T04:39:17.228+0000] {dag.py:3089} INFO - Sync 2 DAGs
[2026-05-05T04:39:17.247+0000] {logging_mixin.py:188} INFO - [2026-05-05T04:39:17.246+0000] {dag.py:3947} INFO - Setting next_dagrun for example_xcom_args to None, run_after=None
[2026-05-05T04:39:17.253+0000] {logging_mixin.py:188} INFO - [2026-05-05T04:39:17.253+0000] {dag.py:3947} INFO - Setting next_dagrun for example_xcom_args_with_operators to None, run_after=None
[2026-05-05T04:39:17.308+0000] {processor.py:183} INFO - Processing /home/airflow/.local/lib/python3.12/site-packages/airflow/example_dags/example_xcomargs.py took 0.149 seconds
[2026-05-05T04:39:47.507+0000] {processor.py:161} INFO - Started process (PID=2125) to work on /home/airflow/.local/lib/python3.12/site-packages/airflow/example_dags/example_xcomargs.py
[2026-05-05T04:39:47.509+0000] {processor.py:830} INFO - Processing file /home/airflow/.local/lib/python3.12/site-packages/airflow/example_dags/example_xcomargs.py for tasks to queue
[2026-05-05T04:39:47.513+0000] {logging_mixin.py:188} INFO - [2026-05-05T04:39:47.512+0000] {dagbag.py:545} INFO - Filling up the DagBag from /home/airflow/.local/lib/python3.12/site-packages/airflow/example_dags/example_xcomargs.py
[2026-05-05T04:39:47.530+0000] {processor.py:840} INFO - DAG(s) 'example_xcom_args_with_operators', 'example_xcom_args' retrieved from /home/airflow/.local/lib/python3.12/site-packages/airflow/example_dags/example_xcomargs.py
[2026-05-05T04:39:47.581+0000] {logging_mixin.py:188} INFO - [2026-05-05T04:39:47.580+0000] {dag.py:3089} INFO - Sync 2 DAGs
[2026-05-05T04:39:47.821+0000] {logging_mixin.py:188} INFO - [2026-05-05T04:39:47.821+0000] {dag.py:3947} INFO - Setting next_dagrun for example_xcom_args to None, run_after=None
[2026-05-05T04:39:47.828+0000] {logging_mixin.py:188} INFO - [2026-05-05T04:39:47.827+0000] {dag.py:3947} INFO - Setting next_dagrun for example_xcom_args_with_operators to None, run_after=None
[2026-05-05T04:39:47.883+0000] {processor.py:183} INFO - Processing /home/airflow/.local/lib/python3.12/site-packages/airflow/example_dags/example_xcomargs.py took 0.388 seconds
[2026-05-05T04:40:18.442+0000] {processor.py:161} INFO - Started process (PID=2200) to work on /home/airflow/.local/lib/python3.12/site-packages/airflow/example_dags/example_xcomargs.py
[2026-05-05T04:40:18.448+0000] {processor.py:830} INFO - Processing file /home/airflow/.local/lib/python3.12/site-packages/airflow/example_dags/example_xcomargs.py for tasks to queue
[2026-05-05T04:40:18.454+0000] {logging_mixin.py:188} INFO - [2026-05-05T04:40:18.453+0000] {dagbag.py:545} INFO - Filling up the DagBag from /home/airflow/.local/lib/python3.12/site-packages/airflow/example_dags/example_xcomargs.py
[2026-05-05T04:40:18.474+0000] {processor.py:840} INFO - DAG(s) 'example_xcom_args_with_operators', 'example_xcom_args' retrieved from /home/airflow/.local/lib/python3.12/site-packages/airflow/example_dags/example_xcomargs.py
[2026-05-05T04:40:18.518+0000] {logging_mixin.py:188} INFO - [2026-05-05T04:40:18.517+0000] {dag.py:3089} INFO - Sync 2 DAGs
[2026-05-05T04:40:18.543+0000] {logging_mixin.py:188} INFO - [2026-05-05T04:40:18.542+0000] {dag.py:3947} INFO - Setting next_dagrun for example_xcom_args to None, run_after=None
[2026-05-05T04:40:18.550+0000] {logging_mixin.py:188} INFO - [2026-05-05T04:40:18.549+0000] {dag.py:3947} INFO - Setting next_dagrun for example_xcom_args_with_operators to None, run_after=None
[2026-05-05T04:40:18.598+0000] {processor.py:183} INFO - Processing /home/airflow/.local/lib/python3.12/site-packages/airflow/example_dags/example_xcomargs.py took 0.173 seconds
[2026-05-05T04:40:49.172+0000] {processor.py:161} INFO - Started process (PID=2269) to work on /home/airflow/.local/lib/python3.12/site-packages/airflow/example_dags/example_xcomargs.py
[2026-05-05T04:40:49.175+0000] {processor.py:830} INFO - Processing file /home/airflow/.local/lib/python3.12/site-packages/airflow/example_dags/example_xcomargs.py for tasks to queue
[2026-05-05T04:40:49.179+0000] {logging_mixin.py:188} INFO - [2026-05-05T04:40:49.179+0000] {dagbag.py:545} INFO - Filling up the DagBag from /home/airflow/.local/lib/python3.12/site-packages/airflow/example_dags/example_xcomargs.py
[2026-05-05T04:40:49.195+0000] {processor.py:840} INFO - DAG(s) 'example_xcom_args_with_operators', 'example_xcom_args' retrieved from /home/airflow/.local/lib/python3.12/site-packages/airflow/example_dags/example_xcomargs.py
[2026-05-05T04:40:49.242+0000] {logging_mixin.py:188} INFO - [2026-05-05T04:40:49.241+0000] {dag.py:3089} INFO - Sync 2 DAGs
[2026-05-05T04:40:49.266+0000] {logging_mixin.py:188} INFO - [2026-05-05T04:40:49.265+0000] {dag.py:3947} INFO - Setting next_dagrun for example_xcom_args to None, run_after=None
[2026-05-05T04:40:49.282+0000] {logging_mixin.py:188} INFO - [2026-05-05T04:40:49.281+0000] {dag.py:3947} INFO - Setting next_dagrun for example_xcom_args_with_operators to None, run_after=None
[2026-05-05T04:40:49.322+0000] {processor.py:183} INFO - Processing /home/airflow/.local/lib/python3.12/site-packages/airflow/example_dags/example_xcomargs.py took 0.161 seconds
[2026-05-05T04:41:20.042+0000] {processor.py:161} INFO - Started process (PID=2337) to work on /home/airflow/.local/lib/python3.12/site-packages/airflow/example_dags/example_xcomargs.py
[2026-05-05T04:41:20.044+0000] {processor.py:830} INFO - Processing file /home/airflow/.local/lib/python3.12/site-packages/airflow/example_dags/example_xcomargs.py for tasks to queue
[2026-05-05T04:41:20.049+0000] {logging_mixin.py:188} INFO - [2026-05-05T04:41:20.048+0000] {dagbag.py:545} INFO - Filling up the DagBag from /home/airflow/.local/lib/python3.12/site-packages/airflow/example_dags/example_xcomargs.py
[2026-05-05T04:41:20.064+0000] {processor.py:840} INFO - DAG(s) 'example_xcom_args_with_operators', 'example_xcom_args' retrieved from /home/airflow/.local/lib/python3.12/site-packages/airflow/example_dags/example_xcomargs.py
[2026-05-05T04:41:20.119+0000] {logging_mixin.py:188} INFO - [2026-05-05T04:41:20.119+0000] {dag.py:3089} INFO - Sync 2 DAGs
[2026-05-05T04:41:20.146+0000] {logging_mixin.py:188} INFO - [2026-05-05T04:41:20.145+0000] {dag.py:3947} INFO - Setting next_dagrun for example_xcom_args to None, run_after=None
[2026-05-05T04:41:20.159+0000] {logging_mixin.py:188} INFO - [2026-05-05T04:41:20.159+0000] {dag.py:3947} INFO - Setting next_dagrun for example_xcom_args_with_operators to None, run_after=None
[2026-05-05T04:41:20.211+0000] {processor.py:183} INFO - Processing /home/airflow/.local/lib/python3.12/site-packages/airflow/example_dags/example_xcomargs.py took 0.181 seconds
[2026-05-05T04:41:50.662+0000] {processor.py:161} INFO - Started process (PID=2405) to work on /home/airflow/.local/lib/python3.12/site-packages/airflow/example_dags/example_xcomargs.py
[2026-05-05T04:41:50.664+0000] {processor.py:830} INFO - Processing file /home/airflow/.local/lib/python3.12/site-packages/airflow/example_dags/example_xcomargs.py for tasks to queue
[2026-05-05T04:41:50.669+0000] {logging_mixin.py:188} INFO - [2026-05-05T04:41:50.669+0000] {dagbag.py:545} INFO - Filling up the DagBag from /home/airflow/.local/lib/python3.12/site-packages/airflow/example_dags/example_xcomargs.py
[2026-05-05T04:41:50.687+0000] {processor.py:840} INFO - DAG(s) 'example_xcom_args', 'example_xcom_args_with_operators' retrieved from /home/airflow/.local/lib/python3.12/site-packages/airflow/example_dags/example_xcomargs.py
[2026-05-05T04:41:50.743+0000] {logging_mixin.py:188} INFO - [2026-05-05T04:41:50.742+0000] {dag.py:3089} INFO - Sync 2 DAGs
[2026-05-05T04:41:51.085+0000] {logging_mixin.py:188} INFO - [2026-05-05T04:41:51.084+0000] {dag.py:3947} INFO - Setting next_dagrun for example_xcom_args to None, run_after=None
[2026-05-05T04:41:51.093+0000] {logging_mixin.py:188} INFO - [2026-05-05T04:41:51.093+0000] {dag.py:3947} INFO - Setting next_dagrun for example_xcom_args_with_operators to None, run_after=None
[2026-05-05T04:41:51.155+0000] {processor.py:183} INFO - Processing /home/airflow/.local/lib/python3.12/site-packages/airflow/example_dags/example_xcomargs.py took 0.506 seconds
[2026-05-05T04:42:21.954+0000] {processor.py:161} INFO - Started process (PID=2474) to work on /home/airflow/.local/lib/python3.12/site-packages/airflow/example_dags/example_xcomargs.py
[2026-05-05T04:42:21.955+0000] {processor.py:830} INFO - Processing file /home/airflow/.local/lib/python3.12/site-packages/airflow/example_dags/example_xcomargs.py for tasks to queue
[2026-05-05T04:42:21.959+0000] {logging_mixin.py:188} INFO - [2026-05-05T04:42:21.958+0000] {dagbag.py:545} INFO - Filling up the DagBag from /home/airflow/.local/lib/python3.12/site-packages/airflow/example_dags/example_xcomargs.py
[2026-05-05T04:42:21.971+0000] {processor.py:840} INFO - DAG(s) 'example_xcom_args_with_operators', 'example_xcom_args' retrieved from /home/airflow/.local/lib/python3.12/site-packages/airflow/example_dags/example_xcomargs.py
[2026-05-05T04:42:22.018+0000] {logging_mixin.py:188} INFO - [2026-05-05T04:42:22.017+0000] {dag.py:3089} INFO - Sync 2 DAGs
[2026-05-05T04:42:22.037+0000] {logging_mixin.py:188} INFO - [2026-05-05T04:42:22.037+0000] {dag.py:3947} INFO - Setting next_dagrun for example_xcom_args to None, run_after=None
[2026-05-05T04:42:22.045+0000] {logging_mixin.py:188} INFO - [2026-05-05T04:42:22.045+0000] {dag.py:3947} INFO - Setting next_dagrun for example_xcom_args_with_operators to None, run_after=None
[2026-05-05T04:42:22.110+0000] {processor.py:183} INFO - Processing /home/airflow/.local/lib/python3.12/site-packages/airflow/example_dags/example_xcomargs.py took 0.166 seconds
[2026-05-05T04:42:52.350+0000] {processor.py:161} INFO - Started process (PID=2550) to work on /home/airflow/.local/lib/python3.12/site-packages/airflow/example_dags/example_xcomargs.py
[2026-05-05T04:42:52.352+0000] {processor.py:830} INFO - Processing file /home/airflow/.local/lib/python3.12/site-packages/airflow/example_dags/example_xcomargs.py for tasks to queue
[2026-05-05T04:42:52.356+0000] {logging_mixin.py:188} INFO - [2026-05-05T04:42:52.355+0000] {dagbag.py:545} INFO - Filling up the DagBag from /home/airflow/.local/lib/python3.12/site-packages/airflow/example_dags/example_xcomargs.py
[2026-05-05T04:42:52.369+0000] {processor.py:840} INFO - DAG(s) 'example_xcom_args', 'example_xcom_args_with_operators' retrieved from /home/airflow/.local/lib/python3.12/site-packages/airflow/example_dags/example_xcomargs.py
[2026-05-05T04:42:52.413+0000] {logging_mixin.py:188} INFO - [2026-05-05T04:42:52.412+0000] {dag.py:3089} INFO - Sync 2 DAGs
[2026-05-05T04:42:52.434+0000] {logging_mixin.py:188} INFO - [2026-05-05T04:42:52.434+0000] {dag.py:3947} INFO - Setting next_dagrun for example_xcom_args to None, run_after=None
[2026-05-05T04:42:52.442+0000] {logging_mixin.py:188} INFO - [2026-05-05T04:42:52.441+0000] {dag.py:3947} INFO - Setting next_dagrun for example_xcom_args_with_operators to None, run_after=None
[2026-05-05T04:42:52.473+0000] {processor.py:183} INFO - Processing /home/airflow/.local/lib/python3.12/site-packages/airflow/example_dags/example_xcomargs.py took 0.133 seconds
[2026-05-05T04:43:22.796+0000] {processor.py:161} INFO - Started process (PID=2617) to work on /home/airflow/.local/lib/python3.12/site-packages/airflow/example_dags/example_xcomargs.py
[2026-05-05T04:43:22.799+0000] {processor.py:830} INFO - Processing file /home/airflow/.local/lib/python3.12/site-packages/airflow/example_dags/example_xcomargs.py for tasks to queue
[2026-05-05T04:43:22.802+0000] {logging_mixin.py:188} INFO - [2026-05-05T04:43:22.802+0000] {dagbag.py:545} INFO - Filling up the DagBag from /home/airflow/.local/lib/python3.12/site-packages/airflow/example_dags/example_xcomargs.py
[2026-05-05T04:43:22.816+0000] {processor.py:840} INFO - DAG(s) 'example_xcom_args', 'example_xcom_args_with_operators' retrieved from /home/airflow/.local/lib/python3.12/site-packages/airflow/example_dags/example_xcomargs.py
[2026-05-05T04:43:22.864+0000] {logging_mixin.py:188} INFO - [2026-05-05T04:43:22.863+0000] {dag.py:3089} INFO - Sync 2 DAGs
[2026-05-05T04:43:22.884+0000] {logging_mixin.py:188} INFO - [2026-05-05T04:43:22.884+0000] {dag.py:3947} INFO - Setting next_dagrun for example_xcom_args to None, run_after=None
[2026-05-05T04:43:22.892+0000] {logging_mixin.py:188} INFO - [2026-05-05T04:43:22.892+0000] {dag.py:3947} INFO - Setting next_dagrun for example_xcom_args_with_operators to None, run_after=None
[2026-05-05T04:43:22.951+0000] {processor.py:183} INFO - Processing /home/airflow/.local/lib/python3.12/site-packages/airflow/example_dags/example_xcomargs.py took 0.168 seconds
[2026-05-05T04:43:53.559+0000] {processor.py:161} INFO - Started process (PID=2685) to work on /home/airflow/.local/lib/python3.12/site-packages/airflow/example_dags/example_xcomargs.py
[2026-05-05T04:43:53.562+0000] {processor.py:830} INFO - Processing file /home/airflow/.local/lib/python3.12/site-packages/airflow/example_dags/example_xcomargs.py for tasks to queue
[2026-05-05T04:43:53.565+0000] {logging_mixin.py:188} INFO - [2026-05-05T04:43:53.564+0000] {dagbag.py:545} INFO - Filling up the DagBag from /home/airflow/.local/lib/python3.12/site-packages/airflow/example_dags/example_xcomargs.py
[2026-05-05T04:43:53.583+0000] {processor.py:840} INFO - DAG(s) 'example_xcom_args', 'example_xcom_args_with_operators' retrieved from /home/airflow/.local/lib/python3.12/site-packages/airflow/example_dags/example_xcomargs.py
[2026-05-05T04:43:53.627+0000] {logging_mixin.py:188} INFO - [2026-05-05T04:43:53.626+0000] {dag.py:3089} INFO - Sync 2 DAGs
[2026-05-05T04:43:53.645+0000] {logging_mixin.py:188} INFO - [2026-05-05T04:43:53.645+0000] {dag.py:3947} INFO - Setting next_dagrun for example_xcom_args to None, run_after=None
[2026-05-05T04:43:53.653+0000] {logging_mixin.py:188} INFO - [2026-05-05T04:43:53.652+0000] {dag.py:3947} INFO - Setting next_dagrun for example_xcom_args_with_operators to None, run_after=None
[2026-05-05T04:43:53.797+0000] {processor.py:183} INFO - Processing /home/airflow/.local/lib/python3.12/site-packages/airflow/example_dags/example_xcomargs.py took 0.249 seconds
[2026-05-05T04:44:23.991+0000] {processor.py:161} INFO - Started process (PID=2754) to work on /home/airflow/.local/lib/python3.12/site-packages/airflow/example_dags/example_xcomargs.py
[2026-05-05T04:44:23.993+0000] {processor.py:830} INFO - Processing file /home/airflow/.local/lib/python3.12/site-packages/airflow/example_dags/example_xcomargs.py for tasks to queue
[2026-05-05T04:44:23.997+0000] {logging_mixin.py:188} INFO - [2026-05-05T04:44:23.996+0000] {dagbag.py:545} INFO - Filling up the DagBag from /home/airflow/.local/lib/python3.12/site-packages/airflow/example_dags/example_xcomargs.py
[2026-05-05T04:44:24.015+0000] {processor.py:840} INFO - DAG(s) 'example_xcom_args', 'example_xcom_args_with_operators' retrieved from /home/airflow/.local/lib/python3.12/site-packages/airflow/example_dags/example_xcomargs.py
[2026-05-05T04:44:24.085+0000] {logging_mixin.py:188} INFO - [2026-05-05T04:44:24.085+0000] {dag.py:3089} INFO - Sync 2 DAGs
[2026-05-05T04:44:24.106+0000] {logging_mixin.py:188} INFO - [2026-05-05T04:44:24.105+0000] {dag.py:3947} INFO - Setting next_dagrun for example_xcom_args to None, run_after=None
[2026-05-05T04:44:24.113+0000] {logging_mixin.py:188} INFO - [2026-05-05T04:44:24.112+0000] {dag.py:3947} INFO - Setting next_dagrun for example_xcom_args_with_operators to None, run_after=None
[2026-05-05T04:44:24.178+0000] {processor.py:183} INFO - Processing /home/airflow/.local/lib/python3.12/site-packages/airflow/example_dags/example_xcomargs.py took 0.197 seconds
[2026-05-05T04:44:54.412+0000] {processor.py:161} INFO - Started process (PID=2822) to work on /home/airflow/.local/lib/python3.12/site-packages/airflow/example_dags/example_xcomargs.py
[2026-05-05T04:44:54.416+0000] {processor.py:830} INFO - Processing file /home/airflow/.local/lib/python3.12/site-packages/airflow/example_dags/example_xcomargs.py for tasks to queue
[2026-05-05T04:44:54.422+0000] {logging_mixin.py:188} INFO - [2026-05-05T04:44:54.421+0000] {dagbag.py:545} INFO - Filling up the DagBag from /home/airflow/.local/lib/python3.12/site-packages/airflow/example_dags/example_xcomargs.py
[2026-05-05T04:44:54.438+0000] {processor.py:840} INFO - DAG(s) 'example_xcom_args', 'example_xcom_args_with_operators' retrieved from /home/airflow/.local/lib/python3.12/site-packages/airflow/example_dags/example_xcomargs.py
[2026-05-05T04:44:54.485+0000] {logging_mixin.py:188} INFO - [2026-05-05T04:44:54.485+0000] {dag.py:3089} INFO - Sync 2 DAGs
[2026-05-05T04:44:54.507+0000] {logging_mixin.py:188} INFO - [2026-05-05T04:44:54.506+0000] {dag.py:3947} INFO - Setting next_dagrun for example_xcom_args to None, run_after=None
[2026-05-05T04:44:54.514+0000] {logging_mixin.py:188} INFO - [2026-05-05T04:44:54.513+0000] {dag.py:3947} INFO - Setting next_dagrun for example_xcom_args_with_operators to None, run_after=None
[2026-05-05T04:44:54.545+0000] {processor.py:183} INFO - Processing /home/airflow/.local/lib/python3.12/site-packages/airflow/example_dags/example_xcomargs.py took 0.145 seconds
[2026-05-05T04:45:24.922+0000] {processor.py:161} INFO - Started process (PID=2890) to work on /home/airflow/.local/lib/python3.12/site-packages/airflow/example_dags/example_xcomargs.py
[2026-05-05T04:45:24.925+0000] {processor.py:830} INFO - Processing file /home/airflow/.local/lib/python3.12/site-packages/airflow/example_dags/example_xcomargs.py for tasks to queue
[2026-05-05T04:45:24.929+0000] {logging_mixin.py:188} INFO - [2026-05-05T04:45:24.928+0000] {dagbag.py:545} INFO - Filling up the DagBag from /home/airflow/.local/lib/python3.12/site-packages/airflow/example_dags/example_xcomargs.py
[2026-05-05T04:45:24.945+0000] {processor.py:840} INFO - DAG(s) 'example_xcom_args_with_operators', 'example_xcom_args' retrieved from /home/airflow/.local/lib/python3.12/site-packages/airflow/example_dags/example_xcomargs.py
[2026-05-05T04:45:24.987+0000] {logging_mixin.py:188} INFO - [2026-05-05T04:45:24.987+0000] {dag.py:3089} INFO - Sync 2 DAGs
[2026-05-05T04:45:25.016+0000] {logging_mixin.py:188} INFO - [2026-05-05T04:45:25.016+0000] {dag.py:3947} INFO - Setting next_dagrun for example_xcom_args to None, run_after=None
[2026-05-05T04:45:25.024+0000] {logging_mixin.py:188} INFO - [2026-05-05T04:45:25.024+0000] {dag.py:3947} INFO - Setting next_dagrun for example_xcom_args_with_operators to None, run_after=None
[2026-05-05T04:45:25.058+0000] {processor.py:183} INFO - Processing /home/airflow/.local/lib/python3.12/site-packages/airflow/example_dags/example_xcomargs.py took 0.150 seconds
[2026-05-05T04:45:55.331+0000] {processor.py:161} INFO - Started process (PID=2958) to work on /home/airflow/.local/lib/python3.12/site-packages/airflow/example_dags/example_xcomargs.py
[2026-05-05T04:45:55.337+0000] {processor.py:830} INFO - Processing file /home/airflow/.local/lib/python3.12/site-packages/airflow/example_dags/example_xcomargs.py for tasks to queue
[2026-05-05T04:45:55.342+0000] {logging_mixin.py:188} INFO - [2026-05-05T04:45:55.341+0000] {dagbag.py:545} INFO - Filling up the DagBag from /home/airflow/.local/lib/python3.12/site-packages/airflow/example_dags/example_xcomargs.py
[2026-05-05T04:45:55.363+0000] {processor.py:840} INFO - DAG(s) 'example_xcom_args', 'example_xcom_args_with_operators' retrieved from /home/airflow/.local/lib/python3.12/site-packages/airflow/example_dags/example_xcomargs.py
[2026-05-05T04:45:55.421+0000] {logging_mixin.py:188} INFO - [2026-05-05T04:45:55.421+0000] {dag.py:3089} INFO - Sync 2 DAGs
[2026-05-05T04:45:55.447+0000] {logging_mixin.py:188} INFO - [2026-05-05T04:45:55.446+0000] {dag.py:3947} INFO - Setting next_dagrun for example_xcom_args to None, run_after=None
[2026-05-05T04:45:55.454+0000] {logging_mixin.py:188} INFO - [2026-05-05T04:45:55.454+0000] {dag.py:3947} INFO - Setting next_dagrun for example_xcom_args_with_operators to None, run_after=None
[2026-05-05T04:45:55.519+0000] {processor.py:183} INFO - Processing /home/airflow/.local/lib/python3.12/site-packages/airflow/example_dags/example_xcomargs.py took 0.198 seconds
[2026-05-05T04:46:25.792+0000] {processor.py:161} INFO - Started process (PID=3026) to work on /home/airflow/.local/lib/python3.12/site-packages/airflow/example_dags/example_xcomargs.py
[2026-05-05T04:46:25.794+0000] {processor.py:830} INFO - Processing file /home/airflow/.local/lib/python3.12/site-packages/airflow/example_dags/example_xcomargs.py for tasks to queue
[2026-05-05T04:46:25.798+0000] {logging_mixin.py:188} INFO - [2026-05-05T04:46:25.797+0000] {dagbag.py:545} INFO - Filling up the DagBag from /home/airflow/.local/lib/python3.12/site-packages/airflow/example_dags/example_xcomargs.py
[2026-05-05T04:46:25.815+0000] {processor.py:840} INFO - DAG(s) 'example_xcom_args_with_operators', 'example_xcom_args' retrieved from /home/airflow/.local/lib/python3.12/site-packages/airflow/example_dags/example_xcomargs.py
[2026-05-05T04:46:25.851+0000] {logging_mixin.py:188} INFO - [2026-05-05T04:46:25.851+0000] {dag.py:3089} INFO - Sync 2 DAGs
[2026-05-05T04:46:25.873+0000] {logging_mixin.py:188} INFO - [2026-05-05T04:46:25.873+0000] {dag.py:3947} INFO - Setting next_dagrun for example_xcom_args to None, run_after=None
[2026-05-05T04:46:25.881+0000] {logging_mixin.py:188} INFO - [2026-05-05T04:46:25.880+0000] {dag.py:3947} INFO - Setting next_dagrun for example_xcom_args_with_operators to None, run_after=None
[2026-05-05T04:46:25.911+0000] {processor.py:183} INFO - Processing /home/airflow/.local/lib/python3.12/site-packages/airflow/example_dags/example_xcomargs.py took 0.130 seconds
[2026-05-05T04:46:56.647+0000] {processor.py:161} INFO - Started process (PID=3094) to work on /home/airflow/.local/lib/python3.12/site-packages/airflow/example_dags/example_xcomargs.py
[2026-05-05T04:46:56.650+0000] {processor.py:830} INFO - Processing file /home/airflow/.local/lib/python3.12/site-packages/airflow/example_dags/example_xcomargs.py for tasks to queue
[2026-05-05T04:46:56.656+0000] {logging_mixin.py:188} INFO - [2026-05-05T04:46:56.655+0000] {dagbag.py:545} INFO - Filling up the DagBag from /home/airflow/.local/lib/python3.12/site-packages/airflow/example_dags/example_xcomargs.py
[2026-05-05T04:46:56.670+0000] {processor.py:840} INFO - DAG(s) 'example_xcom_args_with_operators', 'example_xcom_args' retrieved from /home/airflow/.local/lib/python3.12/site-packages/airflow/example_dags/example_xcomargs.py
[2026-05-05T04:46:56.718+0000] {logging_mixin.py:188} INFO - [2026-05-05T04:46:56.718+0000] {dag.py:3089} INFO - Sync 2 DAGs
[2026-05-05T04:46:56.737+0000] {logging_mixin.py:188} INFO - [2026-05-05T04:46:56.736+0000] {dag.py:3947} INFO - Setting next_dagrun for example_xcom_args to None, run_after=None
[2026-05-05T04:46:56.743+0000] {logging_mixin.py:188} INFO - [2026-05-05T04:46:56.743+0000] {dag.py:3947} INFO - Setting next_dagrun for example_xcom_args_with_operators to None, run_after=None
[2026-05-05T04:46:56.809+0000] {processor.py:183} INFO - Processing /home/airflow/.local/lib/python3.12/site-packages/airflow/example_dags/example_xcomargs.py took 0.174 seconds
[2026-05-05T04:47:27.202+0000] {processor.py:161} INFO - Started process (PID=3168) to work on /home/airflow/.local/lib/python3.12/site-packages/airflow/example_dags/example_xcomargs.py
[2026-05-05T04:47:27.209+0000] {processor.py:830} INFO - Processing file /home/airflow/.local/lib/python3.12/site-packages/airflow/example_dags/example_xcomargs.py for tasks to queue
[2026-05-05T04:47:27.214+0000] {logging_mixin.py:188} INFO - [2026-05-05T04:47:27.214+0000] {dagbag.py:545} INFO - Filling up the DagBag from /home/airflow/.local/lib/python3.12/site-packages/airflow/example_dags/example_xcomargs.py
[2026-05-05T04:47:27.238+0000] {processor.py:840} INFO - DAG(s) 'example_xcom_args', 'example_xcom_args_with_operators' retrieved from /home/airflow/.local/lib/python3.12/site-packages/airflow/example_dags/example_xcomargs.py
[2026-05-05T04:47:27.288+0000] {logging_mixin.py:188} INFO - [2026-05-05T04:47:27.288+0000] {dag.py:3089} INFO - Sync 2 DAGs
[2026-05-05T04:47:27.326+0000] {logging_mixin.py:188} INFO - [2026-05-05T04:47:27.325+0000] {dag.py:3947} INFO - Setting next_dagrun for example_xcom_args to None, run_after=None
[2026-05-05T04:47:27.340+0000] {logging_mixin.py:188} INFO - [2026-05-05T04:47:27.339+0000] {dag.py:3947} INFO - Setting next_dagrun for example_xcom_args_with_operators to None, run_after=None
[2026-05-05T04:47:27.548+0000] {processor.py:183} INFO - Processing /home/airflow/.local/lib/python3.12/site-packages/airflow/example_dags/example_xcomargs.py took 0.368 seconds
