[2026-05-05T04:12:55.318+0000] {processor.py:161} INFO - Started process (PID=91) to work on /home/airflow/.local/lib/python3.12/site-packages/airflow/example_dags/example_bash_decorator.py
[2026-05-05T04:12:55.321+0000] {processor.py:830} INFO - Processing file /home/airflow/.local/lib/python3.12/site-packages/airflow/example_dags/example_bash_decorator.py for tasks to queue
[2026-05-05T04:12:55.329+0000] {logging_mixin.py:188} INFO - [2026-05-05T04:12:55.326+0000] {dagbag.py:545} INFO - Filling up the DagBag from /home/airflow/.local/lib/python3.12/site-packages/airflow/example_dags/example_bash_decorator.py
[2026-05-05T04:12:55.354+0000] {processor.py:840} INFO - DAG(s) 'example_bash_decorator' retrieved from /home/airflow/.local/lib/python3.12/site-packages/airflow/example_dags/example_bash_decorator.py
[2026-05-05T04:12:55.512+0000] {logging_mixin.py:188} INFO - [2026-05-05T04:12:55.512+0000] {dag.py:3089} INFO - Sync 1 DAGs
[2026-05-05T04:12:55.528+0000] {logging_mixin.py:188} INFO - [2026-05-05T04:12:55.528+0000] {dag.py:3947} INFO - Setting next_dagrun for example_bash_decorator to None, run_after=None
[2026-05-05T04:12:55.587+0000] {processor.py:183} INFO - Processing /home/airflow/.local/lib/python3.12/site-packages/airflow/example_dags/example_bash_decorator.py took 0.277 seconds
[2026-05-05T04:13:27.528+0000] {processor.py:161} INFO - Started process (PID=159) to work on /home/airflow/.local/lib/python3.12/site-packages/airflow/example_dags/example_bash_decorator.py
[2026-05-05T04:13:27.530+0000] {processor.py:830} INFO - Processing file /home/airflow/.local/lib/python3.12/site-packages/airflow/example_dags/example_bash_decorator.py for tasks to queue
[2026-05-05T04:13:27.534+0000] {logging_mixin.py:188} INFO - [2026-05-05T04:13:27.533+0000] {dagbag.py:545} INFO - Filling up the DagBag from /home/airflow/.local/lib/python3.12/site-packages/airflow/example_dags/example_bash_decorator.py
[2026-05-05T04:13:27.553+0000] {processor.py:840} INFO - DAG(s) 'example_bash_decorator' retrieved from /home/airflow/.local/lib/python3.12/site-packages/airflow/example_dags/example_bash_decorator.py
[2026-05-05T04:13:27.573+0000] {logging_mixin.py:188} INFO - [2026-05-05T04:13:27.573+0000] {dag.py:3089} INFO - Sync 1 DAGs
[2026-05-05T04:13:27.592+0000] {logging_mixin.py:188} INFO - [2026-05-05T04:13:27.591+0000] {dag.py:3947} INFO - Setting next_dagrun for example_bash_decorator to None, run_after=None
[2026-05-05T04:13:27.624+0000] {processor.py:183} INFO - Processing /home/airflow/.local/lib/python3.12/site-packages/airflow/example_dags/example_bash_decorator.py took 0.106 seconds
[2026-05-05T04:14:00.690+0000] {processor.py:161} INFO - Started process (PID=227) to work on /home/airflow/.local/lib/python3.12/site-packages/airflow/example_dags/example_bash_decorator.py
[2026-05-05T04:14:00.693+0000] {processor.py:830} INFO - Processing file /home/airflow/.local/lib/python3.12/site-packages/airflow/example_dags/example_bash_decorator.py for tasks to queue
[2026-05-05T04:14:00.698+0000] {logging_mixin.py:188} INFO - [2026-05-05T04:14:00.697+0000] {dagbag.py:545} INFO - Filling up the DagBag from /home/airflow/.local/lib/python3.12/site-packages/airflow/example_dags/example_bash_decorator.py
[2026-05-05T04:14:00.727+0000] {processor.py:840} INFO - DAG(s) 'example_bash_decorator' retrieved from /home/airflow/.local/lib/python3.12/site-packages/airflow/example_dags/example_bash_decorator.py
[2026-05-05T04:14:00.936+0000] {logging_mixin.py:188} INFO - [2026-05-05T04:14:00.935+0000] {dag.py:3089} INFO - Sync 1 DAGs
[2026-05-05T04:14:00.955+0000] {logging_mixin.py:188} INFO - [2026-05-05T04:14:00.954+0000] {dag.py:3947} INFO - Setting next_dagrun for example_bash_decorator to None, run_after=None
[2026-05-05T04:14:00.996+0000] {processor.py:183} INFO - Processing /home/airflow/.local/lib/python3.12/site-packages/airflow/example_dags/example_bash_decorator.py took 0.321 seconds
[2026-05-05T04:14:31.128+0000] {processor.py:161} INFO - Started process (PID=296) to work on /home/airflow/.local/lib/python3.12/site-packages/airflow/example_dags/example_bash_decorator.py
[2026-05-05T04:14:31.130+0000] {processor.py:830} INFO - Processing file /home/airflow/.local/lib/python3.12/site-packages/airflow/example_dags/example_bash_decorator.py for tasks to queue
[2026-05-05T04:14:31.133+0000] {logging_mixin.py:188} INFO - [2026-05-05T04:14:31.132+0000] {dagbag.py:545} INFO - Filling up the DagBag from /home/airflow/.local/lib/python3.12/site-packages/airflow/example_dags/example_bash_decorator.py
[2026-05-05T04:14:31.153+0000] {processor.py:840} INFO - DAG(s) 'example_bash_decorator' retrieved from /home/airflow/.local/lib/python3.12/site-packages/airflow/example_dags/example_bash_decorator.py
[2026-05-05T04:14:31.196+0000] {logging_mixin.py:188} INFO - [2026-05-05T04:14:31.195+0000] {dag.py:3089} INFO - Sync 1 DAGs
[2026-05-05T04:14:31.215+0000] {logging_mixin.py:188} INFO - [2026-05-05T04:14:31.215+0000] {dag.py:3947} INFO - Setting next_dagrun for example_bash_decorator to None, run_after=None
[2026-05-05T04:14:31.249+0000] {processor.py:183} INFO - Processing /home/airflow/.local/lib/python3.12/site-packages/airflow/example_dags/example_bash_decorator.py took 0.130 seconds
[2026-05-05T04:15:01.535+0000] {processor.py:161} INFO - Started process (PID=364) to work on /home/airflow/.local/lib/python3.12/site-packages/airflow/example_dags/example_bash_decorator.py
[2026-05-05T04:15:01.537+0000] {processor.py:830} INFO - Processing file /home/airflow/.local/lib/python3.12/site-packages/airflow/example_dags/example_bash_decorator.py for tasks to queue
[2026-05-05T04:15:01.540+0000] {logging_mixin.py:188} INFO - [2026-05-05T04:15:01.539+0000] {dagbag.py:545} INFO - Filling up the DagBag from /home/airflow/.local/lib/python3.12/site-packages/airflow/example_dags/example_bash_decorator.py
[2026-05-05T04:15:01.566+0000] {processor.py:840} INFO - DAG(s) 'example_bash_decorator' retrieved from /home/airflow/.local/lib/python3.12/site-packages/airflow/example_dags/example_bash_decorator.py
[2026-05-05T04:15:01.613+0000] {logging_mixin.py:188} INFO - [2026-05-05T04:15:01.613+0000] {dag.py:3089} INFO - Sync 1 DAGs
[2026-05-05T04:15:01.640+0000] {logging_mixin.py:188} INFO - [2026-05-05T04:15:01.639+0000] {dag.py:3947} INFO - Setting next_dagrun for example_bash_decorator to None, run_after=None
[2026-05-05T04:15:01.695+0000] {processor.py:183} INFO - Processing /home/airflow/.local/lib/python3.12/site-packages/airflow/example_dags/example_bash_decorator.py took 0.171 seconds
[2026-05-05T04:15:32.618+0000] {processor.py:161} INFO - Started process (PID=439) to work on /home/airflow/.local/lib/python3.12/site-packages/airflow/example_dags/example_bash_decorator.py
[2026-05-05T04:15:32.620+0000] {processor.py:830} INFO - Processing file /home/airflow/.local/lib/python3.12/site-packages/airflow/example_dags/example_bash_decorator.py for tasks to queue
[2026-05-05T04:15:32.624+0000] {logging_mixin.py:188} INFO - [2026-05-05T04:15:32.623+0000] {dagbag.py:545} INFO - Filling up the DagBag from /home/airflow/.local/lib/python3.12/site-packages/airflow/example_dags/example_bash_decorator.py
[2026-05-05T04:15:32.653+0000] {processor.py:840} INFO - DAG(s) 'example_bash_decorator' retrieved from /home/airflow/.local/lib/python3.12/site-packages/airflow/example_dags/example_bash_decorator.py
[2026-05-05T04:15:32.694+0000] {logging_mixin.py:188} INFO - [2026-05-05T04:15:32.693+0000] {dag.py:3089} INFO - Sync 1 DAGs
[2026-05-05T04:15:32.714+0000] {logging_mixin.py:188} INFO - [2026-05-05T04:15:32.713+0000] {dag.py:3947} INFO - Setting next_dagrun for example_bash_decorator to None, run_after=None
[2026-05-05T04:15:32.783+0000] {processor.py:183} INFO - Processing /home/airflow/.local/lib/python3.12/site-packages/airflow/example_dags/example_bash_decorator.py took 0.179 seconds
[2026-05-05T04:16:03.075+0000] {processor.py:161} INFO - Started process (PID=507) to work on /home/airflow/.local/lib/python3.12/site-packages/airflow/example_dags/example_bash_decorator.py
[2026-05-05T04:16:03.076+0000] {processor.py:830} INFO - Processing file /home/airflow/.local/lib/python3.12/site-packages/airflow/example_dags/example_bash_decorator.py for tasks to queue
[2026-05-05T04:16:03.080+0000] {logging_mixin.py:188} INFO - [2026-05-05T04:16:03.079+0000] {dagbag.py:545} INFO - Filling up the DagBag from /home/airflow/.local/lib/python3.12/site-packages/airflow/example_dags/example_bash_decorator.py
[2026-05-05T04:16:03.107+0000] {processor.py:840} INFO - DAG(s) 'example_bash_decorator' retrieved from /home/airflow/.local/lib/python3.12/site-packages/airflow/example_dags/example_bash_decorator.py
[2026-05-05T04:16:03.146+0000] {logging_mixin.py:188} INFO - [2026-05-05T04:16:03.145+0000] {dag.py:3089} INFO - Sync 1 DAGs
[2026-05-05T04:16:03.174+0000] {logging_mixin.py:188} INFO - [2026-05-05T04:16:03.173+0000] {dag.py:3947} INFO - Setting next_dagrun for example_bash_decorator to None, run_after=None
[2026-05-05T04:16:03.220+0000] {processor.py:183} INFO - Processing /home/airflow/.local/lib/python3.12/site-packages/airflow/example_dags/example_bash_decorator.py took 0.154 seconds
[2026-05-05T04:16:33.681+0000] {processor.py:161} INFO - Started process (PID=575) to work on /home/airflow/.local/lib/python3.12/site-packages/airflow/example_dags/example_bash_decorator.py
[2026-05-05T04:16:33.683+0000] {processor.py:830} INFO - Processing file /home/airflow/.local/lib/python3.12/site-packages/airflow/example_dags/example_bash_decorator.py for tasks to queue
[2026-05-05T04:16:33.687+0000] {logging_mixin.py:188} INFO - [2026-05-05T04:16:33.686+0000] {dagbag.py:545} INFO - Filling up the DagBag from /home/airflow/.local/lib/python3.12/site-packages/airflow/example_dags/example_bash_decorator.py
[2026-05-05T04:16:33.715+0000] {processor.py:840} INFO - DAG(s) 'example_bash_decorator' retrieved from /home/airflow/.local/lib/python3.12/site-packages/airflow/example_dags/example_bash_decorator.py
[2026-05-05T04:16:33.746+0000] {logging_mixin.py:188} INFO - [2026-05-05T04:16:33.746+0000] {dag.py:3089} INFO - Sync 1 DAGs
[2026-05-05T04:16:33.764+0000] {logging_mixin.py:188} INFO - [2026-05-05T04:16:33.763+0000] {dag.py:3947} INFO - Setting next_dagrun for example_bash_decorator to None, run_after=None
[2026-05-05T04:16:33.798+0000] {processor.py:183} INFO - Processing /home/airflow/.local/lib/python3.12/site-packages/airflow/example_dags/example_bash_decorator.py took 0.126 seconds
[2026-05-05T04:17:04.340+0000] {processor.py:161} INFO - Started process (PID=644) to work on /home/airflow/.local/lib/python3.12/site-packages/airflow/example_dags/example_bash_decorator.py
[2026-05-05T04:17:04.342+0000] {processor.py:830} INFO - Processing file /home/airflow/.local/lib/python3.12/site-packages/airflow/example_dags/example_bash_decorator.py for tasks to queue
[2026-05-05T04:17:04.346+0000] {logging_mixin.py:188} INFO - [2026-05-05T04:17:04.345+0000] {dagbag.py:545} INFO - Filling up the DagBag from /home/airflow/.local/lib/python3.12/site-packages/airflow/example_dags/example_bash_decorator.py
[2026-05-05T04:17:04.366+0000] {processor.py:840} INFO - DAG(s) 'example_bash_decorator' retrieved from /home/airflow/.local/lib/python3.12/site-packages/airflow/example_dags/example_bash_decorator.py
[2026-05-05T04:17:04.404+0000] {logging_mixin.py:188} INFO - [2026-05-05T04:17:04.404+0000] {dag.py:3089} INFO - Sync 1 DAGs
[2026-05-05T04:17:04.424+0000] {logging_mixin.py:188} INFO - [2026-05-05T04:17:04.424+0000] {dag.py:3947} INFO - Setting next_dagrun for example_bash_decorator to None, run_after=None
[2026-05-05T04:17:04.489+0000] {processor.py:183} INFO - Processing /home/airflow/.local/lib/python3.12/site-packages/airflow/example_dags/example_bash_decorator.py took 0.157 seconds
[2026-05-05T04:17:34.586+0000] {processor.py:161} INFO - Started process (PID=711) to work on /home/airflow/.local/lib/python3.12/site-packages/airflow/example_dags/example_bash_decorator.py
[2026-05-05T04:17:34.606+0000] {processor.py:830} INFO - Processing file /home/airflow/.local/lib/python3.12/site-packages/airflow/example_dags/example_bash_decorator.py for tasks to queue
[2026-05-05T04:17:34.611+0000] {logging_mixin.py:188} INFO - [2026-05-05T04:17:34.610+0000] {dagbag.py:545} INFO - Filling up the DagBag from /home/airflow/.local/lib/python3.12/site-packages/airflow/example_dags/example_bash_decorator.py
[2026-05-05T04:17:34.645+0000] {processor.py:840} INFO - DAG(s) 'example_bash_decorator' retrieved from /home/airflow/.local/lib/python3.12/site-packages/airflow/example_dags/example_bash_decorator.py
[2026-05-05T04:17:34.688+0000] {logging_mixin.py:188} INFO - [2026-05-05T04:17:34.687+0000] {dag.py:3089} INFO - Sync 1 DAGs
[2026-05-05T04:17:34.710+0000] {logging_mixin.py:188} INFO - [2026-05-05T04:17:34.709+0000] {dag.py:3947} INFO - Setting next_dagrun for example_bash_decorator to None, run_after=None
[2026-05-05T04:17:34.740+0000] {processor.py:183} INFO - Processing /home/airflow/.local/lib/python3.12/site-packages/airflow/example_dags/example_bash_decorator.py took 0.172 seconds
[2026-05-05T04:18:05.921+0000] {processor.py:161} INFO - Started process (PID=780) to work on /home/airflow/.local/lib/python3.12/site-packages/airflow/example_dags/example_bash_decorator.py
[2026-05-05T04:18:05.923+0000] {processor.py:830} INFO - Processing file /home/airflow/.local/lib/python3.12/site-packages/airflow/example_dags/example_bash_decorator.py for tasks to queue
[2026-05-05T04:18:05.927+0000] {logging_mixin.py:188} INFO - [2026-05-05T04:18:05.926+0000] {dagbag.py:545} INFO - Filling up the DagBag from /home/airflow/.local/lib/python3.12/site-packages/airflow/example_dags/example_bash_decorator.py
[2026-05-05T04:18:05.951+0000] {processor.py:840} INFO - DAG(s) 'example_bash_decorator' retrieved from /home/airflow/.local/lib/python3.12/site-packages/airflow/example_dags/example_bash_decorator.py
[2026-05-05T04:18:05.990+0000] {logging_mixin.py:188} INFO - [2026-05-05T04:18:05.990+0000] {dag.py:3089} INFO - Sync 1 DAGs
[2026-05-05T04:18:06.011+0000] {logging_mixin.py:188} INFO - [2026-05-05T04:18:06.010+0000] {dag.py:3947} INFO - Setting next_dagrun for example_bash_decorator to None, run_after=None
[2026-05-05T04:18:06.042+0000] {processor.py:183} INFO - Processing /home/airflow/.local/lib/python3.12/site-packages/airflow/example_dags/example_bash_decorator.py took 0.131 seconds
[2026-05-05T04:18:36.641+0000] {processor.py:161} INFO - Started process (PID=855) to work on /home/airflow/.local/lib/python3.12/site-packages/airflow/example_dags/example_bash_decorator.py
[2026-05-05T04:18:36.643+0000] {processor.py:830} INFO - Processing file /home/airflow/.local/lib/python3.12/site-packages/airflow/example_dags/example_bash_decorator.py for tasks to queue
[2026-05-05T04:18:36.646+0000] {logging_mixin.py:188} INFO - [2026-05-05T04:18:36.645+0000] {dagbag.py:545} INFO - Filling up the DagBag from /home/airflow/.local/lib/python3.12/site-packages/airflow/example_dags/example_bash_decorator.py
[2026-05-05T04:18:36.664+0000] {processor.py:840} INFO - DAG(s) 'example_bash_decorator' retrieved from /home/airflow/.local/lib/python3.12/site-packages/airflow/example_dags/example_bash_decorator.py
[2026-05-05T04:18:36.698+0000] {logging_mixin.py:188} INFO - [2026-05-05T04:18:36.698+0000] {dag.py:3089} INFO - Sync 1 DAGs
[2026-05-05T04:18:36.718+0000] {logging_mixin.py:188} INFO - [2026-05-05T04:18:36.717+0000] {dag.py:3947} INFO - Setting next_dagrun for example_bash_decorator to None, run_after=None
[2026-05-05T04:18:36.753+0000] {processor.py:183} INFO - Processing /home/airflow/.local/lib/python3.12/site-packages/airflow/example_dags/example_bash_decorator.py took 0.122 seconds
[2026-05-05T04:24:34.560+0000] {processor.py:161} INFO - Started process (PID=91) to work on /home/airflow/.local/lib/python3.12/site-packages/airflow/example_dags/example_bash_decorator.py
[2026-05-05T04:24:34.562+0000] {processor.py:830} INFO - Processing file /home/airflow/.local/lib/python3.12/site-packages/airflow/example_dags/example_bash_decorator.py for tasks to queue
[2026-05-05T04:24:34.566+0000] {logging_mixin.py:188} INFO - [2026-05-05T04:24:34.565+0000] {dagbag.py:545} INFO - Filling up the DagBag from /home/airflow/.local/lib/python3.12/site-packages/airflow/example_dags/example_bash_decorator.py
[2026-05-05T04:24:34.587+0000] {processor.py:840} INFO - DAG(s) 'example_bash_decorator' retrieved from /home/airflow/.local/lib/python3.12/site-packages/airflow/example_dags/example_bash_decorator.py
[2026-05-05T04:24:34.740+0000] {logging_mixin.py:188} INFO - [2026-05-05T04:24:34.739+0000] {override.py:1858} INFO - Created Permission View: can edit on DAG:example_bash_decorator
[2026-05-05T04:24:34.757+0000] {logging_mixin.py:188} INFO - [2026-05-05T04:24:34.756+0000] {override.py:1858} INFO - Created Permission View: can delete on DAG:example_bash_decorator
[2026-05-05T04:24:34.768+0000] {logging_mixin.py:188} INFO - [2026-05-05T04:24:34.768+0000] {override.py:1858} INFO - Created Permission View: can read on DAG:example_bash_decorator
[2026-05-05T04:24:34.770+0000] {logging_mixin.py:188} INFO - [2026-05-05T04:24:34.769+0000] {dag.py:3089} INFO - Sync 1 DAGs
[2026-05-05T04:24:34.784+0000] {logging_mixin.py:188} INFO - [2026-05-05T04:24:34.784+0000] {dag.py:3111} INFO - Creating ORM DAG for example_bash_decorator
[2026-05-05T04:24:34.786+0000] {logging_mixin.py:188} INFO - [2026-05-05T04:24:34.786+0000] {dag.py:3947} INFO - Setting next_dagrun for example_bash_decorator to None, run_after=None
[2026-05-05T04:24:34.812+0000] {processor.py:183} INFO - Processing /home/airflow/.local/lib/python3.12/site-packages/airflow/example_dags/example_bash_decorator.py took 0.264 seconds
[2026-05-05T04:25:05.632+0000] {processor.py:161} INFO - Started process (PID=159) to work on /home/airflow/.local/lib/python3.12/site-packages/airflow/example_dags/example_bash_decorator.py
[2026-05-05T04:25:05.636+0000] {processor.py:830} INFO - Processing file /home/airflow/.local/lib/python3.12/site-packages/airflow/example_dags/example_bash_decorator.py for tasks to queue
[2026-05-05T04:25:05.640+0000] {logging_mixin.py:188} INFO - [2026-05-05T04:25:05.639+0000] {dagbag.py:545} INFO - Filling up the DagBag from /home/airflow/.local/lib/python3.12/site-packages/airflow/example_dags/example_bash_decorator.py
[2026-05-05T04:25:05.665+0000] {processor.py:840} INFO - DAG(s) 'example_bash_decorator' retrieved from /home/airflow/.local/lib/python3.12/site-packages/airflow/example_dags/example_bash_decorator.py
[2026-05-05T04:25:05.697+0000] {logging_mixin.py:188} INFO - [2026-05-05T04:25:05.697+0000] {dag.py:3089} INFO - Sync 1 DAGs
[2026-05-05T04:25:05.717+0000] {logging_mixin.py:188} INFO - [2026-05-05T04:25:05.716+0000] {dag.py:3947} INFO - Setting next_dagrun for example_bash_decorator to None, run_after=None
[2026-05-05T04:25:05.748+0000] {processor.py:183} INFO - Processing /home/airflow/.local/lib/python3.12/site-packages/airflow/example_dags/example_bash_decorator.py took 0.124 seconds
[2026-05-05T04:25:36.083+0000] {processor.py:161} INFO - Started process (PID=228) to work on /home/airflow/.local/lib/python3.12/site-packages/airflow/example_dags/example_bash_decorator.py
[2026-05-05T04:25:36.085+0000] {processor.py:830} INFO - Processing file /home/airflow/.local/lib/python3.12/site-packages/airflow/example_dags/example_bash_decorator.py for tasks to queue
[2026-05-05T04:25:36.089+0000] {logging_mixin.py:188} INFO - [2026-05-05T04:25:36.088+0000] {dagbag.py:545} INFO - Filling up the DagBag from /home/airflow/.local/lib/python3.12/site-packages/airflow/example_dags/example_bash_decorator.py
[2026-05-05T04:25:36.116+0000] {processor.py:840} INFO - DAG(s) 'example_bash_decorator' retrieved from /home/airflow/.local/lib/python3.12/site-packages/airflow/example_dags/example_bash_decorator.py
[2026-05-05T04:25:36.167+0000] {logging_mixin.py:188} INFO - [2026-05-05T04:25:36.167+0000] {dag.py:3089} INFO - Sync 1 DAGs
[2026-05-05T04:25:36.199+0000] {logging_mixin.py:188} INFO - [2026-05-05T04:25:36.195+0000] {dag.py:3947} INFO - Setting next_dagrun for example_bash_decorator to None, run_after=None
[2026-05-05T04:25:36.237+0000] {processor.py:183} INFO - Processing /home/airflow/.local/lib/python3.12/site-packages/airflow/example_dags/example_bash_decorator.py took 0.169 seconds
[2026-05-05T04:26:06.416+0000] {processor.py:161} INFO - Started process (PID=303) to work on /home/airflow/.local/lib/python3.12/site-packages/airflow/example_dags/example_bash_decorator.py
[2026-05-05T04:26:06.421+0000] {processor.py:830} INFO - Processing file /home/airflow/.local/lib/python3.12/site-packages/airflow/example_dags/example_bash_decorator.py for tasks to queue
[2026-05-05T04:26:06.427+0000] {logging_mixin.py:188} INFO - [2026-05-05T04:26:06.426+0000] {dagbag.py:545} INFO - Filling up the DagBag from /home/airflow/.local/lib/python3.12/site-packages/airflow/example_dags/example_bash_decorator.py
[2026-05-05T04:26:06.450+0000] {processor.py:840} INFO - DAG(s) 'example_bash_decorator' retrieved from /home/airflow/.local/lib/python3.12/site-packages/airflow/example_dags/example_bash_decorator.py
[2026-05-05T04:26:06.506+0000] {logging_mixin.py:188} INFO - [2026-05-05T04:26:06.506+0000] {dag.py:3089} INFO - Sync 1 DAGs
[2026-05-05T04:26:06.528+0000] {logging_mixin.py:188} INFO - [2026-05-05T04:26:06.527+0000] {dag.py:3947} INFO - Setting next_dagrun for example_bash_decorator to None, run_after=None
[2026-05-05T04:26:06.591+0000] {processor.py:183} INFO - Processing /home/airflow/.local/lib/python3.12/site-packages/airflow/example_dags/example_bash_decorator.py took 0.191 seconds
[2026-05-05T04:26:37.236+0000] {processor.py:161} INFO - Started process (PID=371) to work on /home/airflow/.local/lib/python3.12/site-packages/airflow/example_dags/example_bash_decorator.py
[2026-05-05T04:26:37.239+0000] {processor.py:830} INFO - Processing file /home/airflow/.local/lib/python3.12/site-packages/airflow/example_dags/example_bash_decorator.py for tasks to queue
[2026-05-05T04:26:37.244+0000] {logging_mixin.py:188} INFO - [2026-05-05T04:26:37.243+0000] {dagbag.py:545} INFO - Filling up the DagBag from /home/airflow/.local/lib/python3.12/site-packages/airflow/example_dags/example_bash_decorator.py
[2026-05-05T04:26:37.271+0000] {processor.py:840} INFO - DAG(s) 'example_bash_decorator' retrieved from /home/airflow/.local/lib/python3.12/site-packages/airflow/example_dags/example_bash_decorator.py
[2026-05-05T04:26:37.307+0000] {logging_mixin.py:188} INFO - [2026-05-05T04:26:37.307+0000] {dag.py:3089} INFO - Sync 1 DAGs
[2026-05-05T04:26:37.328+0000] {logging_mixin.py:188} INFO - [2026-05-05T04:26:37.327+0000] {dag.py:3947} INFO - Setting next_dagrun for example_bash_decorator to None, run_after=None
[2026-05-05T04:26:37.396+0000] {processor.py:183} INFO - Processing /home/airflow/.local/lib/python3.12/site-packages/airflow/example_dags/example_bash_decorator.py took 0.171 seconds
[2026-05-05T04:27:07.546+0000] {processor.py:161} INFO - Started process (PID=439) to work on /home/airflow/.local/lib/python3.12/site-packages/airflow/example_dags/example_bash_decorator.py
[2026-05-05T04:27:07.548+0000] {processor.py:830} INFO - Processing file /home/airflow/.local/lib/python3.12/site-packages/airflow/example_dags/example_bash_decorator.py for tasks to queue
[2026-05-05T04:27:07.553+0000] {logging_mixin.py:188} INFO - [2026-05-05T04:27:07.552+0000] {dagbag.py:545} INFO - Filling up the DagBag from /home/airflow/.local/lib/python3.12/site-packages/airflow/example_dags/example_bash_decorator.py
[2026-05-05T04:27:07.579+0000] {processor.py:840} INFO - DAG(s) 'example_bash_decorator' retrieved from /home/airflow/.local/lib/python3.12/site-packages/airflow/example_dags/example_bash_decorator.py
[2026-05-05T04:27:07.621+0000] {logging_mixin.py:188} INFO - [2026-05-05T04:27:07.620+0000] {dag.py:3089} INFO - Sync 1 DAGs
[2026-05-05T04:27:07.642+0000] {logging_mixin.py:188} INFO - [2026-05-05T04:27:07.641+0000] {dag.py:3947} INFO - Setting next_dagrun for example_bash_decorator to None, run_after=None
[2026-05-05T04:27:07.712+0000] {processor.py:183} INFO - Processing /home/airflow/.local/lib/python3.12/site-packages/airflow/example_dags/example_bash_decorator.py took 0.180 seconds
[2026-05-05T04:27:38.009+0000] {processor.py:161} INFO - Started process (PID=506) to work on /home/airflow/.local/lib/python3.12/site-packages/airflow/example_dags/example_bash_decorator.py
[2026-05-05T04:27:38.011+0000] {processor.py:830} INFO - Processing file /home/airflow/.local/lib/python3.12/site-packages/airflow/example_dags/example_bash_decorator.py for tasks to queue
[2026-05-05T04:27:38.015+0000] {logging_mixin.py:188} INFO - [2026-05-05T04:27:38.015+0000] {dagbag.py:545} INFO - Filling up the DagBag from /home/airflow/.local/lib/python3.12/site-packages/airflow/example_dags/example_bash_decorator.py
[2026-05-05T04:27:38.044+0000] {processor.py:840} INFO - DAG(s) 'example_bash_decorator' retrieved from /home/airflow/.local/lib/python3.12/site-packages/airflow/example_dags/example_bash_decorator.py
[2026-05-05T04:27:38.081+0000] {logging_mixin.py:188} INFO - [2026-05-05T04:27:38.081+0000] {dag.py:3089} INFO - Sync 1 DAGs
[2026-05-05T04:27:38.100+0000] {logging_mixin.py:188} INFO - [2026-05-05T04:27:38.100+0000] {dag.py:3947} INFO - Setting next_dagrun for example_bash_decorator to None, run_after=None
[2026-05-05T04:27:38.132+0000] {processor.py:183} INFO - Processing /home/airflow/.local/lib/python3.12/site-packages/airflow/example_dags/example_bash_decorator.py took 0.137 seconds
[2026-05-05T04:28:08.351+0000] {processor.py:161} INFO - Started process (PID=574) to work on /home/airflow/.local/lib/python3.12/site-packages/airflow/example_dags/example_bash_decorator.py
[2026-05-05T04:28:08.353+0000] {processor.py:830} INFO - Processing file /home/airflow/.local/lib/python3.12/site-packages/airflow/example_dags/example_bash_decorator.py for tasks to queue
[2026-05-05T04:28:08.358+0000] {logging_mixin.py:188} INFO - [2026-05-05T04:28:08.358+0000] {dagbag.py:545} INFO - Filling up the DagBag from /home/airflow/.local/lib/python3.12/site-packages/airflow/example_dags/example_bash_decorator.py
[2026-05-05T04:28:08.384+0000] {processor.py:840} INFO - DAG(s) 'example_bash_decorator' retrieved from /home/airflow/.local/lib/python3.12/site-packages/airflow/example_dags/example_bash_decorator.py
[2026-05-05T04:28:08.420+0000] {logging_mixin.py:188} INFO - [2026-05-05T04:28:08.420+0000] {dag.py:3089} INFO - Sync 1 DAGs
[2026-05-05T04:28:08.441+0000] {logging_mixin.py:188} INFO - [2026-05-05T04:28:08.440+0000] {dag.py:3947} INFO - Setting next_dagrun for example_bash_decorator to None, run_after=None
[2026-05-05T04:28:08.507+0000] {processor.py:183} INFO - Processing /home/airflow/.local/lib/python3.12/site-packages/airflow/example_dags/example_bash_decorator.py took 0.166 seconds
[2026-05-05T04:28:39.226+0000] {processor.py:161} INFO - Started process (PID=642) to work on /home/airflow/.local/lib/python3.12/site-packages/airflow/example_dags/example_bash_decorator.py
[2026-05-05T04:28:39.229+0000] {processor.py:830} INFO - Processing file /home/airflow/.local/lib/python3.12/site-packages/airflow/example_dags/example_bash_decorator.py for tasks to queue
[2026-05-05T04:28:39.232+0000] {logging_mixin.py:188} INFO - [2026-05-05T04:28:39.231+0000] {dagbag.py:545} INFO - Filling up the DagBag from /home/airflow/.local/lib/python3.12/site-packages/airflow/example_dags/example_bash_decorator.py
[2026-05-05T04:28:39.253+0000] {processor.py:840} INFO - DAG(s) 'example_bash_decorator' retrieved from /home/airflow/.local/lib/python3.12/site-packages/airflow/example_dags/example_bash_decorator.py
[2026-05-05T04:28:39.288+0000] {logging_mixin.py:188} INFO - [2026-05-05T04:28:39.288+0000] {dag.py:3089} INFO - Sync 1 DAGs
[2026-05-05T04:28:39.309+0000] {logging_mixin.py:188} INFO - [2026-05-05T04:28:39.309+0000] {dag.py:3947} INFO - Setting next_dagrun for example_bash_decorator to None, run_after=None
[2026-05-05T04:28:39.338+0000] {processor.py:183} INFO - Processing /home/airflow/.local/lib/python3.12/site-packages/airflow/example_dags/example_bash_decorator.py took 0.122 seconds
[2026-05-05T04:29:10.096+0000] {processor.py:161} INFO - Started process (PID=717) to work on /home/airflow/.local/lib/python3.12/site-packages/airflow/example_dags/example_bash_decorator.py
[2026-05-05T04:29:10.098+0000] {processor.py:830} INFO - Processing file /home/airflow/.local/lib/python3.12/site-packages/airflow/example_dags/example_bash_decorator.py for tasks to queue
[2026-05-05T04:29:10.101+0000] {logging_mixin.py:188} INFO - [2026-05-05T04:29:10.101+0000] {dagbag.py:545} INFO - Filling up the DagBag from /home/airflow/.local/lib/python3.12/site-packages/airflow/example_dags/example_bash_decorator.py
[2026-05-05T04:29:10.152+0000] {processor.py:840} INFO - DAG(s) 'example_bash_decorator' retrieved from /home/airflow/.local/lib/python3.12/site-packages/airflow/example_dags/example_bash_decorator.py
[2026-05-05T04:29:10.188+0000] {logging_mixin.py:188} INFO - [2026-05-05T04:29:10.187+0000] {dag.py:3089} INFO - Sync 1 DAGs
[2026-05-05T04:29:10.205+0000] {logging_mixin.py:188} INFO - [2026-05-05T04:29:10.205+0000] {dag.py:3947} INFO - Setting next_dagrun for example_bash_decorator to None, run_after=None
[2026-05-05T04:29:10.269+0000] {processor.py:183} INFO - Processing /home/airflow/.local/lib/python3.12/site-packages/airflow/example_dags/example_bash_decorator.py took 0.182 seconds
[2026-05-05T04:29:40.734+0000] {processor.py:161} INFO - Started process (PID=785) to work on /home/airflow/.local/lib/python3.12/site-packages/airflow/example_dags/example_bash_decorator.py
[2026-05-05T04:29:40.736+0000] {processor.py:830} INFO - Processing file /home/airflow/.local/lib/python3.12/site-packages/airflow/example_dags/example_bash_decorator.py for tasks to queue
[2026-05-05T04:29:40.741+0000] {logging_mixin.py:188} INFO - [2026-05-05T04:29:40.740+0000] {dagbag.py:545} INFO - Filling up the DagBag from /home/airflow/.local/lib/python3.12/site-packages/airflow/example_dags/example_bash_decorator.py
[2026-05-05T04:29:40.766+0000] {processor.py:840} INFO - DAG(s) 'example_bash_decorator' retrieved from /home/airflow/.local/lib/python3.12/site-packages/airflow/example_dags/example_bash_decorator.py
[2026-05-05T04:29:40.815+0000] {logging_mixin.py:188} INFO - [2026-05-05T04:29:40.814+0000] {dag.py:3089} INFO - Sync 1 DAGs
[2026-05-05T04:29:40.842+0000] {logging_mixin.py:188} INFO - [2026-05-05T04:29:40.842+0000] {dag.py:3947} INFO - Setting next_dagrun for example_bash_decorator to None, run_after=None
[2026-05-05T04:29:40.917+0000] {processor.py:183} INFO - Processing /home/airflow/.local/lib/python3.12/site-packages/airflow/example_dags/example_bash_decorator.py took 0.195 seconds
[2026-05-05T04:30:11.771+0000] {processor.py:161} INFO - Started process (PID=853) to work on /home/airflow/.local/lib/python3.12/site-packages/airflow/example_dags/example_bash_decorator.py
[2026-05-05T04:30:11.773+0000] {processor.py:830} INFO - Processing file /home/airflow/.local/lib/python3.12/site-packages/airflow/example_dags/example_bash_decorator.py for tasks to queue
[2026-05-05T04:30:11.777+0000] {logging_mixin.py:188} INFO - [2026-05-05T04:30:11.777+0000] {dagbag.py:545} INFO - Filling up the DagBag from /home/airflow/.local/lib/python3.12/site-packages/airflow/example_dags/example_bash_decorator.py
[2026-05-05T04:30:11.799+0000] {processor.py:840} INFO - DAG(s) 'example_bash_decorator' retrieved from /home/airflow/.local/lib/python3.12/site-packages/airflow/example_dags/example_bash_decorator.py
[2026-05-05T04:30:11.836+0000] {logging_mixin.py:188} INFO - [2026-05-05T04:30:11.836+0000] {dag.py:3089} INFO - Sync 1 DAGs
[2026-05-05T04:30:11.858+0000] {logging_mixin.py:188} INFO - [2026-05-05T04:30:11.857+0000] {dag.py:3947} INFO - Setting next_dagrun for example_bash_decorator to None, run_after=None
[2026-05-05T04:30:11.930+0000] {processor.py:183} INFO - Processing /home/airflow/.local/lib/python3.12/site-packages/airflow/example_dags/example_bash_decorator.py took 0.169 seconds
[2026-05-05T04:30:42.358+0000] {processor.py:161} INFO - Started process (PID=921) to work on /home/airflow/.local/lib/python3.12/site-packages/airflow/example_dags/example_bash_decorator.py
[2026-05-05T04:30:42.361+0000] {processor.py:830} INFO - Processing file /home/airflow/.local/lib/python3.12/site-packages/airflow/example_dags/example_bash_decorator.py for tasks to queue
[2026-05-05T04:30:42.365+0000] {logging_mixin.py:188} INFO - [2026-05-05T04:30:42.364+0000] {dagbag.py:545} INFO - Filling up the DagBag from /home/airflow/.local/lib/python3.12/site-packages/airflow/example_dags/example_bash_decorator.py
[2026-05-05T04:30:42.385+0000] {processor.py:840} INFO - DAG(s) 'example_bash_decorator' retrieved from /home/airflow/.local/lib/python3.12/site-packages/airflow/example_dags/example_bash_decorator.py
[2026-05-05T04:30:42.437+0000] {logging_mixin.py:188} INFO - [2026-05-05T04:30:42.436+0000] {dag.py:3089} INFO - Sync 1 DAGs
[2026-05-05T04:30:42.458+0000] {logging_mixin.py:188} INFO - [2026-05-05T04:30:42.458+0000] {dag.py:3947} INFO - Setting next_dagrun for example_bash_decorator to None, run_after=None
[2026-05-05T04:30:42.506+0000] {processor.py:183} INFO - Processing /home/airflow/.local/lib/python3.12/site-packages/airflow/example_dags/example_bash_decorator.py took 0.158 seconds
[2026-05-05T04:31:13.166+0000] {processor.py:161} INFO - Started process (PID=989) to work on /home/airflow/.local/lib/python3.12/site-packages/airflow/example_dags/example_bash_decorator.py
[2026-05-05T04:31:13.169+0000] {processor.py:830} INFO - Processing file /home/airflow/.local/lib/python3.12/site-packages/airflow/example_dags/example_bash_decorator.py for tasks to queue
[2026-05-05T04:31:13.173+0000] {logging_mixin.py:188} INFO - [2026-05-05T04:31:13.172+0000] {dagbag.py:545} INFO - Filling up the DagBag from /home/airflow/.local/lib/python3.12/site-packages/airflow/example_dags/example_bash_decorator.py
[2026-05-05T04:31:13.200+0000] {processor.py:840} INFO - DAG(s) 'example_bash_decorator' retrieved from /home/airflow/.local/lib/python3.12/site-packages/airflow/example_dags/example_bash_decorator.py
[2026-05-05T04:31:13.240+0000] {logging_mixin.py:188} INFO - [2026-05-05T04:31:13.239+0000] {dag.py:3089} INFO - Sync 1 DAGs
[2026-05-05T04:31:13.261+0000] {logging_mixin.py:188} INFO - [2026-05-05T04:31:13.261+0000] {dag.py:3947} INFO - Setting next_dagrun for example_bash_decorator to None, run_after=None
[2026-05-05T04:31:13.326+0000] {processor.py:183} INFO - Processing /home/airflow/.local/lib/python3.12/site-packages/airflow/example_dags/example_bash_decorator.py took 0.169 seconds
[2026-05-05T04:31:43.612+0000] {processor.py:161} INFO - Started process (PID=1064) to work on /home/airflow/.local/lib/python3.12/site-packages/airflow/example_dags/example_bash_decorator.py
[2026-05-05T04:31:43.615+0000] {processor.py:830} INFO - Processing file /home/airflow/.local/lib/python3.12/site-packages/airflow/example_dags/example_bash_decorator.py for tasks to queue
[2026-05-05T04:31:43.621+0000] {logging_mixin.py:188} INFO - [2026-05-05T04:31:43.621+0000] {dagbag.py:545} INFO - Filling up the DagBag from /home/airflow/.local/lib/python3.12/site-packages/airflow/example_dags/example_bash_decorator.py
[2026-05-05T04:31:43.641+0000] {processor.py:840} INFO - DAG(s) 'example_bash_decorator' retrieved from /home/airflow/.local/lib/python3.12/site-packages/airflow/example_dags/example_bash_decorator.py
[2026-05-05T04:31:43.690+0000] {logging_mixin.py:188} INFO - [2026-05-05T04:31:43.690+0000] {dag.py:3089} INFO - Sync 1 DAGs
[2026-05-05T04:31:43.711+0000] {logging_mixin.py:188} INFO - [2026-05-05T04:31:43.710+0000] {dag.py:3947} INFO - Setting next_dagrun for example_bash_decorator to None, run_after=None
[2026-05-05T04:31:43.771+0000] {processor.py:183} INFO - Processing /home/airflow/.local/lib/python3.12/site-packages/airflow/example_dags/example_bash_decorator.py took 0.168 seconds
[2026-05-05T04:32:14.003+0000] {processor.py:161} INFO - Started process (PID=1132) to work on /home/airflow/.local/lib/python3.12/site-packages/airflow/example_dags/example_bash_decorator.py
[2026-05-05T04:32:14.011+0000] {processor.py:830} INFO - Processing file /home/airflow/.local/lib/python3.12/site-packages/airflow/example_dags/example_bash_decorator.py for tasks to queue
[2026-05-05T04:32:14.021+0000] {logging_mixin.py:188} INFO - [2026-05-05T04:32:14.020+0000] {dagbag.py:545} INFO - Filling up the DagBag from /home/airflow/.local/lib/python3.12/site-packages/airflow/example_dags/example_bash_decorator.py
[2026-05-05T04:32:14.048+0000] {processor.py:840} INFO - DAG(s) 'example_bash_decorator' retrieved from /home/airflow/.local/lib/python3.12/site-packages/airflow/example_dags/example_bash_decorator.py
[2026-05-05T04:32:14.087+0000] {logging_mixin.py:188} INFO - [2026-05-05T04:32:14.086+0000] {dag.py:3089} INFO - Sync 1 DAGs
[2026-05-05T04:32:14.112+0000] {logging_mixin.py:188} INFO - [2026-05-05T04:32:14.111+0000] {dag.py:3947} INFO - Setting next_dagrun for example_bash_decorator to None, run_after=None
[2026-05-05T04:32:14.179+0000] {processor.py:183} INFO - Processing /home/airflow/.local/lib/python3.12/site-packages/airflow/example_dags/example_bash_decorator.py took 0.188 seconds
[2026-05-05T04:32:44.765+0000] {processor.py:161} INFO - Started process (PID=1200) to work on /home/airflow/.local/lib/python3.12/site-packages/airflow/example_dags/example_bash_decorator.py
[2026-05-05T04:32:44.768+0000] {processor.py:830} INFO - Processing file /home/airflow/.local/lib/python3.12/site-packages/airflow/example_dags/example_bash_decorator.py for tasks to queue
[2026-05-05T04:32:44.772+0000] {logging_mixin.py:188} INFO - [2026-05-05T04:32:44.771+0000] {dagbag.py:545} INFO - Filling up the DagBag from /home/airflow/.local/lib/python3.12/site-packages/airflow/example_dags/example_bash_decorator.py
[2026-05-05T04:32:44.805+0000] {processor.py:840} INFO - DAG(s) 'example_bash_decorator' retrieved from /home/airflow/.local/lib/python3.12/site-packages/airflow/example_dags/example_bash_decorator.py
[2026-05-05T04:32:44.858+0000] {logging_mixin.py:188} INFO - [2026-05-05T04:32:44.858+0000] {dag.py:3089} INFO - Sync 1 DAGs
[2026-05-05T04:32:44.881+0000] {logging_mixin.py:188} INFO - [2026-05-05T04:32:44.880+0000] {dag.py:3947} INFO - Setting next_dagrun for example_bash_decorator to None, run_after=None
[2026-05-05T04:32:44.923+0000] {processor.py:183} INFO - Processing /home/airflow/.local/lib/python3.12/site-packages/airflow/example_dags/example_bash_decorator.py took 0.172 seconds
[2026-05-05T04:33:15.352+0000] {processor.py:161} INFO - Started process (PID=1268) to work on /home/airflow/.local/lib/python3.12/site-packages/airflow/example_dags/example_bash_decorator.py
[2026-05-05T04:33:15.354+0000] {processor.py:830} INFO - Processing file /home/airflow/.local/lib/python3.12/site-packages/airflow/example_dags/example_bash_decorator.py for tasks to queue
[2026-05-05T04:33:15.358+0000] {logging_mixin.py:188} INFO - [2026-05-05T04:33:15.357+0000] {dagbag.py:545} INFO - Filling up the DagBag from /home/airflow/.local/lib/python3.12/site-packages/airflow/example_dags/example_bash_decorator.py
[2026-05-05T04:33:15.390+0000] {processor.py:840} INFO - DAG(s) 'example_bash_decorator' retrieved from /home/airflow/.local/lib/python3.12/site-packages/airflow/example_dags/example_bash_decorator.py
[2026-05-05T04:33:15.428+0000] {logging_mixin.py:188} INFO - [2026-05-05T04:33:15.427+0000] {dag.py:3089} INFO - Sync 1 DAGs
[2026-05-05T04:33:15.454+0000] {logging_mixin.py:188} INFO - [2026-05-05T04:33:15.454+0000] {dag.py:3947} INFO - Setting next_dagrun for example_bash_decorator to None, run_after=None
[2026-05-05T04:33:15.516+0000] {processor.py:183} INFO - Processing /home/airflow/.local/lib/python3.12/site-packages/airflow/example_dags/example_bash_decorator.py took 0.178 seconds
[2026-05-05T04:33:45.957+0000] {processor.py:161} INFO - Started process (PID=1336) to work on /home/airflow/.local/lib/python3.12/site-packages/airflow/example_dags/example_bash_decorator.py
[2026-05-05T04:33:45.959+0000] {processor.py:830} INFO - Processing file /home/airflow/.local/lib/python3.12/site-packages/airflow/example_dags/example_bash_decorator.py for tasks to queue
[2026-05-05T04:33:45.963+0000] {logging_mixin.py:188} INFO - [2026-05-05T04:33:45.962+0000] {dagbag.py:545} INFO - Filling up the DagBag from /home/airflow/.local/lib/python3.12/site-packages/airflow/example_dags/example_bash_decorator.py
[2026-05-05T04:33:45.985+0000] {processor.py:840} INFO - DAG(s) 'example_bash_decorator' retrieved from /home/airflow/.local/lib/python3.12/site-packages/airflow/example_dags/example_bash_decorator.py
[2026-05-05T04:33:46.024+0000] {logging_mixin.py:188} INFO - [2026-05-05T04:33:46.024+0000] {dag.py:3089} INFO - Sync 1 DAGs
[2026-05-05T04:33:46.045+0000] {logging_mixin.py:188} INFO - [2026-05-05T04:33:46.045+0000] {dag.py:3947} INFO - Setting next_dagrun for example_bash_decorator to None, run_after=None
[2026-05-05T04:33:46.083+0000] {processor.py:183} INFO - Processing /home/airflow/.local/lib/python3.12/site-packages/airflow/example_dags/example_bash_decorator.py took 0.135 seconds
[2026-05-05T04:34:16.885+0000] {processor.py:161} INFO - Started process (PID=1405) to work on /home/airflow/.local/lib/python3.12/site-packages/airflow/example_dags/example_bash_decorator.py
[2026-05-05T04:34:16.887+0000] {processor.py:830} INFO - Processing file /home/airflow/.local/lib/python3.12/site-packages/airflow/example_dags/example_bash_decorator.py for tasks to queue
[2026-05-05T04:34:16.891+0000] {logging_mixin.py:188} INFO - [2026-05-05T04:34:16.890+0000] {dagbag.py:545} INFO - Filling up the DagBag from /home/airflow/.local/lib/python3.12/site-packages/airflow/example_dags/example_bash_decorator.py
[2026-05-05T04:34:16.918+0000] {processor.py:840} INFO - DAG(s) 'example_bash_decorator' retrieved from /home/airflow/.local/lib/python3.12/site-packages/airflow/example_dags/example_bash_decorator.py
[2026-05-05T04:34:16.953+0000] {logging_mixin.py:188} INFO - [2026-05-05T04:34:16.952+0000] {dag.py:3089} INFO - Sync 1 DAGs
[2026-05-05T04:34:16.974+0000] {logging_mixin.py:188} INFO - [2026-05-05T04:34:16.974+0000] {dag.py:3947} INFO - Setting next_dagrun for example_bash_decorator to None, run_after=None
[2026-05-05T04:34:17.042+0000] {processor.py:183} INFO - Processing /home/airflow/.local/lib/python3.12/site-packages/airflow/example_dags/example_bash_decorator.py took 0.166 seconds
[2026-05-05T04:34:47.753+0000] {processor.py:161} INFO - Started process (PID=1473) to work on /home/airflow/.local/lib/python3.12/site-packages/airflow/example_dags/example_bash_decorator.py
[2026-05-05T04:34:47.755+0000] {processor.py:830} INFO - Processing file /home/airflow/.local/lib/python3.12/site-packages/airflow/example_dags/example_bash_decorator.py for tasks to queue
[2026-05-05T04:34:47.758+0000] {logging_mixin.py:188} INFO - [2026-05-05T04:34:47.758+0000] {dagbag.py:545} INFO - Filling up the DagBag from /home/airflow/.local/lib/python3.12/site-packages/airflow/example_dags/example_bash_decorator.py
[2026-05-05T04:34:47.779+0000] {processor.py:840} INFO - DAG(s) 'example_bash_decorator' retrieved from /home/airflow/.local/lib/python3.12/site-packages/airflow/example_dags/example_bash_decorator.py
[2026-05-05T04:34:47.814+0000] {logging_mixin.py:188} INFO - [2026-05-05T04:34:47.813+0000] {dag.py:3089} INFO - Sync 1 DAGs
[2026-05-05T04:34:47.832+0000] {logging_mixin.py:188} INFO - [2026-05-05T04:34:47.832+0000] {dag.py:3947} INFO - Setting next_dagrun for example_bash_decorator to None, run_after=None
[2026-05-05T04:34:47.865+0000] {processor.py:183} INFO - Processing /home/airflow/.local/lib/python3.12/site-packages/airflow/example_dags/example_bash_decorator.py took 0.122 seconds
[2026-05-05T04:35:18.756+0000] {processor.py:161} INFO - Started process (PID=1547) to work on /home/airflow/.local/lib/python3.12/site-packages/airflow/example_dags/example_bash_decorator.py
[2026-05-05T04:35:18.759+0000] {processor.py:830} INFO - Processing file /home/airflow/.local/lib/python3.12/site-packages/airflow/example_dags/example_bash_decorator.py for tasks to queue
[2026-05-05T04:35:18.762+0000] {logging_mixin.py:188} INFO - [2026-05-05T04:35:18.762+0000] {dagbag.py:545} INFO - Filling up the DagBag from /home/airflow/.local/lib/python3.12/site-packages/airflow/example_dags/example_bash_decorator.py
[2026-05-05T04:35:18.787+0000] {processor.py:840} INFO - DAG(s) 'example_bash_decorator' retrieved from /home/airflow/.local/lib/python3.12/site-packages/airflow/example_dags/example_bash_decorator.py
[2026-05-05T04:35:18.824+0000] {logging_mixin.py:188} INFO - [2026-05-05T04:35:18.824+0000] {dag.py:3089} INFO - Sync 1 DAGs
[2026-05-05T04:35:18.849+0000] {logging_mixin.py:188} INFO - [2026-05-05T04:35:18.849+0000] {dag.py:3947} INFO - Setting next_dagrun for example_bash_decorator to None, run_after=None
[2026-05-05T04:35:18.908+0000] {processor.py:183} INFO - Processing /home/airflow/.local/lib/python3.12/site-packages/airflow/example_dags/example_bash_decorator.py took 0.163 seconds
[2026-05-05T04:35:49.283+0000] {processor.py:161} INFO - Started process (PID=1615) to work on /home/airflow/.local/lib/python3.12/site-packages/airflow/example_dags/example_bash_decorator.py
[2026-05-05T04:35:49.286+0000] {processor.py:830} INFO - Processing file /home/airflow/.local/lib/python3.12/site-packages/airflow/example_dags/example_bash_decorator.py for tasks to queue
[2026-05-05T04:35:49.290+0000] {logging_mixin.py:188} INFO - [2026-05-05T04:35:49.289+0000] {dagbag.py:545} INFO - Filling up the DagBag from /home/airflow/.local/lib/python3.12/site-packages/airflow/example_dags/example_bash_decorator.py
[2026-05-05T04:35:49.320+0000] {processor.py:840} INFO - DAG(s) 'example_bash_decorator' retrieved from /home/airflow/.local/lib/python3.12/site-packages/airflow/example_dags/example_bash_decorator.py
[2026-05-05T04:35:49.359+0000] {logging_mixin.py:188} INFO - [2026-05-05T04:35:49.359+0000] {dag.py:3089} INFO - Sync 1 DAGs
[2026-05-05T04:35:49.384+0000] {logging_mixin.py:188} INFO - [2026-05-05T04:35:49.383+0000] {dag.py:3947} INFO - Setting next_dagrun for example_bash_decorator to None, run_after=None
[2026-05-05T04:35:49.460+0000] {processor.py:183} INFO - Processing /home/airflow/.local/lib/python3.12/site-packages/airflow/example_dags/example_bash_decorator.py took 0.190 seconds
[2026-05-05T04:36:20.326+0000] {processor.py:161} INFO - Started process (PID=1682) to work on /home/airflow/.local/lib/python3.12/site-packages/airflow/example_dags/example_bash_decorator.py
[2026-05-05T04:36:20.328+0000] {processor.py:830} INFO - Processing file /home/airflow/.local/lib/python3.12/site-packages/airflow/example_dags/example_bash_decorator.py for tasks to queue
[2026-05-05T04:36:20.332+0000] {logging_mixin.py:188} INFO - [2026-05-05T04:36:20.331+0000] {dagbag.py:545} INFO - Filling up the DagBag from /home/airflow/.local/lib/python3.12/site-packages/airflow/example_dags/example_bash_decorator.py
[2026-05-05T04:36:20.361+0000] {processor.py:840} INFO - DAG(s) 'example_bash_decorator' retrieved from /home/airflow/.local/lib/python3.12/site-packages/airflow/example_dags/example_bash_decorator.py
[2026-05-05T04:36:20.400+0000] {logging_mixin.py:188} INFO - [2026-05-05T04:36:20.400+0000] {dag.py:3089} INFO - Sync 1 DAGs
[2026-05-05T04:36:20.425+0000] {logging_mixin.py:188} INFO - [2026-05-05T04:36:20.425+0000] {dag.py:3947} INFO - Setting next_dagrun for example_bash_decorator to None, run_after=None
[2026-05-05T04:36:20.496+0000] {processor.py:183} INFO - Processing /home/airflow/.local/lib/python3.12/site-packages/airflow/example_dags/example_bash_decorator.py took 0.179 seconds
[2026-05-05T04:36:50.605+0000] {processor.py:161} INFO - Started process (PID=1749) to work on /home/airflow/.local/lib/python3.12/site-packages/airflow/example_dags/example_bash_decorator.py
[2026-05-05T04:36:50.610+0000] {processor.py:830} INFO - Processing file /home/airflow/.local/lib/python3.12/site-packages/airflow/example_dags/example_bash_decorator.py for tasks to queue
[2026-05-05T04:36:50.619+0000] {logging_mixin.py:188} INFO - [2026-05-05T04:36:50.618+0000] {dagbag.py:545} INFO - Filling up the DagBag from /home/airflow/.local/lib/python3.12/site-packages/airflow/example_dags/example_bash_decorator.py
[2026-05-05T04:36:50.647+0000] {processor.py:840} INFO - DAG(s) 'example_bash_decorator' retrieved from /home/airflow/.local/lib/python3.12/site-packages/airflow/example_dags/example_bash_decorator.py
[2026-05-05T04:36:50.703+0000] {logging_mixin.py:188} INFO - [2026-05-05T04:36:50.703+0000] {dag.py:3089} INFO - Sync 1 DAGs
[2026-05-05T04:36:50.727+0000] {logging_mixin.py:188} INFO - [2026-05-05T04:36:50.727+0000] {dag.py:3947} INFO - Setting next_dagrun for example_bash_decorator to None, run_after=None
[2026-05-05T04:36:50.772+0000] {processor.py:183} INFO - Processing /home/airflow/.local/lib/python3.12/site-packages/airflow/example_dags/example_bash_decorator.py took 0.177 seconds
[2026-05-05T04:37:21.126+0000] {processor.py:161} INFO - Started process (PID=1817) to work on /home/airflow/.local/lib/python3.12/site-packages/airflow/example_dags/example_bash_decorator.py
[2026-05-05T04:37:21.129+0000] {processor.py:830} INFO - Processing file /home/airflow/.local/lib/python3.12/site-packages/airflow/example_dags/example_bash_decorator.py for tasks to queue
[2026-05-05T04:37:21.133+0000] {logging_mixin.py:188} INFO - [2026-05-05T04:37:21.133+0000] {dagbag.py:545} INFO - Filling up the DagBag from /home/airflow/.local/lib/python3.12/site-packages/airflow/example_dags/example_bash_decorator.py
[2026-05-05T04:37:21.159+0000] {processor.py:840} INFO - DAG(s) 'example_bash_decorator' retrieved from /home/airflow/.local/lib/python3.12/site-packages/airflow/example_dags/example_bash_decorator.py
[2026-05-05T04:37:21.201+0000] {logging_mixin.py:188} INFO - [2026-05-05T04:37:21.200+0000] {dag.py:3089} INFO - Sync 1 DAGs
[2026-05-05T04:37:21.219+0000] {logging_mixin.py:188} INFO - [2026-05-05T04:37:21.219+0000] {dag.py:3947} INFO - Setting next_dagrun for example_bash_decorator to None, run_after=None
[2026-05-05T04:37:21.300+0000] {processor.py:183} INFO - Processing /home/airflow/.local/lib/python3.12/site-packages/airflow/example_dags/example_bash_decorator.py took 0.185 seconds
[2026-05-05T04:37:52.049+0000] {processor.py:161} INFO - Started process (PID=1885) to work on /home/airflow/.local/lib/python3.12/site-packages/airflow/example_dags/example_bash_decorator.py
[2026-05-05T04:37:52.057+0000] {processor.py:830} INFO - Processing file /home/airflow/.local/lib/python3.12/site-packages/airflow/example_dags/example_bash_decorator.py for tasks to queue
[2026-05-05T04:37:52.061+0000] {logging_mixin.py:188} INFO - [2026-05-05T04:37:52.060+0000] {dagbag.py:545} INFO - Filling up the DagBag from /home/airflow/.local/lib/python3.12/site-packages/airflow/example_dags/example_bash_decorator.py
[2026-05-05T04:37:52.081+0000] {processor.py:840} INFO - DAG(s) 'example_bash_decorator' retrieved from /home/airflow/.local/lib/python3.12/site-packages/airflow/example_dags/example_bash_decorator.py
[2026-05-05T04:37:52.120+0000] {logging_mixin.py:188} INFO - [2026-05-05T04:37:52.119+0000] {dag.py:3089} INFO - Sync 1 DAGs
[2026-05-05T04:37:52.138+0000] {logging_mixin.py:188} INFO - [2026-05-05T04:37:52.138+0000] {dag.py:3947} INFO - Setting next_dagrun for example_bash_decorator to None, run_after=None
[2026-05-05T04:37:52.170+0000] {processor.py:183} INFO - Processing /home/airflow/.local/lib/python3.12/site-packages/airflow/example_dags/example_bash_decorator.py took 0.131 seconds
[2026-05-05T04:38:22.572+0000] {processor.py:161} INFO - Started process (PID=1960) to work on /home/airflow/.local/lib/python3.12/site-packages/airflow/example_dags/example_bash_decorator.py
[2026-05-05T04:38:22.574+0000] {processor.py:830} INFO - Processing file /home/airflow/.local/lib/python3.12/site-packages/airflow/example_dags/example_bash_decorator.py for tasks to queue
[2026-05-05T04:38:22.577+0000] {logging_mixin.py:188} INFO - [2026-05-05T04:38:22.577+0000] {dagbag.py:545} INFO - Filling up the DagBag from /home/airflow/.local/lib/python3.12/site-packages/airflow/example_dags/example_bash_decorator.py
[2026-05-05T04:38:22.599+0000] {processor.py:840} INFO - DAG(s) 'example_bash_decorator' retrieved from /home/airflow/.local/lib/python3.12/site-packages/airflow/example_dags/example_bash_decorator.py
[2026-05-05T04:38:22.639+0000] {logging_mixin.py:188} INFO - [2026-05-05T04:38:22.638+0000] {dag.py:3089} INFO - Sync 1 DAGs
[2026-05-05T04:38:22.660+0000] {logging_mixin.py:188} INFO - [2026-05-05T04:38:22.660+0000] {dag.py:3947} INFO - Setting next_dagrun for example_bash_decorator to None, run_after=None
[2026-05-05T04:38:22.691+0000] {processor.py:183} INFO - Processing /home/airflow/.local/lib/python3.12/site-packages/airflow/example_dags/example_bash_decorator.py took 0.131 seconds
[2026-05-05T04:38:52.970+0000] {processor.py:161} INFO - Started process (PID=2028) to work on /home/airflow/.local/lib/python3.12/site-packages/airflow/example_dags/example_bash_decorator.py
[2026-05-05T04:38:52.973+0000] {processor.py:830} INFO - Processing file /home/airflow/.local/lib/python3.12/site-packages/airflow/example_dags/example_bash_decorator.py for tasks to queue
[2026-05-05T04:38:52.977+0000] {logging_mixin.py:188} INFO - [2026-05-05T04:38:52.977+0000] {dagbag.py:545} INFO - Filling up the DagBag from /home/airflow/.local/lib/python3.12/site-packages/airflow/example_dags/example_bash_decorator.py
[2026-05-05T04:38:53.001+0000] {processor.py:840} INFO - DAG(s) 'example_bash_decorator' retrieved from /home/airflow/.local/lib/python3.12/site-packages/airflow/example_dags/example_bash_decorator.py
[2026-05-05T04:38:53.045+0000] {logging_mixin.py:188} INFO - [2026-05-05T04:38:53.044+0000] {dag.py:3089} INFO - Sync 1 DAGs
[2026-05-05T04:38:53.064+0000] {logging_mixin.py:188} INFO - [2026-05-05T04:38:53.064+0000] {dag.py:3947} INFO - Setting next_dagrun for example_bash_decorator to None, run_after=None
[2026-05-05T04:38:53.124+0000] {processor.py:183} INFO - Processing /home/airflow/.local/lib/python3.12/site-packages/airflow/example_dags/example_bash_decorator.py took 0.165 seconds
[2026-05-05T04:39:23.621+0000] {processor.py:161} INFO - Started process (PID=2096) to work on /home/airflow/.local/lib/python3.12/site-packages/airflow/example_dags/example_bash_decorator.py
[2026-05-05T04:39:23.623+0000] {processor.py:830} INFO - Processing file /home/airflow/.local/lib/python3.12/site-packages/airflow/example_dags/example_bash_decorator.py for tasks to queue
[2026-05-05T04:39:23.627+0000] {logging_mixin.py:188} INFO - [2026-05-05T04:39:23.627+0000] {dagbag.py:545} INFO - Filling up the DagBag from /home/airflow/.local/lib/python3.12/site-packages/airflow/example_dags/example_bash_decorator.py
[2026-05-05T04:39:23.650+0000] {processor.py:840} INFO - DAG(s) 'example_bash_decorator' retrieved from /home/airflow/.local/lib/python3.12/site-packages/airflow/example_dags/example_bash_decorator.py
[2026-05-05T04:39:23.687+0000] {logging_mixin.py:188} INFO - [2026-05-05T04:39:23.686+0000] {dag.py:3089} INFO - Sync 1 DAGs
[2026-05-05T04:39:23.709+0000] {logging_mixin.py:188} INFO - [2026-05-05T04:39:23.709+0000] {dag.py:3947} INFO - Setting next_dagrun for example_bash_decorator to None, run_after=None
[2026-05-05T04:39:23.774+0000] {processor.py:183} INFO - Processing /home/airflow/.local/lib/python3.12/site-packages/airflow/example_dags/example_bash_decorator.py took 0.164 seconds
[2026-05-05T04:39:54.738+0000] {processor.py:161} INFO - Started process (PID=2164) to work on /home/airflow/.local/lib/python3.12/site-packages/airflow/example_dags/example_bash_decorator.py
[2026-05-05T04:39:54.740+0000] {processor.py:830} INFO - Processing file /home/airflow/.local/lib/python3.12/site-packages/airflow/example_dags/example_bash_decorator.py for tasks to queue
[2026-05-05T04:39:54.745+0000] {logging_mixin.py:188} INFO - [2026-05-05T04:39:54.744+0000] {dagbag.py:545} INFO - Filling up the DagBag from /home/airflow/.local/lib/python3.12/site-packages/airflow/example_dags/example_bash_decorator.py
[2026-05-05T04:39:54.766+0000] {processor.py:840} INFO - DAG(s) 'example_bash_decorator' retrieved from /home/airflow/.local/lib/python3.12/site-packages/airflow/example_dags/example_bash_decorator.py
[2026-05-05T04:39:54.807+0000] {logging_mixin.py:188} INFO - [2026-05-05T04:39:54.806+0000] {dag.py:3089} INFO - Sync 1 DAGs
[2026-05-05T04:39:54.826+0000] {logging_mixin.py:188} INFO - [2026-05-05T04:39:54.825+0000] {dag.py:3947} INFO - Setting next_dagrun for example_bash_decorator to None, run_after=None
[2026-05-05T04:39:54.862+0000] {processor.py:183} INFO - Processing /home/airflow/.local/lib/python3.12/site-packages/airflow/example_dags/example_bash_decorator.py took 0.133 seconds
[2026-05-05T04:40:26.023+0000] {processor.py:161} INFO - Started process (PID=2232) to work on /home/airflow/.local/lib/python3.12/site-packages/airflow/example_dags/example_bash_decorator.py
[2026-05-05T04:40:26.025+0000] {processor.py:830} INFO - Processing file /home/airflow/.local/lib/python3.12/site-packages/airflow/example_dags/example_bash_decorator.py for tasks to queue
[2026-05-05T04:40:26.030+0000] {logging_mixin.py:188} INFO - [2026-05-05T04:40:26.029+0000] {dagbag.py:545} INFO - Filling up the DagBag from /home/airflow/.local/lib/python3.12/site-packages/airflow/example_dags/example_bash_decorator.py
[2026-05-05T04:40:26.055+0000] {processor.py:840} INFO - DAG(s) 'example_bash_decorator' retrieved from /home/airflow/.local/lib/python3.12/site-packages/airflow/example_dags/example_bash_decorator.py
[2026-05-05T04:40:26.089+0000] {logging_mixin.py:188} INFO - [2026-05-05T04:40:26.088+0000] {dag.py:3089} INFO - Sync 1 DAGs
[2026-05-05T04:40:26.331+0000] {logging_mixin.py:188} INFO - [2026-05-05T04:40:26.330+0000] {dag.py:3947} INFO - Setting next_dagrun for example_bash_decorator to None, run_after=None
[2026-05-05T04:40:26.391+0000] {processor.py:183} INFO - Processing /home/airflow/.local/lib/python3.12/site-packages/airflow/example_dags/example_bash_decorator.py took 0.381 seconds
[2026-05-05T04:40:56.682+0000] {processor.py:161} INFO - Started process (PID=2301) to work on /home/airflow/.local/lib/python3.12/site-packages/airflow/example_dags/example_bash_decorator.py
[2026-05-05T04:40:56.685+0000] {processor.py:830} INFO - Processing file /home/airflow/.local/lib/python3.12/site-packages/airflow/example_dags/example_bash_decorator.py for tasks to queue
[2026-05-05T04:40:56.689+0000] {logging_mixin.py:188} INFO - [2026-05-05T04:40:56.689+0000] {dagbag.py:545} INFO - Filling up the DagBag from /home/airflow/.local/lib/python3.12/site-packages/airflow/example_dags/example_bash_decorator.py
[2026-05-05T04:40:56.711+0000] {processor.py:840} INFO - DAG(s) 'example_bash_decorator' retrieved from /home/airflow/.local/lib/python3.12/site-packages/airflow/example_dags/example_bash_decorator.py
[2026-05-05T04:40:56.746+0000] {logging_mixin.py:188} INFO - [2026-05-05T04:40:56.745+0000] {dag.py:3089} INFO - Sync 1 DAGs
[2026-05-05T04:40:56.779+0000] {logging_mixin.py:188} INFO - [2026-05-05T04:40:56.779+0000] {dag.py:3947} INFO - Setting next_dagrun for example_bash_decorator to None, run_after=None
[2026-05-05T04:40:57.047+0000] {processor.py:183} INFO - Processing /home/airflow/.local/lib/python3.12/site-packages/airflow/example_dags/example_bash_decorator.py took 0.377 seconds
[2026-05-05T04:41:27.711+0000] {processor.py:161} INFO - Started process (PID=2376) to work on /home/airflow/.local/lib/python3.12/site-packages/airflow/example_dags/example_bash_decorator.py
[2026-05-05T04:41:27.714+0000] {processor.py:830} INFO - Processing file /home/airflow/.local/lib/python3.12/site-packages/airflow/example_dags/example_bash_decorator.py for tasks to queue
[2026-05-05T04:41:27.717+0000] {logging_mixin.py:188} INFO - [2026-05-05T04:41:27.716+0000] {dagbag.py:545} INFO - Filling up the DagBag from /home/airflow/.local/lib/python3.12/site-packages/airflow/example_dags/example_bash_decorator.py
[2026-05-05T04:41:27.738+0000] {processor.py:840} INFO - DAG(s) 'example_bash_decorator' retrieved from /home/airflow/.local/lib/python3.12/site-packages/airflow/example_dags/example_bash_decorator.py
[2026-05-05T04:41:27.779+0000] {logging_mixin.py:188} INFO - [2026-05-05T04:41:27.779+0000] {dag.py:3089} INFO - Sync 1 DAGs
[2026-05-05T04:41:27.801+0000] {logging_mixin.py:188} INFO - [2026-05-05T04:41:27.801+0000] {dag.py:3947} INFO - Setting next_dagrun for example_bash_decorator to None, run_after=None
[2026-05-05T04:41:27.866+0000] {processor.py:183} INFO - Processing /home/airflow/.local/lib/python3.12/site-packages/airflow/example_dags/example_bash_decorator.py took 0.163 seconds
[2026-05-05T04:41:58.437+0000] {processor.py:161} INFO - Started process (PID=2444) to work on /home/airflow/.local/lib/python3.12/site-packages/airflow/example_dags/example_bash_decorator.py
[2026-05-05T04:41:58.439+0000] {processor.py:830} INFO - Processing file /home/airflow/.local/lib/python3.12/site-packages/airflow/example_dags/example_bash_decorator.py for tasks to queue
[2026-05-05T04:41:58.444+0000] {logging_mixin.py:188} INFO - [2026-05-05T04:41:58.443+0000] {dagbag.py:545} INFO - Filling up the DagBag from /home/airflow/.local/lib/python3.12/site-packages/airflow/example_dags/example_bash_decorator.py
[2026-05-05T04:41:58.466+0000] {processor.py:840} INFO - DAG(s) 'example_bash_decorator' retrieved from /home/airflow/.local/lib/python3.12/site-packages/airflow/example_dags/example_bash_decorator.py
[2026-05-05T04:41:58.507+0000] {logging_mixin.py:188} INFO - [2026-05-05T04:41:58.507+0000] {dag.py:3089} INFO - Sync 1 DAGs
[2026-05-05T04:41:58.528+0000] {logging_mixin.py:188} INFO - [2026-05-05T04:41:58.527+0000] {dag.py:3947} INFO - Setting next_dagrun for example_bash_decorator to None, run_after=None
[2026-05-05T04:41:58.565+0000] {processor.py:183} INFO - Processing /home/airflow/.local/lib/python3.12/site-packages/airflow/example_dags/example_bash_decorator.py took 0.139 seconds
[2026-05-05T04:42:29.355+0000] {processor.py:161} INFO - Started process (PID=2514) to work on /home/airflow/.local/lib/python3.12/site-packages/airflow/example_dags/example_bash_decorator.py
[2026-05-05T04:42:29.357+0000] {processor.py:830} INFO - Processing file /home/airflow/.local/lib/python3.12/site-packages/airflow/example_dags/example_bash_decorator.py for tasks to queue
[2026-05-05T04:42:29.361+0000] {logging_mixin.py:188} INFO - [2026-05-05T04:42:29.360+0000] {dagbag.py:545} INFO - Filling up the DagBag from /home/airflow/.local/lib/python3.12/site-packages/airflow/example_dags/example_bash_decorator.py
[2026-05-05T04:42:29.383+0000] {processor.py:840} INFO - DAG(s) 'example_bash_decorator' retrieved from /home/airflow/.local/lib/python3.12/site-packages/airflow/example_dags/example_bash_decorator.py
[2026-05-05T04:42:29.425+0000] {logging_mixin.py:188} INFO - [2026-05-05T04:42:29.425+0000] {dag.py:3089} INFO - Sync 1 DAGs
[2026-05-05T04:42:29.444+0000] {logging_mixin.py:188} INFO - [2026-05-05T04:42:29.444+0000] {dag.py:3947} INFO - Setting next_dagrun for example_bash_decorator to None, run_after=None
[2026-05-05T04:42:29.512+0000] {processor.py:183} INFO - Processing /home/airflow/.local/lib/python3.12/site-packages/airflow/example_dags/example_bash_decorator.py took 0.177 seconds
[2026-05-05T04:42:59.785+0000] {processor.py:161} INFO - Started process (PID=2582) to work on /home/airflow/.local/lib/python3.12/site-packages/airflow/example_dags/example_bash_decorator.py
[2026-05-05T04:42:59.787+0000] {processor.py:830} INFO - Processing file /home/airflow/.local/lib/python3.12/site-packages/airflow/example_dags/example_bash_decorator.py for tasks to queue
[2026-05-05T04:42:59.790+0000] {logging_mixin.py:188} INFO - [2026-05-05T04:42:59.790+0000] {dagbag.py:545} INFO - Filling up the DagBag from /home/airflow/.local/lib/python3.12/site-packages/airflow/example_dags/example_bash_decorator.py
[2026-05-05T04:42:59.811+0000] {processor.py:840} INFO - DAG(s) 'example_bash_decorator' retrieved from /home/airflow/.local/lib/python3.12/site-packages/airflow/example_dags/example_bash_decorator.py
[2026-05-05T04:42:59.848+0000] {logging_mixin.py:188} INFO - [2026-05-05T04:42:59.848+0000] {dag.py:3089} INFO - Sync 1 DAGs
[2026-05-05T04:42:59.867+0000] {logging_mixin.py:188} INFO - [2026-05-05T04:42:59.867+0000] {dag.py:3947} INFO - Setting next_dagrun for example_bash_decorator to None, run_after=None
[2026-05-05T04:42:59.931+0000] {processor.py:183} INFO - Processing /home/airflow/.local/lib/python3.12/site-packages/airflow/example_dags/example_bash_decorator.py took 0.156 seconds
[2026-05-05T04:43:30.248+0000] {processor.py:161} INFO - Started process (PID=2649) to work on /home/airflow/.local/lib/python3.12/site-packages/airflow/example_dags/example_bash_decorator.py
[2026-05-05T04:43:30.251+0000] {processor.py:830} INFO - Processing file /home/airflow/.local/lib/python3.12/site-packages/airflow/example_dags/example_bash_decorator.py for tasks to queue
[2026-05-05T04:43:30.256+0000] {logging_mixin.py:188} INFO - [2026-05-05T04:43:30.256+0000] {dagbag.py:545} INFO - Filling up the DagBag from /home/airflow/.local/lib/python3.12/site-packages/airflow/example_dags/example_bash_decorator.py
[2026-05-05T04:43:30.278+0000] {processor.py:840} INFO - DAG(s) 'example_bash_decorator' retrieved from /home/airflow/.local/lib/python3.12/site-packages/airflow/example_dags/example_bash_decorator.py
[2026-05-05T04:43:30.316+0000] {logging_mixin.py:188} INFO - [2026-05-05T04:43:30.315+0000] {dag.py:3089} INFO - Sync 1 DAGs
[2026-05-05T04:43:30.336+0000] {logging_mixin.py:188} INFO - [2026-05-05T04:43:30.336+0000] {dag.py:3947} INFO - Setting next_dagrun for example_bash_decorator to None, run_after=None
[2026-05-05T04:43:30.371+0000] {processor.py:183} INFO - Processing /home/airflow/.local/lib/python3.12/site-packages/airflow/example_dags/example_bash_decorator.py took 0.134 seconds
[2026-05-05T04:44:00.739+0000] {processor.py:161} INFO - Started process (PID=2717) to work on /home/airflow/.local/lib/python3.12/site-packages/airflow/example_dags/example_bash_decorator.py
[2026-05-05T04:44:00.742+0000] {processor.py:830} INFO - Processing file /home/airflow/.local/lib/python3.12/site-packages/airflow/example_dags/example_bash_decorator.py for tasks to queue
[2026-05-05T04:44:00.745+0000] {logging_mixin.py:188} INFO - [2026-05-05T04:44:00.744+0000] {dagbag.py:545} INFO - Filling up the DagBag from /home/airflow/.local/lib/python3.12/site-packages/airflow/example_dags/example_bash_decorator.py
[2026-05-05T04:44:00.766+0000] {processor.py:840} INFO - DAG(s) 'example_bash_decorator' retrieved from /home/airflow/.local/lib/python3.12/site-packages/airflow/example_dags/example_bash_decorator.py
[2026-05-05T04:44:00.804+0000] {logging_mixin.py:188} INFO - [2026-05-05T04:44:00.804+0000] {dag.py:3089} INFO - Sync 1 DAGs
[2026-05-05T04:44:00.824+0000] {logging_mixin.py:188} INFO - [2026-05-05T04:44:00.824+0000] {dag.py:3947} INFO - Setting next_dagrun for example_bash_decorator to None, run_after=None
[2026-05-05T04:44:00.859+0000] {processor.py:183} INFO - Processing /home/airflow/.local/lib/python3.12/site-packages/airflow/example_dags/example_bash_decorator.py took 0.131 seconds
[2026-05-05T04:44:31.926+0000] {processor.py:161} INFO - Started process (PID=2786) to work on /home/airflow/.local/lib/python3.12/site-packages/airflow/example_dags/example_bash_decorator.py
[2026-05-05T04:44:31.931+0000] {processor.py:830} INFO - Processing file /home/airflow/.local/lib/python3.12/site-packages/airflow/example_dags/example_bash_decorator.py for tasks to queue
[2026-05-05T04:44:31.936+0000] {logging_mixin.py:188} INFO - [2026-05-05T04:44:31.935+0000] {dagbag.py:545} INFO - Filling up the DagBag from /home/airflow/.local/lib/python3.12/site-packages/airflow/example_dags/example_bash_decorator.py
[2026-05-05T04:44:31.959+0000] {processor.py:840} INFO - DAG(s) 'example_bash_decorator' retrieved from /home/airflow/.local/lib/python3.12/site-packages/airflow/example_dags/example_bash_decorator.py
[2026-05-05T04:44:31.997+0000] {logging_mixin.py:188} INFO - [2026-05-05T04:44:31.997+0000] {dag.py:3089} INFO - Sync 1 DAGs
[2026-05-05T04:44:32.020+0000] {logging_mixin.py:188} INFO - [2026-05-05T04:44:32.019+0000] {dag.py:3947} INFO - Setting next_dagrun for example_bash_decorator to None, run_after=None
[2026-05-05T04:44:32.102+0000] {processor.py:183} INFO - Processing /home/airflow/.local/lib/python3.12/site-packages/airflow/example_dags/example_bash_decorator.py took 0.191 seconds
[2026-05-05T04:45:02.811+0000] {processor.py:161} INFO - Started process (PID=2861) to work on /home/airflow/.local/lib/python3.12/site-packages/airflow/example_dags/example_bash_decorator.py
[2026-05-05T04:45:02.813+0000] {processor.py:830} INFO - Processing file /home/airflow/.local/lib/python3.12/site-packages/airflow/example_dags/example_bash_decorator.py for tasks to queue
[2026-05-05T04:45:02.817+0000] {logging_mixin.py:188} INFO - [2026-05-05T04:45:02.816+0000] {dagbag.py:545} INFO - Filling up the DagBag from /home/airflow/.local/lib/python3.12/site-packages/airflow/example_dags/example_bash_decorator.py
[2026-05-05T04:45:02.838+0000] {processor.py:840} INFO - DAG(s) 'example_bash_decorator' retrieved from /home/airflow/.local/lib/python3.12/site-packages/airflow/example_dags/example_bash_decorator.py
[2026-05-05T04:45:02.876+0000] {logging_mixin.py:188} INFO - [2026-05-05T04:45:02.876+0000] {dag.py:3089} INFO - Sync 1 DAGs
[2026-05-05T04:45:02.895+0000] {logging_mixin.py:188} INFO - [2026-05-05T04:45:02.895+0000] {dag.py:3947} INFO - Setting next_dagrun for example_bash_decorator to None, run_after=None
[2026-05-05T04:45:02.929+0000] {processor.py:183} INFO - Processing /home/airflow/.local/lib/python3.12/site-packages/airflow/example_dags/example_bash_decorator.py took 0.134 seconds
[2026-05-05T04:45:33.933+0000] {processor.py:161} INFO - Started process (PID=2929) to work on /home/airflow/.local/lib/python3.12/site-packages/airflow/example_dags/example_bash_decorator.py
[2026-05-05T04:45:33.935+0000] {processor.py:830} INFO - Processing file /home/airflow/.local/lib/python3.12/site-packages/airflow/example_dags/example_bash_decorator.py for tasks to queue
[2026-05-05T04:45:33.939+0000] {logging_mixin.py:188} INFO - [2026-05-05T04:45:33.938+0000] {dagbag.py:545} INFO - Filling up the DagBag from /home/airflow/.local/lib/python3.12/site-packages/airflow/example_dags/example_bash_decorator.py
[2026-05-05T04:45:33.962+0000] {processor.py:840} INFO - DAG(s) 'example_bash_decorator' retrieved from /home/airflow/.local/lib/python3.12/site-packages/airflow/example_dags/example_bash_decorator.py
[2026-05-05T04:45:33.998+0000] {logging_mixin.py:188} INFO - [2026-05-05T04:45:33.998+0000] {dag.py:3089} INFO - Sync 1 DAGs
[2026-05-05T04:45:34.024+0000] {logging_mixin.py:188} INFO - [2026-05-05T04:45:34.024+0000] {dag.py:3947} INFO - Setting next_dagrun for example_bash_decorator to None, run_after=None
[2026-05-05T04:45:34.083+0000] {processor.py:183} INFO - Processing /home/airflow/.local/lib/python3.12/site-packages/airflow/example_dags/example_bash_decorator.py took 0.160 seconds
[2026-05-05T04:46:04.612+0000] {processor.py:161} INFO - Started process (PID=2995) to work on /home/airflow/.local/lib/python3.12/site-packages/airflow/example_dags/example_bash_decorator.py
[2026-05-05T04:46:04.616+0000] {processor.py:830} INFO - Processing file /home/airflow/.local/lib/python3.12/site-packages/airflow/example_dags/example_bash_decorator.py for tasks to queue
[2026-05-05T04:46:04.624+0000] {logging_mixin.py:188} INFO - [2026-05-05T04:46:04.623+0000] {dagbag.py:545} INFO - Filling up the DagBag from /home/airflow/.local/lib/python3.12/site-packages/airflow/example_dags/example_bash_decorator.py
[2026-05-05T04:46:04.646+0000] {processor.py:840} INFO - DAG(s) 'example_bash_decorator' retrieved from /home/airflow/.local/lib/python3.12/site-packages/airflow/example_dags/example_bash_decorator.py
[2026-05-05T04:46:04.682+0000] {logging_mixin.py:188} INFO - [2026-05-05T04:46:04.682+0000] {dag.py:3089} INFO - Sync 1 DAGs
[2026-05-05T04:46:04.701+0000] {logging_mixin.py:188} INFO - [2026-05-05T04:46:04.701+0000] {dag.py:3947} INFO - Setting next_dagrun for example_bash_decorator to None, run_after=None
[2026-05-05T04:46:04.765+0000] {processor.py:183} INFO - Processing /home/airflow/.local/lib/python3.12/site-packages/airflow/example_dags/example_bash_decorator.py took 0.163 seconds
[2026-05-05T04:46:35.267+0000] {processor.py:161} INFO - Started process (PID=3063) to work on /home/airflow/.local/lib/python3.12/site-packages/airflow/example_dags/example_bash_decorator.py
[2026-05-05T04:46:35.269+0000] {processor.py:830} INFO - Processing file /home/airflow/.local/lib/python3.12/site-packages/airflow/example_dags/example_bash_decorator.py for tasks to queue
[2026-05-05T04:46:35.273+0000] {logging_mixin.py:188} INFO - [2026-05-05T04:46:35.272+0000] {dagbag.py:545} INFO - Filling up the DagBag from /home/airflow/.local/lib/python3.12/site-packages/airflow/example_dags/example_bash_decorator.py
[2026-05-05T04:46:35.298+0000] {processor.py:840} INFO - DAG(s) 'example_bash_decorator' retrieved from /home/airflow/.local/lib/python3.12/site-packages/airflow/example_dags/example_bash_decorator.py
[2026-05-05T04:46:35.336+0000] {logging_mixin.py:188} INFO - [2026-05-05T04:46:35.336+0000] {dag.py:3089} INFO - Sync 1 DAGs
[2026-05-05T04:46:35.358+0000] {logging_mixin.py:188} INFO - [2026-05-05T04:46:35.357+0000] {dag.py:3947} INFO - Setting next_dagrun for example_bash_decorator to None, run_after=None
[2026-05-05T04:46:35.424+0000] {processor.py:183} INFO - Processing /home/airflow/.local/lib/python3.12/site-packages/airflow/example_dags/example_bash_decorator.py took 0.166 seconds
[2026-05-05T04:47:05.868+0000] {processor.py:161} INFO - Started process (PID=3131) to work on /home/airflow/.local/lib/python3.12/site-packages/airflow/example_dags/example_bash_decorator.py
[2026-05-05T04:47:05.871+0000] {processor.py:830} INFO - Processing file /home/airflow/.local/lib/python3.12/site-packages/airflow/example_dags/example_bash_decorator.py for tasks to queue
[2026-05-05T04:47:05.875+0000] {logging_mixin.py:188} INFO - [2026-05-05T04:47:05.874+0000] {dagbag.py:545} INFO - Filling up the DagBag from /home/airflow/.local/lib/python3.12/site-packages/airflow/example_dags/example_bash_decorator.py
[2026-05-05T04:47:05.898+0000] {processor.py:840} INFO - DAG(s) 'example_bash_decorator' retrieved from /home/airflow/.local/lib/python3.12/site-packages/airflow/example_dags/example_bash_decorator.py
[2026-05-05T04:47:05.932+0000] {logging_mixin.py:188} INFO - [2026-05-05T04:47:05.932+0000] {dag.py:3089} INFO - Sync 1 DAGs
[2026-05-05T04:47:05.952+0000] {logging_mixin.py:188} INFO - [2026-05-05T04:47:05.952+0000] {dag.py:3947} INFO - Setting next_dagrun for example_bash_decorator to None, run_after=None
[2026-05-05T04:47:05.984+0000] {processor.py:183} INFO - Processing /home/airflow/.local/lib/python3.12/site-packages/airflow/example_dags/example_bash_decorator.py took 0.126 seconds
