[2026-05-05T04:12:54.533+0000] {processor.py:161} INFO - Started process (PID=83) to work on /home/airflow/.local/lib/python3.12/site-packages/airflow/example_dags/example_complex.py
[2026-05-05T04:12:54.535+0000] {processor.py:830} INFO - Processing file /home/airflow/.local/lib/python3.12/site-packages/airflow/example_dags/example_complex.py for tasks to queue
[2026-05-05T04:12:54.539+0000] {logging_mixin.py:188} INFO - [2026-05-05T04:12:54.539+0000] {dagbag.py:545} INFO - Filling up the DagBag from /home/airflow/.local/lib/python3.12/site-packages/airflow/example_dags/example_complex.py
[2026-05-05T04:12:54.551+0000] {processor.py:840} INFO - DAG(s) 'example_complex' retrieved from /home/airflow/.local/lib/python3.12/site-packages/airflow/example_dags/example_complex.py
[2026-05-05T04:12:54.593+0000] {logging_mixin.py:188} INFO - [2026-05-05T04:12:54.593+0000] {dag.py:3089} INFO - Sync 1 DAGs
[2026-05-05T04:12:54.613+0000] {logging_mixin.py:188} INFO - [2026-05-05T04:12:54.612+0000] {dag.py:3947} INFO - Setting next_dagrun for example_complex to None, run_after=None
[2026-05-05T04:12:54.645+0000] {processor.py:183} INFO - Processing /home/airflow/.local/lib/python3.12/site-packages/airflow/example_dags/example_complex.py took 0.121 seconds
[2026-05-05T04:13:26.350+0000] {processor.py:161} INFO - Started process (PID=151) to work on /home/airflow/.local/lib/python3.12/site-packages/airflow/example_dags/example_complex.py
[2026-05-05T04:13:26.354+0000] {processor.py:830} INFO - Processing file /home/airflow/.local/lib/python3.12/site-packages/airflow/example_dags/example_complex.py for tasks to queue
[2026-05-05T04:13:26.361+0000] {logging_mixin.py:188} INFO - [2026-05-05T04:13:26.360+0000] {dagbag.py:545} INFO - Filling up the DagBag from /home/airflow/.local/lib/python3.12/site-packages/airflow/example_dags/example_complex.py
[2026-05-05T04:13:26.397+0000] {processor.py:840} INFO - DAG(s) 'example_complex' retrieved from /home/airflow/.local/lib/python3.12/site-packages/airflow/example_dags/example_complex.py
[2026-05-05T04:13:26.460+0000] {logging_mixin.py:188} INFO - [2026-05-05T04:13:26.459+0000] {dag.py:3089} INFO - Sync 1 DAGs
[2026-05-05T04:13:26.510+0000] {logging_mixin.py:188} INFO - [2026-05-05T04:13:26.509+0000] {dag.py:3947} INFO - Setting next_dagrun for example_complex to None, run_after=None
[2026-05-05T04:13:26.550+0000] {processor.py:183} INFO - Processing /home/airflow/.local/lib/python3.12/site-packages/airflow/example_dags/example_complex.py took 0.219 seconds
[2026-05-05T04:13:58.761+0000] {processor.py:161} INFO - Started process (PID=219) to work on /home/airflow/.local/lib/python3.12/site-packages/airflow/example_dags/example_complex.py
[2026-05-05T04:13:58.764+0000] {processor.py:830} INFO - Processing file /home/airflow/.local/lib/python3.12/site-packages/airflow/example_dags/example_complex.py for tasks to queue
[2026-05-05T04:13:58.767+0000] {logging_mixin.py:188} INFO - [2026-05-05T04:13:58.767+0000] {dagbag.py:545} INFO - Filling up the DagBag from /home/airflow/.local/lib/python3.12/site-packages/airflow/example_dags/example_complex.py
[2026-05-05T04:13:58.787+0000] {processor.py:840} INFO - DAG(s) 'example_complex' retrieved from /home/airflow/.local/lib/python3.12/site-packages/airflow/example_dags/example_complex.py
[2026-05-05T04:13:58.973+0000] {logging_mixin.py:188} INFO - [2026-05-05T04:13:58.973+0000] {dag.py:3089} INFO - Sync 1 DAGs
[2026-05-05T04:13:58.998+0000] {logging_mixin.py:188} INFO - [2026-05-05T04:13:58.997+0000] {dag.py:3947} INFO - Setting next_dagrun for example_complex to None, run_after=None
[2026-05-05T04:13:59.049+0000] {processor.py:183} INFO - Processing /home/airflow/.local/lib/python3.12/site-packages/airflow/example_dags/example_complex.py took 0.300 seconds
[2026-05-05T04:14:29.172+0000] {processor.py:161} INFO - Started process (PID=288) to work on /home/airflow/.local/lib/python3.12/site-packages/airflow/example_dags/example_complex.py
[2026-05-05T04:14:29.175+0000] {processor.py:830} INFO - Processing file /home/airflow/.local/lib/python3.12/site-packages/airflow/example_dags/example_complex.py for tasks to queue
[2026-05-05T04:14:29.179+0000] {logging_mixin.py:188} INFO - [2026-05-05T04:14:29.178+0000] {dagbag.py:545} INFO - Filling up the DagBag from /home/airflow/.local/lib/python3.12/site-packages/airflow/example_dags/example_complex.py
[2026-05-05T04:14:29.194+0000] {processor.py:840} INFO - DAG(s) 'example_complex' retrieved from /home/airflow/.local/lib/python3.12/site-packages/airflow/example_dags/example_complex.py
[2026-05-05T04:14:29.242+0000] {logging_mixin.py:188} INFO - [2026-05-05T04:14:29.242+0000] {dag.py:3089} INFO - Sync 1 DAGs
[2026-05-05T04:14:29.265+0000] {logging_mixin.py:188} INFO - [2026-05-05T04:14:29.264+0000] {dag.py:3947} INFO - Setting next_dagrun for example_complex to None, run_after=None
[2026-05-05T04:14:29.313+0000] {processor.py:183} INFO - Processing /home/airflow/.local/lib/python3.12/site-packages/airflow/example_dags/example_complex.py took 0.149 seconds
[2026-05-05T04:14:59.511+0000] {processor.py:161} INFO - Started process (PID=356) to work on /home/airflow/.local/lib/python3.12/site-packages/airflow/example_dags/example_complex.py
[2026-05-05T04:14:59.513+0000] {processor.py:830} INFO - Processing file /home/airflow/.local/lib/python3.12/site-packages/airflow/example_dags/example_complex.py for tasks to queue
[2026-05-05T04:14:59.518+0000] {logging_mixin.py:188} INFO - [2026-05-05T04:14:59.517+0000] {dagbag.py:545} INFO - Filling up the DagBag from /home/airflow/.local/lib/python3.12/site-packages/airflow/example_dags/example_complex.py
[2026-05-05T04:14:59.535+0000] {processor.py:840} INFO - DAG(s) 'example_complex' retrieved from /home/airflow/.local/lib/python3.12/site-packages/airflow/example_dags/example_complex.py
[2026-05-05T04:14:59.587+0000] {logging_mixin.py:188} INFO - [2026-05-05T04:14:59.587+0000] {dag.py:3089} INFO - Sync 1 DAGs
[2026-05-05T04:14:59.610+0000] {logging_mixin.py:188} INFO - [2026-05-05T04:14:59.610+0000] {dag.py:3947} INFO - Setting next_dagrun for example_complex to None, run_after=None
[2026-05-05T04:14:59.648+0000] {processor.py:183} INFO - Processing /home/airflow/.local/lib/python3.12/site-packages/airflow/example_dags/example_complex.py took 0.147 seconds
[2026-05-05T04:15:29.926+0000] {processor.py:161} INFO - Started process (PID=424) to work on /home/airflow/.local/lib/python3.12/site-packages/airflow/example_dags/example_complex.py
[2026-05-05T04:15:29.928+0000] {processor.py:830} INFO - Processing file /home/airflow/.local/lib/python3.12/site-packages/airflow/example_dags/example_complex.py for tasks to queue
[2026-05-05T04:15:29.931+0000] {logging_mixin.py:188} INFO - [2026-05-05T04:15:29.931+0000] {dagbag.py:545} INFO - Filling up the DagBag from /home/airflow/.local/lib/python3.12/site-packages/airflow/example_dags/example_complex.py
[2026-05-05T04:15:29.948+0000] {processor.py:840} INFO - DAG(s) 'example_complex' retrieved from /home/airflow/.local/lib/python3.12/site-packages/airflow/example_dags/example_complex.py
[2026-05-05T04:15:30.002+0000] {logging_mixin.py:188} INFO - [2026-05-05T04:15:30.002+0000] {dag.py:3089} INFO - Sync 1 DAGs
[2026-05-05T04:15:30.024+0000] {logging_mixin.py:188} INFO - [2026-05-05T04:15:30.023+0000] {dag.py:3947} INFO - Setting next_dagrun for example_complex to None, run_after=None
[2026-05-05T04:15:30.060+0000] {processor.py:183} INFO - Processing /home/airflow/.local/lib/python3.12/site-packages/airflow/example_dags/example_complex.py took 0.144 seconds
[2026-05-05T04:16:00.353+0000] {processor.py:161} INFO - Started process (PID=499) to work on /home/airflow/.local/lib/python3.12/site-packages/airflow/example_dags/example_complex.py
[2026-05-05T04:16:00.355+0000] {processor.py:830} INFO - Processing file /home/airflow/.local/lib/python3.12/site-packages/airflow/example_dags/example_complex.py for tasks to queue
[2026-05-05T04:16:00.360+0000] {logging_mixin.py:188} INFO - [2026-05-05T04:16:00.360+0000] {dagbag.py:545} INFO - Filling up the DagBag from /home/airflow/.local/lib/python3.12/site-packages/airflow/example_dags/example_complex.py
[2026-05-05T04:16:00.376+0000] {processor.py:840} INFO - DAG(s) 'example_complex' retrieved from /home/airflow/.local/lib/python3.12/site-packages/airflow/example_dags/example_complex.py
[2026-05-05T04:16:00.426+0000] {logging_mixin.py:188} INFO - [2026-05-05T04:16:00.425+0000] {dag.py:3089} INFO - Sync 1 DAGs
[2026-05-05T04:16:00.447+0000] {logging_mixin.py:188} INFO - [2026-05-05T04:16:00.447+0000] {dag.py:3947} INFO - Setting next_dagrun for example_complex to None, run_after=None
[2026-05-05T04:16:00.482+0000] {processor.py:183} INFO - Processing /home/airflow/.local/lib/python3.12/site-packages/airflow/example_dags/example_complex.py took 0.138 seconds
[2026-05-05T04:16:31.808+0000] {processor.py:161} INFO - Started process (PID=567) to work on /home/airflow/.local/lib/python3.12/site-packages/airflow/example_dags/example_complex.py
[2026-05-05T04:16:31.811+0000] {processor.py:830} INFO - Processing file /home/airflow/.local/lib/python3.12/site-packages/airflow/example_dags/example_complex.py for tasks to queue
[2026-05-05T04:16:31.814+0000] {logging_mixin.py:188} INFO - [2026-05-05T04:16:31.814+0000] {dagbag.py:545} INFO - Filling up the DagBag from /home/airflow/.local/lib/python3.12/site-packages/airflow/example_dags/example_complex.py
[2026-05-05T04:16:31.827+0000] {processor.py:840} INFO - DAG(s) 'example_complex' retrieved from /home/airflow/.local/lib/python3.12/site-packages/airflow/example_dags/example_complex.py
[2026-05-05T04:16:31.879+0000] {logging_mixin.py:188} INFO - [2026-05-05T04:16:31.879+0000] {dag.py:3089} INFO - Sync 1 DAGs
[2026-05-05T04:16:31.913+0000] {logging_mixin.py:188} INFO - [2026-05-05T04:16:31.911+0000] {dag.py:3947} INFO - Setting next_dagrun for example_complex to None, run_after=None
[2026-05-05T04:16:31.992+0000] {processor.py:183} INFO - Processing /home/airflow/.local/lib/python3.12/site-packages/airflow/example_dags/example_complex.py took 0.193 seconds
[2026-05-05T04:17:02.562+0000] {processor.py:161} INFO - Started process (PID=636) to work on /home/airflow/.local/lib/python3.12/site-packages/airflow/example_dags/example_complex.py
[2026-05-05T04:17:02.564+0000] {processor.py:830} INFO - Processing file /home/airflow/.local/lib/python3.12/site-packages/airflow/example_dags/example_complex.py for tasks to queue
[2026-05-05T04:17:02.567+0000] {logging_mixin.py:188} INFO - [2026-05-05T04:17:02.567+0000] {dagbag.py:545} INFO - Filling up the DagBag from /home/airflow/.local/lib/python3.12/site-packages/airflow/example_dags/example_complex.py
[2026-05-05T04:17:02.581+0000] {processor.py:840} INFO - DAG(s) 'example_complex' retrieved from /home/airflow/.local/lib/python3.12/site-packages/airflow/example_dags/example_complex.py
[2026-05-05T04:17:02.634+0000] {logging_mixin.py:188} INFO - [2026-05-05T04:17:02.633+0000] {dag.py:3089} INFO - Sync 1 DAGs
[2026-05-05T04:17:02.662+0000] {logging_mixin.py:188} INFO - [2026-05-05T04:17:02.661+0000] {dag.py:3947} INFO - Setting next_dagrun for example_complex to None, run_after=None
[2026-05-05T04:17:02.700+0000] {processor.py:183} INFO - Processing /home/airflow/.local/lib/python3.12/site-packages/airflow/example_dags/example_complex.py took 0.147 seconds
[2026-05-05T04:17:33.776+0000] {processor.py:161} INFO - Started process (PID=704) to work on /home/airflow/.local/lib/python3.12/site-packages/airflow/example_dags/example_complex.py
[2026-05-05T04:17:33.778+0000] {processor.py:830} INFO - Processing file /home/airflow/.local/lib/python3.12/site-packages/airflow/example_dags/example_complex.py for tasks to queue
[2026-05-05T04:17:33.782+0000] {logging_mixin.py:188} INFO - [2026-05-05T04:17:33.781+0000] {dagbag.py:545} INFO - Filling up the DagBag from /home/airflow/.local/lib/python3.12/site-packages/airflow/example_dags/example_complex.py
[2026-05-05T04:17:33.796+0000] {processor.py:840} INFO - DAG(s) 'example_complex' retrieved from /home/airflow/.local/lib/python3.12/site-packages/airflow/example_dags/example_complex.py
[2026-05-05T04:17:33.841+0000] {logging_mixin.py:188} INFO - [2026-05-05T04:17:33.841+0000] {dag.py:3089} INFO - Sync 1 DAGs
[2026-05-05T04:17:33.867+0000] {logging_mixin.py:188} INFO - [2026-05-05T04:17:33.867+0000] {dag.py:3947} INFO - Setting next_dagrun for example_complex to None, run_after=None
[2026-05-05T04:17:33.906+0000] {processor.py:183} INFO - Processing /home/airflow/.local/lib/python3.12/site-packages/airflow/example_dags/example_complex.py took 0.144 seconds
[2026-05-05T04:18:05.192+0000] {processor.py:161} INFO - Started process (PID=772) to work on /home/airflow/.local/lib/python3.12/site-packages/airflow/example_dags/example_complex.py
[2026-05-05T04:18:05.194+0000] {processor.py:830} INFO - Processing file /home/airflow/.local/lib/python3.12/site-packages/airflow/example_dags/example_complex.py for tasks to queue
[2026-05-05T04:18:05.198+0000] {logging_mixin.py:188} INFO - [2026-05-05T04:18:05.198+0000] {dagbag.py:545} INFO - Filling up the DagBag from /home/airflow/.local/lib/python3.12/site-packages/airflow/example_dags/example_complex.py
[2026-05-05T04:18:05.211+0000] {processor.py:840} INFO - DAG(s) 'example_complex' retrieved from /home/airflow/.local/lib/python3.12/site-packages/airflow/example_dags/example_complex.py
[2026-05-05T04:18:05.255+0000] {logging_mixin.py:188} INFO - [2026-05-05T04:18:05.255+0000] {dag.py:3089} INFO - Sync 1 DAGs
[2026-05-05T04:18:05.283+0000] {logging_mixin.py:188} INFO - [2026-05-05T04:18:05.283+0000] {dag.py:3947} INFO - Setting next_dagrun for example_complex to None, run_after=None
[2026-05-05T04:18:05.321+0000] {processor.py:183} INFO - Processing /home/airflow/.local/lib/python3.12/site-packages/airflow/example_dags/example_complex.py took 0.138 seconds
[2026-05-05T04:18:35.990+0000] {processor.py:161} INFO - Started process (PID=847) to work on /home/airflow/.local/lib/python3.12/site-packages/airflow/example_dags/example_complex.py
[2026-05-05T04:18:35.992+0000] {processor.py:830} INFO - Processing file /home/airflow/.local/lib/python3.12/site-packages/airflow/example_dags/example_complex.py for tasks to queue
[2026-05-05T04:18:35.995+0000] {logging_mixin.py:188} INFO - [2026-05-05T04:18:35.994+0000] {dagbag.py:545} INFO - Filling up the DagBag from /home/airflow/.local/lib/python3.12/site-packages/airflow/example_dags/example_complex.py
[2026-05-05T04:18:36.008+0000] {processor.py:840} INFO - DAG(s) 'example_complex' retrieved from /home/airflow/.local/lib/python3.12/site-packages/airflow/example_dags/example_complex.py
[2026-05-05T04:18:36.052+0000] {logging_mixin.py:188} INFO - [2026-05-05T04:18:36.052+0000] {dag.py:3089} INFO - Sync 1 DAGs
[2026-05-05T04:18:36.071+0000] {logging_mixin.py:188} INFO - [2026-05-05T04:18:36.070+0000] {dag.py:3947} INFO - Setting next_dagrun for example_complex to None, run_after=None
[2026-05-05T04:18:36.102+0000] {processor.py:183} INFO - Processing /home/airflow/.local/lib/python3.12/site-packages/airflow/example_dags/example_complex.py took 0.122 seconds
[2026-05-05T04:24:32.563+0000] {processor.py:161} INFO - Started process (PID=83) to work on /home/airflow/.local/lib/python3.12/site-packages/airflow/example_dags/example_complex.py
[2026-05-05T04:24:32.565+0000] {processor.py:830} INFO - Processing file /home/airflow/.local/lib/python3.12/site-packages/airflow/example_dags/example_complex.py for tasks to queue
[2026-05-05T04:24:32.568+0000] {logging_mixin.py:188} INFO - [2026-05-05T04:24:32.568+0000] {dagbag.py:545} INFO - Filling up the DagBag from /home/airflow/.local/lib/python3.12/site-packages/airflow/example_dags/example_complex.py
[2026-05-05T04:24:32.589+0000] {processor.py:840} INFO - DAG(s) 'example_complex' retrieved from /home/airflow/.local/lib/python3.12/site-packages/airflow/example_dags/example_complex.py
[2026-05-05T04:24:32.756+0000] {logging_mixin.py:188} INFO - [2026-05-05T04:24:32.755+0000] {override.py:1858} INFO - Created Permission View: can edit on DAG:example_complex
[2026-05-05T04:24:32.780+0000] {logging_mixin.py:188} INFO - [2026-05-05T04:24:32.780+0000] {override.py:1858} INFO - Created Permission View: can delete on DAG:example_complex
[2026-05-05T04:24:32.795+0000] {logging_mixin.py:188} INFO - [2026-05-05T04:24:32.795+0000] {override.py:1858} INFO - Created Permission View: can read on DAG:example_complex
[2026-05-05T04:24:32.797+0000] {logging_mixin.py:188} INFO - [2026-05-05T04:24:32.797+0000] {dag.py:3089} INFO - Sync 1 DAGs
[2026-05-05T04:24:32.820+0000] {logging_mixin.py:188} INFO - [2026-05-05T04:24:32.819+0000] {dag.py:3111} INFO - Creating ORM DAG for example_complex
[2026-05-05T04:24:32.822+0000] {logging_mixin.py:188} INFO - [2026-05-05T04:24:32.822+0000] {dag.py:3947} INFO - Setting next_dagrun for example_complex to None, run_after=None
[2026-05-05T04:24:32.862+0000] {processor.py:183} INFO - Processing /home/airflow/.local/lib/python3.12/site-packages/airflow/example_dags/example_complex.py took 0.312 seconds
[2026-05-05T04:25:03.196+0000] {processor.py:161} INFO - Started process (PID=151) to work on /home/airflow/.local/lib/python3.12/site-packages/airflow/example_dags/example_complex.py
[2026-05-05T04:25:03.199+0000] {processor.py:830} INFO - Processing file /home/airflow/.local/lib/python3.12/site-packages/airflow/example_dags/example_complex.py for tasks to queue
[2026-05-05T04:25:03.204+0000] {logging_mixin.py:188} INFO - [2026-05-05T04:25:03.203+0000] {dagbag.py:545} INFO - Filling up the DagBag from /home/airflow/.local/lib/python3.12/site-packages/airflow/example_dags/example_complex.py
[2026-05-05T04:25:03.220+0000] {processor.py:840} INFO - DAG(s) 'example_complex' retrieved from /home/airflow/.local/lib/python3.12/site-packages/airflow/example_dags/example_complex.py
[2026-05-05T04:25:03.276+0000] {logging_mixin.py:188} INFO - [2026-05-05T04:25:03.275+0000] {dag.py:3089} INFO - Sync 1 DAGs
[2026-05-05T04:25:03.337+0000] {logging_mixin.py:188} INFO - [2026-05-05T04:25:03.336+0000] {dag.py:3947} INFO - Setting next_dagrun for example_complex to None, run_after=None
[2026-05-05T04:25:03.407+0000] {processor.py:183} INFO - Processing /home/airflow/.local/lib/python3.12/site-packages/airflow/example_dags/example_complex.py took 0.223 seconds
[2026-05-05T04:25:33.628+0000] {processor.py:161} INFO - Started process (PID=220) to work on /home/airflow/.local/lib/python3.12/site-packages/airflow/example_dags/example_complex.py
[2026-05-05T04:25:33.631+0000] {processor.py:830} INFO - Processing file /home/airflow/.local/lib/python3.12/site-packages/airflow/example_dags/example_complex.py for tasks to queue
[2026-05-05T04:25:33.637+0000] {logging_mixin.py:188} INFO - [2026-05-05T04:25:33.636+0000] {dagbag.py:545} INFO - Filling up the DagBag from /home/airflow/.local/lib/python3.12/site-packages/airflow/example_dags/example_complex.py
[2026-05-05T04:25:33.660+0000] {processor.py:840} INFO - DAG(s) 'example_complex' retrieved from /home/airflow/.local/lib/python3.12/site-packages/airflow/example_dags/example_complex.py
[2026-05-05T04:25:33.716+0000] {logging_mixin.py:188} INFO - [2026-05-05T04:25:33.716+0000] {dag.py:3089} INFO - Sync 1 DAGs
[2026-05-05T04:25:33.742+0000] {logging_mixin.py:188} INFO - [2026-05-05T04:25:33.742+0000] {dag.py:3947} INFO - Setting next_dagrun for example_complex to None, run_after=None
[2026-05-05T04:25:33.818+0000] {processor.py:183} INFO - Processing /home/airflow/.local/lib/python3.12/site-packages/airflow/example_dags/example_complex.py took 0.205 seconds
[2026-05-05T04:26:03.998+0000] {processor.py:161} INFO - Started process (PID=288) to work on /home/airflow/.local/lib/python3.12/site-packages/airflow/example_dags/example_complex.py
[2026-05-05T04:26:04.001+0000] {processor.py:830} INFO - Processing file /home/airflow/.local/lib/python3.12/site-packages/airflow/example_dags/example_complex.py for tasks to queue
[2026-05-05T04:26:04.005+0000] {logging_mixin.py:188} INFO - [2026-05-05T04:26:04.005+0000] {dagbag.py:545} INFO - Filling up the DagBag from /home/airflow/.local/lib/python3.12/site-packages/airflow/example_dags/example_complex.py
[2026-05-05T04:26:04.025+0000] {processor.py:840} INFO - DAG(s) 'example_complex' retrieved from /home/airflow/.local/lib/python3.12/site-packages/airflow/example_dags/example_complex.py
[2026-05-05T04:26:04.089+0000] {logging_mixin.py:188} INFO - [2026-05-05T04:26:04.088+0000] {dag.py:3089} INFO - Sync 1 DAGs
[2026-05-05T04:26:04.121+0000] {logging_mixin.py:188} INFO - [2026-05-05T04:26:04.120+0000] {dag.py:3947} INFO - Setting next_dagrun for example_complex to None, run_after=None
[2026-05-05T04:26:04.202+0000] {processor.py:183} INFO - Processing /home/airflow/.local/lib/python3.12/site-packages/airflow/example_dags/example_complex.py took 0.216 seconds
[2026-05-05T04:26:35.204+0000] {processor.py:161} INFO - Started process (PID=363) to work on /home/airflow/.local/lib/python3.12/site-packages/airflow/example_dags/example_complex.py
[2026-05-05T04:26:35.206+0000] {processor.py:830} INFO - Processing file /home/airflow/.local/lib/python3.12/site-packages/airflow/example_dags/example_complex.py for tasks to queue
[2026-05-05T04:26:35.211+0000] {logging_mixin.py:188} INFO - [2026-05-05T04:26:35.211+0000] {dagbag.py:545} INFO - Filling up the DagBag from /home/airflow/.local/lib/python3.12/site-packages/airflow/example_dags/example_complex.py
[2026-05-05T04:26:35.230+0000] {processor.py:840} INFO - DAG(s) 'example_complex' retrieved from /home/airflow/.local/lib/python3.12/site-packages/airflow/example_dags/example_complex.py
[2026-05-05T04:26:35.280+0000] {logging_mixin.py:188} INFO - [2026-05-05T04:26:35.280+0000] {dag.py:3089} INFO - Sync 1 DAGs
[2026-05-05T04:26:35.306+0000] {logging_mixin.py:188} INFO - [2026-05-05T04:26:35.306+0000] {dag.py:3947} INFO - Setting next_dagrun for example_complex to None, run_after=None
[2026-05-05T04:26:35.347+0000] {processor.py:183} INFO - Processing /home/airflow/.local/lib/python3.12/site-packages/airflow/example_dags/example_complex.py took 0.160 seconds
[2026-05-05T04:27:05.470+0000] {processor.py:161} INFO - Started process (PID=431) to work on /home/airflow/.local/lib/python3.12/site-packages/airflow/example_dags/example_complex.py
[2026-05-05T04:27:05.472+0000] {processor.py:830} INFO - Processing file /home/airflow/.local/lib/python3.12/site-packages/airflow/example_dags/example_complex.py for tasks to queue
[2026-05-05T04:27:05.476+0000] {logging_mixin.py:188} INFO - [2026-05-05T04:27:05.475+0000] {dagbag.py:545} INFO - Filling up the DagBag from /home/airflow/.local/lib/python3.12/site-packages/airflow/example_dags/example_complex.py
[2026-05-05T04:27:05.489+0000] {processor.py:840} INFO - DAG(s) 'example_complex' retrieved from /home/airflow/.local/lib/python3.12/site-packages/airflow/example_dags/example_complex.py
[2026-05-05T04:27:05.540+0000] {logging_mixin.py:188} INFO - [2026-05-05T04:27:05.540+0000] {dag.py:3089} INFO - Sync 1 DAGs
[2026-05-05T04:27:05.565+0000] {logging_mixin.py:188} INFO - [2026-05-05T04:27:05.564+0000] {dag.py:3947} INFO - Setting next_dagrun for example_complex to None, run_after=None
[2026-05-05T04:27:05.628+0000] {processor.py:183} INFO - Processing /home/airflow/.local/lib/python3.12/site-packages/airflow/example_dags/example_complex.py took 0.172 seconds
[2026-05-05T04:27:36.607+0000] {processor.py:161} INFO - Started process (PID=498) to work on /home/airflow/.local/lib/python3.12/site-packages/airflow/example_dags/example_complex.py
[2026-05-05T04:27:36.609+0000] {processor.py:830} INFO - Processing file /home/airflow/.local/lib/python3.12/site-packages/airflow/example_dags/example_complex.py for tasks to queue
[2026-05-05T04:27:36.613+0000] {logging_mixin.py:188} INFO - [2026-05-05T04:27:36.612+0000] {dagbag.py:545} INFO - Filling up the DagBag from /home/airflow/.local/lib/python3.12/site-packages/airflow/example_dags/example_complex.py
[2026-05-05T04:27:36.635+0000] {processor.py:840} INFO - DAG(s) 'example_complex' retrieved from /home/airflow/.local/lib/python3.12/site-packages/airflow/example_dags/example_complex.py
[2026-05-05T04:27:36.684+0000] {logging_mixin.py:188} INFO - [2026-05-05T04:27:36.684+0000] {dag.py:3089} INFO - Sync 1 DAGs
[2026-05-05T04:27:36.708+0000] {logging_mixin.py:188} INFO - [2026-05-05T04:27:36.708+0000] {dag.py:3947} INFO - Setting next_dagrun for example_complex to None, run_after=None
[2026-05-05T04:27:36.742+0000] {processor.py:183} INFO - Processing /home/airflow/.local/lib/python3.12/site-packages/airflow/example_dags/example_complex.py took 0.150 seconds
[2026-05-05T04:28:07.186+0000] {processor.py:161} INFO - Started process (PID=566) to work on /home/airflow/.local/lib/python3.12/site-packages/airflow/example_dags/example_complex.py
[2026-05-05T04:28:07.189+0000] {processor.py:830} INFO - Processing file /home/airflow/.local/lib/python3.12/site-packages/airflow/example_dags/example_complex.py for tasks to queue
[2026-05-05T04:28:07.193+0000] {logging_mixin.py:188} INFO - [2026-05-05T04:28:07.192+0000] {dagbag.py:545} INFO - Filling up the DagBag from /home/airflow/.local/lib/python3.12/site-packages/airflow/example_dags/example_complex.py
[2026-05-05T04:28:07.208+0000] {processor.py:840} INFO - DAG(s) 'example_complex' retrieved from /home/airflow/.local/lib/python3.12/site-packages/airflow/example_dags/example_complex.py
[2026-05-05T04:28:07.261+0000] {logging_mixin.py:188} INFO - [2026-05-05T04:28:07.260+0000] {dag.py:3089} INFO - Sync 1 DAGs
[2026-05-05T04:28:07.283+0000] {logging_mixin.py:188} INFO - [2026-05-05T04:28:07.282+0000] {dag.py:3947} INFO - Setting next_dagrun for example_complex to None, run_after=None
[2026-05-05T04:28:07.357+0000] {processor.py:183} INFO - Processing /home/airflow/.local/lib/python3.12/site-packages/airflow/example_dags/example_complex.py took 0.181 seconds
[2026-05-05T04:28:37.805+0000] {processor.py:161} INFO - Started process (PID=634) to work on /home/airflow/.local/lib/python3.12/site-packages/airflow/example_dags/example_complex.py
[2026-05-05T04:28:37.808+0000] {processor.py:830} INFO - Processing file /home/airflow/.local/lib/python3.12/site-packages/airflow/example_dags/example_complex.py for tasks to queue
[2026-05-05T04:28:37.813+0000] {logging_mixin.py:188} INFO - [2026-05-05T04:28:37.812+0000] {dagbag.py:545} INFO - Filling up the DagBag from /home/airflow/.local/lib/python3.12/site-packages/airflow/example_dags/example_complex.py
[2026-05-05T04:28:37.835+0000] {processor.py:840} INFO - DAG(s) 'example_complex' retrieved from /home/airflow/.local/lib/python3.12/site-packages/airflow/example_dags/example_complex.py
[2026-05-05T04:28:37.892+0000] {logging_mixin.py:188} INFO - [2026-05-05T04:28:37.892+0000] {dag.py:3089} INFO - Sync 1 DAGs
[2026-05-05T04:28:37.912+0000] {logging_mixin.py:188} INFO - [2026-05-05T04:28:37.911+0000] {dag.py:3947} INFO - Setting next_dagrun for example_complex to None, run_after=None
[2026-05-05T04:28:37.950+0000] {processor.py:183} INFO - Processing /home/airflow/.local/lib/python3.12/site-packages/airflow/example_dags/example_complex.py took 0.159 seconds
[2026-05-05T04:29:08.173+0000] {processor.py:161} INFO - Started process (PID=709) to work on /home/airflow/.local/lib/python3.12/site-packages/airflow/example_dags/example_complex.py
[2026-05-05T04:29:08.175+0000] {processor.py:830} INFO - Processing file /home/airflow/.local/lib/python3.12/site-packages/airflow/example_dags/example_complex.py for tasks to queue
[2026-05-05T04:29:08.179+0000] {logging_mixin.py:188} INFO - [2026-05-05T04:29:08.178+0000] {dagbag.py:545} INFO - Filling up the DagBag from /home/airflow/.local/lib/python3.12/site-packages/airflow/example_dags/example_complex.py
[2026-05-05T04:29:08.192+0000] {processor.py:840} INFO - DAG(s) 'example_complex' retrieved from /home/airflow/.local/lib/python3.12/site-packages/airflow/example_dags/example_complex.py
[2026-05-05T04:29:08.236+0000] {logging_mixin.py:188} INFO - [2026-05-05T04:29:08.236+0000] {dag.py:3089} INFO - Sync 1 DAGs
[2026-05-05T04:29:08.259+0000] {logging_mixin.py:188} INFO - [2026-05-05T04:29:08.259+0000] {dag.py:3947} INFO - Setting next_dagrun for example_complex to None, run_after=None
[2026-05-05T04:29:08.293+0000] {processor.py:183} INFO - Processing /home/airflow/.local/lib/python3.12/site-packages/airflow/example_dags/example_complex.py took 0.129 seconds
[2026-05-05T04:29:39.076+0000] {processor.py:161} INFO - Started process (PID=777) to work on /home/airflow/.local/lib/python3.12/site-packages/airflow/example_dags/example_complex.py
[2026-05-05T04:29:39.079+0000] {processor.py:830} INFO - Processing file /home/airflow/.local/lib/python3.12/site-packages/airflow/example_dags/example_complex.py for tasks to queue
[2026-05-05T04:29:39.083+0000] {logging_mixin.py:188} INFO - [2026-05-05T04:29:39.083+0000] {dagbag.py:545} INFO - Filling up the DagBag from /home/airflow/.local/lib/python3.12/site-packages/airflow/example_dags/example_complex.py
[2026-05-05T04:29:39.100+0000] {processor.py:840} INFO - DAG(s) 'example_complex' retrieved from /home/airflow/.local/lib/python3.12/site-packages/airflow/example_dags/example_complex.py
[2026-05-05T04:29:39.151+0000] {logging_mixin.py:188} INFO - [2026-05-05T04:29:39.150+0000] {dag.py:3089} INFO - Sync 1 DAGs
[2026-05-05T04:29:39.179+0000] {logging_mixin.py:188} INFO - [2026-05-05T04:29:39.179+0000] {dag.py:3947} INFO - Setting next_dagrun for example_complex to None, run_after=None
[2026-05-05T04:29:39.223+0000] {processor.py:183} INFO - Processing /home/airflow/.local/lib/python3.12/site-packages/airflow/example_dags/example_complex.py took 0.161 seconds
[2026-05-05T04:30:09.644+0000] {processor.py:161} INFO - Started process (PID=845) to work on /home/airflow/.local/lib/python3.12/site-packages/airflow/example_dags/example_complex.py
[2026-05-05T04:30:09.646+0000] {processor.py:830} INFO - Processing file /home/airflow/.local/lib/python3.12/site-packages/airflow/example_dags/example_complex.py for tasks to queue
[2026-05-05T04:30:09.649+0000] {logging_mixin.py:188} INFO - [2026-05-05T04:30:09.648+0000] {dagbag.py:545} INFO - Filling up the DagBag from /home/airflow/.local/lib/python3.12/site-packages/airflow/example_dags/example_complex.py
[2026-05-05T04:30:09.664+0000] {processor.py:840} INFO - DAG(s) 'example_complex' retrieved from /home/airflow/.local/lib/python3.12/site-packages/airflow/example_dags/example_complex.py
[2026-05-05T04:30:09.713+0000] {logging_mixin.py:188} INFO - [2026-05-05T04:30:09.713+0000] {dag.py:3089} INFO - Sync 1 DAGs
[2026-05-05T04:30:09.734+0000] {logging_mixin.py:188} INFO - [2026-05-05T04:30:09.734+0000] {dag.py:3947} INFO - Setting next_dagrun for example_complex to None, run_after=None
[2026-05-05T04:30:09.791+0000] {processor.py:183} INFO - Processing /home/airflow/.local/lib/python3.12/site-packages/airflow/example_dags/example_complex.py took 0.156 seconds
[2026-05-05T04:30:40.031+0000] {processor.py:161} INFO - Started process (PID=913) to work on /home/airflow/.local/lib/python3.12/site-packages/airflow/example_dags/example_complex.py
[2026-05-05T04:30:40.033+0000] {processor.py:830} INFO - Processing file /home/airflow/.local/lib/python3.12/site-packages/airflow/example_dags/example_complex.py for tasks to queue
[2026-05-05T04:30:40.036+0000] {logging_mixin.py:188} INFO - [2026-05-05T04:30:40.036+0000] {dagbag.py:545} INFO - Filling up the DagBag from /home/airflow/.local/lib/python3.12/site-packages/airflow/example_dags/example_complex.py
[2026-05-05T04:30:40.051+0000] {processor.py:840} INFO - DAG(s) 'example_complex' retrieved from /home/airflow/.local/lib/python3.12/site-packages/airflow/example_dags/example_complex.py
[2026-05-05T04:30:40.099+0000] {logging_mixin.py:188} INFO - [2026-05-05T04:30:40.098+0000] {dag.py:3089} INFO - Sync 1 DAGs
[2026-05-05T04:30:40.119+0000] {logging_mixin.py:188} INFO - [2026-05-05T04:30:40.118+0000] {dag.py:3947} INFO - Setting next_dagrun for example_complex to None, run_after=None
[2026-05-05T04:30:40.150+0000] {processor.py:183} INFO - Processing /home/airflow/.local/lib/python3.12/site-packages/airflow/example_dags/example_complex.py took 0.131 seconds
[2026-05-05T04:31:11.038+0000] {processor.py:161} INFO - Started process (PID=981) to work on /home/airflow/.local/lib/python3.12/site-packages/airflow/example_dags/example_complex.py
[2026-05-05T04:31:11.040+0000] {processor.py:830} INFO - Processing file /home/airflow/.local/lib/python3.12/site-packages/airflow/example_dags/example_complex.py for tasks to queue
[2026-05-05T04:31:11.044+0000] {logging_mixin.py:188} INFO - [2026-05-05T04:31:11.043+0000] {dagbag.py:545} INFO - Filling up the DagBag from /home/airflow/.local/lib/python3.12/site-packages/airflow/example_dags/example_complex.py
[2026-05-05T04:31:11.060+0000] {processor.py:840} INFO - DAG(s) 'example_complex' retrieved from /home/airflow/.local/lib/python3.12/site-packages/airflow/example_dags/example_complex.py
[2026-05-05T04:31:11.107+0000] {logging_mixin.py:188} INFO - [2026-05-05T04:31:11.107+0000] {dag.py:3089} INFO - Sync 1 DAGs
[2026-05-05T04:31:11.130+0000] {logging_mixin.py:188} INFO - [2026-05-05T04:31:11.129+0000] {dag.py:3947} INFO - Setting next_dagrun for example_complex to None, run_after=None
[2026-05-05T04:31:11.167+0000] {processor.py:183} INFO - Processing /home/airflow/.local/lib/python3.12/site-packages/airflow/example_dags/example_complex.py took 0.142 seconds
[2026-05-05T04:31:41.688+0000] {processor.py:161} INFO - Started process (PID=1049) to work on /home/airflow/.local/lib/python3.12/site-packages/airflow/example_dags/example_complex.py
[2026-05-05T04:31:41.691+0000] {processor.py:830} INFO - Processing file /home/airflow/.local/lib/python3.12/site-packages/airflow/example_dags/example_complex.py for tasks to queue
[2026-05-05T04:31:41.695+0000] {logging_mixin.py:188} INFO - [2026-05-05T04:31:41.694+0000] {dagbag.py:545} INFO - Filling up the DagBag from /home/airflow/.local/lib/python3.12/site-packages/airflow/example_dags/example_complex.py
[2026-05-05T04:31:41.709+0000] {processor.py:840} INFO - DAG(s) 'example_complex' retrieved from /home/airflow/.local/lib/python3.12/site-packages/airflow/example_dags/example_complex.py
[2026-05-05T04:31:41.759+0000] {logging_mixin.py:188} INFO - [2026-05-05T04:31:41.758+0000] {dag.py:3089} INFO - Sync 1 DAGs
[2026-05-05T04:31:41.781+0000] {logging_mixin.py:188} INFO - [2026-05-05T04:31:41.780+0000] {dag.py:3947} INFO - Setting next_dagrun for example_complex to None, run_after=None
[2026-05-05T04:31:41.819+0000] {processor.py:183} INFO - Processing /home/airflow/.local/lib/python3.12/site-packages/airflow/example_dags/example_complex.py took 0.140 seconds
[2026-05-05T04:32:12.678+0000] {processor.py:161} INFO - Started process (PID=1124) to work on /home/airflow/.local/lib/python3.12/site-packages/airflow/example_dags/example_complex.py
[2026-05-05T04:32:12.680+0000] {processor.py:830} INFO - Processing file /home/airflow/.local/lib/python3.12/site-packages/airflow/example_dags/example_complex.py for tasks to queue
[2026-05-05T04:32:12.684+0000] {logging_mixin.py:188} INFO - [2026-05-05T04:32:12.683+0000] {dagbag.py:545} INFO - Filling up the DagBag from /home/airflow/.local/lib/python3.12/site-packages/airflow/example_dags/example_complex.py
[2026-05-05T04:32:12.705+0000] {processor.py:840} INFO - DAG(s) 'example_complex' retrieved from /home/airflow/.local/lib/python3.12/site-packages/airflow/example_dags/example_complex.py
[2026-05-05T04:32:12.761+0000] {logging_mixin.py:188} INFO - [2026-05-05T04:32:12.760+0000] {dag.py:3089} INFO - Sync 1 DAGs
[2026-05-05T04:32:12.783+0000] {logging_mixin.py:188} INFO - [2026-05-05T04:32:12.783+0000] {dag.py:3947} INFO - Setting next_dagrun for example_complex to None, run_after=None
[2026-05-05T04:32:12.814+0000] {processor.py:183} INFO - Processing /home/airflow/.local/lib/python3.12/site-packages/airflow/example_dags/example_complex.py took 0.148 seconds
[2026-05-05T04:32:43.287+0000] {processor.py:161} INFO - Started process (PID=1192) to work on /home/airflow/.local/lib/python3.12/site-packages/airflow/example_dags/example_complex.py
[2026-05-05T04:32:43.289+0000] {processor.py:830} INFO - Processing file /home/airflow/.local/lib/python3.12/site-packages/airflow/example_dags/example_complex.py for tasks to queue
[2026-05-05T04:32:43.295+0000] {logging_mixin.py:188} INFO - [2026-05-05T04:32:43.294+0000] {dagbag.py:545} INFO - Filling up the DagBag from /home/airflow/.local/lib/python3.12/site-packages/airflow/example_dags/example_complex.py
[2026-05-05T04:32:43.317+0000] {processor.py:840} INFO - DAG(s) 'example_complex' retrieved from /home/airflow/.local/lib/python3.12/site-packages/airflow/example_dags/example_complex.py
[2026-05-05T04:32:43.371+0000] {logging_mixin.py:188} INFO - [2026-05-05T04:32:43.370+0000] {dag.py:3089} INFO - Sync 1 DAGs
[2026-05-05T04:32:43.397+0000] {logging_mixin.py:188} INFO - [2026-05-05T04:32:43.396+0000] {dag.py:3947} INFO - Setting next_dagrun for example_complex to None, run_after=None
[2026-05-05T04:32:43.469+0000] {processor.py:183} INFO - Processing /home/airflow/.local/lib/python3.12/site-packages/airflow/example_dags/example_complex.py took 0.193 seconds
[2026-05-05T04:33:14.293+0000] {processor.py:161} INFO - Started process (PID=1260) to work on /home/airflow/.local/lib/python3.12/site-packages/airflow/example_dags/example_complex.py
[2026-05-05T04:33:14.296+0000] {processor.py:830} INFO - Processing file /home/airflow/.local/lib/python3.12/site-packages/airflow/example_dags/example_complex.py for tasks to queue
[2026-05-05T04:33:14.302+0000] {logging_mixin.py:188} INFO - [2026-05-05T04:33:14.301+0000] {dagbag.py:545} INFO - Filling up the DagBag from /home/airflow/.local/lib/python3.12/site-packages/airflow/example_dags/example_complex.py
[2026-05-05T04:33:14.319+0000] {processor.py:840} INFO - DAG(s) 'example_complex' retrieved from /home/airflow/.local/lib/python3.12/site-packages/airflow/example_dags/example_complex.py
[2026-05-05T04:33:14.390+0000] {logging_mixin.py:188} INFO - [2026-05-05T04:33:14.389+0000] {dag.py:3089} INFO - Sync 1 DAGs
[2026-05-05T04:33:14.416+0000] {logging_mixin.py:188} INFO - [2026-05-05T04:33:14.415+0000] {dag.py:3947} INFO - Setting next_dagrun for example_complex to None, run_after=None
[2026-05-05T04:33:14.452+0000] {processor.py:183} INFO - Processing /home/airflow/.local/lib/python3.12/site-packages/airflow/example_dags/example_complex.py took 0.170 seconds
[2026-05-05T04:33:44.648+0000] {processor.py:161} INFO - Started process (PID=1327) to work on /home/airflow/.local/lib/python3.12/site-packages/airflow/example_dags/example_complex.py
[2026-05-05T04:33:44.650+0000] {processor.py:830} INFO - Processing file /home/airflow/.local/lib/python3.12/site-packages/airflow/example_dags/example_complex.py for tasks to queue
[2026-05-05T04:33:44.655+0000] {logging_mixin.py:188} INFO - [2026-05-05T04:33:44.654+0000] {dagbag.py:545} INFO - Filling up the DagBag from /home/airflow/.local/lib/python3.12/site-packages/airflow/example_dags/example_complex.py
[2026-05-05T04:33:44.669+0000] {processor.py:840} INFO - DAG(s) 'example_complex' retrieved from /home/airflow/.local/lib/python3.12/site-packages/airflow/example_dags/example_complex.py
[2026-05-05T04:33:44.722+0000] {logging_mixin.py:188} INFO - [2026-05-05T04:33:44.722+0000] {dag.py:3089} INFO - Sync 1 DAGs
[2026-05-05T04:33:44.748+0000] {logging_mixin.py:188} INFO - [2026-05-05T04:33:44.747+0000] {dag.py:3947} INFO - Setting next_dagrun for example_complex to None, run_after=None
[2026-05-05T04:33:44.804+0000] {processor.py:183} INFO - Processing /home/airflow/.local/lib/python3.12/site-packages/airflow/example_dags/example_complex.py took 0.169 seconds
[2026-05-05T04:34:15.426+0000] {processor.py:161} INFO - Started process (PID=1396) to work on /home/airflow/.local/lib/python3.12/site-packages/airflow/example_dags/example_complex.py
[2026-05-05T04:34:15.428+0000] {processor.py:830} INFO - Processing file /home/airflow/.local/lib/python3.12/site-packages/airflow/example_dags/example_complex.py for tasks to queue
[2026-05-05T04:34:15.431+0000] {logging_mixin.py:188} INFO - [2026-05-05T04:34:15.431+0000] {dagbag.py:545} INFO - Filling up the DagBag from /home/airflow/.local/lib/python3.12/site-packages/airflow/example_dags/example_complex.py
[2026-05-05T04:34:15.454+0000] {processor.py:840} INFO - DAG(s) 'example_complex' retrieved from /home/airflow/.local/lib/python3.12/site-packages/airflow/example_dags/example_complex.py
[2026-05-05T04:34:15.517+0000] {logging_mixin.py:188} INFO - [2026-05-05T04:34:15.517+0000] {dag.py:3089} INFO - Sync 1 DAGs
[2026-05-05T04:34:15.549+0000] {logging_mixin.py:188} INFO - [2026-05-05T04:34:15.548+0000] {dag.py:3947} INFO - Setting next_dagrun for example_complex to None, run_after=None
[2026-05-05T04:34:15.627+0000] {processor.py:183} INFO - Processing /home/airflow/.local/lib/python3.12/site-packages/airflow/example_dags/example_complex.py took 0.210 seconds
[2026-05-05T04:34:46.221+0000] {processor.py:161} INFO - Started process (PID=1464) to work on /home/airflow/.local/lib/python3.12/site-packages/airflow/example_dags/example_complex.py
[2026-05-05T04:34:46.223+0000] {processor.py:830} INFO - Processing file /home/airflow/.local/lib/python3.12/site-packages/airflow/example_dags/example_complex.py for tasks to queue
[2026-05-05T04:34:46.228+0000] {logging_mixin.py:188} INFO - [2026-05-05T04:34:46.227+0000] {dagbag.py:545} INFO - Filling up the DagBag from /home/airflow/.local/lib/python3.12/site-packages/airflow/example_dags/example_complex.py
[2026-05-05T04:34:46.249+0000] {processor.py:840} INFO - DAG(s) 'example_complex' retrieved from /home/airflow/.local/lib/python3.12/site-packages/airflow/example_dags/example_complex.py
[2026-05-05T04:34:46.297+0000] {logging_mixin.py:188} INFO - [2026-05-05T04:34:46.297+0000] {dag.py:3089} INFO - Sync 1 DAGs
[2026-05-05T04:34:46.317+0000] {logging_mixin.py:188} INFO - [2026-05-05T04:34:46.317+0000] {dag.py:3947} INFO - Setting next_dagrun for example_complex to None, run_after=None
[2026-05-05T04:34:46.392+0000] {processor.py:183} INFO - Processing /home/airflow/.local/lib/python3.12/site-packages/airflow/example_dags/example_complex.py took 0.182 seconds
[2026-05-05T04:35:17.075+0000] {processor.py:161} INFO - Started process (PID=1538) to work on /home/airflow/.local/lib/python3.12/site-packages/airflow/example_dags/example_complex.py
[2026-05-05T04:35:17.077+0000] {processor.py:830} INFO - Processing file /home/airflow/.local/lib/python3.12/site-packages/airflow/example_dags/example_complex.py for tasks to queue
[2026-05-05T04:35:17.081+0000] {logging_mixin.py:188} INFO - [2026-05-05T04:35:17.081+0000] {dagbag.py:545} INFO - Filling up the DagBag from /home/airflow/.local/lib/python3.12/site-packages/airflow/example_dags/example_complex.py
[2026-05-05T04:35:17.099+0000] {processor.py:840} INFO - DAG(s) 'example_complex' retrieved from /home/airflow/.local/lib/python3.12/site-packages/airflow/example_dags/example_complex.py
[2026-05-05T04:35:17.145+0000] {logging_mixin.py:188} INFO - [2026-05-05T04:35:17.145+0000] {dag.py:3089} INFO - Sync 1 DAGs
[2026-05-05T04:35:17.165+0000] {logging_mixin.py:188} INFO - [2026-05-05T04:35:17.165+0000] {dag.py:3947} INFO - Setting next_dagrun for example_complex to None, run_after=None
[2026-05-05T04:35:17.200+0000] {processor.py:183} INFO - Processing /home/airflow/.local/lib/python3.12/site-packages/airflow/example_dags/example_complex.py took 0.134 seconds
[2026-05-05T04:35:47.519+0000] {processor.py:161} INFO - Started process (PID=1606) to work on /home/airflow/.local/lib/python3.12/site-packages/airflow/example_dags/example_complex.py
[2026-05-05T04:35:47.523+0000] {processor.py:830} INFO - Processing file /home/airflow/.local/lib/python3.12/site-packages/airflow/example_dags/example_complex.py for tasks to queue
[2026-05-05T04:35:47.530+0000] {logging_mixin.py:188} INFO - [2026-05-05T04:35:47.530+0000] {dagbag.py:545} INFO - Filling up the DagBag from /home/airflow/.local/lib/python3.12/site-packages/airflow/example_dags/example_complex.py
[2026-05-05T04:35:47.551+0000] {processor.py:840} INFO - DAG(s) 'example_complex' retrieved from /home/airflow/.local/lib/python3.12/site-packages/airflow/example_dags/example_complex.py
[2026-05-05T04:35:47.603+0000] {logging_mixin.py:188} INFO - [2026-05-05T04:35:47.602+0000] {dag.py:3089} INFO - Sync 1 DAGs
[2026-05-05T04:35:47.628+0000] {logging_mixin.py:188} INFO - [2026-05-05T04:35:47.627+0000] {dag.py:3947} INFO - Setting next_dagrun for example_complex to None, run_after=None
[2026-05-05T04:35:47.692+0000] {processor.py:183} INFO - Processing /home/airflow/.local/lib/python3.12/site-packages/airflow/example_dags/example_complex.py took 0.185 seconds
[2026-05-05T04:36:17.820+0000] {processor.py:161} INFO - Started process (PID=1673) to work on /home/airflow/.local/lib/python3.12/site-packages/airflow/example_dags/example_complex.py
[2026-05-05T04:36:17.822+0000] {processor.py:830} INFO - Processing file /home/airflow/.local/lib/python3.12/site-packages/airflow/example_dags/example_complex.py for tasks to queue
[2026-05-05T04:36:17.825+0000] {logging_mixin.py:188} INFO - [2026-05-05T04:36:17.825+0000] {dagbag.py:545} INFO - Filling up the DagBag from /home/airflow/.local/lib/python3.12/site-packages/airflow/example_dags/example_complex.py
[2026-05-05T04:36:17.841+0000] {processor.py:840} INFO - DAG(s) 'example_complex' retrieved from /home/airflow/.local/lib/python3.12/site-packages/airflow/example_dags/example_complex.py
[2026-05-05T04:36:17.893+0000] {logging_mixin.py:188} INFO - [2026-05-05T04:36:17.893+0000] {dag.py:3089} INFO - Sync 1 DAGs
[2026-05-05T04:36:17.915+0000] {logging_mixin.py:188} INFO - [2026-05-05T04:36:17.915+0000] {dag.py:3947} INFO - Setting next_dagrun for example_complex to None, run_after=None
[2026-05-05T04:36:17.963+0000] {processor.py:183} INFO - Processing /home/airflow/.local/lib/python3.12/site-packages/airflow/example_dags/example_complex.py took 0.153 seconds
[2026-05-05T04:36:48.481+0000] {processor.py:161} INFO - Started process (PID=1741) to work on /home/airflow/.local/lib/python3.12/site-packages/airflow/example_dags/example_complex.py
[2026-05-05T04:36:48.483+0000] {processor.py:830} INFO - Processing file /home/airflow/.local/lib/python3.12/site-packages/airflow/example_dags/example_complex.py for tasks to queue
[2026-05-05T04:36:48.486+0000] {logging_mixin.py:188} INFO - [2026-05-05T04:36:48.486+0000] {dagbag.py:545} INFO - Filling up the DagBag from /home/airflow/.local/lib/python3.12/site-packages/airflow/example_dags/example_complex.py
[2026-05-05T04:36:48.504+0000] {processor.py:840} INFO - DAG(s) 'example_complex' retrieved from /home/airflow/.local/lib/python3.12/site-packages/airflow/example_dags/example_complex.py
[2026-05-05T04:36:48.562+0000] {logging_mixin.py:188} INFO - [2026-05-05T04:36:48.562+0000] {dag.py:3089} INFO - Sync 1 DAGs
[2026-05-05T04:36:48.587+0000] {logging_mixin.py:188} INFO - [2026-05-05T04:36:48.587+0000] {dag.py:3947} INFO - Setting next_dagrun for example_complex to None, run_after=None
[2026-05-05T04:36:48.652+0000] {processor.py:183} INFO - Processing /home/airflow/.local/lib/python3.12/site-packages/airflow/example_dags/example_complex.py took 0.179 seconds
[2026-05-05T04:37:19.419+0000] {processor.py:161} INFO - Started process (PID=1809) to work on /home/airflow/.local/lib/python3.12/site-packages/airflow/example_dags/example_complex.py
[2026-05-05T04:37:19.422+0000] {processor.py:830} INFO - Processing file /home/airflow/.local/lib/python3.12/site-packages/airflow/example_dags/example_complex.py for tasks to queue
[2026-05-05T04:37:19.426+0000] {logging_mixin.py:188} INFO - [2026-05-05T04:37:19.425+0000] {dagbag.py:545} INFO - Filling up the DagBag from /home/airflow/.local/lib/python3.12/site-packages/airflow/example_dags/example_complex.py
[2026-05-05T04:37:19.442+0000] {processor.py:840} INFO - DAG(s) 'example_complex' retrieved from /home/airflow/.local/lib/python3.12/site-packages/airflow/example_dags/example_complex.py
[2026-05-05T04:37:19.494+0000] {logging_mixin.py:188} INFO - [2026-05-05T04:37:19.494+0000] {dag.py:3089} INFO - Sync 1 DAGs
[2026-05-05T04:37:19.519+0000] {logging_mixin.py:188} INFO - [2026-05-05T04:37:19.519+0000] {dag.py:3947} INFO - Setting next_dagrun for example_complex to None, run_after=None
[2026-05-05T04:37:19.581+0000] {processor.py:183} INFO - Processing /home/airflow/.local/lib/python3.12/site-packages/airflow/example_dags/example_complex.py took 0.174 seconds
[2026-05-05T04:37:50.020+0000] {processor.py:161} INFO - Started process (PID=1877) to work on /home/airflow/.local/lib/python3.12/site-packages/airflow/example_dags/example_complex.py
[2026-05-05T04:37:50.025+0000] {processor.py:830} INFO - Processing file /home/airflow/.local/lib/python3.12/site-packages/airflow/example_dags/example_complex.py for tasks to queue
[2026-05-05T04:37:50.032+0000] {logging_mixin.py:188} INFO - [2026-05-05T04:37:50.031+0000] {dagbag.py:545} INFO - Filling up the DagBag from /home/airflow/.local/lib/python3.12/site-packages/airflow/example_dags/example_complex.py
[2026-05-05T04:37:50.048+0000] {processor.py:840} INFO - DAG(s) 'example_complex' retrieved from /home/airflow/.local/lib/python3.12/site-packages/airflow/example_dags/example_complex.py
[2026-05-05T04:37:50.112+0000] {logging_mixin.py:188} INFO - [2026-05-05T04:37:50.112+0000] {dag.py:3089} INFO - Sync 1 DAGs
[2026-05-05T04:37:50.138+0000] {logging_mixin.py:188} INFO - [2026-05-05T04:37:50.137+0000] {dag.py:3947} INFO - Setting next_dagrun for example_complex to None, run_after=None
[2026-05-05T04:37:50.178+0000] {processor.py:183} INFO - Processing /home/airflow/.local/lib/python3.12/site-packages/airflow/example_dags/example_complex.py took 0.168 seconds
[2026-05-05T04:38:20.527+0000] {processor.py:161} INFO - Started process (PID=1945) to work on /home/airflow/.local/lib/python3.12/site-packages/airflow/example_dags/example_complex.py
[2026-05-05T04:38:20.531+0000] {processor.py:830} INFO - Processing file /home/airflow/.local/lib/python3.12/site-packages/airflow/example_dags/example_complex.py for tasks to queue
[2026-05-05T04:38:20.534+0000] {logging_mixin.py:188} INFO - [2026-05-05T04:38:20.534+0000] {dagbag.py:545} INFO - Filling up the DagBag from /home/airflow/.local/lib/python3.12/site-packages/airflow/example_dags/example_complex.py
[2026-05-05T04:38:20.551+0000] {processor.py:840} INFO - DAG(s) 'example_complex' retrieved from /home/airflow/.local/lib/python3.12/site-packages/airflow/example_dags/example_complex.py
[2026-05-05T04:38:20.597+0000] {logging_mixin.py:188} INFO - [2026-05-05T04:38:20.596+0000] {dag.py:3089} INFO - Sync 1 DAGs
[2026-05-05T04:38:20.617+0000] {logging_mixin.py:188} INFO - [2026-05-05T04:38:20.616+0000] {dag.py:3947} INFO - Setting next_dagrun for example_complex to None, run_after=None
[2026-05-05T04:38:20.667+0000] {processor.py:183} INFO - Processing /home/airflow/.local/lib/python3.12/site-packages/airflow/example_dags/example_complex.py took 0.150 seconds
[2026-05-05T04:38:51.120+0000] {processor.py:161} INFO - Started process (PID=2020) to work on /home/airflow/.local/lib/python3.12/site-packages/airflow/example_dags/example_complex.py
[2026-05-05T04:38:51.125+0000] {processor.py:830} INFO - Processing file /home/airflow/.local/lib/python3.12/site-packages/airflow/example_dags/example_complex.py for tasks to queue
[2026-05-05T04:38:51.130+0000] {logging_mixin.py:188} INFO - [2026-05-05T04:38:51.130+0000] {dagbag.py:545} INFO - Filling up the DagBag from /home/airflow/.local/lib/python3.12/site-packages/airflow/example_dags/example_complex.py
[2026-05-05T04:38:51.147+0000] {processor.py:840} INFO - DAG(s) 'example_complex' retrieved from /home/airflow/.local/lib/python3.12/site-packages/airflow/example_dags/example_complex.py
[2026-05-05T04:38:51.191+0000] {logging_mixin.py:188} INFO - [2026-05-05T04:38:51.190+0000] {dag.py:3089} INFO - Sync 1 DAGs
[2026-05-05T04:38:51.210+0000] {logging_mixin.py:188} INFO - [2026-05-05T04:38:51.210+0000] {dag.py:3947} INFO - Setting next_dagrun for example_complex to None, run_after=None
[2026-05-05T04:38:51.244+0000] {processor.py:183} INFO - Processing /home/airflow/.local/lib/python3.12/site-packages/airflow/example_dags/example_complex.py took 0.134 seconds
[2026-05-05T04:39:21.723+0000] {processor.py:161} INFO - Started process (PID=2088) to work on /home/airflow/.local/lib/python3.12/site-packages/airflow/example_dags/example_complex.py
[2026-05-05T04:39:21.731+0000] {processor.py:830} INFO - Processing file /home/airflow/.local/lib/python3.12/site-packages/airflow/example_dags/example_complex.py for tasks to queue
[2026-05-05T04:39:21.735+0000] {logging_mixin.py:188} INFO - [2026-05-05T04:39:21.734+0000] {dagbag.py:545} INFO - Filling up the DagBag from /home/airflow/.local/lib/python3.12/site-packages/airflow/example_dags/example_complex.py
[2026-05-05T04:39:21.749+0000] {processor.py:840} INFO - DAG(s) 'example_complex' retrieved from /home/airflow/.local/lib/python3.12/site-packages/airflow/example_dags/example_complex.py
[2026-05-05T04:39:21.795+0000] {logging_mixin.py:188} INFO - [2026-05-05T04:39:21.794+0000] {dag.py:3089} INFO - Sync 1 DAGs
[2026-05-05T04:39:21.818+0000] {logging_mixin.py:188} INFO - [2026-05-05T04:39:21.818+0000] {dag.py:3947} INFO - Setting next_dagrun for example_complex to None, run_after=None
[2026-05-05T04:39:21.855+0000] {processor.py:183} INFO - Processing /home/airflow/.local/lib/python3.12/site-packages/airflow/example_dags/example_complex.py took 0.142 seconds
[2026-05-05T04:39:52.729+0000] {processor.py:161} INFO - Started process (PID=2156) to work on /home/airflow/.local/lib/python3.12/site-packages/airflow/example_dags/example_complex.py
[2026-05-05T04:39:52.731+0000] {processor.py:830} INFO - Processing file /home/airflow/.local/lib/python3.12/site-packages/airflow/example_dags/example_complex.py for tasks to queue
[2026-05-05T04:39:52.735+0000] {logging_mixin.py:188} INFO - [2026-05-05T04:39:52.734+0000] {dagbag.py:545} INFO - Filling up the DagBag from /home/airflow/.local/lib/python3.12/site-packages/airflow/example_dags/example_complex.py
[2026-05-05T04:39:52.753+0000] {processor.py:840} INFO - DAG(s) 'example_complex' retrieved from /home/airflow/.local/lib/python3.12/site-packages/airflow/example_dags/example_complex.py
[2026-05-05T04:39:52.805+0000] {logging_mixin.py:188} INFO - [2026-05-05T04:39:52.805+0000] {dag.py:3089} INFO - Sync 1 DAGs
[2026-05-05T04:39:52.829+0000] {logging_mixin.py:188} INFO - [2026-05-05T04:39:52.829+0000] {dag.py:3947} INFO - Setting next_dagrun for example_complex to None, run_after=None
[2026-05-05T04:39:52.900+0000] {processor.py:183} INFO - Processing /home/airflow/.local/lib/python3.12/site-packages/airflow/example_dags/example_complex.py took 0.181 seconds
[2026-05-05T04:40:23.885+0000] {processor.py:161} INFO - Started process (PID=2224) to work on /home/airflow/.local/lib/python3.12/site-packages/airflow/example_dags/example_complex.py
[2026-05-05T04:40:23.887+0000] {processor.py:830} INFO - Processing file /home/airflow/.local/lib/python3.12/site-packages/airflow/example_dags/example_complex.py for tasks to queue
[2026-05-05T04:40:23.890+0000] {logging_mixin.py:188} INFO - [2026-05-05T04:40:23.889+0000] {dagbag.py:545} INFO - Filling up the DagBag from /home/airflow/.local/lib/python3.12/site-packages/airflow/example_dags/example_complex.py
[2026-05-05T04:40:23.905+0000] {processor.py:840} INFO - DAG(s) 'example_complex' retrieved from /home/airflow/.local/lib/python3.12/site-packages/airflow/example_dags/example_complex.py
[2026-05-05T04:40:23.951+0000] {logging_mixin.py:188} INFO - [2026-05-05T04:40:23.951+0000] {dag.py:3089} INFO - Sync 1 DAGs
[2026-05-05T04:40:24.201+0000] {logging_mixin.py:188} INFO - [2026-05-05T04:40:24.201+0000] {dag.py:3947} INFO - Setting next_dagrun for example_complex to None, run_after=None
[2026-05-05T04:40:24.240+0000] {processor.py:183} INFO - Processing /home/airflow/.local/lib/python3.12/site-packages/airflow/example_dags/example_complex.py took 0.366 seconds
[2026-05-05T04:40:54.969+0000] {processor.py:161} INFO - Started process (PID=2293) to work on /home/airflow/.local/lib/python3.12/site-packages/airflow/example_dags/example_complex.py
[2026-05-05T04:40:54.971+0000] {processor.py:830} INFO - Processing file /home/airflow/.local/lib/python3.12/site-packages/airflow/example_dags/example_complex.py for tasks to queue
[2026-05-05T04:40:54.976+0000] {logging_mixin.py:188} INFO - [2026-05-05T04:40:54.976+0000] {dagbag.py:545} INFO - Filling up the DagBag from /home/airflow/.local/lib/python3.12/site-packages/airflow/example_dags/example_complex.py
[2026-05-05T04:40:54.997+0000] {processor.py:840} INFO - DAG(s) 'example_complex' retrieved from /home/airflow/.local/lib/python3.12/site-packages/airflow/example_dags/example_complex.py
[2026-05-05T04:40:55.052+0000] {logging_mixin.py:188} INFO - [2026-05-05T04:40:55.051+0000] {dag.py:3089} INFO - Sync 1 DAGs
[2026-05-05T04:40:55.077+0000] {logging_mixin.py:188} INFO - [2026-05-05T04:40:55.076+0000] {dag.py:3947} INFO - Setting next_dagrun for example_complex to None, run_after=None
[2026-05-05T04:40:55.363+0000] {processor.py:183} INFO - Processing /home/airflow/.local/lib/python3.12/site-packages/airflow/example_dags/example_complex.py took 0.404 seconds
[2026-05-05T04:41:25.701+0000] {processor.py:161} INFO - Started process (PID=2361) to work on /home/airflow/.local/lib/python3.12/site-packages/airflow/example_dags/example_complex.py
[2026-05-05T04:41:25.703+0000] {processor.py:830} INFO - Processing file /home/airflow/.local/lib/python3.12/site-packages/airflow/example_dags/example_complex.py for tasks to queue
[2026-05-05T04:41:25.706+0000] {logging_mixin.py:188} INFO - [2026-05-05T04:41:25.706+0000] {dagbag.py:545} INFO - Filling up the DagBag from /home/airflow/.local/lib/python3.12/site-packages/airflow/example_dags/example_complex.py
[2026-05-05T04:41:25.719+0000] {processor.py:840} INFO - DAG(s) 'example_complex' retrieved from /home/airflow/.local/lib/python3.12/site-packages/airflow/example_dags/example_complex.py
[2026-05-05T04:41:25.765+0000] {logging_mixin.py:188} INFO - [2026-05-05T04:41:25.765+0000] {dag.py:3089} INFO - Sync 1 DAGs
[2026-05-05T04:41:25.783+0000] {logging_mixin.py:188} INFO - [2026-05-05T04:41:25.783+0000] {dag.py:3947} INFO - Setting next_dagrun for example_complex to None, run_after=None
[2026-05-05T04:41:25.843+0000] {processor.py:183} INFO - Processing /home/airflow/.local/lib/python3.12/site-packages/airflow/example_dags/example_complex.py took 0.150 seconds
[2026-05-05T04:41:56.943+0000] {processor.py:161} INFO - Started process (PID=2436) to work on /home/airflow/.local/lib/python3.12/site-packages/airflow/example_dags/example_complex.py
[2026-05-05T04:41:56.945+0000] {processor.py:830} INFO - Processing file /home/airflow/.local/lib/python3.12/site-packages/airflow/example_dags/example_complex.py for tasks to queue
[2026-05-05T04:41:56.950+0000] {logging_mixin.py:188} INFO - [2026-05-05T04:41:56.949+0000] {dagbag.py:545} INFO - Filling up the DagBag from /home/airflow/.local/lib/python3.12/site-packages/airflow/example_dags/example_complex.py
[2026-05-05T04:41:56.969+0000] {processor.py:840} INFO - DAG(s) 'example_complex' retrieved from /home/airflow/.local/lib/python3.12/site-packages/airflow/example_dags/example_complex.py
[2026-05-05T04:41:57.029+0000] {logging_mixin.py:188} INFO - [2026-05-05T04:41:57.028+0000] {dag.py:3089} INFO - Sync 1 DAGs
[2026-05-05T04:41:57.057+0000] {logging_mixin.py:188} INFO - [2026-05-05T04:41:57.056+0000] {dag.py:3947} INFO - Setting next_dagrun for example_complex to None, run_after=None
[2026-05-05T04:41:57.134+0000] {processor.py:183} INFO - Processing /home/airflow/.local/lib/python3.12/site-packages/airflow/example_dags/example_complex.py took 0.203 seconds
[2026-05-05T04:42:27.847+0000] {processor.py:161} INFO - Started process (PID=2506) to work on /home/airflow/.local/lib/python3.12/site-packages/airflow/example_dags/example_complex.py
[2026-05-05T04:42:27.849+0000] {processor.py:830} INFO - Processing file /home/airflow/.local/lib/python3.12/site-packages/airflow/example_dags/example_complex.py for tasks to queue
[2026-05-05T04:42:27.853+0000] {logging_mixin.py:188} INFO - [2026-05-05T04:42:27.853+0000] {dagbag.py:545} INFO - Filling up the DagBag from /home/airflow/.local/lib/python3.12/site-packages/airflow/example_dags/example_complex.py
[2026-05-05T04:42:27.868+0000] {processor.py:840} INFO - DAG(s) 'example_complex' retrieved from /home/airflow/.local/lib/python3.12/site-packages/airflow/example_dags/example_complex.py
[2026-05-05T04:42:27.914+0000] {logging_mixin.py:188} INFO - [2026-05-05T04:42:27.914+0000] {dag.py:3089} INFO - Sync 1 DAGs
[2026-05-05T04:42:27.937+0000] {logging_mixin.py:188} INFO - [2026-05-05T04:42:27.936+0000] {dag.py:3947} INFO - Setting next_dagrun for example_complex to None, run_after=None
[2026-05-05T04:42:27.968+0000] {processor.py:183} INFO - Processing /home/airflow/.local/lib/python3.12/site-packages/airflow/example_dags/example_complex.py took 0.132 seconds
[2026-05-05T04:42:58.113+0000] {processor.py:161} INFO - Started process (PID=2574) to work on /home/airflow/.local/lib/python3.12/site-packages/airflow/example_dags/example_complex.py
[2026-05-05T04:42:58.115+0000] {processor.py:830} INFO - Processing file /home/airflow/.local/lib/python3.12/site-packages/airflow/example_dags/example_complex.py for tasks to queue
[2026-05-05T04:42:58.119+0000] {logging_mixin.py:188} INFO - [2026-05-05T04:42:58.118+0000] {dagbag.py:545} INFO - Filling up the DagBag from /home/airflow/.local/lib/python3.12/site-packages/airflow/example_dags/example_complex.py
[2026-05-05T04:42:58.132+0000] {processor.py:840} INFO - DAG(s) 'example_complex' retrieved from /home/airflow/.local/lib/python3.12/site-packages/airflow/example_dags/example_complex.py
[2026-05-05T04:42:58.184+0000] {logging_mixin.py:188} INFO - [2026-05-05T04:42:58.184+0000] {dag.py:3089} INFO - Sync 1 DAGs
[2026-05-05T04:42:58.203+0000] {logging_mixin.py:188} INFO - [2026-05-05T04:42:58.203+0000] {dag.py:3947} INFO - Setting next_dagrun for example_complex to None, run_after=None
[2026-05-05T04:42:58.238+0000] {processor.py:183} INFO - Processing /home/airflow/.local/lib/python3.12/site-packages/airflow/example_dags/example_complex.py took 0.138 seconds
[2026-05-05T04:43:28.931+0000] {processor.py:161} INFO - Started process (PID=2639) to work on /home/airflow/.local/lib/python3.12/site-packages/airflow/example_dags/example_complex.py
[2026-05-05T04:43:28.934+0000] {processor.py:830} INFO - Processing file /home/airflow/.local/lib/python3.12/site-packages/airflow/example_dags/example_complex.py for tasks to queue
[2026-05-05T04:43:28.939+0000] {logging_mixin.py:188} INFO - [2026-05-05T04:43:28.939+0000] {dagbag.py:545} INFO - Filling up the DagBag from /home/airflow/.local/lib/python3.12/site-packages/airflow/example_dags/example_complex.py
[2026-05-05T04:43:28.958+0000] {processor.py:840} INFO - DAG(s) 'example_complex' retrieved from /home/airflow/.local/lib/python3.12/site-packages/airflow/example_dags/example_complex.py
[2026-05-05T04:43:29.011+0000] {logging_mixin.py:188} INFO - [2026-05-05T04:43:29.010+0000] {dag.py:3089} INFO - Sync 1 DAGs
[2026-05-05T04:43:29.035+0000] {logging_mixin.py:188} INFO - [2026-05-05T04:43:29.034+0000] {dag.py:3947} INFO - Setting next_dagrun for example_complex to None, run_after=None
[2026-05-05T04:43:29.074+0000] {processor.py:183} INFO - Processing /home/airflow/.local/lib/python3.12/site-packages/airflow/example_dags/example_complex.py took 0.156 seconds
[2026-05-05T04:43:59.306+0000] {processor.py:161} INFO - Started process (PID=2707) to work on /home/airflow/.local/lib/python3.12/site-packages/airflow/example_dags/example_complex.py
[2026-05-05T04:43:59.310+0000] {processor.py:830} INFO - Processing file /home/airflow/.local/lib/python3.12/site-packages/airflow/example_dags/example_complex.py for tasks to queue
[2026-05-05T04:43:59.313+0000] {logging_mixin.py:188} INFO - [2026-05-05T04:43:59.313+0000] {dagbag.py:545} INFO - Filling up the DagBag from /home/airflow/.local/lib/python3.12/site-packages/airflow/example_dags/example_complex.py
[2026-05-05T04:43:59.328+0000] {processor.py:840} INFO - DAG(s) 'example_complex' retrieved from /home/airflow/.local/lib/python3.12/site-packages/airflow/example_dags/example_complex.py
[2026-05-05T04:43:59.375+0000] {logging_mixin.py:188} INFO - [2026-05-05T04:43:59.375+0000] {dag.py:3089} INFO - Sync 1 DAGs
[2026-05-05T04:43:59.396+0000] {logging_mixin.py:188} INFO - [2026-05-05T04:43:59.396+0000] {dag.py:3947} INFO - Setting next_dagrun for example_complex to None, run_after=None
[2026-05-05T04:43:59.436+0000] {processor.py:183} INFO - Processing /home/airflow/.local/lib/python3.12/site-packages/airflow/example_dags/example_complex.py took 0.139 seconds
[2026-05-05T04:44:30.080+0000] {processor.py:161} INFO - Started process (PID=2776) to work on /home/airflow/.local/lib/python3.12/site-packages/airflow/example_dags/example_complex.py
[2026-05-05T04:44:30.083+0000] {processor.py:830} INFO - Processing file /home/airflow/.local/lib/python3.12/site-packages/airflow/example_dags/example_complex.py for tasks to queue
[2026-05-05T04:44:30.086+0000] {logging_mixin.py:188} INFO - [2026-05-05T04:44:30.085+0000] {dagbag.py:545} INFO - Filling up the DagBag from /home/airflow/.local/lib/python3.12/site-packages/airflow/example_dags/example_complex.py
[2026-05-05T04:44:30.102+0000] {processor.py:840} INFO - DAG(s) 'example_complex' retrieved from /home/airflow/.local/lib/python3.12/site-packages/airflow/example_dags/example_complex.py
[2026-05-05T04:44:30.153+0000] {logging_mixin.py:188} INFO - [2026-05-05T04:44:30.153+0000] {dag.py:3089} INFO - Sync 1 DAGs
[2026-05-05T04:44:30.179+0000] {logging_mixin.py:188} INFO - [2026-05-05T04:44:30.178+0000] {dag.py:3947} INFO - Setting next_dagrun for example_complex to None, run_after=None
[2026-05-05T04:44:30.244+0000] {processor.py:183} INFO - Processing /home/airflow/.local/lib/python3.12/site-packages/airflow/example_dags/example_complex.py took 0.176 seconds
[2026-05-05T04:45:00.989+0000] {processor.py:161} INFO - Started process (PID=2844) to work on /home/airflow/.local/lib/python3.12/site-packages/airflow/example_dags/example_complex.py
[2026-05-05T04:45:00.992+0000] {processor.py:830} INFO - Processing file /home/airflow/.local/lib/python3.12/site-packages/airflow/example_dags/example_complex.py for tasks to queue
[2026-05-05T04:45:00.996+0000] {logging_mixin.py:188} INFO - [2026-05-05T04:45:00.995+0000] {dagbag.py:545} INFO - Filling up the DagBag from /home/airflow/.local/lib/python3.12/site-packages/airflow/example_dags/example_complex.py
[2026-05-05T04:45:01.016+0000] {processor.py:840} INFO - DAG(s) 'example_complex' retrieved from /home/airflow/.local/lib/python3.12/site-packages/airflow/example_dags/example_complex.py
[2026-05-05T04:45:01.063+0000] {logging_mixin.py:188} INFO - [2026-05-05T04:45:01.062+0000] {dag.py:3089} INFO - Sync 1 DAGs
[2026-05-05T04:45:01.082+0000] {logging_mixin.py:188} INFO - [2026-05-05T04:45:01.082+0000] {dag.py:3947} INFO - Setting next_dagrun for example_complex to None, run_after=None
[2026-05-05T04:45:01.148+0000] {processor.py:183} INFO - Processing /home/airflow/.local/lib/python3.12/site-packages/airflow/example_dags/example_complex.py took 0.169 seconds
[2026-05-05T04:45:31.986+0000] {processor.py:161} INFO - Started process (PID=2919) to work on /home/airflow/.local/lib/python3.12/site-packages/airflow/example_dags/example_complex.py
[2026-05-05T04:45:31.991+0000] {processor.py:830} INFO - Processing file /home/airflow/.local/lib/python3.12/site-packages/airflow/example_dags/example_complex.py for tasks to queue
[2026-05-05T04:45:31.994+0000] {logging_mixin.py:188} INFO - [2026-05-05T04:45:31.993+0000] {dagbag.py:545} INFO - Filling up the DagBag from /home/airflow/.local/lib/python3.12/site-packages/airflow/example_dags/example_complex.py
[2026-05-05T04:45:32.017+0000] {processor.py:840} INFO - DAG(s) 'example_complex' retrieved from /home/airflow/.local/lib/python3.12/site-packages/airflow/example_dags/example_complex.py
[2026-05-05T04:45:32.083+0000] {logging_mixin.py:188} INFO - [2026-05-05T04:45:32.083+0000] {dag.py:3089} INFO - Sync 1 DAGs
[2026-05-05T04:45:32.104+0000] {logging_mixin.py:188} INFO - [2026-05-05T04:45:32.104+0000] {dag.py:3947} INFO - Setting next_dagrun for example_complex to None, run_after=None
[2026-05-05T04:45:32.169+0000] {processor.py:183} INFO - Processing /home/airflow/.local/lib/python3.12/site-packages/airflow/example_dags/example_complex.py took 0.194 seconds
[2026-05-05T04:46:02.455+0000] {processor.py:161} INFO - Started process (PID=2987) to work on /home/airflow/.local/lib/python3.12/site-packages/airflow/example_dags/example_complex.py
[2026-05-05T04:46:02.457+0000] {processor.py:830} INFO - Processing file /home/airflow/.local/lib/python3.12/site-packages/airflow/example_dags/example_complex.py for tasks to queue
[2026-05-05T04:46:02.461+0000] {logging_mixin.py:188} INFO - [2026-05-05T04:46:02.460+0000] {dagbag.py:545} INFO - Filling up the DagBag from /home/airflow/.local/lib/python3.12/site-packages/airflow/example_dags/example_complex.py
[2026-05-05T04:46:02.478+0000] {processor.py:840} INFO - DAG(s) 'example_complex' retrieved from /home/airflow/.local/lib/python3.12/site-packages/airflow/example_dags/example_complex.py
[2026-05-05T04:46:02.526+0000] {logging_mixin.py:188} INFO - [2026-05-05T04:46:02.525+0000] {dag.py:3089} INFO - Sync 1 DAGs
[2026-05-05T04:46:02.545+0000] {logging_mixin.py:188} INFO - [2026-05-05T04:46:02.545+0000] {dag.py:3947} INFO - Setting next_dagrun for example_complex to None, run_after=None
[2026-05-05T04:46:02.581+0000] {processor.py:183} INFO - Processing /home/airflow/.local/lib/python3.12/site-packages/airflow/example_dags/example_complex.py took 0.138 seconds
[2026-05-05T04:46:33.012+0000] {processor.py:161} INFO - Started process (PID=3055) to work on /home/airflow/.local/lib/python3.12/site-packages/airflow/example_dags/example_complex.py
[2026-05-05T04:46:33.014+0000] {processor.py:830} INFO - Processing file /home/airflow/.local/lib/python3.12/site-packages/airflow/example_dags/example_complex.py for tasks to queue
[2026-05-05T04:46:33.018+0000] {logging_mixin.py:188} INFO - [2026-05-05T04:46:33.018+0000] {dagbag.py:545} INFO - Filling up the DagBag from /home/airflow/.local/lib/python3.12/site-packages/airflow/example_dags/example_complex.py
[2026-05-05T04:46:33.034+0000] {processor.py:840} INFO - DAG(s) 'example_complex' retrieved from /home/airflow/.local/lib/python3.12/site-packages/airflow/example_dags/example_complex.py
[2026-05-05T04:46:33.094+0000] {logging_mixin.py:188} INFO - [2026-05-05T04:46:33.093+0000] {dag.py:3089} INFO - Sync 1 DAGs
[2026-05-05T04:46:33.124+0000] {logging_mixin.py:188} INFO - [2026-05-05T04:46:33.123+0000] {dag.py:3947} INFO - Setting next_dagrun for example_complex to None, run_after=None
[2026-05-05T04:46:33.170+0000] {processor.py:183} INFO - Processing /home/airflow/.local/lib/python3.12/site-packages/airflow/example_dags/example_complex.py took 0.172 seconds
[2026-05-05T04:47:03.438+0000] {processor.py:161} INFO - Started process (PID=3123) to work on /home/airflow/.local/lib/python3.12/site-packages/airflow/example_dags/example_complex.py
[2026-05-05T04:47:03.439+0000] {processor.py:830} INFO - Processing file /home/airflow/.local/lib/python3.12/site-packages/airflow/example_dags/example_complex.py for tasks to queue
[2026-05-05T04:47:03.442+0000] {logging_mixin.py:188} INFO - [2026-05-05T04:47:03.442+0000] {dagbag.py:545} INFO - Filling up the DagBag from /home/airflow/.local/lib/python3.12/site-packages/airflow/example_dags/example_complex.py
[2026-05-05T04:47:03.455+0000] {processor.py:840} INFO - DAG(s) 'example_complex' retrieved from /home/airflow/.local/lib/python3.12/site-packages/airflow/example_dags/example_complex.py
[2026-05-05T04:47:03.502+0000] {logging_mixin.py:188} INFO - [2026-05-05T04:47:03.502+0000] {dag.py:3089} INFO - Sync 1 DAGs
[2026-05-05T04:47:03.523+0000] {logging_mixin.py:188} INFO - [2026-05-05T04:47:03.522+0000] {dag.py:3947} INFO - Setting next_dagrun for example_complex to None, run_after=None
[2026-05-05T04:47:03.601+0000] {processor.py:183} INFO - Processing /home/airflow/.local/lib/python3.12/site-packages/airflow/example_dags/example_complex.py took 0.174 seconds
