[2026-05-05T04:12:52.710+0000] {processor.py:161} INFO - Started process (PID=62) to work on /home/airflow/.local/lib/python3.12/site-packages/airflow/example_dags/example_branch_python_dop_operator_3.py
[2026-05-05T04:12:52.712+0000] {processor.py:830} INFO - Processing file /home/airflow/.local/lib/python3.12/site-packages/airflow/example_dags/example_branch_python_dop_operator_3.py for tasks to queue
[2026-05-05T04:12:52.716+0000] {logging_mixin.py:188} INFO - [2026-05-05T04:12:52.716+0000] {dagbag.py:545} INFO - Filling up the DagBag from /home/airflow/.local/lib/python3.12/site-packages/airflow/example_dags/example_branch_python_dop_operator_3.py
[2026-05-05T04:12:52.736+0000] {processor.py:840} INFO - DAG(s) 'example_branch_dop_operator_v3' retrieved from /home/airflow/.local/lib/python3.12/site-packages/airflow/example_dags/example_branch_python_dop_operator_3.py
[2026-05-05T04:12:52.777+0000] {logging_mixin.py:188} INFO - [2026-05-05T04:12:52.777+0000] {dag.py:3089} INFO - Sync 1 DAGs
[2026-05-05T04:12:52.815+0000] {logging_mixin.py:188} INFO - [2026-05-05T04:12:52.815+0000] {dag.py:3947} INFO - Setting next_dagrun for example_branch_dop_operator_v3 to 2026-05-05 04:11:00+00:00, run_after=2026-05-05 04:12:00+00:00
[2026-05-05T04:12:52.855+0000] {processor.py:183} INFO - Processing /home/airflow/.local/lib/python3.12/site-packages/airflow/example_dags/example_branch_python_dop_operator_3.py took 0.154 seconds
[2026-05-05T04:13:24.076+0000] {processor.py:161} INFO - Started process (PID=137) to work on /home/airflow/.local/lib/python3.12/site-packages/airflow/example_dags/example_branch_python_dop_operator_3.py
[2026-05-05T04:13:24.079+0000] {processor.py:830} INFO - Processing file /home/airflow/.local/lib/python3.12/site-packages/airflow/example_dags/example_branch_python_dop_operator_3.py for tasks to queue
[2026-05-05T04:13:24.082+0000] {logging_mixin.py:188} INFO - [2026-05-05T04:13:24.082+0000] {dagbag.py:545} INFO - Filling up the DagBag from /home/airflow/.local/lib/python3.12/site-packages/airflow/example_dags/example_branch_python_dop_operator_3.py
[2026-05-05T04:13:24.114+0000] {processor.py:840} INFO - DAG(s) 'example_branch_dop_operator_v3' retrieved from /home/airflow/.local/lib/python3.12/site-packages/airflow/example_dags/example_branch_python_dop_operator_3.py
[2026-05-05T04:13:24.146+0000] {logging_mixin.py:188} INFO - [2026-05-05T04:13:24.145+0000] {dag.py:3089} INFO - Sync 1 DAGs
[2026-05-05T04:13:24.209+0000] {logging_mixin.py:188} INFO - [2026-05-05T04:13:24.207+0000] {dag.py:3947} INFO - Setting next_dagrun for example_branch_dop_operator_v3 to 2026-05-05 04:12:00+00:00, run_after=2026-05-05 04:13:00+00:00
[2026-05-05T04:13:24.270+0000] {processor.py:183} INFO - Processing /home/airflow/.local/lib/python3.12/site-packages/airflow/example_dags/example_branch_python_dop_operator_3.py took 0.210 seconds
[2026-05-05T04:13:55.511+0000] {processor.py:161} INFO - Started process (PID=205) to work on /home/airflow/.local/lib/python3.12/site-packages/airflow/example_dags/example_branch_python_dop_operator_3.py
[2026-05-05T04:13:55.516+0000] {processor.py:830} INFO - Processing file /home/airflow/.local/lib/python3.12/site-packages/airflow/example_dags/example_branch_python_dop_operator_3.py for tasks to queue
[2026-05-05T04:13:55.520+0000] {logging_mixin.py:188} INFO - [2026-05-05T04:13:55.520+0000] {dagbag.py:545} INFO - Filling up the DagBag from /home/airflow/.local/lib/python3.12/site-packages/airflow/example_dags/example_branch_python_dop_operator_3.py
[2026-05-05T04:13:55.537+0000] {processor.py:840} INFO - DAG(s) 'example_branch_dop_operator_v3' retrieved from /home/airflow/.local/lib/python3.12/site-packages/airflow/example_dags/example_branch_python_dop_operator_3.py
[2026-05-05T04:13:55.686+0000] {logging_mixin.py:188} INFO - [2026-05-05T04:13:55.685+0000] {dag.py:3089} INFO - Sync 1 DAGs
[2026-05-05T04:13:55.721+0000] {logging_mixin.py:188} INFO - [2026-05-05T04:13:55.721+0000] {dag.py:3947} INFO - Setting next_dagrun for example_branch_dop_operator_v3 to 2026-05-05 04:12:00+00:00, run_after=2026-05-05 04:13:00+00:00
[2026-05-05T04:13:55.782+0000] {processor.py:183} INFO - Processing /home/airflow/.local/lib/python3.12/site-packages/airflow/example_dags/example_branch_python_dop_operator_3.py took 0.280 seconds
[2026-05-05T04:14:26.308+0000] {processor.py:161} INFO - Started process (PID=274) to work on /home/airflow/.local/lib/python3.12/site-packages/airflow/example_dags/example_branch_python_dop_operator_3.py
[2026-05-05T04:14:26.310+0000] {processor.py:830} INFO - Processing file /home/airflow/.local/lib/python3.12/site-packages/airflow/example_dags/example_branch_python_dop_operator_3.py for tasks to queue
[2026-05-05T04:14:26.316+0000] {logging_mixin.py:188} INFO - [2026-05-05T04:14:26.315+0000] {dagbag.py:545} INFO - Filling up the DagBag from /home/airflow/.local/lib/python3.12/site-packages/airflow/example_dags/example_branch_python_dop_operator_3.py
[2026-05-05T04:14:26.331+0000] {processor.py:840} INFO - DAG(s) 'example_branch_dop_operator_v3' retrieved from /home/airflow/.local/lib/python3.12/site-packages/airflow/example_dags/example_branch_python_dop_operator_3.py
[2026-05-05T04:14:26.370+0000] {logging_mixin.py:188} INFO - [2026-05-05T04:14:26.369+0000] {dag.py:3089} INFO - Sync 1 DAGs
[2026-05-05T04:14:26.410+0000] {logging_mixin.py:188} INFO - [2026-05-05T04:14:26.409+0000] {dag.py:3947} INFO - Setting next_dagrun for example_branch_dop_operator_v3 to 2026-05-05 04:13:00+00:00, run_after=2026-05-05 04:14:00+00:00
[2026-05-05T04:14:26.489+0000] {processor.py:183} INFO - Processing /home/airflow/.local/lib/python3.12/site-packages/airflow/example_dags/example_branch_python_dop_operator_3.py took 0.196 seconds
[2026-05-05T04:14:57.015+0000] {processor.py:161} INFO - Started process (PID=342) to work on /home/airflow/.local/lib/python3.12/site-packages/airflow/example_dags/example_branch_python_dop_operator_3.py
[2026-05-05T04:14:57.017+0000] {processor.py:830} INFO - Processing file /home/airflow/.local/lib/python3.12/site-packages/airflow/example_dags/example_branch_python_dop_operator_3.py for tasks to queue
[2026-05-05T04:14:57.020+0000] {logging_mixin.py:188} INFO - [2026-05-05T04:14:57.019+0000] {dagbag.py:545} INFO - Filling up the DagBag from /home/airflow/.local/lib/python3.12/site-packages/airflow/example_dags/example_branch_python_dop_operator_3.py
[2026-05-05T04:14:57.032+0000] {processor.py:840} INFO - DAG(s) 'example_branch_dop_operator_v3' retrieved from /home/airflow/.local/lib/python3.12/site-packages/airflow/example_dags/example_branch_python_dop_operator_3.py
[2026-05-05T04:14:57.070+0000] {logging_mixin.py:188} INFO - [2026-05-05T04:14:57.069+0000] {dag.py:3089} INFO - Sync 1 DAGs
[2026-05-05T04:14:57.108+0000] {logging_mixin.py:188} INFO - [2026-05-05T04:14:57.108+0000] {dag.py:3947} INFO - Setting next_dagrun for example_branch_dop_operator_v3 to 2026-05-05 04:13:00+00:00, run_after=2026-05-05 04:14:00+00:00
[2026-05-05T04:14:57.171+0000] {processor.py:183} INFO - Processing /home/airflow/.local/lib/python3.12/site-packages/airflow/example_dags/example_branch_python_dop_operator_3.py took 0.168 seconds
[2026-05-05T04:15:27.465+0000] {processor.py:161} INFO - Started process (PID=410) to work on /home/airflow/.local/lib/python3.12/site-packages/airflow/example_dags/example_branch_python_dop_operator_3.py
[2026-05-05T04:15:27.467+0000] {processor.py:830} INFO - Processing file /home/airflow/.local/lib/python3.12/site-packages/airflow/example_dags/example_branch_python_dop_operator_3.py for tasks to queue
[2026-05-05T04:15:27.471+0000] {logging_mixin.py:188} INFO - [2026-05-05T04:15:27.470+0000] {dagbag.py:545} INFO - Filling up the DagBag from /home/airflow/.local/lib/python3.12/site-packages/airflow/example_dags/example_branch_python_dop_operator_3.py
[2026-05-05T04:15:27.489+0000] {processor.py:840} INFO - DAG(s) 'example_branch_dop_operator_v3' retrieved from /home/airflow/.local/lib/python3.12/site-packages/airflow/example_dags/example_branch_python_dop_operator_3.py
[2026-05-05T04:15:27.523+0000] {logging_mixin.py:188} INFO - [2026-05-05T04:15:27.523+0000] {dag.py:3089} INFO - Sync 1 DAGs
[2026-05-05T04:15:27.563+0000] {logging_mixin.py:188} INFO - [2026-05-05T04:15:27.562+0000] {dag.py:3947} INFO - Setting next_dagrun for example_branch_dop_operator_v3 to 2026-05-05 04:14:00+00:00, run_after=2026-05-05 04:15:00+00:00
[2026-05-05T04:15:27.599+0000] {processor.py:183} INFO - Processing /home/airflow/.local/lib/python3.12/site-packages/airflow/example_dags/example_branch_python_dop_operator_3.py took 0.143 seconds
[2026-05-05T04:15:58.463+0000] {processor.py:161} INFO - Started process (PID=478) to work on /home/airflow/.local/lib/python3.12/site-packages/airflow/example_dags/example_branch_python_dop_operator_3.py
[2026-05-05T04:15:58.467+0000] {processor.py:830} INFO - Processing file /home/airflow/.local/lib/python3.12/site-packages/airflow/example_dags/example_branch_python_dop_operator_3.py for tasks to queue
[2026-05-05T04:15:58.473+0000] {logging_mixin.py:188} INFO - [2026-05-05T04:15:58.472+0000] {dagbag.py:545} INFO - Filling up the DagBag from /home/airflow/.local/lib/python3.12/site-packages/airflow/example_dags/example_branch_python_dop_operator_3.py
[2026-05-05T04:15:58.485+0000] {processor.py:840} INFO - DAG(s) 'example_branch_dop_operator_v3' retrieved from /home/airflow/.local/lib/python3.12/site-packages/airflow/example_dags/example_branch_python_dop_operator_3.py
[2026-05-05T04:15:58.519+0000] {logging_mixin.py:188} INFO - [2026-05-05T04:15:58.518+0000] {dag.py:3089} INFO - Sync 1 DAGs
[2026-05-05T04:15:58.558+0000] {logging_mixin.py:188} INFO - [2026-05-05T04:15:58.558+0000] {dag.py:3947} INFO - Setting next_dagrun for example_branch_dop_operator_v3 to 2026-05-05 04:14:00+00:00, run_after=2026-05-05 04:15:00+00:00
[2026-05-05T04:15:58.602+0000] {processor.py:183} INFO - Processing /home/airflow/.local/lib/python3.12/site-packages/airflow/example_dags/example_branch_python_dop_operator_3.py took 0.150 seconds
[2026-05-05T04:16:29.870+0000] {processor.py:161} INFO - Started process (PID=553) to work on /home/airflow/.local/lib/python3.12/site-packages/airflow/example_dags/example_branch_python_dop_operator_3.py
[2026-05-05T04:16:29.872+0000] {processor.py:830} INFO - Processing file /home/airflow/.local/lib/python3.12/site-packages/airflow/example_dags/example_branch_python_dop_operator_3.py for tasks to queue
[2026-05-05T04:16:29.876+0000] {logging_mixin.py:188} INFO - [2026-05-05T04:16:29.876+0000] {dagbag.py:545} INFO - Filling up the DagBag from /home/airflow/.local/lib/python3.12/site-packages/airflow/example_dags/example_branch_python_dop_operator_3.py
[2026-05-05T04:16:29.893+0000] {processor.py:840} INFO - DAG(s) 'example_branch_dop_operator_v3' retrieved from /home/airflow/.local/lib/python3.12/site-packages/airflow/example_dags/example_branch_python_dop_operator_3.py
[2026-05-05T04:16:29.928+0000] {logging_mixin.py:188} INFO - [2026-05-05T04:16:29.928+0000] {dag.py:3089} INFO - Sync 1 DAGs
[2026-05-05T04:16:29.965+0000] {logging_mixin.py:188} INFO - [2026-05-05T04:16:29.965+0000] {dag.py:3947} INFO - Setting next_dagrun for example_branch_dop_operator_v3 to 2026-05-05 04:15:00+00:00, run_after=2026-05-05 04:16:00+00:00
[2026-05-05T04:16:30.030+0000] {processor.py:183} INFO - Processing /home/airflow/.local/lib/python3.12/site-packages/airflow/example_dags/example_branch_python_dop_operator_3.py took 0.170 seconds
[2026-05-05T04:17:00.657+0000] {processor.py:161} INFO - Started process (PID=622) to work on /home/airflow/.local/lib/python3.12/site-packages/airflow/example_dags/example_branch_python_dop_operator_3.py
[2026-05-05T04:17:00.659+0000] {processor.py:830} INFO - Processing file /home/airflow/.local/lib/python3.12/site-packages/airflow/example_dags/example_branch_python_dop_operator_3.py for tasks to queue
[2026-05-05T04:17:00.667+0000] {logging_mixin.py:188} INFO - [2026-05-05T04:17:00.666+0000] {dagbag.py:545} INFO - Filling up the DagBag from /home/airflow/.local/lib/python3.12/site-packages/airflow/example_dags/example_branch_python_dop_operator_3.py
[2026-05-05T04:17:00.680+0000] {processor.py:840} INFO - DAG(s) 'example_branch_dop_operator_v3' retrieved from /home/airflow/.local/lib/python3.12/site-packages/airflow/example_dags/example_branch_python_dop_operator_3.py
[2026-05-05T04:17:00.720+0000] {logging_mixin.py:188} INFO - [2026-05-05T04:17:00.719+0000] {dag.py:3089} INFO - Sync 1 DAGs
[2026-05-05T04:17:00.760+0000] {logging_mixin.py:188} INFO - [2026-05-05T04:17:00.759+0000] {dag.py:3947} INFO - Setting next_dagrun for example_branch_dop_operator_v3 to 2026-05-05 04:16:00+00:00, run_after=2026-05-05 04:17:00+00:00
[2026-05-05T04:17:00.826+0000] {processor.py:183} INFO - Processing /home/airflow/.local/lib/python3.12/site-packages/airflow/example_dags/example_branch_python_dop_operator_3.py took 0.182 seconds
[2026-05-05T04:17:31.416+0000] {processor.py:161} INFO - Started process (PID=690) to work on /home/airflow/.local/lib/python3.12/site-packages/airflow/example_dags/example_branch_python_dop_operator_3.py
[2026-05-05T04:17:31.420+0000] {processor.py:830} INFO - Processing file /home/airflow/.local/lib/python3.12/site-packages/airflow/example_dags/example_branch_python_dop_operator_3.py for tasks to queue
[2026-05-05T04:17:31.424+0000] {logging_mixin.py:188} INFO - [2026-05-05T04:17:31.424+0000] {dagbag.py:545} INFO - Filling up the DagBag from /home/airflow/.local/lib/python3.12/site-packages/airflow/example_dags/example_branch_python_dop_operator_3.py
[2026-05-05T04:17:31.440+0000] {processor.py:840} INFO - DAG(s) 'example_branch_dop_operator_v3' retrieved from /home/airflow/.local/lib/python3.12/site-packages/airflow/example_dags/example_branch_python_dop_operator_3.py
[2026-05-05T04:17:31.483+0000] {logging_mixin.py:188} INFO - [2026-05-05T04:17:31.483+0000] {dag.py:3089} INFO - Sync 1 DAGs
[2026-05-05T04:17:31.530+0000] {logging_mixin.py:188} INFO - [2026-05-05T04:17:31.529+0000] {dag.py:3947} INFO - Setting next_dagrun for example_branch_dop_operator_v3 to 2026-05-05 04:16:00+00:00, run_after=2026-05-05 04:17:00+00:00
[2026-05-05T04:17:31.598+0000] {processor.py:183} INFO - Processing /home/airflow/.local/lib/python3.12/site-packages/airflow/example_dags/example_branch_python_dop_operator_3.py took 0.196 seconds
[2026-05-05T04:18:02.624+0000] {processor.py:161} INFO - Started process (PID=758) to work on /home/airflow/.local/lib/python3.12/site-packages/airflow/example_dags/example_branch_python_dop_operator_3.py
[2026-05-05T04:18:02.630+0000] {processor.py:830} INFO - Processing file /home/airflow/.local/lib/python3.12/site-packages/airflow/example_dags/example_branch_python_dop_operator_3.py for tasks to queue
[2026-05-05T04:18:02.637+0000] {logging_mixin.py:188} INFO - [2026-05-05T04:18:02.636+0000] {dagbag.py:545} INFO - Filling up the DagBag from /home/airflow/.local/lib/python3.12/site-packages/airflow/example_dags/example_branch_python_dop_operator_3.py
[2026-05-05T04:18:02.657+0000] {processor.py:840} INFO - DAG(s) 'example_branch_dop_operator_v3' retrieved from /home/airflow/.local/lib/python3.12/site-packages/airflow/example_dags/example_branch_python_dop_operator_3.py
[2026-05-05T04:18:02.701+0000] {logging_mixin.py:188} INFO - [2026-05-05T04:18:02.700+0000] {dag.py:3089} INFO - Sync 1 DAGs
[2026-05-05T04:18:02.745+0000] {logging_mixin.py:188} INFO - [2026-05-05T04:18:02.745+0000] {dag.py:3947} INFO - Setting next_dagrun for example_branch_dop_operator_v3 to 2026-05-05 04:17:00+00:00, run_after=2026-05-05 04:18:00+00:00
[2026-05-05T04:18:02.823+0000] {processor.py:183} INFO - Processing /home/airflow/.local/lib/python3.12/site-packages/airflow/example_dags/example_branch_python_dop_operator_3.py took 0.214 seconds
[2026-05-05T04:18:33.421+0000] {processor.py:161} INFO - Started process (PID=826) to work on /home/airflow/.local/lib/python3.12/site-packages/airflow/example_dags/example_branch_python_dop_operator_3.py
[2026-05-05T04:18:33.426+0000] {processor.py:830} INFO - Processing file /home/airflow/.local/lib/python3.12/site-packages/airflow/example_dags/example_branch_python_dop_operator_3.py for tasks to queue
[2026-05-05T04:18:33.438+0000] {logging_mixin.py:188} INFO - [2026-05-05T04:18:33.437+0000] {dagbag.py:545} INFO - Filling up the DagBag from /home/airflow/.local/lib/python3.12/site-packages/airflow/example_dags/example_branch_python_dop_operator_3.py
[2026-05-05T04:18:33.462+0000] {processor.py:840} INFO - DAG(s) 'example_branch_dop_operator_v3' retrieved from /home/airflow/.local/lib/python3.12/site-packages/airflow/example_dags/example_branch_python_dop_operator_3.py
[2026-05-05T04:18:33.513+0000] {logging_mixin.py:188} INFO - [2026-05-05T04:18:33.512+0000] {dag.py:3089} INFO - Sync 1 DAGs
[2026-05-05T04:18:33.564+0000] {logging_mixin.py:188} INFO - [2026-05-05T04:18:33.564+0000] {dag.py:3947} INFO - Setting next_dagrun for example_branch_dop_operator_v3 to 2026-05-05 04:17:00+00:00, run_after=2026-05-05 04:18:00+00:00
[2026-05-05T04:18:33.616+0000] {processor.py:183} INFO - Processing /home/airflow/.local/lib/python3.12/site-packages/airflow/example_dags/example_branch_python_dop_operator_3.py took 0.218 seconds
[2026-05-05T04:24:29.806+0000] {processor.py:161} INFO - Started process (PID=69) to work on /home/airflow/.local/lib/python3.12/site-packages/airflow/example_dags/example_branch_python_dop_operator_3.py
[2026-05-05T04:24:29.808+0000] {processor.py:830} INFO - Processing file /home/airflow/.local/lib/python3.12/site-packages/airflow/example_dags/example_branch_python_dop_operator_3.py for tasks to queue
[2026-05-05T04:24:29.812+0000] {logging_mixin.py:188} INFO - [2026-05-05T04:24:29.811+0000] {dagbag.py:545} INFO - Filling up the DagBag from /home/airflow/.local/lib/python3.12/site-packages/airflow/example_dags/example_branch_python_dop_operator_3.py
[2026-05-05T04:24:29.830+0000] {processor.py:840} INFO - DAG(s) 'example_branch_dop_operator_v3' retrieved from /home/airflow/.local/lib/python3.12/site-packages/airflow/example_dags/example_branch_python_dop_operator_3.py
[2026-05-05T04:24:29.993+0000] {logging_mixin.py:188} INFO - [2026-05-05T04:24:29.992+0000] {override.py:1858} INFO - Created Permission View: can edit on DAG:example_branch_dop_operator_v3
[2026-05-05T04:24:30.010+0000] {logging_mixin.py:188} INFO - [2026-05-05T04:24:30.010+0000] {override.py:1858} INFO - Created Permission View: can delete on DAG:example_branch_dop_operator_v3
[2026-05-05T04:24:30.023+0000] {logging_mixin.py:188} INFO - [2026-05-05T04:24:30.022+0000] {override.py:1858} INFO - Created Permission View: can read on DAG:example_branch_dop_operator_v3
[2026-05-05T04:24:30.024+0000] {logging_mixin.py:188} INFO - [2026-05-05T04:24:30.024+0000] {dag.py:3089} INFO - Sync 1 DAGs
[2026-05-05T04:24:30.040+0000] {logging_mixin.py:188} INFO - [2026-05-05T04:24:30.040+0000] {dag.py:3111} INFO - Creating ORM DAG for example_branch_dop_operator_v3
[2026-05-05T04:24:30.065+0000] {logging_mixin.py:188} INFO - [2026-05-05T04:24:30.064+0000] {dag.py:3947} INFO - Setting next_dagrun for example_branch_dop_operator_v3 to 2026-05-05 04:23:00+00:00, run_after=2026-05-05 04:24:00+00:00
[2026-05-05T04:24:30.098+0000] {processor.py:183} INFO - Processing /home/airflow/.local/lib/python3.12/site-packages/airflow/example_dags/example_branch_python_dop_operator_3.py took 0.302 seconds
[2026-05-05T04:25:00.368+0000] {processor.py:161} INFO - Started process (PID=137) to work on /home/airflow/.local/lib/python3.12/site-packages/airflow/example_dags/example_branch_python_dop_operator_3.py
[2026-05-05T04:25:00.371+0000] {processor.py:830} INFO - Processing file /home/airflow/.local/lib/python3.12/site-packages/airflow/example_dags/example_branch_python_dop_operator_3.py for tasks to queue
[2026-05-05T04:25:00.375+0000] {logging_mixin.py:188} INFO - [2026-05-05T04:25:00.374+0000] {dagbag.py:545} INFO - Filling up the DagBag from /home/airflow/.local/lib/python3.12/site-packages/airflow/example_dags/example_branch_python_dop_operator_3.py
[2026-05-05T04:25:00.393+0000] {processor.py:840} INFO - DAG(s) 'example_branch_dop_operator_v3' retrieved from /home/airflow/.local/lib/python3.12/site-packages/airflow/example_dags/example_branch_python_dop_operator_3.py
[2026-05-05T04:25:00.428+0000] {logging_mixin.py:188} INFO - [2026-05-05T04:25:00.427+0000] {dag.py:3089} INFO - Sync 1 DAGs
[2026-05-05T04:25:00.464+0000] {logging_mixin.py:188} INFO - [2026-05-05T04:25:00.464+0000] {dag.py:3947} INFO - Setting next_dagrun for example_branch_dop_operator_v3 to 2026-05-05 04:24:00+00:00, run_after=2026-05-05 04:25:00+00:00
[2026-05-05T04:25:00.510+0000] {processor.py:183} INFO - Processing /home/airflow/.local/lib/python3.12/site-packages/airflow/example_dags/example_branch_python_dop_operator_3.py took 0.152 seconds
[2026-05-05T04:25:31.137+0000] {processor.py:161} INFO - Started process (PID=206) to work on /home/airflow/.local/lib/python3.12/site-packages/airflow/example_dags/example_branch_python_dop_operator_3.py
[2026-05-05T04:25:31.140+0000] {processor.py:830} INFO - Processing file /home/airflow/.local/lib/python3.12/site-packages/airflow/example_dags/example_branch_python_dop_operator_3.py for tasks to queue
[2026-05-05T04:25:31.144+0000] {logging_mixin.py:188} INFO - [2026-05-05T04:25:31.144+0000] {dagbag.py:545} INFO - Filling up the DagBag from /home/airflow/.local/lib/python3.12/site-packages/airflow/example_dags/example_branch_python_dop_operator_3.py
[2026-05-05T04:25:31.160+0000] {processor.py:840} INFO - DAG(s) 'example_branch_dop_operator_v3' retrieved from /home/airflow/.local/lib/python3.12/site-packages/airflow/example_dags/example_branch_python_dop_operator_3.py
[2026-05-05T04:25:31.201+0000] {logging_mixin.py:188} INFO - [2026-05-05T04:25:31.200+0000] {dag.py:3089} INFO - Sync 1 DAGs
[2026-05-05T04:25:31.248+0000] {logging_mixin.py:188} INFO - [2026-05-05T04:25:31.248+0000] {dag.py:3947} INFO - Setting next_dagrun for example_branch_dop_operator_v3 to 2026-05-05 04:24:00+00:00, run_after=2026-05-05 04:25:00+00:00
[2026-05-05T04:25:31.286+0000] {processor.py:183} INFO - Processing /home/airflow/.local/lib/python3.12/site-packages/airflow/example_dags/example_branch_python_dop_operator_3.py took 0.161 seconds
[2026-05-05T04:26:01.356+0000] {processor.py:161} INFO - Started process (PID=273) to work on /home/airflow/.local/lib/python3.12/site-packages/airflow/example_dags/example_branch_python_dop_operator_3.py
[2026-05-05T04:26:01.359+0000] {processor.py:830} INFO - Processing file /home/airflow/.local/lib/python3.12/site-packages/airflow/example_dags/example_branch_python_dop_operator_3.py for tasks to queue
[2026-05-05T04:26:01.362+0000] {logging_mixin.py:188} INFO - [2026-05-05T04:26:01.362+0000] {dagbag.py:545} INFO - Filling up the DagBag from /home/airflow/.local/lib/python3.12/site-packages/airflow/example_dags/example_branch_python_dop_operator_3.py
[2026-05-05T04:26:01.376+0000] {processor.py:840} INFO - DAG(s) 'example_branch_dop_operator_v3' retrieved from /home/airflow/.local/lib/python3.12/site-packages/airflow/example_dags/example_branch_python_dop_operator_3.py
[2026-05-05T04:26:01.421+0000] {logging_mixin.py:188} INFO - [2026-05-05T04:26:01.420+0000] {dag.py:3089} INFO - Sync 1 DAGs
[2026-05-05T04:26:01.464+0000] {logging_mixin.py:188} INFO - [2026-05-05T04:26:01.463+0000] {dag.py:3947} INFO - Setting next_dagrun for example_branch_dop_operator_v3 to 2026-05-05 04:25:00+00:00, run_after=2026-05-05 04:26:00+00:00
[2026-05-05T04:26:01.495+0000] {processor.py:183} INFO - Processing /home/airflow/.local/lib/python3.12/site-packages/airflow/example_dags/example_branch_python_dop_operator_3.py took 0.149 seconds
[2026-05-05T04:26:32.281+0000] {processor.py:161} INFO - Started process (PID=342) to work on /home/airflow/.local/lib/python3.12/site-packages/airflow/example_dags/example_branch_python_dop_operator_3.py
[2026-05-05T04:26:32.284+0000] {processor.py:830} INFO - Processing file /home/airflow/.local/lib/python3.12/site-packages/airflow/example_dags/example_branch_python_dop_operator_3.py for tasks to queue
[2026-05-05T04:26:32.288+0000] {logging_mixin.py:188} INFO - [2026-05-05T04:26:32.288+0000] {dagbag.py:545} INFO - Filling up the DagBag from /home/airflow/.local/lib/python3.12/site-packages/airflow/example_dags/example_branch_python_dop_operator_3.py
[2026-05-05T04:26:32.309+0000] {processor.py:840} INFO - DAG(s) 'example_branch_dop_operator_v3' retrieved from /home/airflow/.local/lib/python3.12/site-packages/airflow/example_dags/example_branch_python_dop_operator_3.py
[2026-05-05T04:26:32.351+0000] {logging_mixin.py:188} INFO - [2026-05-05T04:26:32.351+0000] {dag.py:3089} INFO - Sync 1 DAGs
[2026-05-05T04:26:32.409+0000] {logging_mixin.py:188} INFO - [2026-05-05T04:26:32.409+0000] {dag.py:3947} INFO - Setting next_dagrun for example_branch_dop_operator_v3 to 2026-05-05 04:25:00+00:00, run_after=2026-05-05 04:26:00+00:00
[2026-05-05T04:26:32.463+0000] {processor.py:183} INFO - Processing /home/airflow/.local/lib/python3.12/site-packages/airflow/example_dags/example_branch_python_dop_operator_3.py took 0.200 seconds
[2026-05-05T04:27:03.224+0000] {processor.py:161} INFO - Started process (PID=417) to work on /home/airflow/.local/lib/python3.12/site-packages/airflow/example_dags/example_branch_python_dop_operator_3.py
[2026-05-05T04:27:03.226+0000] {processor.py:830} INFO - Processing file /home/airflow/.local/lib/python3.12/site-packages/airflow/example_dags/example_branch_python_dop_operator_3.py for tasks to queue
[2026-05-05T04:27:03.232+0000] {logging_mixin.py:188} INFO - [2026-05-05T04:27:03.231+0000] {dagbag.py:545} INFO - Filling up the DagBag from /home/airflow/.local/lib/python3.12/site-packages/airflow/example_dags/example_branch_python_dop_operator_3.py
[2026-05-05T04:27:03.253+0000] {processor.py:840} INFO - DAG(s) 'example_branch_dop_operator_v3' retrieved from /home/airflow/.local/lib/python3.12/site-packages/airflow/example_dags/example_branch_python_dop_operator_3.py
[2026-05-05T04:27:03.304+0000] {logging_mixin.py:188} INFO - [2026-05-05T04:27:03.303+0000] {dag.py:3089} INFO - Sync 1 DAGs
[2026-05-05T04:27:03.348+0000] {logging_mixin.py:188} INFO - [2026-05-05T04:27:03.348+0000] {dag.py:3947} INFO - Setting next_dagrun for example_branch_dop_operator_v3 to 2026-05-05 04:26:00+00:00, run_after=2026-05-05 04:27:00+00:00
[2026-05-05T04:27:03.391+0000] {processor.py:183} INFO - Processing /home/airflow/.local/lib/python3.12/site-packages/airflow/example_dags/example_branch_python_dop_operator_3.py took 0.176 seconds
[2026-05-05T04:27:34.001+0000] {processor.py:161} INFO - Started process (PID=484) to work on /home/airflow/.local/lib/python3.12/site-packages/airflow/example_dags/example_branch_python_dop_operator_3.py
[2026-05-05T04:27:34.003+0000] {processor.py:830} INFO - Processing file /home/airflow/.local/lib/python3.12/site-packages/airflow/example_dags/example_branch_python_dop_operator_3.py for tasks to queue
[2026-05-05T04:27:34.007+0000] {logging_mixin.py:188} INFO - [2026-05-05T04:27:34.007+0000] {dagbag.py:545} INFO - Filling up the DagBag from /home/airflow/.local/lib/python3.12/site-packages/airflow/example_dags/example_branch_python_dop_operator_3.py
[2026-05-05T04:27:34.024+0000] {processor.py:840} INFO - DAG(s) 'example_branch_dop_operator_v3' retrieved from /home/airflow/.local/lib/python3.12/site-packages/airflow/example_dags/example_branch_python_dop_operator_3.py
[2026-05-05T04:27:34.064+0000] {logging_mixin.py:188} INFO - [2026-05-05T04:27:34.064+0000] {dag.py:3089} INFO - Sync 1 DAGs
[2026-05-05T04:27:34.105+0000] {logging_mixin.py:188} INFO - [2026-05-05T04:27:34.105+0000] {dag.py:3947} INFO - Setting next_dagrun for example_branch_dop_operator_v3 to 2026-05-05 04:26:00+00:00, run_after=2026-05-05 04:27:00+00:00
[2026-05-05T04:27:34.149+0000] {processor.py:183} INFO - Processing /home/airflow/.local/lib/python3.12/site-packages/airflow/example_dags/example_branch_python_dop_operator_3.py took 0.159 seconds
[2026-05-05T04:28:04.618+0000] {processor.py:161} INFO - Started process (PID=552) to work on /home/airflow/.local/lib/python3.12/site-packages/airflow/example_dags/example_branch_python_dop_operator_3.py
[2026-05-05T04:28:04.620+0000] {processor.py:830} INFO - Processing file /home/airflow/.local/lib/python3.12/site-packages/airflow/example_dags/example_branch_python_dop_operator_3.py for tasks to queue
[2026-05-05T04:28:04.624+0000] {logging_mixin.py:188} INFO - [2026-05-05T04:28:04.624+0000] {dagbag.py:545} INFO - Filling up the DagBag from /home/airflow/.local/lib/python3.12/site-packages/airflow/example_dags/example_branch_python_dop_operator_3.py
[2026-05-05T04:28:04.639+0000] {processor.py:840} INFO - DAG(s) 'example_branch_dop_operator_v3' retrieved from /home/airflow/.local/lib/python3.12/site-packages/airflow/example_dags/example_branch_python_dop_operator_3.py
[2026-05-05T04:28:04.677+0000] {logging_mixin.py:188} INFO - [2026-05-05T04:28:04.676+0000] {dag.py:3089} INFO - Sync 1 DAGs
[2026-05-05T04:28:04.713+0000] {logging_mixin.py:188} INFO - [2026-05-05T04:28:04.713+0000] {dag.py:3947} INFO - Setting next_dagrun for example_branch_dop_operator_v3 to 2026-05-05 04:27:00+00:00, run_after=2026-05-05 04:28:00+00:00
[2026-05-05T04:28:04.751+0000] {processor.py:183} INFO - Processing /home/airflow/.local/lib/python3.12/site-packages/airflow/example_dags/example_branch_python_dop_operator_3.py took 0.145 seconds
[2026-05-05T04:28:34.868+0000] {processor.py:161} INFO - Started process (PID=619) to work on /home/airflow/.local/lib/python3.12/site-packages/airflow/example_dags/example_branch_python_dop_operator_3.py
[2026-05-05T04:28:34.870+0000] {processor.py:830} INFO - Processing file /home/airflow/.local/lib/python3.12/site-packages/airflow/example_dags/example_branch_python_dop_operator_3.py for tasks to queue
[2026-05-05T04:28:34.875+0000] {logging_mixin.py:188} INFO - [2026-05-05T04:28:34.874+0000] {dagbag.py:545} INFO - Filling up the DagBag from /home/airflow/.local/lib/python3.12/site-packages/airflow/example_dags/example_branch_python_dop_operator_3.py
[2026-05-05T04:28:34.889+0000] {processor.py:840} INFO - DAG(s) 'example_branch_dop_operator_v3' retrieved from /home/airflow/.local/lib/python3.12/site-packages/airflow/example_dags/example_branch_python_dop_operator_3.py
[2026-05-05T04:28:34.926+0000] {logging_mixin.py:188} INFO - [2026-05-05T04:28:34.926+0000] {dag.py:3089} INFO - Sync 1 DAGs
[2026-05-05T04:28:34.970+0000] {logging_mixin.py:188} INFO - [2026-05-05T04:28:34.969+0000] {dag.py:3947} INFO - Setting next_dagrun for example_branch_dop_operator_v3 to 2026-05-05 04:27:00+00:00, run_after=2026-05-05 04:28:00+00:00
[2026-05-05T04:28:35.017+0000] {processor.py:183} INFO - Processing /home/airflow/.local/lib/python3.12/site-packages/airflow/example_dags/example_branch_python_dop_operator_3.py took 0.159 seconds
[2026-05-05T04:29:05.095+0000] {processor.py:161} INFO - Started process (PID=687) to work on /home/airflow/.local/lib/python3.12/site-packages/airflow/example_dags/example_branch_python_dop_operator_3.py
[2026-05-05T04:29:05.100+0000] {processor.py:830} INFO - Processing file /home/airflow/.local/lib/python3.12/site-packages/airflow/example_dags/example_branch_python_dop_operator_3.py for tasks to queue
[2026-05-05T04:29:05.103+0000] {logging_mixin.py:188} INFO - [2026-05-05T04:29:05.103+0000] {dagbag.py:545} INFO - Filling up the DagBag from /home/airflow/.local/lib/python3.12/site-packages/airflow/example_dags/example_branch_python_dop_operator_3.py
[2026-05-05T04:29:05.122+0000] {processor.py:840} INFO - DAG(s) 'example_branch_dop_operator_v3' retrieved from /home/airflow/.local/lib/python3.12/site-packages/airflow/example_dags/example_branch_python_dop_operator_3.py
[2026-05-05T04:29:05.160+0000] {logging_mixin.py:188} INFO - [2026-05-05T04:29:05.159+0000] {dag.py:3089} INFO - Sync 1 DAGs
[2026-05-05T04:29:05.199+0000] {logging_mixin.py:188} INFO - [2026-05-05T04:29:05.199+0000] {dag.py:3947} INFO - Setting next_dagrun for example_branch_dop_operator_v3 to 2026-05-05 04:28:00+00:00, run_after=2026-05-05 04:29:00+00:00
[2026-05-05T04:29:05.269+0000] {processor.py:183} INFO - Processing /home/airflow/.local/lib/python3.12/site-packages/airflow/example_dags/example_branch_python_dop_operator_3.py took 0.182 seconds
[2026-05-05T04:29:36.139+0000] {processor.py:161} INFO - Started process (PID=762) to work on /home/airflow/.local/lib/python3.12/site-packages/airflow/example_dags/example_branch_python_dop_operator_3.py
[2026-05-05T04:29:36.141+0000] {processor.py:830} INFO - Processing file /home/airflow/.local/lib/python3.12/site-packages/airflow/example_dags/example_branch_python_dop_operator_3.py for tasks to queue
[2026-05-05T04:29:36.148+0000] {logging_mixin.py:188} INFO - [2026-05-05T04:29:36.148+0000] {dagbag.py:545} INFO - Filling up the DagBag from /home/airflow/.local/lib/python3.12/site-packages/airflow/example_dags/example_branch_python_dop_operator_3.py
[2026-05-05T04:29:36.161+0000] {processor.py:840} INFO - DAG(s) 'example_branch_dop_operator_v3' retrieved from /home/airflow/.local/lib/python3.12/site-packages/airflow/example_dags/example_branch_python_dop_operator_3.py
[2026-05-05T04:29:36.196+0000] {logging_mixin.py:188} INFO - [2026-05-05T04:29:36.195+0000] {dag.py:3089} INFO - Sync 1 DAGs
[2026-05-05T04:29:36.237+0000] {logging_mixin.py:188} INFO - [2026-05-05T04:29:36.237+0000] {dag.py:3947} INFO - Setting next_dagrun for example_branch_dop_operator_v3 to 2026-05-05 04:28:00+00:00, run_after=2026-05-05 04:29:00+00:00
[2026-05-05T04:29:36.273+0000] {processor.py:183} INFO - Processing /home/airflow/.local/lib/python3.12/site-packages/airflow/example_dags/example_branch_python_dop_operator_3.py took 0.143 seconds
[2026-05-05T04:30:06.733+0000] {processor.py:161} INFO - Started process (PID=830) to work on /home/airflow/.local/lib/python3.12/site-packages/airflow/example_dags/example_branch_python_dop_operator_3.py
[2026-05-05T04:30:06.735+0000] {processor.py:830} INFO - Processing file /home/airflow/.local/lib/python3.12/site-packages/airflow/example_dags/example_branch_python_dop_operator_3.py for tasks to queue
[2026-05-05T04:30:06.738+0000] {logging_mixin.py:188} INFO - [2026-05-05T04:30:06.737+0000] {dagbag.py:545} INFO - Filling up the DagBag from /home/airflow/.local/lib/python3.12/site-packages/airflow/example_dags/example_branch_python_dop_operator_3.py
[2026-05-05T04:30:06.750+0000] {processor.py:840} INFO - DAG(s) 'example_branch_dop_operator_v3' retrieved from /home/airflow/.local/lib/python3.12/site-packages/airflow/example_dags/example_branch_python_dop_operator_3.py
[2026-05-05T04:30:06.782+0000] {logging_mixin.py:188} INFO - [2026-05-05T04:30:06.781+0000] {dag.py:3089} INFO - Sync 1 DAGs
[2026-05-05T04:30:06.817+0000] {logging_mixin.py:188} INFO - [2026-05-05T04:30:06.817+0000] {dag.py:3947} INFO - Setting next_dagrun for example_branch_dop_operator_v3 to 2026-05-05 04:29:00+00:00, run_after=2026-05-05 04:30:00+00:00
[2026-05-05T04:30:06.882+0000] {processor.py:183} INFO - Processing /home/airflow/.local/lib/python3.12/site-packages/airflow/example_dags/example_branch_python_dop_operator_3.py took 0.160 seconds
[2026-05-05T04:30:37.245+0000] {processor.py:161} INFO - Started process (PID=898) to work on /home/airflow/.local/lib/python3.12/site-packages/airflow/example_dags/example_branch_python_dop_operator_3.py
[2026-05-05T04:30:37.247+0000] {processor.py:830} INFO - Processing file /home/airflow/.local/lib/python3.12/site-packages/airflow/example_dags/example_branch_python_dop_operator_3.py for tasks to queue
[2026-05-05T04:30:37.251+0000] {logging_mixin.py:188} INFO - [2026-05-05T04:30:37.251+0000] {dagbag.py:545} INFO - Filling up the DagBag from /home/airflow/.local/lib/python3.12/site-packages/airflow/example_dags/example_branch_python_dop_operator_3.py
[2026-05-05T04:30:37.268+0000] {processor.py:840} INFO - DAG(s) 'example_branch_dop_operator_v3' retrieved from /home/airflow/.local/lib/python3.12/site-packages/airflow/example_dags/example_branch_python_dop_operator_3.py
[2026-05-05T04:30:37.305+0000] {logging_mixin.py:188} INFO - [2026-05-05T04:30:37.305+0000] {dag.py:3089} INFO - Sync 1 DAGs
[2026-05-05T04:30:37.344+0000] {logging_mixin.py:188} INFO - [2026-05-05T04:30:37.344+0000] {dag.py:3947} INFO - Setting next_dagrun for example_branch_dop_operator_v3 to 2026-05-05 04:29:00+00:00, run_after=2026-05-05 04:30:00+00:00
[2026-05-05T04:30:37.379+0000] {processor.py:183} INFO - Processing /home/airflow/.local/lib/python3.12/site-packages/airflow/example_dags/example_branch_python_dop_operator_3.py took 0.147 seconds
[2026-05-05T04:31:07.926+0000] {processor.py:161} INFO - Started process (PID=966) to work on /home/airflow/.local/lib/python3.12/site-packages/airflow/example_dags/example_branch_python_dop_operator_3.py
[2026-05-05T04:31:07.930+0000] {processor.py:830} INFO - Processing file /home/airflow/.local/lib/python3.12/site-packages/airflow/example_dags/example_branch_python_dop_operator_3.py for tasks to queue
[2026-05-05T04:31:07.934+0000] {logging_mixin.py:188} INFO - [2026-05-05T04:31:07.933+0000] {dagbag.py:545} INFO - Filling up the DagBag from /home/airflow/.local/lib/python3.12/site-packages/airflow/example_dags/example_branch_python_dop_operator_3.py
[2026-05-05T04:31:07.953+0000] {processor.py:840} INFO - DAG(s) 'example_branch_dop_operator_v3' retrieved from /home/airflow/.local/lib/python3.12/site-packages/airflow/example_dags/example_branch_python_dop_operator_3.py
[2026-05-05T04:31:07.989+0000] {logging_mixin.py:188} INFO - [2026-05-05T04:31:07.988+0000] {dag.py:3089} INFO - Sync 1 DAGs
[2026-05-05T04:31:08.024+0000] {logging_mixin.py:188} INFO - [2026-05-05T04:31:08.023+0000] {dag.py:3947} INFO - Setting next_dagrun for example_branch_dop_operator_v3 to 2026-05-05 04:30:00+00:00, run_after=2026-05-05 04:31:00+00:00
[2026-05-05T04:31:08.064+0000] {processor.py:183} INFO - Processing /home/airflow/.local/lib/python3.12/site-packages/airflow/example_dags/example_branch_python_dop_operator_3.py took 0.153 seconds
[2026-05-05T04:31:38.551+0000] {processor.py:161} INFO - Started process (PID=1034) to work on /home/airflow/.local/lib/python3.12/site-packages/airflow/example_dags/example_branch_python_dop_operator_3.py
[2026-05-05T04:31:38.555+0000] {processor.py:830} INFO - Processing file /home/airflow/.local/lib/python3.12/site-packages/airflow/example_dags/example_branch_python_dop_operator_3.py for tasks to queue
[2026-05-05T04:31:38.559+0000] {logging_mixin.py:188} INFO - [2026-05-05T04:31:38.558+0000] {dagbag.py:545} INFO - Filling up the DagBag from /home/airflow/.local/lib/python3.12/site-packages/airflow/example_dags/example_branch_python_dop_operator_3.py
[2026-05-05T04:31:38.572+0000] {processor.py:840} INFO - DAG(s) 'example_branch_dop_operator_v3' retrieved from /home/airflow/.local/lib/python3.12/site-packages/airflow/example_dags/example_branch_python_dop_operator_3.py
[2026-05-05T04:31:38.607+0000] {logging_mixin.py:188} INFO - [2026-05-05T04:31:38.606+0000] {dag.py:3089} INFO - Sync 1 DAGs
[2026-05-05T04:31:38.643+0000] {logging_mixin.py:188} INFO - [2026-05-05T04:31:38.643+0000] {dag.py:3947} INFO - Setting next_dagrun for example_branch_dop_operator_v3 to 2026-05-05 04:30:00+00:00, run_after=2026-05-05 04:31:00+00:00
[2026-05-05T04:31:38.707+0000] {processor.py:183} INFO - Processing /home/airflow/.local/lib/python3.12/site-packages/airflow/example_dags/example_branch_python_dop_operator_3.py took 0.169 seconds
[2026-05-05T04:32:08.968+0000] {processor.py:161} INFO - Started process (PID=1102) to work on /home/airflow/.local/lib/python3.12/site-packages/airflow/example_dags/example_branch_python_dop_operator_3.py
[2026-05-05T04:32:08.971+0000] {processor.py:830} INFO - Processing file /home/airflow/.local/lib/python3.12/site-packages/airflow/example_dags/example_branch_python_dop_operator_3.py for tasks to queue
[2026-05-05T04:32:08.975+0000] {logging_mixin.py:188} INFO - [2026-05-05T04:32:08.975+0000] {dagbag.py:545} INFO - Filling up the DagBag from /home/airflow/.local/lib/python3.12/site-packages/airflow/example_dags/example_branch_python_dop_operator_3.py
[2026-05-05T04:32:08.993+0000] {processor.py:840} INFO - DAG(s) 'example_branch_dop_operator_v3' retrieved from /home/airflow/.local/lib/python3.12/site-packages/airflow/example_dags/example_branch_python_dop_operator_3.py
[2026-05-05T04:32:09.034+0000] {logging_mixin.py:188} INFO - [2026-05-05T04:32:09.033+0000] {dag.py:3089} INFO - Sync 1 DAGs
[2026-05-05T04:32:09.075+0000] {logging_mixin.py:188} INFO - [2026-05-05T04:32:09.075+0000] {dag.py:3947} INFO - Setting next_dagrun for example_branch_dop_operator_v3 to 2026-05-05 04:31:00+00:00, run_after=2026-05-05 04:32:00+00:00
[2026-05-05T04:32:09.117+0000] {processor.py:183} INFO - Processing /home/airflow/.local/lib/python3.12/site-packages/airflow/example_dags/example_branch_python_dop_operator_3.py took 0.158 seconds
[2026-05-05T04:32:39.333+0000] {processor.py:161} INFO - Started process (PID=1170) to work on /home/airflow/.local/lib/python3.12/site-packages/airflow/example_dags/example_branch_python_dop_operator_3.py
[2026-05-05T04:32:39.335+0000] {processor.py:830} INFO - Processing file /home/airflow/.local/lib/python3.12/site-packages/airflow/example_dags/example_branch_python_dop_operator_3.py for tasks to queue
[2026-05-05T04:32:39.339+0000] {logging_mixin.py:188} INFO - [2026-05-05T04:32:39.338+0000] {dagbag.py:545} INFO - Filling up the DagBag from /home/airflow/.local/lib/python3.12/site-packages/airflow/example_dags/example_branch_python_dop_operator_3.py
[2026-05-05T04:32:39.357+0000] {processor.py:840} INFO - DAG(s) 'example_branch_dop_operator_v3' retrieved from /home/airflow/.local/lib/python3.12/site-packages/airflow/example_dags/example_branch_python_dop_operator_3.py
[2026-05-05T04:32:39.399+0000] {logging_mixin.py:188} INFO - [2026-05-05T04:32:39.399+0000] {dag.py:3089} INFO - Sync 1 DAGs
[2026-05-05T04:32:39.435+0000] {logging_mixin.py:188} INFO - [2026-05-05T04:32:39.434+0000] {dag.py:3947} INFO - Setting next_dagrun for example_branch_dop_operator_v3 to 2026-05-05 04:31:00+00:00, run_after=2026-05-05 04:32:00+00:00
[2026-05-05T04:32:39.498+0000] {processor.py:183} INFO - Processing /home/airflow/.local/lib/python3.12/site-packages/airflow/example_dags/example_branch_python_dop_operator_3.py took 0.176 seconds
[2026-05-05T04:33:09.847+0000] {processor.py:161} INFO - Started process (PID=1245) to work on /home/airflow/.local/lib/python3.12/site-packages/airflow/example_dags/example_branch_python_dop_operator_3.py
[2026-05-05T04:33:09.849+0000] {processor.py:830} INFO - Processing file /home/airflow/.local/lib/python3.12/site-packages/airflow/example_dags/example_branch_python_dop_operator_3.py for tasks to queue
[2026-05-05T04:33:09.852+0000] {logging_mixin.py:188} INFO - [2026-05-05T04:33:09.852+0000] {dagbag.py:545} INFO - Filling up the DagBag from /home/airflow/.local/lib/python3.12/site-packages/airflow/example_dags/example_branch_python_dop_operator_3.py
[2026-05-05T04:33:09.866+0000] {processor.py:840} INFO - DAG(s) 'example_branch_dop_operator_v3' retrieved from /home/airflow/.local/lib/python3.12/site-packages/airflow/example_dags/example_branch_python_dop_operator_3.py
[2026-05-05T04:33:09.899+0000] {logging_mixin.py:188} INFO - [2026-05-05T04:33:09.898+0000] {dag.py:3089} INFO - Sync 1 DAGs
[2026-05-05T04:33:09.940+0000] {logging_mixin.py:188} INFO - [2026-05-05T04:33:09.939+0000] {dag.py:3947} INFO - Setting next_dagrun for example_branch_dop_operator_v3 to 2026-05-05 04:32:00+00:00, run_after=2026-05-05 04:33:00+00:00
[2026-05-05T04:33:09.981+0000] {processor.py:183} INFO - Processing /home/airflow/.local/lib/python3.12/site-packages/airflow/example_dags/example_branch_python_dop_operator_3.py took 0.143 seconds
[2026-05-05T04:33:40.535+0000] {processor.py:161} INFO - Started process (PID=1313) to work on /home/airflow/.local/lib/python3.12/site-packages/airflow/example_dags/example_branch_python_dop_operator_3.py
[2026-05-05T04:33:40.543+0000] {processor.py:830} INFO - Processing file /home/airflow/.local/lib/python3.12/site-packages/airflow/example_dags/example_branch_python_dop_operator_3.py for tasks to queue
[2026-05-05T04:33:40.549+0000] {logging_mixin.py:188} INFO - [2026-05-05T04:33:40.548+0000] {dagbag.py:545} INFO - Filling up the DagBag from /home/airflow/.local/lib/python3.12/site-packages/airflow/example_dags/example_branch_python_dop_operator_3.py
[2026-05-05T04:33:40.570+0000] {processor.py:840} INFO - DAG(s) 'example_branch_dop_operator_v3' retrieved from /home/airflow/.local/lib/python3.12/site-packages/airflow/example_dags/example_branch_python_dop_operator_3.py
[2026-05-05T04:33:40.605+0000] {logging_mixin.py:188} INFO - [2026-05-05T04:33:40.605+0000] {dag.py:3089} INFO - Sync 1 DAGs
[2026-05-05T04:33:40.649+0000] {logging_mixin.py:188} INFO - [2026-05-05T04:33:40.648+0000] {dag.py:3947} INFO - Setting next_dagrun for example_branch_dop_operator_v3 to 2026-05-05 04:32:00+00:00, run_after=2026-05-05 04:33:00+00:00
[2026-05-05T04:33:40.728+0000] {processor.py:183} INFO - Processing /home/airflow/.local/lib/python3.12/site-packages/airflow/example_dags/example_branch_python_dop_operator_3.py took 0.208 seconds
[2026-05-05T04:34:11.595+0000] {processor.py:161} INFO - Started process (PID=1382) to work on /home/airflow/.local/lib/python3.12/site-packages/airflow/example_dags/example_branch_python_dop_operator_3.py
[2026-05-05T04:34:11.599+0000] {processor.py:830} INFO - Processing file /home/airflow/.local/lib/python3.12/site-packages/airflow/example_dags/example_branch_python_dop_operator_3.py for tasks to queue
[2026-05-05T04:34:11.605+0000] {logging_mixin.py:188} INFO - [2026-05-05T04:34:11.604+0000] {dagbag.py:545} INFO - Filling up the DagBag from /home/airflow/.local/lib/python3.12/site-packages/airflow/example_dags/example_branch_python_dop_operator_3.py
[2026-05-05T04:34:11.625+0000] {processor.py:840} INFO - DAG(s) 'example_branch_dop_operator_v3' retrieved from /home/airflow/.local/lib/python3.12/site-packages/airflow/example_dags/example_branch_python_dop_operator_3.py
[2026-05-05T04:34:11.669+0000] {logging_mixin.py:188} INFO - [2026-05-05T04:34:11.669+0000] {dag.py:3089} INFO - Sync 1 DAGs
[2026-05-05T04:34:11.716+0000] {logging_mixin.py:188} INFO - [2026-05-05T04:34:11.716+0000] {dag.py:3947} INFO - Setting next_dagrun for example_branch_dop_operator_v3 to 2026-05-05 04:33:00+00:00, run_after=2026-05-05 04:34:00+00:00
[2026-05-05T04:34:11.806+0000] {processor.py:183} INFO - Processing /home/airflow/.local/lib/python3.12/site-packages/airflow/example_dags/example_branch_python_dop_operator_3.py took 0.228 seconds
[2026-05-05T04:34:42.817+0000] {processor.py:161} INFO - Started process (PID=1450) to work on /home/airflow/.local/lib/python3.12/site-packages/airflow/example_dags/example_branch_python_dop_operator_3.py
[2026-05-05T04:34:42.820+0000] {processor.py:830} INFO - Processing file /home/airflow/.local/lib/python3.12/site-packages/airflow/example_dags/example_branch_python_dop_operator_3.py for tasks to queue
[2026-05-05T04:34:42.825+0000] {logging_mixin.py:188} INFO - [2026-05-05T04:34:42.824+0000] {dagbag.py:545} INFO - Filling up the DagBag from /home/airflow/.local/lib/python3.12/site-packages/airflow/example_dags/example_branch_python_dop_operator_3.py
[2026-05-05T04:34:42.847+0000] {processor.py:840} INFO - DAG(s) 'example_branch_dop_operator_v3' retrieved from /home/airflow/.local/lib/python3.12/site-packages/airflow/example_dags/example_branch_python_dop_operator_3.py
[2026-05-05T04:34:42.885+0000] {logging_mixin.py:188} INFO - [2026-05-05T04:34:42.885+0000] {dag.py:3089} INFO - Sync 1 DAGs
[2026-05-05T04:34:42.931+0000] {logging_mixin.py:188} INFO - [2026-05-05T04:34:42.931+0000] {dag.py:3947} INFO - Setting next_dagrun for example_branch_dop_operator_v3 to 2026-05-05 04:33:00+00:00, run_after=2026-05-05 04:34:00+00:00
[2026-05-05T04:34:42.972+0000] {processor.py:183} INFO - Processing /home/airflow/.local/lib/python3.12/site-packages/airflow/example_dags/example_branch_python_dop_operator_3.py took 0.170 seconds
[2026-05-05T04:35:13.263+0000] {processor.py:161} INFO - Started process (PID=1517) to work on /home/airflow/.local/lib/python3.12/site-packages/airflow/example_dags/example_branch_python_dop_operator_3.py
[2026-05-05T04:35:13.265+0000] {processor.py:830} INFO - Processing file /home/airflow/.local/lib/python3.12/site-packages/airflow/example_dags/example_branch_python_dop_operator_3.py for tasks to queue
[2026-05-05T04:35:13.270+0000] {logging_mixin.py:188} INFO - [2026-05-05T04:35:13.269+0000] {dagbag.py:545} INFO - Filling up the DagBag from /home/airflow/.local/lib/python3.12/site-packages/airflow/example_dags/example_branch_python_dop_operator_3.py
[2026-05-05T04:35:13.293+0000] {processor.py:840} INFO - DAG(s) 'example_branch_dop_operator_v3' retrieved from /home/airflow/.local/lib/python3.12/site-packages/airflow/example_dags/example_branch_python_dop_operator_3.py
[2026-05-05T04:35:13.339+0000] {logging_mixin.py:188} INFO - [2026-05-05T04:35:13.338+0000] {dag.py:3089} INFO - Sync 1 DAGs
[2026-05-05T04:35:13.393+0000] {logging_mixin.py:188} INFO - [2026-05-05T04:35:13.393+0000] {dag.py:3947} INFO - Setting next_dagrun for example_branch_dop_operator_v3 to 2026-05-05 04:34:00+00:00, run_after=2026-05-05 04:35:00+00:00
[2026-05-05T04:35:13.456+0000] {processor.py:183} INFO - Processing /home/airflow/.local/lib/python3.12/site-packages/airflow/example_dags/example_branch_python_dop_operator_3.py took 0.204 seconds
[2026-05-05T04:35:44.983+0000] {processor.py:161} INFO - Started process (PID=1585) to work on /home/airflow/.local/lib/python3.12/site-packages/airflow/example_dags/example_branch_python_dop_operator_3.py
[2026-05-05T04:35:44.985+0000] {processor.py:830} INFO - Processing file /home/airflow/.local/lib/python3.12/site-packages/airflow/example_dags/example_branch_python_dop_operator_3.py for tasks to queue
[2026-05-05T04:35:44.989+0000] {logging_mixin.py:188} INFO - [2026-05-05T04:35:44.989+0000] {dagbag.py:545} INFO - Filling up the DagBag from /home/airflow/.local/lib/python3.12/site-packages/airflow/example_dags/example_branch_python_dop_operator_3.py
[2026-05-05T04:35:45.008+0000] {processor.py:840} INFO - DAG(s) 'example_branch_dop_operator_v3' retrieved from /home/airflow/.local/lib/python3.12/site-packages/airflow/example_dags/example_branch_python_dop_operator_3.py
[2026-05-05T04:35:45.039+0000] {logging_mixin.py:188} INFO - [2026-05-05T04:35:45.039+0000] {dag.py:3089} INFO - Sync 1 DAGs
[2026-05-05T04:35:45.078+0000] {logging_mixin.py:188} INFO - [2026-05-05T04:35:45.077+0000] {dag.py:3947} INFO - Setting next_dagrun for example_branch_dop_operator_v3 to 2026-05-05 04:34:00+00:00, run_after=2026-05-05 04:35:00+00:00
[2026-05-05T04:35:45.114+0000] {processor.py:183} INFO - Processing /home/airflow/.local/lib/python3.12/site-packages/airflow/example_dags/example_branch_python_dop_operator_3.py took 0.141 seconds
[2026-05-05T04:36:15.990+0000] {processor.py:161} INFO - Started process (PID=1659) to work on /home/airflow/.local/lib/python3.12/site-packages/airflow/example_dags/example_branch_python_dop_operator_3.py
[2026-05-05T04:36:15.993+0000] {processor.py:830} INFO - Processing file /home/airflow/.local/lib/python3.12/site-packages/airflow/example_dags/example_branch_python_dop_operator_3.py for tasks to queue
[2026-05-05T04:36:15.998+0000] {logging_mixin.py:188} INFO - [2026-05-05T04:36:15.998+0000] {dagbag.py:545} INFO - Filling up the DagBag from /home/airflow/.local/lib/python3.12/site-packages/airflow/example_dags/example_branch_python_dop_operator_3.py
[2026-05-05T04:36:16.023+0000] {processor.py:840} INFO - DAG(s) 'example_branch_dop_operator_v3' retrieved from /home/airflow/.local/lib/python3.12/site-packages/airflow/example_dags/example_branch_python_dop_operator_3.py
[2026-05-05T04:36:16.069+0000] {logging_mixin.py:188} INFO - [2026-05-05T04:36:16.068+0000] {dag.py:3089} INFO - Sync 1 DAGs
[2026-05-05T04:36:16.115+0000] {logging_mixin.py:188} INFO - [2026-05-05T04:36:16.115+0000] {dag.py:3947} INFO - Setting next_dagrun for example_branch_dop_operator_v3 to 2026-05-05 04:35:00+00:00, run_after=2026-05-05 04:36:00+00:00
[2026-05-05T04:36:16.180+0000] {processor.py:183} INFO - Processing /home/airflow/.local/lib/python3.12/site-packages/airflow/example_dags/example_branch_python_dop_operator_3.py took 0.205 seconds
[2026-05-05T04:36:46.286+0000] {processor.py:161} INFO - Started process (PID=1727) to work on /home/airflow/.local/lib/python3.12/site-packages/airflow/example_dags/example_branch_python_dop_operator_3.py
[2026-05-05T04:36:46.288+0000] {processor.py:830} INFO - Processing file /home/airflow/.local/lib/python3.12/site-packages/airflow/example_dags/example_branch_python_dop_operator_3.py for tasks to queue
[2026-05-05T04:36:46.292+0000] {logging_mixin.py:188} INFO - [2026-05-05T04:36:46.291+0000] {dagbag.py:545} INFO - Filling up the DagBag from /home/airflow/.local/lib/python3.12/site-packages/airflow/example_dags/example_branch_python_dop_operator_3.py
[2026-05-05T04:36:46.306+0000] {processor.py:840} INFO - DAG(s) 'example_branch_dop_operator_v3' retrieved from /home/airflow/.local/lib/python3.12/site-packages/airflow/example_dags/example_branch_python_dop_operator_3.py
[2026-05-05T04:36:46.340+0000] {logging_mixin.py:188} INFO - [2026-05-05T04:36:46.340+0000] {dag.py:3089} INFO - Sync 1 DAGs
[2026-05-05T04:36:46.382+0000] {logging_mixin.py:188} INFO - [2026-05-05T04:36:46.381+0000] {dag.py:3947} INFO - Setting next_dagrun for example_branch_dop_operator_v3 to 2026-05-05 04:35:00+00:00, run_after=2026-05-05 04:36:00+00:00
[2026-05-05T04:36:46.454+0000] {processor.py:183} INFO - Processing /home/airflow/.local/lib/python3.12/site-packages/airflow/example_dags/example_branch_python_dop_operator_3.py took 0.177 seconds
[2026-05-05T04:37:16.912+0000] {processor.py:161} INFO - Started process (PID=1795) to work on /home/airflow/.local/lib/python3.12/site-packages/airflow/example_dags/example_branch_python_dop_operator_3.py
[2026-05-05T04:37:16.914+0000] {processor.py:830} INFO - Processing file /home/airflow/.local/lib/python3.12/site-packages/airflow/example_dags/example_branch_python_dop_operator_3.py for tasks to queue
[2026-05-05T04:37:16.918+0000] {logging_mixin.py:188} INFO - [2026-05-05T04:37:16.918+0000] {dagbag.py:545} INFO - Filling up the DagBag from /home/airflow/.local/lib/python3.12/site-packages/airflow/example_dags/example_branch_python_dop_operator_3.py
[2026-05-05T04:37:16.934+0000] {processor.py:840} INFO - DAG(s) 'example_branch_dop_operator_v3' retrieved from /home/airflow/.local/lib/python3.12/site-packages/airflow/example_dags/example_branch_python_dop_operator_3.py
[2026-05-05T04:37:16.968+0000] {logging_mixin.py:188} INFO - [2026-05-05T04:37:16.967+0000] {dag.py:3089} INFO - Sync 1 DAGs
[2026-05-05T04:37:17.007+0000] {logging_mixin.py:188} INFO - [2026-05-05T04:37:17.006+0000] {dag.py:3947} INFO - Setting next_dagrun for example_branch_dop_operator_v3 to 2026-05-05 04:36:00+00:00, run_after=2026-05-05 04:37:00+00:00
[2026-05-05T04:37:17.049+0000] {processor.py:183} INFO - Processing /home/airflow/.local/lib/python3.12/site-packages/airflow/example_dags/example_branch_python_dop_operator_3.py took 0.148 seconds
[2026-05-05T04:37:47.211+0000] {processor.py:161} INFO - Started process (PID=1863) to work on /home/airflow/.local/lib/python3.12/site-packages/airflow/example_dags/example_branch_python_dop_operator_3.py
[2026-05-05T04:37:47.213+0000] {processor.py:830} INFO - Processing file /home/airflow/.local/lib/python3.12/site-packages/airflow/example_dags/example_branch_python_dop_operator_3.py for tasks to queue
[2026-05-05T04:37:47.216+0000] {logging_mixin.py:188} INFO - [2026-05-05T04:37:47.215+0000] {dagbag.py:545} INFO - Filling up the DagBag from /home/airflow/.local/lib/python3.12/site-packages/airflow/example_dags/example_branch_python_dop_operator_3.py
[2026-05-05T04:37:47.233+0000] {processor.py:840} INFO - DAG(s) 'example_branch_dop_operator_v3' retrieved from /home/airflow/.local/lib/python3.12/site-packages/airflow/example_dags/example_branch_python_dop_operator_3.py
[2026-05-05T04:37:47.279+0000] {logging_mixin.py:188} INFO - [2026-05-05T04:37:47.279+0000] {dag.py:3089} INFO - Sync 1 DAGs
[2026-05-05T04:37:47.335+0000] {logging_mixin.py:188} INFO - [2026-05-05T04:37:47.334+0000] {dag.py:3947} INFO - Setting next_dagrun for example_branch_dop_operator_v3 to 2026-05-05 04:36:00+00:00, run_after=2026-05-05 04:37:00+00:00
[2026-05-05T04:37:47.383+0000] {processor.py:183} INFO - Processing /home/airflow/.local/lib/python3.12/site-packages/airflow/example_dags/example_branch_python_dop_operator_3.py took 0.184 seconds
[2026-05-05T04:38:18.143+0000] {processor.py:161} INFO - Started process (PID=1931) to work on /home/airflow/.local/lib/python3.12/site-packages/airflow/example_dags/example_branch_python_dop_operator_3.py
[2026-05-05T04:38:18.146+0000] {processor.py:830} INFO - Processing file /home/airflow/.local/lib/python3.12/site-packages/airflow/example_dags/example_branch_python_dop_operator_3.py for tasks to queue
[2026-05-05T04:38:18.150+0000] {logging_mixin.py:188} INFO - [2026-05-05T04:38:18.149+0000] {dagbag.py:545} INFO - Filling up the DagBag from /home/airflow/.local/lib/python3.12/site-packages/airflow/example_dags/example_branch_python_dop_operator_3.py
[2026-05-05T04:38:18.164+0000] {processor.py:840} INFO - DAG(s) 'example_branch_dop_operator_v3' retrieved from /home/airflow/.local/lib/python3.12/site-packages/airflow/example_dags/example_branch_python_dop_operator_3.py
[2026-05-05T04:38:18.206+0000] {logging_mixin.py:188} INFO - [2026-05-05T04:38:18.206+0000] {dag.py:3089} INFO - Sync 1 DAGs
[2026-05-05T04:38:18.252+0000] {logging_mixin.py:188} INFO - [2026-05-05T04:38:18.251+0000] {dag.py:3947} INFO - Setting next_dagrun for example_branch_dop_operator_v3 to 2026-05-05 04:37:00+00:00, run_after=2026-05-05 04:38:00+00:00
[2026-05-05T04:38:18.319+0000] {processor.py:183} INFO - Processing /home/airflow/.local/lib/python3.12/site-packages/airflow/example_dags/example_branch_python_dop_operator_3.py took 0.185 seconds
[2026-05-05T04:38:48.478+0000] {processor.py:161} INFO - Started process (PID=1999) to work on /home/airflow/.local/lib/python3.12/site-packages/airflow/example_dags/example_branch_python_dop_operator_3.py
[2026-05-05T04:38:48.482+0000] {processor.py:830} INFO - Processing file /home/airflow/.local/lib/python3.12/site-packages/airflow/example_dags/example_branch_python_dop_operator_3.py for tasks to queue
[2026-05-05T04:38:48.488+0000] {logging_mixin.py:188} INFO - [2026-05-05T04:38:48.488+0000] {dagbag.py:545} INFO - Filling up the DagBag from /home/airflow/.local/lib/python3.12/site-packages/airflow/example_dags/example_branch_python_dop_operator_3.py
[2026-05-05T04:38:48.501+0000] {processor.py:840} INFO - DAG(s) 'example_branch_dop_operator_v3' retrieved from /home/airflow/.local/lib/python3.12/site-packages/airflow/example_dags/example_branch_python_dop_operator_3.py
[2026-05-05T04:38:48.536+0000] {logging_mixin.py:188} INFO - [2026-05-05T04:38:48.536+0000] {dag.py:3089} INFO - Sync 1 DAGs
[2026-05-05T04:38:48.582+0000] {logging_mixin.py:188} INFO - [2026-05-05T04:38:48.581+0000] {dag.py:3947} INFO - Setting next_dagrun for example_branch_dop_operator_v3 to 2026-05-05 04:37:00+00:00, run_after=2026-05-05 04:38:00+00:00
[2026-05-05T04:38:48.640+0000] {processor.py:183} INFO - Processing /home/airflow/.local/lib/python3.12/site-packages/airflow/example_dags/example_branch_python_dop_operator_3.py took 0.175 seconds
[2026-05-05T04:39:19.413+0000] {processor.py:161} INFO - Started process (PID=2074) to work on /home/airflow/.local/lib/python3.12/site-packages/airflow/example_dags/example_branch_python_dop_operator_3.py
[2026-05-05T04:39:19.415+0000] {processor.py:830} INFO - Processing file /home/airflow/.local/lib/python3.12/site-packages/airflow/example_dags/example_branch_python_dop_operator_3.py for tasks to queue
[2026-05-05T04:39:19.419+0000] {logging_mixin.py:188} INFO - [2026-05-05T04:39:19.418+0000] {dagbag.py:545} INFO - Filling up the DagBag from /home/airflow/.local/lib/python3.12/site-packages/airflow/example_dags/example_branch_python_dop_operator_3.py
[2026-05-05T04:39:19.432+0000] {processor.py:840} INFO - DAG(s) 'example_branch_dop_operator_v3' retrieved from /home/airflow/.local/lib/python3.12/site-packages/airflow/example_dags/example_branch_python_dop_operator_3.py
[2026-05-05T04:39:19.465+0000] {logging_mixin.py:188} INFO - [2026-05-05T04:39:19.464+0000] {dag.py:3089} INFO - Sync 1 DAGs
[2026-05-05T04:39:19.501+0000] {logging_mixin.py:188} INFO - [2026-05-05T04:39:19.501+0000] {dag.py:3947} INFO - Setting next_dagrun for example_branch_dop_operator_v3 to 2026-05-05 04:38:00+00:00, run_after=2026-05-05 04:39:00+00:00
[2026-05-05T04:39:19.567+0000] {processor.py:183} INFO - Processing /home/airflow/.local/lib/python3.12/site-packages/airflow/example_dags/example_branch_python_dop_operator_3.py took 0.165 seconds
[2026-05-05T04:39:49.769+0000] {processor.py:161} INFO - Started process (PID=2142) to work on /home/airflow/.local/lib/python3.12/site-packages/airflow/example_dags/example_branch_python_dop_operator_3.py
[2026-05-05T04:39:49.772+0000] {processor.py:830} INFO - Processing file /home/airflow/.local/lib/python3.12/site-packages/airflow/example_dags/example_branch_python_dop_operator_3.py for tasks to queue
[2026-05-05T04:39:49.775+0000] {logging_mixin.py:188} INFO - [2026-05-05T04:39:49.775+0000] {dagbag.py:545} INFO - Filling up the DagBag from /home/airflow/.local/lib/python3.12/site-packages/airflow/example_dags/example_branch_python_dop_operator_3.py
[2026-05-05T04:39:49.789+0000] {processor.py:840} INFO - DAG(s) 'example_branch_dop_operator_v3' retrieved from /home/airflow/.local/lib/python3.12/site-packages/airflow/example_dags/example_branch_python_dop_operator_3.py
[2026-05-05T04:39:49.820+0000] {logging_mixin.py:188} INFO - [2026-05-05T04:39:49.820+0000] {dag.py:3089} INFO - Sync 1 DAGs
[2026-05-05T04:39:49.857+0000] {logging_mixin.py:188} INFO - [2026-05-05T04:39:49.856+0000] {dag.py:3947} INFO - Setting next_dagrun for example_branch_dop_operator_v3 to 2026-05-05 04:38:00+00:00, run_after=2026-05-05 04:39:00+00:00
[2026-05-05T04:39:49.898+0000] {processor.py:183} INFO - Processing /home/airflow/.local/lib/python3.12/site-packages/airflow/example_dags/example_branch_python_dop_operator_3.py took 0.139 seconds
[2026-05-05T04:40:20.003+0000] {processor.py:161} INFO - Started process (PID=2210) to work on /home/airflow/.local/lib/python3.12/site-packages/airflow/example_dags/example_branch_python_dop_operator_3.py
[2026-05-05T04:40:20.005+0000] {processor.py:830} INFO - Processing file /home/airflow/.local/lib/python3.12/site-packages/airflow/example_dags/example_branch_python_dop_operator_3.py for tasks to queue
[2026-05-05T04:40:20.008+0000] {logging_mixin.py:188} INFO - [2026-05-05T04:40:20.008+0000] {dagbag.py:545} INFO - Filling up the DagBag from /home/airflow/.local/lib/python3.12/site-packages/airflow/example_dags/example_branch_python_dop_operator_3.py
[2026-05-05T04:40:20.022+0000] {processor.py:840} INFO - DAG(s) 'example_branch_dop_operator_v3' retrieved from /home/airflow/.local/lib/python3.12/site-packages/airflow/example_dags/example_branch_python_dop_operator_3.py
[2026-05-05T04:40:20.056+0000] {logging_mixin.py:188} INFO - [2026-05-05T04:40:20.056+0000] {dag.py:3089} INFO - Sync 1 DAGs
[2026-05-05T04:40:20.095+0000] {logging_mixin.py:188} INFO - [2026-05-05T04:40:20.095+0000] {dag.py:3947} INFO - Setting next_dagrun for example_branch_dop_operator_v3 to 2026-05-05 04:39:00+00:00, run_after=2026-05-05 04:40:00+00:00
[2026-05-05T04:40:20.163+0000] {processor.py:183} INFO - Processing /home/airflow/.local/lib/python3.12/site-packages/airflow/example_dags/example_branch_python_dop_operator_3.py took 0.171 seconds
[2026-05-05T04:40:50.320+0000] {processor.py:161} INFO - Started process (PID=2277) to work on /home/airflow/.local/lib/python3.12/site-packages/airflow/example_dags/example_branch_python_dop_operator_3.py
[2026-05-05T04:40:50.322+0000] {processor.py:830} INFO - Processing file /home/airflow/.local/lib/python3.12/site-packages/airflow/example_dags/example_branch_python_dop_operator_3.py for tasks to queue
[2026-05-05T04:40:50.327+0000] {logging_mixin.py:188} INFO - [2026-05-05T04:40:50.326+0000] {dagbag.py:545} INFO - Filling up the DagBag from /home/airflow/.local/lib/python3.12/site-packages/airflow/example_dags/example_branch_python_dop_operator_3.py
[2026-05-05T04:40:50.341+0000] {processor.py:840} INFO - DAG(s) 'example_branch_dop_operator_v3' retrieved from /home/airflow/.local/lib/python3.12/site-packages/airflow/example_dags/example_branch_python_dop_operator_3.py
[2026-05-05T04:40:50.390+0000] {logging_mixin.py:188} INFO - [2026-05-05T04:40:50.389+0000] {dag.py:3089} INFO - Sync 1 DAGs
[2026-05-05T04:40:50.436+0000] {logging_mixin.py:188} INFO - [2026-05-05T04:40:50.436+0000] {dag.py:3947} INFO - Setting next_dagrun for example_branch_dop_operator_v3 to 2026-05-05 04:39:00+00:00, run_after=2026-05-05 04:40:00+00:00
[2026-05-05T04:40:50.510+0000] {processor.py:183} INFO - Processing /home/airflow/.local/lib/python3.12/site-packages/airflow/example_dags/example_branch_python_dop_operator_3.py took 0.201 seconds
[2026-05-05T04:41:21.348+0000] {processor.py:161} INFO - Started process (PID=2345) to work on /home/airflow/.local/lib/python3.12/site-packages/airflow/example_dags/example_branch_python_dop_operator_3.py
[2026-05-05T04:41:21.352+0000] {processor.py:830} INFO - Processing file /home/airflow/.local/lib/python3.12/site-packages/airflow/example_dags/example_branch_python_dop_operator_3.py for tasks to queue
[2026-05-05T04:41:21.358+0000] {logging_mixin.py:188} INFO - [2026-05-05T04:41:21.357+0000] {dagbag.py:545} INFO - Filling up the DagBag from /home/airflow/.local/lib/python3.12/site-packages/airflow/example_dags/example_branch_python_dop_operator_3.py
[2026-05-05T04:41:21.379+0000] {processor.py:840} INFO - DAG(s) 'example_branch_dop_operator_v3' retrieved from /home/airflow/.local/lib/python3.12/site-packages/airflow/example_dags/example_branch_python_dop_operator_3.py
[2026-05-05T04:41:21.429+0000] {logging_mixin.py:188} INFO - [2026-05-05T04:41:21.428+0000] {dag.py:3089} INFO - Sync 1 DAGs
[2026-05-05T04:41:21.482+0000] {logging_mixin.py:188} INFO - [2026-05-05T04:41:21.482+0000] {dag.py:3947} INFO - Setting next_dagrun for example_branch_dop_operator_v3 to 2026-05-05 04:40:00+00:00, run_after=2026-05-05 04:41:00+00:00
[2026-05-05T04:41:21.521+0000] {processor.py:183} INFO - Processing /home/airflow/.local/lib/python3.12/site-packages/airflow/example_dags/example_branch_python_dop_operator_3.py took 0.189 seconds
[2026-05-05T04:41:53.233+0000] {processor.py:161} INFO - Started process (PID=2413) to work on /home/airflow/.local/lib/python3.12/site-packages/airflow/example_dags/example_branch_python_dop_operator_3.py
[2026-05-05T04:41:53.235+0000] {processor.py:830} INFO - Processing file /home/airflow/.local/lib/python3.12/site-packages/airflow/example_dags/example_branch_python_dop_operator_3.py for tasks to queue
[2026-05-05T04:41:53.239+0000] {logging_mixin.py:188} INFO - [2026-05-05T04:41:53.238+0000] {dagbag.py:545} INFO - Filling up the DagBag from /home/airflow/.local/lib/python3.12/site-packages/airflow/example_dags/example_branch_python_dop_operator_3.py
[2026-05-05T04:41:53.253+0000] {processor.py:840} INFO - DAG(s) 'example_branch_dop_operator_v3' retrieved from /home/airflow/.local/lib/python3.12/site-packages/airflow/example_dags/example_branch_python_dop_operator_3.py
[2026-05-05T04:41:53.285+0000] {logging_mixin.py:188} INFO - [2026-05-05T04:41:53.285+0000] {dag.py:3089} INFO - Sync 1 DAGs
[2026-05-05T04:41:53.563+0000] {logging_mixin.py:188} INFO - [2026-05-05T04:41:53.563+0000] {dag.py:3947} INFO - Setting next_dagrun for example_branch_dop_operator_v3 to 2026-05-05 04:40:00+00:00, run_after=2026-05-05 04:41:00+00:00
[2026-05-05T04:41:53.601+0000] {processor.py:183} INFO - Processing /home/airflow/.local/lib/python3.12/site-packages/airflow/example_dags/example_branch_python_dop_operator_3.py took 0.380 seconds
[2026-05-05T04:42:23.655+0000] {processor.py:161} INFO - Started process (PID=2490) to work on /home/airflow/.local/lib/python3.12/site-packages/airflow/example_dags/example_branch_python_dop_operator_3.py
[2026-05-05T04:42:23.659+0000] {processor.py:830} INFO - Processing file /home/airflow/.local/lib/python3.12/site-packages/airflow/example_dags/example_branch_python_dop_operator_3.py for tasks to queue
[2026-05-05T04:42:23.663+0000] {logging_mixin.py:188} INFO - [2026-05-05T04:42:23.663+0000] {dagbag.py:545} INFO - Filling up the DagBag from /home/airflow/.local/lib/python3.12/site-packages/airflow/example_dags/example_branch_python_dop_operator_3.py
[2026-05-05T04:42:23.677+0000] {processor.py:840} INFO - DAG(s) 'example_branch_dop_operator_v3' retrieved from /home/airflow/.local/lib/python3.12/site-packages/airflow/example_dags/example_branch_python_dop_operator_3.py
[2026-05-05T04:42:23.713+0000] {logging_mixin.py:188} INFO - [2026-05-05T04:42:23.712+0000] {dag.py:3089} INFO - Sync 1 DAGs
[2026-05-05T04:42:23.756+0000] {logging_mixin.py:188} INFO - [2026-05-05T04:42:23.755+0000] {dag.py:3947} INFO - Setting next_dagrun for example_branch_dop_operator_v3 to 2026-05-05 04:41:00+00:00, run_after=2026-05-05 04:42:00+00:00
[2026-05-05T04:42:23.797+0000] {processor.py:183} INFO - Processing /home/airflow/.local/lib/python3.12/site-packages/airflow/example_dags/example_branch_python_dop_operator_3.py took 0.151 seconds
[2026-05-05T04:42:54.159+0000] {processor.py:161} INFO - Started process (PID=2558) to work on /home/airflow/.local/lib/python3.12/site-packages/airflow/example_dags/example_branch_python_dop_operator_3.py
[2026-05-05T04:42:54.160+0000] {processor.py:830} INFO - Processing file /home/airflow/.local/lib/python3.12/site-packages/airflow/example_dags/example_branch_python_dop_operator_3.py for tasks to queue
[2026-05-05T04:42:54.164+0000] {logging_mixin.py:188} INFO - [2026-05-05T04:42:54.163+0000] {dagbag.py:545} INFO - Filling up the DagBag from /home/airflow/.local/lib/python3.12/site-packages/airflow/example_dags/example_branch_python_dop_operator_3.py
[2026-05-05T04:42:54.177+0000] {processor.py:840} INFO - DAG(s) 'example_branch_dop_operator_v3' retrieved from /home/airflow/.local/lib/python3.12/site-packages/airflow/example_dags/example_branch_python_dop_operator_3.py
[2026-05-05T04:42:54.217+0000] {logging_mixin.py:188} INFO - [2026-05-05T04:42:54.216+0000] {dag.py:3089} INFO - Sync 1 DAGs
[2026-05-05T04:42:54.257+0000] {logging_mixin.py:188} INFO - [2026-05-05T04:42:54.257+0000] {dag.py:3947} INFO - Setting next_dagrun for example_branch_dop_operator_v3 to 2026-05-05 04:41:00+00:00, run_after=2026-05-05 04:42:00+00:00
[2026-05-05T04:42:54.293+0000] {processor.py:183} INFO - Processing /home/airflow/.local/lib/python3.12/site-packages/airflow/example_dags/example_branch_python_dop_operator_3.py took 0.143 seconds
[2026-05-05T04:43:24.695+0000] {processor.py:161} INFO - Started process (PID=2625) to work on /home/airflow/.local/lib/python3.12/site-packages/airflow/example_dags/example_branch_python_dop_operator_3.py
[2026-05-05T04:43:24.697+0000] {processor.py:830} INFO - Processing file /home/airflow/.local/lib/python3.12/site-packages/airflow/example_dags/example_branch_python_dop_operator_3.py for tasks to queue
[2026-05-05T04:43:24.701+0000] {logging_mixin.py:188} INFO - [2026-05-05T04:43:24.701+0000] {dagbag.py:545} INFO - Filling up the DagBag from /home/airflow/.local/lib/python3.12/site-packages/airflow/example_dags/example_branch_python_dop_operator_3.py
[2026-05-05T04:43:24.717+0000] {processor.py:840} INFO - DAG(s) 'example_branch_dop_operator_v3' retrieved from /home/airflow/.local/lib/python3.12/site-packages/airflow/example_dags/example_branch_python_dop_operator_3.py
[2026-05-05T04:43:24.751+0000] {logging_mixin.py:188} INFO - [2026-05-05T04:43:24.751+0000] {dag.py:3089} INFO - Sync 1 DAGs
[2026-05-05T04:43:24.796+0000] {logging_mixin.py:188} INFO - [2026-05-05T04:43:24.796+0000] {dag.py:3947} INFO - Setting next_dagrun for example_branch_dop_operator_v3 to 2026-05-05 04:42:00+00:00, run_after=2026-05-05 04:43:00+00:00
[2026-05-05T04:43:24.837+0000] {processor.py:183} INFO - Processing /home/airflow/.local/lib/python3.12/site-packages/airflow/example_dags/example_branch_python_dop_operator_3.py took 0.155 seconds
[2026-05-05T04:43:55.381+0000] {processor.py:161} INFO - Started process (PID=2693) to work on /home/airflow/.local/lib/python3.12/site-packages/airflow/example_dags/example_branch_python_dop_operator_3.py
[2026-05-05T04:43:55.383+0000] {processor.py:830} INFO - Processing file /home/airflow/.local/lib/python3.12/site-packages/airflow/example_dags/example_branch_python_dop_operator_3.py for tasks to queue
[2026-05-05T04:43:55.387+0000] {logging_mixin.py:188} INFO - [2026-05-05T04:43:55.386+0000] {dagbag.py:545} INFO - Filling up the DagBag from /home/airflow/.local/lib/python3.12/site-packages/airflow/example_dags/example_branch_python_dop_operator_3.py
[2026-05-05T04:43:55.401+0000] {processor.py:840} INFO - DAG(s) 'example_branch_dop_operator_v3' retrieved from /home/airflow/.local/lib/python3.12/site-packages/airflow/example_dags/example_branch_python_dop_operator_3.py
[2026-05-05T04:43:55.438+0000] {logging_mixin.py:188} INFO - [2026-05-05T04:43:55.438+0000] {dag.py:3089} INFO - Sync 1 DAGs
[2026-05-05T04:43:55.481+0000] {logging_mixin.py:188} INFO - [2026-05-05T04:43:55.480+0000] {dag.py:3947} INFO - Setting next_dagrun for example_branch_dop_operator_v3 to 2026-05-05 04:42:00+00:00, run_after=2026-05-05 04:43:00+00:00
[2026-05-05T04:43:55.517+0000] {processor.py:183} INFO - Processing /home/airflow/.local/lib/python3.12/site-packages/airflow/example_dags/example_branch_python_dop_operator_3.py took 0.145 seconds
[2026-05-05T04:44:25.662+0000] {processor.py:161} INFO - Started process (PID=2762) to work on /home/airflow/.local/lib/python3.12/site-packages/airflow/example_dags/example_branch_python_dop_operator_3.py
[2026-05-05T04:44:25.664+0000] {processor.py:830} INFO - Processing file /home/airflow/.local/lib/python3.12/site-packages/airflow/example_dags/example_branch_python_dop_operator_3.py for tasks to queue
[2026-05-05T04:44:25.669+0000] {logging_mixin.py:188} INFO - [2026-05-05T04:44:25.668+0000] {dagbag.py:545} INFO - Filling up the DagBag from /home/airflow/.local/lib/python3.12/site-packages/airflow/example_dags/example_branch_python_dop_operator_3.py
[2026-05-05T04:44:25.683+0000] {processor.py:840} INFO - DAG(s) 'example_branch_dop_operator_v3' retrieved from /home/airflow/.local/lib/python3.12/site-packages/airflow/example_dags/example_branch_python_dop_operator_3.py
[2026-05-05T04:44:25.719+0000] {logging_mixin.py:188} INFO - [2026-05-05T04:44:25.719+0000] {dag.py:3089} INFO - Sync 1 DAGs
[2026-05-05T04:44:25.758+0000] {logging_mixin.py:188} INFO - [2026-05-05T04:44:25.758+0000] {dag.py:3947} INFO - Setting next_dagrun for example_branch_dop_operator_v3 to 2026-05-05 04:43:00+00:00, run_after=2026-05-05 04:44:00+00:00
[2026-05-05T04:44:25.794+0000] {processor.py:183} INFO - Processing /home/airflow/.local/lib/python3.12/site-packages/airflow/example_dags/example_branch_python_dop_operator_3.py took 0.143 seconds
[2026-05-05T04:44:58.211+0000] {processor.py:161} INFO - Started process (PID=2830) to work on /home/airflow/.local/lib/python3.12/site-packages/airflow/example_dags/example_branch_python_dop_operator_3.py
[2026-05-05T04:44:58.214+0000] {processor.py:830} INFO - Processing file /home/airflow/.local/lib/python3.12/site-packages/airflow/example_dags/example_branch_python_dop_operator_3.py for tasks to queue
[2026-05-05T04:44:58.218+0000] {logging_mixin.py:188} INFO - [2026-05-05T04:44:58.217+0000] {dagbag.py:545} INFO - Filling up the DagBag from /home/airflow/.local/lib/python3.12/site-packages/airflow/example_dags/example_branch_python_dop_operator_3.py
[2026-05-05T04:44:58.233+0000] {processor.py:840} INFO - DAG(s) 'example_branch_dop_operator_v3' retrieved from /home/airflow/.local/lib/python3.12/site-packages/airflow/example_dags/example_branch_python_dop_operator_3.py
[2026-05-05T04:44:58.265+0000] {logging_mixin.py:188} INFO - [2026-05-05T04:44:58.264+0000] {dag.py:3089} INFO - Sync 1 DAGs
[2026-05-05T04:44:58.308+0000] {logging_mixin.py:188} INFO - [2026-05-05T04:44:58.307+0000] {dag.py:3947} INFO - Setting next_dagrun for example_branch_dop_operator_v3 to 2026-05-05 04:43:00+00:00, run_after=2026-05-05 04:44:00+00:00
[2026-05-05T04:44:58.376+0000] {processor.py:183} INFO - Processing /home/airflow/.local/lib/python3.12/site-packages/airflow/example_dags/example_branch_python_dop_operator_3.py took 0.174 seconds
[2026-05-05T04:45:28.706+0000] {processor.py:161} INFO - Started process (PID=2898) to work on /home/airflow/.local/lib/python3.12/site-packages/airflow/example_dags/example_branch_python_dop_operator_3.py
[2026-05-05T04:45:28.708+0000] {processor.py:830} INFO - Processing file /home/airflow/.local/lib/python3.12/site-packages/airflow/example_dags/example_branch_python_dop_operator_3.py for tasks to queue
[2026-05-05T04:45:28.711+0000] {logging_mixin.py:188} INFO - [2026-05-05T04:45:28.710+0000] {dagbag.py:545} INFO - Filling up the DagBag from /home/airflow/.local/lib/python3.12/site-packages/airflow/example_dags/example_branch_python_dop_operator_3.py
[2026-05-05T04:45:28.726+0000] {processor.py:840} INFO - DAG(s) 'example_branch_dop_operator_v3' retrieved from /home/airflow/.local/lib/python3.12/site-packages/airflow/example_dags/example_branch_python_dop_operator_3.py
[2026-05-05T04:45:28.760+0000] {logging_mixin.py:188} INFO - [2026-05-05T04:45:28.759+0000] {dag.py:3089} INFO - Sync 1 DAGs
[2026-05-05T04:45:28.800+0000] {logging_mixin.py:188} INFO - [2026-05-05T04:45:28.800+0000] {dag.py:3947} INFO - Setting next_dagrun for example_branch_dop_operator_v3 to 2026-05-05 04:44:00+00:00, run_after=2026-05-05 04:45:00+00:00
[2026-05-05T04:45:28.970+0000] {processor.py:183} INFO - Processing /home/airflow/.local/lib/python3.12/site-packages/airflow/example_dags/example_branch_python_dop_operator_3.py took 0.274 seconds
[2026-05-05T04:45:59.388+0000] {processor.py:161} INFO - Started process (PID=2966) to work on /home/airflow/.local/lib/python3.12/site-packages/airflow/example_dags/example_branch_python_dop_operator_3.py
[2026-05-05T04:45:59.391+0000] {processor.py:830} INFO - Processing file /home/airflow/.local/lib/python3.12/site-packages/airflow/example_dags/example_branch_python_dop_operator_3.py for tasks to queue
[2026-05-05T04:45:59.396+0000] {logging_mixin.py:188} INFO - [2026-05-05T04:45:59.395+0000] {dagbag.py:545} INFO - Filling up the DagBag from /home/airflow/.local/lib/python3.12/site-packages/airflow/example_dags/example_branch_python_dop_operator_3.py
[2026-05-05T04:45:59.412+0000] {processor.py:840} INFO - DAG(s) 'example_branch_dop_operator_v3' retrieved from /home/airflow/.local/lib/python3.12/site-packages/airflow/example_dags/example_branch_python_dop_operator_3.py
[2026-05-05T04:45:59.446+0000] {logging_mixin.py:188} INFO - [2026-05-05T04:45:59.445+0000] {dag.py:3089} INFO - Sync 1 DAGs
[2026-05-05T04:45:59.497+0000] {logging_mixin.py:188} INFO - [2026-05-05T04:45:59.496+0000] {dag.py:3947} INFO - Setting next_dagrun for example_branch_dop_operator_v3 to 2026-05-05 04:44:00+00:00, run_after=2026-05-05 04:45:00+00:00
[2026-05-05T04:45:59.531+0000] {processor.py:183} INFO - Processing /home/airflow/.local/lib/python3.12/site-packages/airflow/example_dags/example_branch_python_dop_operator_3.py took 0.154 seconds
[2026-05-05T04:46:29.674+0000] {processor.py:161} INFO - Started process (PID=3041) to work on /home/airflow/.local/lib/python3.12/site-packages/airflow/example_dags/example_branch_python_dop_operator_3.py
[2026-05-05T04:46:29.678+0000] {processor.py:830} INFO - Processing file /home/airflow/.local/lib/python3.12/site-packages/airflow/example_dags/example_branch_python_dop_operator_3.py for tasks to queue
[2026-05-05T04:46:29.685+0000] {logging_mixin.py:188} INFO - [2026-05-05T04:46:29.684+0000] {dagbag.py:545} INFO - Filling up the DagBag from /home/airflow/.local/lib/python3.12/site-packages/airflow/example_dags/example_branch_python_dop_operator_3.py
[2026-05-05T04:46:29.700+0000] {processor.py:840} INFO - DAG(s) 'example_branch_dop_operator_v3' retrieved from /home/airflow/.local/lib/python3.12/site-packages/airflow/example_dags/example_branch_python_dop_operator_3.py
[2026-05-05T04:46:29.739+0000] {logging_mixin.py:188} INFO - [2026-05-05T04:46:29.738+0000] {dag.py:3089} INFO - Sync 1 DAGs
[2026-05-05T04:46:29.785+0000] {logging_mixin.py:188} INFO - [2026-05-05T04:46:29.785+0000] {dag.py:3947} INFO - Setting next_dagrun for example_branch_dop_operator_v3 to 2026-05-05 04:45:00+00:00, run_after=2026-05-05 04:46:00+00:00
[2026-05-05T04:46:29.846+0000] {processor.py:183} INFO - Processing /home/airflow/.local/lib/python3.12/site-packages/airflow/example_dags/example_branch_python_dop_operator_3.py took 0.185 seconds
[2026-05-05T04:47:00.438+0000] {processor.py:161} INFO - Started process (PID=3109) to work on /home/airflow/.local/lib/python3.12/site-packages/airflow/example_dags/example_branch_python_dop_operator_3.py
[2026-05-05T04:47:00.440+0000] {processor.py:830} INFO - Processing file /home/airflow/.local/lib/python3.12/site-packages/airflow/example_dags/example_branch_python_dop_operator_3.py for tasks to queue
[2026-05-05T04:47:00.443+0000] {logging_mixin.py:188} INFO - [2026-05-05T04:47:00.443+0000] {dagbag.py:545} INFO - Filling up the DagBag from /home/airflow/.local/lib/python3.12/site-packages/airflow/example_dags/example_branch_python_dop_operator_3.py
[2026-05-05T04:47:00.460+0000] {processor.py:840} INFO - DAG(s) 'example_branch_dop_operator_v3' retrieved from /home/airflow/.local/lib/python3.12/site-packages/airflow/example_dags/example_branch_python_dop_operator_3.py
[2026-05-05T04:47:00.499+0000] {logging_mixin.py:188} INFO - [2026-05-05T04:47:00.498+0000] {dag.py:3089} INFO - Sync 1 DAGs
[2026-05-05T04:47:00.543+0000] {logging_mixin.py:188} INFO - [2026-05-05T04:47:00.543+0000] {dag.py:3947} INFO - Setting next_dagrun for example_branch_dop_operator_v3 to 2026-05-05 04:46:00+00:00, run_after=2026-05-05 04:47:00+00:00
[2026-05-05T04:47:00.618+0000] {processor.py:183} INFO - Processing /home/airflow/.local/lib/python3.12/site-packages/airflow/example_dags/example_branch_python_dop_operator_3.py took 0.194 seconds
