[2026-05-05T04:12:51.787+0000] {processor.py:161} INFO - Started process (PID=56) to work on /home/airflow/.local/lib/python3.12/site-packages/airflow/example_dags/example_display_name.py
[2026-05-05T04:12:51.789+0000] {processor.py:830} INFO - Processing file /home/airflow/.local/lib/python3.12/site-packages/airflow/example_dags/example_display_name.py for tasks to queue
[2026-05-05T04:12:51.793+0000] {logging_mixin.py:188} INFO - [2026-05-05T04:12:51.793+0000] {dagbag.py:545} INFO - Filling up the DagBag from /home/airflow/.local/lib/python3.12/site-packages/airflow/example_dags/example_display_name.py
[2026-05-05T04:12:51.802+0000] {processor.py:840} INFO - DAG(s) 'example_display_name' retrieved from /home/airflow/.local/lib/python3.12/site-packages/airflow/example_dags/example_display_name.py
[2026-05-05T04:12:51.842+0000] {logging_mixin.py:188} INFO - [2026-05-05T04:12:51.841+0000] {dag.py:3089} INFO - Sync 1 DAGs
[2026-05-05T04:12:51.863+0000] {logging_mixin.py:188} INFO - [2026-05-05T04:12:51.863+0000] {dag.py:3947} INFO - Setting next_dagrun for example_display_name to None, run_after=None
[2026-05-05T04:12:51.896+0000] {processor.py:183} INFO - Processing /home/airflow/.local/lib/python3.12/site-packages/airflow/example_dags/example_display_name.py took 0.118 seconds
[2026-05-05T04:13:22.853+0000] {processor.py:161} INFO - Started process (PID=125) to work on /home/airflow/.local/lib/python3.12/site-packages/airflow/example_dags/example_display_name.py
[2026-05-05T04:13:22.857+0000] {processor.py:830} INFO - Processing file /home/airflow/.local/lib/python3.12/site-packages/airflow/example_dags/example_display_name.py for tasks to queue
[2026-05-05T04:13:22.860+0000] {logging_mixin.py:188} INFO - [2026-05-05T04:13:22.859+0000] {dagbag.py:545} INFO - Filling up the DagBag from /home/airflow/.local/lib/python3.12/site-packages/airflow/example_dags/example_display_name.py
[2026-05-05T04:13:22.872+0000] {processor.py:840} INFO - DAG(s) 'example_display_name' retrieved from /home/airflow/.local/lib/python3.12/site-packages/airflow/example_dags/example_display_name.py
[2026-05-05T04:13:22.893+0000] {logging_mixin.py:188} INFO - [2026-05-05T04:13:22.893+0000] {dag.py:3089} INFO - Sync 1 DAGs
[2026-05-05T04:13:22.921+0000] {logging_mixin.py:188} INFO - [2026-05-05T04:13:22.920+0000] {dag.py:3947} INFO - Setting next_dagrun for example_display_name to None, run_after=None
[2026-05-05T04:13:22.991+0000] {processor.py:183} INFO - Processing /home/airflow/.local/lib/python3.12/site-packages/airflow/example_dags/example_display_name.py took 0.147 seconds
[2026-05-05T04:13:54.367+0000] {processor.py:161} INFO - Started process (PID=199) to work on /home/airflow/.local/lib/python3.12/site-packages/airflow/example_dags/example_display_name.py
[2026-05-05T04:13:54.369+0000] {processor.py:830} INFO - Processing file /home/airflow/.local/lib/python3.12/site-packages/airflow/example_dags/example_display_name.py for tasks to queue
[2026-05-05T04:13:54.373+0000] {logging_mixin.py:188} INFO - [2026-05-05T04:13:54.372+0000] {dagbag.py:545} INFO - Filling up the DagBag from /home/airflow/.local/lib/python3.12/site-packages/airflow/example_dags/example_display_name.py
[2026-05-05T04:13:54.384+0000] {processor.py:840} INFO - DAG(s) 'example_display_name' retrieved from /home/airflow/.local/lib/python3.12/site-packages/airflow/example_dags/example_display_name.py
[2026-05-05T04:13:54.524+0000] {logging_mixin.py:188} INFO - [2026-05-05T04:13:54.523+0000] {dag.py:3089} INFO - Sync 1 DAGs
[2026-05-05T04:13:54.541+0000] {logging_mixin.py:188} INFO - [2026-05-05T04:13:54.541+0000] {dag.py:3947} INFO - Setting next_dagrun for example_display_name to None, run_after=None
[2026-05-05T04:13:54.575+0000] {processor.py:183} INFO - Processing /home/airflow/.local/lib/python3.12/site-packages/airflow/example_dags/example_display_name.py took 0.216 seconds
[2026-05-05T04:14:24.848+0000] {processor.py:161} INFO - Started process (PID=268) to work on /home/airflow/.local/lib/python3.12/site-packages/airflow/example_dags/example_display_name.py
[2026-05-05T04:14:24.851+0000] {processor.py:830} INFO - Processing file /home/airflow/.local/lib/python3.12/site-packages/airflow/example_dags/example_display_name.py for tasks to queue
[2026-05-05T04:14:24.857+0000] {logging_mixin.py:188} INFO - [2026-05-05T04:14:24.856+0000] {dagbag.py:545} INFO - Filling up the DagBag from /home/airflow/.local/lib/python3.12/site-packages/airflow/example_dags/example_display_name.py
[2026-05-05T04:14:24.872+0000] {processor.py:840} INFO - DAG(s) 'example_display_name' retrieved from /home/airflow/.local/lib/python3.12/site-packages/airflow/example_dags/example_display_name.py
[2026-05-05T04:14:24.923+0000] {logging_mixin.py:188} INFO - [2026-05-05T04:14:24.922+0000] {dag.py:3089} INFO - Sync 1 DAGs
[2026-05-05T04:14:24.949+0000] {logging_mixin.py:188} INFO - [2026-05-05T04:14:24.948+0000] {dag.py:3947} INFO - Setting next_dagrun for example_display_name to None, run_after=None
[2026-05-05T04:14:25.027+0000] {processor.py:183} INFO - Processing /home/airflow/.local/lib/python3.12/site-packages/airflow/example_dags/example_display_name.py took 0.195 seconds
[2026-05-05T04:14:55.661+0000] {processor.py:161} INFO - Started process (PID=336) to work on /home/airflow/.local/lib/python3.12/site-packages/airflow/example_dags/example_display_name.py
[2026-05-05T04:14:55.663+0000] {processor.py:830} INFO - Processing file /home/airflow/.local/lib/python3.12/site-packages/airflow/example_dags/example_display_name.py for tasks to queue
[2026-05-05T04:14:55.667+0000] {logging_mixin.py:188} INFO - [2026-05-05T04:14:55.667+0000] {dagbag.py:545} INFO - Filling up the DagBag from /home/airflow/.local/lib/python3.12/site-packages/airflow/example_dags/example_display_name.py
[2026-05-05T04:14:55.680+0000] {processor.py:840} INFO - DAG(s) 'example_display_name' retrieved from /home/airflow/.local/lib/python3.12/site-packages/airflow/example_dags/example_display_name.py
[2026-05-05T04:14:55.717+0000] {logging_mixin.py:188} INFO - [2026-05-05T04:14:55.716+0000] {dag.py:3089} INFO - Sync 1 DAGs
[2026-05-05T04:14:55.749+0000] {logging_mixin.py:188} INFO - [2026-05-05T04:14:55.749+0000] {dag.py:3947} INFO - Setting next_dagrun for example_display_name to None, run_after=None
[2026-05-05T04:14:55.814+0000] {processor.py:183} INFO - Processing /home/airflow/.local/lib/python3.12/site-packages/airflow/example_dags/example_display_name.py took 0.165 seconds
[2026-05-05T04:15:26.781+0000] {processor.py:161} INFO - Started process (PID=404) to work on /home/airflow/.local/lib/python3.12/site-packages/airflow/example_dags/example_display_name.py
[2026-05-05T04:15:26.783+0000] {processor.py:830} INFO - Processing file /home/airflow/.local/lib/python3.12/site-packages/airflow/example_dags/example_display_name.py for tasks to queue
[2026-05-05T04:15:26.787+0000] {logging_mixin.py:188} INFO - [2026-05-05T04:15:26.786+0000] {dagbag.py:545} INFO - Filling up the DagBag from /home/airflow/.local/lib/python3.12/site-packages/airflow/example_dags/example_display_name.py
[2026-05-05T04:15:26.799+0000] {processor.py:840} INFO - DAG(s) 'example_display_name' retrieved from /home/airflow/.local/lib/python3.12/site-packages/airflow/example_dags/example_display_name.py
[2026-05-05T04:15:26.835+0000] {logging_mixin.py:188} INFO - [2026-05-05T04:15:26.835+0000] {dag.py:3089} INFO - Sync 1 DAGs
[2026-05-05T04:15:26.857+0000] {logging_mixin.py:188} INFO - [2026-05-05T04:15:26.857+0000] {dag.py:3947} INFO - Setting next_dagrun for example_display_name to None, run_after=None
[2026-05-05T04:15:26.893+0000] {processor.py:183} INFO - Processing /home/airflow/.local/lib/python3.12/site-packages/airflow/example_dags/example_display_name.py took 0.124 seconds
[2026-05-05T04:15:57.606+0000] {processor.py:161} INFO - Started process (PID=472) to work on /home/airflow/.local/lib/python3.12/site-packages/airflow/example_dags/example_display_name.py
[2026-05-05T04:15:57.608+0000] {processor.py:830} INFO - Processing file /home/airflow/.local/lib/python3.12/site-packages/airflow/example_dags/example_display_name.py for tasks to queue
[2026-05-05T04:15:57.612+0000] {logging_mixin.py:188} INFO - [2026-05-05T04:15:57.611+0000] {dagbag.py:545} INFO - Filling up the DagBag from /home/airflow/.local/lib/python3.12/site-packages/airflow/example_dags/example_display_name.py
[2026-05-05T04:15:57.626+0000] {processor.py:840} INFO - DAG(s) 'example_display_name' retrieved from /home/airflow/.local/lib/python3.12/site-packages/airflow/example_dags/example_display_name.py
[2026-05-05T04:15:57.662+0000] {logging_mixin.py:188} INFO - [2026-05-05T04:15:57.661+0000] {dag.py:3089} INFO - Sync 1 DAGs
[2026-05-05T04:15:57.684+0000] {logging_mixin.py:188} INFO - [2026-05-05T04:15:57.684+0000] {dag.py:3947} INFO - Setting next_dagrun for example_display_name to None, run_after=None
[2026-05-05T04:15:57.716+0000] {processor.py:183} INFO - Processing /home/airflow/.local/lib/python3.12/site-packages/airflow/example_dags/example_display_name.py took 0.119 seconds
[2026-05-05T04:16:28.966+0000] {processor.py:161} INFO - Started process (PID=547) to work on /home/airflow/.local/lib/python3.12/site-packages/airflow/example_dags/example_display_name.py
[2026-05-05T04:16:28.970+0000] {processor.py:830} INFO - Processing file /home/airflow/.local/lib/python3.12/site-packages/airflow/example_dags/example_display_name.py for tasks to queue
[2026-05-05T04:16:28.973+0000] {logging_mixin.py:188} INFO - [2026-05-05T04:16:28.972+0000] {dagbag.py:545} INFO - Filling up the DagBag from /home/airflow/.local/lib/python3.12/site-packages/airflow/example_dags/example_display_name.py
[2026-05-05T04:16:28.983+0000] {processor.py:840} INFO - DAG(s) 'example_display_name' retrieved from /home/airflow/.local/lib/python3.12/site-packages/airflow/example_dags/example_display_name.py
[2026-05-05T04:16:29.023+0000] {logging_mixin.py:188} INFO - [2026-05-05T04:16:29.022+0000] {dag.py:3089} INFO - Sync 1 DAGs
[2026-05-05T04:16:29.048+0000] {logging_mixin.py:188} INFO - [2026-05-05T04:16:29.048+0000] {dag.py:3947} INFO - Setting next_dagrun for example_display_name to None, run_after=None
[2026-05-05T04:16:29.088+0000] {processor.py:183} INFO - Processing /home/airflow/.local/lib/python3.12/site-packages/airflow/example_dags/example_display_name.py took 0.130 seconds
[2026-05-05T04:16:59.155+0000] {processor.py:161} INFO - Started process (PID=616) to work on /home/airflow/.local/lib/python3.12/site-packages/airflow/example_dags/example_display_name.py
[2026-05-05T04:16:59.157+0000] {processor.py:830} INFO - Processing file /home/airflow/.local/lib/python3.12/site-packages/airflow/example_dags/example_display_name.py for tasks to queue
[2026-05-05T04:16:59.161+0000] {logging_mixin.py:188} INFO - [2026-05-05T04:16:59.160+0000] {dagbag.py:545} INFO - Filling up the DagBag from /home/airflow/.local/lib/python3.12/site-packages/airflow/example_dags/example_display_name.py
[2026-05-05T04:16:59.170+0000] {processor.py:840} INFO - DAG(s) 'example_display_name' retrieved from /home/airflow/.local/lib/python3.12/site-packages/airflow/example_dags/example_display_name.py
[2026-05-05T04:16:59.202+0000] {logging_mixin.py:188} INFO - [2026-05-05T04:16:59.202+0000] {dag.py:3089} INFO - Sync 1 DAGs
[2026-05-05T04:16:59.222+0000] {logging_mixin.py:188} INFO - [2026-05-05T04:16:59.221+0000] {dag.py:3947} INFO - Setting next_dagrun for example_display_name to None, run_after=None
[2026-05-05T04:16:59.255+0000] {processor.py:183} INFO - Processing /home/airflow/.local/lib/python3.12/site-packages/airflow/example_dags/example_display_name.py took 0.108 seconds
[2026-05-05T04:17:29.743+0000] {processor.py:161} INFO - Started process (PID=684) to work on /home/airflow/.local/lib/python3.12/site-packages/airflow/example_dags/example_display_name.py
[2026-05-05T04:17:29.746+0000] {processor.py:830} INFO - Processing file /home/airflow/.local/lib/python3.12/site-packages/airflow/example_dags/example_display_name.py for tasks to queue
[2026-05-05T04:17:29.751+0000] {logging_mixin.py:188} INFO - [2026-05-05T04:17:29.750+0000] {dagbag.py:545} INFO - Filling up the DagBag from /home/airflow/.local/lib/python3.12/site-packages/airflow/example_dags/example_display_name.py
[2026-05-05T04:17:29.765+0000] {processor.py:840} INFO - DAG(s) 'example_display_name' retrieved from /home/airflow/.local/lib/python3.12/site-packages/airflow/example_dags/example_display_name.py
[2026-05-05T04:17:29.805+0000] {logging_mixin.py:188} INFO - [2026-05-05T04:17:29.804+0000] {dag.py:3089} INFO - Sync 1 DAGs
[2026-05-05T04:17:29.823+0000] {logging_mixin.py:188} INFO - [2026-05-05T04:17:29.823+0000] {dag.py:3947} INFO - Setting next_dagrun for example_display_name to None, run_after=None
[2026-05-05T04:17:29.884+0000] {processor.py:183} INFO - Processing /home/airflow/.local/lib/python3.12/site-packages/airflow/example_dags/example_display_name.py took 0.155 seconds
[2026-05-05T04:18:00.009+0000] {processor.py:161} INFO - Started process (PID=752) to work on /home/airflow/.local/lib/python3.12/site-packages/airflow/example_dags/example_display_name.py
[2026-05-05T04:18:00.011+0000] {processor.py:830} INFO - Processing file /home/airflow/.local/lib/python3.12/site-packages/airflow/example_dags/example_display_name.py for tasks to queue
[2026-05-05T04:18:00.015+0000] {logging_mixin.py:188} INFO - [2026-05-05T04:18:00.014+0000] {dagbag.py:545} INFO - Filling up the DagBag from /home/airflow/.local/lib/python3.12/site-packages/airflow/example_dags/example_display_name.py
[2026-05-05T04:18:00.026+0000] {processor.py:840} INFO - DAG(s) 'example_display_name' retrieved from /home/airflow/.local/lib/python3.12/site-packages/airflow/example_dags/example_display_name.py
[2026-05-05T04:18:00.062+0000] {logging_mixin.py:188} INFO - [2026-05-05T04:18:00.062+0000] {dag.py:3089} INFO - Sync 1 DAGs
[2026-05-05T04:18:00.086+0000] {logging_mixin.py:188} INFO - [2026-05-05T04:18:00.086+0000] {dag.py:3947} INFO - Setting next_dagrun for example_display_name to None, run_after=None
[2026-05-05T04:18:00.126+0000] {processor.py:183} INFO - Processing /home/airflow/.local/lib/python3.12/site-packages/airflow/example_dags/example_display_name.py took 0.127 seconds
[2026-05-05T04:18:30.871+0000] {processor.py:161} INFO - Started process (PID=820) to work on /home/airflow/.local/lib/python3.12/site-packages/airflow/example_dags/example_display_name.py
[2026-05-05T04:18:30.873+0000] {processor.py:830} INFO - Processing file /home/airflow/.local/lib/python3.12/site-packages/airflow/example_dags/example_display_name.py for tasks to queue
[2026-05-05T04:18:30.877+0000] {logging_mixin.py:188} INFO - [2026-05-05T04:18:30.876+0000] {dagbag.py:545} INFO - Filling up the DagBag from /home/airflow/.local/lib/python3.12/site-packages/airflow/example_dags/example_display_name.py
[2026-05-05T04:18:30.886+0000] {processor.py:840} INFO - DAG(s) 'example_display_name' retrieved from /home/airflow/.local/lib/python3.12/site-packages/airflow/example_dags/example_display_name.py
[2026-05-05T04:18:30.919+0000] {logging_mixin.py:188} INFO - [2026-05-05T04:18:30.919+0000] {dag.py:3089} INFO - Sync 1 DAGs
[2026-05-05T04:18:30.942+0000] {logging_mixin.py:188} INFO - [2026-05-05T04:18:30.941+0000] {dag.py:3947} INFO - Setting next_dagrun for example_display_name to None, run_after=None
[2026-05-05T04:18:31.001+0000] {processor.py:183} INFO - Processing /home/airflow/.local/lib/python3.12/site-packages/airflow/example_dags/example_display_name.py took 0.140 seconds
[2026-05-05T04:24:28.374+0000] {processor.py:161} INFO - Started process (PID=63) to work on /home/airflow/.local/lib/python3.12/site-packages/airflow/example_dags/example_display_name.py
[2026-05-05T04:24:28.376+0000] {processor.py:830} INFO - Processing file /home/airflow/.local/lib/python3.12/site-packages/airflow/example_dags/example_display_name.py for tasks to queue
[2026-05-05T04:24:28.380+0000] {logging_mixin.py:188} INFO - [2026-05-05T04:24:28.379+0000] {dagbag.py:545} INFO - Filling up the DagBag from /home/airflow/.local/lib/python3.12/site-packages/airflow/example_dags/example_display_name.py
[2026-05-05T04:24:28.393+0000] {processor.py:840} INFO - DAG(s) 'example_display_name' retrieved from /home/airflow/.local/lib/python3.12/site-packages/airflow/example_dags/example_display_name.py
[2026-05-05T04:24:28.559+0000] {logging_mixin.py:188} INFO - [2026-05-05T04:24:28.558+0000] {override.py:1858} INFO - Created Permission View: can edit on DAG:example_display_name
[2026-05-05T04:24:28.579+0000] {logging_mixin.py:188} INFO - [2026-05-05T04:24:28.578+0000] {override.py:1858} INFO - Created Permission View: can delete on DAG:example_display_name
[2026-05-05T04:24:28.593+0000] {logging_mixin.py:188} INFO - [2026-05-05T04:24:28.593+0000] {override.py:1858} INFO - Created Permission View: can read on DAG:example_display_name
[2026-05-05T04:24:28.595+0000] {logging_mixin.py:188} INFO - [2026-05-05T04:24:28.594+0000] {dag.py:3089} INFO - Sync 1 DAGs
[2026-05-05T04:24:28.612+0000] {logging_mixin.py:188} INFO - [2026-05-05T04:24:28.611+0000] {dag.py:3111} INFO - Creating ORM DAG for example_display_name
[2026-05-05T04:24:28.614+0000] {logging_mixin.py:188} INFO - [2026-05-05T04:24:28.613+0000] {dag.py:3947} INFO - Setting next_dagrun for example_display_name to None, run_after=None
[2026-05-05T04:24:28.644+0000] {processor.py:183} INFO - Processing /home/airflow/.local/lib/python3.12/site-packages/airflow/example_dags/example_display_name.py took 0.286 seconds
[2026-05-05T04:24:58.864+0000] {processor.py:161} INFO - Started process (PID=131) to work on /home/airflow/.local/lib/python3.12/site-packages/airflow/example_dags/example_display_name.py
[2026-05-05T04:24:58.866+0000] {processor.py:830} INFO - Processing file /home/airflow/.local/lib/python3.12/site-packages/airflow/example_dags/example_display_name.py for tasks to queue
[2026-05-05T04:24:58.869+0000] {logging_mixin.py:188} INFO - [2026-05-05T04:24:58.869+0000] {dagbag.py:545} INFO - Filling up the DagBag from /home/airflow/.local/lib/python3.12/site-packages/airflow/example_dags/example_display_name.py
[2026-05-05T04:24:58.879+0000] {processor.py:840} INFO - DAG(s) 'example_display_name' retrieved from /home/airflow/.local/lib/python3.12/site-packages/airflow/example_dags/example_display_name.py
[2026-05-05T04:24:58.915+0000] {logging_mixin.py:188} INFO - [2026-05-05T04:24:58.914+0000] {dag.py:3089} INFO - Sync 1 DAGs
[2026-05-05T04:24:58.937+0000] {logging_mixin.py:188} INFO - [2026-05-05T04:24:58.937+0000] {dag.py:3947} INFO - Setting next_dagrun for example_display_name to None, run_after=None
[2026-05-05T04:24:58.999+0000] {processor.py:183} INFO - Processing /home/airflow/.local/lib/python3.12/site-packages/airflow/example_dags/example_display_name.py took 0.146 seconds
[2026-05-05T04:25:29.357+0000] {processor.py:161} INFO - Started process (PID=200) to work on /home/airflow/.local/lib/python3.12/site-packages/airflow/example_dags/example_display_name.py
[2026-05-05T04:25:29.359+0000] {processor.py:830} INFO - Processing file /home/airflow/.local/lib/python3.12/site-packages/airflow/example_dags/example_display_name.py for tasks to queue
[2026-05-05T04:25:29.365+0000] {logging_mixin.py:188} INFO - [2026-05-05T04:25:29.364+0000] {dagbag.py:545} INFO - Filling up the DagBag from /home/airflow/.local/lib/python3.12/site-packages/airflow/example_dags/example_display_name.py
[2026-05-05T04:25:29.380+0000] {processor.py:840} INFO - DAG(s) 'example_display_name' retrieved from /home/airflow/.local/lib/python3.12/site-packages/airflow/example_dags/example_display_name.py
[2026-05-05T04:25:29.421+0000] {logging_mixin.py:188} INFO - [2026-05-05T04:25:29.421+0000] {dag.py:3089} INFO - Sync 1 DAGs
[2026-05-05T04:25:29.444+0000] {logging_mixin.py:188} INFO - [2026-05-05T04:25:29.443+0000] {dag.py:3947} INFO - Setting next_dagrun for example_display_name to None, run_after=None
[2026-05-05T04:25:29.484+0000] {processor.py:183} INFO - Processing /home/airflow/.local/lib/python3.12/site-packages/airflow/example_dags/example_display_name.py took 0.145 seconds
[2026-05-05T04:25:59.626+0000] {processor.py:161} INFO - Started process (PID=268) to work on /home/airflow/.local/lib/python3.12/site-packages/airflow/example_dags/example_display_name.py
[2026-05-05T04:25:59.628+0000] {processor.py:830} INFO - Processing file /home/airflow/.local/lib/python3.12/site-packages/airflow/example_dags/example_display_name.py for tasks to queue
[2026-05-05T04:25:59.632+0000] {logging_mixin.py:188} INFO - [2026-05-05T04:25:59.632+0000] {dagbag.py:545} INFO - Filling up the DagBag from /home/airflow/.local/lib/python3.12/site-packages/airflow/example_dags/example_display_name.py
[2026-05-05T04:25:59.642+0000] {processor.py:840} INFO - DAG(s) 'example_display_name' retrieved from /home/airflow/.local/lib/python3.12/site-packages/airflow/example_dags/example_display_name.py
[2026-05-05T04:25:59.675+0000] {logging_mixin.py:188} INFO - [2026-05-05T04:25:59.675+0000] {dag.py:3089} INFO - Sync 1 DAGs
[2026-05-05T04:25:59.694+0000] {logging_mixin.py:188} INFO - [2026-05-05T04:25:59.693+0000] {dag.py:3947} INFO - Setting next_dagrun for example_display_name to None, run_after=None
[2026-05-05T04:25:59.732+0000] {processor.py:183} INFO - Processing /home/airflow/.local/lib/python3.12/site-packages/airflow/example_dags/example_display_name.py took 0.117 seconds
[2026-05-05T04:26:30.169+0000] {processor.py:161} INFO - Started process (PID=336) to work on /home/airflow/.local/lib/python3.12/site-packages/airflow/example_dags/example_display_name.py
[2026-05-05T04:26:30.172+0000] {processor.py:830} INFO - Processing file /home/airflow/.local/lib/python3.12/site-packages/airflow/example_dags/example_display_name.py for tasks to queue
[2026-05-05T04:26:30.176+0000] {logging_mixin.py:188} INFO - [2026-05-05T04:26:30.176+0000] {dagbag.py:545} INFO - Filling up the DagBag from /home/airflow/.local/lib/python3.12/site-packages/airflow/example_dags/example_display_name.py
[2026-05-05T04:26:30.188+0000] {processor.py:840} INFO - DAG(s) 'example_display_name' retrieved from /home/airflow/.local/lib/python3.12/site-packages/airflow/example_dags/example_display_name.py
[2026-05-05T04:26:30.226+0000] {logging_mixin.py:188} INFO - [2026-05-05T04:26:30.226+0000] {dag.py:3089} INFO - Sync 1 DAGs
[2026-05-05T04:26:30.249+0000] {logging_mixin.py:188} INFO - [2026-05-05T04:26:30.249+0000] {dag.py:3947} INFO - Setting next_dagrun for example_display_name to None, run_after=None
[2026-05-05T04:26:30.312+0000] {processor.py:183} INFO - Processing /home/airflow/.local/lib/python3.12/site-packages/airflow/example_dags/example_display_name.py took 0.155 seconds
[2026-05-05T04:27:01.215+0000] {processor.py:161} INFO - Started process (PID=404) to work on /home/airflow/.local/lib/python3.12/site-packages/airflow/example_dags/example_display_name.py
[2026-05-05T04:27:01.218+0000] {processor.py:830} INFO - Processing file /home/airflow/.local/lib/python3.12/site-packages/airflow/example_dags/example_display_name.py for tasks to queue
[2026-05-05T04:27:01.222+0000] {logging_mixin.py:188} INFO - [2026-05-05T04:27:01.221+0000] {dagbag.py:545} INFO - Filling up the DagBag from /home/airflow/.local/lib/python3.12/site-packages/airflow/example_dags/example_display_name.py
[2026-05-05T04:27:01.233+0000] {processor.py:840} INFO - DAG(s) 'example_display_name' retrieved from /home/airflow/.local/lib/python3.12/site-packages/airflow/example_dags/example_display_name.py
[2026-05-05T04:27:01.277+0000] {logging_mixin.py:188} INFO - [2026-05-05T04:27:01.277+0000] {dag.py:3089} INFO - Sync 1 DAGs
[2026-05-05T04:27:01.301+0000] {logging_mixin.py:188} INFO - [2026-05-05T04:27:01.301+0000] {dag.py:3947} INFO - Setting next_dagrun for example_display_name to None, run_after=None
[2026-05-05T04:27:01.355+0000] {processor.py:183} INFO - Processing /home/airflow/.local/lib/python3.12/site-packages/airflow/example_dags/example_display_name.py took 0.150 seconds
[2026-05-05T04:27:32.091+0000] {processor.py:161} INFO - Started process (PID=478) to work on /home/airflow/.local/lib/python3.12/site-packages/airflow/example_dags/example_display_name.py
[2026-05-05T04:27:32.093+0000] {processor.py:830} INFO - Processing file /home/airflow/.local/lib/python3.12/site-packages/airflow/example_dags/example_display_name.py for tasks to queue
[2026-05-05T04:27:32.096+0000] {logging_mixin.py:188} INFO - [2026-05-05T04:27:32.096+0000] {dagbag.py:545} INFO - Filling up the DagBag from /home/airflow/.local/lib/python3.12/site-packages/airflow/example_dags/example_display_name.py
[2026-05-05T04:27:32.108+0000] {processor.py:840} INFO - DAG(s) 'example_display_name' retrieved from /home/airflow/.local/lib/python3.12/site-packages/airflow/example_dags/example_display_name.py
[2026-05-05T04:27:32.142+0000] {logging_mixin.py:188} INFO - [2026-05-05T04:27:32.142+0000] {dag.py:3089} INFO - Sync 1 DAGs
[2026-05-05T04:27:32.161+0000] {logging_mixin.py:188} INFO - [2026-05-05T04:27:32.160+0000] {dag.py:3947} INFO - Setting next_dagrun for example_display_name to None, run_after=None
[2026-05-05T04:27:32.221+0000] {processor.py:183} INFO - Processing /home/airflow/.local/lib/python3.12/site-packages/airflow/example_dags/example_display_name.py took 0.138 seconds
[2026-05-05T04:28:02.852+0000] {processor.py:161} INFO - Started process (PID=546) to work on /home/airflow/.local/lib/python3.12/site-packages/airflow/example_dags/example_display_name.py
[2026-05-05T04:28:02.854+0000] {processor.py:830} INFO - Processing file /home/airflow/.local/lib/python3.12/site-packages/airflow/example_dags/example_display_name.py for tasks to queue
[2026-05-05T04:28:02.858+0000] {logging_mixin.py:188} INFO - [2026-05-05T04:28:02.857+0000] {dagbag.py:545} INFO - Filling up the DagBag from /home/airflow/.local/lib/python3.12/site-packages/airflow/example_dags/example_display_name.py
[2026-05-05T04:28:02.868+0000] {processor.py:840} INFO - DAG(s) 'example_display_name' retrieved from /home/airflow/.local/lib/python3.12/site-packages/airflow/example_dags/example_display_name.py
[2026-05-05T04:28:02.905+0000] {logging_mixin.py:188} INFO - [2026-05-05T04:28:02.904+0000] {dag.py:3089} INFO - Sync 1 DAGs
[2026-05-05T04:28:02.926+0000] {logging_mixin.py:188} INFO - [2026-05-05T04:28:02.926+0000] {dag.py:3947} INFO - Setting next_dagrun for example_display_name to None, run_after=None
[2026-05-05T04:28:02.990+0000] {processor.py:183} INFO - Processing /home/airflow/.local/lib/python3.12/site-packages/airflow/example_dags/example_display_name.py took 0.148 seconds
[2026-05-05T04:28:33.260+0000] {processor.py:161} INFO - Started process (PID=614) to work on /home/airflow/.local/lib/python3.12/site-packages/airflow/example_dags/example_display_name.py
[2026-05-05T04:28:33.262+0000] {processor.py:830} INFO - Processing file /home/airflow/.local/lib/python3.12/site-packages/airflow/example_dags/example_display_name.py for tasks to queue
[2026-05-05T04:28:33.265+0000] {logging_mixin.py:188} INFO - [2026-05-05T04:28:33.264+0000] {dagbag.py:545} INFO - Filling up the DagBag from /home/airflow/.local/lib/python3.12/site-packages/airflow/example_dags/example_display_name.py
[2026-05-05T04:28:33.275+0000] {processor.py:840} INFO - DAG(s) 'example_display_name' retrieved from /home/airflow/.local/lib/python3.12/site-packages/airflow/example_dags/example_display_name.py
[2026-05-05T04:28:33.309+0000] {logging_mixin.py:188} INFO - [2026-05-05T04:28:33.308+0000] {dag.py:3089} INFO - Sync 1 DAGs
[2026-05-05T04:28:33.331+0000] {logging_mixin.py:188} INFO - [2026-05-05T04:28:33.331+0000] {dag.py:3947} INFO - Setting next_dagrun for example_display_name to None, run_after=None
[2026-05-05T04:28:33.381+0000] {processor.py:183} INFO - Processing /home/airflow/.local/lib/python3.12/site-packages/airflow/example_dags/example_display_name.py took 0.132 seconds
[2026-05-05T04:29:03.653+0000] {processor.py:161} INFO - Started process (PID=682) to work on /home/airflow/.local/lib/python3.12/site-packages/airflow/example_dags/example_display_name.py
[2026-05-05T04:29:03.656+0000] {processor.py:830} INFO - Processing file /home/airflow/.local/lib/python3.12/site-packages/airflow/example_dags/example_display_name.py for tasks to queue
[2026-05-05T04:29:03.660+0000] {logging_mixin.py:188} INFO - [2026-05-05T04:29:03.659+0000] {dagbag.py:545} INFO - Filling up the DagBag from /home/airflow/.local/lib/python3.12/site-packages/airflow/example_dags/example_display_name.py
[2026-05-05T04:29:03.670+0000] {processor.py:840} INFO - DAG(s) 'example_display_name' retrieved from /home/airflow/.local/lib/python3.12/site-packages/airflow/example_dags/example_display_name.py
[2026-05-05T04:29:03.706+0000] {logging_mixin.py:188} INFO - [2026-05-05T04:29:03.706+0000] {dag.py:3089} INFO - Sync 1 DAGs
[2026-05-05T04:29:03.726+0000] {logging_mixin.py:188} INFO - [2026-05-05T04:29:03.726+0000] {dag.py:3947} INFO - Setting next_dagrun for example_display_name to None, run_after=None
[2026-05-05T04:29:03.755+0000] {processor.py:183} INFO - Processing /home/airflow/.local/lib/python3.12/site-packages/airflow/example_dags/example_display_name.py took 0.116 seconds
[2026-05-05T04:29:34.641+0000] {processor.py:161} INFO - Started process (PID=750) to work on /home/airflow/.local/lib/python3.12/site-packages/airflow/example_dags/example_display_name.py
[2026-05-05T04:29:34.643+0000] {processor.py:830} INFO - Processing file /home/airflow/.local/lib/python3.12/site-packages/airflow/example_dags/example_display_name.py for tasks to queue
[2026-05-05T04:29:34.647+0000] {logging_mixin.py:188} INFO - [2026-05-05T04:29:34.647+0000] {dagbag.py:545} INFO - Filling up the DagBag from /home/airflow/.local/lib/python3.12/site-packages/airflow/example_dags/example_display_name.py
[2026-05-05T04:29:34.659+0000] {processor.py:840} INFO - DAG(s) 'example_display_name' retrieved from /home/airflow/.local/lib/python3.12/site-packages/airflow/example_dags/example_display_name.py
[2026-05-05T04:29:34.714+0000] {logging_mixin.py:188} INFO - [2026-05-05T04:29:34.713+0000] {dag.py:3089} INFO - Sync 1 DAGs
[2026-05-05T04:29:34.756+0000] {logging_mixin.py:188} INFO - [2026-05-05T04:29:34.755+0000] {dag.py:3947} INFO - Setting next_dagrun for example_display_name to None, run_after=None
[2026-05-05T04:29:34.803+0000] {processor.py:183} INFO - Processing /home/airflow/.local/lib/python3.12/site-packages/airflow/example_dags/example_display_name.py took 0.177 seconds
[2026-05-05T04:30:04.986+0000] {processor.py:161} INFO - Started process (PID=825) to work on /home/airflow/.local/lib/python3.12/site-packages/airflow/example_dags/example_display_name.py
[2026-05-05T04:30:04.989+0000] {processor.py:830} INFO - Processing file /home/airflow/.local/lib/python3.12/site-packages/airflow/example_dags/example_display_name.py for tasks to queue
[2026-05-05T04:30:04.993+0000] {logging_mixin.py:188} INFO - [2026-05-05T04:30:04.992+0000] {dagbag.py:545} INFO - Filling up the DagBag from /home/airflow/.local/lib/python3.12/site-packages/airflow/example_dags/example_display_name.py
[2026-05-05T04:30:05.005+0000] {processor.py:840} INFO - DAG(s) 'example_display_name' retrieved from /home/airflow/.local/lib/python3.12/site-packages/airflow/example_dags/example_display_name.py
[2026-05-05T04:30:05.051+0000] {logging_mixin.py:188} INFO - [2026-05-05T04:30:05.051+0000] {dag.py:3089} INFO - Sync 1 DAGs
[2026-05-05T04:30:05.078+0000] {logging_mixin.py:188} INFO - [2026-05-05T04:30:05.077+0000] {dag.py:3947} INFO - Setting next_dagrun for example_display_name to None, run_after=None
[2026-05-05T04:30:05.150+0000] {processor.py:183} INFO - Processing /home/airflow/.local/lib/python3.12/site-packages/airflow/example_dags/example_display_name.py took 0.177 seconds
[2026-05-05T04:30:35.751+0000] {processor.py:161} INFO - Started process (PID=893) to work on /home/airflow/.local/lib/python3.12/site-packages/airflow/example_dags/example_display_name.py
[2026-05-05T04:30:35.753+0000] {processor.py:830} INFO - Processing file /home/airflow/.local/lib/python3.12/site-packages/airflow/example_dags/example_display_name.py for tasks to queue
[2026-05-05T04:30:35.757+0000] {logging_mixin.py:188} INFO - [2026-05-05T04:30:35.756+0000] {dagbag.py:545} INFO - Filling up the DagBag from /home/airflow/.local/lib/python3.12/site-packages/airflow/example_dags/example_display_name.py
[2026-05-05T04:30:35.767+0000] {processor.py:840} INFO - DAG(s) 'example_display_name' retrieved from /home/airflow/.local/lib/python3.12/site-packages/airflow/example_dags/example_display_name.py
[2026-05-05T04:30:35.801+0000] {logging_mixin.py:188} INFO - [2026-05-05T04:30:35.801+0000] {dag.py:3089} INFO - Sync 1 DAGs
[2026-05-05T04:30:35.826+0000] {logging_mixin.py:188} INFO - [2026-05-05T04:30:35.825+0000] {dag.py:3947} INFO - Setting next_dagrun for example_display_name to None, run_after=None
[2026-05-05T04:30:35.857+0000] {processor.py:183} INFO - Processing /home/airflow/.local/lib/python3.12/site-packages/airflow/example_dags/example_display_name.py took 0.116 seconds
[2026-05-05T04:31:06.459+0000] {processor.py:161} INFO - Started process (PID=961) to work on /home/airflow/.local/lib/python3.12/site-packages/airflow/example_dags/example_display_name.py
[2026-05-05T04:31:06.461+0000] {processor.py:830} INFO - Processing file /home/airflow/.local/lib/python3.12/site-packages/airflow/example_dags/example_display_name.py for tasks to queue
[2026-05-05T04:31:06.465+0000] {logging_mixin.py:188} INFO - [2026-05-05T04:31:06.464+0000] {dagbag.py:545} INFO - Filling up the DagBag from /home/airflow/.local/lib/python3.12/site-packages/airflow/example_dags/example_display_name.py
[2026-05-05T04:31:06.475+0000] {processor.py:840} INFO - DAG(s) 'example_display_name' retrieved from /home/airflow/.local/lib/python3.12/site-packages/airflow/example_dags/example_display_name.py
[2026-05-05T04:31:06.510+0000] {logging_mixin.py:188} INFO - [2026-05-05T04:31:06.510+0000] {dag.py:3089} INFO - Sync 1 DAGs
[2026-05-05T04:31:06.530+0000] {logging_mixin.py:188} INFO - [2026-05-05T04:31:06.529+0000] {dag.py:3947} INFO - Setting next_dagrun for example_display_name to None, run_after=None
[2026-05-05T04:31:06.563+0000] {processor.py:183} INFO - Processing /home/airflow/.local/lib/python3.12/site-packages/airflow/example_dags/example_display_name.py took 0.114 seconds
[2026-05-05T04:31:36.662+0000] {processor.py:161} INFO - Started process (PID=1028) to work on /home/airflow/.local/lib/python3.12/site-packages/airflow/example_dags/example_display_name.py
[2026-05-05T04:31:36.664+0000] {processor.py:830} INFO - Processing file /home/airflow/.local/lib/python3.12/site-packages/airflow/example_dags/example_display_name.py for tasks to queue
[2026-05-05T04:31:36.670+0000] {logging_mixin.py:188} INFO - [2026-05-05T04:31:36.669+0000] {dagbag.py:545} INFO - Filling up the DagBag from /home/airflow/.local/lib/python3.12/site-packages/airflow/example_dags/example_display_name.py
[2026-05-05T04:31:36.680+0000] {processor.py:840} INFO - DAG(s) 'example_display_name' retrieved from /home/airflow/.local/lib/python3.12/site-packages/airflow/example_dags/example_display_name.py
[2026-05-05T04:31:36.719+0000] {logging_mixin.py:188} INFO - [2026-05-05T04:31:36.718+0000] {dag.py:3089} INFO - Sync 1 DAGs
[2026-05-05T04:31:36.740+0000] {logging_mixin.py:188} INFO - [2026-05-05T04:31:36.740+0000] {dag.py:3947} INFO - Setting next_dagrun for example_display_name to None, run_after=None
[2026-05-05T04:31:36.811+0000] {processor.py:183} INFO - Processing /home/airflow/.local/lib/python3.12/site-packages/airflow/example_dags/example_display_name.py took 0.159 seconds
[2026-05-05T04:32:07.043+0000] {processor.py:161} INFO - Started process (PID=1096) to work on /home/airflow/.local/lib/python3.12/site-packages/airflow/example_dags/example_display_name.py
[2026-05-05T04:32:07.045+0000] {processor.py:830} INFO - Processing file /home/airflow/.local/lib/python3.12/site-packages/airflow/example_dags/example_display_name.py for tasks to queue
[2026-05-05T04:32:07.049+0000] {logging_mixin.py:188} INFO - [2026-05-05T04:32:07.048+0000] {dagbag.py:545} INFO - Filling up the DagBag from /home/airflow/.local/lib/python3.12/site-packages/airflow/example_dags/example_display_name.py
[2026-05-05T04:32:07.059+0000] {processor.py:840} INFO - DAG(s) 'example_display_name' retrieved from /home/airflow/.local/lib/python3.12/site-packages/airflow/example_dags/example_display_name.py
[2026-05-05T04:32:07.097+0000] {logging_mixin.py:188} INFO - [2026-05-05T04:32:07.097+0000] {dag.py:3089} INFO - Sync 1 DAGs
[2026-05-05T04:32:07.117+0000] {logging_mixin.py:188} INFO - [2026-05-05T04:32:07.117+0000] {dag.py:3947} INFO - Setting next_dagrun for example_display_name to None, run_after=None
[2026-05-05T04:32:07.153+0000] {processor.py:183} INFO - Processing /home/airflow/.local/lib/python3.12/site-packages/airflow/example_dags/example_display_name.py took 0.124 seconds
[2026-05-05T04:32:37.795+0000] {processor.py:161} INFO - Started process (PID=1165) to work on /home/airflow/.local/lib/python3.12/site-packages/airflow/example_dags/example_display_name.py
[2026-05-05T04:32:37.797+0000] {processor.py:830} INFO - Processing file /home/airflow/.local/lib/python3.12/site-packages/airflow/example_dags/example_display_name.py for tasks to queue
[2026-05-05T04:32:37.800+0000] {logging_mixin.py:188} INFO - [2026-05-05T04:32:37.799+0000] {dagbag.py:545} INFO - Filling up the DagBag from /home/airflow/.local/lib/python3.12/site-packages/airflow/example_dags/example_display_name.py
[2026-05-05T04:32:37.810+0000] {processor.py:840} INFO - DAG(s) 'example_display_name' retrieved from /home/airflow/.local/lib/python3.12/site-packages/airflow/example_dags/example_display_name.py
[2026-05-05T04:32:37.847+0000] {logging_mixin.py:188} INFO - [2026-05-05T04:32:37.846+0000] {dag.py:3089} INFO - Sync 1 DAGs
[2026-05-05T04:32:37.866+0000] {logging_mixin.py:188} INFO - [2026-05-05T04:32:37.866+0000] {dag.py:3947} INFO - Setting next_dagrun for example_display_name to None, run_after=None
[2026-05-05T04:32:37.899+0000] {processor.py:183} INFO - Processing /home/airflow/.local/lib/python3.12/site-packages/airflow/example_dags/example_display_name.py took 0.114 seconds
[2026-05-05T04:33:08.028+0000] {processor.py:161} INFO - Started process (PID=1240) to work on /home/airflow/.local/lib/python3.12/site-packages/airflow/example_dags/example_display_name.py
[2026-05-05T04:33:08.029+0000] {processor.py:830} INFO - Processing file /home/airflow/.local/lib/python3.12/site-packages/airflow/example_dags/example_display_name.py for tasks to queue
[2026-05-05T04:33:08.033+0000] {logging_mixin.py:188} INFO - [2026-05-05T04:33:08.032+0000] {dagbag.py:545} INFO - Filling up the DagBag from /home/airflow/.local/lib/python3.12/site-packages/airflow/example_dags/example_display_name.py
[2026-05-05T04:33:08.043+0000] {processor.py:840} INFO - DAG(s) 'example_display_name' retrieved from /home/airflow/.local/lib/python3.12/site-packages/airflow/example_dags/example_display_name.py
[2026-05-05T04:33:08.074+0000] {logging_mixin.py:188} INFO - [2026-05-05T04:33:08.074+0000] {dag.py:3089} INFO - Sync 1 DAGs
[2026-05-05T04:33:08.093+0000] {logging_mixin.py:188} INFO - [2026-05-05T04:33:08.093+0000] {dag.py:3947} INFO - Setting next_dagrun for example_display_name to None, run_after=None
[2026-05-05T04:33:08.130+0000] {processor.py:183} INFO - Processing /home/airflow/.local/lib/python3.12/site-packages/airflow/example_dags/example_display_name.py took 0.112 seconds
[2026-05-05T04:33:38.988+0000] {processor.py:161} INFO - Started process (PID=1308) to work on /home/airflow/.local/lib/python3.12/site-packages/airflow/example_dags/example_display_name.py
[2026-05-05T04:33:38.990+0000] {processor.py:830} INFO - Processing file /home/airflow/.local/lib/python3.12/site-packages/airflow/example_dags/example_display_name.py for tasks to queue
[2026-05-05T04:33:38.995+0000] {logging_mixin.py:188} INFO - [2026-05-05T04:33:38.994+0000] {dagbag.py:545} INFO - Filling up the DagBag from /home/airflow/.local/lib/python3.12/site-packages/airflow/example_dags/example_display_name.py
[2026-05-05T04:33:39.006+0000] {processor.py:840} INFO - DAG(s) 'example_display_name' retrieved from /home/airflow/.local/lib/python3.12/site-packages/airflow/example_dags/example_display_name.py
[2026-05-05T04:33:39.043+0000] {logging_mixin.py:188} INFO - [2026-05-05T04:33:39.043+0000] {dag.py:3089} INFO - Sync 1 DAGs
[2026-05-05T04:33:39.065+0000] {logging_mixin.py:188} INFO - [2026-05-05T04:33:39.065+0000] {dag.py:3947} INFO - Setting next_dagrun for example_display_name to None, run_after=None
[2026-05-05T04:33:39.137+0000] {processor.py:183} INFO - Processing /home/airflow/.local/lib/python3.12/site-packages/airflow/example_dags/example_display_name.py took 0.161 seconds
[2026-05-05T04:34:09.996+0000] {processor.py:161} INFO - Started process (PID=1377) to work on /home/airflow/.local/lib/python3.12/site-packages/airflow/example_dags/example_display_name.py
[2026-05-05T04:34:10.000+0000] {processor.py:830} INFO - Processing file /home/airflow/.local/lib/python3.12/site-packages/airflow/example_dags/example_display_name.py for tasks to queue
[2026-05-05T04:34:10.005+0000] {logging_mixin.py:188} INFO - [2026-05-05T04:34:10.004+0000] {dagbag.py:545} INFO - Filling up the DagBag from /home/airflow/.local/lib/python3.12/site-packages/airflow/example_dags/example_display_name.py
[2026-05-05T04:34:10.021+0000] {processor.py:840} INFO - DAG(s) 'example_display_name' retrieved from /home/airflow/.local/lib/python3.12/site-packages/airflow/example_dags/example_display_name.py
[2026-05-05T04:34:10.067+0000] {logging_mixin.py:188} INFO - [2026-05-05T04:34:10.067+0000] {dag.py:3089} INFO - Sync 1 DAGs
[2026-05-05T04:34:10.096+0000] {logging_mixin.py:188} INFO - [2026-05-05T04:34:10.095+0000] {dag.py:3947} INFO - Setting next_dagrun for example_display_name to None, run_after=None
[2026-05-05T04:34:10.142+0000] {processor.py:183} INFO - Processing /home/airflow/.local/lib/python3.12/site-packages/airflow/example_dags/example_display_name.py took 0.161 seconds
[2026-05-05T04:34:40.280+0000] {processor.py:161} INFO - Started process (PID=1445) to work on /home/airflow/.local/lib/python3.12/site-packages/airflow/example_dags/example_display_name.py
[2026-05-05T04:34:40.283+0000] {processor.py:830} INFO - Processing file /home/airflow/.local/lib/python3.12/site-packages/airflow/example_dags/example_display_name.py for tasks to queue
[2026-05-05T04:34:40.286+0000] {logging_mixin.py:188} INFO - [2026-05-05T04:34:40.286+0000] {dagbag.py:545} INFO - Filling up the DagBag from /home/airflow/.local/lib/python3.12/site-packages/airflow/example_dags/example_display_name.py
[2026-05-05T04:34:40.299+0000] {processor.py:840} INFO - DAG(s) 'example_display_name' retrieved from /home/airflow/.local/lib/python3.12/site-packages/airflow/example_dags/example_display_name.py
[2026-05-05T04:34:40.338+0000] {logging_mixin.py:188} INFO - [2026-05-05T04:34:40.338+0000] {dag.py:3089} INFO - Sync 1 DAGs
[2026-05-05T04:34:40.362+0000] {logging_mixin.py:188} INFO - [2026-05-05T04:34:40.361+0000] {dag.py:3947} INFO - Setting next_dagrun for example_display_name to None, run_after=None
[2026-05-05T04:34:40.404+0000] {processor.py:183} INFO - Processing /home/airflow/.local/lib/python3.12/site-packages/airflow/example_dags/example_display_name.py took 0.136 seconds
[2026-05-05T04:35:10.529+0000] {processor.py:161} INFO - Started process (PID=1512) to work on /home/airflow/.local/lib/python3.12/site-packages/airflow/example_dags/example_display_name.py
[2026-05-05T04:35:10.531+0000] {processor.py:830} INFO - Processing file /home/airflow/.local/lib/python3.12/site-packages/airflow/example_dags/example_display_name.py for tasks to queue
[2026-05-05T04:35:10.536+0000] {logging_mixin.py:188} INFO - [2026-05-05T04:35:10.536+0000] {dagbag.py:545} INFO - Filling up the DagBag from /home/airflow/.local/lib/python3.12/site-packages/airflow/example_dags/example_display_name.py
[2026-05-05T04:35:10.548+0000] {processor.py:840} INFO - DAG(s) 'example_display_name' retrieved from /home/airflow/.local/lib/python3.12/site-packages/airflow/example_dags/example_display_name.py
[2026-05-05T04:35:10.584+0000] {logging_mixin.py:188} INFO - [2026-05-05T04:35:10.584+0000] {dag.py:3089} INFO - Sync 1 DAGs
[2026-05-05T04:35:10.605+0000] {logging_mixin.py:188} INFO - [2026-05-05T04:35:10.604+0000] {dag.py:3947} INFO - Setting next_dagrun for example_display_name to None, run_after=None
[2026-05-05T04:35:10.668+0000] {processor.py:183} INFO - Processing /home/airflow/.local/lib/python3.12/site-packages/airflow/example_dags/example_display_name.py took 0.152 seconds
[2026-05-05T04:35:41.697+0000] {processor.py:161} INFO - Started process (PID=1580) to work on /home/airflow/.local/lib/python3.12/site-packages/airflow/example_dags/example_display_name.py
[2026-05-05T04:35:41.700+0000] {processor.py:830} INFO - Processing file /home/airflow/.local/lib/python3.12/site-packages/airflow/example_dags/example_display_name.py for tasks to queue
[2026-05-05T04:35:41.704+0000] {logging_mixin.py:188} INFO - [2026-05-05T04:35:41.704+0000] {dagbag.py:545} INFO - Filling up the DagBag from /home/airflow/.local/lib/python3.12/site-packages/airflow/example_dags/example_display_name.py
[2026-05-05T04:35:41.718+0000] {processor.py:840} INFO - DAG(s) 'example_display_name' retrieved from /home/airflow/.local/lib/python3.12/site-packages/airflow/example_dags/example_display_name.py
[2026-05-05T04:35:41.755+0000] {logging_mixin.py:188} INFO - [2026-05-05T04:35:41.754+0000] {dag.py:3089} INFO - Sync 1 DAGs
[2026-05-05T04:35:41.777+0000] {logging_mixin.py:188} INFO - [2026-05-05T04:35:41.777+0000] {dag.py:3947} INFO - Setting next_dagrun for example_display_name to None, run_after=None
[2026-05-05T04:35:41.820+0000] {processor.py:183} INFO - Processing /home/airflow/.local/lib/python3.12/site-packages/airflow/example_dags/example_display_name.py took 0.138 seconds
[2026-05-05T04:36:12.432+0000] {processor.py:161} INFO - Started process (PID=1647) to work on /home/airflow/.local/lib/python3.12/site-packages/airflow/example_dags/example_display_name.py
[2026-05-05T04:36:12.434+0000] {processor.py:830} INFO - Processing file /home/airflow/.local/lib/python3.12/site-packages/airflow/example_dags/example_display_name.py for tasks to queue
[2026-05-05T04:36:12.437+0000] {logging_mixin.py:188} INFO - [2026-05-05T04:36:12.437+0000] {dagbag.py:545} INFO - Filling up the DagBag from /home/airflow/.local/lib/python3.12/site-packages/airflow/example_dags/example_display_name.py
[2026-05-05T04:36:12.449+0000] {processor.py:840} INFO - DAG(s) 'example_display_name' retrieved from /home/airflow/.local/lib/python3.12/site-packages/airflow/example_dags/example_display_name.py
[2026-05-05T04:36:12.483+0000] {logging_mixin.py:188} INFO - [2026-05-05T04:36:12.482+0000] {dag.py:3089} INFO - Sync 1 DAGs
[2026-05-05T04:36:12.504+0000] {logging_mixin.py:188} INFO - [2026-05-05T04:36:12.504+0000] {dag.py:3947} INFO - Setting next_dagrun for example_display_name to None, run_after=None
[2026-05-05T04:36:12.553+0000] {processor.py:183} INFO - Processing /home/airflow/.local/lib/python3.12/site-packages/airflow/example_dags/example_display_name.py took 0.131 seconds
[2026-05-05T04:36:42.834+0000] {processor.py:161} INFO - Started process (PID=1722) to work on /home/airflow/.local/lib/python3.12/site-packages/airflow/example_dags/example_display_name.py
[2026-05-05T04:36:42.837+0000] {processor.py:830} INFO - Processing file /home/airflow/.local/lib/python3.12/site-packages/airflow/example_dags/example_display_name.py for tasks to queue
[2026-05-05T04:36:42.841+0000] {logging_mixin.py:188} INFO - [2026-05-05T04:36:42.841+0000] {dagbag.py:545} INFO - Filling up the DagBag from /home/airflow/.local/lib/python3.12/site-packages/airflow/example_dags/example_display_name.py
[2026-05-05T04:36:42.852+0000] {processor.py:840} INFO - DAG(s) 'example_display_name' retrieved from /home/airflow/.local/lib/python3.12/site-packages/airflow/example_dags/example_display_name.py
[2026-05-05T04:36:42.894+0000] {logging_mixin.py:188} INFO - [2026-05-05T04:36:42.894+0000] {dag.py:3089} INFO - Sync 1 DAGs
[2026-05-05T04:36:42.926+0000] {logging_mixin.py:188} INFO - [2026-05-05T04:36:42.926+0000] {dag.py:3947} INFO - Setting next_dagrun for example_display_name to None, run_after=None
[2026-05-05T04:36:42.984+0000] {processor.py:183} INFO - Processing /home/airflow/.local/lib/python3.12/site-packages/airflow/example_dags/example_display_name.py took 0.162 seconds
[2026-05-05T04:37:13.429+0000] {processor.py:161} INFO - Started process (PID=1790) to work on /home/airflow/.local/lib/python3.12/site-packages/airflow/example_dags/example_display_name.py
[2026-05-05T04:37:13.431+0000] {processor.py:830} INFO - Processing file /home/airflow/.local/lib/python3.12/site-packages/airflow/example_dags/example_display_name.py for tasks to queue
[2026-05-05T04:37:13.436+0000] {logging_mixin.py:188} INFO - [2026-05-05T04:37:13.436+0000] {dagbag.py:545} INFO - Filling up the DagBag from /home/airflow/.local/lib/python3.12/site-packages/airflow/example_dags/example_display_name.py
[2026-05-05T04:37:13.446+0000] {processor.py:840} INFO - DAG(s) 'example_display_name' retrieved from /home/airflow/.local/lib/python3.12/site-packages/airflow/example_dags/example_display_name.py
[2026-05-05T04:37:13.477+0000] {logging_mixin.py:188} INFO - [2026-05-05T04:37:13.476+0000] {dag.py:3089} INFO - Sync 1 DAGs
[2026-05-05T04:37:13.497+0000] {logging_mixin.py:188} INFO - [2026-05-05T04:37:13.496+0000] {dag.py:3947} INFO - Setting next_dagrun for example_display_name to None, run_after=None
[2026-05-05T04:37:13.548+0000] {processor.py:183} INFO - Processing /home/airflow/.local/lib/python3.12/site-packages/airflow/example_dags/example_display_name.py took 0.129 seconds
[2026-05-05T04:37:44.708+0000] {processor.py:161} INFO - Started process (PID=1858) to work on /home/airflow/.local/lib/python3.12/site-packages/airflow/example_dags/example_display_name.py
[2026-05-05T04:37:44.711+0000] {processor.py:830} INFO - Processing file /home/airflow/.local/lib/python3.12/site-packages/airflow/example_dags/example_display_name.py for tasks to queue
[2026-05-05T04:37:44.716+0000] {logging_mixin.py:188} INFO - [2026-05-05T04:37:44.715+0000] {dagbag.py:545} INFO - Filling up the DagBag from /home/airflow/.local/lib/python3.12/site-packages/airflow/example_dags/example_display_name.py
[2026-05-05T04:37:44.730+0000] {processor.py:840} INFO - DAG(s) 'example_display_name' retrieved from /home/airflow/.local/lib/python3.12/site-packages/airflow/example_dags/example_display_name.py
[2026-05-05T04:37:44.767+0000] {logging_mixin.py:188} INFO - [2026-05-05T04:37:44.767+0000] {dag.py:3089} INFO - Sync 1 DAGs
[2026-05-05T04:37:44.790+0000] {logging_mixin.py:188} INFO - [2026-05-05T04:37:44.790+0000] {dag.py:3947} INFO - Setting next_dagrun for example_display_name to None, run_after=None
[2026-05-05T04:37:44.826+0000] {processor.py:183} INFO - Processing /home/airflow/.local/lib/python3.12/site-packages/airflow/example_dags/example_display_name.py took 0.127 seconds
[2026-05-05T04:38:15.883+0000] {processor.py:161} INFO - Started process (PID=1926) to work on /home/airflow/.local/lib/python3.12/site-packages/airflow/example_dags/example_display_name.py
[2026-05-05T04:38:15.885+0000] {processor.py:830} INFO - Processing file /home/airflow/.local/lib/python3.12/site-packages/airflow/example_dags/example_display_name.py for tasks to queue
[2026-05-05T04:38:15.890+0000] {logging_mixin.py:188} INFO - [2026-05-05T04:38:15.889+0000] {dagbag.py:545} INFO - Filling up the DagBag from /home/airflow/.local/lib/python3.12/site-packages/airflow/example_dags/example_display_name.py
[2026-05-05T04:38:15.903+0000] {processor.py:840} INFO - DAG(s) 'example_display_name' retrieved from /home/airflow/.local/lib/python3.12/site-packages/airflow/example_dags/example_display_name.py
[2026-05-05T04:38:15.944+0000] {logging_mixin.py:188} INFO - [2026-05-05T04:38:15.943+0000] {dag.py:3089} INFO - Sync 1 DAGs
[2026-05-05T04:38:15.965+0000] {logging_mixin.py:188} INFO - [2026-05-05T04:38:15.965+0000] {dag.py:3947} INFO - Setting next_dagrun for example_display_name to None, run_after=None
[2026-05-05T04:38:16.046+0000] {processor.py:183} INFO - Processing /home/airflow/.local/lib/python3.12/site-packages/airflow/example_dags/example_display_name.py took 0.176 seconds
[2026-05-05T04:38:46.914+0000] {processor.py:161} INFO - Started process (PID=1994) to work on /home/airflow/.local/lib/python3.12/site-packages/airflow/example_dags/example_display_name.py
[2026-05-05T04:38:46.932+0000] {processor.py:830} INFO - Processing file /home/airflow/.local/lib/python3.12/site-packages/airflow/example_dags/example_display_name.py for tasks to queue
[2026-05-05T04:38:46.937+0000] {logging_mixin.py:188} INFO - [2026-05-05T04:38:46.937+0000] {dagbag.py:545} INFO - Filling up the DagBag from /home/airflow/.local/lib/python3.12/site-packages/airflow/example_dags/example_display_name.py
[2026-05-05T04:38:46.949+0000] {processor.py:840} INFO - DAG(s) 'example_display_name' retrieved from /home/airflow/.local/lib/python3.12/site-packages/airflow/example_dags/example_display_name.py
[2026-05-05T04:38:46.990+0000] {logging_mixin.py:188} INFO - [2026-05-05T04:38:46.989+0000] {dag.py:3089} INFO - Sync 1 DAGs
[2026-05-05T04:38:47.014+0000] {logging_mixin.py:188} INFO - [2026-05-05T04:38:47.014+0000] {dag.py:3947} INFO - Setting next_dagrun for example_display_name to None, run_after=None
[2026-05-05T04:38:47.080+0000] {processor.py:183} INFO - Processing /home/airflow/.local/lib/python3.12/site-packages/airflow/example_dags/example_display_name.py took 0.178 seconds
[2026-05-05T04:39:17.397+0000] {processor.py:161} INFO - Started process (PID=2060) to work on /home/airflow/.local/lib/python3.12/site-packages/airflow/example_dags/example_display_name.py
[2026-05-05T04:39:17.408+0000] {processor.py:830} INFO - Processing file /home/airflow/.local/lib/python3.12/site-packages/airflow/example_dags/example_display_name.py for tasks to queue
[2026-05-05T04:39:17.413+0000] {logging_mixin.py:188} INFO - [2026-05-05T04:39:17.412+0000] {dagbag.py:545} INFO - Filling up the DagBag from /home/airflow/.local/lib/python3.12/site-packages/airflow/example_dags/example_display_name.py
[2026-05-05T04:39:17.433+0000] {processor.py:840} INFO - DAG(s) 'example_display_name' retrieved from /home/airflow/.local/lib/python3.12/site-packages/airflow/example_dags/example_display_name.py
[2026-05-05T04:39:17.495+0000] {logging_mixin.py:188} INFO - [2026-05-05T04:39:17.494+0000] {dag.py:3089} INFO - Sync 1 DAGs
[2026-05-05T04:39:17.526+0000] {logging_mixin.py:188} INFO - [2026-05-05T04:39:17.526+0000] {dag.py:3947} INFO - Setting next_dagrun for example_display_name to None, run_after=None
[2026-05-05T04:39:17.579+0000] {processor.py:183} INFO - Processing /home/airflow/.local/lib/python3.12/site-packages/airflow/example_dags/example_display_name.py took 0.194 seconds
[2026-05-05T04:39:48.146+0000] {processor.py:161} INFO - Started process (PID=2135) to work on /home/airflow/.local/lib/python3.12/site-packages/airflow/example_dags/example_display_name.py
[2026-05-05T04:39:48.149+0000] {processor.py:830} INFO - Processing file /home/airflow/.local/lib/python3.12/site-packages/airflow/example_dags/example_display_name.py for tasks to queue
[2026-05-05T04:39:48.152+0000] {logging_mixin.py:188} INFO - [2026-05-05T04:39:48.151+0000] {dagbag.py:545} INFO - Filling up the DagBag from /home/airflow/.local/lib/python3.12/site-packages/airflow/example_dags/example_display_name.py
[2026-05-05T04:39:48.162+0000] {processor.py:840} INFO - DAG(s) 'example_display_name' retrieved from /home/airflow/.local/lib/python3.12/site-packages/airflow/example_dags/example_display_name.py
[2026-05-05T04:39:48.196+0000] {logging_mixin.py:188} INFO - [2026-05-05T04:39:48.196+0000] {dag.py:3089} INFO - Sync 1 DAGs
[2026-05-05T04:39:48.219+0000] {logging_mixin.py:188} INFO - [2026-05-05T04:39:48.218+0000] {dag.py:3947} INFO - Setting next_dagrun for example_display_name to None, run_after=None
[2026-05-05T04:39:48.500+0000] {processor.py:183} INFO - Processing /home/airflow/.local/lib/python3.12/site-packages/airflow/example_dags/example_display_name.py took 0.363 seconds
[2026-05-05T04:40:18.915+0000] {processor.py:161} INFO - Started process (PID=2203) to work on /home/airflow/.local/lib/python3.12/site-packages/airflow/example_dags/example_display_name.py
[2026-05-05T04:40:18.917+0000] {processor.py:830} INFO - Processing file /home/airflow/.local/lib/python3.12/site-packages/airflow/example_dags/example_display_name.py for tasks to queue
[2026-05-05T04:40:18.920+0000] {logging_mixin.py:188} INFO - [2026-05-05T04:40:18.919+0000] {dagbag.py:545} INFO - Filling up the DagBag from /home/airflow/.local/lib/python3.12/site-packages/airflow/example_dags/example_display_name.py
[2026-05-05T04:40:18.930+0000] {processor.py:840} INFO - DAG(s) 'example_display_name' retrieved from /home/airflow/.local/lib/python3.12/site-packages/airflow/example_dags/example_display_name.py
[2026-05-05T04:40:18.962+0000] {logging_mixin.py:188} INFO - [2026-05-05T04:40:18.962+0000] {dag.py:3089} INFO - Sync 1 DAGs
[2026-05-05T04:40:18.983+0000] {logging_mixin.py:188} INFO - [2026-05-05T04:40:18.982+0000] {dag.py:3947} INFO - Setting next_dagrun for example_display_name to None, run_after=None
[2026-05-05T04:40:19.045+0000] {processor.py:183} INFO - Processing /home/airflow/.local/lib/python3.12/site-packages/airflow/example_dags/example_display_name.py took 0.140 seconds
[2026-05-05T04:40:49.578+0000] {processor.py:161} INFO - Started process (PID=2272) to work on /home/airflow/.local/lib/python3.12/site-packages/airflow/example_dags/example_display_name.py
[2026-05-05T04:40:49.580+0000] {processor.py:830} INFO - Processing file /home/airflow/.local/lib/python3.12/site-packages/airflow/example_dags/example_display_name.py for tasks to queue
[2026-05-05T04:40:49.584+0000] {logging_mixin.py:188} INFO - [2026-05-05T04:40:49.584+0000] {dagbag.py:545} INFO - Filling up the DagBag from /home/airflow/.local/lib/python3.12/site-packages/airflow/example_dags/example_display_name.py
[2026-05-05T04:40:49.595+0000] {processor.py:840} INFO - DAG(s) 'example_display_name' retrieved from /home/airflow/.local/lib/python3.12/site-packages/airflow/example_dags/example_display_name.py
[2026-05-05T04:40:49.625+0000] {logging_mixin.py:188} INFO - [2026-05-05T04:40:49.625+0000] {dag.py:3089} INFO - Sync 1 DAGs
[2026-05-05T04:40:49.644+0000] {logging_mixin.py:188} INFO - [2026-05-05T04:40:49.644+0000] {dag.py:3947} INFO - Setting next_dagrun for example_display_name to None, run_after=None
[2026-05-05T04:40:49.707+0000] {processor.py:183} INFO - Processing /home/airflow/.local/lib/python3.12/site-packages/airflow/example_dags/example_display_name.py took 0.137 seconds
[2026-05-05T04:41:20.569+0000] {processor.py:161} INFO - Started process (PID=2340) to work on /home/airflow/.local/lib/python3.12/site-packages/airflow/example_dags/example_display_name.py
[2026-05-05T04:41:20.571+0000] {processor.py:830} INFO - Processing file /home/airflow/.local/lib/python3.12/site-packages/airflow/example_dags/example_display_name.py for tasks to queue
[2026-05-05T04:41:20.574+0000] {logging_mixin.py:188} INFO - [2026-05-05T04:41:20.574+0000] {dagbag.py:545} INFO - Filling up the DagBag from /home/airflow/.local/lib/python3.12/site-packages/airflow/example_dags/example_display_name.py
[2026-05-05T04:41:20.585+0000] {processor.py:840} INFO - DAG(s) 'example_display_name' retrieved from /home/airflow/.local/lib/python3.12/site-packages/airflow/example_dags/example_display_name.py
[2026-05-05T04:41:20.619+0000] {logging_mixin.py:188} INFO - [2026-05-05T04:41:20.619+0000] {dag.py:3089} INFO - Sync 1 DAGs
[2026-05-05T04:41:20.641+0000] {logging_mixin.py:188} INFO - [2026-05-05T04:41:20.641+0000] {dag.py:3947} INFO - Setting next_dagrun for example_display_name to None, run_after=None
[2026-05-05T04:41:20.682+0000] {processor.py:183} INFO - Processing /home/airflow/.local/lib/python3.12/site-packages/airflow/example_dags/example_display_name.py took 0.123 seconds
[2026-05-05T04:41:51.837+0000] {processor.py:161} INFO - Started process (PID=2408) to work on /home/airflow/.local/lib/python3.12/site-packages/airflow/example_dags/example_display_name.py
[2026-05-05T04:41:51.842+0000] {processor.py:830} INFO - Processing file /home/airflow/.local/lib/python3.12/site-packages/airflow/example_dags/example_display_name.py for tasks to queue
[2026-05-05T04:41:51.846+0000] {logging_mixin.py:188} INFO - [2026-05-05T04:41:51.846+0000] {dagbag.py:545} INFO - Filling up the DagBag from /home/airflow/.local/lib/python3.12/site-packages/airflow/example_dags/example_display_name.py
[2026-05-05T04:41:51.862+0000] {processor.py:840} INFO - DAG(s) 'example_display_name' retrieved from /home/airflow/.local/lib/python3.12/site-packages/airflow/example_dags/example_display_name.py
[2026-05-05T04:41:51.907+0000] {logging_mixin.py:188} INFO - [2026-05-05T04:41:51.907+0000] {dag.py:3089} INFO - Sync 1 DAGs
[2026-05-05T04:41:52.201+0000] {logging_mixin.py:188} INFO - [2026-05-05T04:41:52.201+0000] {dag.py:3947} INFO - Setting next_dagrun for example_display_name to None, run_after=None
[2026-05-05T04:41:52.238+0000] {processor.py:183} INFO - Processing /home/airflow/.local/lib/python3.12/site-packages/airflow/example_dags/example_display_name.py took 0.413 seconds
[2026-05-05T04:42:23.021+0000] {processor.py:161} INFO - Started process (PID=2477) to work on /home/airflow/.local/lib/python3.12/site-packages/airflow/example_dags/example_display_name.py
[2026-05-05T04:42:23.029+0000] {processor.py:830} INFO - Processing file /home/airflow/.local/lib/python3.12/site-packages/airflow/example_dags/example_display_name.py for tasks to queue
[2026-05-05T04:42:23.035+0000] {logging_mixin.py:188} INFO - [2026-05-05T04:42:23.034+0000] {dagbag.py:545} INFO - Filling up the DagBag from /home/airflow/.local/lib/python3.12/site-packages/airflow/example_dags/example_display_name.py
[2026-05-05T04:42:23.056+0000] {processor.py:840} INFO - DAG(s) 'example_display_name' retrieved from /home/airflow/.local/lib/python3.12/site-packages/airflow/example_dags/example_display_name.py
[2026-05-05T04:42:23.115+0000] {logging_mixin.py:188} INFO - [2026-05-05T04:42:23.114+0000] {dag.py:3089} INFO - Sync 1 DAGs
[2026-05-05T04:42:23.148+0000] {logging_mixin.py:188} INFO - [2026-05-05T04:42:23.147+0000] {dag.py:3947} INFO - Setting next_dagrun for example_display_name to None, run_after=None
[2026-05-05T04:42:23.213+0000] {processor.py:183} INFO - Processing /home/airflow/.local/lib/python3.12/site-packages/airflow/example_dags/example_display_name.py took 0.212 seconds
[2026-05-05T04:42:53.556+0000] {processor.py:161} INFO - Started process (PID=2553) to work on /home/airflow/.local/lib/python3.12/site-packages/airflow/example_dags/example_display_name.py
[2026-05-05T04:42:53.558+0000] {processor.py:830} INFO - Processing file /home/airflow/.local/lib/python3.12/site-packages/airflow/example_dags/example_display_name.py for tasks to queue
[2026-05-05T04:42:53.562+0000] {logging_mixin.py:188} INFO - [2026-05-05T04:42:53.561+0000] {dagbag.py:545} INFO - Filling up the DagBag from /home/airflow/.local/lib/python3.12/site-packages/airflow/example_dags/example_display_name.py
[2026-05-05T04:42:53.573+0000] {processor.py:840} INFO - DAG(s) 'example_display_name' retrieved from /home/airflow/.local/lib/python3.12/site-packages/airflow/example_dags/example_display_name.py
[2026-05-05T04:42:53.612+0000] {logging_mixin.py:188} INFO - [2026-05-05T04:42:53.612+0000] {dag.py:3089} INFO - Sync 1 DAGs
[2026-05-05T04:42:53.634+0000] {logging_mixin.py:188} INFO - [2026-05-05T04:42:53.633+0000] {dag.py:3947} INFO - Setting next_dagrun for example_display_name to None, run_after=None
[2026-05-05T04:42:53.694+0000] {processor.py:183} INFO - Processing /home/airflow/.local/lib/python3.12/site-packages/airflow/example_dags/example_display_name.py took 0.148 seconds
[2026-05-05T04:43:24.044+0000] {processor.py:161} INFO - Started process (PID=2620) to work on /home/airflow/.local/lib/python3.12/site-packages/airflow/example_dags/example_display_name.py
[2026-05-05T04:43:24.046+0000] {processor.py:830} INFO - Processing file /home/airflow/.local/lib/python3.12/site-packages/airflow/example_dags/example_display_name.py for tasks to queue
[2026-05-05T04:43:24.052+0000] {logging_mixin.py:188} INFO - [2026-05-05T04:43:24.051+0000] {dagbag.py:545} INFO - Filling up the DagBag from /home/airflow/.local/lib/python3.12/site-packages/airflow/example_dags/example_display_name.py
[2026-05-05T04:43:24.063+0000] {processor.py:840} INFO - DAG(s) 'example_display_name' retrieved from /home/airflow/.local/lib/python3.12/site-packages/airflow/example_dags/example_display_name.py
[2026-05-05T04:43:24.101+0000] {logging_mixin.py:188} INFO - [2026-05-05T04:43:24.100+0000] {dag.py:3089} INFO - Sync 1 DAGs
[2026-05-05T04:43:24.121+0000] {logging_mixin.py:188} INFO - [2026-05-05T04:43:24.120+0000] {dag.py:3947} INFO - Setting next_dagrun for example_display_name to None, run_after=None
[2026-05-05T04:43:24.159+0000] {processor.py:183} INFO - Processing /home/airflow/.local/lib/python3.12/site-packages/airflow/example_dags/example_display_name.py took 0.125 seconds
[2026-05-05T04:43:54.614+0000] {processor.py:161} INFO - Started process (PID=2688) to work on /home/airflow/.local/lib/python3.12/site-packages/airflow/example_dags/example_display_name.py
[2026-05-05T04:43:54.619+0000] {processor.py:830} INFO - Processing file /home/airflow/.local/lib/python3.12/site-packages/airflow/example_dags/example_display_name.py for tasks to queue
[2026-05-05T04:43:54.622+0000] {logging_mixin.py:188} INFO - [2026-05-05T04:43:54.622+0000] {dagbag.py:545} INFO - Filling up the DagBag from /home/airflow/.local/lib/python3.12/site-packages/airflow/example_dags/example_display_name.py
[2026-05-05T04:43:54.635+0000] {processor.py:840} INFO - DAG(s) 'example_display_name' retrieved from /home/airflow/.local/lib/python3.12/site-packages/airflow/example_dags/example_display_name.py
[2026-05-05T04:43:54.673+0000] {logging_mixin.py:188} INFO - [2026-05-05T04:43:54.673+0000] {dag.py:3089} INFO - Sync 1 DAGs
[2026-05-05T04:43:54.698+0000] {logging_mixin.py:188} INFO - [2026-05-05T04:43:54.697+0000] {dag.py:3947} INFO - Setting next_dagrun for example_display_name to None, run_after=None
[2026-05-05T04:43:54.739+0000] {processor.py:183} INFO - Processing /home/airflow/.local/lib/python3.12/site-packages/airflow/example_dags/example_display_name.py took 0.137 seconds
[2026-05-05T04:44:25.078+0000] {processor.py:161} INFO - Started process (PID=2757) to work on /home/airflow/.local/lib/python3.12/site-packages/airflow/example_dags/example_display_name.py
[2026-05-05T04:44:25.080+0000] {processor.py:830} INFO - Processing file /home/airflow/.local/lib/python3.12/site-packages/airflow/example_dags/example_display_name.py for tasks to queue
[2026-05-05T04:44:25.085+0000] {logging_mixin.py:188} INFO - [2026-05-05T04:44:25.084+0000] {dagbag.py:545} INFO - Filling up the DagBag from /home/airflow/.local/lib/python3.12/site-packages/airflow/example_dags/example_display_name.py
[2026-05-05T04:44:25.099+0000] {processor.py:840} INFO - DAG(s) 'example_display_name' retrieved from /home/airflow/.local/lib/python3.12/site-packages/airflow/example_dags/example_display_name.py
[2026-05-05T04:44:25.134+0000] {logging_mixin.py:188} INFO - [2026-05-05T04:44:25.134+0000] {dag.py:3089} INFO - Sync 1 DAGs
[2026-05-05T04:44:25.153+0000] {logging_mixin.py:188} INFO - [2026-05-05T04:44:25.153+0000] {dag.py:3947} INFO - Setting next_dagrun for example_display_name to None, run_after=None
[2026-05-05T04:44:25.221+0000] {processor.py:183} INFO - Processing /home/airflow/.local/lib/python3.12/site-packages/airflow/example_dags/example_display_name.py took 0.153 seconds
[2026-05-05T04:44:55.632+0000] {processor.py:161} INFO - Started process (PID=2825) to work on /home/airflow/.local/lib/python3.12/site-packages/airflow/example_dags/example_display_name.py
[2026-05-05T04:44:55.634+0000] {processor.py:830} INFO - Processing file /home/airflow/.local/lib/python3.12/site-packages/airflow/example_dags/example_display_name.py for tasks to queue
[2026-05-05T04:44:55.638+0000] {logging_mixin.py:188} INFO - [2026-05-05T04:44:55.637+0000] {dagbag.py:545} INFO - Filling up the DagBag from /home/airflow/.local/lib/python3.12/site-packages/airflow/example_dags/example_display_name.py
[2026-05-05T04:44:55.649+0000] {processor.py:840} INFO - DAG(s) 'example_display_name' retrieved from /home/airflow/.local/lib/python3.12/site-packages/airflow/example_dags/example_display_name.py
[2026-05-05T04:44:55.684+0000] {logging_mixin.py:188} INFO - [2026-05-05T04:44:55.683+0000] {dag.py:3089} INFO - Sync 1 DAGs
[2026-05-05T04:44:55.704+0000] {logging_mixin.py:188} INFO - [2026-05-05T04:44:55.704+0000] {dag.py:3947} INFO - Setting next_dagrun for example_display_name to None, run_after=None
[2026-05-05T04:44:55.764+0000] {processor.py:183} INFO - Processing /home/airflow/.local/lib/python3.12/site-packages/airflow/example_dags/example_display_name.py took 0.145 seconds
[2026-05-05T04:45:26.142+0000] {processor.py:161} INFO - Started process (PID=2893) to work on /home/airflow/.local/lib/python3.12/site-packages/airflow/example_dags/example_display_name.py
[2026-05-05T04:45:26.144+0000] {processor.py:830} INFO - Processing file /home/airflow/.local/lib/python3.12/site-packages/airflow/example_dags/example_display_name.py for tasks to queue
[2026-05-05T04:45:26.148+0000] {logging_mixin.py:188} INFO - [2026-05-05T04:45:26.148+0000] {dagbag.py:545} INFO - Filling up the DagBag from /home/airflow/.local/lib/python3.12/site-packages/airflow/example_dags/example_display_name.py
[2026-05-05T04:45:26.160+0000] {processor.py:840} INFO - DAG(s) 'example_display_name' retrieved from /home/airflow/.local/lib/python3.12/site-packages/airflow/example_dags/example_display_name.py
[2026-05-05T04:45:26.199+0000] {logging_mixin.py:188} INFO - [2026-05-05T04:45:26.199+0000] {dag.py:3089} INFO - Sync 1 DAGs
[2026-05-05T04:45:26.221+0000] {logging_mixin.py:188} INFO - [2026-05-05T04:45:26.221+0000] {dag.py:3947} INFO - Setting next_dagrun for example_display_name to None, run_after=None
[2026-05-05T04:45:26.260+0000] {processor.py:183} INFO - Processing /home/airflow/.local/lib/python3.12/site-packages/airflow/example_dags/example_display_name.py took 0.127 seconds
[2026-05-05T04:45:56.575+0000] {processor.py:161} INFO - Started process (PID=2961) to work on /home/airflow/.local/lib/python3.12/site-packages/airflow/example_dags/example_display_name.py
[2026-05-05T04:45:56.587+0000] {processor.py:830} INFO - Processing file /home/airflow/.local/lib/python3.12/site-packages/airflow/example_dags/example_display_name.py for tasks to queue
[2026-05-05T04:45:56.591+0000] {logging_mixin.py:188} INFO - [2026-05-05T04:45:56.591+0000] {dagbag.py:545} INFO - Filling up the DagBag from /home/airflow/.local/lib/python3.12/site-packages/airflow/example_dags/example_display_name.py
[2026-05-05T04:45:56.607+0000] {processor.py:840} INFO - DAG(s) 'example_display_name' retrieved from /home/airflow/.local/lib/python3.12/site-packages/airflow/example_dags/example_display_name.py
[2026-05-05T04:45:56.651+0000] {logging_mixin.py:188} INFO - [2026-05-05T04:45:56.650+0000] {dag.py:3089} INFO - Sync 1 DAGs
[2026-05-05T04:45:56.677+0000] {logging_mixin.py:188} INFO - [2026-05-05T04:45:56.677+0000] {dag.py:3947} INFO - Setting next_dagrun for example_display_name to None, run_after=None
[2026-05-05T04:45:56.743+0000] {processor.py:183} INFO - Processing /home/airflow/.local/lib/python3.12/site-packages/airflow/example_dags/example_display_name.py took 0.178 seconds
[2026-05-05T04:46:26.897+0000] {processor.py:161} INFO - Started process (PID=3029) to work on /home/airflow/.local/lib/python3.12/site-packages/airflow/example_dags/example_display_name.py
[2026-05-05T04:46:26.899+0000] {processor.py:830} INFO - Processing file /home/airflow/.local/lib/python3.12/site-packages/airflow/example_dags/example_display_name.py for tasks to queue
[2026-05-05T04:46:26.903+0000] {logging_mixin.py:188} INFO - [2026-05-05T04:46:26.902+0000] {dagbag.py:545} INFO - Filling up the DagBag from /home/airflow/.local/lib/python3.12/site-packages/airflow/example_dags/example_display_name.py
[2026-05-05T04:46:26.913+0000] {processor.py:840} INFO - DAG(s) 'example_display_name' retrieved from /home/airflow/.local/lib/python3.12/site-packages/airflow/example_dags/example_display_name.py
[2026-05-05T04:46:26.953+0000] {logging_mixin.py:188} INFO - [2026-05-05T04:46:26.952+0000] {dag.py:3089} INFO - Sync 1 DAGs
[2026-05-05T04:46:26.978+0000] {logging_mixin.py:188} INFO - [2026-05-05T04:46:26.978+0000] {dag.py:3947} INFO - Setting next_dagrun for example_display_name to None, run_after=None
[2026-05-05T04:46:27.020+0000] {processor.py:183} INFO - Processing /home/airflow/.local/lib/python3.12/site-packages/airflow/example_dags/example_display_name.py took 0.132 seconds
[2026-05-05T04:46:57.872+0000] {processor.py:161} INFO - Started process (PID=3104) to work on /home/airflow/.local/lib/python3.12/site-packages/airflow/example_dags/example_display_name.py
[2026-05-05T04:46:57.878+0000] {processor.py:830} INFO - Processing file /home/airflow/.local/lib/python3.12/site-packages/airflow/example_dags/example_display_name.py for tasks to queue
[2026-05-05T04:46:57.884+0000] {logging_mixin.py:188} INFO - [2026-05-05T04:46:57.883+0000] {dagbag.py:545} INFO - Filling up the DagBag from /home/airflow/.local/lib/python3.12/site-packages/airflow/example_dags/example_display_name.py
[2026-05-05T04:46:57.895+0000] {processor.py:840} INFO - DAG(s) 'example_display_name' retrieved from /home/airflow/.local/lib/python3.12/site-packages/airflow/example_dags/example_display_name.py
[2026-05-05T04:46:57.932+0000] {logging_mixin.py:188} INFO - [2026-05-05T04:46:57.932+0000] {dag.py:3089} INFO - Sync 1 DAGs
[2026-05-05T04:46:57.957+0000] {logging_mixin.py:188} INFO - [2026-05-05T04:46:57.956+0000] {dag.py:3947} INFO - Setting next_dagrun for example_display_name to None, run_after=None
[2026-05-05T04:46:57.999+0000] {processor.py:183} INFO - Processing /home/airflow/.local/lib/python3.12/site-packages/airflow/example_dags/example_display_name.py took 0.140 seconds
[2026-05-05T04:47:28.428+0000] {processor.py:161} INFO - Started process (PID=3171) to work on /home/airflow/.local/lib/python3.12/site-packages/airflow/example_dags/example_display_name.py
[2026-05-05T04:47:28.430+0000] {processor.py:830} INFO - Processing file /home/airflow/.local/lib/python3.12/site-packages/airflow/example_dags/example_display_name.py for tasks to queue
[2026-05-05T04:47:28.435+0000] {logging_mixin.py:188} INFO - [2026-05-05T04:47:28.434+0000] {dagbag.py:545} INFO - Filling up the DagBag from /home/airflow/.local/lib/python3.12/site-packages/airflow/example_dags/example_display_name.py
[2026-05-05T04:47:28.446+0000] {processor.py:840} INFO - DAG(s) 'example_display_name' retrieved from /home/airflow/.local/lib/python3.12/site-packages/airflow/example_dags/example_display_name.py
[2026-05-05T04:47:28.485+0000] {logging_mixin.py:188} INFO - [2026-05-05T04:47:28.484+0000] {dag.py:3089} INFO - Sync 1 DAGs
[2026-05-05T04:47:28.505+0000] {logging_mixin.py:188} INFO - [2026-05-05T04:47:28.505+0000] {dag.py:3947} INFO - Setting next_dagrun for example_display_name to None, run_after=None
[2026-05-05T04:47:28.577+0000] {processor.py:183} INFO - Processing /home/airflow/.local/lib/python3.12/site-packages/airflow/example_dags/example_display_name.py took 0.159 seconds
