[2026-05-05T04:12:56.518+0000] {processor.py:161} INFO - Started process (PID=98) to work on /home/airflow/.local/lib/python3.12/site-packages/airflow/example_dags/tutorial_objectstorage.py
[2026-05-05T04:12:56.521+0000] {processor.py:830} INFO - Processing file /home/airflow/.local/lib/python3.12/site-packages/airflow/example_dags/tutorial_objectstorage.py for tasks to queue
[2026-05-05T04:12:56.525+0000] {logging_mixin.py:188} INFO - [2026-05-05T04:12:56.525+0000] {dagbag.py:545} INFO - Filling up the DagBag from /home/airflow/.local/lib/python3.12/site-packages/airflow/example_dags/tutorial_objectstorage.py
[2026-05-05T04:12:56.543+0000] {processor.py:840} INFO - DAG(s) 'tutorial_objectstorage' retrieved from /home/airflow/.local/lib/python3.12/site-packages/airflow/example_dags/tutorial_objectstorage.py
[2026-05-05T04:12:56.592+0000] {logging_mixin.py:188} INFO - [2026-05-05T04:12:56.591+0000] {dag.py:3089} INFO - Sync 1 DAGs
[2026-05-05T04:12:56.617+0000] {logging_mixin.py:188} INFO - [2026-05-05T04:12:56.616+0000] {dag.py:3947} INFO - Setting next_dagrun for tutorial_objectstorage to None, run_after=None
[2026-05-05T04:12:56.666+0000] {processor.py:183} INFO - Processing /home/airflow/.local/lib/python3.12/site-packages/airflow/example_dags/tutorial_objectstorage.py took 0.160 seconds
[2026-05-05T04:13:28.236+0000] {processor.py:161} INFO - Started process (PID=166) to work on /home/airflow/.local/lib/python3.12/site-packages/airflow/example_dags/tutorial_objectstorage.py
[2026-05-05T04:13:28.240+0000] {processor.py:830} INFO - Processing file /home/airflow/.local/lib/python3.12/site-packages/airflow/example_dags/tutorial_objectstorage.py for tasks to queue
[2026-05-05T04:13:28.244+0000] {logging_mixin.py:188} INFO - [2026-05-05T04:13:28.243+0000] {dagbag.py:545} INFO - Filling up the DagBag from /home/airflow/.local/lib/python3.12/site-packages/airflow/example_dags/tutorial_objectstorage.py
[2026-05-05T04:13:28.257+0000] {processor.py:840} INFO - DAG(s) 'tutorial_objectstorage' retrieved from /home/airflow/.local/lib/python3.12/site-packages/airflow/example_dags/tutorial_objectstorage.py
[2026-05-05T04:13:28.275+0000] {logging_mixin.py:188} INFO - [2026-05-05T04:13:28.275+0000] {dag.py:3089} INFO - Sync 1 DAGs
[2026-05-05T04:13:28.296+0000] {logging_mixin.py:188} INFO - [2026-05-05T04:13:28.296+0000] {dag.py:3947} INFO - Setting next_dagrun for tutorial_objectstorage to None, run_after=None
[2026-05-05T04:13:28.333+0000] {processor.py:183} INFO - Processing /home/airflow/.local/lib/python3.12/site-packages/airflow/example_dags/tutorial_objectstorage.py took 0.106 seconds
[2026-05-05T04:14:02.054+0000] {processor.py:161} INFO - Started process (PID=234) to work on /home/airflow/.local/lib/python3.12/site-packages/airflow/example_dags/tutorial_objectstorage.py
[2026-05-05T04:14:02.057+0000] {processor.py:830} INFO - Processing file /home/airflow/.local/lib/python3.12/site-packages/airflow/example_dags/tutorial_objectstorage.py for tasks to queue
[2026-05-05T04:14:02.061+0000] {logging_mixin.py:188} INFO - [2026-05-05T04:14:02.060+0000] {dagbag.py:545} INFO - Filling up the DagBag from /home/airflow/.local/lib/python3.12/site-packages/airflow/example_dags/tutorial_objectstorage.py
[2026-05-05T04:14:02.076+0000] {processor.py:840} INFO - DAG(s) 'tutorial_objectstorage' retrieved from /home/airflow/.local/lib/python3.12/site-packages/airflow/example_dags/tutorial_objectstorage.py
[2026-05-05T04:14:02.239+0000] {logging_mixin.py:188} INFO - [2026-05-05T04:14:02.238+0000] {dag.py:3089} INFO - Sync 1 DAGs
[2026-05-05T04:14:02.256+0000] {logging_mixin.py:188} INFO - [2026-05-05T04:14:02.256+0000] {dag.py:3947} INFO - Setting next_dagrun for tutorial_objectstorage to None, run_after=None
[2026-05-05T04:14:02.325+0000] {processor.py:183} INFO - Processing /home/airflow/.local/lib/python3.12/site-packages/airflow/example_dags/tutorial_objectstorage.py took 0.282 seconds
[2026-05-05T04:14:33.209+0000] {processor.py:161} INFO - Started process (PID=303) to work on /home/airflow/.local/lib/python3.12/site-packages/airflow/example_dags/tutorial_objectstorage.py
[2026-05-05T04:14:33.212+0000] {processor.py:830} INFO - Processing file /home/airflow/.local/lib/python3.12/site-packages/airflow/example_dags/tutorial_objectstorage.py for tasks to queue
[2026-05-05T04:14:33.217+0000] {logging_mixin.py:188} INFO - [2026-05-05T04:14:33.216+0000] {dagbag.py:545} INFO - Filling up the DagBag from /home/airflow/.local/lib/python3.12/site-packages/airflow/example_dags/tutorial_objectstorage.py
[2026-05-05T04:14:33.232+0000] {processor.py:840} INFO - DAG(s) 'tutorial_objectstorage' retrieved from /home/airflow/.local/lib/python3.12/site-packages/airflow/example_dags/tutorial_objectstorage.py
[2026-05-05T04:14:33.274+0000] {logging_mixin.py:188} INFO - [2026-05-05T04:14:33.274+0000] {dag.py:3089} INFO - Sync 1 DAGs
[2026-05-05T04:14:33.307+0000] {logging_mixin.py:188} INFO - [2026-05-05T04:14:33.307+0000] {dag.py:3947} INFO - Setting next_dagrun for tutorial_objectstorage to None, run_after=None
[2026-05-05T04:14:33.355+0000] {processor.py:183} INFO - Processing /home/airflow/.local/lib/python3.12/site-packages/airflow/example_dags/tutorial_objectstorage.py took 0.160 seconds
[2026-05-05T04:15:03.468+0000] {processor.py:161} INFO - Started process (PID=371) to work on /home/airflow/.local/lib/python3.12/site-packages/airflow/example_dags/tutorial_objectstorage.py
[2026-05-05T04:15:03.470+0000] {processor.py:830} INFO - Processing file /home/airflow/.local/lib/python3.12/site-packages/airflow/example_dags/tutorial_objectstorage.py for tasks to queue
[2026-05-05T04:15:03.474+0000] {logging_mixin.py:188} INFO - [2026-05-05T04:15:03.473+0000] {dagbag.py:545} INFO - Filling up the DagBag from /home/airflow/.local/lib/python3.12/site-packages/airflow/example_dags/tutorial_objectstorage.py
[2026-05-05T04:15:03.487+0000] {processor.py:840} INFO - DAG(s) 'tutorial_objectstorage' retrieved from /home/airflow/.local/lib/python3.12/site-packages/airflow/example_dags/tutorial_objectstorage.py
[2026-05-05T04:15:03.523+0000] {logging_mixin.py:188} INFO - [2026-05-05T04:15:03.522+0000] {dag.py:3089} INFO - Sync 1 DAGs
[2026-05-05T04:15:03.553+0000] {logging_mixin.py:188} INFO - [2026-05-05T04:15:03.552+0000] {dag.py:3947} INFO - Setting next_dagrun for tutorial_objectstorage to None, run_after=None
[2026-05-05T04:15:03.611+0000] {processor.py:183} INFO - Processing /home/airflow/.local/lib/python3.12/site-packages/airflow/example_dags/tutorial_objectstorage.py took 0.153 seconds
[2026-05-05T04:15:33.770+0000] {processor.py:161} INFO - Started process (PID=446) to work on /home/airflow/.local/lib/python3.12/site-packages/airflow/example_dags/tutorial_objectstorage.py
[2026-05-05T04:15:33.772+0000] {processor.py:830} INFO - Processing file /home/airflow/.local/lib/python3.12/site-packages/airflow/example_dags/tutorial_objectstorage.py for tasks to queue
[2026-05-05T04:15:33.775+0000] {logging_mixin.py:188} INFO - [2026-05-05T04:15:33.775+0000] {dagbag.py:545} INFO - Filling up the DagBag from /home/airflow/.local/lib/python3.12/site-packages/airflow/example_dags/tutorial_objectstorage.py
[2026-05-05T04:15:33.789+0000] {processor.py:840} INFO - DAG(s) 'tutorial_objectstorage' retrieved from /home/airflow/.local/lib/python3.12/site-packages/airflow/example_dags/tutorial_objectstorage.py
[2026-05-05T04:15:33.819+0000] {logging_mixin.py:188} INFO - [2026-05-05T04:15:33.819+0000] {dag.py:3089} INFO - Sync 1 DAGs
[2026-05-05T04:15:33.839+0000] {logging_mixin.py:188} INFO - [2026-05-05T04:15:33.838+0000] {dag.py:3947} INFO - Setting next_dagrun for tutorial_objectstorage to None, run_after=None
[2026-05-05T04:15:33.873+0000] {processor.py:183} INFO - Processing /home/airflow/.local/lib/python3.12/site-packages/airflow/example_dags/tutorial_objectstorage.py took 0.113 seconds
[2026-05-05T04:16:04.215+0000] {processor.py:161} INFO - Started process (PID=514) to work on /home/airflow/.local/lib/python3.12/site-packages/airflow/example_dags/tutorial_objectstorage.py
[2026-05-05T04:16:04.218+0000] {processor.py:830} INFO - Processing file /home/airflow/.local/lib/python3.12/site-packages/airflow/example_dags/tutorial_objectstorage.py for tasks to queue
[2026-05-05T04:16:04.223+0000] {logging_mixin.py:188} INFO - [2026-05-05T04:16:04.223+0000] {dagbag.py:545} INFO - Filling up the DagBag from /home/airflow/.local/lib/python3.12/site-packages/airflow/example_dags/tutorial_objectstorage.py
[2026-05-05T04:16:04.241+0000] {processor.py:840} INFO - DAG(s) 'tutorial_objectstorage' retrieved from /home/airflow/.local/lib/python3.12/site-packages/airflow/example_dags/tutorial_objectstorage.py
[2026-05-05T04:16:04.286+0000] {logging_mixin.py:188} INFO - [2026-05-05T04:16:04.286+0000] {dag.py:3089} INFO - Sync 1 DAGs
[2026-05-05T04:16:04.321+0000] {logging_mixin.py:188} INFO - [2026-05-05T04:16:04.321+0000] {dag.py:3947} INFO - Setting next_dagrun for tutorial_objectstorage to None, run_after=None
[2026-05-05T04:16:04.366+0000] {processor.py:183} INFO - Processing /home/airflow/.local/lib/python3.12/site-packages/airflow/example_dags/tutorial_objectstorage.py took 0.165 seconds
[2026-05-05T04:16:34.954+0000] {processor.py:161} INFO - Started process (PID=582) to work on /home/airflow/.local/lib/python3.12/site-packages/airflow/example_dags/tutorial_objectstorage.py
[2026-05-05T04:16:34.957+0000] {processor.py:830} INFO - Processing file /home/airflow/.local/lib/python3.12/site-packages/airflow/example_dags/tutorial_objectstorage.py for tasks to queue
[2026-05-05T04:16:34.962+0000] {logging_mixin.py:188} INFO - [2026-05-05T04:16:34.961+0000] {dagbag.py:545} INFO - Filling up the DagBag from /home/airflow/.local/lib/python3.12/site-packages/airflow/example_dags/tutorial_objectstorage.py
[2026-05-05T04:16:34.984+0000] {processor.py:840} INFO - DAG(s) 'tutorial_objectstorage' retrieved from /home/airflow/.local/lib/python3.12/site-packages/airflow/example_dags/tutorial_objectstorage.py
[2026-05-05T04:16:35.034+0000] {logging_mixin.py:188} INFO - [2026-05-05T04:16:35.033+0000] {dag.py:3089} INFO - Sync 1 DAGs
[2026-05-05T04:16:35.057+0000] {logging_mixin.py:188} INFO - [2026-05-05T04:16:35.057+0000] {dag.py:3947} INFO - Setting next_dagrun for tutorial_objectstorage to None, run_after=None
[2026-05-05T04:16:35.109+0000] {processor.py:183} INFO - Processing /home/airflow/.local/lib/python3.12/site-packages/airflow/example_dags/tutorial_objectstorage.py took 0.169 seconds
[2026-05-05T04:17:05.605+0000] {processor.py:161} INFO - Started process (PID=651) to work on /home/airflow/.local/lib/python3.12/site-packages/airflow/example_dags/tutorial_objectstorage.py
[2026-05-05T04:17:05.608+0000] {processor.py:830} INFO - Processing file /home/airflow/.local/lib/python3.12/site-packages/airflow/example_dags/tutorial_objectstorage.py for tasks to queue
[2026-05-05T04:17:05.612+0000] {logging_mixin.py:188} INFO - [2026-05-05T04:17:05.611+0000] {dagbag.py:545} INFO - Filling up the DagBag from /home/airflow/.local/lib/python3.12/site-packages/airflow/example_dags/tutorial_objectstorage.py
[2026-05-05T04:17:05.629+0000] {processor.py:840} INFO - DAG(s) 'tutorial_objectstorage' retrieved from /home/airflow/.local/lib/python3.12/site-packages/airflow/example_dags/tutorial_objectstorage.py
[2026-05-05T04:17:05.663+0000] {logging_mixin.py:188} INFO - [2026-05-05T04:17:05.662+0000] {dag.py:3089} INFO - Sync 1 DAGs
[2026-05-05T04:17:05.685+0000] {logging_mixin.py:188} INFO - [2026-05-05T04:17:05.685+0000] {dag.py:3947} INFO - Setting next_dagrun for tutorial_objectstorage to None, run_after=None
[2026-05-05T04:17:05.756+0000] {processor.py:183} INFO - Processing /home/airflow/.local/lib/python3.12/site-packages/airflow/example_dags/tutorial_objectstorage.py took 0.162 seconds
[2026-05-05T04:17:36.548+0000] {processor.py:161} INFO - Started process (PID=719) to work on /home/airflow/.local/lib/python3.12/site-packages/airflow/example_dags/tutorial_objectstorage.py
[2026-05-05T04:17:36.550+0000] {processor.py:830} INFO - Processing file /home/airflow/.local/lib/python3.12/site-packages/airflow/example_dags/tutorial_objectstorage.py for tasks to queue
[2026-05-05T04:17:36.553+0000] {logging_mixin.py:188} INFO - [2026-05-05T04:17:36.553+0000] {dagbag.py:545} INFO - Filling up the DagBag from /home/airflow/.local/lib/python3.12/site-packages/airflow/example_dags/tutorial_objectstorage.py
[2026-05-05T04:17:36.567+0000] {processor.py:840} INFO - DAG(s) 'tutorial_objectstorage' retrieved from /home/airflow/.local/lib/python3.12/site-packages/airflow/example_dags/tutorial_objectstorage.py
[2026-05-05T04:17:36.600+0000] {logging_mixin.py:188} INFO - [2026-05-05T04:17:36.599+0000] {dag.py:3089} INFO - Sync 1 DAGs
[2026-05-05T04:17:36.618+0000] {logging_mixin.py:188} INFO - [2026-05-05T04:17:36.618+0000] {dag.py:3947} INFO - Setting next_dagrun for tutorial_objectstorage to None, run_after=None
[2026-05-05T04:17:36.652+0000] {processor.py:183} INFO - Processing /home/airflow/.local/lib/python3.12/site-packages/airflow/example_dags/tutorial_objectstorage.py took 0.113 seconds
[2026-05-05T04:18:06.976+0000] {processor.py:161} INFO - Started process (PID=787) to work on /home/airflow/.local/lib/python3.12/site-packages/airflow/example_dags/tutorial_objectstorage.py
[2026-05-05T04:18:06.979+0000] {processor.py:830} INFO - Processing file /home/airflow/.local/lib/python3.12/site-packages/airflow/example_dags/tutorial_objectstorage.py for tasks to queue
[2026-05-05T04:18:06.984+0000] {logging_mixin.py:188} INFO - [2026-05-05T04:18:06.983+0000] {dagbag.py:545} INFO - Filling up the DagBag from /home/airflow/.local/lib/python3.12/site-packages/airflow/example_dags/tutorial_objectstorage.py
[2026-05-05T04:18:07.001+0000] {processor.py:840} INFO - DAG(s) 'tutorial_objectstorage' retrieved from /home/airflow/.local/lib/python3.12/site-packages/airflow/example_dags/tutorial_objectstorage.py
[2026-05-05T04:18:07.046+0000] {logging_mixin.py:188} INFO - [2026-05-05T04:18:07.045+0000] {dag.py:3089} INFO - Sync 1 DAGs
[2026-05-05T04:18:07.068+0000] {logging_mixin.py:188} INFO - [2026-05-05T04:18:07.068+0000] {dag.py:3947} INFO - Setting next_dagrun for tutorial_objectstorage to None, run_after=None
[2026-05-05T04:18:07.103+0000] {processor.py:183} INFO - Processing /home/airflow/.local/lib/python3.12/site-packages/airflow/example_dags/tutorial_objectstorage.py took 0.144 seconds
[2026-05-05T04:18:37.699+0000] {processor.py:161} INFO - Started process (PID=862) to work on /home/airflow/.local/lib/python3.12/site-packages/airflow/example_dags/tutorial_objectstorage.py
[2026-05-05T04:18:37.701+0000] {processor.py:830} INFO - Processing file /home/airflow/.local/lib/python3.12/site-packages/airflow/example_dags/tutorial_objectstorage.py for tasks to queue
[2026-05-05T04:18:37.706+0000] {logging_mixin.py:188} INFO - [2026-05-05T04:18:37.705+0000] {dagbag.py:545} INFO - Filling up the DagBag from /home/airflow/.local/lib/python3.12/site-packages/airflow/example_dags/tutorial_objectstorage.py
[2026-05-05T04:18:37.719+0000] {processor.py:840} INFO - DAG(s) 'tutorial_objectstorage' retrieved from /home/airflow/.local/lib/python3.12/site-packages/airflow/example_dags/tutorial_objectstorage.py
[2026-05-05T04:18:37.753+0000] {logging_mixin.py:188} INFO - [2026-05-05T04:18:37.752+0000] {dag.py:3089} INFO - Sync 1 DAGs
[2026-05-05T04:18:37.775+0000] {logging_mixin.py:188} INFO - [2026-05-05T04:18:37.775+0000] {dag.py:3947} INFO - Setting next_dagrun for tutorial_objectstorage to None, run_after=None
[2026-05-05T04:18:37.810+0000] {processor.py:183} INFO - Processing /home/airflow/.local/lib/python3.12/site-packages/airflow/example_dags/tutorial_objectstorage.py took 0.121 seconds
[2026-05-05T04:24:36.315+0000] {processor.py:161} INFO - Started process (PID=98) to work on /home/airflow/.local/lib/python3.12/site-packages/airflow/example_dags/tutorial_objectstorage.py
[2026-05-05T04:24:36.317+0000] {processor.py:830} INFO - Processing file /home/airflow/.local/lib/python3.12/site-packages/airflow/example_dags/tutorial_objectstorage.py for tasks to queue
[2026-05-05T04:24:36.322+0000] {logging_mixin.py:188} INFO - [2026-05-05T04:24:36.322+0000] {dagbag.py:545} INFO - Filling up the DagBag from /home/airflow/.local/lib/python3.12/site-packages/airflow/example_dags/tutorial_objectstorage.py
[2026-05-05T04:24:36.335+0000] {processor.py:840} INFO - DAG(s) 'tutorial_objectstorage' retrieved from /home/airflow/.local/lib/python3.12/site-packages/airflow/example_dags/tutorial_objectstorage.py
[2026-05-05T04:24:36.485+0000] {logging_mixin.py:188} INFO - [2026-05-05T04:24:36.484+0000] {override.py:1858} INFO - Created Permission View: can edit on DAG:tutorial_objectstorage
[2026-05-05T04:24:36.502+0000] {logging_mixin.py:188} INFO - [2026-05-05T04:24:36.501+0000] {override.py:1858} INFO - Created Permission View: can delete on DAG:tutorial_objectstorage
[2026-05-05T04:24:36.514+0000] {logging_mixin.py:188} INFO - [2026-05-05T04:24:36.513+0000] {override.py:1858} INFO - Created Permission View: can read on DAG:tutorial_objectstorage
[2026-05-05T04:24:36.515+0000] {logging_mixin.py:188} INFO - [2026-05-05T04:24:36.514+0000] {dag.py:3089} INFO - Sync 1 DAGs
[2026-05-05T04:24:36.529+0000] {logging_mixin.py:188} INFO - [2026-05-05T04:24:36.528+0000] {dag.py:3111} INFO - Creating ORM DAG for tutorial_objectstorage
[2026-05-05T04:24:36.530+0000] {logging_mixin.py:188} INFO - [2026-05-05T04:24:36.530+0000] {dag.py:3947} INFO - Setting next_dagrun for tutorial_objectstorage to None, run_after=None
[2026-05-05T04:24:36.557+0000] {processor.py:183} INFO - Processing /home/airflow/.local/lib/python3.12/site-packages/airflow/example_dags/tutorial_objectstorage.py took 0.251 seconds
[2026-05-05T04:25:06.692+0000] {processor.py:161} INFO - Started process (PID=166) to work on /home/airflow/.local/lib/python3.12/site-packages/airflow/example_dags/tutorial_objectstorage.py
[2026-05-05T04:25:06.694+0000] {processor.py:830} INFO - Processing file /home/airflow/.local/lib/python3.12/site-packages/airflow/example_dags/tutorial_objectstorage.py for tasks to queue
[2026-05-05T04:25:06.699+0000] {logging_mixin.py:188} INFO - [2026-05-05T04:25:06.698+0000] {dagbag.py:545} INFO - Filling up the DagBag from /home/airflow/.local/lib/python3.12/site-packages/airflow/example_dags/tutorial_objectstorage.py
[2026-05-05T04:25:06.722+0000] {processor.py:840} INFO - DAG(s) 'tutorial_objectstorage' retrieved from /home/airflow/.local/lib/python3.12/site-packages/airflow/example_dags/tutorial_objectstorage.py
[2026-05-05T04:25:06.768+0000] {logging_mixin.py:188} INFO - [2026-05-05T04:25:06.768+0000] {dag.py:3089} INFO - Sync 1 DAGs
[2026-05-05T04:25:06.796+0000] {logging_mixin.py:188} INFO - [2026-05-05T04:25:06.795+0000] {dag.py:3947} INFO - Setting next_dagrun for tutorial_objectstorage to None, run_after=None
[2026-05-05T04:25:06.865+0000] {processor.py:183} INFO - Processing /home/airflow/.local/lib/python3.12/site-packages/airflow/example_dags/tutorial_objectstorage.py took 0.195 seconds
[2026-05-05T04:25:37.307+0000] {processor.py:161} INFO - Started process (PID=242) to work on /home/airflow/.local/lib/python3.12/site-packages/airflow/example_dags/tutorial_objectstorage.py
[2026-05-05T04:25:37.309+0000] {processor.py:830} INFO - Processing file /home/airflow/.local/lib/python3.12/site-packages/airflow/example_dags/tutorial_objectstorage.py for tasks to queue
[2026-05-05T04:25:37.313+0000] {logging_mixin.py:188} INFO - [2026-05-05T04:25:37.312+0000] {dagbag.py:545} INFO - Filling up the DagBag from /home/airflow/.local/lib/python3.12/site-packages/airflow/example_dags/tutorial_objectstorage.py
[2026-05-05T04:25:37.327+0000] {processor.py:840} INFO - DAG(s) 'tutorial_objectstorage' retrieved from /home/airflow/.local/lib/python3.12/site-packages/airflow/example_dags/tutorial_objectstorage.py
[2026-05-05T04:25:37.360+0000] {logging_mixin.py:188} INFO - [2026-05-05T04:25:37.359+0000] {dag.py:3089} INFO - Sync 1 DAGs
[2026-05-05T04:25:37.380+0000] {logging_mixin.py:188} INFO - [2026-05-05T04:25:37.379+0000] {dag.py:3947} INFO - Setting next_dagrun for tutorial_objectstorage to None, run_after=None
[2026-05-05T04:25:37.446+0000] {processor.py:183} INFO - Processing /home/airflow/.local/lib/python3.12/site-packages/airflow/example_dags/tutorial_objectstorage.py took 0.148 seconds
[2026-05-05T04:26:07.606+0000] {processor.py:161} INFO - Started process (PID=310) to work on /home/airflow/.local/lib/python3.12/site-packages/airflow/example_dags/tutorial_objectstorage.py
[2026-05-05T04:26:07.608+0000] {processor.py:830} INFO - Processing file /home/airflow/.local/lib/python3.12/site-packages/airflow/example_dags/tutorial_objectstorage.py for tasks to queue
[2026-05-05T04:26:07.611+0000] {logging_mixin.py:188} INFO - [2026-05-05T04:26:07.611+0000] {dagbag.py:545} INFO - Filling up the DagBag from /home/airflow/.local/lib/python3.12/site-packages/airflow/example_dags/tutorial_objectstorage.py
[2026-05-05T04:26:07.628+0000] {processor.py:840} INFO - DAG(s) 'tutorial_objectstorage' retrieved from /home/airflow/.local/lib/python3.12/site-packages/airflow/example_dags/tutorial_objectstorage.py
[2026-05-05T04:26:07.668+0000] {logging_mixin.py:188} INFO - [2026-05-05T04:26:07.668+0000] {dag.py:3089} INFO - Sync 1 DAGs
[2026-05-05T04:26:07.687+0000] {logging_mixin.py:188} INFO - [2026-05-05T04:26:07.686+0000] {dag.py:3947} INFO - Setting next_dagrun for tutorial_objectstorage to None, run_after=None
[2026-05-05T04:26:07.722+0000] {processor.py:183} INFO - Processing /home/airflow/.local/lib/python3.12/site-packages/airflow/example_dags/tutorial_objectstorage.py took 0.124 seconds
[2026-05-05T04:26:38.281+0000] {processor.py:161} INFO - Started process (PID=378) to work on /home/airflow/.local/lib/python3.12/site-packages/airflow/example_dags/tutorial_objectstorage.py
[2026-05-05T04:26:38.283+0000] {processor.py:830} INFO - Processing file /home/airflow/.local/lib/python3.12/site-packages/airflow/example_dags/tutorial_objectstorage.py for tasks to queue
[2026-05-05T04:26:38.288+0000] {logging_mixin.py:188} INFO - [2026-05-05T04:26:38.287+0000] {dagbag.py:545} INFO - Filling up the DagBag from /home/airflow/.local/lib/python3.12/site-packages/airflow/example_dags/tutorial_objectstorage.py
[2026-05-05T04:26:38.301+0000] {processor.py:840} INFO - DAG(s) 'tutorial_objectstorage' retrieved from /home/airflow/.local/lib/python3.12/site-packages/airflow/example_dags/tutorial_objectstorage.py
[2026-05-05T04:26:38.334+0000] {logging_mixin.py:188} INFO - [2026-05-05T04:26:38.334+0000] {dag.py:3089} INFO - Sync 1 DAGs
[2026-05-05T04:26:38.360+0000] {logging_mixin.py:188} INFO - [2026-05-05T04:26:38.359+0000] {dag.py:3947} INFO - Setting next_dagrun for tutorial_objectstorage to None, run_after=None
[2026-05-05T04:26:38.402+0000] {processor.py:183} INFO - Processing /home/airflow/.local/lib/python3.12/site-packages/airflow/example_dags/tutorial_objectstorage.py took 0.134 seconds
[2026-05-05T04:27:08.695+0000] {processor.py:161} INFO - Started process (PID=446) to work on /home/airflow/.local/lib/python3.12/site-packages/airflow/example_dags/tutorial_objectstorage.py
[2026-05-05T04:27:08.698+0000] {processor.py:830} INFO - Processing file /home/airflow/.local/lib/python3.12/site-packages/airflow/example_dags/tutorial_objectstorage.py for tasks to queue
[2026-05-05T04:27:08.702+0000] {logging_mixin.py:188} INFO - [2026-05-05T04:27:08.701+0000] {dagbag.py:545} INFO - Filling up the DagBag from /home/airflow/.local/lib/python3.12/site-packages/airflow/example_dags/tutorial_objectstorage.py
[2026-05-05T04:27:08.717+0000] {processor.py:840} INFO - DAG(s) 'tutorial_objectstorage' retrieved from /home/airflow/.local/lib/python3.12/site-packages/airflow/example_dags/tutorial_objectstorage.py
[2026-05-05T04:27:08.758+0000] {logging_mixin.py:188} INFO - [2026-05-05T04:27:08.758+0000] {dag.py:3089} INFO - Sync 1 DAGs
[2026-05-05T04:27:08.781+0000] {logging_mixin.py:188} INFO - [2026-05-05T04:27:08.780+0000] {dag.py:3947} INFO - Setting next_dagrun for tutorial_objectstorage to None, run_after=None
[2026-05-05T04:27:08.845+0000] {processor.py:183} INFO - Processing /home/airflow/.local/lib/python3.12/site-packages/airflow/example_dags/tutorial_objectstorage.py took 0.162 seconds
[2026-05-05T04:27:39.005+0000] {processor.py:161} INFO - Started process (PID=513) to work on /home/airflow/.local/lib/python3.12/site-packages/airflow/example_dags/tutorial_objectstorage.py
[2026-05-05T04:27:39.009+0000] {processor.py:830} INFO - Processing file /home/airflow/.local/lib/python3.12/site-packages/airflow/example_dags/tutorial_objectstorage.py for tasks to queue
[2026-05-05T04:27:39.014+0000] {logging_mixin.py:188} INFO - [2026-05-05T04:27:39.013+0000] {dagbag.py:545} INFO - Filling up the DagBag from /home/airflow/.local/lib/python3.12/site-packages/airflow/example_dags/tutorial_objectstorage.py
[2026-05-05T04:27:39.030+0000] {processor.py:840} INFO - DAG(s) 'tutorial_objectstorage' retrieved from /home/airflow/.local/lib/python3.12/site-packages/airflow/example_dags/tutorial_objectstorage.py
[2026-05-05T04:27:39.067+0000] {logging_mixin.py:188} INFO - [2026-05-05T04:27:39.067+0000] {dag.py:3089} INFO - Sync 1 DAGs
[2026-05-05T04:27:39.085+0000] {logging_mixin.py:188} INFO - [2026-05-05T04:27:39.085+0000] {dag.py:3947} INFO - Setting next_dagrun for tutorial_objectstorage to None, run_after=None
[2026-05-05T04:27:39.123+0000] {processor.py:183} INFO - Processing /home/airflow/.local/lib/python3.12/site-packages/airflow/example_dags/tutorial_objectstorage.py took 0.134 seconds
[2026-05-05T04:28:09.534+0000] {processor.py:161} INFO - Started process (PID=581) to work on /home/airflow/.local/lib/python3.12/site-packages/airflow/example_dags/tutorial_objectstorage.py
[2026-05-05T04:28:09.537+0000] {processor.py:830} INFO - Processing file /home/airflow/.local/lib/python3.12/site-packages/airflow/example_dags/tutorial_objectstorage.py for tasks to queue
[2026-05-05T04:28:09.542+0000] {logging_mixin.py:188} INFO - [2026-05-05T04:28:09.541+0000] {dagbag.py:545} INFO - Filling up the DagBag from /home/airflow/.local/lib/python3.12/site-packages/airflow/example_dags/tutorial_objectstorage.py
[2026-05-05T04:28:09.560+0000] {processor.py:840} INFO - DAG(s) 'tutorial_objectstorage' retrieved from /home/airflow/.local/lib/python3.12/site-packages/airflow/example_dags/tutorial_objectstorage.py
[2026-05-05T04:28:09.597+0000] {logging_mixin.py:188} INFO - [2026-05-05T04:28:09.596+0000] {dag.py:3089} INFO - Sync 1 DAGs
[2026-05-05T04:28:09.616+0000] {logging_mixin.py:188} INFO - [2026-05-05T04:28:09.615+0000] {dag.py:3947} INFO - Setting next_dagrun for tutorial_objectstorage to None, run_after=None
[2026-05-05T04:28:09.660+0000] {processor.py:183} INFO - Processing /home/airflow/.local/lib/python3.12/site-packages/airflow/example_dags/tutorial_objectstorage.py took 0.140 seconds
[2026-05-05T04:28:40.349+0000] {processor.py:161} INFO - Started process (PID=656) to work on /home/airflow/.local/lib/python3.12/site-packages/airflow/example_dags/tutorial_objectstorage.py
[2026-05-05T04:28:40.351+0000] {processor.py:830} INFO - Processing file /home/airflow/.local/lib/python3.12/site-packages/airflow/example_dags/tutorial_objectstorage.py for tasks to queue
[2026-05-05T04:28:40.354+0000] {logging_mixin.py:188} INFO - [2026-05-05T04:28:40.353+0000] {dagbag.py:545} INFO - Filling up the DagBag from /home/airflow/.local/lib/python3.12/site-packages/airflow/example_dags/tutorial_objectstorage.py
[2026-05-05T04:28:40.366+0000] {processor.py:840} INFO - DAG(s) 'tutorial_objectstorage' retrieved from /home/airflow/.local/lib/python3.12/site-packages/airflow/example_dags/tutorial_objectstorage.py
[2026-05-05T04:28:40.397+0000] {logging_mixin.py:188} INFO - [2026-05-05T04:28:40.397+0000] {dag.py:3089} INFO - Sync 1 DAGs
[2026-05-05T04:28:40.415+0000] {logging_mixin.py:188} INFO - [2026-05-05T04:28:40.415+0000] {dag.py:3947} INFO - Setting next_dagrun for tutorial_objectstorage to None, run_after=None
[2026-05-05T04:28:40.474+0000] {processor.py:183} INFO - Processing /home/airflow/.local/lib/python3.12/site-packages/airflow/example_dags/tutorial_objectstorage.py took 0.135 seconds
[2026-05-05T04:29:11.148+0000] {processor.py:161} INFO - Started process (PID=724) to work on /home/airflow/.local/lib/python3.12/site-packages/airflow/example_dags/tutorial_objectstorage.py
[2026-05-05T04:29:11.150+0000] {processor.py:830} INFO - Processing file /home/airflow/.local/lib/python3.12/site-packages/airflow/example_dags/tutorial_objectstorage.py for tasks to queue
[2026-05-05T04:29:11.154+0000] {logging_mixin.py:188} INFO - [2026-05-05T04:29:11.153+0000] {dagbag.py:545} INFO - Filling up the DagBag from /home/airflow/.local/lib/python3.12/site-packages/airflow/example_dags/tutorial_objectstorage.py
[2026-05-05T04:29:11.172+0000] {processor.py:840} INFO - DAG(s) 'tutorial_objectstorage' retrieved from /home/airflow/.local/lib/python3.12/site-packages/airflow/example_dags/tutorial_objectstorage.py
[2026-05-05T04:29:11.235+0000] {logging_mixin.py:188} INFO - [2026-05-05T04:29:11.235+0000] {dag.py:3089} INFO - Sync 1 DAGs
[2026-05-05T04:29:11.260+0000] {logging_mixin.py:188} INFO - [2026-05-05T04:29:11.260+0000] {dag.py:3947} INFO - Setting next_dagrun for tutorial_objectstorage to None, run_after=None
[2026-05-05T04:29:11.301+0000] {processor.py:183} INFO - Processing /home/airflow/.local/lib/python3.12/site-packages/airflow/example_dags/tutorial_objectstorage.py took 0.164 seconds
[2026-05-05T04:29:42.139+0000] {processor.py:161} INFO - Started process (PID=792) to work on /home/airflow/.local/lib/python3.12/site-packages/airflow/example_dags/tutorial_objectstorage.py
[2026-05-05T04:29:42.142+0000] {processor.py:830} INFO - Processing file /home/airflow/.local/lib/python3.12/site-packages/airflow/example_dags/tutorial_objectstorage.py for tasks to queue
[2026-05-05T04:29:42.148+0000] {logging_mixin.py:188} INFO - [2026-05-05T04:29:42.147+0000] {dagbag.py:545} INFO - Filling up the DagBag from /home/airflow/.local/lib/python3.12/site-packages/airflow/example_dags/tutorial_objectstorage.py
[2026-05-05T04:29:42.167+0000] {processor.py:840} INFO - DAG(s) 'tutorial_objectstorage' retrieved from /home/airflow/.local/lib/python3.12/site-packages/airflow/example_dags/tutorial_objectstorage.py
[2026-05-05T04:29:42.211+0000] {logging_mixin.py:188} INFO - [2026-05-05T04:29:42.210+0000] {dag.py:3089} INFO - Sync 1 DAGs
[2026-05-05T04:29:42.231+0000] {logging_mixin.py:188} INFO - [2026-05-05T04:29:42.230+0000] {dag.py:3947} INFO - Setting next_dagrun for tutorial_objectstorage to None, run_after=None
[2026-05-05T04:29:42.297+0000] {processor.py:183} INFO - Processing /home/airflow/.local/lib/python3.12/site-packages/airflow/example_dags/tutorial_objectstorage.py took 0.173 seconds
[2026-05-05T04:30:12.845+0000] {processor.py:161} INFO - Started process (PID=860) to work on /home/airflow/.local/lib/python3.12/site-packages/airflow/example_dags/tutorial_objectstorage.py
[2026-05-05T04:30:12.847+0000] {processor.py:830} INFO - Processing file /home/airflow/.local/lib/python3.12/site-packages/airflow/example_dags/tutorial_objectstorage.py for tasks to queue
[2026-05-05T04:30:12.851+0000] {logging_mixin.py:188} INFO - [2026-05-05T04:30:12.851+0000] {dagbag.py:545} INFO - Filling up the DagBag from /home/airflow/.local/lib/python3.12/site-packages/airflow/example_dags/tutorial_objectstorage.py
[2026-05-05T04:30:12.865+0000] {processor.py:840} INFO - DAG(s) 'tutorial_objectstorage' retrieved from /home/airflow/.local/lib/python3.12/site-packages/airflow/example_dags/tutorial_objectstorage.py
[2026-05-05T04:30:12.905+0000] {logging_mixin.py:188} INFO - [2026-05-05T04:30:12.905+0000] {dag.py:3089} INFO - Sync 1 DAGs
[2026-05-05T04:30:12.927+0000] {logging_mixin.py:188} INFO - [2026-05-05T04:30:12.927+0000] {dag.py:3947} INFO - Setting next_dagrun for tutorial_objectstorage to None, run_after=None
[2026-05-05T04:30:13.003+0000] {processor.py:183} INFO - Processing /home/airflow/.local/lib/python3.12/site-packages/airflow/example_dags/tutorial_objectstorage.py took 0.170 seconds
[2026-05-05T04:30:43.359+0000] {processor.py:161} INFO - Started process (PID=928) to work on /home/airflow/.local/lib/python3.12/site-packages/airflow/example_dags/tutorial_objectstorage.py
[2026-05-05T04:30:43.364+0000] {processor.py:830} INFO - Processing file /home/airflow/.local/lib/python3.12/site-packages/airflow/example_dags/tutorial_objectstorage.py for tasks to queue
[2026-05-05T04:30:43.367+0000] {logging_mixin.py:188} INFO - [2026-05-05T04:30:43.367+0000] {dagbag.py:545} INFO - Filling up the DagBag from /home/airflow/.local/lib/python3.12/site-packages/airflow/example_dags/tutorial_objectstorage.py
[2026-05-05T04:30:43.380+0000] {processor.py:840} INFO - DAG(s) 'tutorial_objectstorage' retrieved from /home/airflow/.local/lib/python3.12/site-packages/airflow/example_dags/tutorial_objectstorage.py
[2026-05-05T04:30:43.412+0000] {logging_mixin.py:188} INFO - [2026-05-05T04:30:43.412+0000] {dag.py:3089} INFO - Sync 1 DAGs
[2026-05-05T04:30:43.436+0000] {logging_mixin.py:188} INFO - [2026-05-05T04:30:43.435+0000] {dag.py:3947} INFO - Setting next_dagrun for tutorial_objectstorage to None, run_after=None
[2026-05-05T04:30:43.466+0000] {processor.py:183} INFO - Processing /home/airflow/.local/lib/python3.12/site-packages/airflow/example_dags/tutorial_objectstorage.py took 0.117 seconds
[2026-05-05T04:31:14.347+0000] {processor.py:161} INFO - Started process (PID=1002) to work on /home/airflow/.local/lib/python3.12/site-packages/airflow/example_dags/tutorial_objectstorage.py
[2026-05-05T04:31:14.349+0000] {processor.py:830} INFO - Processing file /home/airflow/.local/lib/python3.12/site-packages/airflow/example_dags/tutorial_objectstorage.py for tasks to queue
[2026-05-05T04:31:14.354+0000] {logging_mixin.py:188} INFO - [2026-05-05T04:31:14.352+0000] {dagbag.py:545} INFO - Filling up the DagBag from /home/airflow/.local/lib/python3.12/site-packages/airflow/example_dags/tutorial_objectstorage.py
[2026-05-05T04:31:14.366+0000] {processor.py:840} INFO - DAG(s) 'tutorial_objectstorage' retrieved from /home/airflow/.local/lib/python3.12/site-packages/airflow/example_dags/tutorial_objectstorage.py
[2026-05-05T04:31:14.403+0000] {logging_mixin.py:188} INFO - [2026-05-05T04:31:14.402+0000] {dag.py:3089} INFO - Sync 1 DAGs
[2026-05-05T04:31:14.427+0000] {logging_mixin.py:188} INFO - [2026-05-05T04:31:14.427+0000] {dag.py:3947} INFO - Setting next_dagrun for tutorial_objectstorage to None, run_after=None
[2026-05-05T04:31:14.493+0000] {processor.py:183} INFO - Processing /home/airflow/.local/lib/python3.12/site-packages/airflow/example_dags/tutorial_objectstorage.py took 0.160 seconds
[2026-05-05T04:31:44.722+0000] {processor.py:161} INFO - Started process (PID=1071) to work on /home/airflow/.local/lib/python3.12/site-packages/airflow/example_dags/tutorial_objectstorage.py
[2026-05-05T04:31:44.724+0000] {processor.py:830} INFO - Processing file /home/airflow/.local/lib/python3.12/site-packages/airflow/example_dags/tutorial_objectstorage.py for tasks to queue
[2026-05-05T04:31:44.728+0000] {logging_mixin.py:188} INFO - [2026-05-05T04:31:44.728+0000] {dagbag.py:545} INFO - Filling up the DagBag from /home/airflow/.local/lib/python3.12/site-packages/airflow/example_dags/tutorial_objectstorage.py
[2026-05-05T04:31:44.745+0000] {processor.py:840} INFO - DAG(s) 'tutorial_objectstorage' retrieved from /home/airflow/.local/lib/python3.12/site-packages/airflow/example_dags/tutorial_objectstorage.py
[2026-05-05T04:31:44.790+0000] {logging_mixin.py:188} INFO - [2026-05-05T04:31:44.790+0000] {dag.py:3089} INFO - Sync 1 DAGs
[2026-05-05T04:31:44.818+0000] {logging_mixin.py:188} INFO - [2026-05-05T04:31:44.817+0000] {dag.py:3947} INFO - Setting next_dagrun for tutorial_objectstorage to None, run_after=None
[2026-05-05T04:31:44.883+0000] {processor.py:183} INFO - Processing /home/airflow/.local/lib/python3.12/site-packages/airflow/example_dags/tutorial_objectstorage.py took 0.174 seconds
[2026-05-05T04:32:15.032+0000] {processor.py:161} INFO - Started process (PID=1139) to work on /home/airflow/.local/lib/python3.12/site-packages/airflow/example_dags/tutorial_objectstorage.py
[2026-05-05T04:32:15.034+0000] {processor.py:830} INFO - Processing file /home/airflow/.local/lib/python3.12/site-packages/airflow/example_dags/tutorial_objectstorage.py for tasks to queue
[2026-05-05T04:32:15.037+0000] {logging_mixin.py:188} INFO - [2026-05-05T04:32:15.037+0000] {dagbag.py:545} INFO - Filling up the DagBag from /home/airflow/.local/lib/python3.12/site-packages/airflow/example_dags/tutorial_objectstorage.py
[2026-05-05T04:32:15.049+0000] {processor.py:840} INFO - DAG(s) 'tutorial_objectstorage' retrieved from /home/airflow/.local/lib/python3.12/site-packages/airflow/example_dags/tutorial_objectstorage.py
[2026-05-05T04:32:15.081+0000] {logging_mixin.py:188} INFO - [2026-05-05T04:32:15.081+0000] {dag.py:3089} INFO - Sync 1 DAGs
[2026-05-05T04:32:15.098+0000] {logging_mixin.py:188} INFO - [2026-05-05T04:32:15.098+0000] {dag.py:3947} INFO - Setting next_dagrun for tutorial_objectstorage to None, run_after=None
[2026-05-05T04:32:15.159+0000] {processor.py:183} INFO - Processing /home/airflow/.local/lib/python3.12/site-packages/airflow/example_dags/tutorial_objectstorage.py took 0.135 seconds
[2026-05-05T04:32:46.303+0000] {processor.py:161} INFO - Started process (PID=1207) to work on /home/airflow/.local/lib/python3.12/site-packages/airflow/example_dags/tutorial_objectstorage.py
[2026-05-05T04:32:46.306+0000] {processor.py:830} INFO - Processing file /home/airflow/.local/lib/python3.12/site-packages/airflow/example_dags/tutorial_objectstorage.py for tasks to queue
[2026-05-05T04:32:46.309+0000] {logging_mixin.py:188} INFO - [2026-05-05T04:32:46.309+0000] {dagbag.py:545} INFO - Filling up the DagBag from /home/airflow/.local/lib/python3.12/site-packages/airflow/example_dags/tutorial_objectstorage.py
[2026-05-05T04:32:46.324+0000] {processor.py:840} INFO - DAG(s) 'tutorial_objectstorage' retrieved from /home/airflow/.local/lib/python3.12/site-packages/airflow/example_dags/tutorial_objectstorage.py
[2026-05-05T04:32:46.359+0000] {logging_mixin.py:188} INFO - [2026-05-05T04:32:46.358+0000] {dag.py:3089} INFO - Sync 1 DAGs
[2026-05-05T04:32:46.378+0000] {logging_mixin.py:188} INFO - [2026-05-05T04:32:46.378+0000] {dag.py:3947} INFO - Setting next_dagrun for tutorial_objectstorage to None, run_after=None
[2026-05-05T04:32:46.420+0000] {processor.py:183} INFO - Processing /home/airflow/.local/lib/python3.12/site-packages/airflow/example_dags/tutorial_objectstorage.py took 0.135 seconds
[2026-05-05T04:33:17.201+0000] {processor.py:161} INFO - Started process (PID=1275) to work on /home/airflow/.local/lib/python3.12/site-packages/airflow/example_dags/tutorial_objectstorage.py
[2026-05-05T04:33:17.203+0000] {processor.py:830} INFO - Processing file /home/airflow/.local/lib/python3.12/site-packages/airflow/example_dags/tutorial_objectstorage.py for tasks to queue
[2026-05-05T04:33:17.206+0000] {logging_mixin.py:188} INFO - [2026-05-05T04:33:17.206+0000] {dagbag.py:545} INFO - Filling up the DagBag from /home/airflow/.local/lib/python3.12/site-packages/airflow/example_dags/tutorial_objectstorage.py
[2026-05-05T04:33:17.218+0000] {processor.py:840} INFO - DAG(s) 'tutorial_objectstorage' retrieved from /home/airflow/.local/lib/python3.12/site-packages/airflow/example_dags/tutorial_objectstorage.py
[2026-05-05T04:33:17.256+0000] {logging_mixin.py:188} INFO - [2026-05-05T04:33:17.255+0000] {dag.py:3089} INFO - Sync 1 DAGs
[2026-05-05T04:33:17.281+0000] {logging_mixin.py:188} INFO - [2026-05-05T04:33:17.280+0000] {dag.py:3947} INFO - Setting next_dagrun for tutorial_objectstorage to None, run_after=None
[2026-05-05T04:33:17.316+0000] {processor.py:183} INFO - Processing /home/airflow/.local/lib/python3.12/site-packages/airflow/example_dags/tutorial_objectstorage.py took 0.125 seconds
[2026-05-05T04:33:47.831+0000] {processor.py:161} INFO - Started process (PID=1343) to work on /home/airflow/.local/lib/python3.12/site-packages/airflow/example_dags/tutorial_objectstorage.py
[2026-05-05T04:33:47.835+0000] {processor.py:830} INFO - Processing file /home/airflow/.local/lib/python3.12/site-packages/airflow/example_dags/tutorial_objectstorage.py for tasks to queue
[2026-05-05T04:33:47.839+0000] {logging_mixin.py:188} INFO - [2026-05-05T04:33:47.839+0000] {dagbag.py:545} INFO - Filling up the DagBag from /home/airflow/.local/lib/python3.12/site-packages/airflow/example_dags/tutorial_objectstorage.py
[2026-05-05T04:33:47.851+0000] {processor.py:840} INFO - DAG(s) 'tutorial_objectstorage' retrieved from /home/airflow/.local/lib/python3.12/site-packages/airflow/example_dags/tutorial_objectstorage.py
[2026-05-05T04:33:47.885+0000] {logging_mixin.py:188} INFO - [2026-05-05T04:33:47.884+0000] {dag.py:3089} INFO - Sync 1 DAGs
[2026-05-05T04:33:47.904+0000] {logging_mixin.py:188} INFO - [2026-05-05T04:33:47.904+0000] {dag.py:3947} INFO - Setting next_dagrun for tutorial_objectstorage to None, run_after=None
[2026-05-05T04:33:48.175+0000] {processor.py:183} INFO - Processing /home/airflow/.local/lib/python3.12/site-packages/airflow/example_dags/tutorial_objectstorage.py took 0.355 seconds
[2026-05-05T04:34:18.811+0000] {processor.py:161} INFO - Started process (PID=1412) to work on /home/airflow/.local/lib/python3.12/site-packages/airflow/example_dags/tutorial_objectstorage.py
[2026-05-05T04:34:18.813+0000] {processor.py:830} INFO - Processing file /home/airflow/.local/lib/python3.12/site-packages/airflow/example_dags/tutorial_objectstorage.py for tasks to queue
[2026-05-05T04:34:18.816+0000] {logging_mixin.py:188} INFO - [2026-05-05T04:34:18.815+0000] {dagbag.py:545} INFO - Filling up the DagBag from /home/airflow/.local/lib/python3.12/site-packages/airflow/example_dags/tutorial_objectstorage.py
[2026-05-05T04:34:18.830+0000] {processor.py:840} INFO - DAG(s) 'tutorial_objectstorage' retrieved from /home/airflow/.local/lib/python3.12/site-packages/airflow/example_dags/tutorial_objectstorage.py
[2026-05-05T04:34:18.868+0000] {logging_mixin.py:188} INFO - [2026-05-05T04:34:18.868+0000] {dag.py:3089} INFO - Sync 1 DAGs
[2026-05-05T04:34:18.891+0000] {logging_mixin.py:188} INFO - [2026-05-05T04:34:18.890+0000] {dag.py:3947} INFO - Setting next_dagrun for tutorial_objectstorage to None, run_after=None
[2026-05-05T04:34:19.004+0000] {processor.py:183} INFO - Processing /home/airflow/.local/lib/python3.12/site-packages/airflow/example_dags/tutorial_objectstorage.py took 0.203 seconds
[2026-05-05T04:34:49.461+0000] {processor.py:161} INFO - Started process (PID=1486) to work on /home/airflow/.local/lib/python3.12/site-packages/airflow/example_dags/tutorial_objectstorage.py
[2026-05-05T04:34:49.463+0000] {processor.py:830} INFO - Processing file /home/airflow/.local/lib/python3.12/site-packages/airflow/example_dags/tutorial_objectstorage.py for tasks to queue
[2026-05-05T04:34:49.467+0000] {logging_mixin.py:188} INFO - [2026-05-05T04:34:49.466+0000] {dagbag.py:545} INFO - Filling up the DagBag from /home/airflow/.local/lib/python3.12/site-packages/airflow/example_dags/tutorial_objectstorage.py
[2026-05-05T04:34:49.479+0000] {processor.py:840} INFO - DAG(s) 'tutorial_objectstorage' retrieved from /home/airflow/.local/lib/python3.12/site-packages/airflow/example_dags/tutorial_objectstorage.py
[2026-05-05T04:34:49.510+0000] {logging_mixin.py:188} INFO - [2026-05-05T04:34:49.509+0000] {dag.py:3089} INFO - Sync 1 DAGs
[2026-05-05T04:34:49.534+0000] {logging_mixin.py:188} INFO - [2026-05-05T04:34:49.534+0000] {dag.py:3947} INFO - Setting next_dagrun for tutorial_objectstorage to None, run_after=None
[2026-05-05T04:34:49.585+0000] {processor.py:183} INFO - Processing /home/airflow/.local/lib/python3.12/site-packages/airflow/example_dags/tutorial_objectstorage.py took 0.133 seconds
[2026-05-05T04:35:19.986+0000] {processor.py:161} INFO - Started process (PID=1554) to work on /home/airflow/.local/lib/python3.12/site-packages/airflow/example_dags/tutorial_objectstorage.py
[2026-05-05T04:35:19.990+0000] {processor.py:830} INFO - Processing file /home/airflow/.local/lib/python3.12/site-packages/airflow/example_dags/tutorial_objectstorage.py for tasks to queue
[2026-05-05T04:35:19.994+0000] {logging_mixin.py:188} INFO - [2026-05-05T04:35:19.994+0000] {dagbag.py:545} INFO - Filling up the DagBag from /home/airflow/.local/lib/python3.12/site-packages/airflow/example_dags/tutorial_objectstorage.py
[2026-05-05T04:35:20.007+0000] {processor.py:840} INFO - DAG(s) 'tutorial_objectstorage' retrieved from /home/airflow/.local/lib/python3.12/site-packages/airflow/example_dags/tutorial_objectstorage.py
[2026-05-05T04:35:20.045+0000] {logging_mixin.py:188} INFO - [2026-05-05T04:35:20.045+0000] {dag.py:3089} INFO - Sync 1 DAGs
[2026-05-05T04:35:20.070+0000] {logging_mixin.py:188} INFO - [2026-05-05T04:35:20.070+0000] {dag.py:3947} INFO - Setting next_dagrun for tutorial_objectstorage to None, run_after=None
[2026-05-05T04:35:20.113+0000] {processor.py:183} INFO - Processing /home/airflow/.local/lib/python3.12/site-packages/airflow/example_dags/tutorial_objectstorage.py took 0.141 seconds
[2026-05-05T04:35:50.891+0000] {processor.py:161} INFO - Started process (PID=1622) to work on /home/airflow/.local/lib/python3.12/site-packages/airflow/example_dags/tutorial_objectstorage.py
[2026-05-05T04:35:50.893+0000] {processor.py:830} INFO - Processing file /home/airflow/.local/lib/python3.12/site-packages/airflow/example_dags/tutorial_objectstorage.py for tasks to queue
[2026-05-05T04:35:50.899+0000] {logging_mixin.py:188} INFO - [2026-05-05T04:35:50.898+0000] {dagbag.py:545} INFO - Filling up the DagBag from /home/airflow/.local/lib/python3.12/site-packages/airflow/example_dags/tutorial_objectstorage.py
[2026-05-05T04:35:50.911+0000] {processor.py:840} INFO - DAG(s) 'tutorial_objectstorage' retrieved from /home/airflow/.local/lib/python3.12/site-packages/airflow/example_dags/tutorial_objectstorage.py
[2026-05-05T04:35:50.947+0000] {logging_mixin.py:188} INFO - [2026-05-05T04:35:50.946+0000] {dag.py:3089} INFO - Sync 1 DAGs
[2026-05-05T04:35:50.970+0000] {logging_mixin.py:188} INFO - [2026-05-05T04:35:50.970+0000] {dag.py:3947} INFO - Setting next_dagrun for tutorial_objectstorage to None, run_after=None
[2026-05-05T04:35:51.093+0000] {processor.py:183} INFO - Processing /home/airflow/.local/lib/python3.12/site-packages/airflow/example_dags/tutorial_objectstorage.py took 0.213 seconds
[2026-05-05T04:36:21.476+0000] {processor.py:161} INFO - Started process (PID=1689) to work on /home/airflow/.local/lib/python3.12/site-packages/airflow/example_dags/tutorial_objectstorage.py
[2026-05-05T04:36:21.478+0000] {processor.py:830} INFO - Processing file /home/airflow/.local/lib/python3.12/site-packages/airflow/example_dags/tutorial_objectstorage.py for tasks to queue
[2026-05-05T04:36:21.482+0000] {logging_mixin.py:188} INFO - [2026-05-05T04:36:21.481+0000] {dagbag.py:545} INFO - Filling up the DagBag from /home/airflow/.local/lib/python3.12/site-packages/airflow/example_dags/tutorial_objectstorage.py
[2026-05-05T04:36:21.494+0000] {processor.py:840} INFO - DAG(s) 'tutorial_objectstorage' retrieved from /home/airflow/.local/lib/python3.12/site-packages/airflow/example_dags/tutorial_objectstorage.py
[2026-05-05T04:36:21.532+0000] {logging_mixin.py:188} INFO - [2026-05-05T04:36:21.532+0000] {dag.py:3089} INFO - Sync 1 DAGs
[2026-05-05T04:36:21.563+0000] {logging_mixin.py:188} INFO - [2026-05-05T04:36:21.562+0000] {dag.py:3947} INFO - Setting next_dagrun for tutorial_objectstorage to None, run_after=None
[2026-05-05T04:36:21.602+0000] {processor.py:183} INFO - Processing /home/airflow/.local/lib/python3.12/site-packages/airflow/example_dags/tutorial_objectstorage.py took 0.135 seconds
[2026-05-05T04:36:52.335+0000] {processor.py:161} INFO - Started process (PID=1758) to work on /home/airflow/.local/lib/python3.12/site-packages/airflow/example_dags/tutorial_objectstorage.py
[2026-05-05T04:36:52.339+0000] {processor.py:830} INFO - Processing file /home/airflow/.local/lib/python3.12/site-packages/airflow/example_dags/tutorial_objectstorage.py for tasks to queue
[2026-05-05T04:36:52.343+0000] {logging_mixin.py:188} INFO - [2026-05-05T04:36:52.343+0000] {dagbag.py:545} INFO - Filling up the DagBag from /home/airflow/.local/lib/python3.12/site-packages/airflow/example_dags/tutorial_objectstorage.py
[2026-05-05T04:36:52.358+0000] {processor.py:840} INFO - DAG(s) 'tutorial_objectstorage' retrieved from /home/airflow/.local/lib/python3.12/site-packages/airflow/example_dags/tutorial_objectstorage.py
[2026-05-05T04:36:52.395+0000] {logging_mixin.py:188} INFO - [2026-05-05T04:36:52.394+0000] {dag.py:3089} INFO - Sync 1 DAGs
[2026-05-05T04:36:52.418+0000] {logging_mixin.py:188} INFO - [2026-05-05T04:36:52.417+0000] {dag.py:3947} INFO - Setting next_dagrun for tutorial_objectstorage to None, run_after=None
[2026-05-05T04:36:52.485+0000] {processor.py:183} INFO - Processing /home/airflow/.local/lib/python3.12/site-packages/airflow/example_dags/tutorial_objectstorage.py took 0.159 seconds
[2026-05-05T04:37:22.712+0000] {processor.py:161} INFO - Started process (PID=1825) to work on /home/airflow/.local/lib/python3.12/site-packages/airflow/example_dags/tutorial_objectstorage.py
[2026-05-05T04:37:22.716+0000] {processor.py:830} INFO - Processing file /home/airflow/.local/lib/python3.12/site-packages/airflow/example_dags/tutorial_objectstorage.py for tasks to queue
[2026-05-05T04:37:22.721+0000] {logging_mixin.py:188} INFO - [2026-05-05T04:37:22.721+0000] {dagbag.py:545} INFO - Filling up the DagBag from /home/airflow/.local/lib/python3.12/site-packages/airflow/example_dags/tutorial_objectstorage.py
[2026-05-05T04:37:22.740+0000] {processor.py:840} INFO - DAG(s) 'tutorial_objectstorage' retrieved from /home/airflow/.local/lib/python3.12/site-packages/airflow/example_dags/tutorial_objectstorage.py
[2026-05-05T04:37:22.788+0000] {logging_mixin.py:188} INFO - [2026-05-05T04:37:22.788+0000] {dag.py:3089} INFO - Sync 1 DAGs
[2026-05-05T04:37:22.823+0000] {logging_mixin.py:188} INFO - [2026-05-05T04:37:22.823+0000] {dag.py:3947} INFO - Setting next_dagrun for tutorial_objectstorage to None, run_after=None
[2026-05-05T04:37:22.902+0000] {processor.py:183} INFO - Processing /home/airflow/.local/lib/python3.12/site-packages/airflow/example_dags/tutorial_objectstorage.py took 0.203 seconds
[2026-05-05T04:37:53.494+0000] {processor.py:161} INFO - Started process (PID=1893) to work on /home/airflow/.local/lib/python3.12/site-packages/airflow/example_dags/tutorial_objectstorage.py
[2026-05-05T04:37:53.496+0000] {processor.py:830} INFO - Processing file /home/airflow/.local/lib/python3.12/site-packages/airflow/example_dags/tutorial_objectstorage.py for tasks to queue
[2026-05-05T04:37:53.499+0000] {logging_mixin.py:188} INFO - [2026-05-05T04:37:53.498+0000] {dagbag.py:545} INFO - Filling up the DagBag from /home/airflow/.local/lib/python3.12/site-packages/airflow/example_dags/tutorial_objectstorage.py
[2026-05-05T04:37:53.512+0000] {processor.py:840} INFO - DAG(s) 'tutorial_objectstorage' retrieved from /home/airflow/.local/lib/python3.12/site-packages/airflow/example_dags/tutorial_objectstorage.py
[2026-05-05T04:37:53.548+0000] {logging_mixin.py:188} INFO - [2026-05-05T04:37:53.548+0000] {dag.py:3089} INFO - Sync 1 DAGs
[2026-05-05T04:37:53.569+0000] {logging_mixin.py:188} INFO - [2026-05-05T04:37:53.569+0000] {dag.py:3947} INFO - Setting next_dagrun for tutorial_objectstorage to None, run_after=None
[2026-05-05T04:37:53.601+0000] {processor.py:183} INFO - Processing /home/airflow/.local/lib/python3.12/site-packages/airflow/example_dags/tutorial_objectstorage.py took 0.117 seconds
[2026-05-05T04:38:24.428+0000] {processor.py:161} INFO - Started process (PID=1968) to work on /home/airflow/.local/lib/python3.12/site-packages/airflow/example_dags/tutorial_objectstorage.py
[2026-05-05T04:38:24.430+0000] {processor.py:830} INFO - Processing file /home/airflow/.local/lib/python3.12/site-packages/airflow/example_dags/tutorial_objectstorage.py for tasks to queue
[2026-05-05T04:38:24.433+0000] {logging_mixin.py:188} INFO - [2026-05-05T04:38:24.432+0000] {dagbag.py:545} INFO - Filling up the DagBag from /home/airflow/.local/lib/python3.12/site-packages/airflow/example_dags/tutorial_objectstorage.py
[2026-05-05T04:38:24.446+0000] {processor.py:840} INFO - DAG(s) 'tutorial_objectstorage' retrieved from /home/airflow/.local/lib/python3.12/site-packages/airflow/example_dags/tutorial_objectstorage.py
[2026-05-05T04:38:24.488+0000] {logging_mixin.py:188} INFO - [2026-05-05T04:38:24.487+0000] {dag.py:3089} INFO - Sync 1 DAGs
[2026-05-05T04:38:24.523+0000] {logging_mixin.py:188} INFO - [2026-05-05T04:38:24.521+0000] {dag.py:3947} INFO - Setting next_dagrun for tutorial_objectstorage to None, run_after=None
[2026-05-05T04:38:24.567+0000] {processor.py:183} INFO - Processing /home/airflow/.local/lib/python3.12/site-packages/airflow/example_dags/tutorial_objectstorage.py took 0.150 seconds
[2026-05-05T04:38:55.164+0000] {processor.py:161} INFO - Started process (PID=2036) to work on /home/airflow/.local/lib/python3.12/site-packages/airflow/example_dags/tutorial_objectstorage.py
[2026-05-05T04:38:55.166+0000] {processor.py:830} INFO - Processing file /home/airflow/.local/lib/python3.12/site-packages/airflow/example_dags/tutorial_objectstorage.py for tasks to queue
[2026-05-05T04:38:55.170+0000] {logging_mixin.py:188} INFO - [2026-05-05T04:38:55.170+0000] {dagbag.py:545} INFO - Filling up the DagBag from /home/airflow/.local/lib/python3.12/site-packages/airflow/example_dags/tutorial_objectstorage.py
[2026-05-05T04:38:55.184+0000] {processor.py:840} INFO - DAG(s) 'tutorial_objectstorage' retrieved from /home/airflow/.local/lib/python3.12/site-packages/airflow/example_dags/tutorial_objectstorage.py
[2026-05-05T04:38:55.219+0000] {logging_mixin.py:188} INFO - [2026-05-05T04:38:55.218+0000] {dag.py:3089} INFO - Sync 1 DAGs
[2026-05-05T04:38:55.238+0000] {logging_mixin.py:188} INFO - [2026-05-05T04:38:55.237+0000] {dag.py:3947} INFO - Setting next_dagrun for tutorial_objectstorage to None, run_after=None
[2026-05-05T04:38:55.299+0000] {processor.py:183} INFO - Processing /home/airflow/.local/lib/python3.12/site-packages/airflow/example_dags/tutorial_objectstorage.py took 0.147 seconds
[2026-05-05T04:39:27.576+0000] {processor.py:161} INFO - Started process (PID=2104) to work on /home/airflow/.local/lib/python3.12/site-packages/airflow/example_dags/tutorial_objectstorage.py
[2026-05-05T04:39:27.578+0000] {processor.py:830} INFO - Processing file /home/airflow/.local/lib/python3.12/site-packages/airflow/example_dags/tutorial_objectstorage.py for tasks to queue
[2026-05-05T04:39:27.582+0000] {logging_mixin.py:188} INFO - [2026-05-05T04:39:27.582+0000] {dagbag.py:545} INFO - Filling up the DagBag from /home/airflow/.local/lib/python3.12/site-packages/airflow/example_dags/tutorial_objectstorage.py
[2026-05-05T04:39:27.598+0000] {processor.py:840} INFO - DAG(s) 'tutorial_objectstorage' retrieved from /home/airflow/.local/lib/python3.12/site-packages/airflow/example_dags/tutorial_objectstorage.py
[2026-05-05T04:39:27.645+0000] {logging_mixin.py:188} INFO - [2026-05-05T04:39:27.645+0000] {dag.py:3089} INFO - Sync 1 DAGs
[2026-05-05T04:39:27.667+0000] {logging_mixin.py:188} INFO - [2026-05-05T04:39:27.667+0000] {dag.py:3947} INFO - Setting next_dagrun for tutorial_objectstorage to None, run_after=None
[2026-05-05T04:39:27.736+0000] {processor.py:183} INFO - Processing /home/airflow/.local/lib/python3.12/site-packages/airflow/example_dags/tutorial_objectstorage.py took 0.171 seconds
[2026-05-05T04:39:57.982+0000] {processor.py:161} INFO - Started process (PID=2171) to work on /home/airflow/.local/lib/python3.12/site-packages/airflow/example_dags/tutorial_objectstorage.py
[2026-05-05T04:39:57.985+0000] {processor.py:830} INFO - Processing file /home/airflow/.local/lib/python3.12/site-packages/airflow/example_dags/tutorial_objectstorage.py for tasks to queue
[2026-05-05T04:39:57.988+0000] {logging_mixin.py:188} INFO - [2026-05-05T04:39:57.987+0000] {dagbag.py:545} INFO - Filling up the DagBag from /home/airflow/.local/lib/python3.12/site-packages/airflow/example_dags/tutorial_objectstorage.py
[2026-05-05T04:39:58.003+0000] {processor.py:840} INFO - DAG(s) 'tutorial_objectstorage' retrieved from /home/airflow/.local/lib/python3.12/site-packages/airflow/example_dags/tutorial_objectstorage.py
[2026-05-05T04:39:58.043+0000] {logging_mixin.py:188} INFO - [2026-05-05T04:39:58.042+0000] {dag.py:3089} INFO - Sync 1 DAGs
[2026-05-05T04:39:58.070+0000] {logging_mixin.py:188} INFO - [2026-05-05T04:39:58.070+0000] {dag.py:3947} INFO - Setting next_dagrun for tutorial_objectstorage to None, run_after=None
[2026-05-05T04:39:58.116+0000] {processor.py:183} INFO - Processing /home/airflow/.local/lib/python3.12/site-packages/airflow/example_dags/tutorial_objectstorage.py took 0.148 seconds
[2026-05-05T04:40:28.262+0000] {processor.py:161} INFO - Started process (PID=2239) to work on /home/airflow/.local/lib/python3.12/site-packages/airflow/example_dags/tutorial_objectstorage.py
[2026-05-05T04:40:28.265+0000] {processor.py:830} INFO - Processing file /home/airflow/.local/lib/python3.12/site-packages/airflow/example_dags/tutorial_objectstorage.py for tasks to queue
[2026-05-05T04:40:28.271+0000] {logging_mixin.py:188} INFO - [2026-05-05T04:40:28.270+0000] {dagbag.py:545} INFO - Filling up the DagBag from /home/airflow/.local/lib/python3.12/site-packages/airflow/example_dags/tutorial_objectstorage.py
[2026-05-05T04:40:28.284+0000] {processor.py:840} INFO - DAG(s) 'tutorial_objectstorage' retrieved from /home/airflow/.local/lib/python3.12/site-packages/airflow/example_dags/tutorial_objectstorage.py
[2026-05-05T04:40:28.319+0000] {logging_mixin.py:188} INFO - [2026-05-05T04:40:28.318+0000] {dag.py:3089} INFO - Sync 1 DAGs
[2026-05-05T04:40:28.339+0000] {logging_mixin.py:188} INFO - [2026-05-05T04:40:28.338+0000] {dag.py:3947} INFO - Setting next_dagrun for tutorial_objectstorage to None, run_after=None
[2026-05-05T04:40:28.397+0000] {processor.py:183} INFO - Processing /home/airflow/.local/lib/python3.12/site-packages/airflow/example_dags/tutorial_objectstorage.py took 0.146 seconds
[2026-05-05T04:40:59.028+0000] {processor.py:161} INFO - Started process (PID=2315) to work on /home/airflow/.local/lib/python3.12/site-packages/airflow/example_dags/tutorial_objectstorage.py
[2026-05-05T04:40:59.030+0000] {processor.py:830} INFO - Processing file /home/airflow/.local/lib/python3.12/site-packages/airflow/example_dags/tutorial_objectstorage.py for tasks to queue
[2026-05-05T04:40:59.033+0000] {logging_mixin.py:188} INFO - [2026-05-05T04:40:59.032+0000] {dagbag.py:545} INFO - Filling up the DagBag from /home/airflow/.local/lib/python3.12/site-packages/airflow/example_dags/tutorial_objectstorage.py
[2026-05-05T04:40:59.051+0000] {processor.py:840} INFO - DAG(s) 'tutorial_objectstorage' retrieved from /home/airflow/.local/lib/python3.12/site-packages/airflow/example_dags/tutorial_objectstorage.py
[2026-05-05T04:40:59.090+0000] {logging_mixin.py:188} INFO - [2026-05-05T04:40:59.090+0000] {dag.py:3089} INFO - Sync 1 DAGs
[2026-05-05T04:40:59.339+0000] {logging_mixin.py:188} INFO - [2026-05-05T04:40:59.339+0000] {dag.py:3947} INFO - Setting next_dagrun for tutorial_objectstorage to None, run_after=None
[2026-05-05T04:40:59.399+0000] {processor.py:183} INFO - Processing /home/airflow/.local/lib/python3.12/site-packages/airflow/example_dags/tutorial_objectstorage.py took 0.382 seconds
[2026-05-05T04:41:30.079+0000] {processor.py:161} INFO - Started process (PID=2383) to work on /home/airflow/.local/lib/python3.12/site-packages/airflow/example_dags/tutorial_objectstorage.py
[2026-05-05T04:41:30.082+0000] {processor.py:830} INFO - Processing file /home/airflow/.local/lib/python3.12/site-packages/airflow/example_dags/tutorial_objectstorage.py for tasks to queue
[2026-05-05T04:41:30.086+0000] {logging_mixin.py:188} INFO - [2026-05-05T04:41:30.085+0000] {dagbag.py:545} INFO - Filling up the DagBag from /home/airflow/.local/lib/python3.12/site-packages/airflow/example_dags/tutorial_objectstorage.py
[2026-05-05T04:41:30.105+0000] {processor.py:840} INFO - DAG(s) 'tutorial_objectstorage' retrieved from /home/airflow/.local/lib/python3.12/site-packages/airflow/example_dags/tutorial_objectstorage.py
[2026-05-05T04:41:30.143+0000] {logging_mixin.py:188} INFO - [2026-05-05T04:41:30.142+0000] {dag.py:3089} INFO - Sync 1 DAGs
[2026-05-05T04:41:30.169+0000] {logging_mixin.py:188} INFO - [2026-05-05T04:41:30.168+0000] {dag.py:3947} INFO - Setting next_dagrun for tutorial_objectstorage to None, run_after=None
[2026-05-05T04:41:30.222+0000] {processor.py:183} INFO - Processing /home/airflow/.local/lib/python3.12/site-packages/airflow/example_dags/tutorial_objectstorage.py took 0.157 seconds
[2026-05-05T04:42:00.475+0000] {processor.py:161} INFO - Started process (PID=2451) to work on /home/airflow/.local/lib/python3.12/site-packages/airflow/example_dags/tutorial_objectstorage.py
[2026-05-05T04:42:00.479+0000] {processor.py:830} INFO - Processing file /home/airflow/.local/lib/python3.12/site-packages/airflow/example_dags/tutorial_objectstorage.py for tasks to queue
[2026-05-05T04:42:00.486+0000] {logging_mixin.py:188} INFO - [2026-05-05T04:42:00.485+0000] {dagbag.py:545} INFO - Filling up the DagBag from /home/airflow/.local/lib/python3.12/site-packages/airflow/example_dags/tutorial_objectstorage.py
[2026-05-05T04:42:00.504+0000] {processor.py:840} INFO - DAG(s) 'tutorial_objectstorage' retrieved from /home/airflow/.local/lib/python3.12/site-packages/airflow/example_dags/tutorial_objectstorage.py
[2026-05-05T04:42:00.551+0000] {logging_mixin.py:188} INFO - [2026-05-05T04:42:00.551+0000] {dag.py:3089} INFO - Sync 1 DAGs
[2026-05-05T04:42:00.581+0000] {logging_mixin.py:188} INFO - [2026-05-05T04:42:00.581+0000] {dag.py:3947} INFO - Setting next_dagrun for tutorial_objectstorage to None, run_after=None
[2026-05-05T04:42:00.623+0000] {processor.py:183} INFO - Processing /home/airflow/.local/lib/python3.12/site-packages/airflow/example_dags/tutorial_objectstorage.py took 0.163 seconds
[2026-05-05T04:42:31.233+0000] {processor.py:161} INFO - Started process (PID=2521) to work on /home/airflow/.local/lib/python3.12/site-packages/airflow/example_dags/tutorial_objectstorage.py
[2026-05-05T04:42:31.236+0000] {processor.py:830} INFO - Processing file /home/airflow/.local/lib/python3.12/site-packages/airflow/example_dags/tutorial_objectstorage.py for tasks to queue
[2026-05-05T04:42:31.240+0000] {logging_mixin.py:188} INFO - [2026-05-05T04:42:31.239+0000] {dagbag.py:545} INFO - Filling up the DagBag from /home/airflow/.local/lib/python3.12/site-packages/airflow/example_dags/tutorial_objectstorage.py
[2026-05-05T04:42:31.261+0000] {processor.py:840} INFO - DAG(s) 'tutorial_objectstorage' retrieved from /home/airflow/.local/lib/python3.12/site-packages/airflow/example_dags/tutorial_objectstorage.py
[2026-05-05T04:42:31.311+0000] {logging_mixin.py:188} INFO - [2026-05-05T04:42:31.310+0000] {dag.py:3089} INFO - Sync 1 DAGs
[2026-05-05T04:42:31.339+0000] {logging_mixin.py:188} INFO - [2026-05-05T04:42:31.338+0000] {dag.py:3947} INFO - Setting next_dagrun for tutorial_objectstorage to None, run_after=None
[2026-05-05T04:42:31.410+0000] {processor.py:183} INFO - Processing /home/airflow/.local/lib/python3.12/site-packages/airflow/example_dags/tutorial_objectstorage.py took 0.191 seconds
[2026-05-05T04:43:01.541+0000] {processor.py:161} INFO - Started process (PID=2589) to work on /home/airflow/.local/lib/python3.12/site-packages/airflow/example_dags/tutorial_objectstorage.py
[2026-05-05T04:43:01.544+0000] {processor.py:830} INFO - Processing file /home/airflow/.local/lib/python3.12/site-packages/airflow/example_dags/tutorial_objectstorage.py for tasks to queue
[2026-05-05T04:43:01.550+0000] {logging_mixin.py:188} INFO - [2026-05-05T04:43:01.549+0000] {dagbag.py:545} INFO - Filling up the DagBag from /home/airflow/.local/lib/python3.12/site-packages/airflow/example_dags/tutorial_objectstorage.py
[2026-05-05T04:43:01.573+0000] {processor.py:840} INFO - DAG(s) 'tutorial_objectstorage' retrieved from /home/airflow/.local/lib/python3.12/site-packages/airflow/example_dags/tutorial_objectstorage.py
[2026-05-05T04:43:01.608+0000] {logging_mixin.py:188} INFO - [2026-05-05T04:43:01.607+0000] {dag.py:3089} INFO - Sync 1 DAGs
[2026-05-05T04:43:01.631+0000] {logging_mixin.py:188} INFO - [2026-05-05T04:43:01.631+0000] {dag.py:3947} INFO - Setting next_dagrun for tutorial_objectstorage to None, run_after=None
[2026-05-05T04:43:01.700+0000] {processor.py:183} INFO - Processing /home/airflow/.local/lib/python3.12/site-packages/airflow/example_dags/tutorial_objectstorage.py took 0.172 seconds
[2026-05-05T04:43:32.069+0000] {processor.py:161} INFO - Started process (PID=2656) to work on /home/airflow/.local/lib/python3.12/site-packages/airflow/example_dags/tutorial_objectstorage.py
[2026-05-05T04:43:32.071+0000] {processor.py:830} INFO - Processing file /home/airflow/.local/lib/python3.12/site-packages/airflow/example_dags/tutorial_objectstorage.py for tasks to queue
[2026-05-05T04:43:32.075+0000] {logging_mixin.py:188} INFO - [2026-05-05T04:43:32.075+0000] {dagbag.py:545} INFO - Filling up the DagBag from /home/airflow/.local/lib/python3.12/site-packages/airflow/example_dags/tutorial_objectstorage.py
[2026-05-05T04:43:32.088+0000] {processor.py:840} INFO - DAG(s) 'tutorial_objectstorage' retrieved from /home/airflow/.local/lib/python3.12/site-packages/airflow/example_dags/tutorial_objectstorage.py
[2026-05-05T04:43:32.123+0000] {logging_mixin.py:188} INFO - [2026-05-05T04:43:32.123+0000] {dag.py:3089} INFO - Sync 1 DAGs
[2026-05-05T04:43:32.145+0000] {logging_mixin.py:188} INFO - [2026-05-05T04:43:32.144+0000] {dag.py:3947} INFO - Setting next_dagrun for tutorial_objectstorage to None, run_after=None
[2026-05-05T04:43:32.210+0000] {processor.py:183} INFO - Processing /home/airflow/.local/lib/python3.12/site-packages/airflow/example_dags/tutorial_objectstorage.py took 0.150 seconds
[2026-05-05T04:44:02.472+0000] {processor.py:161} INFO - Started process (PID=2724) to work on /home/airflow/.local/lib/python3.12/site-packages/airflow/example_dags/tutorial_objectstorage.py
[2026-05-05T04:44:02.474+0000] {processor.py:830} INFO - Processing file /home/airflow/.local/lib/python3.12/site-packages/airflow/example_dags/tutorial_objectstorage.py for tasks to queue
[2026-05-05T04:44:02.478+0000] {logging_mixin.py:188} INFO - [2026-05-05T04:44:02.477+0000] {dagbag.py:545} INFO - Filling up the DagBag from /home/airflow/.local/lib/python3.12/site-packages/airflow/example_dags/tutorial_objectstorage.py
[2026-05-05T04:44:02.491+0000] {processor.py:840} INFO - DAG(s) 'tutorial_objectstorage' retrieved from /home/airflow/.local/lib/python3.12/site-packages/airflow/example_dags/tutorial_objectstorage.py
[2026-05-05T04:44:02.525+0000] {logging_mixin.py:188} INFO - [2026-05-05T04:44:02.524+0000] {dag.py:3089} INFO - Sync 1 DAGs
[2026-05-05T04:44:02.547+0000] {logging_mixin.py:188} INFO - [2026-05-05T04:44:02.546+0000] {dag.py:3947} INFO - Setting next_dagrun for tutorial_objectstorage to None, run_after=None
[2026-05-05T04:44:02.613+0000] {processor.py:183} INFO - Processing /home/airflow/.local/lib/python3.12/site-packages/airflow/example_dags/tutorial_objectstorage.py took 0.154 seconds
[2026-05-05T04:44:33.442+0000] {processor.py:161} INFO - Started process (PID=2800) to work on /home/airflow/.local/lib/python3.12/site-packages/airflow/example_dags/tutorial_objectstorage.py
[2026-05-05T04:44:33.444+0000] {processor.py:830} INFO - Processing file /home/airflow/.local/lib/python3.12/site-packages/airflow/example_dags/tutorial_objectstorage.py for tasks to queue
[2026-05-05T04:44:33.450+0000] {logging_mixin.py:188} INFO - [2026-05-05T04:44:33.450+0000] {dagbag.py:545} INFO - Filling up the DagBag from /home/airflow/.local/lib/python3.12/site-packages/airflow/example_dags/tutorial_objectstorage.py
[2026-05-05T04:44:33.463+0000] {processor.py:840} INFO - DAG(s) 'tutorial_objectstorage' retrieved from /home/airflow/.local/lib/python3.12/site-packages/airflow/example_dags/tutorial_objectstorage.py
[2026-05-05T04:44:33.496+0000] {logging_mixin.py:188} INFO - [2026-05-05T04:44:33.495+0000] {dag.py:3089} INFO - Sync 1 DAGs
[2026-05-05T04:44:33.519+0000] {logging_mixin.py:188} INFO - [2026-05-05T04:44:33.518+0000] {dag.py:3947} INFO - Setting next_dagrun for tutorial_objectstorage to None, run_after=None
[2026-05-05T04:44:33.580+0000] {processor.py:183} INFO - Processing /home/airflow/.local/lib/python3.12/site-packages/airflow/example_dags/tutorial_objectstorage.py took 0.150 seconds
[2026-05-05T04:45:04.041+0000] {processor.py:161} INFO - Started process (PID=2868) to work on /home/airflow/.local/lib/python3.12/site-packages/airflow/example_dags/tutorial_objectstorage.py
[2026-05-05T04:45:04.043+0000] {processor.py:830} INFO - Processing file /home/airflow/.local/lib/python3.12/site-packages/airflow/example_dags/tutorial_objectstorage.py for tasks to queue
[2026-05-05T04:45:04.050+0000] {logging_mixin.py:188} INFO - [2026-05-05T04:45:04.049+0000] {dagbag.py:545} INFO - Filling up the DagBag from /home/airflow/.local/lib/python3.12/site-packages/airflow/example_dags/tutorial_objectstorage.py
[2026-05-05T04:45:04.065+0000] {processor.py:840} INFO - DAG(s) 'tutorial_objectstorage' retrieved from /home/airflow/.local/lib/python3.12/site-packages/airflow/example_dags/tutorial_objectstorage.py
[2026-05-05T04:45:04.103+0000] {logging_mixin.py:188} INFO - [2026-05-05T04:45:04.103+0000] {dag.py:3089} INFO - Sync 1 DAGs
[2026-05-05T04:45:04.125+0000] {logging_mixin.py:188} INFO - [2026-05-05T04:45:04.124+0000] {dag.py:3947} INFO - Setting next_dagrun for tutorial_objectstorage to None, run_after=None
[2026-05-05T04:45:04.191+0000] {processor.py:183} INFO - Processing /home/airflow/.local/lib/python3.12/site-packages/airflow/example_dags/tutorial_objectstorage.py took 0.166 seconds
[2026-05-05T04:45:34.874+0000] {processor.py:161} INFO - Started process (PID=2936) to work on /home/airflow/.local/lib/python3.12/site-packages/airflow/example_dags/tutorial_objectstorage.py
[2026-05-05T04:45:34.876+0000] {processor.py:830} INFO - Processing file /home/airflow/.local/lib/python3.12/site-packages/airflow/example_dags/tutorial_objectstorage.py for tasks to queue
[2026-05-05T04:45:34.879+0000] {logging_mixin.py:188} INFO - [2026-05-05T04:45:34.879+0000] {dagbag.py:545} INFO - Filling up the DagBag from /home/airflow/.local/lib/python3.12/site-packages/airflow/example_dags/tutorial_objectstorage.py
[2026-05-05T04:45:34.892+0000] {processor.py:840} INFO - DAG(s) 'tutorial_objectstorage' retrieved from /home/airflow/.local/lib/python3.12/site-packages/airflow/example_dags/tutorial_objectstorage.py
[2026-05-05T04:45:34.923+0000] {logging_mixin.py:188} INFO - [2026-05-05T04:45:34.922+0000] {dag.py:3089} INFO - Sync 1 DAGs
[2026-05-05T04:45:34.942+0000] {logging_mixin.py:188} INFO - [2026-05-05T04:45:34.942+0000] {dag.py:3947} INFO - Setting next_dagrun for tutorial_objectstorage to None, run_after=None
[2026-05-05T04:45:34.984+0000] {processor.py:183} INFO - Processing /home/airflow/.local/lib/python3.12/site-packages/airflow/example_dags/tutorial_objectstorage.py took 0.120 seconds
[2026-05-05T04:46:05.667+0000] {processor.py:161} INFO - Started process (PID=3004) to work on /home/airflow/.local/lib/python3.12/site-packages/airflow/example_dags/tutorial_objectstorage.py
[2026-05-05T04:46:05.669+0000] {processor.py:830} INFO - Processing file /home/airflow/.local/lib/python3.12/site-packages/airflow/example_dags/tutorial_objectstorage.py for tasks to queue
[2026-05-05T04:46:05.673+0000] {logging_mixin.py:188} INFO - [2026-05-05T04:46:05.673+0000] {dagbag.py:545} INFO - Filling up the DagBag from /home/airflow/.local/lib/python3.12/site-packages/airflow/example_dags/tutorial_objectstorage.py
[2026-05-05T04:46:05.687+0000] {processor.py:840} INFO - DAG(s) 'tutorial_objectstorage' retrieved from /home/airflow/.local/lib/python3.12/site-packages/airflow/example_dags/tutorial_objectstorage.py
[2026-05-05T04:46:05.717+0000] {logging_mixin.py:188} INFO - [2026-05-05T04:46:05.716+0000] {dag.py:3089} INFO - Sync 1 DAGs
[2026-05-05T04:46:05.736+0000] {logging_mixin.py:188} INFO - [2026-05-05T04:46:05.736+0000] {dag.py:3947} INFO - Setting next_dagrun for tutorial_objectstorage to None, run_after=None
[2026-05-05T04:46:05.773+0000] {processor.py:183} INFO - Processing /home/airflow/.local/lib/python3.12/site-packages/airflow/example_dags/tutorial_objectstorage.py took 0.115 seconds
[2026-05-05T04:46:36.960+0000] {processor.py:161} INFO - Started process (PID=3072) to work on /home/airflow/.local/lib/python3.12/site-packages/airflow/example_dags/tutorial_objectstorage.py
[2026-05-05T04:46:36.963+0000] {processor.py:830} INFO - Processing file /home/airflow/.local/lib/python3.12/site-packages/airflow/example_dags/tutorial_objectstorage.py for tasks to queue
[2026-05-05T04:46:36.968+0000] {logging_mixin.py:188} INFO - [2026-05-05T04:46:36.967+0000] {dagbag.py:545} INFO - Filling up the DagBag from /home/airflow/.local/lib/python3.12/site-packages/airflow/example_dags/tutorial_objectstorage.py
[2026-05-05T04:46:36.982+0000] {processor.py:840} INFO - DAG(s) 'tutorial_objectstorage' retrieved from /home/airflow/.local/lib/python3.12/site-packages/airflow/example_dags/tutorial_objectstorage.py
[2026-05-05T04:46:37.016+0000] {logging_mixin.py:188} INFO - [2026-05-05T04:46:37.016+0000] {dag.py:3089} INFO - Sync 1 DAGs
[2026-05-05T04:46:37.038+0000] {logging_mixin.py:188} INFO - [2026-05-05T04:46:37.037+0000] {dag.py:3947} INFO - Setting next_dagrun for tutorial_objectstorage to None, run_after=None
[2026-05-05T04:46:37.115+0000] {processor.py:183} INFO - Processing /home/airflow/.local/lib/python3.12/site-packages/airflow/example_dags/tutorial_objectstorage.py took 0.165 seconds
[2026-05-05T04:47:07.648+0000] {processor.py:161} INFO - Started process (PID=3138) to work on /home/airflow/.local/lib/python3.12/site-packages/airflow/example_dags/tutorial_objectstorage.py
[2026-05-05T04:47:07.650+0000] {processor.py:830} INFO - Processing file /home/airflow/.local/lib/python3.12/site-packages/airflow/example_dags/tutorial_objectstorage.py for tasks to queue
[2026-05-05T04:47:07.655+0000] {logging_mixin.py:188} INFO - [2026-05-05T04:47:07.654+0000] {dagbag.py:545} INFO - Filling up the DagBag from /home/airflow/.local/lib/python3.12/site-packages/airflow/example_dags/tutorial_objectstorage.py
[2026-05-05T04:47:07.668+0000] {processor.py:840} INFO - DAG(s) 'tutorial_objectstorage' retrieved from /home/airflow/.local/lib/python3.12/site-packages/airflow/example_dags/tutorial_objectstorage.py
[2026-05-05T04:47:07.706+0000] {logging_mixin.py:188} INFO - [2026-05-05T04:47:07.705+0000] {dag.py:3089} INFO - Sync 1 DAGs
[2026-05-05T04:47:07.728+0000] {logging_mixin.py:188} INFO - [2026-05-05T04:47:07.728+0000] {dag.py:3947} INFO - Setting next_dagrun for tutorial_objectstorage to None, run_after=None
[2026-05-05T04:47:07.804+0000] {processor.py:183} INFO - Processing /home/airflow/.local/lib/python3.12/site-packages/airflow/example_dags/tutorial_objectstorage.py took 0.170 seconds
