[2026-05-05T04:26:20.154+0000] {local_task_job_runner.py:120} INFO - ::group::Pre task execution logs
[2026-05-05T04:26:20.195+0000] {taskinstance.py:2076} INFO - Dependencies all met for dep_context=non-requeueable deps ti=<TaskInstance: moex_candles_loader.run_candles_loader manual__2026-05-05T04:26:15.472664+00:00 [queued]>
[2026-05-05T04:26:20.208+0000] {taskinstance.py:2076} INFO - Dependencies all met for dep_context=requeueable deps ti=<TaskInstance: moex_candles_loader.run_candles_loader manual__2026-05-05T04:26:15.472664+00:00 [queued]>
[2026-05-05T04:26:20.210+0000] {taskinstance.py:2306} INFO - Starting attempt 1 of 1
[2026-05-05T04:26:20.241+0000] {taskinstance.py:2330} INFO - Executing <Task(BashOperator): run_candles_loader> on 2026-05-05 04:26:15.472664+00:00
[2026-05-05T04:26:20.256+0000] {warnings.py:112} WARNING - /home/***/.local/lib/python3.12/site-packages/***/task/task_runner/standard_task_runner.py:62: DeprecationWarning: This process (pid=117) is multi-threaded, use of fork() may lead to deadlocks in the child.
  pid = os.fork()

[2026-05-05T04:26:20.261+0000] {standard_task_runner.py:64} INFO - Started process 119 to run task
[2026-05-05T04:26:20.260+0000] {standard_task_runner.py:90} INFO - Running: ['***', 'tasks', 'run', 'moex_candles_loader', 'run_candles_loader', 'manual__2026-05-05T04:26:15.472664+00:00', '--job-id', '3', '--raw', '--subdir', 'DAGS_FOLDER/moex_loader_dag.py', '--cfg-path', '/tmp/tmpu4qso7n3']
[2026-05-05T04:26:20.265+0000] {standard_task_runner.py:91} INFO - Job 3: Subtask run_candles_loader
[2026-05-05T04:26:20.417+0000] {task_command.py:426} INFO - Running <TaskInstance: moex_candles_loader.run_candles_loader manual__2026-05-05T04:26:15.472664+00:00 [running]> on host 1fa833cd2b61
[2026-05-05T04:26:20.591+0000] {taskinstance.py:2648} INFO - Exporting env vars: AIRFLOW_CTX_DAG_OWNER='***' AIRFLOW_CTX_DAG_ID='moex_candles_loader' AIRFLOW_CTX_TASK_ID='run_candles_loader' AIRFLOW_CTX_EXECUTION_DATE='2026-05-05T04:26:15.472664+00:00' AIRFLOW_CTX_TRY_NUMBER='1' AIRFLOW_CTX_DAG_RUN_ID='manual__2026-05-05T04:26:15.472664+00:00'
[2026-05-05T04:26:20.597+0000] {taskinstance.py:430} INFO - ::endgroup::
[2026-05-05T04:26:20.599+0000] {subprocess.py:63} INFO - Tmp dir root location: /tmp
[2026-05-05T04:26:20.602+0000] {subprocess.py:75} INFO - Running command: ['/usr/bin/bash', '-c', 'python /opt/***/dags/scripts/candles_loader.py']
[2026-05-05T04:26:20.622+0000] {subprocess.py:86} INFO - Output:
[2026-05-05T04:27:25.275+0000] {subprocess.py:93} INFO - 🚀 Старт загрузки свечей | 2026-05-05 04:26:23
[2026-05-05T04:27:25.277+0000] {subprocess.py:93} INFO - 📥 Загружаем GAZP
[2026-05-05T04:27:25.279+0000] {subprocess.py:93} INFO - ✅ [GAZP] сохранен
[2026-05-05T04:27:25.283+0000] {subprocess.py:93} INFO - ☁️ S3: s3://data/moex-data/moex/candles/GAZP/GAZP_1h_20260505_042623.parquet
[2026-05-05T04:27:25.285+0000] {subprocess.py:93} INFO - ------------------------------------------------------------
[2026-05-05T04:27:25.286+0000] {subprocess.py:93} INFO - 📥 Загружаем SBER
[2026-05-05T04:27:25.287+0000] {subprocess.py:93} INFO - ✅ [SBER] сохранен
[2026-05-05T04:27:25.289+0000] {subprocess.py:93} INFO - ☁️ S3: s3://data/moex-data/moex/candles/SBER/SBER_1h_20260505_042623.parquet
[2026-05-05T04:27:25.290+0000] {subprocess.py:93} INFO - ------------------------------------------------------------
[2026-05-05T04:27:25.292+0000] {subprocess.py:93} INFO - 📥 Загружаем LKOH
[2026-05-05T04:27:25.295+0000] {subprocess.py:93} INFO - ✅ [LKOH] сохранен
[2026-05-05T04:27:25.297+0000] {subprocess.py:93} INFO - ☁️ S3: s3://data/moex-data/moex/candles/LKOH/LKOH_1h_20260505_042623.parquet
[2026-05-05T04:27:25.299+0000] {subprocess.py:93} INFO - ------------------------------------------------------------
[2026-05-05T04:27:25.301+0000] {subprocess.py:93} INFO - 
[2026-05-05T04:27:25.303+0000] {subprocess.py:93} INFO - 🎯 Готово. Обработано инструментов: 3
[2026-05-05T04:27:25.725+0000] {subprocess.py:97} INFO - Command exited with return code 0
[2026-05-05T04:27:25.727+0000] {taskinstance.py:441} INFO - ::group::Post task execution logs
[2026-05-05T04:27:25.775+0000] {taskinstance.py:1206} INFO - Marking task as SUCCESS. dag_id=moex_candles_loader, task_id=run_candles_loader, run_id=manual__2026-05-05T04:26:15.472664+00:00, execution_date=20260505T042615, start_date=20260505T042620, end_date=20260505T042725
[2026-05-05T04:27:25.826+0000] {local_task_job_runner.py:243} INFO - Task exited with return code 0
[2026-05-05T04:27:25.854+0000] {taskinstance.py:3503} INFO - 0 downstream tasks scheduled from follow-on schedule check
[2026-05-05T04:27:25.862+0000] {local_task_job_runner.py:222} INFO - ::endgroup::
