[2026-05-13T17:15:09.206+0000] {local_task_job_runner.py:120} INFO - ::group::Pre task execution logs
[2026-05-13T17:15:09.244+0000] {taskinstance.py:2076} INFO - Dependencies all met for dep_context=non-requeueable deps ti=<TaskInstance: moex_candles_loader.run_feature_ML manual__2026-05-13T16:56:51.811103+00:00 [queued]>
[2026-05-13T17:15:09.260+0000] {taskinstance.py:2076} INFO - Dependencies all met for dep_context=requeueable deps ti=<TaskInstance: moex_candles_loader.run_feature_ML manual__2026-05-13T16:56:51.811103+00:00 [queued]>
[2026-05-13T17:15:09.261+0000] {taskinstance.py:2306} INFO - Starting attempt 3 of 3
[2026-05-13T17:15:09.290+0000] {taskinstance.py:2330} INFO - Executing <Task(BashOperator): run_feature_ML> on 2026-05-13 16:56:51.811103+00:00
[2026-05-13T17:15:09.302+0000] {warnings.py:112} WARNING - /home/***/.local/lib/python3.12/site-packages/***/task/task_runner/standard_task_runner.py:62: DeprecationWarning: This process (pid=12519) is multi-threaded, use of fork() may lead to deadlocks in the child.
  pid = os.fork()

[2026-05-13T17:15:09.306+0000] {standard_task_runner.py:64} INFO - Started process 12521 to run task
[2026-05-13T17:15:09.305+0000] {standard_task_runner.py:90} INFO - Running: ['***', 'tasks', 'run', 'moex_candles_loader', 'run_feature_ML', 'manual__2026-05-13T16:56:51.811103+00:00', '--job-id', '66', '--raw', '--subdir', 'DAGS_FOLDER/moex_loader_dag.py', '--cfg-path', '/tmp/tmpj50fcq65']
[2026-05-13T17:15:09.310+0000] {standard_task_runner.py:91} INFO - Job 66: Subtask run_feature_ML
[2026-05-13T17:15:09.431+0000] {task_command.py:426} INFO - Running <TaskInstance: moex_candles_loader.run_feature_ML manual__2026-05-13T16:56:51.811103+00:00 [running]> on host ef4f4778eb40
[2026-05-13T17:15:09.591+0000] {taskinstance.py:2648} INFO - Exporting env vars: AIRFLOW_CTX_DAG_OWNER='***' AIRFLOW_CTX_DAG_ID='moex_candles_loader' AIRFLOW_CTX_TASK_ID='run_feature_ML' AIRFLOW_CTX_EXECUTION_DATE='2026-05-13T16:56:51.811103+00:00' AIRFLOW_CTX_TRY_NUMBER='3' AIRFLOW_CTX_DAG_RUN_ID='manual__2026-05-13T16:56:51.811103+00:00'
[2026-05-13T17:15:09.595+0000] {taskinstance.py:430} INFO - ::endgroup::
[2026-05-13T17:15:09.597+0000] {subprocess.py:63} INFO - Tmp dir root location: /tmp
[2026-05-13T17:15:09.599+0000] {subprocess.py:75} INFO - Running command: ['/usr/bin/bash', '-c', 'python /opt/***/dags/scripts/gazp_ml_v2.py']
[2026-05-13T17:15:09.619+0000] {subprocess.py:86} INFO - Output:
[2026-05-13T17:15:11.863+0000] {subprocess.py:93} INFO - 
[2026-05-13T17:15:11.865+0000] {subprocess.py:93} INFO - =======================================================
[2026-05-13T17:15:11.865+0000] {subprocess.py:93} INFO -  GAZP ML Pipeline v2  |  GAZP  |  2026-05-13 17:15
[2026-05-13T17:15:11.866+0000] {subprocess.py:93} INFO - =======================================================
[2026-05-13T17:15:11.867+0000] {subprocess.py:93} INFO - 
[2026-05-13T17:15:11.868+0000] {subprocess.py:93} INFO - [Trino] Загружаем свечи GAZP...
[2026-05-13T17:15:11.869+0000] {subprocess.py:93} INFO - Traceback (most recent call last):
[2026-05-13T17:15:11.869+0000] {subprocess.py:93} INFO -   File "/opt/***/dags/scripts/gazp_ml_v2.py", line 844, in <module>
[2026-05-13T17:15:11.874+0000] {subprocess.py:93} INFO -     clf, reg, df = run(
[2026-05-13T17:15:11.875+0000] {subprocess.py:93} INFO -                    ^^^^
[2026-05-13T17:15:11.877+0000] {subprocess.py:93} INFO -   File "/opt/***/dags/scripts/gazp_ml_v2.py", line 789, in run
[2026-05-13T17:15:11.885+0000] {subprocess.py:93} INFO -     df = load_raw_candles(ticker, start_date, end_date)
[2026-05-13T17:15:11.886+0000] {subprocess.py:93} INFO -          ^^^^^^^^^^^^^^^^^^^^^^^^^^^^^^^^^^^^^^^^^^^^^^
[2026-05-13T17:15:11.887+0000] {subprocess.py:93} INFO -   File "/opt/***/dags/scripts/gazp_ml_v2.py", line 173, in load_raw_candles
[2026-05-13T17:15:11.890+0000] {subprocess.py:93} INFO -     df = trino_read(sql)
[2026-05-13T17:15:11.891+0000] {subprocess.py:93} INFO -          ^^^^^^^^^^^^^^^
[2026-05-13T17:15:11.891+0000] {subprocess.py:93} INFO -   File "/opt/***/dags/scripts/gazp_ml_v2.py", line 81, in trino_read
[2026-05-13T17:15:11.896+0000] {subprocess.py:93} INFO -     cur.execute(sql)
[2026-05-13T17:15:11.897+0000] {subprocess.py:93} INFO -   File "/home/***/.local/lib/python3.12/site-packages/trino/dbapi.py", line 640, in execute
[2026-05-13T17:15:11.898+0000] {subprocess.py:93} INFO -     self._iterator = iter(self._query.execute())
[2026-05-13T17:15:11.899+0000] {subprocess.py:93} INFO -                           ^^^^^^^^^^^^^^^^^^^^^
[2026-05-13T17:15:11.900+0000] {subprocess.py:93} INFO -   File "/home/***/.local/lib/python3.12/site-packages/trino/client.py", line 938, in execute
[2026-05-13T17:15:11.901+0000] {subprocess.py:93} INFO -     self._result.rows += self.fetch()
[2026-05-13T17:15:11.902+0000] {subprocess.py:93} INFO -                          ^^^^^^^^^^^^
[2026-05-13T17:15:11.903+0000] {subprocess.py:93} INFO -   File "/home/***/.local/lib/python3.12/site-packages/trino/client.py", line 958, in fetch
[2026-05-13T17:15:11.904+0000] {subprocess.py:93} INFO -     status = self._request.process(response)
[2026-05-13T17:15:11.905+0000] {subprocess.py:93} INFO -              ^^^^^^^^^^^^^^^^^^^^^^^^^^^^^^^
[2026-05-13T17:15:11.905+0000] {subprocess.py:93} INFO -   File "/home/***/.local/lib/python3.12/site-packages/trino/client.py", line 727, in process
[2026-05-13T17:15:11.906+0000] {subprocess.py:93} INFO -     raise self._process_error(response["error"], response.get("id"))
[2026-05-13T17:15:11.908+0000] {subprocess.py:93} INFO - trino.exceptions.TrinoUserError: TrinoUserError(type=USER_ERROR, name=COLUMN_NOT_FOUND, message="line 11:11: Column 'ticker' cannot be resolved", query_id=20260512_030910_00638_w7d7x)
[2026-05-13T17:15:12.090+0000] {subprocess.py:97} INFO - Command exited with return code 1
[2026-05-13T17:15:12.093+0000] {taskinstance.py:441} INFO - ::group::Post task execution logs
[2026-05-13T17:15:12.109+0000] {taskinstance.py:2905} ERROR - Task failed with exception
Traceback (most recent call last):
  File "/home/airflow/.local/lib/python3.12/site-packages/airflow/models/taskinstance.py", line 465, in _execute_task
    result = _execute_callable(context=context, **execute_callable_kwargs)
             ^^^^^^^^^^^^^^^^^^^^^^^^^^^^^^^^^^^^^^^^^^^^^^^^^^^^^^^^^^^^^
  File "/home/airflow/.local/lib/python3.12/site-packages/airflow/models/taskinstance.py", line 432, in _execute_callable
    return execute_callable(context=context, **execute_callable_kwargs)
           ^^^^^^^^^^^^^^^^^^^^^^^^^^^^^^^^^^^^^^^^^^^^^^^^^^^^^^^^^^^^
  File "/home/airflow/.local/lib/python3.12/site-packages/airflow/models/baseoperator.py", line 401, in wrapper
    return func(self, *args, **kwargs)
           ^^^^^^^^^^^^^^^^^^^^^^^^^^^
  File "/home/airflow/.local/lib/python3.12/site-packages/airflow/operators/bash.py", line 243, in execute
    raise AirflowException(
airflow.exceptions.AirflowException: Bash command failed. The command returned a non-zero exit code 1.
[2026-05-13T17:15:12.118+0000] {taskinstance.py:1206} INFO - Marking task as FAILED. dag_id=moex_candles_loader, task_id=run_feature_ML, run_id=manual__2026-05-13T16:56:51.811103+00:00, execution_date=20260513T165651, start_date=20260513T171509, end_date=20260513T171512
[2026-05-13T17:15:12.146+0000] {standard_task_runner.py:110} ERROR - Failed to execute job 66 for task run_feature_ML (Bash command failed. The command returned a non-zero exit code 1.; 12521)
[2026-05-13T17:15:12.188+0000] {local_task_job_runner.py:243} INFO - Task exited with return code 1
[2026-05-13T17:15:12.222+0000] {taskinstance.py:3503} INFO - 0 downstream tasks scheduled from follow-on schedule check
[2026-05-13T17:15:12.228+0000] {local_task_job_runner.py:222} INFO - ::endgroup::
