[2026-05-11T19:31:46.839+0000] {local_task_job_runner.py:120} INFO - ::group::Pre task execution logs
[2026-05-11T19:31:46.871+0000] {taskinstance.py:2076} INFO - Dependencies all met for dep_context=non-requeueable deps ti=<TaskInstance: moex_candles_loader.run_transfer manual__2026-05-11T19:29:36.742168+00:00 [queued]>
[2026-05-11T19:31:46.884+0000] {taskinstance.py:2076} INFO - Dependencies all met for dep_context=requeueable deps ti=<TaskInstance: moex_candles_loader.run_transfer manual__2026-05-11T19:29:36.742168+00:00 [queued]>
[2026-05-11T19:31:46.885+0000] {taskinstance.py:2306} INFO - Starting attempt 1 of 1
[2026-05-11T19:31:46.909+0000] {taskinstance.py:2330} INFO - Executing <Task(BashOperator): run_transfer> on 2026-05-11 19:29:36.742168+00:00
[2026-05-11T19:31:46.921+0000] {warnings.py:112} WARNING - /home/***/.local/lib/python3.12/site-packages/***/task/task_runner/standard_task_runner.py:62: DeprecationWarning: This process (pid=2805) is multi-threaded, use of fork() may lead to deadlocks in the child.
  pid = os.fork()

[2026-05-11T19:31:46.923+0000] {standard_task_runner.py:64} INFO - Started process 2807 to run task
[2026-05-11T19:31:46.923+0000] {standard_task_runner.py:90} INFO - Running: ['***', 'tasks', 'run', 'moex_candles_loader', 'run_transfer', 'manual__2026-05-11T19:29:36.742168+00:00', '--job-id', '31', '--raw', '--subdir', 'DAGS_FOLDER/moex_loader_dag.py', '--cfg-path', '/tmp/tmpuqnh69q8']
[2026-05-11T19:31:46.926+0000] {standard_task_runner.py:91} INFO - Job 31: Subtask run_transfer
[2026-05-11T19:31:47.009+0000] {task_command.py:426} INFO - Running <TaskInstance: moex_candles_loader.run_transfer manual__2026-05-11T19:29:36.742168+00:00 [running]> on host 08739fbbf4f1
[2026-05-11T19:31:47.116+0000] {taskinstance.py:2648} INFO - Exporting env vars: AIRFLOW_CTX_DAG_OWNER='***' AIRFLOW_CTX_DAG_ID='moex_candles_loader' AIRFLOW_CTX_TASK_ID='run_transfer' AIRFLOW_CTX_EXECUTION_DATE='2026-05-11T19:29:36.742168+00:00' AIRFLOW_CTX_TRY_NUMBER='1' AIRFLOW_CTX_DAG_RUN_ID='manual__2026-05-11T19:29:36.742168+00:00'
[2026-05-11T19:31:47.119+0000] {taskinstance.py:430} INFO - ::endgroup::
[2026-05-11T19:31:47.121+0000] {subprocess.py:63} INFO - Tmp dir root location: /tmp
[2026-05-11T19:31:47.122+0000] {subprocess.py:75} INFO - Running command: ['/usr/bin/bash', '-c', 'python /opt/***/dags/scripts/transfer.py']
[2026-05-11T19:31:47.138+0000] {subprocess.py:86} INFO - Output:
[2026-05-11T19:31:47.207+0000] {subprocess.py:93} INFO - Traceback (most recent call last):
[2026-05-11T19:31:47.208+0000] {subprocess.py:93} INFO -   File "/opt/***/dags/scripts/transfer.py", line 1, in <module>
[2026-05-11T19:31:47.210+0000] {subprocess.py:93} INFO -     import trino
[2026-05-11T19:31:47.210+0000] {subprocess.py:93} INFO - ModuleNotFoundError: No module named 'trino'
[2026-05-11T19:31:47.213+0000] {subprocess.py:97} INFO - Command exited with return code 1
[2026-05-11T19:31:47.214+0000] {taskinstance.py:441} INFO - ::group::Post task execution logs
[2026-05-11T19:31:47.225+0000] {taskinstance.py:2905} ERROR - Task failed with exception
Traceback (most recent call last):
  File "/home/airflow/.local/lib/python3.12/site-packages/airflow/models/taskinstance.py", line 465, in _execute_task
    result = _execute_callable(context=context, **execute_callable_kwargs)
             ^^^^^^^^^^^^^^^^^^^^^^^^^^^^^^^^^^^^^^^^^^^^^^^^^^^^^^^^^^^^^
  File "/home/airflow/.local/lib/python3.12/site-packages/airflow/models/taskinstance.py", line 432, in _execute_callable
    return execute_callable(context=context, **execute_callable_kwargs)
           ^^^^^^^^^^^^^^^^^^^^^^^^^^^^^^^^^^^^^^^^^^^^^^^^^^^^^^^^^^^^
  File "/home/airflow/.local/lib/python3.12/site-packages/airflow/models/baseoperator.py", line 401, in wrapper
    return func(self, *args, **kwargs)
           ^^^^^^^^^^^^^^^^^^^^^^^^^^^
  File "/home/airflow/.local/lib/python3.12/site-packages/airflow/operators/bash.py", line 243, in execute
    raise AirflowException(
airflow.exceptions.AirflowException: Bash command failed. The command returned a non-zero exit code 1.
[2026-05-11T19:31:47.231+0000] {taskinstance.py:1206} INFO - Marking task as FAILED. dag_id=moex_candles_loader, task_id=run_transfer, run_id=manual__2026-05-11T19:29:36.742168+00:00, execution_date=20260511T192936, start_date=20260511T193146, end_date=20260511T193147
[2026-05-11T19:31:47.248+0000] {standard_task_runner.py:110} ERROR - Failed to execute job 31 for task run_transfer (Bash command failed. The command returned a non-zero exit code 1.; 2807)
[2026-05-11T19:31:47.259+0000] {local_task_job_runner.py:243} INFO - Task exited with return code 1
[2026-05-11T19:31:47.295+0000] {taskinstance.py:3503} INFO - 0 downstream tasks scheduled from follow-on schedule check
[2026-05-11T19:31:47.305+0000] {local_task_job_runner.py:222} INFO - ::endgroup::
